2026-09-16 20:16:01,940 LT1-thread root DEBUG client.py                 1099  _run_test_case            : Starting TestCase _run_test_case GAP GAP/SEC/SEM/BV-66-C
2026-09-16 20:16:01,940 LT1-thread root DEBUG testcase.py               727   pre_run                   : pre_run GAP GAP/SEC/SEM/BV-66-C
2026-09-16 20:16:01,940 LT1-thread root DEBUG testcase.py               729   pre_run                   : About to run test case GAP GAP/SEC/SEM/BV-66-C with commands:
2026-09-16 20:16:01,940 LT1-thread root DEBUG testcase.py               731   pre_run                   : 0) class=<class 'autopts.ptsprojects.testcase.TestFunc'>, func=<bound method ZTestCase._test_case_start of <autopts.ptsprojects.zephyr.ztestcase.ZTestCase object at 0x000002A769EA66C0>> start_wid=None stop_wid=None post_wid=None skip_call=None call_count=0 args=() kwds={}
2026-09-16 20:16:01,941 LT1-thread root DEBUG testcase.py               731   pre_run                   : 1) class=<class 'autopts.ptsprojects.testcase.TestFunc'>, func=<function core_reg_svc_gap at 0x000002A7673C8720> start_wid=None stop_wid=None post_wid=None skip_call=None call_count=85 args=() kwds={}
2026-09-16 20:16:01,941 LT1-thread root DEBUG testcase.py               731   pre_run                   : 2) class=<class 'autopts.ptsprojects.testcase.TestFunc'>, func=<bound method Stack.gap_init of <autopts.ptsprojects.stack.stack.Stack object at 0x000002A768AF7AD0>> start_wid=None stop_wid=None post_wid=None skip_call=None call_count=85 args=(b'Tester_08E44E', 'ABCD', '1111', '1111', '11', '1111', b'\x17github.com/auto-pts', (8, 'PADV_Tester'), 'FF') kwds={}
2026-09-16 20:16:01,941 LT1-thread root DEBUG testcase.py               731   pre_run                   : 3) class=<class 'autopts.ptsprojects.testcase.TestFunc'>, func=<function gap_read_controller_info at 0x000002A7673E7560> start_wid=None stop_wid=None post_wid=None skip_call=None call_count=85 args=() kwds={}
2026-09-16 20:16:01,941 LT1-thread root DEBUG testcase.py               731   pre_run                   : 4) class=<class 'autopts.ptsprojects.testcase.TestFunc'>, func=<function test_cases.<locals>.<lambda> at 0x000002A769E5D6C0> start_wid=None stop_wid=None post_wid=None skip_call=None call_count=85 args=() kwds={}
2026-09-16 20:16:01,941 LT1-thread root DEBUG testcase.py               731   pre_run                   : 5) class=<class 'autopts.ptsprojects.testcase.TestFunc'>, func=<function test_cases.<locals>.<lambda> at 0x000002A769E5D760> start_wid=None stop_wid=None post_wid=None skip_call=None call_count=85 args=() kwds={}
2026-09-16 20:16:01,942 LT1-thread root DEBUG testcase.py               731   pre_run                   : 6) class=<class 'autopts.ptsprojects.testcase.TestFunc'>, func=<function test_cases.<locals>.<lambda> at 0x000002A769E5D800> start_wid=None stop_wid=None post_wid=None skip_call=None call_count=85 args=() kwds={}
2026-09-16 20:16:01,942 LT1-thread root DEBUG testcase.py               731   pre_run                   : 7) class=<class 'autopts.ptsprojects.testcase.TestFunc'>, func=<function test_cases.<locals>.<lambda> at 0x000002A769E5D8A0> start_wid=None stop_wid=None post_wid=None skip_call=None call_count=85 args=() kwds={}
2026-09-16 20:16:01,942 LT1-thread root DEBUG testcase.py               731   pre_run                   : 8) class=<class 'autopts.ptsprojects.testcase.TestFunc'>, func=<function test_cases.<locals>.<lambda> at 0x000002A769E5D940> start_wid=None stop_wid=None post_wid=None skip_call=None call_count=85 args=() kwds={}
2026-09-16 20:16:01,942 LT1-thread root DEBUG testcase.py               731   pre_run                   : 9) class=<class 'autopts.ptsprojects.testcase.TestFunc'>, func=<function test_cases.<locals>.<lambda> at 0x000002A769E5D9E0> start_wid=None stop_wid=None post_wid=None skip_call=None call_count=85 args=() kwds={}
2026-09-16 20:16:01,942 LT1-thread root DEBUG testcase.py               731   pre_run                   : 10) class=<class 'autopts.ptsprojects.testcase.TestFunc'>, func=<function test_cases.<locals>.<lambda> at 0x000002A769E5DA80> start_wid=None stop_wid=None post_wid=None skip_call=None call_count=85 args=() kwds={}
2026-09-16 20:16:01,942 LT1-thread root DEBUG testcase.py               731   pre_run                   : 11) class=<class 'autopts.ptsprojects.testcase.TestFunc'>, func=<function test_cases.<locals>.<lambda> at 0x000002A769E5DB20> start_wid=None stop_wid=None post_wid=None skip_call=None call_count=85 args=() kwds={}
2026-09-16 20:16:01,942 LT1-thread root DEBUG testcase.py               731   pre_run                   : 12) class=<class 'autopts.ptsprojects.testcase.TestFunc'>, func=<function test_cases.<locals>.<lambda> at 0x000002A769E5DBC0> start_wid=None stop_wid=None post_wid=None skip_call=None call_count=85 args=() kwds={}
2026-09-16 20:16:01,942 LT1-thread root DEBUG testcase.py               731   pre_run                   : 13) class=<class 'autopts.ptsprojects.testcase.TestFunc'>, func=<function test_cases.<locals>.<lambda> at 0x000002A769E5DC60> start_wid=None stop_wid=None post_wid=None skip_call=None call_count=85 args=() kwds={}
2026-09-16 20:16:01,942 LT1-thread root DEBUG testcase.py               731   pre_run                   : 14) class=<class 'autopts.ptsprojects.testcase.TestFunc'>, func=<function core_reg_svc_gatt at 0x000002A7673C8860> start_wid=None stop_wid=None post_wid=None skip_call=None call_count=85 args=() kwds={}
2026-09-16 20:16:01,942 LT1-thread root DEBUG testcase.py               731   pre_run                   : 15) class=<class 'autopts.ptsprojects.testcase.TestFunc'>, func=<bound method Stack.gatt_init of <autopts.ptsprojects.stack.stack.Stack object at 0x000002A768AF7AD0>> start_wid=None stop_wid=None post_wid=None skip_call=None call_count=85 args=() kwds={}
2026-09-16 20:16:01,942 LT1-thread root DEBUG testcase.py               731   pre_run                   : 16) class=<class 'autopts.ptsprojects.testcase.TestFunc'>, func=<function gap_set_io_capability at 0x000002A7673E6A20> start_wid=None stop_wid=None post_wid=None skip_call=None call_count=85 args=(4,) kwds={}
2026-09-16 20:16:01,942 LT1-thread root DEBUG testcase.py               731   pre_run                   : 17) class=<class 'autopts.ptsprojects.testcase.TestFunc'>, func=<function gap_set_broadcast_code at 0x000002A767408C20> start_wid=None stop_wid=None post_wid=None skip_call=None call_count=85 args=('0102680553F1415AA265BBAFC6EA03B8',) kwds={}
2026-09-16 20:16:01,942 LT1-thread root DEBUG testcase.py               731   pre_run                   : 18) class=<class 'autopts.ptsprojects.testcase.TestFunc'>, func=<function set_pts_addr at 0x000002A7673C82C0> start_wid=None stop_wid=None post_wid=None skip_call=None call_count=85 args=('00:1B:DC:08:E4:4E', 0) kwds={}
2026-09-16 20:16:01,942 LT1-thread root DEBUG testcase.py               731   pre_run                   : 19) class=<class 'autopts.ptsprojects.testcase.TestFunc'>, func=<function gatts_add_svc at 0x000002A7674122A0> start_wid=None stop_wid=None post_wid=None skip_call=None call_count=60 args=(0, 'AA51') kwds={}
2026-09-16 20:16:01,942 LT1-thread root DEBUG testcase.py               731   pre_run                   : 20) class=<class 'autopts.ptsprojects.testcase.TestFunc'>, func=<function gatts_add_char at 0x000002A7674123E0> start_wid=None stop_wid=None post_wid=None skip_call=None call_count=60 args=(0, 2, 17, 'AA52') kwds={}
2026-09-16 20:16:01,942 LT1-thread root DEBUG testcase.py               731   pre_run                   : 21) class=<class 'autopts.ptsprojects.testcase.TestFunc'>, func=<function gatts_set_val at 0x000002A767412480> start_wid=None stop_wid=None post_wid=None skip_call=None call_count=60 args=(0, '01') kwds={}
2026-09-16 20:16:01,943 LT1-thread root DEBUG testcase.py               731   pre_run                   : 22) class=<class 'autopts.ptsprojects.testcase.TestFunc'>, func=<function gatts_add_char at 0x000002A7674123E0> start_wid=None stop_wid=None post_wid=None skip_call=None call_count=60 args=(0, 2, 5, 'AA53') kwds={}
2026-09-16 20:16:01,943 LT1-thread root DEBUG testcase.py               731   pre_run                   : 23) class=<class 'autopts.ptsprojects.testcase.TestFunc'>, func=<function gatts_set_val at 0x000002A767412480> start_wid=None stop_wid=None post_wid=None skip_call=None call_count=60 args=(0, '02') kwds={}
2026-09-16 20:16:01,943 LT1-thread root DEBUG testcase.py               731   pre_run                   : 24) class=<class 'autopts.ptsprojects.testcase.TestFunc'>, func=<function gatts_add_char at 0x000002A7674123E0> start_wid=None stop_wid=None post_wid=None skip_call=None call_count=60 args=(0, 10, 48, 'AA55') kwds={}
2026-09-16 20:16:01,943 LT1-thread root DEBUG testcase.py               731   pre_run                   : 25) class=<class 'autopts.ptsprojects.testcase.TestFunc'>, func=<function gatts_set_val at 0x000002A767412480> start_wid=None stop_wid=None post_wid=None skip_call=None call_count=60 args=(0, '04') kwds={}
2026-09-16 20:16:01,943 LT1-thread root DEBUG testcase.py               731   pre_run                   : 26) class=<class 'autopts.ptsprojects.testcase.TestFunc'>, func=<function gatts_start_server at 0x000002A767412700> start_wid=None stop_wid=None post_wid=None skip_call=None call_count=60 args=() kwds={}
2026-09-16 20:16:01,943 LT1-thread root DEBUG testcase.py               731   pre_run                   : 27) class=<class 'autopts.ptsprojects.testcase.TestFuncCleanUp'>, func=<bound method ZTestCase._test_case_cleanup of <autopts.ptsprojects.zephyr.ztestcase.ZTestCase object at 0x000002A769EA66C0>> start_wid=None stop_wid=None post_wid=None skip_call=None call_count=0 args=() kwds={}
2026-09-16 20:16:01,943 LT1-thread root DEBUG testcase.py               738   pre_run                   : pre_run, run pre test case script
2026-09-16 20:16:01,951 LT1-thread root DEBUG testcase.py               254   start                     : Starting test function: class=<class 'autopts.ptsprojects.testcase.TestFunc'>, func=<bound method ZTestCase._test_case_start of <autopts.ptsprojects.zephyr.ztestcase.ZTestCase object at 0x000002A769EA66C0>> start_wid=None stop_wid=None post_wid=None skip_call=None call_count=1 args=() kwds={}
2026-09-16 20:16:01,951 LT1-thread root DEBUG testcase.py               266   start                     : Test function parameters: args=(), kwds={}
2026-09-16 20:16:01,951 LT1-thread root DEBUG iutctl.py                 172   start                     : <class 'autopts.ptsprojects.zephyr.iutctl.create_zephyr_ctl_class.<locals>.ZephyrCtl'>.start
2026-09-16 20:16:01,951 LT1-thread root DEBUG iutctl.py                 325   flush_serial              : <class 'autopts.ptsprojects.zephyr.iutctl.create_zephyr_ctl_class.<locals>.ZephyrCtl'>.flush_serial
2026-09-16 20:16:03,128 LT1-thread root DEBUG iutctl.py                 249   _start_tty_mode           : Starting socat process: socat.exe -x -v tcp:10.17.12.9:60229,retry=100,interval=1 /dev/ttyS2,raw,b115200,
2026-09-16 20:16:03,135 LT1-thread root DEBUG iutctl_common.py          402   accept                    : 
2026-09-16 20:16:03,210 BTPWorkerThread-1895 (_rx_task) root DEBUG iutctl_common.py          299   _rx_task                  : BTPWorkerThread-1895 (_rx_task) started
2026-09-16 20:16:03,211 LT1-thread root DEBUG iutctl.py                 395   wait_iut_ready_event      : IUT ready event received OK
2026-09-16 20:16:03,211 LT1-thread root DEBUG btp.py                    51    read_supp_svcs            : 
2026-09-16 20:16:03,211 LT1-thread root DEBUG iutctl_common.py          161   send                      : 0 2 255 ''
2026-09-16 20:16:03,211 LT1-thread root DEBUG iutctl_common.py          166   send                      : sending frame '0002ff0000'
2026-09-16 20:16:03,212 LT1-thread root DEBUG iutctl_common.py          339   read                      : 
2026-09-16 20:16:03,223 BTPWorkerThread-1895 (_rx_task) root DEBUG iutctl_common.py          123   read                      : Read 5 bytes
2026-09-16 20:16:03,228 BTPWorkerThread-1895 (_rx_task) root DEBUG iutctl_common.py          131   read                      : Received: hdr: Header(svc_id=0x00, op=0x02, ctrl_index=0xff, data_len=0x05) bytearray(b'\x00\x02\xff\x05\x00')
2026-09-16 20:16:03,228 BTPWorkerThread-1895 (_rx_task) root DEBUG iutctl_common.py          139   read                      : Read 5 bytes data
2026-09-16 20:16:03,228 BTPWorkerThread-1895 (_rx_task) root DEBUG iutctl_common.py          154   read                      : Received data: {'0f 00 00 a0 01'}, bytearray(b'\x0f\x00\x00\xa0\x01')
2026-09-16 20:16:03,233 LT1-thread root DEBUG btp.py                    62    read_supp_svcs            : received Header(svc_id=0, op=2, ctrl_index=255, data_len=5) (b'\x0f\x00\x00\xa0\x01',)
2026-09-16 20:16:03,233 LT1-thread root DEBUG testcase.py               254   start                     : Starting test function: class=<class 'autopts.ptsprojects.testcase.TestFunc'>, func=<function core_reg_svc_gap at 0x000002A7673C8720> start_wid=None stop_wid=None post_wid=None skip_call=None call_count=86 args=() kwds={}
2026-09-16 20:16:03,233 LT1-thread root DEBUG testcase.py               266   start                     : Test function parameters: args=(), kwds={}
2026-09-16 20:16:03,233 LT1-thread root DEBUG btp.py                    117   core_reg_svc_univ         : core_reg_svc_univ: gap_reg (GAP)
2026-09-16 20:16:03,233 LT1-thread root DEBUG iutctl_common.py          161   send                      : 0 3 255 '1'
2026-09-16 20:16:03,233 LT1-thread root DEBUG iutctl_common.py          166   send                      : sending frame '0003ff010001'
2026-09-16 20:16:03,234 LT1-thread root DEBUG btp.py                    618   core_reg_svc_rsp_succ     : 
2026-09-16 20:16:03,234 LT1-thread root DEBUG iutctl_common.py          339   read                      : 
2026-09-16 20:16:07,391 BTPWorkerThread-1895 (_rx_task) root DEBUG iutctl_common.py          123   read                      : Read 5 bytes
2026-09-16 20:16:07,403 BTPWorkerThread-1895 (_rx_task) root DEBUG iutctl_common.py          131   read                      : Received: hdr: Header(svc_id=0x00, op=0x03, ctrl_index=0xff, data_len=0x00) bytearray(b'\x00\x03\xff\x00\x00')
2026-09-16 20:16:07,403 BTPWorkerThread-1895 (_rx_task) root DEBUG iutctl_common.py          154   read                      : Received data: {''}, bytearray(b'')
2026-09-16 20:16:07,409 LT1-thread root DEBUG btp.py                    629   core_reg_svc_rsp_succ     : received Header(svc_id=0, op=3, ctrl_index=255, data_len=0) (b'',)
2026-09-16 20:16:07,409 LT1-thread root DEBUG btp.py                    630   core_reg_svc_rsp_succ     : expected ((0, 3, 255, 0), (b'',))
2026-09-16 20:16:07,409 LT1-thread root DEBUG btp.py                    635   core_reg_svc_rsp_succ     : response is valid
2026-09-16 20:16:07,409 LT1-thread root DEBUG btp.py                    638   core_reg_svc_rsp_succ     : Reading supported commands for service: GAP
2026-09-16 20:16:07,409 LT1-thread root DEBUG iutctl_common.py          161   send                      : 1 1 255 ''
2026-09-16 20:16:07,409 LT1-thread root DEBUG iutctl_common.py          166   send                      : sending frame '0101ff0000'
2026-09-16 20:16:07,410 LT1-thread root DEBUG iutctl_common.py          339   read                      : 
2026-09-16 20:16:07,452 BTPWorkerThread-1895 (_rx_task) root DEBUG iutctl_common.py          123   read                      : Read 5 bytes
2026-09-16 20:16:07,458 BTPWorkerThread-1895 (_rx_task) root DEBUG iutctl_common.py          131   read                      : Received: hdr: Header(svc_id=0x01, op=0x01, ctrl_index=0xff, data_len=0x07) bytearray(b'\x01\x01\xff\x07\x00')
2026-09-16 20:16:07,464 BTPWorkerThread-1895 (_rx_task) root DEBUG iutctl_common.py          139   read                      : Read 7 bytes data
2026-09-16 20:16:07,475 BTPWorkerThread-1895 (_rx_task) root DEBUG iutctl_common.py          154   read                      : Received data: {'6e ff 7f 1f fe ff 0e'}, bytearray(b'n\xff\x7f\x1f\xfe\xff\x0e')
2026-09-16 20:16:07,486 LT1-thread root DEBUG testcase.py               254   start                     : Starting test function: class=<class 'autopts.ptsprojects.testcase.TestFunc'>, func=<bound method Stack.gap_init of <autopts.ptsprojects.stack.stack.Stack object at 0x000002A768AF7AD0>> start_wid=None stop_wid=None post_wid=None skip_call=None call_count=86 args=(b'Tester_08E44E', 'ABCD', '1111', '1111', '11', '1111', b'\x17github.com/auto-pts', (8, 'PADV_Tester'), 'FF') kwds={}
2026-09-16 20:16:07,486 LT1-thread root DEBUG testcase.py               266   start                     : Test function parameters: args=(b'Tester_08E44E', 'ABCD', '1111', '1111', '11', '1111', b'\x17github.com/auto-pts', (8, 'PADV_Tester'), 'FF'), kwds={}
2026-09-16 20:16:07,487 LT1-thread root DEBUG testcase.py               254   start                     : Starting test function: class=<class 'autopts.ptsprojects.testcase.TestFunc'>, func=<function gap_read_controller_info at 0x000002A7673E7560> start_wid=None stop_wid=None post_wid=None skip_call=None call_count=86 args=() kwds={}
2026-09-16 20:16:07,487 LT1-thread root DEBUG testcase.py               266   start                     : Test function parameters: args=(), kwds={}
2026-09-16 20:16:07,487 LT1-thread root DEBUG gap.py                    1161  gap_read_controller_info  : 
2026-09-16 20:16:07,487 LT1-thread root DEBUG iutctl_common.py          161   send                      : 1 3 0 ''
2026-09-16 20:16:07,487 LT1-thread root DEBUG iutctl_common.py          166   send                      : sending frame '0103000000'
2026-09-16 20:16:07,487 LT1-thread root DEBUG iutctl_common.py          339   read                      : 
2026-09-16 20:16:07,529 BTPWorkerThread-1895 (_rx_task) root DEBUG iutctl_common.py          123   read                      : Read 5 bytes
2026-09-16 20:16:07,541 BTPWorkerThread-1895 (_rx_task) root DEBUG iutctl_common.py          131   read                      : Received: hdr: Header(svc_id=0x01, op=0x03, ctrl_index=0x00, data_len=0x115) bytearray(b'\x01\x03\x00\x15\x01')
2026-09-16 20:16:07,546 BTPWorkerThread-1895 (_rx_task) root DEBUG iutctl_common.py          139   read                      : Read 277 bytes data
2026-09-16 20:16:07,546 BTPWorkerThread-1895 (_rx_task) root DEBUG iutctl_common.py          154   read                      : Received data: {'19 78 ee 69 17 d0 d3 06 02 00 13 02 00 00 00 00 00 62 74 70 5f 74 65 73 74 65 72 00 00 00 00 00 00 00 00 00 00 00 00 00 00 00 00 00 00 00 00 00 00 00 00 00 00 00 00 00 00 00 00 00 00 00 00 00 00 00 00 00 00 00 00 00 00 00 00 00 00 00 00 00 00 00 00 00 00 00 00 00 00 00 00 00 00 00 00 00 00 00 00 00 00 00 00 00 00 00 00 00 00 00 00 00 00 00 00 00 00 00 00 00 00 00 00 00 00 00 00 00 00 00 00 00 00 00 00 00 00 00 00 00 00 00 00 00 00 00 00 00 00 00 00 00 00 00 00 00 00 00 00 00 00 00 00 00 00 00 00 00 00 00 00 00 00 00 00 00 00 00 00 00 00 00 00 00 00 00 00 00 00 00 00 00 00 00 00 00 00 00 00 00 00 00 00 00 00 00 00 00 00 00 00 00 00 00 00 00 00 00 00 00 00 00 00 00 00 00 00 00 00 00 00 00 00 00 00 00 00 00 00 00 00 00 00 00 00 00 00 00 00 00 00 00 00 00 00 00 00 00 00 00 00 00 00 00 00 00 00 00 00 00 00 00 00 00 00 00 00'}, bytearray(b'\x19x\xeei\x17\xd0\xd3\x06\x02\x00\x13\x02\x00\x00\x00\x00\x00btp_tester\x00\x00\x00\x00\x00\x00\x00\x00\x00\x00\x00\x00\x00\x00\x00\x00\x00\x00\x00\x00\x00\x00\x00\x00\x00\x00\x00\x00\x00\x00\x00\x00\x00\x00\x00\x00\x00\x00\x00\x00\x00\x00\x00\x00\x00\x00\x00\x00\x00\x00\x00\x00\x00\x00\x00\x00\x00\x00\x00\x00\x00\x00\x00\x00\x00\x00\x00\x00\x00\x00\x00\x00\x00\x00\x00\x00\x00\x00\x00\x00\x00\x00\x00\x00\x00\x00\x00\x00\x00\x00\x00\x00\x00\x00\x00\x00\x00\x00\x00\x00\x00\x00\x00\x00\x00\x00\x00\x00\x00\x00\x00\x00\x00\x00\x00\x00\x00\x00\x00\x00\x00\x00\x00\x00\x00\x00\x00\x00\x00\x00\x00\x00\x00\x00\x00\x00\x00\x00\x00\x00\x00\x00\x00\x00\x00\x00\x00\x00\x00\x00\x00\x00\x00\x00\x00\x00\x00\x00\x00\x00\x00\x00\x00\x00\x00\x00\x00\x00\x00\x00\x00\x00\x00\x00\x00\x00\x00\x00\x00\x00\x00\x00\x00\x00\x00\x00\x00\x00\x00\x00\x00\x00\x00\x00\x00\x00\x00\x00\x00\x00\x00\x00\x00\x00\x00\x00\x00\x00\x00\x00\x00\x00\x00\x00\x00\x00\x00\x00\x00\x00\x00\x00\x00\x00\x00\x00\x00\x00\x00\x00\x00\x00\x00\x00\x00\x00\x00\x00\x00\x00\x00\x00\x00\x00\x00\x00\x00\x00\x00\x00')
2026-09-16 20:16:07,546 LT1-thread root DEBUG gap.py                    1168  gap_read_controller_info  : received Header(svc_id=1, op=3, ctrl_index=0, data_len=277) (b'\x19x\xeei\x17\xd0\xd3\x06\x02\x00\x13\x02\x00\x00\x00\x00\x00btp_tester\x00\x00\x00\x00\x00\x00\x00\x00\x00\x00\x00\x00\x00\x00\x00\x00\x00\x00\x00\x00\x00\x00\x00\x00\x00\x00\x00\x00\x00\x00\x00\x00\x00\x00\x00\x00\x00\x00\x00\x00\x00\x00\x00\x00\x00\x00\x00\x00\x00\x00\x00\x00\x00\x00\x00\x00\x00\x00\x00\x00\x00\x00\x00\x00\x00\x00\x00\x00\x00\x00\x00\x00\x00\x00\x00\x00\x00\x00\x00\x00\x00\x00\x00\x00\x00\x00\x00\x00\x00\x00\x00\x00\x00\x00\x00\x00\x00\x00\x00\x00\x00\x00\x00\x00\x00\x00\x00\x00\x00\x00\x00\x00\x00\x00\x00\x00\x00\x00\x00\x00\x00\x00\x00\x00\x00\x00\x00\x00\x00\x00\x00\x00\x00\x00\x00\x00\x00\x00\x00\x00\x00\x00\x00\x00\x00\x00\x00\x00\x00\x00\x00\x00\x00\x00\x00\x00\x00\x00\x00\x00\x00\x00\x00\x00\x00\x00\x00\x00\x00\x00\x00\x00\x00\x00\x00\x00\x00\x00\x00\x00\x00\x00\x00\x00\x00\x00\x00\x00\x00\x00\x00\x00\x00\x00\x00\x00\x00\x00\x00\x00\x00\x00\x00\x00\x00\x00\x00\x00\x00\x00\x00\x00\x00\x00\x00\x00\x00\x00\x00\x00\x00\x00\x00\x00\x00\x00\x00\x00\x00\x00\x00\x00\x00\x00\x00\x00\x00\x00\x00\x00\x00\x00\x00\x00\x00\x00\x00\x00\x00\x00',)
2026-09-16 20:16:07,547 LT1-thread root DEBUG gap.py                    1189  gap_read_controller_info  : IUT address 'd01769ee7819' 'public'
2026-09-16 20:16:07,547 LT1-thread root DEBUG gap.py                    594   __gap_current_settings_update : 531
2026-09-16 20:16:07,547 LT1-thread root DEBUG testcase.py               254   start                     : Starting test function: class=<class 'autopts.ptsprojects.testcase.TestFunc'>, func=<function test_cases.<locals>.<lambda> at 0x000002A769E5D6C0> start_wid=None stop_wid=None post_wid=None skip_call=None call_count=86 args=() kwds={}
2026-09-16 20:16:07,547 LT1-thread root DEBUG testcase.py               266   start                     : Test function parameters: args=(), kwds={}
2026-09-16 20:16:07,556 LT1-thread root DEBUG testcase.py               254   start                     : Starting test function: class=<class 'autopts.ptsprojects.testcase.TestFunc'>, func=<function test_cases.<locals>.<lambda> at 0x000002A769E5D760> start_wid=None stop_wid=None post_wid=None skip_call=None call_count=86 args=() kwds={}
2026-09-16 20:16:07,557 LT1-thread root DEBUG testcase.py               266   start                     : Test function parameters: args=(), kwds={}
2026-09-16 20:16:07,566 LT1-thread root DEBUG testcase.py               254   start                     : Starting test function: class=<class 'autopts.ptsprojects.testcase.TestFunc'>, func=<function test_cases.<locals>.<lambda> at 0x000002A769E5D800> start_wid=None stop_wid=None post_wid=None skip_call=None call_count=86 args=() kwds={}
2026-09-16 20:16:07,566 LT1-thread root DEBUG testcase.py               266   start                     : Test function parameters: args=(), kwds={}
2026-09-16 20:16:07,576 LT1-thread root DEBUG testcase.py               254   start                     : Starting test function: class=<class 'autopts.ptsprojects.testcase.TestFunc'>, func=<function test_cases.<locals>.<lambda> at 0x000002A769E5D8A0> start_wid=None stop_wid=None post_wid=None skip_call=None call_count=86 args=() kwds={}
2026-09-16 20:16:07,576 LT1-thread root DEBUG testcase.py               266   start                     : Test function parameters: args=(), kwds={}
2026-09-16 20:16:07,585 LT1-thread root DEBUG testcase.py               254   start                     : Starting test function: class=<class 'autopts.ptsprojects.testcase.TestFunc'>, func=<function test_cases.<locals>.<lambda> at 0x000002A769E5D940> start_wid=None stop_wid=None post_wid=None skip_call=None call_count=86 args=() kwds={}
2026-09-16 20:16:07,585 LT1-thread root DEBUG testcase.py               266   start                     : Test function parameters: args=(), kwds={}
2026-09-16 20:16:07,595 LT1-thread root DEBUG testcase.py               254   start                     : Starting test function: class=<class 'autopts.ptsprojects.testcase.TestFunc'>, func=<function test_cases.<locals>.<lambda> at 0x000002A769E5D9E0> start_wid=None stop_wid=None post_wid=None skip_call=None call_count=86 args=() kwds={}
2026-09-16 20:16:07,595 LT1-thread root DEBUG testcase.py               266   start                     : Test function parameters: args=(), kwds={}
2026-09-16 20:16:07,604 LT1-thread root DEBUG testcase.py               254   start                     : Starting test function: class=<class 'autopts.ptsprojects.testcase.TestFunc'>, func=<function test_cases.<locals>.<lambda> at 0x000002A769E5DA80> start_wid=None stop_wid=None post_wid=None skip_call=None call_count=86 args=() kwds={}
2026-09-16 20:16:07,604 LT1-thread root DEBUG testcase.py               266   start                     : Test function parameters: args=(), kwds={}
2026-09-16 20:16:07,614 LT1-thread root DEBUG testcase.py               254   start                     : Starting test function: class=<class 'autopts.ptsprojects.testcase.TestFunc'>, func=<function test_cases.<locals>.<lambda> at 0x000002A769E5DB20> start_wid=None stop_wid=None post_wid=None skip_call=None call_count=86 args=() kwds={}
2026-09-16 20:16:07,614 LT1-thread root DEBUG testcase.py               266   start                     : Test function parameters: args=(), kwds={}
2026-09-16 20:16:07,623 LT1-thread root DEBUG testcase.py               254   start                     : Starting test function: class=<class 'autopts.ptsprojects.testcase.TestFunc'>, func=<function test_cases.<locals>.<lambda> at 0x000002A769E5DBC0> start_wid=None stop_wid=None post_wid=None skip_call=None call_count=86 args=() kwds={}
2026-09-16 20:16:07,623 LT1-thread root DEBUG testcase.py               266   start                     : Test function parameters: args=(), kwds={}
2026-09-16 20:16:07,633 LT1-thread root DEBUG testcase.py               254   start                     : Starting test function: class=<class 'autopts.ptsprojects.testcase.TestFunc'>, func=<function test_cases.<locals>.<lambda> at 0x000002A769E5DC60> start_wid=None stop_wid=None post_wid=None skip_call=None call_count=86 args=() kwds={}
2026-09-16 20:16:07,633 LT1-thread root DEBUG testcase.py               266   start                     : Test function parameters: args=(), kwds={}
2026-09-16 20:16:07,642 LT1-thread root DEBUG testcase.py               254   start                     : Starting test function: class=<class 'autopts.ptsprojects.testcase.TestFunc'>, func=<function core_reg_svc_gatt at 0x000002A7673C8860> start_wid=None stop_wid=None post_wid=None skip_call=None call_count=86 args=() kwds={}
2026-09-16 20:16:07,642 LT1-thread root DEBUG testcase.py               266   start                     : Test function parameters: args=(), kwds={}
2026-09-16 20:16:07,643 LT1-thread root DEBUG btp.py                    117   core_reg_svc_univ         : core_reg_svc_univ: gatt_reg (GATT)
2026-09-16 20:16:07,643 LT1-thread root DEBUG iutctl_common.py          161   send                      : 0 3 255 '2'
2026-09-16 20:16:07,643 LT1-thread root DEBUG iutctl_common.py          166   send                      : sending frame '0003ff010002'
2026-09-16 20:16:07,643 LT1-thread root DEBUG btp.py                    618   core_reg_svc_rsp_succ     : 
2026-09-16 20:16:07,643 LT1-thread root DEBUG iutctl_common.py          339   read                      : 
2026-09-16 20:16:07,678 BTPWorkerThread-1895 (_rx_task) root DEBUG iutctl_common.py          123   read                      : Read 5 bytes
2026-09-16 20:16:07,684 BTPWorkerThread-1895 (_rx_task) root DEBUG iutctl_common.py          131   read                      : Received: hdr: Header(svc_id=0x00, op=0x03, ctrl_index=0xff, data_len=0x00) bytearray(b'\x00\x03\xff\x00\x00')
2026-09-16 20:16:07,684 BTPWorkerThread-1895 (_rx_task) root DEBUG iutctl_common.py          154   read                      : Received data: {''}, bytearray(b'')
2026-09-16 20:16:07,690 LT1-thread root DEBUG btp.py                    629   core_reg_svc_rsp_succ     : received Header(svc_id=0, op=3, ctrl_index=255, data_len=0) (b'',)
2026-09-16 20:16:07,690 LT1-thread root DEBUG btp.py                    630   core_reg_svc_rsp_succ     : expected ((0, 3, 255, 0), (b'',))
2026-09-16 20:16:07,690 LT1-thread root DEBUG btp.py                    635   core_reg_svc_rsp_succ     : response is valid
2026-09-16 20:16:07,690 LT1-thread root DEBUG btp.py                    638   core_reg_svc_rsp_succ     : Reading supported commands for service: GATT
2026-09-16 20:16:07,690 LT1-thread root DEBUG iutctl_common.py          161   send                      : 2 1 255 ''
2026-09-16 20:16:07,690 LT1-thread root DEBUG iutctl_common.py          166   send                      : sending frame '0201ff0000'
2026-09-16 20:16:07,691 LT1-thread root DEBUG iutctl_common.py          339   read                      : 
2026-09-16 20:16:07,733 BTPWorkerThread-1895 (_rx_task) root DEBUG iutctl_common.py          123   read                      : Read 5 bytes
2026-09-16 20:16:07,745 BTPWorkerThread-1895 (_rx_task) root DEBUG iutctl_common.py          131   read                      : Received: hdr: Header(svc_id=0x02, op=0x01, ctrl_index=0xff, data_len=0x05) bytearray(b'\x02\x01\xff\x05\x00')
2026-09-16 20:16:07,750 BTPWorkerThread-1895 (_rx_task) root DEBUG iutctl_common.py          139   read                      : Read 5 bytes data
2026-09-16 20:16:07,761 BTPWorkerThread-1895 (_rx_task) root DEBUG iutctl_common.py          154   read                      : Received data: {'fe fe bf fd 0f'}, bytearray(b'\xfe\xfe\xbf\xfd\x0f')
2026-09-16 20:16:07,773 LT1-thread root DEBUG testcase.py               254   start                     : Starting test function: class=<class 'autopts.ptsprojects.testcase.TestFunc'>, func=<bound method Stack.gatt_init of <autopts.ptsprojects.stack.stack.Stack object at 0x000002A768AF7AD0>> start_wid=None stop_wid=None post_wid=None skip_call=None call_count=86 args=() kwds={}
2026-09-16 20:16:07,773 LT1-thread root DEBUG testcase.py               266   start                     : Test function parameters: args=(), kwds={}
2026-09-16 20:16:07,773 LT1-thread root DEBUG testcase.py               254   start                     : Starting test function: class=<class 'autopts.ptsprojects.testcase.TestFunc'>, func=<function gap_set_io_capability at 0x000002A7673E6A20> start_wid=None stop_wid=None post_wid=None skip_call=None call_count=86 args=(4,) kwds={}
2026-09-16 20:16:07,773 LT1-thread root DEBUG testcase.py               266   start                     : Test function parameters: args=(4,), kwds={}
2026-09-16 20:16:07,773 LT1-thread root DEBUG gap.py                    859   gap_set_io_capability     : 4
2026-09-16 20:16:07,774 LT1-thread root DEBUG iutctl_common.py          161   send                      : 1 16 0 '\x04'
2026-09-16 20:16:07,774 LT1-thread root DEBUG iutctl_common.py          166   send                      : sending frame '011000010004'
2026-09-16 20:16:07,774 LT1-thread root DEBUG gap.py                    1227  gap_command_rsp_succ      : 
2026-09-16 20:16:07,774 LT1-thread root DEBUG iutctl_common.py          339   read                      : 
2026-09-16 20:16:07,809 BTPWorkerThread-1895 (_rx_task) root DEBUG iutctl_common.py          123   read                      : Read 5 bytes
2026-09-16 20:16:07,820 BTPWorkerThread-1895 (_rx_task) root DEBUG iutctl_common.py          131   read                      : Received: hdr: Header(svc_id=0x01, op=0x10, ctrl_index=0x00, data_len=0x00) bytearray(b'\x01\x10\x00\x00\x00')
2026-09-16 20:16:07,831 BTPWorkerThread-1895 (_rx_task) root DEBUG iutctl_common.py          154   read                      : Received data: {''}, bytearray(b'')
2026-09-16 20:16:07,842 LT1-thread root DEBUG gap.py                    1232  gap_command_rsp_succ      : received Header(svc_id=1, op=16, ctrl_index=0, data_len=0) (b'',)
2026-09-16 20:16:07,842 LT1-thread root DEBUG testcase.py               254   start                     : Starting test function: class=<class 'autopts.ptsprojects.testcase.TestFunc'>, func=<function gap_set_broadcast_code at 0x000002A767408C20> start_wid=None stop_wid=None post_wid=None skip_call=None call_count=86 args=('0102680553F1415AA265BBAFC6EA03B8',) kwds={}
2026-09-16 20:16:07,842 LT1-thread root DEBUG testcase.py               266   start                     : Test function parameters: args=('0102680553F1415AA265BBAFC6EA03B8',), kwds={}
2026-09-16 20:16:07,842 LT1-thread root DEBUG gap.py                    1889  gap_set_broadcast_code    : '0102680553F1415AA265BBAFC6EA03B8'
2026-09-16 20:16:07,842 LT1-thread root DEBUG testcase.py               254   start                     : Starting test function: class=<class 'autopts.ptsprojects.testcase.TestFunc'>, func=<function set_pts_addr at 0x000002A7673C82C0> start_wid=None stop_wid=None post_wid=None skip_call=None call_count=86 args=('00:1B:DC:08:E4:4E', 0) kwds={}
2026-09-16 20:16:07,842 LT1-thread root DEBUG testcase.py               266   start                     : Test function parameters: args=('00:1B:DC:08:E4:4E', 0), kwds={}
2026-09-16 20:16:07,842 LT1-thread root DEBUG testcase.py               254   start                     : Starting test function: class=<class 'autopts.ptsprojects.testcase.TestFunc'>, func=<function gatts_add_svc at 0x000002A7674122A0> start_wid=None stop_wid=None post_wid=None skip_call=None call_count=61 args=(0, 'AA51') kwds={}
2026-09-16 20:16:07,843 LT1-thread root DEBUG testcase.py               266   start                     : Test function parameters: args=(0, 'AA51'), kwds={}
2026-09-16 20:16:07,843 LT1-thread root DEBUG gatt.py                   143   gatts_add_svc             : 0 'AA51'
2026-09-16 20:16:07,843 LT1-thread root DEBUG iutctl_common.py          161   send                      : 2 2 0 "bytearray(b'\\x00\\x02Q\\xaa')"
2026-09-16 20:16:07,843 LT1-thread root DEBUG iutctl_common.py          166   send                      : sending frame '0202000400000251aa'
2026-09-16 20:16:07,843 LT1-thread root DEBUG gatt.py                   1190  gatt_command_rsp_succ     : 
2026-09-16 20:16:07,843 LT1-thread root DEBUG iutctl_common.py          339   read                      : 
2026-09-16 20:16:07,881 BTPWorkerThread-1895 (_rx_task) root DEBUG iutctl_common.py          123   read                      : Read 5 bytes
2026-09-16 20:16:07,891 BTPWorkerThread-1895 (_rx_task) root DEBUG iutctl_common.py          131   read                      : Received: hdr: Header(svc_id=0x02, op=0x02, ctrl_index=0x00, data_len=0x02) bytearray(b'\x02\x02\x00\x02\x00')
2026-09-16 20:16:07,902 BTPWorkerThread-1895 (_rx_task) root DEBUG iutctl_common.py          139   read                      : Read 2 bytes data
2026-09-16 20:16:07,907 BTPWorkerThread-1895 (_rx_task) root DEBUG iutctl_common.py          154   read                      : Received data: {'00 00'}, bytearray(b'\x00\x00')
2026-09-16 20:16:07,913 LT1-thread root DEBUG gatt.py                   1195  gatt_command_rsp_succ     : received Header(svc_id=2, op=2, ctrl_index=0, data_len=2) (b'\x00\x00',)
2026-09-16 20:16:07,913 LT1-thread root DEBUG testcase.py               254   start                     : Starting test function: class=<class 'autopts.ptsprojects.testcase.TestFunc'>, func=<function gatts_add_char at 0x000002A7674123E0> start_wid=None stop_wid=None post_wid=None skip_call=None call_count=61 args=(0, 2, 17, 'AA52') kwds={}
2026-09-16 20:16:07,913 LT1-thread root DEBUG testcase.py               266   start                     : Test function parameters: args=(0, 2, 17, 'AA52'), kwds={}
2026-09-16 20:16:07,913 LT1-thread root DEBUG gatt.py                   177   gatts_add_char            : 0 2 17 'AA52'
2026-09-16 20:16:07,914 LT1-thread root DEBUG iutctl_common.py          161   send                      : 2 3 0 "bytearray(b'\\x00\\x00\\x02\\x11\\x02R\\xaa')"
2026-09-16 20:16:07,914 LT1-thread root DEBUG iutctl_common.py          166   send                      : sending frame '0203000700000002110252aa'
2026-09-16 20:16:07,914 LT1-thread root DEBUG gatt.py                   1190  gatt_command_rsp_succ     : 
2026-09-16 20:16:07,914 LT1-thread root DEBUG iutctl_common.py          339   read                      : 
2026-09-16 20:16:07,957 BTPWorkerThread-1895 (_rx_task) root DEBUG iutctl_common.py          123   read                      : Read 5 bytes
2026-09-16 20:16:07,968 BTPWorkerThread-1895 (_rx_task) root DEBUG iutctl_common.py          131   read                      : Received: hdr: Header(svc_id=0x02, op=0x03, ctrl_index=0x00, data_len=0x02) bytearray(b'\x02\x03\x00\x02\x00')
2026-09-16 20:16:07,989 BTPWorkerThread-1895 (_rx_task) root DEBUG iutctl_common.py          139   read                      : Read 2 bytes data
2026-09-16 20:16:08,000 BTPWorkerThread-1895 (_rx_task) root DEBUG iutctl_common.py          154   read                      : Received data: {'00 00'}, bytearray(b'\x00\x00')
2026-09-16 20:16:08,017 LT1-thread root DEBUG gatt.py                   1195  gatt_command_rsp_succ     : received Header(svc_id=2, op=3, ctrl_index=0, data_len=2) (b'\x00\x00',)
2026-09-16 20:16:08,017 LT1-thread root DEBUG testcase.py               254   start                     : Starting test function: class=<class 'autopts.ptsprojects.testcase.TestFunc'>, func=<function gatts_set_val at 0x000002A767412480> start_wid=None stop_wid=None post_wid=None skip_call=None call_count=61 args=(0, '01') kwds={}
2026-09-16 20:16:08,017 LT1-thread root DEBUG testcase.py               266   start                     : Test function parameters: args=(0, '01'), kwds={}
2026-09-16 20:16:08,017 LT1-thread root DEBUG gatt.py                   209   gatts_set_val             : 0 '01' 
2026-09-16 20:16:08,017 LT1-thread root DEBUG iutctl_common.py          161   send                      : 2 6 0 "bytearray(b'\\x00\\x00\\x01\\x00\\x01')"
2026-09-16 20:16:08,017 LT1-thread root DEBUG iutctl_common.py          166   send                      : sending frame '02060005000000010001'
2026-09-16 20:16:08,018 LT1-thread root DEBUG gatt.py                   1190  gatt_command_rsp_succ     : 
2026-09-16 20:16:08,018 LT1-thread root DEBUG iutctl_common.py          339   read                      : 
2026-09-16 20:16:08,050 BTPWorkerThread-1895 (_rx_task) root DEBUG iutctl_common.py          123   read                      : Read 5 bytes
2026-09-16 20:16:08,062 BTPWorkerThread-1895 (_rx_task) root DEBUG iutctl_common.py          131   read                      : Received: hdr: Header(svc_id=0x02, op=0x06, ctrl_index=0x00, data_len=0x00) bytearray(b'\x02\x06\x00\x00\x00')
2026-09-16 20:16:08,067 BTPWorkerThread-1895 (_rx_task) root DEBUG iutctl_common.py          154   read                      : Received data: {''}, bytearray(b'')
2026-09-16 20:16:08,072 LT1-thread root DEBUG gatt.py                   1195  gatt_command_rsp_succ     : received Header(svc_id=2, op=6, ctrl_index=0, data_len=0) (b'',)
2026-09-16 20:16:08,072 LT1-thread root DEBUG testcase.py               254   start                     : Starting test function: class=<class 'autopts.ptsprojects.testcase.TestFunc'>, func=<function gatts_add_char at 0x000002A7674123E0> start_wid=None stop_wid=None post_wid=None skip_call=None call_count=61 args=(0, 2, 5, 'AA53') kwds={}
2026-09-16 20:16:08,072 LT1-thread root DEBUG testcase.py               266   start                     : Test function parameters: args=(0, 2, 5, 'AA53'), kwds={}
2026-09-16 20:16:08,072 LT1-thread root DEBUG gatt.py                   177   gatts_add_char            : 0 2 5 'AA53'
2026-09-16 20:16:08,073 LT1-thread root DEBUG iutctl_common.py          161   send                      : 2 3 0 "bytearray(b'\\x00\\x00\\x02\\x05\\x02S\\xaa')"
2026-09-16 20:16:08,073 LT1-thread root DEBUG iutctl_common.py          166   send                      : sending frame '0203000700000002050253aa'
2026-09-16 20:16:08,073 LT1-thread root DEBUG gatt.py                   1190  gatt_command_rsp_succ     : 
2026-09-16 20:16:08,073 LT1-thread root DEBUG iutctl_common.py          339   read                      : 
2026-09-16 20:16:08,105 BTPWorkerThread-1895 (_rx_task) root DEBUG iutctl_common.py          123   read                      : Read 5 bytes
2026-09-16 20:16:08,116 BTPWorkerThread-1895 (_rx_task) root DEBUG iutctl_common.py          131   read                      : Received: hdr: Header(svc_id=0x02, op=0x03, ctrl_index=0x00, data_len=0x02) bytearray(b'\x02\x03\x00\x02\x00')
2026-09-16 20:16:08,121 BTPWorkerThread-1895 (_rx_task) root DEBUG iutctl_common.py          139   read                      : Read 2 bytes data
2026-09-16 20:16:08,132 BTPWorkerThread-1895 (_rx_task) root DEBUG iutctl_common.py          154   read                      : Received data: {'00 00'}, bytearray(b'\x00\x00')
2026-09-16 20:16:08,154 LT1-thread root DEBUG gatt.py                   1195  gatt_command_rsp_succ     : received Header(svc_id=2, op=3, ctrl_index=0, data_len=2) (b'\x00\x00',)
2026-09-16 20:16:08,154 LT1-thread root DEBUG testcase.py               254   start                     : Starting test function: class=<class 'autopts.ptsprojects.testcase.TestFunc'>, func=<function gatts_set_val at 0x000002A767412480> start_wid=None stop_wid=None post_wid=None skip_call=None call_count=61 args=(0, '02') kwds={}
2026-09-16 20:16:08,154 LT1-thread root DEBUG testcase.py               266   start                     : Test function parameters: args=(0, '02'), kwds={}
2026-09-16 20:16:08,155 LT1-thread root DEBUG gatt.py                   209   gatts_set_val             : 0 '02' 
2026-09-16 20:16:08,155 LT1-thread root DEBUG iutctl_common.py          161   send                      : 2 6 0 "bytearray(b'\\x00\\x00\\x01\\x00\\x02')"
2026-09-16 20:16:08,155 LT1-thread root DEBUG iutctl_common.py          166   send                      : sending frame '02060005000000010002'
2026-09-16 20:16:08,155 LT1-thread root DEBUG gatt.py                   1190  gatt_command_rsp_succ     : 
2026-09-16 20:16:08,155 LT1-thread root DEBUG iutctl_common.py          339   read                      : 
2026-09-16 20:16:08,199 BTPWorkerThread-1895 (_rx_task) root DEBUG iutctl_common.py          123   read                      : Read 5 bytes
2026-09-16 20:16:08,210 BTPWorkerThread-1895 (_rx_task) root DEBUG iutctl_common.py          131   read                      : Received: hdr: Header(svc_id=0x02, op=0x06, ctrl_index=0x00, data_len=0x00) bytearray(b'\x02\x06\x00\x00\x00')
2026-09-16 20:16:08,220 BTPWorkerThread-1895 (_rx_task) root DEBUG iutctl_common.py          154   read                      : Received data: {''}, bytearray(b'')
2026-09-16 20:16:08,230 LT1-thread root DEBUG gatt.py                   1195  gatt_command_rsp_succ     : received Header(svc_id=2, op=6, ctrl_index=0, data_len=0) (b'',)
2026-09-16 20:16:08,230 LT1-thread root DEBUG testcase.py               254   start                     : Starting test function: class=<class 'autopts.ptsprojects.testcase.TestFunc'>, func=<function gatts_add_char at 0x000002A7674123E0> start_wid=None stop_wid=None post_wid=None skip_call=None call_count=61 args=(0, 10, 48, 'AA55') kwds={}
2026-09-16 20:16:08,230 LT1-thread root DEBUG testcase.py               266   start                     : Test function parameters: args=(0, 10, 48, 'AA55'), kwds={}
2026-09-16 20:16:08,230 LT1-thread root DEBUG gatt.py                   177   gatts_add_char            : 0 10 48 'AA55'
2026-09-16 20:16:08,230 LT1-thread root DEBUG iutctl_common.py          161   send                      : 2 3 0 "bytearray(b'\\x00\\x00\\n0\\x02U\\xaa')"
2026-09-16 20:16:08,230 LT1-thread root DEBUG iutctl_common.py          166   send                      : sending frame '020300070000000a300255aa'
2026-09-16 20:16:08,231 LT1-thread root DEBUG gatt.py                   1190  gatt_command_rsp_succ     : 
2026-09-16 20:16:08,231 LT1-thread root DEBUG iutctl_common.py          339   read                      : 
2026-09-16 20:16:08,259 BTPWorkerThread-1895 (_rx_task) root DEBUG iutctl_common.py          123   read                      : Read 5 bytes
2026-09-16 20:16:08,270 BTPWorkerThread-1895 (_rx_task) root DEBUG iutctl_common.py          131   read                      : Received: hdr: Header(svc_id=0x02, op=0x03, ctrl_index=0x00, data_len=0x02) bytearray(b'\x02\x03\x00\x02\x00')
2026-09-16 20:16:08,270 BTPWorkerThread-1895 (_rx_task) root DEBUG iutctl_common.py          139   read                      : Read 2 bytes data
2026-09-16 20:16:08,275 BTPWorkerThread-1895 (_rx_task) root DEBUG iutctl_common.py          154   read                      : Received data: {'00 00'}, bytearray(b'\x00\x00')
2026-09-16 20:16:08,287 LT1-thread root DEBUG gatt.py                   1195  gatt_command_rsp_succ     : received Header(svc_id=2, op=3, ctrl_index=0, data_len=2) (b'\x00\x00',)
2026-09-16 20:16:08,287 LT1-thread root DEBUG testcase.py               254   start                     : Starting test function: class=<class 'autopts.ptsprojects.testcase.TestFunc'>, func=<function gatts_set_val at 0x000002A767412480> start_wid=None stop_wid=None post_wid=None skip_call=None call_count=61 args=(0, '04') kwds={}
2026-09-16 20:16:08,287 LT1-thread root DEBUG testcase.py               266   start                     : Test function parameters: args=(0, '04'), kwds={}
2026-09-16 20:16:08,288 LT1-thread root DEBUG gatt.py                   209   gatts_set_val             : 0 '04' 
2026-09-16 20:16:08,288 LT1-thread root DEBUG iutctl_common.py          161   send                      : 2 6 0 "bytearray(b'\\x00\\x00\\x01\\x00\\x04')"
2026-09-16 20:16:08,288 LT1-thread root DEBUG iutctl_common.py          166   send                      : sending frame '02060005000000010004'
2026-09-16 20:16:08,288 LT1-thread root DEBUG gatt.py                   1190  gatt_command_rsp_succ     : 
2026-09-16 20:16:08,288 LT1-thread root DEBUG iutctl_common.py          339   read                      : 
2026-09-16 20:16:08,325 BTPWorkerThread-1895 (_rx_task) root DEBUG iutctl_common.py          123   read                      : Read 5 bytes
2026-09-16 20:16:08,331 BTPWorkerThread-1895 (_rx_task) root DEBUG iutctl_common.py          131   read                      : Received: hdr: Header(svc_id=0x02, op=0x06, ctrl_index=0x00, data_len=0x00) bytearray(b'\x02\x06\x00\x00\x00')
2026-09-16 20:16:08,337 BTPWorkerThread-1895 (_rx_task) root DEBUG iutctl_common.py          154   read                      : Received data: {''}, bytearray(b'')
2026-09-16 20:16:08,348 LT1-thread root DEBUG gatt.py                   1195  gatt_command_rsp_succ     : received Header(svc_id=2, op=6, ctrl_index=0, data_len=0) (b'',)
2026-09-16 20:16:08,348 LT1-thread root DEBUG testcase.py               254   start                     : Starting test function: class=<class 'autopts.ptsprojects.testcase.TestFunc'>, func=<function gatts_start_server at 0x000002A767412700> start_wid=None stop_wid=None post_wid=None skip_call=None call_count=61 args=() kwds={}
2026-09-16 20:16:08,348 LT1-thread root DEBUG testcase.py               266   start                     : Test function parameters: args=(), kwds={}
2026-09-16 20:16:08,348 LT1-thread root DEBUG gatt.py                   306   gatts_start_server        : 
2026-09-16 20:16:08,348 LT1-thread root DEBUG iutctl_common.py          161   send                      : 2 7 0 ''
2026-09-16 20:16:08,348 LT1-thread root DEBUG iutctl_common.py          166   send                      : sending frame '0207000000'
2026-09-16 20:16:08,349 LT1-thread root DEBUG gatt.py                   1190  gatt_command_rsp_succ     : 
2026-09-16 20:16:08,349 LT1-thread root DEBUG iutctl_common.py          339   read                      : 
2026-09-16 20:16:08,385 BTPWorkerThread-1895 (_rx_task) root DEBUG iutctl_common.py          123   read                      : Read 5 bytes
2026-09-16 20:16:08,396 BTPWorkerThread-1895 (_rx_task) root DEBUG iutctl_common.py          131   read                      : Received: hdr: Header(svc_id=0x02, op=0x07, ctrl_index=0x00, data_len=0x03) bytearray(b'\x02\x07\x00\x03\x00')
2026-09-16 20:16:08,402 BTPWorkerThread-1895 (_rx_task) root DEBUG iutctl_common.py          139   read                      : Read 3 bytes data
2026-09-16 20:16:08,412 BTPWorkerThread-1895 (_rx_task) root DEBUG iutctl_common.py          154   read                      : Received data: {'00 00 00'}, bytearray(b'\x00\x00\x00')
2026-09-16 20:16:08,412 LT1-thread root DEBUG gatt.py                   1195  gatt_command_rsp_succ     : received Header(svc_id=2, op=7, ctrl_index=0, data_len=3) (b'\x00\x00\x00',)
2026-09-16 20:16:08,414 LT1-thread root DEBUG client.py                 276   get_result                : ClientCallback.get_result run_test_case
2026-09-16 20:16:10,821 LT1-callback ClientCallback.on_implicit_send INFO client.py                 223   on_implicit_send          : 
    ********************
    BEGIN OnImplicitSend:
    project_name: GAP
    wid: 241
    test_case_name: GAP/SEC/SEM/BV-66-C
    description: Please configures the IUT into LE Security Mode 1 Level 3. Press OK to continue.
    style: MMI_Style_Ok_Cancel1 0x11041
2026-09-16 20:16:10,821 LT1-callback ClientCallback.on_implicit_send INFO client.py                 236   on_implicit_send          : Calling test cases on_implicit_send
2026-09-16 20:16:10,821 LT1-callback ClientCallback.on_implicit_send INFO client.py                 249   on_implicit_send          : 
    on_implicit_send returned response: WAIT
    END OnImplicitSend
    ********************
2026-09-16 20:16:11,417 LT1-thread root DEBUG testcase.py               679   run_wid                   : GAP GAP/SEC/SEM/BV-66-C on_implicit_send
2026-09-16 20:16:11,417 LT1-thread root DEBUG gap_wid.py                26    gap_wid_hdl               : gap_wid_hdl, 241, Please configures the IUT into LE Security Mode 1 Level 3. Press OK to continue., GAP/SEC/SEM/BV-66-C
2026-09-16 20:16:11,417 LT1-thread root DEBUG gap.py                    859   gap_set_io_capability     : 4
2026-09-16 20:16:11,417 LT1-thread root DEBUG iutctl_common.py          161   send                      : 1 16 0 '\x04'
2026-09-16 20:16:11,417 LT1-thread root DEBUG iutctl_common.py          166   send                      : sending frame '011000010004'
2026-09-16 20:16:11,418 LT1-thread root DEBUG gap.py                    1227  gap_command_rsp_succ      : 
2026-09-16 20:16:11,418 LT1-thread root DEBUG iutctl_common.py          339   read                      : 
2026-09-16 20:16:11,452 BTPWorkerThread-1895 (_rx_task) root DEBUG iutctl_common.py          123   read                      : Read 5 bytes
2026-09-16 20:16:11,464 BTPWorkerThread-1895 (_rx_task) root DEBUG iutctl_common.py          131   read                      : Received: hdr: Header(svc_id=0x01, op=0x10, ctrl_index=0x00, data_len=0x00) bytearray(b'\x01\x10\x00\x00\x00')
2026-09-16 20:16:11,475 BTPWorkerThread-1895 (_rx_task) root DEBUG iutctl_common.py          154   read                      : Received data: {''}, bytearray(b'')
2026-09-16 20:16:11,485 LT1-thread root DEBUG gap.py                    1232  gap_command_rsp_succ      : received Header(svc_id=1, op=16, ctrl_index=0, data_len=0) (b'',)
2026-09-16 20:16:11,485 LT1-thread root DEBUG testcase.py               722   run_wid                   : Sending response 'OK' to wid 241 test case GAP/SEC/SEM/BV-66-C
2026-09-16 20:16:11,487 LT1-thread root DEBUG client.py                 276   get_result                : ClientCallback.get_result run_test_case
2026-09-16 20:16:15,702 LT1-callback ClientCallback.on_implicit_send INFO client.py                 223   on_implicit_send          : 
    ********************
    BEGIN OnImplicitSend:
    project_name: GAP
    wid: 78
    test_case_name: GAP/SEC/SEM/BV-66-C
    description: Please send an LE connect request to establish a connection.
    style: MMI_Style_Ok_Cancel2 0x11141
2026-09-16 20:16:15,702 LT1-callback ClientCallback.on_implicit_send INFO client.py                 236   on_implicit_send          : Calling test cases on_implicit_send
2026-09-16 20:16:15,702 LT1-callback ClientCallback.on_implicit_send INFO client.py                 249   on_implicit_send          : 
    on_implicit_send returned response: WAIT
    END OnImplicitSend
    ********************
2026-09-16 20:16:16,490 LT1-thread root DEBUG testcase.py               679   run_wid                   : GAP GAP/SEC/SEM/BV-66-C on_implicit_send
2026-09-16 20:16:16,490 LT1-thread root DEBUG gap_wid.py                26    gap_wid_hdl               : gap_wid_hdl, 78, Please send an LE connect request to establish a connection., GAP/SEC/SEM/BV-66-C
2026-09-16 20:16:16,490 LT1-thread root DEBUG gap.py                    760   gap_connect               : None None
2026-09-16 20:16:16,490 LT1-thread root DEBUG iutctl_common.py          161   send                      : 1 14 0 "bytearray(b'\\x00N\\xe4\\x08\\xdc\\x1b\\x00\\x00')"
2026-09-16 20:16:16,490 LT1-thread root DEBUG iutctl_common.py          166   send                      : sending frame '010e000800004ee408dc1b0000'
2026-09-16 20:16:16,490 LT1-thread root DEBUG iutctl_common.py          339   read                      : 
2026-09-16 20:16:16,527 BTPWorkerThread-1895 (_rx_task) root DEBUG iutctl_common.py          123   read                      : Read 5 bytes
2026-09-16 20:16:16,537 BTPWorkerThread-1895 (_rx_task) root DEBUG iutctl_common.py          131   read                      : Received: hdr: Header(svc_id=0x01, op=0x0e, ctrl_index=0x00, data_len=0x00) bytearray(b'\x01\x0e\x00\x00\x00')
2026-09-16 20:16:16,543 BTPWorkerThread-1895 (_rx_task) root DEBUG iutctl_common.py          154   read                      : Received data: {''}, bytearray(b'')
2026-09-16 20:16:16,543 LT1-thread root DEBUG testcase.py               722   run_wid                   : Sending response 'OK' to wid 78 test case GAP/SEC/SEM/BV-66-C
2026-09-16 20:16:16,545 LT1-thread root DEBUG client.py                 276   get_result                : ClientCallback.get_result run_test_case
2026-09-16 20:16:16,571 BTPWorkerThread-1895 (_rx_task) root DEBUG iutctl_common.py          123   read                      : Read 5 bytes
2026-09-16 20:16:16,571 BTPWorkerThread-1895 (_rx_task) root DEBUG iutctl_common.py          131   read                      : Received: hdr: Header(svc_id=0x01, op=0x82, ctrl_index=0x00, data_len=0x0d) bytearray(b'\x01\x82\x00\r\x00')
2026-09-16 20:16:16,572 BTPWorkerThread-1895 (_rx_task) root DEBUG iutctl_common.py          139   read                      : Read 13 bytes data
2026-09-16 20:16:16,573 LT1-callback ClientCallback.on_implicit_send INFO client.py                 223   on_implicit_send          : 
    ********************
    BEGIN OnImplicitSend:
    project_name: GAP
    wid: 108
    test_case_name: GAP/SEC/SEM/BV-66-C
    description: Please start the Bonding Procedure in bondable mode.
    style: MMI_Style_Ok_Cancel2 0x11141
2026-09-16 20:16:16,573 LT1-callback ClientCallback.on_implicit_send INFO client.py                 236   on_implicit_send          : Calling test cases on_implicit_send
2026-09-16 20:16:16,573 LT1-callback ClientCallback.on_implicit_send INFO client.py                 249   on_implicit_send          : 
    on_implicit_send returned response: WAIT
    END OnImplicitSend
    ********************
2026-09-16 20:16:16,573 BTPWorkerThread-1895 (_rx_task) root DEBUG iutctl_common.py          154   read                      : Received data: {'00 4e e4 08 dc 1b 00 24 00 00 00 90 01'}, bytearray(b'\x00N\xe4\x08\xdc\x1b\x00$\x00\x00\x00\x90\x01')
2026-09-16 20:16:16,574 BTPWorkerThread-1895 (_rx_task) root DEBUG btp.py                    700   event_handler             : Header(svc_id=1, op=130, ctrl_index=0, data_len=13) (b'\x00N\xe4\x08\xdc\x1b\x00$\x00\x00\x00\x90\x01',)
2026-09-16 20:16:16,574 BTPWorkerThread-1895 (_rx_task) root DEBUG gap.py                    213   gap_connected_ev_         : b'\x00N\xe4\x08\xdc\x1b\x00$\x00\x00\x00\x90\x01'
2026-09-16 20:16:17,546 LT1-thread root DEBUG testcase.py               679   run_wid                   : GAP GAP/SEC/SEM/BV-66-C on_implicit_send
2026-09-16 20:16:17,546 LT1-thread root DEBUG gap_wid.py                26    gap_wid_hdl               : gap_wid_hdl, 108, Please start the Bonding Procedure in bondable mode., GAP/SEC/SEM/BV-66-C
2026-09-16 20:16:17,546 LT1-thread root DEBUG gap.py                    871   gap_pair                  : None None
2026-09-16 20:16:17,546 LT1-thread root DEBUG iutctl_common.py          161   send                      : 1 17 0 "bytearray(b'\\x00N\\xe4\\x08\\xdc\\x1b\\x00')"
2026-09-16 20:16:17,546 LT1-thread root DEBUG iutctl_common.py          166   send                      : sending frame '0111000700004ee408dc1b00'
2026-09-16 20:16:17,547 LT1-thread root DEBUG gap.py                    1227  gap_command_rsp_succ      : 
2026-09-16 20:16:17,547 LT1-thread root DEBUG iutctl_common.py          339   read                      : 
2026-09-16 20:16:17,585 BTPWorkerThread-1895 (_rx_task) root DEBUG iutctl_common.py          123   read                      : Read 5 bytes
2026-09-16 20:16:17,602 BTPWorkerThread-1895 (_rx_task) root DEBUG iutctl_common.py          131   read                      : Received: hdr: Header(svc_id=0x01, op=0x11, ctrl_index=0x00, data_len=0x00) bytearray(b'\x01\x11\x00\x00\x00')
2026-09-16 20:16:17,614 BTPWorkerThread-1895 (_rx_task) root DEBUG iutctl_common.py          154   read                      : Received data: {''}, bytearray(b'')
2026-09-16 20:16:17,625 LT1-thread root DEBUG gap.py                    1232  gap_command_rsp_succ      : received Header(svc_id=1, op=17, ctrl_index=0, data_len=0) (b'',)
2026-09-16 20:16:17,625 LT1-thread root DEBUG testcase.py               722   run_wid                   : Sending response 'OK' to wid 108 test case GAP/SEC/SEM/BV-66-C
2026-09-16 20:16:17,627 LT1-thread root DEBUG client.py                 276   get_result                : ClientCallback.get_result run_test_case
2026-09-16 20:16:17,629 LT1-callback ClientCallback.on_implicit_send INFO client.py                 223   on_implicit_send          : 
    ********************
    BEGIN OnImplicitSend:
    project_name: GAP
    wid: 2000
    test_case_name: GAP/SEC/SEM/BV-66-C
    description: Please enter the secure ID.
    style: MMI_Style_Edit1 0x12040
2026-09-16 20:16:17,629 LT1-callback ClientCallback.on_implicit_send INFO client.py                 236   on_implicit_send          : Calling test cases on_implicit_send
2026-09-16 20:16:17,629 LT1-callback ClientCallback.on_implicit_send INFO client.py                 249   on_implicit_send          : 
    on_implicit_send returned response: WAIT
    END OnImplicitSend
    ********************
2026-09-16 20:16:17,643 BTPWorkerThread-1895 (_rx_task) root DEBUG iutctl_common.py          123   read                      : Read 5 bytes
2026-09-16 20:16:17,644 BTPWorkerThread-1895 (_rx_task) root DEBUG iutctl_common.py          131   read                      : Received: hdr: Header(svc_id=0x01, op=0x84, ctrl_index=0x00, data_len=0x0b) bytearray(b'\x01\x84\x00\x0b\x00')
2026-09-16 20:16:17,644 BTPWorkerThread-1895 (_rx_task) root DEBUG iutctl_common.py          139   read                      : Read 11 bytes data
2026-09-16 20:16:17,644 BTPWorkerThread-1895 (_rx_task) root DEBUG iutctl_common.py          154   read                      : Received data: {'00 4e e4 08 dc 1b 00 fd 54 05 00'}, bytearray(b'\x00N\xe4\x08\xdc\x1b\x00\xfdT\x05\x00')
2026-09-16 20:16:17,644 BTPWorkerThread-1895 (_rx_task) root DEBUG btp.py                    700   event_handler             : Header(svc_id=1, op=132, ctrl_index=0, data_len=11) (b'\x00N\xe4\x08\xdc\x1b\x00\xfdT\x05\x00',)
2026-09-16 20:16:17,644 BTPWorkerThread-1895 (_rx_task) root DEBUG gap.py                    236   gap_passkey_disp_ev_      : b'\x00N\xe4\x08\xdc\x1b\x00\xfdT\x05\x00'
2026-09-16 20:16:17,644 BTPWorkerThread-1895 (_rx_task) root DEBUG gap.py                    247   gap_passkey_disp_ev_      : passkey = '349437'
2026-09-16 20:16:18,628 LT1-thread root DEBUG testcase.py               679   run_wid                   : GAP GAP/SEC/SEM/BV-66-C on_implicit_send
2026-09-16 20:16:18,628 LT1-thread root DEBUG gap_wid.py                26    gap_wid_hdl               : gap_wid_hdl, 2000, Please enter the secure ID., GAP/SEC/SEM/BV-66-C
2026-09-16 20:16:18,628 LT1-thread root DEBUG testcase.py               722   run_wid                   : Sending response '349437' to wid 2000 test case GAP/SEC/SEM/BV-66-C
2026-09-16 20:16:18,630 LT1-thread root DEBUG client.py                 276   get_result                : ClientCallback.get_result run_test_case
2026-09-16 20:16:18,943 BTPWorkerThread-1895 (_rx_task) root DEBUG iutctl_common.py          123   read                      : Read 5 bytes
2026-09-16 20:16:18,943 BTPWorkerThread-1895 (_rx_task) root DEBUG iutctl_common.py          131   read                      : Received: hdr: Header(svc_id=0x01, op=0x91, ctrl_index=0x00, data_len=0x09) bytearray(b'\x01\x91\x00\t\x00')
2026-09-16 20:16:18,943 BTPWorkerThread-1895 (_rx_task) root DEBUG iutctl_common.py          139   read                      : Read 9 bytes data
2026-09-16 20:16:18,943 BTPWorkerThread-1895 (_rx_task) root DEBUG iutctl_common.py          154   read                      : Received data: {'00 4e e4 08 dc 1b 00 01 10'}, bytearray(b'\x00N\xe4\x08\xdc\x1b\x00\x01\x10')
2026-09-16 20:16:18,944 BTPWorkerThread-1895 (_rx_task) root DEBUG btp.py                    700   event_handler             : Header(svc_id=1, op=145, ctrl_index=0, data_len=9) (b'\x00N\xe4\x08\xdc\x1b\x00\x01\x10',)
2026-09-16 20:16:18,944 BTPWorkerThread-1895 (_rx_task) root DEBUG gap.py                    492   gap_encryption_change_ev_ : 
2026-09-16 20:16:18,944 BTPWorkerThread-1895 (_rx_task) root DEBUG gap.py                    494   gap_encryption_change_ev_ : enc change received b'\x00N\xe4\x08\xdc\x1b\x00\x01\x10'
2026-09-16 20:16:18,944 BTPWorkerThread-1895 (_rx_task) root DEBUG gap.py                    503   gap_encryption_change_ev_ : received (0, '001bdc08e44e', 1, 16)
2026-09-16 20:16:18,944 BTPWorkerThread-1895 (_rx_task) root DEBUG iutctl_common.py          123   read                      : Read 5 bytes
2026-09-16 20:16:18,944 BTPWorkerThread-1895 (_rx_task) root DEBUG iutctl_common.py          131   read                      : Received: hdr: Header(svc_id=0x01, op=0x89, ctrl_index=0x00, data_len=0x08) bytearray(b'\x01\x89\x00\x08\x00')
2026-09-16 20:16:18,944 BTPWorkerThread-1895 (_rx_task) root DEBUG iutctl_common.py          139   read                      : Read 8 bytes data
2026-09-16 20:16:18,944 BTPWorkerThread-1895 (_rx_task) root DEBUG iutctl_common.py          154   read                      : Received data: {'00 4e e4 08 dc 1b 00 02'}, bytearray(b'\x00N\xe4\x08\xdc\x1b\x00\x02')
2026-09-16 20:16:18,944 BTPWorkerThread-1895 (_rx_task) root DEBUG btp.py                    700   event_handler             : Header(svc_id=1, op=137, ctrl_index=0, data_len=8) (b'\x00N\xe4\x08\xdc\x1b\x00\x02',)
2026-09-16 20:16:18,945 BTPWorkerThread-1895 (_rx_task) root DEBUG gap.py                    298   gap_sec_level_changed_ev_ : 
2026-09-16 20:16:18,945 BTPWorkerThread-1895 (_rx_task) root DEBUG gap.py                    300   gap_sec_level_changed_ev_ : received b'\x00N\xe4\x08\xdc\x1b\x00\x02'
2026-09-16 20:16:18,945 BTPWorkerThread-1895 (_rx_task) root DEBUG gap.py                    311   gap_sec_level_changed_ev_ : received (0, '001bdc08e44e', 2)
2026-09-16 20:16:21,577 LT1-callback ClientCallback.on_implicit_send INFO client.py                 223   on_implicit_send          : 
    ********************
    BEGIN OnImplicitSend:
    project_name: GAP
    wid: 235
    test_case_name: GAP/SEC/SEM/BV-66-C
    description: Please send ATT_WRITE_REQUEST to handle 0x000D with CCCD set to 0x0001 to enable notification. Discover services if needed.
    style: MMI_Style_Ok_Cancel2 0x11141
2026-09-16 20:16:21,577 LT1-callback ClientCallback.on_implicit_send INFO client.py                 236   on_implicit_send          : Calling test cases on_implicit_send
2026-09-16 20:16:21,577 LT1-callback ClientCallback.on_implicit_send INFO client.py                 249   on_implicit_send          : 
    on_implicit_send returned response: WAIT
    END OnImplicitSend
    ********************
2026-09-16 20:16:21,632 LT1-thread root DEBUG testcase.py               679   run_wid                   : GAP GAP/SEC/SEM/BV-66-C on_implicit_send
2026-09-16 20:16:21,632 LT1-thread root DEBUG gap_wid.py                26    gap_wid_hdl               : gap_wid_hdl, 235, Please send ATT_WRITE_REQUEST to handle 0x000D with CCCD set to 0x0001 to enable notification. Discover services if needed., GAP/SEC/SEM/BV-66-C
2026-09-16 20:16:21,632 LT1-thread root DEBUG gatt.py                   1110  gattc_cfg_notify          : 0 '001bdc08e44e', 1, '000D'
2026-09-16 20:16:21,632 LT1-thread root DEBUG iutctl_common.py          161   send                      : 2 26 0 "bytearray(b'\\x00N\\xe4\\x08\\xdc\\x1b\\x00\\x01\\r\\x00')"
2026-09-16 20:16:21,632 LT1-thread root DEBUG iutctl_common.py          166   send                      : sending frame '021a000a00004ee408dc1b00010d00'
2026-09-16 20:16:21,633 LT1-thread root DEBUG iutctl_common.py          339   read                      : 
2026-09-16 20:16:21,929 BTPWorkerThread-1895 (_rx_task) root DEBUG iutctl_common.py          123   read                      : Read 5 bytes
2026-09-16 20:16:21,941 BTPWorkerThread-1895 (_rx_task) root DEBUG iutctl_common.py          131   read                      : Received: hdr: Header(svc_id=0x02, op=0x1a, ctrl_index=0x00, data_len=0x00) bytearray(b'\x02\x1a\x00\x00\x00')
2026-09-16 20:16:21,952 BTPWorkerThread-1895 (_rx_task) root DEBUG iutctl_common.py          154   read                      : Received data: {''}, bytearray(b'')
2026-09-16 20:16:21,968 LT1-thread root DEBUG gatt.py                   1131  gattc_cfg_notify          : received Header(svc_id=2, op=26, ctrl_index=0, data_len=0) (b'',)
2026-09-16 20:16:21,968 LT1-thread root DEBUG testcase.py               722   run_wid                   : Sending response 'OK' to wid 235 test case GAP/SEC/SEM/BV-66-C
2026-09-16 20:16:21,970 LT1-thread root DEBUG client.py                 276   get_result                : ClientCallback.get_result run_test_case
2026-09-16 20:16:21,972 LT1-callback ClientCallback.on_implicit_send INFO client.py                 223   on_implicit_send          : 
    ********************
    BEGIN OnImplicitSend:
    project_name: GAP
    wid: 118
    test_case_name: GAP/SEC/SEM/BV-66-C
    description: Please press ok to disconnect the link.
    style: MMI_Style_Ok_Cancel1 0x11041
2026-09-16 20:16:21,973 LT1-callback ClientCallback.on_implicit_send INFO client.py                 236   on_implicit_send          : Calling test cases on_implicit_send
2026-09-16 20:16:21,973 LT1-callback ClientCallback.on_implicit_send INFO client.py                 249   on_implicit_send          : 
    on_implicit_send returned response: WAIT
    END OnImplicitSend
    ********************
2026-09-16 20:16:22,970 LT1-thread root DEBUG testcase.py               679   run_wid                   : GAP GAP/SEC/SEM/BV-66-C on_implicit_send
2026-09-16 20:16:22,970 LT1-thread root DEBUG gap_wid.py                26    gap_wid_hdl               : gap_wid_hdl, 118, Please press ok to disconnect the link., GAP/SEC/SEM/BV-66-C
2026-09-16 20:16:22,970 LT1-thread root DEBUG testcase.py               722   run_wid                   : Sending response 'OK' to wid 118 test case GAP/SEC/SEM/BV-66-C
2026-09-16 20:16:22,973 LT1-thread root DEBUG client.py                 276   get_result                : ClientCallback.get_result run_test_case
2026-09-16 20:16:23,261 BTPWorkerThread-1895 (_rx_task) root DEBUG iutctl_common.py          123   read                      : Read 5 bytes
2026-09-16 20:16:23,261 BTPWorkerThread-1895 (_rx_task) root DEBUG iutctl_common.py          131   read                      : Received: hdr: Header(svc_id=0x01, op=0x83, ctrl_index=0x00, data_len=0x07) bytearray(b'\x01\x83\x00\x07\x00')
2026-09-16 20:16:23,261 BTPWorkerThread-1895 (_rx_task) root DEBUG iutctl_common.py          139   read                      : Read 7 bytes data
2026-09-16 20:16:23,262 BTPWorkerThread-1895 (_rx_task) root DEBUG iutctl_common.py          154   read                      : Received data: {'00 4e e4 08 dc 1b 00'}, bytearray(b'\x00N\xe4\x08\xdc\x1b\x00')
2026-09-16 20:16:23,262 BTPWorkerThread-1895 (_rx_task) root DEBUG btp.py                    700   event_handler             : Header(svc_id=1, op=131, ctrl_index=0, data_len=7) (b'\x00N\xe4\x08\xdc\x1b\x00',)
2026-09-16 20:16:23,262 BTPWorkerThread-1895 (_rx_task) root DEBUG gap.py                    226   gap_disconnected_ev_      : b'\x00N\xe4\x08\xdc\x1b\x00'
2026-09-16 20:16:23,568 LT1-callback ClientCallback.on_implicit_send INFO client.py                 223   on_implicit_send          : 
    ********************
    BEGIN OnImplicitSend:
    project_name: GAP
    wid: 78
    test_case_name: GAP/SEC/SEM/BV-66-C
    description: Please send an LE connect request to establish a connection.
    style: MMI_Style_Ok_Cancel2 0x11141
2026-09-16 20:16:23,568 LT1-callback ClientCallback.on_implicit_send INFO client.py                 236   on_implicit_send          : Calling test cases on_implicit_send
2026-09-16 20:16:23,568 LT1-callback ClientCallback.on_implicit_send INFO client.py                 249   on_implicit_send          : 
    on_implicit_send returned response: WAIT
    END OnImplicitSend
    ********************
2026-09-16 20:16:23,974 LT1-thread root DEBUG testcase.py               679   run_wid                   : GAP GAP/SEC/SEM/BV-66-C on_implicit_send
2026-09-16 20:16:23,974 LT1-thread root DEBUG gap_wid.py                26    gap_wid_hdl               : gap_wid_hdl, 78, Please send an LE connect request to establish a connection., GAP/SEC/SEM/BV-66-C
2026-09-16 20:16:23,974 LT1-thread root DEBUG gap.py                    760   gap_connect               : None None
2026-09-16 20:16:23,974 LT1-thread root DEBUG iutctl_common.py          161   send                      : 1 14 0 "bytearray(b'\\x00N\\xe4\\x08\\xdc\\x1b\\x00\\x00')"
2026-09-16 20:16:23,974 LT1-thread root DEBUG iutctl_common.py          166   send                      : sending frame '010e000800004ee408dc1b0000'
2026-09-16 20:16:23,975 LT1-thread root DEBUG iutctl_common.py          339   read                      : 
2026-09-16 20:16:24,012 BTPWorkerThread-1895 (_rx_task) root DEBUG iutctl_common.py          123   read                      : Read 5 bytes
2026-09-16 20:16:24,024 BTPWorkerThread-1895 (_rx_task) root DEBUG iutctl_common.py          131   read                      : Received: hdr: Header(svc_id=0x01, op=0x0e, ctrl_index=0x00, data_len=0x00) bytearray(b'\x01\x0e\x00\x00\x00')
2026-09-16 20:16:24,030 BTPWorkerThread-1895 (_rx_task) root DEBUG iutctl_common.py          154   read                      : Received data: {''}, bytearray(b'')
2026-09-16 20:16:24,041 LT1-thread root DEBUG testcase.py               722   run_wid                   : Sending response 'OK' to wid 78 test case GAP/SEC/SEM/BV-66-C
2026-09-16 20:16:24,043 LT1-thread root DEBUG client.py                 276   get_result                : ClientCallback.get_result run_test_case
2026-09-16 20:16:24,073 BTPWorkerThread-1895 (_rx_task) root DEBUG iutctl_common.py          123   read                      : Read 5 bytes
2026-09-16 20:16:24,073 BTPWorkerThread-1895 (_rx_task) root DEBUG iutctl_common.py          131   read                      : Received: hdr: Header(svc_id=0x01, op=0x82, ctrl_index=0x00, data_len=0x0d) bytearray(b'\x01\x82\x00\r\x00')
2026-09-16 20:16:24,073 BTPWorkerThread-1895 (_rx_task) root DEBUG iutctl_common.py          139   read                      : Read 13 bytes data
2026-09-16 20:16:24,074 BTPWorkerThread-1895 (_rx_task) root DEBUG iutctl_common.py          154   read                      : Received data: {'00 4e e4 08 dc 1b 00 24 00 00 00 90 01'}, bytearray(b'\x00N\xe4\x08\xdc\x1b\x00$\x00\x00\x00\x90\x01')
2026-09-16 20:16:24,074 BTPWorkerThread-1895 (_rx_task) root DEBUG btp.py                    700   event_handler             : Header(svc_id=1, op=130, ctrl_index=0, data_len=13) (b'\x00N\xe4\x08\xdc\x1b\x00$\x00\x00\x00\x90\x01',)
2026-09-16 20:16:24,074 BTPWorkerThread-1895 (_rx_task) root DEBUG gap.py                    213   gap_connected_ev_         : b'\x00N\xe4\x08\xdc\x1b\x00$\x00\x00\x00\x90\x01'
2026-09-16 20:16:24,164 LT1-callback ClientCallback.on_implicit_send INFO client.py                 223   on_implicit_send          : 
    ********************
    BEGIN OnImplicitSend:
    project_name: GAP
    wid: 238
    test_case_name: GAP/SEC/SEM/BV-66-C
    description: Please confirm that IUT does not send a GATT_HandleValueNotification to the Upper Tester
    style: MMI_Style_Yes_No1 0x11044
2026-09-16 20:16:24,165 LT1-callback ClientCallback.on_implicit_send INFO client.py                 236   on_implicit_send          : Calling test cases on_implicit_send
2026-09-16 20:16:24,165 LT1-callback ClientCallback.on_implicit_send INFO client.py                 249   on_implicit_send          : 
    on_implicit_send returned response: WAIT
    END OnImplicitSend
    ********************
2026-09-16 20:16:25,044 LT1-thread root DEBUG testcase.py               679   run_wid                   : GAP GAP/SEC/SEM/BV-66-C on_implicit_send
2026-09-16 20:16:25,044 LT1-thread root DEBUG gap_wid.py                26    gap_wid_hdl               : gap_wid_hdl, 238, Please confirm that IUT does not send a GATT_HandleValueNotification to the Upper Tester, GAP/SEC/SEM/BV-66-C
2026-09-16 20:16:30,045 LT1-thread root DEBUG testcase.py               722   run_wid                   : Sending response 'Yes' to wid 238 test case GAP/SEC/SEM/BV-66-C
2026-09-16 20:16:30,046 LT1-thread root DEBUG client.py                 276   get_result                : ClientCallback.get_result run_test_case
2026-09-16 20:16:30,050 LT1-callback ClientCallback.on_implicit_send INFO client.py                 223   on_implicit_send          : 
    ********************
    BEGIN OnImplicitSend:
    project_name: GAP
    wid: 265
    test_case_name: GAP/SEC/SEM/BV-66-C
    description: Please initiate a link encryption with the Lower Tester.
    style: MMI_Style_Ok_Cancel2 0x11141
2026-09-16 20:16:30,050 LT1-callback ClientCallback.on_implicit_send INFO client.py                 236   on_implicit_send          : Calling test cases on_implicit_send
2026-09-16 20:16:30,050 LT1-callback ClientCallback.on_implicit_send INFO client.py                 249   on_implicit_send          : 
    on_implicit_send returned response: WAIT
    END OnImplicitSend
    ********************
2026-09-16 20:16:31,047 LT1-thread root DEBUG testcase.py               679   run_wid                   : GAP GAP/SEC/SEM/BV-66-C on_implicit_send
2026-09-16 20:16:31,047 LT1-thread root DEBUG gap_wid.py                26    gap_wid_hdl               : gap_wid_hdl, 265, Please initiate a link encryption with the Lower Tester., GAP/SEC/SEM/BV-66-C
2026-09-16 20:16:31,047 LT1-thread root DEBUG gap.py                    871   gap_pair                  : None None
2026-09-16 20:16:31,047 LT1-thread root DEBUG iutctl_common.py          161   send                      : 1 17 0 "bytearray(b'\\x00N\\xe4\\x08\\xdc\\x1b\\x00')"
2026-09-16 20:16:31,047 LT1-thread root DEBUG iutctl_common.py          166   send                      : sending frame '0111000700004ee408dc1b00'
2026-09-16 20:16:31,047 LT1-thread root DEBUG gap.py                    1227  gap_command_rsp_succ      : 
2026-09-16 20:16:31,047 LT1-thread root DEBUG iutctl_common.py          339   read                      : 
2026-09-16 20:16:31,083 BTPWorkerThread-1895 (_rx_task) root DEBUG iutctl_common.py          123   read                      : Read 5 bytes
2026-09-16 20:16:31,093 BTPWorkerThread-1895 (_rx_task) root DEBUG iutctl_common.py          131   read                      : Received: hdr: Header(svc_id=0x01, op=0x11, ctrl_index=0x00, data_len=0x00) bytearray(b'\x01\x11\x00\x00\x00')
2026-09-16 20:16:31,093 BTPWorkerThread-1895 (_rx_task) root DEBUG iutctl_common.py          154   read                      : Received data: {''}, bytearray(b'')
2026-09-16 20:16:31,098 LT1-thread root DEBUG gap.py                    1232  gap_command_rsp_succ      : received Header(svc_id=1, op=17, ctrl_index=0, data_len=0) (b'',)
2026-09-16 20:16:31,098 LT1-thread root DEBUG testcase.py               722   run_wid                   : Sending response 'OK' to wid 265 test case GAP/SEC/SEM/BV-66-C
2026-09-16 20:16:31,100 LT1-thread root DEBUG client.py                 276   get_result                : ClientCallback.get_result run_test_case
2026-09-16 20:16:35,196 BTPWorkerThread-1895 (_rx_task) root DEBUG iutctl_common.py          123   read                      : Read 5 bytes
2026-09-16 20:16:35,197 BTPWorkerThread-1895 (_rx_task) root DEBUG iutctl_common.py          131   read                      : Received: hdr: Header(svc_id=0x01, op=0x91, ctrl_index=0x00, data_len=0x09) bytearray(b'\x01\x91\x00\t\x00')
2026-09-16 20:16:35,197 BTPWorkerThread-1895 (_rx_task) root DEBUG iutctl_common.py          139   read                      : Read 9 bytes data
2026-09-16 20:16:35,197 BTPWorkerThread-1895 (_rx_task) root DEBUG iutctl_common.py          154   read                      : Received data: {'00 4e e4 08 dc 1b 00 01 10'}, bytearray(b'\x00N\xe4\x08\xdc\x1b\x00\x01\x10')
2026-09-16 20:16:35,197 BTPWorkerThread-1895 (_rx_task) root DEBUG btp.py                    700   event_handler             : Header(svc_id=1, op=145, ctrl_index=0, data_len=9) (b'\x00N\xe4\x08\xdc\x1b\x00\x01\x10',)
2026-09-16 20:16:35,197 BTPWorkerThread-1895 (_rx_task) root DEBUG gap.py                    492   gap_encryption_change_ev_ : 
2026-09-16 20:16:35,197 BTPWorkerThread-1895 (_rx_task) root DEBUG gap.py                    494   gap_encryption_change_ev_ : enc change received b'\x00N\xe4\x08\xdc\x1b\x00\x01\x10'
2026-09-16 20:16:35,197 BTPWorkerThread-1895 (_rx_task) root DEBUG gap.py                    503   gap_encryption_change_ev_ : received (0, '001bdc08e44e', 1, 16)
2026-09-16 20:16:35,197 BTPWorkerThread-1895 (_rx_task) root DEBUG iutctl_common.py          123   read                      : Read 5 bytes
2026-09-16 20:16:35,198 BTPWorkerThread-1895 (_rx_task) root DEBUG iutctl_common.py          131   read                      : Received: hdr: Header(svc_id=0x01, op=0x89, ctrl_index=0x00, data_len=0x08) bytearray(b'\x01\x89\x00\x08\x00')
2026-09-16 20:16:35,198 BTPWorkerThread-1895 (_rx_task) root DEBUG iutctl_common.py          139   read                      : Read 8 bytes data
2026-09-16 20:16:35,198 BTPWorkerThread-1895 (_rx_task) root DEBUG iutctl_common.py          154   read                      : Received data: {'00 4e e4 08 dc 1b 00 02'}, bytearray(b'\x00N\xe4\x08\xdc\x1b\x00\x02')
2026-09-16 20:16:35,198 BTPWorkerThread-1895 (_rx_task) root DEBUG btp.py                    700   event_handler             : Header(svc_id=1, op=137, ctrl_index=0, data_len=8) (b'\x00N\xe4\x08\xdc\x1b\x00\x02',)
2026-09-16 20:16:35,198 BTPWorkerThread-1895 (_rx_task) root DEBUG gap.py                    298   gap_sec_level_changed_ev_ : 
2026-09-16 20:16:35,198 BTPWorkerThread-1895 (_rx_task) root DEBUG gap.py                    300   gap_sec_level_changed_ev_ : received b'\x00N\xe4\x08\xdc\x1b\x00\x02'
2026-09-16 20:16:35,198 BTPWorkerThread-1895 (_rx_task) root DEBUG gap.py                    311   gap_sec_level_changed_ev_ : received (0, '001bdc08e44e', 2)
2026-09-16 20:16:35,238 BTPWorkerThread-1895 (_rx_task) root DEBUG iutctl_common.py          123   read                      : Read 5 bytes
2026-09-16 20:16:35,238 BTPWorkerThread-1895 (_rx_task) root DEBUG iutctl_common.py          131   read                      : Received: hdr: Header(svc_id=0x02, op=0x80, ctrl_index=0x00, data_len=0x0d) bytearray(b'\x02\x80\x00\r\x00')
2026-09-16 20:16:35,239 BTPWorkerThread-1895 (_rx_task) root DEBUG iutctl_common.py          139   read                      : Read 13 bytes data
2026-09-16 20:16:35,239 BTPWorkerThread-1895 (_rx_task) root DEBUG iutctl_common.py          154   read                      : Received data: {'00 4e e4 08 dc 1b 00 01 0b 00 01 00 62'}, bytearray(b'\x00N\xe4\x08\xdc\x1b\x00\x01\x0b\x00\x01\x00b')
2026-09-16 20:16:35,239 BTPWorkerThread-1895 (_rx_task) root DEBUG btp.py                    700   event_handler             : Header(svc_id=2, op=128, ctrl_index=0, data_len=13) (b'\x00N\xe4\x08\xdc\x1b\x00\x01\x0b\x00\x01\x00b',)
2026-09-16 20:16:35,239 BTPWorkerThread-1895 (_rx_task) root DEBUG gatt.py                   130   gatt_notification_ev_     : 0 '001bdc08e44e' 1 11 b'b'
2026-09-16 20:16:35,278 LT1-callback ClientCallback.on_implicit_send INFO client.py                 223   on_implicit_send          : 
    ********************
    BEGIN OnImplicitSend:
    project_name: GAP
    wid: 239
    test_case_name: GAP/SEC/SEM/BV-66-C
    description: Please confirm that IUT send a GATT_HandleValueNotification to the Upper Tester
    style: MMI_Style_Yes_No1 0x11044
2026-09-16 20:16:35,278 LT1-callback ClientCallback.on_implicit_send INFO client.py                 236   on_implicit_send          : Calling test cases on_implicit_send
2026-09-16 20:16:35,278 LT1-callback ClientCallback.on_implicit_send INFO client.py                 249   on_implicit_send          : 
    on_implicit_send returned response: WAIT
    END OnImplicitSend
    ********************
2026-09-16 20:16:36,102 LT1-thread root DEBUG testcase.py               679   run_wid                   : GAP GAP/SEC/SEM/BV-66-C on_implicit_send
2026-09-16 20:16:36,102 LT1-thread root DEBUG gap_wid.py                26    gap_wid_hdl               : gap_wid_hdl, 239, Please confirm that IUT send a GATT_HandleValueNotification to the Upper Tester, GAP/SEC/SEM/BV-66-C
2026-09-16 20:16:36,102 LT1-thread root DEBUG testcase.py               722   run_wid                   : Sending response 'Yes' to wid 239 test case GAP/SEC/SEM/BV-66-C
2026-09-16 20:16:36,105 LT1-thread root DEBUG client.py                 276   get_result                : ClientCallback.get_result run_test_case
2026-09-16 20:16:36,451 BTPWorkerThread-1895 (_rx_task) root DEBUG iutctl_common.py          123   read                      : Read 5 bytes
2026-09-16 20:16:36,452 BTPWorkerThread-1895 (_rx_task) root DEBUG iutctl_common.py          131   read                      : Received: hdr: Header(svc_id=0x01, op=0x83, ctrl_index=0x00, data_len=0x07) bytearray(b'\x01\x83\x00\x07\x00')
2026-09-16 20:16:36,452 BTPWorkerThread-1895 (_rx_task) root DEBUG iutctl_common.py          139   read                      : Read 7 bytes data
2026-09-16 20:16:36,452 BTPWorkerThread-1895 (_rx_task) root DEBUG iutctl_common.py          154   read                      : Received data: {'00 4e e4 08 dc 1b 00'}, bytearray(b'\x00N\xe4\x08\xdc\x1b\x00')
2026-09-16 20:16:36,452 BTPWorkerThread-1895 (_rx_task) root DEBUG btp.py                    700   event_handler             : Header(svc_id=1, op=131, ctrl_index=0, data_len=7) (b'\x00N\xe4\x08\xdc\x1b\x00',)
2026-09-16 20:16:36,452 BTPWorkerThread-1895 (_rx_task) root DEBUG gap.py                    226   gap_disconnected_ev_      : b'\x00N\xe4\x08\xdc\x1b\x00'
2026-09-16 20:16:39,088 LT1-callback ClientCallback.log INFO client.py                 200   log                       : PTS_LOGTYPE_START_TEST Start Test Case 

+813 ms
 GAP/SEC/SEM/BV-66-C GAP/SEC/SEM/BV-66-C

2026-09-16 20:16:39,531 LT1-callback ClientCallback.log INFO client.py                 200   log                       : PTS_LOGTYPE_FINAL_VERDICT Final Verdict 

+28391 ms
 GAP/SEC/SEM/BV-66-C PASS

2026-09-16 20:16:39,535 LT1-callback ClientCallback.log INFO client.py                 200   log                       : PTS_LOGTYPE_FINAL_VERDICT Encrypted Verdict 

+28391 ms
 GAP/SEC/SEM/BV-66-C A1#ZWY4MzQ5MDg3MmQwNTIxOGQzMzQ5YjY2ODA5M2MzNjQ5ZDY4NmY0Yjc2MzIzM2VkNTUyNTFhNGU4Mjg1MjI0NA==#ZXXEV6ysttjnAlHDiVdt0fTHBVkS3d4M46H9vdBSYeuiIurAD6xQPkdlyuY+cF1l

2026-09-16 20:16:39,539 LT1-callback ClientCallback.log INFO client.py                 200   log                       : PTS_LOGTYPE_END_TEST Test Case Ended 

+28391 ms
 GAP/SEC/SEM/BV-66-C GAP/SEC/SEM/BV-66-C

2026-09-16 20:16:39,683 LT1-callback root DEBUG client.py                 261   set_result                : ClientCallback, set_result, run_test_case, PASS
2026-09-16 20:16:39,683 LT1-thread root DEBUG client.py                 1186  _run_test_case            : After run_test_case error_code=0 status='PASS'
2026-09-16 20:16:39,684 LT1-thread root DEBUG testcase.py               766   post_run                  : post_run GAP GAP/SEC/SEM/BV-66-C 0
2026-09-16 20:16:39,684 LT1-thread root DEBUG testcase.py               254   start                     : Starting test function: class=<class 'autopts.ptsprojects.testcase.TestFuncCleanUp'>, func=<bound method ZTestCase._test_case_cleanup of <autopts.ptsprojects.zephyr.ztestcase.ZTestCase object at 0x000002A769EA66C0>> start_wid=None stop_wid=None post_wid=None skip_call=None call_count=1 args=() kwds={}
2026-09-16 20:16:39,684 LT1-thread root DEBUG testcase.py               266   start                     : Test function parameters: args=(), kwds={}
2026-09-16 20:16:39,684 LT1-thread root DEBUG iutctl.py                 415   stop                      : <class 'autopts.ptsprojects.zephyr.iutctl.create_zephyr_ctl_class.<locals>.ZephyrCtl'>.stop
2026-09-16 20:16:39,684 LT1-thread root DEBUG __init__.py               51    reset                     : About to reset DUT: JLink -CommandFile reset.jlink -usb 1063214216 -device MIMXRT1176XXXA_M7
2026-09-16 20:16:39,998 BTPWorkerThread-1895 (_rx_task) root DEBUG iutctl_common.py          123   read                      : Read 5 bytes
2026-09-16 20:16:39,998 BTPWorkerThread-1895 (_rx_task) root DEBUG iutctl_common.py          131   read                      : Received: hdr: Header(svc_id=0x00, op=0x80, ctrl_index=0xff, data_len=0x00) bytearray(b'\x00\x80\xff\x00\x00')
2026-09-16 20:16:39,998 BTPWorkerThread-1895 (_rx_task) root DEBUG iutctl_common.py          154   read                      : Received data: {''}, bytearray(b'')
2026-09-16 20:16:39,999 BTPWorkerThread-1895 (_rx_task) root DEBUG btp.py                    700   event_handler             : Header(svc_id=0, op=128, ctrl_index=255, data_len=0) (b'',)
2026-09-16 20:16:39,999 BTPWorkerThread-1895 (_rx_task) root DEBUG core.py                   23    core_iut_ready_ev         : 
2026-09-16 20:16:40,067 LT1-thread root DEBUG iutctl.py                 436   _stop_tty_mode            : IUT ready event received OK
2026-09-16 20:16:40,067 LT1-thread root DEBUG iutctl_common.py          416   close                     : Waiting for _rx_worker to finish ...
2026-09-16 20:16:41,000 BTPWorkerThread-1895 (_rx_task) root DEBUG iutctl_common.py          332   _rx_task                  : BTPWorkerThread-1895 (_rx_task) finishing...
2026-09-16 20:16:44,006 LT1-thread root DEBUG testcase.py               794   post_run                  : post_run, cleanup running post test case script
2026-09-16 20:16:44,006 LT1-thread root DEBUG testcase.py               802   post_run                  : post_run, run post test case script
2026-09-16 20:16:44,082 LT1-thread root DEBUG client.py                 1220  _run_test_case            : Done TestCase _run_test_case GAP GAP/SEC/SEM/BV-66-C
