2026-09-23 22:52:18,883 LT1-thread root DEBUG client.py                 1099  _run_test_case            : Starting TestCase _run_test_case GAP GAP/BOND/BON/BV-01-C
2026-09-23 22:52:18,883 LT1-thread root DEBUG testcase.py               727   pre_run                   : pre_run GAP GAP/BOND/BON/BV-01-C
2026-09-23 22:52:18,883 LT1-thread root DEBUG testcase.py               729   pre_run                   : About to run test case GAP GAP/BOND/BON/BV-01-C with commands:
2026-09-23 22:52:18,883 LT1-thread root DEBUG testcase.py               731   pre_run                   : 0) class=<class 'autopts.ptsprojects.testcase.TestFunc'>, func=<bound method ZTestCase._test_case_start of <autopts.ptsprojects.zephyr.ztestcase.ZTestCase object at 0x000001E0BD8488C0>> start_wid=None stop_wid=None post_wid=None skip_call=None call_count=0 args=() kwds={}
2026-09-23 22:52:18,884 LT1-thread root DEBUG testcase.py               731   pre_run                   : 1) class=<class 'autopts.ptsprojects.testcase.TestFunc'>, func=<function core_reg_svc_gap at 0x000001E0BA25E160> start_wid=None stop_wid=None post_wid=None skip_call=None call_count=71 args=() kwds={}
2026-09-23 22:52:18,884 LT1-thread root DEBUG testcase.py               731   pre_run                   : 2) class=<class 'autopts.ptsprojects.testcase.TestFunc'>, func=<bound method Stack.gap_init of <autopts.ptsprojects.stack.stack.Stack object at 0x000001E0B9424A70>> start_wid=None stop_wid=None post_wid=None skip_call=None call_count=71 args=(b'Tester_08E44E', 'ABCD', '1111', '1111', '11', '1111', b'\x17github.com/auto-pts', (8, 'PADV_Tester'), 'FF') kwds={}
2026-09-23 22:52:18,884 LT1-thread root DEBUG testcase.py               731   pre_run                   : 3) class=<class 'autopts.ptsprojects.testcase.TestFunc'>, func=<function gap_read_controller_info at 0x000001E0BA29EB60> start_wid=None stop_wid=None post_wid=None skip_call=None call_count=71 args=() kwds={}
2026-09-23 22:52:18,884 LT1-thread root DEBUG testcase.py               731   pre_run                   : 4) class=<class 'autopts.ptsprojects.testcase.TestFunc'>, func=<function test_cases.<locals>.<lambda> at 0x000001E0BD7C6DE0> start_wid=None stop_wid=None post_wid=None skip_call=None call_count=71 args=() kwds={}
2026-09-23 22:52:18,884 LT1-thread root DEBUG testcase.py               731   pre_run                   : 5) class=<class 'autopts.ptsprojects.testcase.TestFunc'>, func=<function test_cases.<locals>.<lambda> at 0x000001E0BD7C5120> start_wid=None stop_wid=None post_wid=None skip_call=None call_count=71 args=() kwds={}
2026-09-23 22:52:18,884 LT1-thread root DEBUG testcase.py               731   pre_run                   : 6) class=<class 'autopts.ptsprojects.testcase.TestFunc'>, func=<function test_cases.<locals>.<lambda> at 0x000001E0BD7C6E80> start_wid=None stop_wid=None post_wid=None skip_call=None call_count=71 args=() kwds={}
2026-09-23 22:52:18,884 LT1-thread root DEBUG testcase.py               731   pre_run                   : 7) class=<class 'autopts.ptsprojects.testcase.TestFunc'>, func=<function test_cases.<locals>.<lambda> at 0x000001E0BD7C6F20> start_wid=None stop_wid=None post_wid=None skip_call=None call_count=71 args=() kwds={}
2026-09-23 22:52:18,884 LT1-thread root DEBUG testcase.py               731   pre_run                   : 8) class=<class 'autopts.ptsprojects.testcase.TestFunc'>, func=<function test_cases.<locals>.<lambda> at 0x000001E0BD7C6FC0> start_wid=None stop_wid=None post_wid=None skip_call=None call_count=71 args=() kwds={}
2026-09-23 22:52:18,884 LT1-thread root DEBUG testcase.py               731   pre_run                   : 9) class=<class 'autopts.ptsprojects.testcase.TestFunc'>, func=<function test_cases.<locals>.<lambda> at 0x000001E0BD7C7060> start_wid=None stop_wid=None post_wid=None skip_call=None call_count=71 args=() kwds={}
2026-09-23 22:52:18,884 LT1-thread root DEBUG testcase.py               731   pre_run                   : 10) class=<class 'autopts.ptsprojects.testcase.TestFunc'>, func=<function test_cases.<locals>.<lambda> at 0x000001E0BD7C7100> start_wid=None stop_wid=None post_wid=None skip_call=None call_count=71 args=() kwds={}
2026-09-23 22:52:18,884 LT1-thread root DEBUG testcase.py               731   pre_run                   : 11) class=<class 'autopts.ptsprojects.testcase.TestFunc'>, func=<function test_cases.<locals>.<lambda> at 0x000001E0BD7C71A0> start_wid=None stop_wid=None post_wid=None skip_call=None call_count=71 args=() kwds={}
2026-09-23 22:52:18,885 LT1-thread root DEBUG testcase.py               731   pre_run                   : 12) class=<class 'autopts.ptsprojects.testcase.TestFunc'>, func=<function test_cases.<locals>.<lambda> at 0x000001E0BD7C7240> start_wid=None stop_wid=None post_wid=None skip_call=None call_count=71 args=() kwds={}
2026-09-23 22:52:18,885 LT1-thread root DEBUG testcase.py               731   pre_run                   : 13) class=<class 'autopts.ptsprojects.testcase.TestFunc'>, func=<function test_cases.<locals>.<lambda> at 0x000001E0BD7C72E0> start_wid=None stop_wid=None post_wid=None skip_call=None call_count=71 args=() kwds={}
2026-09-23 22:52:18,885 LT1-thread root DEBUG testcase.py               731   pre_run                   : 14) class=<class 'autopts.ptsprojects.testcase.TestFunc'>, func=<function core_reg_svc_gatt at 0x000001E0BA25E2A0> start_wid=None stop_wid=None post_wid=None skip_call=None call_count=71 args=() kwds={}
2026-09-23 22:52:18,885 LT1-thread root DEBUG testcase.py               731   pre_run                   : 15) class=<class 'autopts.ptsprojects.testcase.TestFunc'>, func=<bound method Stack.gatt_init of <autopts.ptsprojects.stack.stack.Stack object at 0x000001E0B9424A70>> start_wid=None stop_wid=None post_wid=None skip_call=None call_count=71 args=() kwds={}
2026-09-23 22:52:18,885 LT1-thread root DEBUG testcase.py               731   pre_run                   : 16) class=<class 'autopts.ptsprojects.testcase.TestFunc'>, func=<function gap_set_io_capability at 0x000001E0BA29E020> start_wid=None stop_wid=None post_wid=None skip_call=None call_count=71 args=(4,) kwds={}
2026-09-23 22:52:18,885 LT1-thread root DEBUG testcase.py               731   pre_run                   : 17) class=<class 'autopts.ptsprojects.testcase.TestFunc'>, func=<function gap_set_broadcast_code at 0x000001E0BA2A4220> start_wid=None stop_wid=None post_wid=None skip_call=None call_count=71 args=('0102680553F1415AA265BBAFC6EA03B8',) kwds={}
2026-09-23 22:52:18,885 LT1-thread root DEBUG testcase.py               731   pre_run                   : 18) class=<class 'autopts.ptsprojects.testcase.TestFunc'>, func=<function set_pts_addr at 0x000001E0BA25DD00> start_wid=None stop_wid=None post_wid=None skip_call=None call_count=71 args=('00:1B:DC:08:E4:4E', 0) kwds={}
2026-09-23 22:52:18,885 LT1-thread root DEBUG testcase.py               731   pre_run                   : 19) class=<class 'autopts.ptsprojects.testcase.TestFunc'>, func=<function gatts_add_svc at 0x000001E0BA2B5940> start_wid=None stop_wid=None post_wid=None skip_call=None call_count=64 args=(0, 'AA51') kwds={}
2026-09-23 22:52:18,885 LT1-thread root DEBUG testcase.py               731   pre_run                   : 20) class=<class 'autopts.ptsprojects.testcase.TestFunc'>, func=<function gatts_add_char at 0x000001E0BA2B5A80> start_wid=None stop_wid=None post_wid=None skip_call=None call_count=64 args=(0, 2, 17, 'AA52') kwds={}
2026-09-23 22:52:18,885 LT1-thread root DEBUG testcase.py               731   pre_run                   : 21) class=<class 'autopts.ptsprojects.testcase.TestFunc'>, func=<function gatts_set_val at 0x000001E0BA2B5B20> start_wid=None stop_wid=None post_wid=None skip_call=None call_count=64 args=(0, '01') kwds={}
2026-09-23 22:52:18,885 LT1-thread root DEBUG testcase.py               731   pre_run                   : 22) class=<class 'autopts.ptsprojects.testcase.TestFunc'>, func=<function gatts_add_char at 0x000001E0BA2B5A80> start_wid=None stop_wid=None post_wid=None skip_call=None call_count=64 args=(0, 2, 5, 'AA53') kwds={}
2026-09-23 22:52:18,885 LT1-thread root DEBUG testcase.py               731   pre_run                   : 23) class=<class 'autopts.ptsprojects.testcase.TestFunc'>, func=<function gatts_set_val at 0x000001E0BA2B5B20> start_wid=None stop_wid=None post_wid=None skip_call=None call_count=64 args=(0, '02') kwds={}
2026-09-23 22:52:18,885 LT1-thread root DEBUG testcase.py               731   pre_run                   : 24) class=<class 'autopts.ptsprojects.testcase.TestFunc'>, func=<function gatts_add_char at 0x000001E0BA2B5A80> start_wid=None stop_wid=None post_wid=None skip_call=None call_count=64 args=(0, 10, 48, 'AA55') kwds={}
2026-09-23 22:52:18,886 LT1-thread root DEBUG testcase.py               731   pre_run                   : 25) class=<class 'autopts.ptsprojects.testcase.TestFunc'>, func=<function gatts_set_val at 0x000001E0BA2B5B20> start_wid=None stop_wid=None post_wid=None skip_call=None call_count=64 args=(0, '04') kwds={}
2026-09-23 22:52:18,886 LT1-thread root DEBUG testcase.py               731   pre_run                   : 26) class=<class 'autopts.ptsprojects.testcase.TestFunc'>, func=<function gatts_start_server at 0x000001E0BA2B5DA0> start_wid=None stop_wid=None post_wid=None skip_call=None call_count=64 args=() kwds={}
2026-09-23 22:52:18,886 LT1-thread root DEBUG testcase.py               731   pre_run                   : 27) class=<class 'autopts.ptsprojects.testcase.TestFuncCleanUp'>, func=<bound method ZTestCase._test_case_cleanup of <autopts.ptsprojects.zephyr.ztestcase.ZTestCase object at 0x000001E0BD8488C0>> start_wid=None stop_wid=None post_wid=None skip_call=None call_count=0 args=() kwds={}
2026-09-23 22:52:18,886 LT1-thread root DEBUG testcase.py               738   pre_run                   : pre_run, run pre test case script
2026-09-23 22:52:18,894 LT1-thread root DEBUG testcase.py               254   start                     : Starting test function: class=<class 'autopts.ptsprojects.testcase.TestFunc'>, func=<bound method ZTestCase._test_case_start of <autopts.ptsprojects.zephyr.ztestcase.ZTestCase object at 0x000001E0BD8488C0>> start_wid=None stop_wid=None post_wid=None skip_call=None call_count=1 args=() kwds={}
2026-09-23 22:52:18,894 LT1-thread root DEBUG testcase.py               266   start                     : Test function parameters: args=(), kwds={}
2026-09-23 22:52:18,894 LT1-thread root DEBUG iutctl.py                 172   start                     : <class 'autopts.ptsprojects.zephyr.iutctl.create_zephyr_ctl_class.<locals>.ZephyrCtl'>.start
2026-09-23 22:52:18,894 LT1-thread root DEBUG iutctl.py                 325   flush_serial              : <class 'autopts.ptsprojects.zephyr.iutctl.create_zephyr_ctl_class.<locals>.ZephyrCtl'>.flush_serial
2026-09-23 22:52:20,079 LT1-thread root DEBUG iutctl.py                 249   _start_tty_mode           : Starting socat process: socat.exe -x -v tcp:10.17.12.9:51845,retry=100,interval=1 /dev/ttyS2,raw,b115200,
2026-09-23 22:52:20,087 LT1-thread root DEBUG iutctl_common.py          402   accept                    : 
2026-09-23 22:52:20,159 BTPWorkerThread-9714 (_rx_task) root DEBUG iutctl_common.py          299   _rx_task                  : BTPWorkerThread-9714 (_rx_task) started
2026-09-23 22:52:20,160 LT1-thread root DEBUG iutctl.py                 395   wait_iut_ready_event      : IUT ready event received OK
2026-09-23 22:52:20,160 LT1-thread root DEBUG btp.py                    51    read_supp_svcs            : 
2026-09-23 22:52:20,160 LT1-thread root DEBUG iutctl_common.py          161   send                      : 0 2 255 ''
2026-09-23 22:52:20,160 LT1-thread root DEBUG iutctl_common.py          166   send                      : sending frame '0002ff0000'
2026-09-23 22:52:20,161 LT1-thread root DEBUG iutctl_common.py          339   read                      : 
2026-09-23 22:52:20,177 BTPWorkerThread-9714 (_rx_task) root DEBUG iutctl_common.py          123   read                      : Read 5 bytes
2026-09-23 22:52:20,188 BTPWorkerThread-9714 (_rx_task) root DEBUG iutctl_common.py          131   read                      : Received: hdr: Header(svc_id=0x00, op=0x02, ctrl_index=0xff, data_len=0x06) bytearray(b'\x00\x02\xff\x06\x00')
2026-09-23 22:52:20,210 BTPWorkerThread-9714 (_rx_task) root DEBUG iutctl_common.py          139   read                      : Read 6 bytes data
2026-09-23 22:52:20,221 BTPWorkerThread-9714 (_rx_task) root DEBUG iutctl_common.py          154   read                      : Received data: {'0f 00 00 a0 ff 03'}, bytearray(b'\x0f\x00\x00\xa0\xff\x03')
2026-09-23 22:52:20,231 LT1-thread root DEBUG btp.py                    62    read_supp_svcs            : received Header(svc_id=0, op=2, ctrl_index=255, data_len=6) (b'\x0f\x00\x00\xa0\xff\x03',)
2026-09-23 22:52:20,231 LT1-thread root DEBUG testcase.py               254   start                     : Starting test function: class=<class 'autopts.ptsprojects.testcase.TestFunc'>, func=<function core_reg_svc_gap at 0x000001E0BA25E160> start_wid=None stop_wid=None post_wid=None skip_call=None call_count=72 args=() kwds={}
2026-09-23 22:52:20,231 LT1-thread root DEBUG testcase.py               266   start                     : Test function parameters: args=(), kwds={}
2026-09-23 22:52:20,231 LT1-thread root DEBUG btp.py                    117   core_reg_svc_univ         : core_reg_svc_univ: gap_reg (GAP)
2026-09-23 22:52:20,231 LT1-thread root DEBUG iutctl_common.py          161   send                      : 0 3 255 '1'
2026-09-23 22:52:20,231 LT1-thread root DEBUG iutctl_common.py          166   send                      : sending frame '0003ff010001'
2026-09-23 22:52:20,232 LT1-thread root DEBUG btp.py                    654   core_reg_svc_rsp_succ     : 
2026-09-23 22:52:20,232 LT1-thread root DEBUG iutctl_common.py          339   read                      : 
2026-09-23 22:52:24,348 BTPWorkerThread-9714 (_rx_task) root DEBUG iutctl_common.py          123   read                      : Read 5 bytes
2026-09-23 22:52:24,359 BTPWorkerThread-9714 (_rx_task) root DEBUG iutctl_common.py          131   read                      : Received: hdr: Header(svc_id=0x00, op=0x03, ctrl_index=0xff, data_len=0x00) bytearray(b'\x00\x03\xff\x00\x00')
2026-09-23 22:52:24,370 BTPWorkerThread-9714 (_rx_task) root DEBUG iutctl_common.py          154   read                      : Received data: {''}, bytearray(b'')
2026-09-23 22:52:24,376 LT1-thread root DEBUG btp.py                    665   core_reg_svc_rsp_succ     : received Header(svc_id=0, op=3, ctrl_index=255, data_len=0) (b'',)
2026-09-23 22:52:24,376 LT1-thread root DEBUG btp.py                    666   core_reg_svc_rsp_succ     : expected ((0, 3, 255, 0), (b'',))
2026-09-23 22:52:24,376 LT1-thread root DEBUG btp.py                    671   core_reg_svc_rsp_succ     : response is valid
2026-09-23 22:52:24,376 LT1-thread root DEBUG btp.py                    674   core_reg_svc_rsp_succ     : Reading supported commands for service: GAP
2026-09-23 22:52:24,376 LT1-thread root DEBUG iutctl_common.py          161   send                      : 1 1 255 ''
2026-09-23 22:52:24,376 LT1-thread root DEBUG iutctl_common.py          166   send                      : sending frame '0101ff0000'
2026-09-23 22:52:24,377 LT1-thread root DEBUG iutctl_common.py          339   read                      : 
2026-09-23 22:52:24,408 BTPWorkerThread-9714 (_rx_task) root DEBUG iutctl_common.py          123   read                      : Read 5 bytes
2026-09-23 22:52:24,408 BTPWorkerThread-9714 (_rx_task) root DEBUG iutctl_common.py          131   read                      : Received: hdr: Header(svc_id=0x01, op=0x01, ctrl_index=0xff, data_len=0x07) bytearray(b'\x01\x01\xff\x07\x00')
2026-09-23 22:52:24,413 BTPWorkerThread-9714 (_rx_task) root DEBUG iutctl_common.py          139   read                      : Read 7 bytes data
2026-09-23 22:52:24,424 BTPWorkerThread-9714 (_rx_task) root DEBUG iutctl_common.py          154   read                      : Received data: {'6e ff 7f 1f fe ff 2e'}, bytearray(b'n\xff\x7f\x1f\xfe\xff.')
2026-09-23 22:52:24,435 LT1-thread root DEBUG testcase.py               254   start                     : Starting test function: class=<class 'autopts.ptsprojects.testcase.TestFunc'>, func=<bound method Stack.gap_init of <autopts.ptsprojects.stack.stack.Stack object at 0x000001E0B9424A70>> start_wid=None stop_wid=None post_wid=None skip_call=None call_count=72 args=(b'Tester_08E44E', 'ABCD', '1111', '1111', '11', '1111', b'\x17github.com/auto-pts', (8, 'PADV_Tester'), 'FF') kwds={}
2026-09-23 22:52:24,435 LT1-thread root DEBUG testcase.py               266   start                     : Test function parameters: args=(b'Tester_08E44E', 'ABCD', '1111', '1111', '11', '1111', b'\x17github.com/auto-pts', (8, 'PADV_Tester'), 'FF'), kwds={}
2026-09-23 22:52:24,435 LT1-thread root DEBUG testcase.py               254   start                     : Starting test function: class=<class 'autopts.ptsprojects.testcase.TestFunc'>, func=<function gap_read_controller_info at 0x000001E0BA29EB60> start_wid=None stop_wid=None post_wid=None skip_call=None call_count=72 args=() kwds={}
2026-09-23 22:52:24,435 LT1-thread root DEBUG testcase.py               266   start                     : Test function parameters: args=(), kwds={}
2026-09-23 22:52:24,435 LT1-thread root DEBUG gap.py                    1163  gap_read_controller_info  : 
2026-09-23 22:52:24,436 LT1-thread root DEBUG iutctl_common.py          161   send                      : 1 3 0 ''
2026-09-23 22:52:24,436 LT1-thread root DEBUG iutctl_common.py          166   send                      : sending frame '0103000000'
2026-09-23 22:52:24,436 LT1-thread root DEBUG iutctl_common.py          339   read                      : 
2026-09-23 22:52:24,474 BTPWorkerThread-9714 (_rx_task) root DEBUG iutctl_common.py          123   read                      : Read 5 bytes
2026-09-23 22:52:24,485 BTPWorkerThread-9714 (_rx_task) root DEBUG iutctl_common.py          131   read                      : Received: hdr: Header(svc_id=0x01, op=0x03, ctrl_index=0x00, data_len=0x115) bytearray(b'\x01\x03\x00\x15\x01')
2026-09-23 22:52:24,501 BTPWorkerThread-9714 (_rx_task) root DEBUG iutctl_common.py          139   read                      : Read 277 bytes data
2026-09-23 22:52:24,511 BTPWorkerThread-9714 (_rx_task) root DEBUG iutctl_common.py          154   read                      : Received data: {'19 78 ee 69 17 d0 d3 06 02 00 13 02 00 00 00 00 00 62 74 70 5f 74 65 73 74 65 72 00 00 00 00 00 00 00 00 00 00 00 00 00 00 00 00 00 00 00 00 00 00 00 00 00 00 00 00 00 00 00 00 00 00 00 00 00 00 00 00 00 00 00 00 00 00 00 00 00 00 00 00 00 00 00 00 00 00 00 00 00 00 00 00 00 00 00 00 00 00 00 00 00 00 00 00 00 00 00 00 00 00 00 00 00 00 00 00 00 00 00 00 00 00 00 00 00 00 00 00 00 00 00 00 00 00 00 00 00 00 00 00 00 00 00 00 00 00 00 00 00 00 00 00 00 00 00 00 00 00 00 00 00 00 00 00 00 00 00 00 00 00 00 00 00 00 00 00 00 00 00 00 00 00 00 00 00 00 00 00 00 00 00 00 00 00 00 00 00 00 00 00 00 00 00 00 00 00 00 00 00 00 00 00 00 00 00 00 00 00 00 00 00 00 00 00 00 00 00 00 00 00 00 00 00 00 00 00 00 00 00 00 00 00 00 00 00 00 00 00 00 00 00 00 00 00 00 00 00 00 00 00 00 00 00 00 00 00 00 00 00 00 00 00 00 00 00 00 00 00'}, bytearray(b'\x19x\xeei\x17\xd0\xd3\x06\x02\x00\x13\x02\x00\x00\x00\x00\x00btp_tester\x00\x00\x00\x00\x00\x00\x00\x00\x00\x00\x00\x00\x00\x00\x00\x00\x00\x00\x00\x00\x00\x00\x00\x00\x00\x00\x00\x00\x00\x00\x00\x00\x00\x00\x00\x00\x00\x00\x00\x00\x00\x00\x00\x00\x00\x00\x00\x00\x00\x00\x00\x00\x00\x00\x00\x00\x00\x00\x00\x00\x00\x00\x00\x00\x00\x00\x00\x00\x00\x00\x00\x00\x00\x00\x00\x00\x00\x00\x00\x00\x00\x00\x00\x00\x00\x00\x00\x00\x00\x00\x00\x00\x00\x00\x00\x00\x00\x00\x00\x00\x00\x00\x00\x00\x00\x00\x00\x00\x00\x00\x00\x00\x00\x00\x00\x00\x00\x00\x00\x00\x00\x00\x00\x00\x00\x00\x00\x00\x00\x00\x00\x00\x00\x00\x00\x00\x00\x00\x00\x00\x00\x00\x00\x00\x00\x00\x00\x00\x00\x00\x00\x00\x00\x00\x00\x00\x00\x00\x00\x00\x00\x00\x00\x00\x00\x00\x00\x00\x00\x00\x00\x00\x00\x00\x00\x00\x00\x00\x00\x00\x00\x00\x00\x00\x00\x00\x00\x00\x00\x00\x00\x00\x00\x00\x00\x00\x00\x00\x00\x00\x00\x00\x00\x00\x00\x00\x00\x00\x00\x00\x00\x00\x00\x00\x00\x00\x00\x00\x00\x00\x00\x00\x00\x00\x00\x00\x00\x00\x00\x00\x00\x00\x00\x00\x00\x00\x00\x00\x00\x00\x00\x00\x00\x00\x00\x00\x00\x00\x00\x00')
2026-09-23 22:52:24,522 LT1-thread root DEBUG gap.py                    1170  gap_read_controller_info  : received Header(svc_id=1, op=3, ctrl_index=0, data_len=277) (b'\x19x\xeei\x17\xd0\xd3\x06\x02\x00\x13\x02\x00\x00\x00\x00\x00btp_tester\x00\x00\x00\x00\x00\x00\x00\x00\x00\x00\x00\x00\x00\x00\x00\x00\x00\x00\x00\x00\x00\x00\x00\x00\x00\x00\x00\x00\x00\x00\x00\x00\x00\x00\x00\x00\x00\x00\x00\x00\x00\x00\x00\x00\x00\x00\x00\x00\x00\x00\x00\x00\x00\x00\x00\x00\x00\x00\x00\x00\x00\x00\x00\x00\x00\x00\x00\x00\x00\x00\x00\x00\x00\x00\x00\x00\x00\x00\x00\x00\x00\x00\x00\x00\x00\x00\x00\x00\x00\x00\x00\x00\x00\x00\x00\x00\x00\x00\x00\x00\x00\x00\x00\x00\x00\x00\x00\x00\x00\x00\x00\x00\x00\x00\x00\x00\x00\x00\x00\x00\x00\x00\x00\x00\x00\x00\x00\x00\x00\x00\x00\x00\x00\x00\x00\x00\x00\x00\x00\x00\x00\x00\x00\x00\x00\x00\x00\x00\x00\x00\x00\x00\x00\x00\x00\x00\x00\x00\x00\x00\x00\x00\x00\x00\x00\x00\x00\x00\x00\x00\x00\x00\x00\x00\x00\x00\x00\x00\x00\x00\x00\x00\x00\x00\x00\x00\x00\x00\x00\x00\x00\x00\x00\x00\x00\x00\x00\x00\x00\x00\x00\x00\x00\x00\x00\x00\x00\x00\x00\x00\x00\x00\x00\x00\x00\x00\x00\x00\x00\x00\x00\x00\x00\x00\x00\x00\x00\x00\x00\x00\x00\x00\x00\x00\x00\x00\x00\x00\x00\x00\x00\x00\x00\x00\x00\x00\x00\x00\x00\x00',)
2026-09-23 22:52:24,522 LT1-thread root DEBUG gap.py                    1191  gap_read_controller_info  : IUT address 'd01769ee7819' 'public'
2026-09-23 22:52:24,522 LT1-thread root DEBUG gap.py                    596   __gap_current_settings_update : 531
2026-09-23 22:52:24,522 LT1-thread root DEBUG testcase.py               254   start                     : Starting test function: class=<class 'autopts.ptsprojects.testcase.TestFunc'>, func=<function test_cases.<locals>.<lambda> at 0x000001E0BD7C6DE0> start_wid=None stop_wid=None post_wid=None skip_call=None call_count=72 args=() kwds={}
2026-09-23 22:52:24,522 LT1-thread root DEBUG testcase.py               266   start                     : Test function parameters: args=(), kwds={}
2026-09-23 22:52:24,530 LT1-thread root DEBUG testcase.py               254   start                     : Starting test function: class=<class 'autopts.ptsprojects.testcase.TestFunc'>, func=<function test_cases.<locals>.<lambda> at 0x000001E0BD7C5120> start_wid=None stop_wid=None post_wid=None skip_call=None call_count=72 args=() kwds={}
2026-09-23 22:52:24,530 LT1-thread root DEBUG testcase.py               266   start                     : Test function parameters: args=(), kwds={}
2026-09-23 22:52:24,538 LT1-thread root DEBUG testcase.py               254   start                     : Starting test function: class=<class 'autopts.ptsprojects.testcase.TestFunc'>, func=<function test_cases.<locals>.<lambda> at 0x000001E0BD7C6E80> start_wid=None stop_wid=None post_wid=None skip_call=None call_count=72 args=() kwds={}
2026-09-23 22:52:24,539 LT1-thread root DEBUG testcase.py               266   start                     : Test function parameters: args=(), kwds={}
2026-09-23 22:52:24,547 LT1-thread root DEBUG testcase.py               254   start                     : Starting test function: class=<class 'autopts.ptsprojects.testcase.TestFunc'>, func=<function test_cases.<locals>.<lambda> at 0x000001E0BD7C6F20> start_wid=None stop_wid=None post_wid=None skip_call=None call_count=72 args=() kwds={}
2026-09-23 22:52:24,547 LT1-thread root DEBUG testcase.py               266   start                     : Test function parameters: args=(), kwds={}
2026-09-23 22:52:24,555 LT1-thread root DEBUG testcase.py               254   start                     : Starting test function: class=<class 'autopts.ptsprojects.testcase.TestFunc'>, func=<function test_cases.<locals>.<lambda> at 0x000001E0BD7C6FC0> start_wid=None stop_wid=None post_wid=None skip_call=None call_count=72 args=() kwds={}
2026-09-23 22:52:24,555 LT1-thread root DEBUG testcase.py               266   start                     : Test function parameters: args=(), kwds={}
2026-09-23 22:52:24,563 LT1-thread root DEBUG testcase.py               254   start                     : Starting test function: class=<class 'autopts.ptsprojects.testcase.TestFunc'>, func=<function test_cases.<locals>.<lambda> at 0x000001E0BD7C7060> start_wid=None stop_wid=None post_wid=None skip_call=None call_count=72 args=() kwds={}
2026-09-23 22:52:24,563 LT1-thread root DEBUG testcase.py               266   start                     : Test function parameters: args=(), kwds={}
2026-09-23 22:52:24,571 LT1-thread root DEBUG testcase.py               254   start                     : Starting test function: class=<class 'autopts.ptsprojects.testcase.TestFunc'>, func=<function test_cases.<locals>.<lambda> at 0x000001E0BD7C7100> start_wid=None stop_wid=None post_wid=None skip_call=None call_count=72 args=() kwds={}
2026-09-23 22:52:24,571 LT1-thread root DEBUG testcase.py               266   start                     : Test function parameters: args=(), kwds={}
2026-09-23 22:52:24,578 LT1-thread root DEBUG testcase.py               254   start                     : Starting test function: class=<class 'autopts.ptsprojects.testcase.TestFunc'>, func=<function test_cases.<locals>.<lambda> at 0x000001E0BD7C71A0> start_wid=None stop_wid=None post_wid=None skip_call=None call_count=72 args=() kwds={}
2026-09-23 22:52:24,578 LT1-thread root DEBUG testcase.py               266   start                     : Test function parameters: args=(), kwds={}
2026-09-23 22:52:24,587 LT1-thread root DEBUG testcase.py               254   start                     : Starting test function: class=<class 'autopts.ptsprojects.testcase.TestFunc'>, func=<function test_cases.<locals>.<lambda> at 0x000001E0BD7C7240> start_wid=None stop_wid=None post_wid=None skip_call=None call_count=72 args=() kwds={}
2026-09-23 22:52:24,587 LT1-thread root DEBUG testcase.py               266   start                     : Test function parameters: args=(), kwds={}
2026-09-23 22:52:24,595 LT1-thread root DEBUG testcase.py               254   start                     : Starting test function: class=<class 'autopts.ptsprojects.testcase.TestFunc'>, func=<function test_cases.<locals>.<lambda> at 0x000001E0BD7C72E0> start_wid=None stop_wid=None post_wid=None skip_call=None call_count=72 args=() kwds={}
2026-09-23 22:52:24,595 LT1-thread root DEBUG testcase.py               266   start                     : Test function parameters: args=(), kwds={}
2026-09-23 22:52:24,604 LT1-thread root DEBUG testcase.py               254   start                     : Starting test function: class=<class 'autopts.ptsprojects.testcase.TestFunc'>, func=<function core_reg_svc_gatt at 0x000001E0BA25E2A0> start_wid=None stop_wid=None post_wid=None skip_call=None call_count=72 args=() kwds={}
2026-09-23 22:52:24,604 LT1-thread root DEBUG testcase.py               266   start                     : Test function parameters: args=(), kwds={}
2026-09-23 22:52:24,604 LT1-thread root DEBUG btp.py                    117   core_reg_svc_univ         : core_reg_svc_univ: gatt_reg (GATT)
2026-09-23 22:52:24,604 LT1-thread root DEBUG iutctl_common.py          161   send                      : 0 3 255 '2'
2026-09-23 22:52:24,604 LT1-thread root DEBUG iutctl_common.py          166   send                      : sending frame '0003ff010002'
2026-09-23 22:52:24,604 LT1-thread root DEBUG btp.py                    654   core_reg_svc_rsp_succ     : 
2026-09-23 22:52:24,604 LT1-thread root DEBUG iutctl_common.py          339   read                      : 
2026-09-23 22:52:24,645 BTPWorkerThread-9714 (_rx_task) root DEBUG iutctl_common.py          123   read                      : Read 5 bytes
2026-09-23 22:52:24,655 BTPWorkerThread-9714 (_rx_task) root DEBUG iutctl_common.py          131   read                      : Received: hdr: Header(svc_id=0x00, op=0x03, ctrl_index=0xff, data_len=0x00) bytearray(b'\x00\x03\xff\x00\x00')
2026-09-23 22:52:24,666 BTPWorkerThread-9714 (_rx_task) root DEBUG iutctl_common.py          154   read                      : Received data: {''}, bytearray(b'')
2026-09-23 22:52:24,677 LT1-thread root DEBUG btp.py                    665   core_reg_svc_rsp_succ     : received Header(svc_id=0, op=3, ctrl_index=255, data_len=0) (b'',)
2026-09-23 22:52:24,677 LT1-thread root DEBUG btp.py                    666   core_reg_svc_rsp_succ     : expected ((0, 3, 255, 0), (b'',))
2026-09-23 22:52:24,677 LT1-thread root DEBUG btp.py                    671   core_reg_svc_rsp_succ     : response is valid
2026-09-23 22:52:24,677 LT1-thread root DEBUG btp.py                    674   core_reg_svc_rsp_succ     : Reading supported commands for service: GATT
2026-09-23 22:52:24,677 LT1-thread root DEBUG iutctl_common.py          161   send                      : 2 1 255 ''
2026-09-23 22:52:24,677 LT1-thread root DEBUG iutctl_common.py          166   send                      : sending frame '0201ff0000'
2026-09-23 22:52:24,677 LT1-thread root DEBUG iutctl_common.py          339   read                      : 
2026-09-23 22:52:24,710 BTPWorkerThread-9714 (_rx_task) root DEBUG iutctl_common.py          123   read                      : Read 5 bytes
2026-09-23 22:52:24,721 BTPWorkerThread-9714 (_rx_task) root DEBUG iutctl_common.py          131   read                      : Received: hdr: Header(svc_id=0x02, op=0x01, ctrl_index=0xff, data_len=0x05) bytearray(b'\x02\x01\xff\x05\x00')
2026-09-23 22:52:24,743 BTPWorkerThread-9714 (_rx_task) root DEBUG iutctl_common.py          139   read                      : Read 5 bytes data
2026-09-23 22:52:24,754 BTPWorkerThread-9714 (_rx_task) root DEBUG iutctl_common.py          154   read                      : Received data: {'fe fe bf fd 0f'}, bytearray(b'\xfe\xfe\xbf\xfd\x0f')
2026-09-23 22:52:24,759 LT1-thread root DEBUG testcase.py               254   start                     : Starting test function: class=<class 'autopts.ptsprojects.testcase.TestFunc'>, func=<bound method Stack.gatt_init of <autopts.ptsprojects.stack.stack.Stack object at 0x000001E0B9424A70>> start_wid=None stop_wid=None post_wid=None skip_call=None call_count=72 args=() kwds={}
2026-09-23 22:52:24,759 LT1-thread root DEBUG testcase.py               266   start                     : Test function parameters: args=(), kwds={}
2026-09-23 22:52:24,759 LT1-thread root DEBUG testcase.py               254   start                     : Starting test function: class=<class 'autopts.ptsprojects.testcase.TestFunc'>, func=<function gap_set_io_capability at 0x000001E0BA29E020> start_wid=None stop_wid=None post_wid=None skip_call=None call_count=72 args=(4,) kwds={}
2026-09-23 22:52:24,759 LT1-thread root DEBUG testcase.py               266   start                     : Test function parameters: args=(4,), kwds={}
2026-09-23 22:52:24,759 LT1-thread root DEBUG gap.py                    861   gap_set_io_capability     : 4
2026-09-23 22:52:24,760 LT1-thread root DEBUG iutctl_common.py          161   send                      : 1 16 0 '\x04'
2026-09-23 22:52:24,760 LT1-thread root DEBUG iutctl_common.py          166   send                      : sending frame '011000010004'
2026-09-23 22:52:24,760 LT1-thread root DEBUG gap.py                    1229  gap_command_rsp_succ      : 
2026-09-23 22:52:24,760 LT1-thread root DEBUG iutctl_common.py          339   read                      : 
2026-09-23 22:52:24,799 BTPWorkerThread-9714 (_rx_task) root DEBUG iutctl_common.py          123   read                      : Read 5 bytes
2026-09-23 22:52:24,811 BTPWorkerThread-9714 (_rx_task) root DEBUG iutctl_common.py          131   read                      : Received: hdr: Header(svc_id=0x01, op=0x10, ctrl_index=0x00, data_len=0x00) bytearray(b'\x01\x10\x00\x00\x00')
2026-09-23 22:52:24,822 BTPWorkerThread-9714 (_rx_task) root DEBUG iutctl_common.py          154   read                      : Received data: {''}, bytearray(b'')
2026-09-23 22:52:24,833 LT1-thread root DEBUG gap.py                    1234  gap_command_rsp_succ      : received Header(svc_id=1, op=16, ctrl_index=0, data_len=0) (b'',)
2026-09-23 22:52:24,833 LT1-thread root DEBUG testcase.py               254   start                     : Starting test function: class=<class 'autopts.ptsprojects.testcase.TestFunc'>, func=<function gap_set_broadcast_code at 0x000001E0BA2A4220> start_wid=None stop_wid=None post_wid=None skip_call=None call_count=72 args=('0102680553F1415AA265BBAFC6EA03B8',) kwds={}
2026-09-23 22:52:24,833 LT1-thread root DEBUG testcase.py               266   start                     : Test function parameters: args=('0102680553F1415AA265BBAFC6EA03B8',), kwds={}
2026-09-23 22:52:24,833 LT1-thread root DEBUG gap.py                    1891  gap_set_broadcast_code    : '0102680553F1415AA265BBAFC6EA03B8'
2026-09-23 22:52:24,833 LT1-thread root DEBUG testcase.py               254   start                     : Starting test function: class=<class 'autopts.ptsprojects.testcase.TestFunc'>, func=<function set_pts_addr at 0x000001E0BA25DD00> start_wid=None stop_wid=None post_wid=None skip_call=None call_count=72 args=('00:1B:DC:08:E4:4E', 0) kwds={}
2026-09-23 22:52:24,833 LT1-thread root DEBUG testcase.py               266   start                     : Test function parameters: args=('00:1B:DC:08:E4:4E', 0), kwds={}
2026-09-23 22:52:24,833 LT1-thread root DEBUG testcase.py               254   start                     : Starting test function: class=<class 'autopts.ptsprojects.testcase.TestFunc'>, func=<function gatts_add_svc at 0x000001E0BA2B5940> start_wid=None stop_wid=None post_wid=None skip_call=None call_count=65 args=(0, 'AA51') kwds={}
2026-09-23 22:52:24,833 LT1-thread root DEBUG testcase.py               266   start                     : Test function parameters: args=(0, 'AA51'), kwds={}
2026-09-23 22:52:24,834 LT1-thread root DEBUG gatt.py                   143   gatts_add_svc             : 0 'AA51'
2026-09-23 22:52:24,834 LT1-thread root DEBUG iutctl_common.py          161   send                      : 2 2 0 "bytearray(b'\\x00\\x02Q\\xaa')"
2026-09-23 22:52:24,834 LT1-thread root DEBUG iutctl_common.py          166   send                      : sending frame '0202000400000251aa'
2026-09-23 22:52:24,834 LT1-thread root DEBUG gatt.py                   1190  gatt_command_rsp_succ     : 
2026-09-23 22:52:24,834 LT1-thread root DEBUG iutctl_common.py          339   read                      : 
2026-09-23 22:52:24,875 BTPWorkerThread-9714 (_rx_task) root DEBUG iutctl_common.py          123   read                      : Read 5 bytes
2026-09-23 22:52:24,887 BTPWorkerThread-9714 (_rx_task) root DEBUG iutctl_common.py          131   read                      : Received: hdr: Header(svc_id=0x02, op=0x02, ctrl_index=0x00, data_len=0x02) bytearray(b'\x02\x02\x00\x02\x00')
2026-09-23 22:52:24,908 BTPWorkerThread-9714 (_rx_task) root DEBUG iutctl_common.py          139   read                      : Read 2 bytes data
2026-09-23 22:52:24,913 BTPWorkerThread-9714 (_rx_task) root DEBUG iutctl_common.py          154   read                      : Received data: {'00 00'}, bytearray(b'\x00\x00')
2026-09-23 22:52:24,924 LT1-thread root DEBUG gatt.py                   1195  gatt_command_rsp_succ     : received Header(svc_id=2, op=2, ctrl_index=0, data_len=2) (b'\x00\x00',)
2026-09-23 22:52:24,924 LT1-thread root DEBUG testcase.py               254   start                     : Starting test function: class=<class 'autopts.ptsprojects.testcase.TestFunc'>, func=<function gatts_add_char at 0x000001E0BA2B5A80> start_wid=None stop_wid=None post_wid=None skip_call=None call_count=65 args=(0, 2, 17, 'AA52') kwds={}
2026-09-23 22:52:24,924 LT1-thread root DEBUG testcase.py               266   start                     : Test function parameters: args=(0, 2, 17, 'AA52'), kwds={}
2026-09-23 22:52:24,924 LT1-thread root DEBUG gatt.py                   177   gatts_add_char            : 0 2 17 'AA52'
2026-09-23 22:52:24,924 LT1-thread root DEBUG iutctl_common.py          161   send                      : 2 3 0 "bytearray(b'\\x00\\x00\\x02\\x11\\x02R\\xaa')"
2026-09-23 22:52:24,924 LT1-thread root DEBUG iutctl_common.py          166   send                      : sending frame '0203000700000002110252aa'
2026-09-23 22:52:24,925 LT1-thread root DEBUG gatt.py                   1190  gatt_command_rsp_succ     : 
2026-09-23 22:52:24,925 LT1-thread root DEBUG iutctl_common.py          339   read                      : 
2026-09-23 22:52:24,958 BTPWorkerThread-9714 (_rx_task) root DEBUG iutctl_common.py          123   read                      : Read 5 bytes
2026-09-23 22:52:24,963 BTPWorkerThread-9714 (_rx_task) root DEBUG iutctl_common.py          131   read                      : Received: hdr: Header(svc_id=0x02, op=0x03, ctrl_index=0x00, data_len=0x02) bytearray(b'\x02\x03\x00\x02\x00')
2026-09-23 22:52:24,980 BTPWorkerThread-9714 (_rx_task) root DEBUG iutctl_common.py          139   read                      : Read 2 bytes data
2026-09-23 22:52:24,985 BTPWorkerThread-9714 (_rx_task) root DEBUG iutctl_common.py          154   read                      : Received data: {'00 00'}, bytearray(b'\x00\x00')
2026-09-23 22:52:24,997 LT1-thread root DEBUG gatt.py                   1195  gatt_command_rsp_succ     : received Header(svc_id=2, op=3, ctrl_index=0, data_len=2) (b'\x00\x00',)
2026-09-23 22:52:24,997 LT1-thread root DEBUG testcase.py               254   start                     : Starting test function: class=<class 'autopts.ptsprojects.testcase.TestFunc'>, func=<function gatts_set_val at 0x000001E0BA2B5B20> start_wid=None stop_wid=None post_wid=None skip_call=None call_count=65 args=(0, '01') kwds={}
2026-09-23 22:52:24,997 LT1-thread root DEBUG testcase.py               266   start                     : Test function parameters: args=(0, '01'), kwds={}
2026-09-23 22:52:24,997 LT1-thread root DEBUG gatt.py                   209   gatts_set_val             : 0 '01' 
2026-09-23 22:52:24,997 LT1-thread root DEBUG iutctl_common.py          161   send                      : 2 6 0 "bytearray(b'\\x00\\x00\\x01\\x00\\x01')"
2026-09-23 22:52:24,997 LT1-thread root DEBUG iutctl_common.py          166   send                      : sending frame '02060005000000010001'
2026-09-23 22:52:24,998 LT1-thread root DEBUG gatt.py                   1190  gatt_command_rsp_succ     : 
2026-09-23 22:52:24,998 LT1-thread root DEBUG iutctl_common.py          339   read                      : 
2026-09-23 22:52:25,035 BTPWorkerThread-9714 (_rx_task) root DEBUG iutctl_common.py          123   read                      : Read 5 bytes
2026-09-23 22:52:25,041 BTPWorkerThread-9714 (_rx_task) root DEBUG iutctl_common.py          131   read                      : Received: hdr: Header(svc_id=0x02, op=0x06, ctrl_index=0x00, data_len=0x00) bytearray(b'\x02\x06\x00\x00\x00')
2026-09-23 22:52:25,047 BTPWorkerThread-9714 (_rx_task) root DEBUG iutctl_common.py          154   read                      : Received data: {''}, bytearray(b'')
2026-09-23 22:52:25,058 LT1-thread root DEBUG gatt.py                   1195  gatt_command_rsp_succ     : received Header(svc_id=2, op=6, ctrl_index=0, data_len=0) (b'',)
2026-09-23 22:52:25,058 LT1-thread root DEBUG testcase.py               254   start                     : Starting test function: class=<class 'autopts.ptsprojects.testcase.TestFunc'>, func=<function gatts_add_char at 0x000001E0BA2B5A80> start_wid=None stop_wid=None post_wid=None skip_call=None call_count=65 args=(0, 2, 5, 'AA53') kwds={}
2026-09-23 22:52:25,058 LT1-thread root DEBUG testcase.py               266   start                     : Test function parameters: args=(0, 2, 5, 'AA53'), kwds={}
2026-09-23 22:52:25,058 LT1-thread root DEBUG gatt.py                   177   gatts_add_char            : 0 2 5 'AA53'
2026-09-23 22:52:25,058 LT1-thread root DEBUG iutctl_common.py          161   send                      : 2 3 0 "bytearray(b'\\x00\\x00\\x02\\x05\\x02S\\xaa')"
2026-09-23 22:52:25,059 LT1-thread root DEBUG iutctl_common.py          166   send                      : sending frame '0203000700000002050253aa'
2026-09-23 22:52:25,059 LT1-thread root DEBUG gatt.py                   1190  gatt_command_rsp_succ     : 
2026-09-23 22:52:25,059 LT1-thread root DEBUG iutctl_common.py          339   read                      : 
2026-09-23 22:52:25,090 BTPWorkerThread-9714 (_rx_task) root DEBUG iutctl_common.py          123   read                      : Read 5 bytes
2026-09-23 22:52:25,100 BTPWorkerThread-9714 (_rx_task) root DEBUG iutctl_common.py          131   read                      : Received: hdr: Header(svc_id=0x02, op=0x03, ctrl_index=0x00, data_len=0x02) bytearray(b'\x02\x03\x00\x02\x00')
2026-09-23 22:52:25,106 BTPWorkerThread-9714 (_rx_task) root DEBUG iutctl_common.py          139   read                      : Read 2 bytes data
2026-09-23 22:52:25,117 BTPWorkerThread-9714 (_rx_task) root DEBUG iutctl_common.py          154   read                      : Received data: {'00 00'}, bytearray(b'\x00\x00')
2026-09-23 22:52:25,127 LT1-thread root DEBUG gatt.py                   1195  gatt_command_rsp_succ     : received Header(svc_id=2, op=3, ctrl_index=0, data_len=2) (b'\x00\x00',)
2026-09-23 22:52:25,127 LT1-thread root DEBUG testcase.py               254   start                     : Starting test function: class=<class 'autopts.ptsprojects.testcase.TestFunc'>, func=<function gatts_set_val at 0x000001E0BA2B5B20> start_wid=None stop_wid=None post_wid=None skip_call=None call_count=65 args=(0, '02') kwds={}
2026-09-23 22:52:25,127 LT1-thread root DEBUG testcase.py               266   start                     : Test function parameters: args=(0, '02'), kwds={}
2026-09-23 22:52:25,127 LT1-thread root DEBUG gatt.py                   209   gatts_set_val             : 0 '02' 
2026-09-23 22:52:25,127 LT1-thread root DEBUG iutctl_common.py          161   send                      : 2 6 0 "bytearray(b'\\x00\\x00\\x01\\x00\\x02')"
2026-09-23 22:52:25,127 LT1-thread root DEBUG iutctl_common.py          166   send                      : sending frame '02060005000000010002'
2026-09-23 22:52:25,128 LT1-thread root DEBUG gatt.py                   1190  gatt_command_rsp_succ     : 
2026-09-23 22:52:25,128 LT1-thread root DEBUG iutctl_common.py          339   read                      : 
2026-09-23 22:52:25,161 BTPWorkerThread-9714 (_rx_task) root DEBUG iutctl_common.py          123   read                      : Read 5 bytes
2026-09-23 22:52:25,167 BTPWorkerThread-9714 (_rx_task) root DEBUG iutctl_common.py          131   read                      : Received: hdr: Header(svc_id=0x02, op=0x06, ctrl_index=0x00, data_len=0x00) bytearray(b'\x02\x06\x00\x00\x00')
2026-09-23 22:52:25,167 BTPWorkerThread-9714 (_rx_task) root DEBUG iutctl_common.py          154   read                      : Received data: {''}, bytearray(b'')
2026-09-23 22:52:25,172 LT1-thread root DEBUG gatt.py                   1195  gatt_command_rsp_succ     : received Header(svc_id=2, op=6, ctrl_index=0, data_len=0) (b'',)
2026-09-23 22:52:25,172 LT1-thread root DEBUG testcase.py               254   start                     : Starting test function: class=<class 'autopts.ptsprojects.testcase.TestFunc'>, func=<function gatts_add_char at 0x000001E0BA2B5A80> start_wid=None stop_wid=None post_wid=None skip_call=None call_count=65 args=(0, 10, 48, 'AA55') kwds={}
2026-09-23 22:52:25,172 LT1-thread root DEBUG testcase.py               266   start                     : Test function parameters: args=(0, 10, 48, 'AA55'), kwds={}
2026-09-23 22:52:25,172 LT1-thread root DEBUG gatt.py                   177   gatts_add_char            : 0 10 48 'AA55'
2026-09-23 22:52:25,173 LT1-thread root DEBUG iutctl_common.py          161   send                      : 2 3 0 "bytearray(b'\\x00\\x00\\n0\\x02U\\xaa')"
2026-09-23 22:52:25,173 LT1-thread root DEBUG iutctl_common.py          166   send                      : sending frame '020300070000000a300255aa'
2026-09-23 22:52:25,173 LT1-thread root DEBUG gatt.py                   1190  gatt_command_rsp_succ     : 
2026-09-23 22:52:25,173 LT1-thread root DEBUG iutctl_common.py          339   read                      : 
2026-09-23 22:52:25,207 BTPWorkerThread-9714 (_rx_task) root DEBUG iutctl_common.py          123   read                      : Read 5 bytes
2026-09-23 22:52:25,217 BTPWorkerThread-9714 (_rx_task) root DEBUG iutctl_common.py          131   read                      : Received: hdr: Header(svc_id=0x02, op=0x03, ctrl_index=0x00, data_len=0x02) bytearray(b'\x02\x03\x00\x02\x00')
2026-09-23 22:52:25,234 BTPWorkerThread-9714 (_rx_task) root DEBUG iutctl_common.py          139   read                      : Read 2 bytes data
2026-09-23 22:52:25,245 BTPWorkerThread-9714 (_rx_task) root DEBUG iutctl_common.py          154   read                      : Received data: {'00 00'}, bytearray(b'\x00\x00')
2026-09-23 22:52:25,245 LT1-thread root DEBUG gatt.py                   1195  gatt_command_rsp_succ     : received Header(svc_id=2, op=3, ctrl_index=0, data_len=2) (b'\x00\x00',)
2026-09-23 22:52:25,245 LT1-thread root DEBUG testcase.py               254   start                     : Starting test function: class=<class 'autopts.ptsprojects.testcase.TestFunc'>, func=<function gatts_set_val at 0x000001E0BA2B5B20> start_wid=None stop_wid=None post_wid=None skip_call=None call_count=65 args=(0, '04') kwds={}
2026-09-23 22:52:25,245 LT1-thread root DEBUG testcase.py               266   start                     : Test function parameters: args=(0, '04'), kwds={}
2026-09-23 22:52:25,246 LT1-thread root DEBUG gatt.py                   209   gatts_set_val             : 0 '04' 
2026-09-23 22:52:25,246 LT1-thread root DEBUG iutctl_common.py          161   send                      : 2 6 0 "bytearray(b'\\x00\\x00\\x01\\x00\\x04')"
2026-09-23 22:52:25,246 LT1-thread root DEBUG iutctl_common.py          166   send                      : sending frame '02060005000000010004'
2026-09-23 22:52:25,246 LT1-thread root DEBUG gatt.py                   1190  gatt_command_rsp_succ     : 
2026-09-23 22:52:25,246 LT1-thread root DEBUG iutctl_common.py          339   read                      : 
2026-09-23 22:52:25,283 BTPWorkerThread-9714 (_rx_task) root DEBUG iutctl_common.py          123   read                      : Read 5 bytes
2026-09-23 22:52:25,293 BTPWorkerThread-9714 (_rx_task) root DEBUG iutctl_common.py          131   read                      : Received: hdr: Header(svc_id=0x02, op=0x06, ctrl_index=0x00, data_len=0x00) bytearray(b'\x02\x06\x00\x00\x00')
2026-09-23 22:52:25,293 BTPWorkerThread-9714 (_rx_task) root DEBUG iutctl_common.py          154   read                      : Received data: {''}, bytearray(b'')
2026-09-23 22:52:25,299 LT1-thread root DEBUG gatt.py                   1195  gatt_command_rsp_succ     : received Header(svc_id=2, op=6, ctrl_index=0, data_len=0) (b'',)
2026-09-23 22:52:25,299 LT1-thread root DEBUG testcase.py               254   start                     : Starting test function: class=<class 'autopts.ptsprojects.testcase.TestFunc'>, func=<function gatts_start_server at 0x000001E0BA2B5DA0> start_wid=None stop_wid=None post_wid=None skip_call=None call_count=65 args=() kwds={}
2026-09-23 22:52:25,299 LT1-thread root DEBUG testcase.py               266   start                     : Test function parameters: args=(), kwds={}
2026-09-23 22:52:25,299 LT1-thread root DEBUG gatt.py                   306   gatts_start_server        : 
2026-09-23 22:52:25,299 LT1-thread root DEBUG iutctl_common.py          161   send                      : 2 7 0 ''
2026-09-23 22:52:25,299 LT1-thread root DEBUG iutctl_common.py          166   send                      : sending frame '0207000000'
2026-09-23 22:52:25,300 LT1-thread root DEBUG gatt.py                   1190  gatt_command_rsp_succ     : 
2026-09-23 22:52:25,300 LT1-thread root DEBUG iutctl_common.py          339   read                      : 
2026-09-23 22:52:25,337 BTPWorkerThread-9714 (_rx_task) root DEBUG iutctl_common.py          123   read                      : Read 5 bytes
2026-09-23 22:52:25,348 BTPWorkerThread-9714 (_rx_task) root DEBUG iutctl_common.py          131   read                      : Received: hdr: Header(svc_id=0x02, op=0x07, ctrl_index=0x00, data_len=0x03) bytearray(b'\x02\x07\x00\x03\x00')
2026-09-23 22:52:25,369 BTPWorkerThread-9714 (_rx_task) root DEBUG iutctl_common.py          139   read                      : Read 3 bytes data
2026-09-23 22:52:25,380 BTPWorkerThread-9714 (_rx_task) root DEBUG iutctl_common.py          154   read                      : Received data: {'00 00 00'}, bytearray(b'\x00\x00\x00')
2026-09-23 22:52:25,396 LT1-thread root DEBUG gatt.py                   1195  gatt_command_rsp_succ     : received Header(svc_id=2, op=7, ctrl_index=0, data_len=3) (b'\x00\x00\x00',)
2026-09-23 22:52:25,398 LT1-thread root DEBUG client.py                 276   get_result                : ClientCallback.get_result run_test_case
2026-09-23 22:52:26,243 LT1-callback ClientCallback.on_implicit_send INFO client.py                 223   on_implicit_send          : 
    ********************
    BEGIN OnImplicitSend:
    project_name: GAP
    wid: 135
    test_case_name: GAP/BOND/BON/BV-01-C
    description: Please have Upper Tester remove the bonding information of the PTS. Press OK to continue.
    style: MMI_Style_Ok 0x11040
2026-09-23 22:52:26,243 LT1-callback ClientCallback.on_implicit_send INFO client.py                 236   on_implicit_send          : Calling test cases on_implicit_send
2026-09-23 22:52:26,243 LT1-callback ClientCallback.on_implicit_send INFO client.py                 249   on_implicit_send          : 
    on_implicit_send returned response: WAIT
    END OnImplicitSend
    ********************
2026-09-23 22:52:26,398 LT1-thread root DEBUG testcase.py               679   run_wid                   : GAP GAP/BOND/BON/BV-01-C on_implicit_send
2026-09-23 22:52:26,398 LT1-thread root DEBUG gap_wid.py                26    gap_wid_hdl               : gap_wid_hdl, 135, Please have Upper Tester remove the bonding information of the PTS. Press OK to continue., GAP/BOND/BON/BV-01-C
2026-09-23 22:52:26,399 LT1-thread root DEBUG gap.py                    914   gap_unpair                : None None
2026-09-23 22:52:26,399 LT1-thread root DEBUG iutctl_common.py          161   send                      : 1 18 0 "bytearray(b'\\x00N\\xe4\\x08\\xdc\\x1b\\x00')"
2026-09-23 22:52:26,399 LT1-thread root DEBUG iutctl_common.py          166   send                      : sending frame '0112000700004ee408dc1b00'
2026-09-23 22:52:26,399 LT1-thread root DEBUG gap.py                    1229  gap_command_rsp_succ      : 
2026-09-23 22:52:26,399 LT1-thread root DEBUG iutctl_common.py          339   read                      : 
2026-09-23 22:52:26,439 BTPWorkerThread-9714 (_rx_task) root DEBUG iutctl_common.py          123   read                      : Read 5 bytes
2026-09-23 22:52:26,449 BTPWorkerThread-9714 (_rx_task) root DEBUG iutctl_common.py          131   read                      : Received: hdr: Header(svc_id=0x01, op=0x12, ctrl_index=0x00, data_len=0x00) bytearray(b'\x01\x12\x00\x00\x00')
2026-09-23 22:52:26,454 BTPWorkerThread-9714 (_rx_task) root DEBUG iutctl_common.py          154   read                      : Received data: {''}, bytearray(b'')
2026-09-23 22:52:26,454 LT1-thread root DEBUG gap.py                    1234  gap_command_rsp_succ      : received Header(svc_id=1, op=18, ctrl_index=0, data_len=0) (b'',)
2026-09-23 22:52:26,454 LT1-thread root DEBUG testcase.py               722   run_wid                   : Sending response 'Ok' to wid 135 test case GAP/BOND/BON/BV-01-C
2026-09-23 22:52:26,456 LT1-thread root DEBUG client.py                 276   get_result                : ClientCallback.get_result run_test_case
2026-09-23 22:52:27,643 LT1-callback ClientCallback.on_implicit_send INFO client.py                 223   on_implicit_send          : 
    ********************
    BEGIN OnImplicitSend:
    project_name: GAP
    wid: 91
    test_case_name: GAP/BOND/BON/BV-01-C
    description: Please send a connectable undirected advertising report.
    style: MMI_Style_Ok_Cancel2 0x11141
2026-09-23 22:52:27,643 LT1-callback ClientCallback.on_implicit_send INFO client.py                 236   on_implicit_send          : Calling test cases on_implicit_send
2026-09-23 22:52:27,643 LT1-callback ClientCallback.on_implicit_send INFO client.py                 249   on_implicit_send          : 
    on_implicit_send returned response: WAIT
    END OnImplicitSend
    ********************
2026-09-23 22:52:28,457 LT1-thread root DEBUG testcase.py               679   run_wid                   : GAP GAP/BOND/BON/BV-01-C on_implicit_send
2026-09-23 22:52:28,457 LT1-thread root DEBUG gap_wid.py                26    gap_wid_hdl               : gap_wid_hdl, 91, Please send a connectable undirected advertising report., GAP/BOND/BON/BV-01-C
2026-09-23 22:52:28,457 LT1-thread root DEBUG gap.py                    984   gap_set_connectable       : 
2026-09-23 22:52:28,457 LT1-thread root DEBUG gap.py                    650   gap_start_advertising     : {9: b'Tester_08E44E'} None
2026-09-23 22:52:28,457 LT1-thread root DEBUG iutctl_common.py          161   send                      : 1 10 0 "bytearray(b'\\x0f\\x00\\t\\rTester_08E44E\\xff\\xff\\xff\\xff\\x00')"
2026-09-23 22:52:28,457 LT1-thread root DEBUG iutctl_common.py          166   send                      : sending frame '010a0016000f00090d5465737465725f303845343445ffffffff00'
2026-09-23 22:52:28,458 LT1-thread root DEBUG gap.py                    1229  gap_command_rsp_succ      : 
2026-09-23 22:52:28,458 LT1-thread root DEBUG iutctl_common.py          339   read                      : 
2026-09-23 22:52:28,491 BTPWorkerThread-9714 (_rx_task) root DEBUG iutctl_common.py          123   read                      : Read 5 bytes
2026-09-23 22:52:28,491 BTPWorkerThread-9714 (_rx_task) root DEBUG iutctl_common.py          131   read                      : Received: hdr: Header(svc_id=0x01, op=0x0a, ctrl_index=0x00, data_len=0x04) bytearray(b'\x01\n\x00\x04\x00')
2026-09-23 22:52:28,502 BTPWorkerThread-9714 (_rx_task) root DEBUG iutctl_common.py          139   read                      : Read 4 bytes data
2026-09-23 22:52:28,502 BTPWorkerThread-9714 (_rx_task) root DEBUG iutctl_common.py          154   read                      : Received data: {'13 06 00 00'}, bytearray(b'\x13\x06\x00\x00')
2026-09-23 22:52:28,508 LT1-thread root DEBUG gap.py                    1234  gap_command_rsp_succ      : received Header(svc_id=1, op=10, ctrl_index=0, data_len=4) (b'\x13\x06\x00\x00',)
2026-09-23 22:52:28,508 LT1-thread root DEBUG gap.py                    596   __gap_current_settings_update : (b'\x13\x06\x00\x00',)
2026-09-23 22:52:28,508 LT1-thread root DEBUG testcase.py               722   run_wid                   : Sending response 'OK' to wid 91 test case GAP/BOND/BON/BV-01-C
2026-09-23 22:52:28,511 LT1-thread root DEBUG client.py                 276   get_result                : ClientCallback.get_result run_test_case
2026-09-23 22:52:28,627 BTPWorkerThread-9714 (_rx_task) root DEBUG iutctl_common.py          123   read                      : Read 5 bytes
2026-09-23 22:52:28,627 BTPWorkerThread-9714 (_rx_task) root DEBUG iutctl_common.py          131   read                      : Received: hdr: Header(svc_id=0x01, op=0x82, ctrl_index=0x00, data_len=0x0d) bytearray(b'\x01\x82\x00\r\x00')
2026-09-23 22:52:28,627 BTPWorkerThread-9714 (_rx_task) root DEBUG iutctl_common.py          139   read                      : Read 13 bytes data
2026-09-23 22:52:28,627 BTPWorkerThread-9714 (_rx_task) root DEBUG iutctl_common.py          154   read                      : Received data: {'00 4e e4 08 dc 1b 00 3c 00 00 00 d0 07'}, bytearray(b'\x00N\xe4\x08\xdc\x1b\x00<\x00\x00\x00\xd0\x07')
2026-09-23 22:52:28,627 BTPWorkerThread-9714 (_rx_task) root DEBUG btp.py                    736   event_handler             : Header(svc_id=1, op=130, ctrl_index=0, data_len=13) (b'\x00N\xe4\x08\xdc\x1b\x00<\x00\x00\x00\xd0\x07',)
2026-09-23 22:52:28,627 BTPWorkerThread-9714 (_rx_task) root DEBUG gap.py                    215   gap_connected_ev_         : b'\x00N\xe4\x08\xdc\x1b\x00<\x00\x00\x00\xd0\x07'
2026-09-23 22:52:28,627 BTPWorkerThread-9714 (_rx_task) root DEBUG iutctl_common.py          123   read                      : Read 5 bytes
2026-09-23 22:52:28,627 BTPWorkerThread-9714 (_rx_task) root DEBUG iutctl_common.py          131   read                      : Received: hdr: Header(svc_id=0x01, op=0x80, ctrl_index=0x00, data_len=0x04) bytearray(b'\x01\x80\x00\x04\x00')
2026-09-23 22:52:28,627 BTPWorkerThread-9714 (_rx_task) root DEBUG iutctl_common.py          139   read                      : Read 4 bytes data
2026-09-23 22:52:28,627 BTPWorkerThread-9714 (_rx_task) root DEBUG iutctl_common.py          154   read                      : Received data: {'13 02 00 00'}, bytearray(b'\x13\x02\x00\x00')
2026-09-23 22:52:28,627 BTPWorkerThread-9714 (_rx_task) root DEBUG btp.py                    736   event_handler             : Header(svc_id=1, op=128, ctrl_index=0, data_len=4) (b'\x13\x02\x00\x00',)
2026-09-23 22:52:28,628 BTPWorkerThread-9714 (_rx_task) root DEBUG gap.py                    183   gap_new_settings_ev_      : b'\x13\x02\x00\x00'
2026-09-23 22:52:28,628 BTPWorkerThread-9714 (_rx_task) root DEBUG gap.py                    596   __gap_current_settings_update : 531
2026-09-23 22:52:29,197 LT1-callback ClientCallback.on_implicit_send INFO client.py                 223   on_implicit_send          : 
    ********************
    BEGIN OnImplicitSend:
    project_name: GAP
    wid: 108
    test_case_name: GAP/BOND/BON/BV-01-C
    description: Please start the Bonding Procedure in bondable mode.
    style: MMI_Style_Ok_Cancel2 0x11141
2026-09-23 22:52:29,197 LT1-callback ClientCallback.on_implicit_send INFO client.py                 236   on_implicit_send          : Calling test cases on_implicit_send
2026-09-23 22:52:29,197 LT1-callback ClientCallback.on_implicit_send INFO client.py                 249   on_implicit_send          : 
    on_implicit_send returned response: WAIT
    END OnImplicitSend
    ********************
2026-09-23 22:52:29,512 LT1-thread root DEBUG testcase.py               679   run_wid                   : GAP GAP/BOND/BON/BV-01-C on_implicit_send
2026-09-23 22:52:29,512 LT1-thread root DEBUG gap_wid.py                26    gap_wid_hdl               : gap_wid_hdl, 108, Please start the Bonding Procedure in bondable mode., GAP/BOND/BON/BV-01-C
2026-09-23 22:52:29,513 LT1-thread root DEBUG gap.py                    873   gap_pair                  : None None
2026-09-23 22:52:29,513 LT1-thread root DEBUG iutctl_common.py          161   send                      : 1 17 0 "bytearray(b'\\x00N\\xe4\\x08\\xdc\\x1b\\x00')"
2026-09-23 22:52:29,513 LT1-thread root DEBUG iutctl_common.py          166   send                      : sending frame '0111000700004ee408dc1b00'
2026-09-23 22:52:29,513 LT1-thread root DEBUG gap.py                    1229  gap_command_rsp_succ      : 
2026-09-23 22:52:29,513 LT1-thread root DEBUG iutctl_common.py          339   read                      : 
2026-09-23 22:52:29,548 BTPWorkerThread-9714 (_rx_task) root DEBUG iutctl_common.py          123   read                      : Read 5 bytes
2026-09-23 22:52:29,554 BTPWorkerThread-9714 (_rx_task) root DEBUG iutctl_common.py          131   read                      : Received: hdr: Header(svc_id=0x01, op=0x11, ctrl_index=0x00, data_len=0x00) bytearray(b'\x01\x11\x00\x00\x00')
2026-09-23 22:52:29,554 BTPWorkerThread-9714 (_rx_task) root DEBUG iutctl_common.py          154   read                      : Received data: {''}, bytearray(b'')
2026-09-23 22:52:29,559 LT1-thread root DEBUG gap.py                    1234  gap_command_rsp_succ      : received Header(svc_id=1, op=17, ctrl_index=0, data_len=0) (b'',)
2026-09-23 22:52:29,559 LT1-thread root DEBUG testcase.py               722   run_wid                   : Sending response 'OK' to wid 108 test case GAP/BOND/BON/BV-01-C
2026-09-23 22:52:29,561 LT1-thread root DEBUG client.py                 276   get_result                : ClientCallback.get_result run_test_case
2026-09-23 22:52:30,384 LT1-callback ClientCallback.on_implicit_send INFO client.py                 223   on_implicit_send          : 
    ********************
    BEGIN OnImplicitSend:
    project_name: GAP
    wid: 118
    test_case_name: GAP/BOND/BON/BV-01-C
    description: Please press ok to disconnect the link.
    style: MMI_Style_Ok_Cancel1 0x11041
2026-09-23 22:52:30,384 LT1-callback ClientCallback.on_implicit_send INFO client.py                 236   on_implicit_send          : Calling test cases on_implicit_send
2026-09-23 22:52:30,384 LT1-callback ClientCallback.on_implicit_send INFO client.py                 249   on_implicit_send          : 
    on_implicit_send returned response: WAIT
    END OnImplicitSend
    ********************
2026-09-23 22:52:30,560 BTPWorkerThread-9714 (_rx_task) root DEBUG iutctl_common.py          123   read                      : Read 5 bytes
2026-09-23 22:52:30,560 BTPWorkerThread-9714 (_rx_task) root DEBUG iutctl_common.py          131   read                      : Received: hdr: Header(svc_id=0x01, op=0x91, ctrl_index=0x00, data_len=0x09) bytearray(b'\x01\x91\x00\t\x00')
2026-09-23 22:52:30,560 BTPWorkerThread-9714 (_rx_task) root DEBUG iutctl_common.py          139   read                      : Read 9 bytes data
2026-09-23 22:52:30,561 BTPWorkerThread-9714 (_rx_task) root DEBUG iutctl_common.py          154   read                      : Received data: {'00 4e e4 08 dc 1b 00 01 10'}, bytearray(b'\x00N\xe4\x08\xdc\x1b\x00\x01\x10')
2026-09-23 22:52:30,561 BTPWorkerThread-9714 (_rx_task) root DEBUG btp.py                    736   event_handler             : Header(svc_id=1, op=145, ctrl_index=0, data_len=9) (b'\x00N\xe4\x08\xdc\x1b\x00\x01\x10',)
2026-09-23 22:52:30,561 BTPWorkerThread-9714 (_rx_task) root DEBUG gap.py                    494   gap_encryption_change_ev_ : 
2026-09-23 22:52:30,561 BTPWorkerThread-9714 (_rx_task) root DEBUG gap.py                    496   gap_encryption_change_ev_ : enc change received b'\x00N\xe4\x08\xdc\x1b\x00\x01\x10'
2026-09-23 22:52:30,561 BTPWorkerThread-9714 (_rx_task) root DEBUG gap.py                    505   gap_encryption_change_ev_ : received (0, '001bdc08e44e', 1, 16)
2026-09-23 22:52:30,561 BTPWorkerThread-9714 (_rx_task) root DEBUG iutctl_common.py          123   read                      : Read 5 bytes
2026-09-23 22:52:30,561 BTPWorkerThread-9714 (_rx_task) root DEBUG iutctl_common.py          131   read                      : Received: hdr: Header(svc_id=0x01, op=0x89, ctrl_index=0x00, data_len=0x08) bytearray(b'\x01\x89\x00\x08\x00')
2026-09-23 22:52:30,561 BTPWorkerThread-9714 (_rx_task) root DEBUG iutctl_common.py          139   read                      : Read 8 bytes data
2026-09-23 22:52:30,561 BTPWorkerThread-9714 (_rx_task) root DEBUG iutctl_common.py          154   read                      : Received data: {'00 4e e4 08 dc 1b 00 02'}, bytearray(b'\x00N\xe4\x08\xdc\x1b\x00\x02')
2026-09-23 22:52:30,561 BTPWorkerThread-9714 (_rx_task) root DEBUG btp.py                    736   event_handler             : Header(svc_id=1, op=137, ctrl_index=0, data_len=8) (b'\x00N\xe4\x08\xdc\x1b\x00\x02',)
2026-09-23 22:52:30,561 BTPWorkerThread-9714 (_rx_task) root DEBUG gap.py                    300   gap_sec_level_changed_ev_ : 
2026-09-23 22:52:30,562 BTPWorkerThread-9714 (_rx_task) root DEBUG gap.py                    302   gap_sec_level_changed_ev_ : received b'\x00N\xe4\x08\xdc\x1b\x00\x02'
2026-09-23 22:52:30,562 BTPWorkerThread-9714 (_rx_task) root DEBUG gap.py                    313   gap_sec_level_changed_ev_ : received (0, '001bdc08e44e', 2)
2026-09-23 22:52:30,562 LT1-thread root DEBUG testcase.py               679   run_wid                   : GAP GAP/BOND/BON/BV-01-C on_implicit_send
2026-09-23 22:52:30,562 LT1-thread root DEBUG gap_wid.py                26    gap_wid_hdl               : gap_wid_hdl, 118, Please press ok to disconnect the link., GAP/BOND/BON/BV-01-C
2026-09-23 22:52:30,562 LT1-thread root DEBUG testcase.py               722   run_wid                   : Sending response 'OK' to wid 118 test case GAP/BOND/BON/BV-01-C
2026-09-23 22:52:30,564 LT1-thread root DEBUG client.py                 276   get_result                : ClientCallback.get_result run_test_case
2026-09-23 22:52:30,603 BTPWorkerThread-9714 (_rx_task) root DEBUG iutctl_common.py          123   read                      : Read 5 bytes
2026-09-23 22:52:30,603 BTPWorkerThread-9714 (_rx_task) root DEBUG iutctl_common.py          131   read                      : Received: hdr: Header(svc_id=0x01, op=0x98, ctrl_index=0x00, data_len=0x08) bytearray(b'\x01\x98\x00\x08\x00')
2026-09-23 22:52:30,603 BTPWorkerThread-9714 (_rx_task) root DEBUG iutctl_common.py          139   read                      : Read 8 bytes data
2026-09-23 22:52:30,603 BTPWorkerThread-9714 (_rx_task) root DEBUG iutctl_common.py          154   read                      : Received data: {'00 4e e4 08 dc 1b 00 00'}, bytearray(b'\x00N\xe4\x08\xdc\x1b\x00\x00')
2026-09-23 22:52:30,604 BTPWorkerThread-9714 (_rx_task) root DEBUG btp.py                    736   event_handler             : Header(svc_id=1, op=152, ctrl_index=0, data_len=8) (b'\x00N\xe4\x08\xdc\x1b\x00\x00',)
2026-09-23 22:52:30,604 BTPWorkerThread-9714 (_rx_task) root DEBUG gap.py                    511   gap_peer_car_status_ev_   : 
2026-09-23 22:52:30,604 BTPWorkerThread-9714 (_rx_task) root DEBUG gap.py                    518   gap_peer_car_status_ev_   : received (0, '001bdc08e44e', 0)
2026-09-23 22:52:30,613 BTPWorkerThread-9714 (_rx_task) root DEBUG iutctl_common.py          123   read                      : Read 5 bytes
2026-09-23 22:52:30,613 BTPWorkerThread-9714 (_rx_task) root DEBUG iutctl_common.py          131   read                      : Received: hdr: Header(svc_id=0x01, op=0x83, ctrl_index=0x00, data_len=0x07) bytearray(b'\x01\x83\x00\x07\x00')
2026-09-23 22:52:30,614 BTPWorkerThread-9714 (_rx_task) root DEBUG iutctl_common.py          139   read                      : Read 7 bytes data
2026-09-23 22:52:30,614 BTPWorkerThread-9714 (_rx_task) root DEBUG iutctl_common.py          154   read                      : Received data: {'00 4e e4 08 dc 1b 00'}, bytearray(b'\x00N\xe4\x08\xdc\x1b\x00')
2026-09-23 22:52:30,614 BTPWorkerThread-9714 (_rx_task) root DEBUG btp.py                    736   event_handler             : Header(svc_id=1, op=131, ctrl_index=0, data_len=7) (b'\x00N\xe4\x08\xdc\x1b\x00',)
2026-09-23 22:52:30,614 BTPWorkerThread-9714 (_rx_task) root DEBUG gap.py                    228   gap_disconnected_ev_      : b'\x00N\xe4\x08\xdc\x1b\x00'
2026-09-23 22:52:31,906 LT1-callback ClientCallback.on_implicit_send INFO client.py                 223   on_implicit_send          : 
    ********************
    BEGIN OnImplicitSend:
    project_name: GAP
    wid: 91
    test_case_name: GAP/BOND/BON/BV-01-C
    description: Please send a connectable undirected advertising report.
    style: MMI_Style_Ok_Cancel2 0x11141
2026-09-23 22:52:31,906 LT1-callback ClientCallback.on_implicit_send INFO client.py                 236   on_implicit_send          : Calling test cases on_implicit_send
2026-09-23 22:52:31,906 LT1-callback ClientCallback.on_implicit_send INFO client.py                 249   on_implicit_send          : 
    on_implicit_send returned response: WAIT
    END OnImplicitSend
    ********************
2026-09-23 22:52:32,564 LT1-thread root DEBUG testcase.py               679   run_wid                   : GAP GAP/BOND/BON/BV-01-C on_implicit_send
2026-09-23 22:52:32,564 LT1-thread root DEBUG gap_wid.py                26    gap_wid_hdl               : gap_wid_hdl, 91, Please send a connectable undirected advertising report., GAP/BOND/BON/BV-01-C
2026-09-23 22:52:32,564 LT1-thread root DEBUG gap.py                    984   gap_set_connectable       : 
2026-09-23 22:52:32,564 LT1-thread root DEBUG gap.py                    650   gap_start_advertising     : {9: b'Tester_08E44E'} None
2026-09-23 22:52:32,564 LT1-thread root DEBUG iutctl_common.py          161   send                      : 1 10 0 "bytearray(b'\\x0f\\x00\\t\\rTester_08E44E\\xff\\xff\\xff\\xff\\x00')"
2026-09-23 22:52:32,564 LT1-thread root DEBUG iutctl_common.py          166   send                      : sending frame '010a0016000f00090d5465737465725f303845343445ffffffff00'
2026-09-23 22:52:32,564 LT1-thread root DEBUG gap.py                    1229  gap_command_rsp_succ      : 
2026-09-23 22:52:32,565 LT1-thread root DEBUG iutctl_common.py          339   read                      : 
2026-09-23 22:52:32,605 BTPWorkerThread-9714 (_rx_task) root DEBUG iutctl_common.py          123   read                      : Read 5 bytes
2026-09-23 22:52:32,611 BTPWorkerThread-9714 (_rx_task) root DEBUG iutctl_common.py          131   read                      : Received: hdr: Header(svc_id=0x01, op=0x0a, ctrl_index=0x00, data_len=0x04) bytearray(b'\x01\n\x00\x04\x00')
2026-09-23 22:52:32,628 BTPWorkerThread-9714 (_rx_task) root DEBUG iutctl_common.py          139   read                      : Read 4 bytes data
2026-09-23 22:52:32,628 BTPWorkerThread-9714 (_rx_task) root DEBUG iutctl_common.py          154   read                      : Received data: {'13 06 00 00'}, bytearray(b'\x13\x06\x00\x00')
2026-09-23 22:52:32,633 LT1-thread root DEBUG gap.py                    1234  gap_command_rsp_succ      : received Header(svc_id=1, op=10, ctrl_index=0, data_len=4) (b'\x13\x06\x00\x00',)
2026-09-23 22:52:32,633 LT1-thread root DEBUG gap.py                    596   __gap_current_settings_update : (b'\x13\x06\x00\x00',)
2026-09-23 22:52:32,633 LT1-thread root DEBUG testcase.py               722   run_wid                   : Sending response 'OK' to wid 91 test case GAP/BOND/BON/BV-01-C
2026-09-23 22:52:32,635 LT1-thread root DEBUG client.py                 276   get_result                : ClientCallback.get_result run_test_case
2026-09-23 22:52:32,994 BTPWorkerThread-9714 (_rx_task) root DEBUG iutctl_common.py          123   read                      : Read 5 bytes
2026-09-23 22:52:32,994 BTPWorkerThread-9714 (_rx_task) root DEBUG iutctl_common.py          131   read                      : Received: hdr: Header(svc_id=0x01, op=0x82, ctrl_index=0x00, data_len=0x0d) bytearray(b'\x01\x82\x00\r\x00')
2026-09-23 22:52:32,994 BTPWorkerThread-9714 (_rx_task) root DEBUG iutctl_common.py          139   read                      : Read 13 bytes data
2026-09-23 22:52:32,994 BTPWorkerThread-9714 (_rx_task) root DEBUG iutctl_common.py          154   read                      : Received data: {'00 4e e4 08 dc 1b 00 3c 00 00 00 d0 07'}, bytearray(b'\x00N\xe4\x08\xdc\x1b\x00<\x00\x00\x00\xd0\x07')
2026-09-23 22:52:32,994 BTPWorkerThread-9714 (_rx_task) root DEBUG btp.py                    736   event_handler             : Header(svc_id=1, op=130, ctrl_index=0, data_len=13) (b'\x00N\xe4\x08\xdc\x1b\x00<\x00\x00\x00\xd0\x07',)
2026-09-23 22:52:32,994 BTPWorkerThread-9714 (_rx_task) root DEBUG gap.py                    215   gap_connected_ev_         : b'\x00N\xe4\x08\xdc\x1b\x00<\x00\x00\x00\xd0\x07'
2026-09-23 22:52:32,994 BTPWorkerThread-9714 (_rx_task) root DEBUG iutctl_common.py          123   read                      : Read 5 bytes
2026-09-23 22:52:32,994 BTPWorkerThread-9714 (_rx_task) root DEBUG iutctl_common.py          131   read                      : Received: hdr: Header(svc_id=0x01, op=0x80, ctrl_index=0x00, data_len=0x04) bytearray(b'\x01\x80\x00\x04\x00')
2026-09-23 22:52:32,994 BTPWorkerThread-9714 (_rx_task) root DEBUG iutctl_common.py          139   read                      : Read 4 bytes data
2026-09-23 22:52:32,994 BTPWorkerThread-9714 (_rx_task) root DEBUG iutctl_common.py          154   read                      : Received data: {'13 02 00 00'}, bytearray(b'\x13\x02\x00\x00')
2026-09-23 22:52:32,994 BTPWorkerThread-9714 (_rx_task) root DEBUG btp.py                    736   event_handler             : Header(svc_id=1, op=128, ctrl_index=0, data_len=4) (b'\x13\x02\x00\x00',)
2026-09-23 22:52:32,994 BTPWorkerThread-9714 (_rx_task) root DEBUG gap.py                    183   gap_new_settings_ev_      : b'\x13\x02\x00\x00'
2026-09-23 22:52:32,994 BTPWorkerThread-9714 (_rx_task) root DEBUG gap.py                    596   __gap_current_settings_update : 531
2026-09-23 22:52:33,562 LT1-callback ClientCallback.on_implicit_send INFO client.py                 223   on_implicit_send          : 
    ********************
    BEGIN OnImplicitSend:
    project_name: GAP
    wid: 106
    test_case_name: GAP/BOND/BON/BV-01-C
    description: Waiting for HCI_ENCRYPTION_CHANGE_EVENT...
    style: MMI_Style_Ok_Cancel2 0x11141
2026-09-23 22:52:33,563 LT1-callback ClientCallback.on_implicit_send INFO client.py                 236   on_implicit_send          : Calling test cases on_implicit_send
2026-09-23 22:52:33,563 LT1-callback ClientCallback.on_implicit_send INFO client.py                 249   on_implicit_send          : 
    on_implicit_send returned response: WAIT
    END OnImplicitSend
    ********************
2026-09-23 22:52:33,635 LT1-thread root DEBUG testcase.py               679   run_wid                   : GAP GAP/BOND/BON/BV-01-C on_implicit_send
2026-09-23 22:52:33,636 LT1-thread root DEBUG gap_wid.py                26    gap_wid_hdl               : gap_wid_hdl, 106, Waiting for HCI_ENCRYPTION_CHANGE_EVENT..., GAP/BOND/BON/BV-01-C
2026-09-23 22:52:33,835 BTPWorkerThread-9714 (_rx_task) root DEBUG iutctl_common.py          123   read                      : Read 5 bytes
2026-09-23 22:52:33,835 BTPWorkerThread-9714 (_rx_task) root DEBUG iutctl_common.py          131   read                      : Received: hdr: Header(svc_id=0x01, op=0x91, ctrl_index=0x00, data_len=0x09) bytearray(b'\x01\x91\x00\t\x00')
2026-09-23 22:52:33,836 BTPWorkerThread-9714 (_rx_task) root DEBUG iutctl_common.py          139   read                      : Read 9 bytes data
2026-09-23 22:52:33,836 BTPWorkerThread-9714 (_rx_task) root DEBUG iutctl_common.py          154   read                      : Received data: {'00 4e e4 08 dc 1b 00 01 10'}, bytearray(b'\x00N\xe4\x08\xdc\x1b\x00\x01\x10')
2026-09-23 22:52:33,836 BTPWorkerThread-9714 (_rx_task) root DEBUG btp.py                    736   event_handler             : Header(svc_id=1, op=145, ctrl_index=0, data_len=9) (b'\x00N\xe4\x08\xdc\x1b\x00\x01\x10',)
2026-09-23 22:52:33,836 BTPWorkerThread-9714 (_rx_task) root DEBUG gap.py                    494   gap_encryption_change_ev_ : 
2026-09-23 22:52:33,836 BTPWorkerThread-9714 (_rx_task) root DEBUG gap.py                    496   gap_encryption_change_ev_ : enc change received b'\x00N\xe4\x08\xdc\x1b\x00\x01\x10'
2026-09-23 22:52:33,836 BTPWorkerThread-9714 (_rx_task) root DEBUG gap.py                    505   gap_encryption_change_ev_ : received (0, '001bdc08e44e', 1, 16)
2026-09-23 22:52:33,836 BTPWorkerThread-9714 (_rx_task) root DEBUG iutctl_common.py          123   read                      : Read 5 bytes
2026-09-23 22:52:33,836 BTPWorkerThread-9714 (_rx_task) root DEBUG iutctl_common.py          131   read                      : Received: hdr: Header(svc_id=0x01, op=0x89, ctrl_index=0x00, data_len=0x08) bytearray(b'\x01\x89\x00\x08\x00')
2026-09-23 22:52:33,836 BTPWorkerThread-9714 (_rx_task) root DEBUG iutctl_common.py          139   read                      : Read 8 bytes data
2026-09-23 22:52:33,836 BTPWorkerThread-9714 (_rx_task) root DEBUG iutctl_common.py          154   read                      : Received data: {'00 4e e4 08 dc 1b 00 02'}, bytearray(b'\x00N\xe4\x08\xdc\x1b\x00\x02')
2026-09-23 22:52:33,836 BTPWorkerThread-9714 (_rx_task) root DEBUG btp.py                    736   event_handler             : Header(svc_id=1, op=137, ctrl_index=0, data_len=8) (b'\x00N\xe4\x08\xdc\x1b\x00\x02',)
2026-09-23 22:52:33,837 BTPWorkerThread-9714 (_rx_task) root DEBUG gap.py                    300   gap_sec_level_changed_ev_ : 
2026-09-23 22:52:33,837 BTPWorkerThread-9714 (_rx_task) root DEBUG gap.py                    302   gap_sec_level_changed_ev_ : received b'\x00N\xe4\x08\xdc\x1b\x00\x02'
2026-09-23 22:52:33,837 BTPWorkerThread-9714 (_rx_task) root DEBUG gap.py                    313   gap_sec_level_changed_ev_ : received (0, '001bdc08e44e', 2)
2026-09-23 22:52:33,985 BTPWorkerThread-9714 (_rx_task) root DEBUG iutctl_common.py          123   read                      : Read 5 bytes
2026-09-23 22:52:33,985 BTPWorkerThread-9714 (_rx_task) root DEBUG iutctl_common.py          131   read                      : Received: hdr: Header(svc_id=0x01, op=0x98, ctrl_index=0x00, data_len=0x08) bytearray(b'\x01\x98\x00\x08\x00')
2026-09-23 22:52:33,985 BTPWorkerThread-9714 (_rx_task) root DEBUG iutctl_common.py          139   read                      : Read 8 bytes data
2026-09-23 22:52:33,986 BTPWorkerThread-9714 (_rx_task) root DEBUG iutctl_common.py          154   read                      : Received data: {'00 4e e4 08 dc 1b 00 01'}, bytearray(b'\x00N\xe4\x08\xdc\x1b\x00\x01')
2026-09-23 22:52:33,986 BTPWorkerThread-9714 (_rx_task) root DEBUG btp.py                    736   event_handler             : Header(svc_id=1, op=152, ctrl_index=0, data_len=8) (b'\x00N\xe4\x08\xdc\x1b\x00\x01',)
2026-09-23 22:52:33,986 BTPWorkerThread-9714 (_rx_task) root DEBUG gap.py                    511   gap_peer_car_status_ev_   : 
2026-09-23 22:52:33,986 BTPWorkerThread-9714 (_rx_task) root DEBUG gap.py                    518   gap_peer_car_status_ev_   : received (0, '001bdc08e44e', 1)
2026-09-23 22:52:38,638 EventTimerThread-9735 root ERROR common.py                 44    timeout_cb                : Timeout after 5 seconds while waiting for event <threading.Event at 0x1e0bdb5ebd0: set> with condition         def is_met():
            # min_level takes precedence if provided
            if min_level is not None:
                return conn.sec_level >= min_level
            if level is not None:
                return conn.sec_level == level
            raise ValueError("Must specify either 'level' or 'min_level'")

2026-09-23 22:52:38,660 LT1-thread root DEBUG testcase.py               722   run_wid                   : Sending response 'OK' to wid 106 test case GAP/BOND/BON/BV-01-C
2026-09-23 22:52:38,662 LT1-thread root DEBUG client.py                 276   get_result                : ClientCallback.get_result run_test_case
2026-09-23 22:52:38,664 LT1-callback ClientCallback.on_implicit_send INFO client.py                 223   on_implicit_send          : 
    ********************
    BEGIN OnImplicitSend:
    project_name: GAP
    wid: 118
    test_case_name: GAP/BOND/BON/BV-01-C
    description: Please press ok to disconnect the link.
    style: MMI_Style_Ok_Cancel1 0x11041
2026-09-23 22:52:38,664 LT1-callback ClientCallback.on_implicit_send INFO client.py                 236   on_implicit_send          : Calling test cases on_implicit_send
2026-09-23 22:52:38,664 LT1-callback ClientCallback.on_implicit_send INFO client.py                 249   on_implicit_send          : 
    on_implicit_send returned response: WAIT
    END OnImplicitSend
    ********************
2026-09-23 22:52:39,662 LT1-thread root DEBUG testcase.py               679   run_wid                   : GAP GAP/BOND/BON/BV-01-C on_implicit_send
2026-09-23 22:52:39,662 LT1-thread root DEBUG gap_wid.py                26    gap_wid_hdl               : gap_wid_hdl, 118, Please press ok to disconnect the link., GAP/BOND/BON/BV-01-C
2026-09-23 22:52:39,662 LT1-thread root DEBUG testcase.py               722   run_wid                   : Sending response 'OK' to wid 118 test case GAP/BOND/BON/BV-01-C
2026-09-23 22:52:39,664 LT1-thread root DEBUG client.py                 276   get_result                : ClientCallback.get_result run_test_case
2026-09-23 22:52:39,683 BTPWorkerThread-9714 (_rx_task) root DEBUG iutctl_common.py          123   read                      : Read 5 bytes
2026-09-23 22:52:39,683 BTPWorkerThread-9714 (_rx_task) root DEBUG iutctl_common.py          131   read                      : Received: hdr: Header(svc_id=0x01, op=0x83, ctrl_index=0x00, data_len=0x07) bytearray(b'\x01\x83\x00\x07\x00')
2026-09-23 22:52:39,683 BTPWorkerThread-9714 (_rx_task) root DEBUG iutctl_common.py          139   read                      : Read 7 bytes data
2026-09-23 22:52:39,684 BTPWorkerThread-9714 (_rx_task) root DEBUG iutctl_common.py          154   read                      : Received data: {'00 4e e4 08 dc 1b 00'}, bytearray(b'\x00N\xe4\x08\xdc\x1b\x00')
2026-09-23 22:52:39,684 BTPWorkerThread-9714 (_rx_task) root DEBUG btp.py                    736   event_handler             : Header(svc_id=1, op=131, ctrl_index=0, data_len=7) (b'\x00N\xe4\x08\xdc\x1b\x00',)
2026-09-23 22:52:39,684 BTPWorkerThread-9714 (_rx_task) root DEBUG gap.py                    228   gap_disconnected_ev_      : b'\x00N\xe4\x08\xdc\x1b\x00'
2026-09-23 22:52:42,613 LT1-callback ClientCallback.log INFO client.py                 200   log                       : PTS_LOGTYPE_START_TEST Start Test Case 

+359 ms
 GAP/BOND/BON/BV-01-C GAP/BOND/BON/BV-01-C

2026-09-23 22:52:43,027 LT1-callback ClientCallback.log INFO client.py                 200   log                       : PTS_LOGTYPE_FINAL_VERDICT Final Verdict 

+16515 ms
 GAP/BOND/BON/BV-01-C PASS

2026-09-23 22:52:43,032 LT1-callback ClientCallback.log INFO client.py                 200   log                       : PTS_LOGTYPE_FINAL_VERDICT Encrypted Verdict 

+16515 ms
 GAP/BOND/BON/BV-01-C A1#ZWY4MzQ5MDg3MmQwNTIxOGQzMzQ5YjY2ODA5M2MzNjQ5ZDY4NmY0Yjc2MzIzM2VkNTUyNTFhNGU4Mjg1MjI0NA==#gLl5CRHt7sEhXHhMYWmhcQTEK9+pCFd7yUq6JuA69QCWwjrOtzg1WGBuvqLVc5Se

2026-09-23 22:52:43,036 LT1-callback ClientCallback.log INFO client.py                 200   log                       : PTS_LOGTYPE_END_TEST Test Case Ended 

+16515 ms
 GAP/BOND/BON/BV-01-C GAP/BOND/BON/BV-01-C

2026-09-23 22:52:43,204 LT1-callback root DEBUG client.py                 261   set_result                : ClientCallback, set_result, run_test_case, PASS
2026-09-23 22:52:43,204 LT1-thread root DEBUG client.py                 1186  _run_test_case            : After run_test_case error_code=0 status='PASS'
2026-09-23 22:52:43,204 LT1-thread root DEBUG testcase.py               766   post_run                  : post_run GAP GAP/BOND/BON/BV-01-C 0
2026-09-23 22:52:43,205 LT1-thread root DEBUG testcase.py               254   start                     : Starting test function: class=<class 'autopts.ptsprojects.testcase.TestFuncCleanUp'>, func=<bound method ZTestCase._test_case_cleanup of <autopts.ptsprojects.zephyr.ztestcase.ZTestCase object at 0x000001E0BD8488C0>> start_wid=None stop_wid=None post_wid=None skip_call=None call_count=1 args=() kwds={}
2026-09-23 22:52:43,205 LT1-thread root DEBUG testcase.py               266   start                     : Test function parameters: args=(), kwds={}
2026-09-23 22:52:43,205 LT1-thread root DEBUG iutctl.py                 415   stop                      : <class 'autopts.ptsprojects.zephyr.iutctl.create_zephyr_ctl_class.<locals>.ZephyrCtl'>.stop
2026-09-23 22:52:43,205 LT1-thread root DEBUG __init__.py               51    reset                     : About to reset DUT: JLink -CommandFile reset.jlink -usb 1063214216 -device MIMXRT1176XXXA_M7
2026-09-23 22:52:43,516 BTPWorkerThread-9714 (_rx_task) root DEBUG iutctl_common.py          123   read                      : Read 5 bytes
2026-09-23 22:52:43,516 BTPWorkerThread-9714 (_rx_task) root DEBUG iutctl_common.py          131   read                      : Received: hdr: Header(svc_id=0x00, op=0x80, ctrl_index=0xff, data_len=0x00) bytearray(b'\x00\x80\xff\x00\x00')
2026-09-23 22:52:43,516 BTPWorkerThread-9714 (_rx_task) root DEBUG iutctl_common.py          154   read                      : Received data: {''}, bytearray(b'')
2026-09-23 22:52:43,517 BTPWorkerThread-9714 (_rx_task) root DEBUG btp.py                    736   event_handler             : Header(svc_id=0, op=128, ctrl_index=255, data_len=0) (b'',)
2026-09-23 22:52:43,517 BTPWorkerThread-9714 (_rx_task) root DEBUG core.py                   23    core_iut_ready_ev         : 
2026-09-23 22:52:43,579 LT1-thread root DEBUG iutctl.py                 436   _stop_tty_mode            : IUT ready event received OK
2026-09-23 22:52:43,579 LT1-thread root DEBUG iutctl_common.py          416   close                     : Waiting for _rx_worker to finish ...
2026-09-23 22:52:44,517 BTPWorkerThread-9714 (_rx_task) root DEBUG iutctl_common.py          332   _rx_task                  : BTPWorkerThread-9714 (_rx_task) finishing...
2026-09-23 22:52:47,524 LT1-thread root DEBUG testcase.py               794   post_run                  : post_run, cleanup running post test case script
2026-09-23 22:52:47,524 LT1-thread root DEBUG testcase.py               802   post_run                  : post_run, run post test case script
2026-09-23 22:52:47,599 LT1-thread root DEBUG client.py                 1220  _run_test_case            : Done TestCase _run_test_case GAP GAP/BOND/BON/BV-01-C
