2026-09-24 12:07:59,622 LT1-thread root DEBUG client.py                 1099  _run_test_case            : Starting TestCase _run_test_case AVCTP AVCTP/TG/CCM/BV-01-C
2026-09-24 12:07:59,622 LT1-thread root DEBUG testcase.py               727   pre_run                   : pre_run AVCTP AVCTP/TG/CCM/BV-01-C
2026-09-24 12:07:59,622 LT1-thread root DEBUG testcase.py               729   pre_run                   : About to run test case AVCTP AVCTP/TG/CCM/BV-01-C with commands:
2026-09-24 12:07:59,623 LT1-thread root DEBUG testcase.py               731   pre_run                   : 0) class=<class 'autopts.ptsprojects.testcase.TestFunc'>, func=<bound method ZTestCase._test_case_start of <autopts.ptsprojects.zephyr.ztestcase.ZTestCase object at 0x000002622B53EF60>> start_wid=None stop_wid=None post_wid=None skip_call=None call_count=0 args=() kwds={}
2026-09-24 12:07:59,623 LT1-thread root DEBUG testcase.py               731   pre_run                   : 1) class=<class 'autopts.ptsprojects.testcase.TestFunc'>, func=<function core_reg_svc_gap at 0x0000026227D2E160> start_wid=None stop_wid=None post_wid=None skip_call=None call_count=9 args=() kwds={}
2026-09-24 12:07:59,623 LT1-thread root DEBUG testcase.py               731   pre_run                   : 2) class=<class 'autopts.ptsprojects.testcase.TestFunc'>, func=<bound method Stack.gap_init of <autopts.ptsprojects.stack.stack.Stack object at 0x000002622ACA1670>> start_wid=None stop_wid=None post_wid=None skip_call=None call_count=9 args=(b'Tester_08E44E',) kwds={}
2026-09-24 12:07:59,623 LT1-thread root DEBUG testcase.py               731   pre_run                   : 3) class=<class 'autopts.ptsprojects.testcase.TestFunc'>, func=<function gap_read_controller_info at 0x0000026227D6EB60> start_wid=None stop_wid=None post_wid=None skip_call=None call_count=9 args=() kwds={}
2026-09-24 12:07:59,623 LT1-thread root DEBUG testcase.py               731   pre_run                   : 4) class=<class 'autopts.ptsprojects.testcase.TestFunc'>, func=<function test_cases.<locals>.<lambda> at 0x000002622B49D300> start_wid=None stop_wid=None post_wid=None skip_call=None call_count=9 args=() kwds={}
2026-09-24 12:07:59,623 LT1-thread root DEBUG testcase.py               731   pre_run                   : 5) class=<class 'autopts.ptsprojects.testcase.TestFunc'>, func=<function set_pts_addr at 0x0000026227D2DD00> start_wid=None stop_wid=None post_wid=None skip_call=None call_count=9 args=('00:1B:DC:08:E4:4E', 0) kwds={}
2026-09-24 12:07:59,623 LT1-thread root DEBUG testcase.py               731   pre_run                   : 6) class=<class 'autopts.ptsprojects.testcase.TestFunc'>, func=<function core_reg_svc_avctp at 0x0000026227D2FBA0> start_wid=None stop_wid=None post_wid=None skip_call=None call_count=9 args=() kwds={}
2026-09-24 12:07:59,623 LT1-thread root DEBUG testcase.py               731   pre_run                   : 7) class=<class 'autopts.ptsprojects.testcase.TestFunc'>, func=<bound method Stack.avctp_init of <autopts.ptsprojects.stack.stack.Stack object at 0x000002622ACA1670>> start_wid=None stop_wid=None post_wid=None skip_call=None call_count=9 args=() kwds={}
2026-09-24 12:07:59,623 LT1-thread root DEBUG testcase.py               731   pre_run                   : 8) class=<class 'autopts.ptsprojects.testcase.TestFunc'>, func=<function core_reg_svc_avrcp at 0x0000026227D2FB00> start_wid=None stop_wid=None post_wid=None skip_call=None call_count=9 args=() kwds={}
2026-09-24 12:07:59,623 LT1-thread root DEBUG testcase.py               731   pre_run                   : 9) class=<class 'autopts.ptsprojects.testcase.TestFunc'>, func=<bound method Stack.avrcp_init of <autopts.ptsprojects.stack.stack.Stack object at 0x000002622ACA1670>> start_wid=None stop_wid=None post_wid=None skip_call=None call_count=9 args=() kwds={}
2026-09-24 12:07:59,623 LT1-thread root DEBUG testcase.py               731   pre_run                   : 10) class=<class 'autopts.ptsprojects.testcase.TestFuncCleanUp'>, func=<bound method ZTestCase._test_case_cleanup of <autopts.ptsprojects.zephyr.ztestcase.ZTestCase object at 0x000002622B53EF60>> start_wid=None stop_wid=None post_wid=None skip_call=None call_count=0 args=() kwds={}
2026-09-24 12:07:59,624 LT1-thread root DEBUG testcase.py               738   pre_run                   : pre_run, run pre test case script
2026-09-24 12:07:59,631 LT1-thread root DEBUG testcase.py               254   start                     : Starting test function: class=<class 'autopts.ptsprojects.testcase.TestFunc'>, func=<bound method ZTestCase._test_case_start of <autopts.ptsprojects.zephyr.ztestcase.ZTestCase object at 0x000002622B53EF60>> start_wid=None stop_wid=None post_wid=None skip_call=None call_count=1 args=() kwds={}
2026-09-24 12:07:59,631 LT1-thread root DEBUG testcase.py               266   start                     : Test function parameters: args=(), kwds={}
2026-09-24 12:07:59,632 LT1-thread root DEBUG iutctl.py                 172   start                     : <class 'autopts.ptsprojects.zephyr.iutctl.create_zephyr_ctl_class.<locals>.ZephyrCtl'>.start
2026-09-24 12:07:59,632 LT1-thread root DEBUG iutctl.py                 325   flush_serial              : <class 'autopts.ptsprojects.zephyr.iutctl.create_zephyr_ctl_class.<locals>.ZephyrCtl'>.flush_serial
2026-09-24 12:08:00,819 LT1-thread root DEBUG iutctl.py                 249   _start_tty_mode           : Starting socat process: socat.exe -x -v tcp:10.17.12.9:49276,retry=100,interval=1 /dev/ttyS2,raw,b115200,
2026-09-24 12:08:00,826 LT1-thread root DEBUG iutctl_common.py          402   accept                    : 
2026-09-24 12:08:00,901 BTPWorkerThread-1459 (_rx_task) root DEBUG iutctl_common.py          299   _rx_task                  : BTPWorkerThread-1459 (_rx_task) started
2026-09-24 12:08:00,901 LT1-thread root DEBUG iutctl.py                 395   wait_iut_ready_event      : IUT ready event received OK
2026-09-24 12:08:00,902 LT1-thread root DEBUG btp.py                    51    read_supp_svcs            : 
2026-09-24 12:08:00,902 LT1-thread root DEBUG iutctl_common.py          161   send                      : 0 2 255 ''
2026-09-24 12:08:00,902 LT1-thread root DEBUG iutctl_common.py          166   send                      : sending frame '0002ff0000'
2026-09-24 12:08:00,902 LT1-thread root DEBUG iutctl_common.py          339   read                      : 
2026-09-24 12:08:00,919 BTPWorkerThread-1459 (_rx_task) root DEBUG iutctl_common.py          123   read                      : Read 5 bytes
2026-09-24 12:08:00,930 BTPWorkerThread-1459 (_rx_task) root DEBUG iutctl_common.py          131   read                      : Received: hdr: Header(svc_id=0x00, op=0x02, ctrl_index=0xff, data_len=0x06) bytearray(b'\x00\x02\xff\x06\x00')
2026-09-24 12:08:00,942 BTPWorkerThread-1459 (_rx_task) root DEBUG iutctl_common.py          139   read                      : Read 6 bytes data
2026-09-24 12:08:00,948 BTPWorkerThread-1459 (_rx_task) root DEBUG iutctl_common.py          154   read                      : Received data: {'0f 00 00 a0 ff 03'}, bytearray(b'\x0f\x00\x00\xa0\xff\x03')
2026-09-24 12:08:00,965 LT1-thread root DEBUG btp.py                    62    read_supp_svcs            : received Header(svc_id=0, op=2, ctrl_index=255, data_len=6) (b'\x0f\x00\x00\xa0\xff\x03',)
2026-09-24 12:08:00,965 LT1-thread root DEBUG testcase.py               254   start                     : Starting test function: class=<class 'autopts.ptsprojects.testcase.TestFunc'>, func=<function core_reg_svc_gap at 0x0000026227D2E160> start_wid=None stop_wid=None post_wid=None skip_call=None call_count=10 args=() kwds={}
2026-09-24 12:08:00,965 LT1-thread root DEBUG testcase.py               266   start                     : Test function parameters: args=(), kwds={}
2026-09-24 12:08:00,965 LT1-thread root DEBUG btp.py                    117   core_reg_svc_univ         : core_reg_svc_univ: gap_reg (GAP)
2026-09-24 12:08:00,965 LT1-thread root DEBUG iutctl_common.py          161   send                      : 0 3 255 '1'
2026-09-24 12:08:00,966 LT1-thread root DEBUG iutctl_common.py          166   send                      : sending frame '0003ff010001'
2026-09-24 12:08:00,966 LT1-thread root DEBUG btp.py                    654   core_reg_svc_rsp_succ     : 
2026-09-24 12:08:00,966 LT1-thread root DEBUG iutctl_common.py          339   read                      : 
2026-09-24 12:08:05,073 BTPWorkerThread-1459 (_rx_task) root DEBUG iutctl_common.py          123   read                      : Read 5 bytes
2026-09-24 12:08:05,078 BTPWorkerThread-1459 (_rx_task) root DEBUG iutctl_common.py          131   read                      : Received: hdr: Header(svc_id=0x00, op=0x03, ctrl_index=0xff, data_len=0x00) bytearray(b'\x00\x03\xff\x00\x00')
2026-09-24 12:08:05,084 BTPWorkerThread-1459 (_rx_task) root DEBUG iutctl_common.py          154   read                      : Received data: {''}, bytearray(b'')
2026-09-24 12:08:05,094 LT1-thread root DEBUG btp.py                    665   core_reg_svc_rsp_succ     : received Header(svc_id=0, op=3, ctrl_index=255, data_len=0) (b'',)
2026-09-24 12:08:05,094 LT1-thread root DEBUG btp.py                    666   core_reg_svc_rsp_succ     : expected ((0, 3, 255, 0), (b'',))
2026-09-24 12:08:05,094 LT1-thread root DEBUG btp.py                    671   core_reg_svc_rsp_succ     : response is valid
2026-09-24 12:08:05,094 LT1-thread root DEBUG btp.py                    674   core_reg_svc_rsp_succ     : Reading supported commands for service: GAP
2026-09-24 12:08:05,094 LT1-thread root DEBUG iutctl_common.py          161   send                      : 1 1 255 ''
2026-09-24 12:08:05,094 LT1-thread root DEBUG iutctl_common.py          166   send                      : sending frame '0101ff0000'
2026-09-24 12:08:05,095 LT1-thread root DEBUG iutctl_common.py          339   read                      : 
2026-09-24 12:08:05,129 BTPWorkerThread-1459 (_rx_task) root DEBUG iutctl_common.py          123   read                      : Read 5 bytes
2026-09-24 12:08:05,140 BTPWorkerThread-1459 (_rx_task) root DEBUG iutctl_common.py          131   read                      : Received: hdr: Header(svc_id=0x01, op=0x01, ctrl_index=0xff, data_len=0x07) bytearray(b'\x01\x01\xff\x07\x00')
2026-09-24 12:08:05,152 BTPWorkerThread-1459 (_rx_task) root DEBUG iutctl_common.py          139   read                      : Read 7 bytes data
2026-09-24 12:08:05,158 BTPWorkerThread-1459 (_rx_task) root DEBUG iutctl_common.py          154   read                      : Received data: {'6e ff 7f 1f fe ff 2e'}, bytearray(b'n\xff\x7f\x1f\xfe\xff.')
2026-09-24 12:08:05,163 LT1-thread root DEBUG testcase.py               254   start                     : Starting test function: class=<class 'autopts.ptsprojects.testcase.TestFunc'>, func=<bound method Stack.gap_init of <autopts.ptsprojects.stack.stack.Stack object at 0x000002622ACA1670>> start_wid=None stop_wid=None post_wid=None skip_call=None call_count=10 args=(b'Tester_08E44E',) kwds={}
2026-09-24 12:08:05,163 LT1-thread root DEBUG testcase.py               266   start                     : Test function parameters: args=(b'Tester_08E44E',), kwds={}
2026-09-24 12:08:05,163 LT1-thread root DEBUG testcase.py               254   start                     : Starting test function: class=<class 'autopts.ptsprojects.testcase.TestFunc'>, func=<function gap_read_controller_info at 0x0000026227D6EB60> start_wid=None stop_wid=None post_wid=None skip_call=None call_count=10 args=() kwds={}
2026-09-24 12:08:05,163 LT1-thread root DEBUG testcase.py               266   start                     : Test function parameters: args=(), kwds={}
2026-09-24 12:08:05,163 LT1-thread root DEBUG gap.py                    1163  gap_read_controller_info  : 
2026-09-24 12:08:05,163 LT1-thread root DEBUG iutctl_common.py          161   send                      : 1 3 0 ''
2026-09-24 12:08:05,163 LT1-thread root DEBUG iutctl_common.py          166   send                      : sending frame '0103000000'
2026-09-24 12:08:05,164 LT1-thread root DEBUG iutctl_common.py          339   read                      : 
2026-09-24 12:08:05,200 BTPWorkerThread-1459 (_rx_task) root DEBUG iutctl_common.py          123   read                      : Read 5 bytes
2026-09-24 12:08:05,206 BTPWorkerThread-1459 (_rx_task) root DEBUG iutctl_common.py          131   read                      : Received: hdr: Header(svc_id=0x01, op=0x03, ctrl_index=0x00, data_len=0x115) bytearray(b'\x01\x03\x00\x15\x01')
2026-09-24 12:08:05,212 BTPWorkerThread-1459 (_rx_task) root DEBUG iutctl_common.py          139   read                      : Read 277 bytes data
2026-09-24 12:08:05,217 BTPWorkerThread-1459 (_rx_task) root DEBUG iutctl_common.py          154   read                      : Received data: {'19 78 ee 69 17 d0 d3 06 02 00 13 02 00 00 00 00 00 62 74 70 5f 74 65 73 74 65 72 00 00 00 00 00 00 00 00 00 00 00 00 00 00 00 00 00 00 00 00 00 00 00 00 00 00 00 00 00 00 00 00 00 00 00 00 00 00 00 00 00 00 00 00 00 00 00 00 00 00 00 00 00 00 00 00 00 00 00 00 00 00 00 00 00 00 00 00 00 00 00 00 00 00 00 00 00 00 00 00 00 00 00 00 00 00 00 00 00 00 00 00 00 00 00 00 00 00 00 00 00 00 00 00 00 00 00 00 00 00 00 00 00 00 00 00 00 00 00 00 00 00 00 00 00 00 00 00 00 00 00 00 00 00 00 00 00 00 00 00 00 00 00 00 00 00 00 00 00 00 00 00 00 00 00 00 00 00 00 00 00 00 00 00 00 00 00 00 00 00 00 00 00 00 00 00 00 00 00 00 00 00 00 00 00 00 00 00 00 00 00 00 00 00 00 00 00 00 00 00 00 00 00 00 00 00 00 00 00 00 00 00 00 00 00 00 00 00 00 00 00 00 00 00 00 00 00 00 00 00 00 00 00 00 00 00 00 00 00 00 00 00 00 00 00 00 00 00 00 00'}, bytearray(b'\x19x\xeei\x17\xd0\xd3\x06\x02\x00\x13\x02\x00\x00\x00\x00\x00btp_tester\x00\x00\x00\x00\x00\x00\x00\x00\x00\x00\x00\x00\x00\x00\x00\x00\x00\x00\x00\x00\x00\x00\x00\x00\x00\x00\x00\x00\x00\x00\x00\x00\x00\x00\x00\x00\x00\x00\x00\x00\x00\x00\x00\x00\x00\x00\x00\x00\x00\x00\x00\x00\x00\x00\x00\x00\x00\x00\x00\x00\x00\x00\x00\x00\x00\x00\x00\x00\x00\x00\x00\x00\x00\x00\x00\x00\x00\x00\x00\x00\x00\x00\x00\x00\x00\x00\x00\x00\x00\x00\x00\x00\x00\x00\x00\x00\x00\x00\x00\x00\x00\x00\x00\x00\x00\x00\x00\x00\x00\x00\x00\x00\x00\x00\x00\x00\x00\x00\x00\x00\x00\x00\x00\x00\x00\x00\x00\x00\x00\x00\x00\x00\x00\x00\x00\x00\x00\x00\x00\x00\x00\x00\x00\x00\x00\x00\x00\x00\x00\x00\x00\x00\x00\x00\x00\x00\x00\x00\x00\x00\x00\x00\x00\x00\x00\x00\x00\x00\x00\x00\x00\x00\x00\x00\x00\x00\x00\x00\x00\x00\x00\x00\x00\x00\x00\x00\x00\x00\x00\x00\x00\x00\x00\x00\x00\x00\x00\x00\x00\x00\x00\x00\x00\x00\x00\x00\x00\x00\x00\x00\x00\x00\x00\x00\x00\x00\x00\x00\x00\x00\x00\x00\x00\x00\x00\x00\x00\x00\x00\x00\x00\x00\x00\x00\x00\x00\x00\x00\x00\x00\x00\x00\x00\x00\x00\x00\x00\x00\x00\x00')
2026-09-24 12:08:05,217 LT1-thread root DEBUG gap.py                    1170  gap_read_controller_info  : received Header(svc_id=1, op=3, ctrl_index=0, data_len=277) (b'\x19x\xeei\x17\xd0\xd3\x06\x02\x00\x13\x02\x00\x00\x00\x00\x00btp_tester\x00\x00\x00\x00\x00\x00\x00\x00\x00\x00\x00\x00\x00\x00\x00\x00\x00\x00\x00\x00\x00\x00\x00\x00\x00\x00\x00\x00\x00\x00\x00\x00\x00\x00\x00\x00\x00\x00\x00\x00\x00\x00\x00\x00\x00\x00\x00\x00\x00\x00\x00\x00\x00\x00\x00\x00\x00\x00\x00\x00\x00\x00\x00\x00\x00\x00\x00\x00\x00\x00\x00\x00\x00\x00\x00\x00\x00\x00\x00\x00\x00\x00\x00\x00\x00\x00\x00\x00\x00\x00\x00\x00\x00\x00\x00\x00\x00\x00\x00\x00\x00\x00\x00\x00\x00\x00\x00\x00\x00\x00\x00\x00\x00\x00\x00\x00\x00\x00\x00\x00\x00\x00\x00\x00\x00\x00\x00\x00\x00\x00\x00\x00\x00\x00\x00\x00\x00\x00\x00\x00\x00\x00\x00\x00\x00\x00\x00\x00\x00\x00\x00\x00\x00\x00\x00\x00\x00\x00\x00\x00\x00\x00\x00\x00\x00\x00\x00\x00\x00\x00\x00\x00\x00\x00\x00\x00\x00\x00\x00\x00\x00\x00\x00\x00\x00\x00\x00\x00\x00\x00\x00\x00\x00\x00\x00\x00\x00\x00\x00\x00\x00\x00\x00\x00\x00\x00\x00\x00\x00\x00\x00\x00\x00\x00\x00\x00\x00\x00\x00\x00\x00\x00\x00\x00\x00\x00\x00\x00\x00\x00\x00\x00\x00\x00\x00\x00\x00\x00\x00\x00\x00\x00\x00\x00\x00\x00\x00\x00\x00\x00',)
2026-09-24 12:08:05,217 LT1-thread root DEBUG gap.py                    1191  gap_read_controller_info  : IUT address 'd01769ee7819' 'public'
2026-09-24 12:08:05,217 LT1-thread root DEBUG gap.py                    596   __gap_current_settings_update : 531
2026-09-24 12:08:05,217 LT1-thread root DEBUG testcase.py               254   start                     : Starting test function: class=<class 'autopts.ptsprojects.testcase.TestFunc'>, func=<function test_cases.<locals>.<lambda> at 0x000002622B49D300> start_wid=None stop_wid=None post_wid=None skip_call=None call_count=10 args=() kwds={}
2026-09-24 12:08:05,217 LT1-thread root DEBUG testcase.py               266   start                     : Test function parameters: args=(), kwds={}
2026-09-24 12:08:05,220 LT1-thread root DEBUG testcase.py               254   start                     : Starting test function: class=<class 'autopts.ptsprojects.testcase.TestFunc'>, func=<function set_pts_addr at 0x0000026227D2DD00> start_wid=None stop_wid=None post_wid=None skip_call=None call_count=10 args=('00:1B:DC:08:E4:4E', 0) kwds={}
2026-09-24 12:08:05,220 LT1-thread root DEBUG testcase.py               266   start                     : Test function parameters: args=('00:1B:DC:08:E4:4E', 0), kwds={}
2026-09-24 12:08:05,220 LT1-thread root DEBUG testcase.py               254   start                     : Starting test function: class=<class 'autopts.ptsprojects.testcase.TestFunc'>, func=<function core_reg_svc_avctp at 0x0000026227D2FBA0> start_wid=None stop_wid=None post_wid=None skip_call=None call_count=10 args=() kwds={}
2026-09-24 12:08:05,221 LT1-thread root DEBUG testcase.py               266   start                     : Test function parameters: args=(), kwds={}
2026-09-24 12:08:05,221 LT1-thread root DEBUG btp.py                    117   core_reg_svc_univ         : core_reg_svc_univ: avctp_reg (AVCTP)
2026-09-24 12:08:05,221 LT1-thread root DEBUG iutctl_common.py          161   send                      : 0 3 255 '38'
2026-09-24 12:08:05,221 LT1-thread root DEBUG iutctl_common.py          166   send                      : sending frame '0003ff010026'
2026-09-24 12:08:05,221 LT1-thread root DEBUG btp.py                    654   core_reg_svc_rsp_succ     : 
2026-09-24 12:08:05,221 LT1-thread root DEBUG iutctl_common.py          339   read                      : 
2026-09-24 12:08:05,244 BTPWorkerThread-1459 (_rx_task) root DEBUG iutctl_common.py          123   read                      : Read 5 bytes
2026-09-24 12:08:05,255 BTPWorkerThread-1459 (_rx_task) root DEBUG iutctl_common.py          131   read                      : Received: hdr: Header(svc_id=0x00, op=0x03, ctrl_index=0xff, data_len=0x00) bytearray(b'\x00\x03\xff\x00\x00')
2026-09-24 12:08:05,261 BTPWorkerThread-1459 (_rx_task) root DEBUG iutctl_common.py          154   read                      : Received data: {''}, bytearray(b'')
2026-09-24 12:08:05,266 LT1-thread root DEBUG btp.py                    665   core_reg_svc_rsp_succ     : received Header(svc_id=0, op=3, ctrl_index=255, data_len=0) (b'',)
2026-09-24 12:08:05,266 LT1-thread root DEBUG btp.py                    666   core_reg_svc_rsp_succ     : expected ((0, 3, 255, 0), (b'',))
2026-09-24 12:08:05,266 LT1-thread root DEBUG btp.py                    671   core_reg_svc_rsp_succ     : response is valid
2026-09-24 12:08:05,266 LT1-thread root DEBUG btp.py                    674   core_reg_svc_rsp_succ     : Reading supported commands for service: AVCTP
2026-09-24 12:08:05,267 LT1-thread root DEBUG iutctl_common.py          161   send                      : 38 1 255 ''
2026-09-24 12:08:05,267 LT1-thread root DEBUG iutctl_common.py          166   send                      : sending frame '2601ff0000'
2026-09-24 12:08:05,267 LT1-thread root DEBUG iutctl_common.py          339   read                      : 
2026-09-24 12:08:05,311 BTPWorkerThread-1459 (_rx_task) root DEBUG iutctl_common.py          123   read                      : Read 5 bytes
2026-09-24 12:08:05,322 BTPWorkerThread-1459 (_rx_task) root DEBUG iutctl_common.py          131   read                      : Received: hdr: Header(svc_id=0x26, op=0x01, ctrl_index=0xff, data_len=0x01) bytearray(b'&\x01\xff\x01\x00')
2026-09-24 12:08:05,344 BTPWorkerThread-1459 (_rx_task) root DEBUG iutctl_common.py          139   read                      : Read 1 bytes data
2026-09-24 12:08:05,356 BTPWorkerThread-1459 (_rx_task) root DEBUG iutctl_common.py          154   read                      : Received data: {'02'}, bytearray(b'\x02')
2026-09-24 12:08:05,373 LT1-thread root DEBUG testcase.py               254   start                     : Starting test function: class=<class 'autopts.ptsprojects.testcase.TestFunc'>, func=<bound method Stack.avctp_init of <autopts.ptsprojects.stack.stack.Stack object at 0x000002622ACA1670>> start_wid=None stop_wid=None post_wid=None skip_call=None call_count=10 args=() kwds={}
2026-09-24 12:08:05,373 LT1-thread root DEBUG testcase.py               266   start                     : Test function parameters: args=(), kwds={}
2026-09-24 12:08:05,373 LT1-thread root DEBUG testcase.py               254   start                     : Starting test function: class=<class 'autopts.ptsprojects.testcase.TestFunc'>, func=<function core_reg_svc_avrcp at 0x0000026227D2FB00> start_wid=None stop_wid=None post_wid=None skip_call=None call_count=10 args=() kwds={}
2026-09-24 12:08:05,373 LT1-thread root DEBUG testcase.py               266   start                     : Test function parameters: args=(), kwds={}
2026-09-24 12:08:05,373 LT1-thread root DEBUG btp.py                    117   core_reg_svc_univ         : core_reg_svc_univ: avrcp_reg (AVRCP)
2026-09-24 12:08:05,373 LT1-thread root DEBUG iutctl_common.py          161   send                      : 0 3 255 '37'
2026-09-24 12:08:05,373 LT1-thread root DEBUG iutctl_common.py          166   send                      : sending frame '0003ff010025'
2026-09-24 12:08:05,374 LT1-thread root DEBUG btp.py                    654   core_reg_svc_rsp_succ     : 
2026-09-24 12:08:05,374 LT1-thread root DEBUG iutctl_common.py          339   read                      : 
2026-09-24 12:08:05,403 BTPWorkerThread-1459 (_rx_task) root DEBUG iutctl_common.py          123   read                      : Read 5 bytes
2026-09-24 12:08:05,408 BTPWorkerThread-1459 (_rx_task) root DEBUG iutctl_common.py          131   read                      : Received: hdr: Header(svc_id=0x00, op=0x03, ctrl_index=0xff, data_len=0x00) bytearray(b'\x00\x03\xff\x00\x00')
2026-09-24 12:08:05,413 BTPWorkerThread-1459 (_rx_task) root DEBUG iutctl_common.py          154   read                      : Received data: {''}, bytearray(b'')
2026-09-24 12:08:05,425 LT1-thread root DEBUG btp.py                    665   core_reg_svc_rsp_succ     : received Header(svc_id=0, op=3, ctrl_index=255, data_len=0) (b'',)
2026-09-24 12:08:05,425 LT1-thread root DEBUG btp.py                    666   core_reg_svc_rsp_succ     : expected ((0, 3, 255, 0), (b'',))
2026-09-24 12:08:05,425 LT1-thread root DEBUG btp.py                    671   core_reg_svc_rsp_succ     : response is valid
2026-09-24 12:08:05,425 LT1-thread root DEBUG btp.py                    674   core_reg_svc_rsp_succ     : Reading supported commands for service: AVRCP
2026-09-24 12:08:05,425 LT1-thread root DEBUG iutctl_common.py          161   send                      : 37 1 255 ''
2026-09-24 12:08:05,425 LT1-thread root DEBUG iutctl_common.py          166   send                      : sending frame '2501ff0000'
2026-09-24 12:08:05,426 LT1-thread root DEBUG iutctl_common.py          339   read                      : 
2026-09-24 12:08:05,464 BTPWorkerThread-1459 (_rx_task) root DEBUG iutctl_common.py          123   read                      : Read 5 bytes
2026-09-24 12:08:05,475 BTPWorkerThread-1459 (_rx_task) root DEBUG iutctl_common.py          131   read                      : Received: hdr: Header(svc_id=0x25, op=0x01, ctrl_index=0xff, data_len=0x05) bytearray(b'%\x01\xff\x05\x00')
2026-09-24 12:08:05,491 BTPWorkerThread-1459 (_rx_task) root DEBUG iutctl_common.py          139   read                      : Read 5 bytes data
2026-09-24 12:08:05,496 BTPWorkerThread-1459 (_rx_task) root DEBUG iutctl_common.py          154   read                      : Received data: {'fe ff ff ff 1f'}, bytearray(b'\xfe\xff\xff\xff\x1f')
2026-09-24 12:08:05,507 LT1-thread root DEBUG testcase.py               254   start                     : Starting test function: class=<class 'autopts.ptsprojects.testcase.TestFunc'>, func=<bound method Stack.avrcp_init of <autopts.ptsprojects.stack.stack.Stack object at 0x000002622ACA1670>> start_wid=None stop_wid=None post_wid=None skip_call=None call_count=10 args=() kwds={}
2026-09-24 12:08:05,507 LT1-thread root DEBUG testcase.py               266   start                     : Test function parameters: args=(), kwds={}
2026-09-24 12:08:05,509 LT1-thread root DEBUG client.py                 276   get_result                : ClientCallback.get_result run_test_case
2026-09-24 12:08:07,218 LT1-callback ClientCallback.on_implicit_send INFO client.py                 223   on_implicit_send          : 
    ********************
    BEGIN OnImplicitSend:
    project_name: AVCTP
    wid: 42
    test_case_name: AVCTP/TG/CCM/BV-01-C
    description: Using the Implementation Under Test(IUT), initiate ACL Create Connection Request to the PTS.

Description : The Implementation Under Test(IUT) should create ACL connection request to PTS.
    style: MMI_Style_Ok_Cancel2 0x11141
2026-09-24 12:08:07,218 LT1-callback ClientCallback.on_implicit_send INFO client.py                 236   on_implicit_send          : Calling test cases on_implicit_send
2026-09-24 12:08:07,218 LT1-callback ClientCallback.on_implicit_send INFO client.py                 249   on_implicit_send          : 
    on_implicit_send returned response: WAIT
    END OnImplicitSend
    ********************
2026-09-24 12:08:07,509 LT1-thread root DEBUG testcase.py               679   run_wid                   : AVCTP AVCTP/TG/CCM/BV-01-C on_implicit_send
2026-09-24 12:08:07,509 LT1-thread root DEBUG avctp_wid.py              25    avctp_wid_hdl             : avctp_wid_hdl, 42, Using the Implementation Under Test(IUT), initiate ACL Create Connection Request to the PTS.

Description : The Implementation Under Test(IUT) should create ACL connection request to PTS., AVCTP/TG/CCM/BV-01-C
2026-09-24 12:08:07,509 LT1-thread root DEBUG gap.py                    762   gap_connect               : None 224
2026-09-24 12:08:07,509 LT1-thread root DEBUG iutctl_common.py          161   send                      : 1 14 0 "bytearray(b'\\xe0N\\xe4\\x08\\xdc\\x1b\\x00\\x00')"
2026-09-24 12:08:07,509 LT1-thread root DEBUG iutctl_common.py          166   send                      : sending frame '010e000800e04ee408dc1b0000'
2026-09-24 12:08:07,510 LT1-thread root DEBUG iutctl_common.py          339   read                      : 
2026-09-24 12:08:07,538 BTPWorkerThread-1459 (_rx_task) root DEBUG iutctl_common.py          123   read                      : Read 5 bytes
2026-09-24 12:08:07,549 BTPWorkerThread-1459 (_rx_task) root DEBUG iutctl_common.py          131   read                      : Received: hdr: Header(svc_id=0x01, op=0x0e, ctrl_index=0x00, data_len=0x00) bytearray(b'\x01\x0e\x00\x00\x00')
2026-09-24 12:08:07,555 BTPWorkerThread-1459 (_rx_task) root DEBUG iutctl_common.py          154   read                      : Received data: {''}, bytearray(b'')
2026-09-24 12:08:08,539 BTPWorkerThread-1459 (_rx_task) root DEBUG iutctl_common.py          123   read                      : Read 5 bytes
2026-09-24 12:08:08,539 BTPWorkerThread-1459 (_rx_task) root DEBUG iutctl_common.py          131   read                      : Received: hdr: Header(svc_id=0x01, op=0x82, ctrl_index=0x00, data_len=0x0d) bytearray(b'\x01\x82\x00\r\x00')
2026-09-24 12:08:08,539 BTPWorkerThread-1459 (_rx_task) root DEBUG iutctl_common.py          139   read                      : Read 13 bytes data
2026-09-24 12:08:08,540 BTPWorkerThread-1459 (_rx_task) root DEBUG iutctl_common.py          154   read                      : Received data: {'e0 4e e4 08 dc 1b 00 00 00 00 00 00 00'}, bytearray(b'\xe0N\xe4\x08\xdc\x1b\x00\x00\x00\x00\x00\x00\x00')
2026-09-24 12:08:08,540 BTPWorkerThread-1459 (_rx_task) root DEBUG btp.py                    736   event_handler             : Header(svc_id=1, op=130, ctrl_index=0, data_len=13) (b'\xe0N\xe4\x08\xdc\x1b\x00\x00\x00\x00\x00\x00\x00',)
2026-09-24 12:08:08,540 BTPWorkerThread-1459 (_rx_task) root DEBUG gap.py                    215   gap_connected_ev_         : b'\xe0N\xe4\x08\xdc\x1b\x00\x00\x00\x00\x00\x00\x00'
2026-09-24 12:08:08,566 LT1-thread root DEBUG testcase.py               722   run_wid                   : Sending response 'OK' to wid 42 test case AVCTP/TG/CCM/BV-01-C
2026-09-24 12:08:08,568 LT1-thread root DEBUG client.py                 276   get_result                : ClientCallback.get_result run_test_case
2026-09-24 12:08:08,650 LT1-callback ClientCallback.on_implicit_send INFO client.py                 223   on_implicit_send          : 
    ********************
    BEGIN OnImplicitSend:
    project_name: AVCTP
    wid: 2006
    test_case_name: AVCTP/TG/CCM/BV-01-C
    description: Take action to initiate a control channel connection by sending a connection request to the PTS from the IUT.

Description: The Implementation Under Test (IUT) should initiate a connection setup by sending a connection request to PTS.
    style: MMI_Style_Ok_Cancel2 0x11141
2026-09-24 12:08:08,650 LT1-callback ClientCallback.on_implicit_send INFO client.py                 236   on_implicit_send          : Calling test cases on_implicit_send
2026-09-24 12:08:08,651 LT1-callback ClientCallback.on_implicit_send INFO client.py                 249   on_implicit_send          : 
    on_implicit_send returned response: WAIT
    END OnImplicitSend
    ********************
2026-09-24 12:08:09,568 LT1-thread root DEBUG testcase.py               679   run_wid                   : AVCTP AVCTP/TG/CCM/BV-01-C on_implicit_send
2026-09-24 12:08:09,568 LT1-thread root DEBUG avctp_wid.py              25    avctp_wid_hdl             : avctp_wid_hdl, 2006, Take action to initiate a control channel connection by sending a connection request to the PTS from the IUT.

Description: The Implementation Under Test (IUT) should initiate a connection setup by sending a connection request to PTS., AVCTP/TG/CCM/BV-01-C
2026-09-24 12:08:09,568 LT1-thread root DEBUG avrcp.py                  369   avrcp_control_connect     : avrcp_control_connect None
2026-09-24 12:08:09,568 LT1-thread root DEBUG iutctl_common.py          161   send                      : 37 2 0 "bytearray(b'\\xe0N\\xe4\\x08\\xdc\\x1b\\x00')"
2026-09-24 12:08:09,569 LT1-thread root DEBUG iutctl_common.py          166   send                      : sending frame '2502000700e04ee408dc1b00'
2026-09-24 12:08:09,569 LT1-thread root DEBUG avrcp.py                  145   avrcp_command_rsp_succ    : avrcp_command_rsp_succ
2026-09-24 12:08:09,569 LT1-thread root DEBUG iutctl_common.py          339   read                      : 
2026-09-24 12:08:09,614 BTPWorkerThread-1459 (_rx_task) root DEBUG iutctl_common.py          123   read                      : Read 5 bytes
2026-09-24 12:08:09,614 BTPWorkerThread-1459 (_rx_task) root DEBUG iutctl_common.py          131   read                      : Received: hdr: Header(svc_id=0x25, op=0x02, ctrl_index=0x00, data_len=0x00) bytearray(b'%\x02\x00\x00\x00')
2026-09-24 12:08:09,619 BTPWorkerThread-1459 (_rx_task) root DEBUG iutctl_common.py          154   read                      : Received data: {''}, bytearray(b'')
2026-09-24 12:08:09,624 LT1-thread root DEBUG avrcp.py                  150   avrcp_command_rsp_succ    : received Header(svc_id=37, op=2, ctrl_index=0, data_len=0) (b'',)
2026-09-24 12:08:11,409 BTPWorkerThread-1459 (_rx_task) root DEBUG iutctl_common.py          123   read                      : Read 5 bytes
2026-09-24 12:08:11,409 BTPWorkerThread-1459 (_rx_task) root DEBUG iutctl_common.py          131   read                      : Received: hdr: Header(svc_id=0x01, op=0x91, ctrl_index=0x00, data_len=0x09) bytearray(b'\x01\x91\x00\t\x00')
2026-09-24 12:08:11,410 BTPWorkerThread-1459 (_rx_task) root DEBUG iutctl_common.py          139   read                      : Read 9 bytes data
2026-09-24 12:08:11,410 BTPWorkerThread-1459 (_rx_task) root DEBUG iutctl_common.py          154   read                      : Received data: {'e0 4e e4 08 dc 1b 00 01 10'}, bytearray(b'\xe0N\xe4\x08\xdc\x1b\x00\x01\x10')
2026-09-24 12:08:11,410 BTPWorkerThread-1459 (_rx_task) root DEBUG btp.py                    736   event_handler             : Header(svc_id=1, op=145, ctrl_index=0, data_len=9) (b'\xe0N\xe4\x08\xdc\x1b\x00\x01\x10',)
2026-09-24 12:08:11,410 BTPWorkerThread-1459 (_rx_task) root DEBUG gap.py                    494   gap_encryption_change_ev_ : 
2026-09-24 12:08:11,410 BTPWorkerThread-1459 (_rx_task) root DEBUG gap.py                    496   gap_encryption_change_ev_ : enc change received b'\xe0N\xe4\x08\xdc\x1b\x00\x01\x10'
2026-09-24 12:08:11,410 BTPWorkerThread-1459 (_rx_task) root DEBUG gap.py                    505   gap_encryption_change_ev_ : received (224, '001bdc08e44e', 1, 16)
2026-09-24 12:08:11,410 BTPWorkerThread-1459 (_rx_task) root DEBUG iutctl_common.py          123   read                      : Read 5 bytes
2026-09-24 12:08:11,410 BTPWorkerThread-1459 (_rx_task) root DEBUG iutctl_common.py          131   read                      : Received: hdr: Header(svc_id=0x01, op=0x89, ctrl_index=0x00, data_len=0x08) bytearray(b'\x01\x89\x00\x08\x00')
2026-09-24 12:08:11,410 BTPWorkerThread-1459 (_rx_task) root DEBUG iutctl_common.py          139   read                      : Read 8 bytes data
2026-09-24 12:08:11,411 BTPWorkerThread-1459 (_rx_task) root DEBUG iutctl_common.py          154   read                      : Received data: {'e0 4e e4 08 dc 1b 00 02'}, bytearray(b'\xe0N\xe4\x08\xdc\x1b\x00\x02')
2026-09-24 12:08:11,411 BTPWorkerThread-1459 (_rx_task) root DEBUG btp.py                    736   event_handler             : Header(svc_id=1, op=137, ctrl_index=0, data_len=8) (b'\xe0N\xe4\x08\xdc\x1b\x00\x02',)
2026-09-24 12:08:11,411 BTPWorkerThread-1459 (_rx_task) root DEBUG gap.py                    300   gap_sec_level_changed_ev_ : 
2026-09-24 12:08:11,411 BTPWorkerThread-1459 (_rx_task) root DEBUG gap.py                    302   gap_sec_level_changed_ev_ : received b'\xe0N\xe4\x08\xdc\x1b\x00\x02'
2026-09-24 12:08:11,411 BTPWorkerThread-1459 (_rx_task) root DEBUG gap.py                    313   gap_sec_level_changed_ev_ : received (224, '001bdc08e44e', 2)
2026-09-24 12:08:11,431 BTPWorkerThread-1459 (_rx_task) root DEBUG iutctl_common.py          123   read                      : Read 5 bytes
2026-09-24 12:08:11,432 BTPWorkerThread-1459 (_rx_task) root DEBUG iutctl_common.py          131   read                      : Received: hdr: Header(svc_id=0x25, op=0x80, ctrl_index=0x00, data_len=0x07) bytearray(b'%\x80\x00\x07\x00')
2026-09-24 12:08:11,432 BTPWorkerThread-1459 (_rx_task) root DEBUG iutctl_common.py          139   read                      : Read 7 bytes data
2026-09-24 12:08:11,432 BTPWorkerThread-1459 (_rx_task) root DEBUG iutctl_common.py          154   read                      : Received data: {'e0 4e e4 08 dc 1b 00'}, bytearray(b'\xe0N\xe4\x08\xdc\x1b\x00')
2026-09-24 12:08:11,432 BTPWorkerThread-1459 (_rx_task) root DEBUG btp.py                    736   event_handler             : Header(svc_id=37, op=128, ctrl_index=0, data_len=7) (b'\xe0N\xe4\x08\xdc\x1b\x00',)
2026-09-24 12:08:11,432 BTPWorkerThread-1459 (_rx_task) root DEBUG avrcp.py                  994   avrcp_ev_control_connected : avrcp_ev_control_connected b'\xe0N\xe4\x08\xdc\x1b\x00'
2026-09-24 12:08:11,432 BTPWorkerThread-1459 (_rx_task) root DEBUG iutctl_common.py          123   read                      : Read 5 bytes
2026-09-24 12:08:11,433 BTPWorkerThread-1459 (_rx_task) root DEBUG iutctl_common.py          131   read                      : Received: hdr: Header(svc_id=0x25, op=0x80, ctrl_index=0x00, data_len=0x07) bytearray(b'%\x80\x00\x07\x00')
2026-09-24 12:08:11,433 BTPWorkerThread-1459 (_rx_task) root DEBUG iutctl_common.py          139   read                      : Read 7 bytes data
2026-09-24 12:08:11,433 BTPWorkerThread-1459 (_rx_task) root DEBUG iutctl_common.py          154   read                      : Received data: {'e0 4e e4 08 dc 1b 00'}, bytearray(b'\xe0N\xe4\x08\xdc\x1b\x00')
2026-09-24 12:08:11,433 BTPWorkerThread-1459 (_rx_task) root DEBUG btp.py                    736   event_handler             : Header(svc_id=37, op=128, ctrl_index=0, data_len=7) (b'\xe0N\xe4\x08\xdc\x1b\x00',)
2026-09-24 12:08:11,433 BTPWorkerThread-1459 (_rx_task) root DEBUG avrcp.py                  994   avrcp_ev_control_connected : avrcp_ev_control_connected b'\xe0N\xe4\x08\xdc\x1b\x00'
2026-09-24 12:08:11,433 LT1-thread root DEBUG testcase.py               722   run_wid                   : Sending response 'OK' to wid 2006 test case AVCTP/TG/CCM/BV-01-C
2026-09-24 12:08:11,435 LT1-thread root DEBUG client.py                 276   get_result                : ClientCallback.get_result run_test_case
2026-09-24 12:08:12,443 BTPWorkerThread-1459 (_rx_task) root DEBUG iutctl_common.py          123   read                      : Read 5 bytes
2026-09-24 12:08:12,443 BTPWorkerThread-1459 (_rx_task) root DEBUG iutctl_common.py          131   read                      : Received: hdr: Header(svc_id=0x25, op=0x81, ctrl_index=0x00, data_len=0x07) bytearray(b'%\x81\x00\x07\x00')
2026-09-24 12:08:12,444 BTPWorkerThread-1459 (_rx_task) root DEBUG iutctl_common.py          139   read                      : Read 7 bytes data
2026-09-24 12:08:12,444 BTPWorkerThread-1459 (_rx_task) root DEBUG iutctl_common.py          154   read                      : Received data: {'e0 4e e4 08 dc 1b 00'}, bytearray(b'\xe0N\xe4\x08\xdc\x1b\x00')
2026-09-24 12:08:12,444 BTPWorkerThread-1459 (_rx_task) root DEBUG btp.py                    736   event_handler             : Header(svc_id=37, op=129, ctrl_index=0, data_len=7) (b'\xe0N\xe4\x08\xdc\x1b\x00',)
2026-09-24 12:08:12,444 BTPWorkerThread-1459 (_rx_task) root DEBUG avrcp.py                  1000  avrcp_ev_control_disconnected : avrcp_ev_control_disconnected b'\xe0N\xe4\x08\xdc\x1b\x00'
2026-09-24 12:08:12,444 BTPWorkerThread-1459 (_rx_task) root DEBUG iutctl_common.py          123   read                      : Read 5 bytes
2026-09-24 12:08:12,444 BTPWorkerThread-1459 (_rx_task) root DEBUG iutctl_common.py          131   read                      : Received: hdr: Header(svc_id=0x25, op=0x81, ctrl_index=0x00, data_len=0x07) bytearray(b'%\x81\x00\x07\x00')
2026-09-24 12:08:12,444 BTPWorkerThread-1459 (_rx_task) root DEBUG iutctl_common.py          139   read                      : Read 7 bytes data
2026-09-24 12:08:12,445 BTPWorkerThread-1459 (_rx_task) root DEBUG iutctl_common.py          154   read                      : Received data: {'e0 12 d8 1b 60 a1 76'}, bytearray(b'\xe0\x12\xd8\x1b`\xa1v')
2026-09-24 12:08:12,445 BTPWorkerThread-1459 (_rx_task) root DEBUG btp.py                    736   event_handler             : Header(svc_id=37, op=129, ctrl_index=0, data_len=7) (b'\xe0\x12\xd8\x1b`\xa1v',)
2026-09-24 12:08:12,445 BTPWorkerThread-1459 (_rx_task) root DEBUG avrcp.py                  1000  avrcp_ev_control_disconnected : avrcp_ev_control_disconnected b'\xe0\x12\xd8\x1b`\xa1v'
2026-09-24 12:08:12,445 BTPWorkerThread-1459 (_rx_task) root ERROR avrcp.py                  84    remove_connection         : unknown AVRCP connection
2026-09-24 12:08:15,217 LT1-callback ClientCallback.log INFO client.py                 200   log                       : PTS_LOGTYPE_START_TEST Start Test Case 

+141 ms
 AVCTP/TG/CCM/BV-01-C AVCTP/TG/CCM/BV-01-C

2026-09-24 12:08:15,519 LT1-callback ClientCallback.log INFO client.py                 200   log                       : PTS_LOGTYPE_FINAL_VERDICT Final Verdict 

+9360 ms
 AVCTP/TG/CCM/BV-01-C PASS

2026-09-24 12:08:15,524 LT1-callback ClientCallback.log INFO client.py                 200   log                       : PTS_LOGTYPE_FINAL_VERDICT Encrypted Verdict 

+9360 ms
 AVCTP/TG/CCM/BV-01-C A1#ZWY4MzQ5MDg3MmQwNTIxOGQzMzQ5YjY2ODA5M2MzNjQ5ZDY4NmY0Yjc2MzIzM2VkNTUyNTFhNGU4Mjg1MjI0NA==#RZL+jKhtMN5BGuZxN1L2Bvgwi/WzZS45V4ybVz/2j0x0HDR5a4jK0qsNYMr/YCMX

2026-09-24 12:08:15,528 LT1-callback ClientCallback.log INFO client.py                 200   log                       : PTS_LOGTYPE_END_TEST Test Case Ended 

+9360 ms
 AVCTP/TG/CCM/BV-01-C AVCTP/TG/CCM/BV-01-C

2026-09-24 12:08:15,596 LT1-callback root DEBUG client.py                 261   set_result                : ClientCallback, set_result, run_test_case, PASS
2026-09-24 12:08:15,596 LT1-thread root DEBUG client.py                 1186  _run_test_case            : After run_test_case error_code=0 status='PASS'
2026-09-24 12:08:15,596 LT1-thread root DEBUG testcase.py               766   post_run                  : post_run AVCTP AVCTP/TG/CCM/BV-01-C 0
2026-09-24 12:08:15,597 LT1-thread root DEBUG testcase.py               254   start                     : Starting test function: class=<class 'autopts.ptsprojects.testcase.TestFuncCleanUp'>, func=<bound method ZTestCase._test_case_cleanup of <autopts.ptsprojects.zephyr.ztestcase.ZTestCase object at 0x000002622B53EF60>> start_wid=None stop_wid=None post_wid=None skip_call=None call_count=1 args=() kwds={}
2026-09-24 12:08:15,597 LT1-thread root DEBUG testcase.py               266   start                     : Test function parameters: args=(), kwds={}
2026-09-24 12:08:15,597 LT1-thread root DEBUG iutctl.py                 415   stop                      : <class 'autopts.ptsprojects.zephyr.iutctl.create_zephyr_ctl_class.<locals>.ZephyrCtl'>.stop
2026-09-24 12:08:15,597 LT1-thread root DEBUG __init__.py               51    reset                     : About to reset DUT: JLink -CommandFile reset.jlink -usb 1063214216 -device MIMXRT1176XXXA_M7
2026-09-24 12:08:15,918 BTPWorkerThread-1459 (_rx_task) root DEBUG iutctl_common.py          123   read                      : Read 5 bytes
2026-09-24 12:08:15,918 BTPWorkerThread-1459 (_rx_task) root DEBUG iutctl_common.py          131   read                      : Received: hdr: Header(svc_id=0x00, op=0x80, ctrl_index=0xff, data_len=0x00) bytearray(b'\x00\x80\xff\x00\x00')
2026-09-24 12:08:15,919 BTPWorkerThread-1459 (_rx_task) root DEBUG iutctl_common.py          154   read                      : Received data: {''}, bytearray(b'')
2026-09-24 12:08:15,919 BTPWorkerThread-1459 (_rx_task) root DEBUG btp.py                    736   event_handler             : Header(svc_id=0, op=128, ctrl_index=255, data_len=0) (b'',)
2026-09-24 12:08:15,919 BTPWorkerThread-1459 (_rx_task) root DEBUG core.py                   23    core_iut_ready_ev         : 
2026-09-24 12:08:15,979 LT1-thread root DEBUG iutctl.py                 436   _stop_tty_mode            : IUT ready event received OK
2026-09-24 12:08:15,979 LT1-thread root DEBUG iutctl_common.py          416   close                     : Waiting for _rx_worker to finish ...
2026-09-24 12:08:16,920 BTPWorkerThread-1459 (_rx_task) root DEBUG iutctl_common.py          332   _rx_task                  : BTPWorkerThread-1459 (_rx_task) finishing...
2026-09-24 12:08:19,926 LT1-thread root DEBUG testcase.py               794   post_run                  : post_run, cleanup running post test case script
2026-09-24 12:08:19,926 LT1-thread root DEBUG testcase.py               802   post_run                  : post_run, run post test case script
2026-09-24 12:08:20,001 LT1-thread root DEBUG client.py                 1220  _run_test_case            : Done TestCase _run_test_case AVCTP AVCTP/TG/CCM/BV-01-C
