20:13:08:111    > BTP_CORE_CMD_READ_SUPPORTED_SERVICES (0x00|0x02|0xff)
                  raw data (0): 00 02 ff 00 00|
20:13:08:166    < BTP_CORE_CMD_READ_SUPPORTED_SERVICES (0x00|0x02|0xff)
                  raw data (5): 00 02 ff 05 00|0f 00 00 a0 01
20:13:08:184    > BTP_CORE_CMD_REGISTER_SERVICE (0x00|0x03|0xff)
                  raw data (1): 00 03 ff 01 00|01
20:13:12:331    < BTP_CORE_CMD_REGISTER_SERVICE (0x00|0x03|0xff)
                  raw data (0): 00 03 ff 00 00|
20:13:12:344    > BTP_GAP_CMD_READ_SUPPORTED_COMMANDS (0x01|0x01|0xff)
                  raw data (0): 01 01 ff 00 00|
20:13:12:421    < BTP_GAP_CMD_READ_SUPPORTED_COMMANDS (0x01|0x01|0xff)
                  raw data (7): 01 01 ff 07 00|6e ff 7f 1f fe ff 0e
20:13:12:422    > BTP_GAP_CMD_READ_CONTROLLER_INFO (0x01|0x03|0x00)
                  raw data (0): 01 03 00 00 00|
20:13:12:496    < BTP_GAP_CMD_READ_CONTROLLER_INFO (0x01|0x03|0x00)
                  raw data (277): 
                  01 03 00 15 01|19 78 ee 69 17 d0 d3 06 02 00 13 
                  02 00 00 00 00 00 62 74 70 5f 74 65 73 74 65 72 
                  00 00 00 00 00 00 00 00 00 00 00 00 00 00 00 00 
                  00 00 00 00 00 00 00 00 00 00 00 00 00 00 00 00 
                  00 00 00 00 00 00 00 00 00 00 00 00 00 00 00 00 
                  00 00 00 00 00 00 00 00 00 00 00 00 00 00 00 00 
                  00 00 00 00 00 00 00 00 00 00 00 00 00 00 00 00 
                  00 00 00 00 00 00 00 00 00 00 00 00 00 00 00 00 
                  00 00 00 00 00 00 00 00 00 00 00 00 00 00 00 00 
                  00 00 00 00 00 00 00 00 00 00 00 00 00 00 00 00 
                  00 00 00 00 00 00 00 00 00 00 00 00 00 00 00 00 
                  00 00 00 00 00 00 00 00 00 00 00 00 00 00 00 00 
                  00 00 00 00 00 00 00 00 00 00 00 00 00 00 00 00 
                  00 00 00 00 00 00 00 00 00 00 00 00 00 00 00 00 
                  00 00 00 00 00 00 00 00 00 00 00 00 00 00 00 00 
                  00 00 00 00 00 00 00 00 00 00 00 00 00 00 00 00 
                  00 00 00 00 00 00 00 00 00 00 00 00 00 00 00 00 
                  00 00 00 00 00 00 00 00 00 00
20:13:12:618    > BTP_CORE_CMD_REGISTER_SERVICE (0x00|0x03|0xff)
                  raw data (2): 00 03 ff 01 00|02
20:13:12:666    < BTP_CORE_CMD_REGISTER_SERVICE (0x00|0x03|0xff)
                  raw data (0): 00 03 ff 00 00|
20:13:12:678    > BTP_GATT_CMD_READ_SUPPORTED_COMMANDS (0x02|0x01|0xff)
                  raw data (0): 02 01 ff 00 00|
20:13:12:743    < BTP_GATT_CMD_READ_SUPPORTED_COMMANDS (0x02|0x01|0xff)
                  raw data (5): 02 01 ff 05 00|fe fe bf fd 0f
20:13:12:750    > BTP_GAP_CMD_SET_IO_CAP (0x01|0x10|0x00)
                  raw data (1): 01 10 00 01 00|04
20:13:12:811    < BTP_GAP_CMD_SET_IO_CAP (0x01|0x10|0x00)
                  raw data (0): 01 10 00 00 00|
20:13:12:829    > BTP_GATT_CMD_ADD_SERVICE (0x02|0x02|0x00)
                  raw data (4): 02 02 00 04 00|00 02 51 aa
20:13:12:908    < BTP_GATT_CMD_ADD_SERVICE (0x02|0x02|0x00)
                  raw data (2): 02 02 00 02 00|00 00
20:13:12:909    > BTP_GATT_CMD_ADD_CHARACTERISTIC (0x02|0x03|0x00)
                  raw data (7): 02 03 00 07 00|00 00 02 11 02 52 aa
20:13:12:972    < BTP_GATT_CMD_ADD_CHARACTERISTIC (0x02|0x03|0x00)
                  raw data (2): 02 03 00 02 00|00 00
20:13:12:985    > BTP_GATT_CMD_SET_VALUE (0x02|0x06|0x00)
                  raw data (5): 02 06 00 05 00|00 00 01 00 01
20:13:13:028    < BTP_GATT_CMD_SET_VALUE (0x02|0x06|0x00)
                  raw data (0): 02 06 00 00 00|
20:13:13:035    > BTP_GATT_CMD_ADD_CHARACTERISTIC (0x02|0x03|0x00)
                  raw data (7): 02 03 00 07 00|00 00 02 05 02 53 aa
20:13:13:088    < BTP_GATT_CMD_ADD_CHARACTERISTIC (0x02|0x03|0x00)
                  raw data (2): 02 03 00 02 00|00 00
20:13:13:099    > BTP_GATT_CMD_SET_VALUE (0x02|0x06|0x00)
                  raw data (5): 02 06 00 05 00|00 00 01 00 02
20:13:13:138    < BTP_GATT_CMD_SET_VALUE (0x02|0x06|0x00)
                  raw data (0): 02 06 00 00 00|
20:13:13:143    > BTP_GATT_CMD_ADD_CHARACTERISTIC (0x02|0x03|0x00)
                  raw data (7): 02 03 00 07 00|00 00 0a 30 02 55 aa
20:13:13:204    < BTP_GATT_CMD_ADD_CHARACTERISTIC (0x02|0x03|0x00)
                  raw data (2): 02 03 00 02 00|00 00
20:13:13:205    > BTP_GATT_CMD_SET_VALUE (0x02|0x06|0x00)
                  raw data (5): 02 06 00 05 00|00 00 01 00 04
20:13:13:259    < BTP_GATT_CMD_SET_VALUE (0x02|0x06|0x00)
                  raw data (0): 02 06 00 00 00|
20:13:13:266    > BTP_GATT_CMD_START_SERVER (0x02|0x07|0x00)
                  raw data (0): 02 07 00 00 00|
20:13:13:327    < BTP_GATT_CMD_START_SERVER (0x02|0x07|0x00)
                  raw data (3): 02 07 00 03 00|00 00 00
20:13:16:342    > BTP_GAP_CMD_SET_IO_CAP (0x01|0x10|0x00)
                  raw data (1): 01 10 00 01 00|03
20:13:16:400    < BTP_GAP_CMD_SET_IO_CAP (0x01|0x10|0x00)
                  raw data (0): 01 10 00 00 00|
20:13:21:415    > BTP_GAP_CMD_CONNECT (0x01|0x0e|0x00)
                  raw data (8): 01 0e 00 08 00|00 4e e4 08 dc 1b 00 00
20:13:21:480    < BTP_GAP_CMD_CONNECT (0x01|0x0e|0x00)
                  raw data (0): 01 0e 00 00 00|
20:13:21:493    < BTP_GAP_EV_DEVICE_CONNECTED (0x01|0x82|0x00)
                  raw data (13): 
                  01 82 00 0d 00|00 4e e4 08 dc 1b 00 24 00 00 00 
                  90 01
20:13:22:496    > BTP_GAP_CMD_PAIR (0x01|0x11|0x00)
                  raw data (7): 01 11 00 07 00|00 4e e4 08 dc 1b 00
20:13:22:550    < BTP_GAP_CMD_PAIR (0x01|0x11|0x00)
                  raw data (0): 01 11 00 00 00|
20:13:23:118    < BTP_GAP_EV_ENCRYPTION_CHANGE (0x01|0x91|0x00)
                  raw data (9): 01 91 00 09 00|00 4e e4 08 dc 1b 00 01 10
20:13:23:118    < BTP_GAP_EV_SEC_LEVEL_CHANGED (0x01|0x89|0x00)
                  raw data (8): 01 89 00 08 00|00 4e e4 08 dc 1b 00 02
20:13:26:565    > BTP_GATT_CMD_CFG_INDICATE (0x02|0x1b|0x00)
                  raw data (10): 02 1b 00 0a 00|00 4e e4 08 dc 1b 00 01 0d 00
20:13:26:872    < BTP_GATT_CMD_CFG_INDICATE (0x02|0x1b|0x00)
                  raw data (0): 02 1b 00 00 00|
20:13:28:155    < BTP_GAP_EV_DEVICE_DISCONNECTED (0x01|0x83|0x00)
                  raw data (7): 01 83 00 07 00|00 4e e4 08 dc 1b 00
20:13:28:883    > BTP_GAP_CMD_CONNECT (0x01|0x0e|0x00)
                  raw data (8): 01 0e 00 08 00|00 4e e4 08 dc 1b 00 00
20:13:28:940    < BTP_GAP_CMD_CONNECT (0x01|0x0e|0x00)
                  raw data (0): 01 0e 00 00 00|
20:13:29:091    < BTP_GAP_EV_DEVICE_CONNECTED (0x01|0x82|0x00)
                  raw data (13): 
                  01 82 00 0d 00|00 4e e4 08 dc 1b 00 24 00 00 00 
                  90 01
20:13:35:963    > BTP_GAP_CMD_PAIR (0x01|0x11|0x00)
                  raw data (7): 01 11 00 07 00|00 4e e4 08 dc 1b 00
20:13:36:024    < BTP_GAP_CMD_PAIR (0x01|0x11|0x00)
                  raw data (0): 01 11 00 00 00|
20:13:40:079    < BTP_GAP_EV_ENCRYPTION_CHANGE (0x01|0x91|0x00)
                  raw data (9): 01 91 00 09 00|00 4e e4 08 dc 1b 00 01 10
20:13:40:080    < BTP_GAP_EV_SEC_LEVEL_CHANGED (0x01|0x89|0x00)
                  raw data (8): 01 89 00 08 00|00 4e e4 08 dc 1b 00 02
20:13:40:123    < BTP_GATT_EV_NOTIFICATION (0x02|0x80|0x00)
                  raw data (13): 
                  02 80 00 0d 00|00 4e e4 08 dc 1b 00 02 0b 00 01 
                  00 62
20:13:41:432    < BTP_GAP_EV_DEVICE_DISCONNECTED (0x01|0x83|0x00)
                  raw data (7): 01 83 00 07 00|00 4e e4 08 dc 1b 00
20:13:45:137    < BTP_CORE_EV_IUT_READY (0x00|0x80|0xff)
                  raw data (0): 00 80 ff 00 00|
