2026-10-09 12:10:04,610 LT1-thread root DEBUG client.py                 1099  _run_test_case            : Starting TestCase _run_test_case RFCOMM RFCOMM/DEVA-DEVB/RFC/BV-22-C
2026-10-09 12:10:04,610 LT1-thread root DEBUG testcase.py               727   pre_run                   : pre_run RFCOMM RFCOMM/DEVA-DEVB/RFC/BV-22-C
2026-10-09 12:10:04,610 LT1-thread root DEBUG testcase.py               729   pre_run                   : About to run test case RFCOMM RFCOMM/DEVA-DEVB/RFC/BV-22-C with commands:
2026-10-09 12:10:04,610 LT1-thread root DEBUG testcase.py               731   pre_run                   : 0) class=<class 'autopts.ptsprojects.testcase.TestFunc'>, func=<bound method ZTestCase._test_case_start of <autopts.ptsprojects.zephyr.ztestcase.ZTestCase object at 0x000002C687BFB470>> start_wid=None stop_wid=None post_wid=None skip_call=None call_count=0 args=() kwds={}
2026-10-09 12:10:04,611 LT1-thread root DEBUG testcase.py               731   pre_run                   : 1) class=<class 'autopts.ptsprojects.testcase.TestFunc'>, func=<function core_reg_svc_gap at 0x000002C684E2E160> start_wid=None stop_wid=None post_wid=None skip_call=None call_count=15 args=() kwds={}
2026-10-09 12:10:04,611 LT1-thread root DEBUG testcase.py               731   pre_run                   : 2) class=<class 'autopts.ptsprojects.testcase.TestFunc'>, func=<bound method Stack.gap_init of <autopts.ptsprojects.stack.stack.Stack object at 0x000002C6862F6F00>> start_wid=None stop_wid=None post_wid=None skip_call=None call_count=15 args=(b'Tester_08E44E',) kwds={}
2026-10-09 12:10:04,611 LT1-thread root DEBUG testcase.py               731   pre_run                   : 3) class=<class 'autopts.ptsprojects.testcase.TestFunc'>, func=<function gap_read_controller_info at 0x000002C684E6EB60> start_wid=None stop_wid=None post_wid=None skip_call=None call_count=15 args=() kwds={}
2026-10-09 12:10:04,611 LT1-thread root DEBUG testcase.py               731   pre_run                   : 4) class=<class 'autopts.ptsprojects.testcase.TestFunc'>, func=<function test_cases.<locals>.<lambda> at 0x000002C687BC3920> start_wid=None stop_wid=None post_wid=None skip_call=None call_count=15 args=() kwds={}
2026-10-09 12:10:04,611 LT1-thread root DEBUG testcase.py               731   pre_run                   : 5) class=<class 'autopts.ptsprojects.testcase.TestFunc'>, func=<function set_pts_addr at 0x000002C684E2DD00> start_wid=None stop_wid=None post_wid=None skip_call=None call_count=15 args=('00:1B:DC:08:E4:4E', 0) kwds={}
2026-10-09 12:10:04,611 LT1-thread root DEBUG testcase.py               731   pre_run                   : 6) class=<class 'autopts.ptsprojects.testcase.TestFunc'>, func=<function core_reg_svc_rfcomm at 0x000002C684E2F7E0> start_wid=None stop_wid=None post_wid=None skip_call=None call_count=15 args=() kwds={}
2026-10-09 12:10:04,611 LT1-thread root DEBUG testcase.py               731   pre_run                   : 7) class=<class 'autopts.ptsprojects.testcase.TestFunc'>, func=<bound method Stack.rfcomm_init of <autopts.ptsprojects.stack.stack.Stack object at 0x000002C6862F6F00>> start_wid=None stop_wid=None post_wid=None skip_call=None call_count=15 args=() kwds={}
2026-10-09 12:10:04,611 LT1-thread root DEBUG testcase.py               731   pre_run                   : 8) class=<class 'autopts.ptsprojects.testcase.TestFuncCleanUp'>, func=<bound method ZTestCase._test_case_cleanup of <autopts.ptsprojects.zephyr.ztestcase.ZTestCase object at 0x000002C687BFB470>> start_wid=None stop_wid=None post_wid=None skip_call=None call_count=0 args=() kwds={}
2026-10-09 12:10:04,611 LT1-thread root DEBUG testcase.py               738   pre_run                   : pre_run, run pre test case script
2026-10-09 12:10:04,619 LT1-thread root DEBUG testcase.py               254   start                     : Starting test function: class=<class 'autopts.ptsprojects.testcase.TestFunc'>, func=<bound method ZTestCase._test_case_start of <autopts.ptsprojects.zephyr.ztestcase.ZTestCase object at 0x000002C687BFB470>> start_wid=None stop_wid=None post_wid=None skip_call=None call_count=1 args=() kwds={}
2026-10-09 12:10:04,620 LT1-thread root DEBUG testcase.py               266   start                     : Test function parameters: args=(), kwds={}
2026-10-09 12:10:04,620 LT1-thread root DEBUG iutctl.py                 172   start                     : <class 'autopts.ptsprojects.zephyr.iutctl.create_zephyr_ctl_class.<locals>.ZephyrCtl'>.start
2026-10-09 12:10:04,620 LT1-thread root DEBUG iutctl.py                 325   flush_serial              : <class 'autopts.ptsprojects.zephyr.iutctl.create_zephyr_ctl_class.<locals>.ZephyrCtl'>.flush_serial
2026-10-09 12:10:05,807 LT1-thread root DEBUG iutctl.py                 249   _start_tty_mode           : Starting socat process: socat.exe -x -v tcp:10.17.12.9:52080,retry=100,interval=1 /dev/ttyS2,raw,b115200,
2026-10-09 12:10:05,816 LT1-thread root DEBUG iutctl_common.py          402   accept                    : 
2026-10-09 12:10:05,892 BTPWorkerThread-40936 (_rx_task) root DEBUG iutctl_common.py          299   _rx_task                  : BTPWorkerThread-40936 (_rx_task) started
2026-10-09 12:10:05,892 LT1-thread root DEBUG iutctl.py                 395   wait_iut_ready_event      : IUT ready event received OK
2026-10-09 12:10:05,892 LT1-thread root DEBUG btp.py                    51    read_supp_svcs            : 
2026-10-09 12:10:05,893 LT1-thread root DEBUG iutctl_common.py          161   send                      : 0 2 255 ''
2026-10-09 12:10:05,893 LT1-thread root DEBUG iutctl_common.py          166   send                      : sending frame '0002ff0000'
2026-10-09 12:10:05,893 LT1-thread root DEBUG iutctl_common.py          339   read                      : 
2026-10-09 12:10:05,901 BTPWorkerThread-40936 (_rx_task) root DEBUG iutctl_common.py          123   read                      : Read 5 bytes
2026-10-09 12:10:05,910 BTPWorkerThread-40936 (_rx_task) root DEBUG iutctl_common.py          131   read                      : Received: hdr: Header(svc_id=0x00, op=0x02, ctrl_index=0xff, data_len=0x06) bytearray(b'\x00\x02\xff\x06\x00')
2026-10-09 12:10:05,972 BTPWorkerThread-40936 (_rx_task) root DEBUG iutctl_common.py          139   read                      : Read 6 bytes data
2026-10-09 12:10:06,010 BTPWorkerThread-40936 (_rx_task) root DEBUG iutctl_common.py          154   read                      : Received data: {'0f 00 00 a0 ff 03'}, bytearray(b'\x0f\x00\x00\xa0\xff\x03')
2026-10-09 12:10:06,016 LT1-thread root DEBUG btp.py                    62    read_supp_svcs            : received Header(svc_id=0, op=2, ctrl_index=255, data_len=6) (b'\x0f\x00\x00\xa0\xff\x03',)
2026-10-09 12:10:06,016 LT1-thread root DEBUG testcase.py               254   start                     : Starting test function: class=<class 'autopts.ptsprojects.testcase.TestFunc'>, func=<function core_reg_svc_gap at 0x000002C684E2E160> start_wid=None stop_wid=None post_wid=None skip_call=None call_count=16 args=() kwds={}
2026-10-09 12:10:06,016 LT1-thread root DEBUG testcase.py               266   start                     : Test function parameters: args=(), kwds={}
2026-10-09 12:10:06,016 LT1-thread root DEBUG btp.py                    117   core_reg_svc_univ         : core_reg_svc_univ: gap_reg (GAP)
2026-10-09 12:10:06,016 LT1-thread root DEBUG iutctl_common.py          161   send                      : 0 3 255 '1'
2026-10-09 12:10:06,016 LT1-thread root DEBUG iutctl_common.py          166   send                      : sending frame '0003ff010001'
2026-10-09 12:10:06,016 LT1-thread root DEBUG btp.py                    654   core_reg_svc_rsp_succ     : 
2026-10-09 12:10:06,018 LT1-thread root DEBUG iutctl_common.py          339   read                      : 
2026-10-09 12:10:10,134 BTPWorkerThread-40936 (_rx_task) root DEBUG iutctl_common.py          123   read                      : Read 5 bytes
2026-10-09 12:10:10,147 BTPWorkerThread-40936 (_rx_task) root DEBUG iutctl_common.py          131   read                      : Received: hdr: Header(svc_id=0x00, op=0x03, ctrl_index=0xff, data_len=0x00) bytearray(b'\x00\x03\xff\x00\x00')
2026-10-09 12:10:10,147 BTPWorkerThread-40936 (_rx_task) root DEBUG iutctl_common.py          154   read                      : Received data: {''}, bytearray(b'')
2026-10-09 12:10:10,152 LT1-thread root DEBUG btp.py                    665   core_reg_svc_rsp_succ     : received Header(svc_id=0, op=3, ctrl_index=255, data_len=0) (b'',)
2026-10-09 12:10:10,152 LT1-thread root DEBUG btp.py                    666   core_reg_svc_rsp_succ     : expected ((0, 3, 255, 0), (b'',))
2026-10-09 12:10:10,152 LT1-thread root DEBUG btp.py                    671   core_reg_svc_rsp_succ     : response is valid
2026-10-09 12:10:10,152 LT1-thread root DEBUG btp.py                    674   core_reg_svc_rsp_succ     : Reading supported commands for service: GAP
2026-10-09 12:10:10,152 LT1-thread root DEBUG iutctl_common.py          161   send                      : 1 1 255 ''
2026-10-09 12:10:10,152 LT1-thread root DEBUG iutctl_common.py          166   send                      : sending frame '0101ff0000'
2026-10-09 12:10:10,152 LT1-thread root DEBUG iutctl_common.py          339   read                      : 
2026-10-09 12:10:10,195 BTPWorkerThread-40936 (_rx_task) root DEBUG iutctl_common.py          123   read                      : Read 5 bytes
2026-10-09 12:10:10,205 BTPWorkerThread-40936 (_rx_task) root DEBUG iutctl_common.py          131   read                      : Received: hdr: Header(svc_id=0x01, op=0x01, ctrl_index=0xff, data_len=0x07) bytearray(b'\x01\x01\xff\x07\x00')
2026-10-09 12:10:10,215 BTPWorkerThread-40936 (_rx_task) root DEBUG iutctl_common.py          139   read                      : Read 7 bytes data
2026-10-09 12:10:10,254 BTPWorkerThread-40936 (_rx_task) root DEBUG iutctl_common.py          154   read                      : Received data: {'6e ff 7f 1f fe ff 2e'}, bytearray(b'n\xff\x7f\x1f\xfe\xff.')
2026-10-09 12:10:10,281 LT1-thread root DEBUG testcase.py               254   start                     : Starting test function: class=<class 'autopts.ptsprojects.testcase.TestFunc'>, func=<bound method Stack.gap_init of <autopts.ptsprojects.stack.stack.Stack object at 0x000002C6862F6F00>> start_wid=None stop_wid=None post_wid=None skip_call=None call_count=16 args=(b'Tester_08E44E',) kwds={}
2026-10-09 12:10:10,281 LT1-thread root DEBUG testcase.py               266   start                     : Test function parameters: args=(b'Tester_08E44E',), kwds={}
2026-10-09 12:10:10,281 LT1-thread root DEBUG testcase.py               254   start                     : Starting test function: class=<class 'autopts.ptsprojects.testcase.TestFunc'>, func=<function gap_read_controller_info at 0x000002C684E6EB60> start_wid=None stop_wid=None post_wid=None skip_call=None call_count=16 args=() kwds={}
2026-10-09 12:10:10,281 LT1-thread root DEBUG testcase.py               266   start                     : Test function parameters: args=(), kwds={}
2026-10-09 12:10:10,281 LT1-thread root DEBUG gap.py                    1163  gap_read_controller_info  : 
2026-10-09 12:10:10,281 LT1-thread root DEBUG iutctl_common.py          161   send                      : 1 3 0 ''
2026-10-09 12:10:10,281 LT1-thread root DEBUG iutctl_common.py          166   send                      : sending frame '0103000000'
2026-10-09 12:10:10,281 LT1-thread root DEBUG iutctl_common.py          339   read                      : 
2026-10-09 12:10:10,325 BTPWorkerThread-40936 (_rx_task) root DEBUG iutctl_common.py          123   read                      : Read 5 bytes
2026-10-09 12:10:10,337 BTPWorkerThread-40936 (_rx_task) root DEBUG iutctl_common.py          131   read                      : Received: hdr: Header(svc_id=0x01, op=0x03, ctrl_index=0x00, data_len=0x115) bytearray(b'\x01\x03\x00\x15\x01')
2026-10-09 12:10:10,348 BTPWorkerThread-40936 (_rx_task) root DEBUG iutctl_common.py          139   read                      : Read 277 bytes data
2026-10-09 12:10:10,353 BTPWorkerThread-40936 (_rx_task) root DEBUG iutctl_common.py          154   read                      : Received data: {'19 78 ee 69 17 d0 d3 06 02 00 13 02 00 00 00 00 00 62 74 70 5f 74 65 73 74 65 72 00 00 00 00 00 00 00 00 00 00 00 00 00 00 00 00 00 00 00 00 00 00 00 00 00 00 00 00 00 00 00 00 00 00 00 00 00 00 00 00 00 00 00 00 00 00 00 00 00 00 00 00 00 00 00 00 00 00 00 00 00 00 00 00 00 00 00 00 00 00 00 00 00 00 00 00 00 00 00 00 00 00 00 00 00 00 00 00 00 00 00 00 00 00 00 00 00 00 00 00 00 00 00 00 00 00 00 00 00 00 00 00 00 00 00 00 00 00 00 00 00 00 00 00 00 00 00 00 00 00 00 00 00 00 00 00 00 00 00 00 00 00 00 00 00 00 00 00 00 00 00 00 00 00 00 00 00 00 00 00 00 00 00 00 00 00 00 00 00 00 00 00 00 00 00 00 00 00 00 00 00 00 00 00 00 00 00 00 00 00 00 00 00 00 00 00 00 00 00 00 00 00 00 00 00 00 00 00 00 00 00 00 00 00 00 00 00 00 00 00 00 00 00 00 00 00 00 00 00 00 00 00 00 00 00 00 00 00 00 00 00 00 00 00 00 00 00 00 00 00'}, bytearray(b'\x19x\xeei\x17\xd0\xd3\x06\x02\x00\x13\x02\x00\x00\x00\x00\x00btp_tester\x00\x00\x00\x00\x00\x00\x00\x00\x00\x00\x00\x00\x00\x00\x00\x00\x00\x00\x00\x00\x00\x00\x00\x00\x00\x00\x00\x00\x00\x00\x00\x00\x00\x00\x00\x00\x00\x00\x00\x00\x00\x00\x00\x00\x00\x00\x00\x00\x00\x00\x00\x00\x00\x00\x00\x00\x00\x00\x00\x00\x00\x00\x00\x00\x00\x00\x00\x00\x00\x00\x00\x00\x00\x00\x00\x00\x00\x00\x00\x00\x00\x00\x00\x00\x00\x00\x00\x00\x00\x00\x00\x00\x00\x00\x00\x00\x00\x00\x00\x00\x00\x00\x00\x00\x00\x00\x00\x00\x00\x00\x00\x00\x00\x00\x00\x00\x00\x00\x00\x00\x00\x00\x00\x00\x00\x00\x00\x00\x00\x00\x00\x00\x00\x00\x00\x00\x00\x00\x00\x00\x00\x00\x00\x00\x00\x00\x00\x00\x00\x00\x00\x00\x00\x00\x00\x00\x00\x00\x00\x00\x00\x00\x00\x00\x00\x00\x00\x00\x00\x00\x00\x00\x00\x00\x00\x00\x00\x00\x00\x00\x00\x00\x00\x00\x00\x00\x00\x00\x00\x00\x00\x00\x00\x00\x00\x00\x00\x00\x00\x00\x00\x00\x00\x00\x00\x00\x00\x00\x00\x00\x00\x00\x00\x00\x00\x00\x00\x00\x00\x00\x00\x00\x00\x00\x00\x00\x00\x00\x00\x00\x00\x00\x00\x00\x00\x00\x00\x00\x00\x00\x00\x00\x00\x00\x00\x00\x00\x00\x00\x00')
2026-10-09 12:10:10,359 LT1-thread root DEBUG gap.py                    1170  gap_read_controller_info  : received Header(svc_id=1, op=3, ctrl_index=0, data_len=277) (b'\x19x\xeei\x17\xd0\xd3\x06\x02\x00\x13\x02\x00\x00\x00\x00\x00btp_tester\x00\x00\x00\x00\x00\x00\x00\x00\x00\x00\x00\x00\x00\x00\x00\x00\x00\x00\x00\x00\x00\x00\x00\x00\x00\x00\x00\x00\x00\x00\x00\x00\x00\x00\x00\x00\x00\x00\x00\x00\x00\x00\x00\x00\x00\x00\x00\x00\x00\x00\x00\x00\x00\x00\x00\x00\x00\x00\x00\x00\x00\x00\x00\x00\x00\x00\x00\x00\x00\x00\x00\x00\x00\x00\x00\x00\x00\x00\x00\x00\x00\x00\x00\x00\x00\x00\x00\x00\x00\x00\x00\x00\x00\x00\x00\x00\x00\x00\x00\x00\x00\x00\x00\x00\x00\x00\x00\x00\x00\x00\x00\x00\x00\x00\x00\x00\x00\x00\x00\x00\x00\x00\x00\x00\x00\x00\x00\x00\x00\x00\x00\x00\x00\x00\x00\x00\x00\x00\x00\x00\x00\x00\x00\x00\x00\x00\x00\x00\x00\x00\x00\x00\x00\x00\x00\x00\x00\x00\x00\x00\x00\x00\x00\x00\x00\x00\x00\x00\x00\x00\x00\x00\x00\x00\x00\x00\x00\x00\x00\x00\x00\x00\x00\x00\x00\x00\x00\x00\x00\x00\x00\x00\x00\x00\x00\x00\x00\x00\x00\x00\x00\x00\x00\x00\x00\x00\x00\x00\x00\x00\x00\x00\x00\x00\x00\x00\x00\x00\x00\x00\x00\x00\x00\x00\x00\x00\x00\x00\x00\x00\x00\x00\x00\x00\x00\x00\x00\x00\x00\x00\x00\x00\x00\x00\x00\x00\x00\x00\x00\x00',)
2026-10-09 12:10:10,360 LT1-thread root DEBUG gap.py                    1191  gap_read_controller_info  : IUT address 'd01769ee7819' 'public'
2026-10-09 12:10:10,360 LT1-thread root DEBUG gap.py                    596   __gap_current_settings_update : 531
2026-10-09 12:10:10,360 LT1-thread root DEBUG testcase.py               254   start                     : Starting test function: class=<class 'autopts.ptsprojects.testcase.TestFunc'>, func=<function test_cases.<locals>.<lambda> at 0x000002C687BC3920> start_wid=None stop_wid=None post_wid=None skip_call=None call_count=16 args=() kwds={}
2026-10-09 12:10:10,360 LT1-thread root DEBUG testcase.py               266   start                     : Test function parameters: args=(), kwds={}
2026-10-09 12:10:10,363 LT1-thread root DEBUG testcase.py               254   start                     : Starting test function: class=<class 'autopts.ptsprojects.testcase.TestFunc'>, func=<function set_pts_addr at 0x000002C684E2DD00> start_wid=None stop_wid=None post_wid=None skip_call=None call_count=16 args=('00:1B:DC:08:E4:4E', 0) kwds={}
2026-10-09 12:10:10,364 LT1-thread root DEBUG testcase.py               266   start                     : Test function parameters: args=('00:1B:DC:08:E4:4E', 0), kwds={}
2026-10-09 12:10:10,364 LT1-thread root DEBUG testcase.py               254   start                     : Starting test function: class=<class 'autopts.ptsprojects.testcase.TestFunc'>, func=<function core_reg_svc_rfcomm at 0x000002C684E2F7E0> start_wid=None stop_wid=None post_wid=None skip_call=None call_count=16 args=() kwds={}
2026-10-09 12:10:10,364 LT1-thread root DEBUG testcase.py               266   start                     : Test function parameters: args=(), kwds={}
2026-10-09 12:10:10,364 LT1-thread root DEBUG btp.py                    117   core_reg_svc_univ         : core_reg_svc_univ: rfcomm_reg (RFCOMM)
2026-10-09 12:10:10,364 LT1-thread root DEBUG iutctl_common.py          161   send                      : 0 3 255 '32'
2026-10-09 12:10:10,364 LT1-thread root DEBUG iutctl_common.py          166   send                      : sending frame '0003ff010020'
2026-10-09 12:10:10,364 LT1-thread root DEBUG btp.py                    654   core_reg_svc_rsp_succ     : 
2026-10-09 12:10:10,365 LT1-thread root DEBUG iutctl_common.py          339   read                      : 
2026-10-09 12:10:10,431 BTPWorkerThread-40936 (_rx_task) root DEBUG iutctl_common.py          123   read                      : Read 5 bytes
2026-10-09 12:10:10,442 BTPWorkerThread-40936 (_rx_task) root DEBUG iutctl_common.py          131   read                      : Received: hdr: Header(svc_id=0x00, op=0x03, ctrl_index=0xff, data_len=0x00) bytearray(b'\x00\x03\xff\x00\x00')
2026-10-09 12:10:10,442 BTPWorkerThread-40936 (_rx_task) root DEBUG iutctl_common.py          154   read                      : Received data: {''}, bytearray(b'')
2026-10-09 12:10:10,448 LT1-thread root DEBUG btp.py                    665   core_reg_svc_rsp_succ     : received Header(svc_id=0, op=3, ctrl_index=255, data_len=0) (b'',)
2026-10-09 12:10:10,448 LT1-thread root DEBUG btp.py                    666   core_reg_svc_rsp_succ     : expected ((0, 3, 255, 0), (b'',))
2026-10-09 12:10:10,448 LT1-thread root DEBUG btp.py                    671   core_reg_svc_rsp_succ     : response is valid
2026-10-09 12:10:10,448 LT1-thread root DEBUG btp.py                    674   core_reg_svc_rsp_succ     : Reading supported commands for service: RFCOMM
2026-10-09 12:10:10,448 LT1-thread root DEBUG iutctl_common.py          161   send                      : 32 1 255 ''
2026-10-09 12:10:10,448 LT1-thread root DEBUG iutctl_common.py          166   send                      : sending frame '2001ff0000'
2026-10-09 12:10:10,448 LT1-thread root DEBUG iutctl_common.py          339   read                      : 
2026-10-09 12:10:10,486 BTPWorkerThread-40936 (_rx_task) root DEBUG iutctl_common.py          123   read                      : Read 5 bytes
2026-10-09 12:10:10,491 BTPWorkerThread-40936 (_rx_task) root DEBUG iutctl_common.py          131   read                      : Received: hdr: Header(svc_id=0x20, op=0x01, ctrl_index=0xff, data_len=0x02) bytearray(b' \x01\xff\x02\x00')
2026-10-09 12:10:10,502 BTPWorkerThread-40936 (_rx_task) root DEBUG iutctl_common.py          139   read                      : Read 2 bytes data
2026-10-09 12:10:10,519 BTPWorkerThread-40936 (_rx_task) root DEBUG iutctl_common.py          154   read                      : Received data: {'fe 01'}, bytearray(b'\xfe\x01')
2026-10-09 12:10:10,535 LT1-thread root DEBUG testcase.py               254   start                     : Starting test function: class=<class 'autopts.ptsprojects.testcase.TestFunc'>, func=<bound method Stack.rfcomm_init of <autopts.ptsprojects.stack.stack.Stack object at 0x000002C6862F6F00>> start_wid=None stop_wid=None post_wid=None skip_call=None call_count=16 args=() kwds={}
2026-10-09 12:10:10,535 LT1-thread root DEBUG testcase.py               266   start                     : Test function parameters: args=(), kwds={}
2026-10-09 12:10:10,537 LT1-thread root DEBUG client.py                 276   get_result                : ClientCallback.get_result run_test_case
2026-10-09 12:10:12,031 LT1-callback ClientCallback.on_implicit_send INFO client.py                 223   on_implicit_send          : 
    ********************
    BEGIN OnImplicitSend:
    project_name: RFCOMM
    wid: 8
    test_case_name: RFCOMM/DEVA-DEVB/RFC/BV-22-C
    description: Take action to accept the RFCOMM service level connection from the tester.
    style: MMI_Style_Ok_Cancel2 0x11141
2026-10-09 12:10:12,031 LT1-callback ClientCallback.on_implicit_send INFO client.py                 236   on_implicit_send          : Calling test cases on_implicit_send
2026-10-09 12:10:12,031 LT1-callback ClientCallback.on_implicit_send INFO client.py                 249   on_implicit_send          : 
    on_implicit_send returned response: WAIT
    END OnImplicitSend
    ********************
2026-10-09 12:10:12,539 LT1-thread root DEBUG testcase.py               679   run_wid                   : RFCOMM RFCOMM/DEVA-DEVB/RFC/BV-22-C on_implicit_send
2026-10-09 12:10:12,539 LT1-thread root DEBUG rfcomm_wid.py             25    rfcomm_wid_hdl            : rfcomm_wid_hdl, 8, Take action to accept the RFCOMM service level connection from the tester., RFCOMM/DEVA-DEVB/RFC/BV-22-C
2026-10-09 12:10:12,539 LT1-thread root DEBUG gap.py                    762   gap_connect               : None 224
2026-10-09 12:10:12,539 LT1-thread root DEBUG iutctl_common.py          161   send                      : 1 14 0 "bytearray(b'\\xe0N\\xe4\\x08\\xdc\\x1b\\x00\\x00')"
2026-10-09 12:10:12,539 LT1-thread root DEBUG iutctl_common.py          166   send                      : sending frame '010e000800e04ee408dc1b0000'
2026-10-09 12:10:12,540 LT1-thread root DEBUG iutctl_common.py          339   read                      : 
2026-10-09 12:10:12,574 BTPWorkerThread-40936 (_rx_task) root DEBUG iutctl_common.py          123   read                      : Read 5 bytes
2026-10-09 12:10:12,584 BTPWorkerThread-40936 (_rx_task) root DEBUG iutctl_common.py          131   read                      : Received: hdr: Header(svc_id=0x01, op=0x0e, ctrl_index=0x00, data_len=0x00) bytearray(b'\x01\x0e\x00\x00\x00')
2026-10-09 12:10:12,584 BTPWorkerThread-40936 (_rx_task) root DEBUG iutctl_common.py          154   read                      : Received data: {''}, bytearray(b'')
2026-10-09 12:10:13,315 BTPWorkerThread-40936 (_rx_task) root DEBUG iutctl_common.py          123   read                      : Read 5 bytes
2026-10-09 12:10:13,315 BTPWorkerThread-40936 (_rx_task) root DEBUG iutctl_common.py          131   read                      : Received: hdr: Header(svc_id=0x01, op=0x82, ctrl_index=0x00, data_len=0x0d) bytearray(b'\x01\x82\x00\r\x00')
2026-10-09 12:10:13,315 BTPWorkerThread-40936 (_rx_task) root DEBUG iutctl_common.py          139   read                      : Read 13 bytes data
2026-10-09 12:10:13,315 BTPWorkerThread-40936 (_rx_task) root DEBUG iutctl_common.py          154   read                      : Received data: {'e0 4e e4 08 dc 1b 00 00 00 00 00 00 00'}, bytearray(b'\xe0N\xe4\x08\xdc\x1b\x00\x00\x00\x00\x00\x00\x00')
2026-10-09 12:10:13,315 BTPWorkerThread-40936 (_rx_task) root DEBUG btp.py                    736   event_handler             : Header(svc_id=1, op=130, ctrl_index=0, data_len=13) (b'\xe0N\xe4\x08\xdc\x1b\x00\x00\x00\x00\x00\x00\x00',)
2026-10-09 12:10:13,316 BTPWorkerThread-40936 (_rx_task) root DEBUG gap.py                    215   gap_connected_ev_         : b'\xe0N\xe4\x08\xdc\x1b\x00\x00\x00\x00\x00\x00\x00'
2026-10-09 12:10:13,395 LT1-thread root DEBUG rfcomm.py                 128   rfcomm_listen             : 5
2026-10-09 12:10:13,395 LT1-thread root DEBUG iutctl_common.py          161   send                      : 32 5 0 "bytearray(b'\\x05')"
2026-10-09 12:10:13,395 LT1-thread root DEBUG iutctl_common.py          166   send                      : sending frame '200500010005'
2026-10-09 12:10:13,395 LT1-thread root DEBUG iutctl_common.py          339   read                      : 
2026-10-09 12:10:13,427 BTPWorkerThread-40936 (_rx_task) root DEBUG iutctl_common.py          123   read                      : Read 5 bytes
2026-10-09 12:10:13,449 BTPWorkerThread-40936 (_rx_task) root DEBUG iutctl_common.py          131   read                      : Received: hdr: Header(svc_id=0x20, op=0x05, ctrl_index=0x00, data_len=0x00) bytearray(b' \x05\x00\x00\x00')
2026-10-09 12:10:13,460 BTPWorkerThread-40936 (_rx_task) root DEBUG iutctl_common.py          154   read                      : Received data: {''}, bytearray(b'')
2026-10-09 12:10:13,461 LT1-thread root DEBUG testcase.py               722   run_wid                   : Sending response 'OK' to wid 8 test case RFCOMM/DEVA-DEVB/RFC/BV-22-C
2026-10-09 12:10:13,463 LT1-thread root DEBUG client.py                 276   get_result                : ClientCallback.get_result run_test_case
2026-10-09 12:10:15,256 BTPWorkerThread-40936 (_rx_task) root DEBUG iutctl_common.py          123   read                      : Read 5 bytes
2026-10-09 12:10:15,257 BTPWorkerThread-40936 (_rx_task) root DEBUG iutctl_common.py          131   read                      : Received: hdr: Header(svc_id=0x01, op=0x91, ctrl_index=0x00, data_len=0x09) bytearray(b'\x01\x91\x00\t\x00')
2026-10-09 12:10:15,257 BTPWorkerThread-40936 (_rx_task) root DEBUG iutctl_common.py          139   read                      : Read 9 bytes data
2026-10-09 12:10:15,257 BTPWorkerThread-40936 (_rx_task) root DEBUG iutctl_common.py          154   read                      : Received data: {'e0 4e e4 08 dc 1b 00 01 10'}, bytearray(b'\xe0N\xe4\x08\xdc\x1b\x00\x01\x10')
2026-10-09 12:10:15,257 BTPWorkerThread-40936 (_rx_task) root DEBUG btp.py                    736   event_handler             : Header(svc_id=1, op=145, ctrl_index=0, data_len=9) (b'\xe0N\xe4\x08\xdc\x1b\x00\x01\x10',)
2026-10-09 12:10:15,257 BTPWorkerThread-40936 (_rx_task) root DEBUG gap.py                    494   gap_encryption_change_ev_ : 
2026-10-09 12:10:15,257 BTPWorkerThread-40936 (_rx_task) root DEBUG gap.py                    496   gap_encryption_change_ev_ : enc change received b'\xe0N\xe4\x08\xdc\x1b\x00\x01\x10'
2026-10-09 12:10:15,257 BTPWorkerThread-40936 (_rx_task) root DEBUG gap.py                    505   gap_encryption_change_ev_ : received (224, '001bdc08e44e', 1, 16)
2026-10-09 12:10:15,257 BTPWorkerThread-40936 (_rx_task) root DEBUG iutctl_common.py          123   read                      : Read 4 bytes
2026-10-09 12:10:15,267 BTPWorkerThread-40936 (_rx_task) root DEBUG iutctl_common.py          123   read                      : Read 1 bytes
2026-10-09 12:10:15,267 BTPWorkerThread-40936 (_rx_task) root DEBUG iutctl_common.py          131   read                      : Received: hdr: Header(svc_id=0x01, op=0x89, ctrl_index=0x00, data_len=0x08) bytearray(b'\x01\x89\x00\x08\x00')
2026-10-09 12:10:15,268 BTPWorkerThread-40936 (_rx_task) root DEBUG iutctl_common.py          139   read                      : Read 8 bytes data
2026-10-09 12:10:15,268 BTPWorkerThread-40936 (_rx_task) root DEBUG iutctl_common.py          154   read                      : Received data: {'e0 4e e4 08 dc 1b 00 02'}, bytearray(b'\xe0N\xe4\x08\xdc\x1b\x00\x02')
2026-10-09 12:10:15,268 BTPWorkerThread-40936 (_rx_task) root DEBUG btp.py                    736   event_handler             : Header(svc_id=1, op=137, ctrl_index=0, data_len=8) (b'\xe0N\xe4\x08\xdc\x1b\x00\x02',)
2026-10-09 12:10:15,268 BTPWorkerThread-40936 (_rx_task) root DEBUG gap.py                    300   gap_sec_level_changed_ev_ : 
2026-10-09 12:10:15,268 BTPWorkerThread-40936 (_rx_task) root DEBUG gap.py                    302   gap_sec_level_changed_ev_ : received b'\xe0N\xe4\x08\xdc\x1b\x00\x02'
2026-10-09 12:10:15,268 BTPWorkerThread-40936 (_rx_task) root DEBUG gap.py                    313   gap_sec_level_changed_ev_ : received (224, '001bdc08e44e', 2)
2026-10-09 12:10:15,277 LT1-callback ClientCallback.on_implicit_send INFO client.py                 223   on_implicit_send          : 
    ********************
    BEGIN OnImplicitSend:
    project_name: RFCOMM
    wid: 0
    test_case_name: RFCOMM/DEVA-DEVB/RFC/BV-22-C
    description: Take action to accept the SABM operation initiated by the tester. 

Note: Make sure that the RFCOMM server channel is set correctly in TSPX_server_channel_iut
    style: MMI_Style_Ok_Cancel2 0x11141
2026-10-09 12:10:15,277 LT1-callback ClientCallback.on_implicit_send INFO client.py                 236   on_implicit_send          : Calling test cases on_implicit_send
2026-10-09 12:10:15,277 LT1-callback ClientCallback.on_implicit_send INFO client.py                 249   on_implicit_send          : 
    on_implicit_send returned response: WAIT
    END OnImplicitSend
    ********************
2026-10-09 12:10:15,333 BTPWorkerThread-40936 (_rx_task) root DEBUG iutctl_common.py          123   read                      : Read 5 bytes
2026-10-09 12:10:15,333 BTPWorkerThread-40936 (_rx_task) root DEBUG iutctl_common.py          131   read                      : Received: hdr: Header(svc_id=0x20, op=0x80, ctrl_index=0x00, data_len=0x0a) bytearray(b' \x80\x00\n\x00')
2026-10-09 12:10:15,334 BTPWorkerThread-40936 (_rx_task) root DEBUG iutctl_common.py          139   read                      : Read 10 bytes data
2026-10-09 12:10:15,334 BTPWorkerThread-40936 (_rx_task) root DEBUG iutctl_common.py          154   read                      : Received data: {'e0 4e e4 08 dc 1b 00 05 7f 00'}, bytearray(b'\xe0N\xe4\x08\xdc\x1b\x00\x05\x7f\x00')
2026-10-09 12:10:15,334 BTPWorkerThread-40936 (_rx_task) root DEBUG btp.py                    736   event_handler             : Header(svc_id=32, op=128, ctrl_index=0, data_len=10) (b'\xe0N\xe4\x08\xdc\x1b\x00\x05\x7f\x00',)
2026-10-09 12:10:15,335 BTPWorkerThread-40936 (_rx_task) root DEBUG rfcomm.py                 226   rfcomm_connected_ev       : b'\xe0N\xe4\x08\xdc\x1b\x00\x05\x7f\x00' 10
2026-10-09 12:10:15,335 BTPWorkerThread-40936 (_rx_task) root DEBUG rfcomm.py                 231   rfcomm_connected_ev       : addr:b'N\xe4\x08\xdc\x1b\x00', channel:5, mtu:127
2026-10-09 12:10:15,464 LT1-thread root DEBUG testcase.py               679   run_wid                   : RFCOMM RFCOMM/DEVA-DEVB/RFC/BV-22-C on_implicit_send
2026-10-09 12:10:15,464 LT1-thread root DEBUG rfcomm_wid.py             25    rfcomm_wid_hdl            : rfcomm_wid_hdl, 0, Take action to accept the SABM operation initiated by the tester. 

Note: Make sure that the RFCOMM server channel is set correctly in TSPX_server_channel_iut, RFCOMM/DEVA-DEVB/RFC/BV-22-C
2026-10-09 12:10:15,464 LT1-thread root DEBUG testcase.py               722   run_wid                   : Sending response 'OK' to wid 0 test case RFCOMM/DEVA-DEVB/RFC/BV-22-C
2026-10-09 12:10:15,466 LT1-thread root DEBUG client.py                 276   get_result                : ClientCallback.get_result run_test_case
2026-10-09 12:10:15,468 LT1-callback ClientCallback.on_implicit_send INFO client.py                 223   on_implicit_send          : 
    ********************
    BEGIN OnImplicitSend:
    project_name: RFCOMM
    wid: 6
    test_case_name: RFCOMM/DEVA-DEVB/RFC/BV-22-C
    description: Take action to respond PN.
    style: MMI_Style_Ok_Cancel2 0x11141
2026-10-09 12:10:15,468 LT1-callback ClientCallback.on_implicit_send INFO client.py                 236   on_implicit_send          : Calling test cases on_implicit_send
2026-10-09 12:10:15,469 LT1-callback ClientCallback.on_implicit_send INFO client.py                 249   on_implicit_send          : 
    on_implicit_send returned response: WAIT
    END OnImplicitSend
    ********************
2026-10-09 12:10:16,467 LT1-thread root DEBUG testcase.py               679   run_wid                   : RFCOMM RFCOMM/DEVA-DEVB/RFC/BV-22-C on_implicit_send
2026-10-09 12:10:16,467 LT1-thread root DEBUG rfcomm_wid.py             25    rfcomm_wid_hdl            : rfcomm_wid_hdl, 6, Take action to respond PN., RFCOMM/DEVA-DEVB/RFC/BV-22-C
2026-10-09 12:10:16,467 LT1-thread root DEBUG testcase.py               722   run_wid                   : Sending response 'OK' to wid 6 test case RFCOMM/DEVA-DEVB/RFC/BV-22-C
2026-10-09 12:10:16,469 LT1-thread root DEBUG client.py                 276   get_result                : ClientCallback.get_result run_test_case
2026-10-09 12:10:16,471 LT1-callback ClientCallback.on_implicit_send INFO client.py                 223   on_implicit_send          : 
    ********************
    BEGIN OnImplicitSend:
    project_name: RFCOMM
    wid: 17
    test_case_name: RFCOMM/DEVA-DEVB/RFC/BV-22-C
    description: Take action to initiate MSC command.
    style: MMI_Style_Ok_Cancel2 0x11141
2026-10-09 12:10:16,471 LT1-callback ClientCallback.on_implicit_send INFO client.py                 236   on_implicit_send          : Calling test cases on_implicit_send
2026-10-09 12:10:16,471 LT1-callback ClientCallback.on_implicit_send INFO client.py                 249   on_implicit_send          : 
    on_implicit_send returned response: WAIT
    END OnImplicitSend
    ********************
2026-10-09 12:10:17,469 LT1-thread root DEBUG testcase.py               679   run_wid                   : RFCOMM RFCOMM/DEVA-DEVB/RFC/BV-22-C on_implicit_send
2026-10-09 12:10:17,469 LT1-thread root DEBUG rfcomm_wid.py             25    rfcomm_wid_hdl            : rfcomm_wid_hdl, 17, Take action to initiate MSC command., RFCOMM/DEVA-DEVB/RFC/BV-22-C
2026-10-09 12:10:17,469 LT1-thread root DEBUG testcase.py               722   run_wid                   : Sending response 'OK' to wid 17 test case RFCOMM/DEVA-DEVB/RFC/BV-22-C
2026-10-09 12:10:17,472 LT1-thread root DEBUG client.py                 276   get_result                : ClientCallback.get_result run_test_case
2026-10-09 12:10:17,473 LT1-callback ClientCallback.on_implicit_send INFO client.py                 223   on_implicit_send          : 
    ********************
    BEGIN OnImplicitSend:
    project_name: RFCOMM
    wid: 3
    test_case_name: RFCOMM/DEVA-DEVB/RFC/BV-22-C
    description: Take action to respond MSC.
    style: MMI_Style_Ok_Cancel2 0x11141
2026-10-09 12:10:17,474 LT1-callback ClientCallback.on_implicit_send INFO client.py                 236   on_implicit_send          : Calling test cases on_implicit_send
2026-10-09 12:10:17,474 LT1-callback ClientCallback.on_implicit_send INFO client.py                 249   on_implicit_send          : 
    on_implicit_send returned response: WAIT
    END OnImplicitSend
    ********************
2026-10-09 12:10:18,472 LT1-thread root DEBUG testcase.py               679   run_wid                   : RFCOMM RFCOMM/DEVA-DEVB/RFC/BV-22-C on_implicit_send
2026-10-09 12:10:18,472 LT1-thread root DEBUG rfcomm_wid.py             25    rfcomm_wid_hdl            : rfcomm_wid_hdl, 3, Take action to respond MSC., RFCOMM/DEVA-DEVB/RFC/BV-22-C
2026-10-09 12:10:18,472 LT1-thread root DEBUG testcase.py               722   run_wid                   : Sending response 'OK' to wid 3 test case RFCOMM/DEVA-DEVB/RFC/BV-22-C
2026-10-09 12:10:18,474 LT1-thread root DEBUG client.py                 276   get_result                : ClientCallback.get_result run_test_case
2026-10-09 12:10:18,476 LT1-callback ClientCallback.on_implicit_send INFO client.py                 223   on_implicit_send          : 
    ********************
    BEGIN OnImplicitSend:
    project_name: RFCOMM
    wid: 22
    test_case_name: RFCOMM/DEVA-DEVB/RFC/BV-22-C
    description: Take action to send data on the open DLC on PTS with at least 2 frames.
    style: MMI_Style_Ok_Cancel2 0x11141
2026-10-09 12:10:18,476 LT1-callback ClientCallback.on_implicit_send INFO client.py                 236   on_implicit_send          : Calling test cases on_implicit_send
2026-10-09 12:10:18,476 LT1-callback ClientCallback.on_implicit_send INFO client.py                 249   on_implicit_send          : 
    on_implicit_send returned response: WAIT
    END OnImplicitSend
    ********************
2026-10-09 12:10:19,474 LT1-thread root DEBUG testcase.py               679   run_wid                   : RFCOMM RFCOMM/DEVA-DEVB/RFC/BV-22-C on_implicit_send
2026-10-09 12:10:19,474 LT1-thread root DEBUG rfcomm_wid.py             25    rfcomm_wid_hdl            : rfcomm_wid_hdl, 22, Take action to send data on the open DLC on PTS with at least 2 frames., RFCOMM/DEVA-DEVB/RFC/BV-22-C
2026-10-09 12:10:19,474 LT1-thread root DEBUG rfcomm.py                 101   rfcomm_send_data          : None 224 5 '01' 10
2026-10-09 12:10:19,475 LT1-thread root DEBUG iutctl_common.py          161   send                      : 32 4 0 "bytearray(b'\\xe0N\\xe4\\x08\\xdc\\x1b\\x00\\x05\\n\\x00\\x01\\x01\\x01\\x01\\x01\\x01\\x01\\x01\\x01\\x01')"
2026-10-09 12:10:19,475 LT1-thread root DEBUG iutctl_common.py          166   send                      : sending frame '2004001400e04ee408dc1b00050a0001010101010101010101'
2026-10-09 12:10:19,476 LT1-thread root DEBUG iutctl_common.py          339   read                      : 
2026-10-09 12:10:19,525 BTPWorkerThread-40936 (_rx_task) root DEBUG iutctl_common.py          123   read                      : Read 5 bytes
2026-10-09 12:10:19,525 BTPWorkerThread-40936 (_rx_task) root DEBUG iutctl_common.py          131   read                      : Received: hdr: Header(svc_id=0x20, op=0x04, ctrl_index=0x00, data_len=0x00) bytearray(b' \x04\x00\x00\x00')
2026-10-09 12:10:19,534 BTPWorkerThread-40936 (_rx_task) root DEBUG iutctl_common.py          154   read                      : Received data: {''}, bytearray(b'')
2026-10-09 12:10:19,534 LT1-thread root DEBUG rfcomm.py                 101   rfcomm_send_data          : None 224 5 '0F' 10
2026-10-09 12:10:19,535 BTPWorkerThread-40936 (_rx_task) root DEBUG iutctl_common.py          123   read                      : Read 5 bytes
2026-10-09 12:10:19,535 LT1-thread root DEBUG iutctl_common.py          161   send                      : 32 4 0 "bytearray(b'\\xe0N\\xe4\\x08\\xdc\\x1b\\x00\\x05\\n\\x00\\x0f\\x0f\\x0f\\x0f\\x0f\\x0f\\x0f\\x0f\\x0f\\x0f')"
2026-10-09 12:10:19,535 LT1-thread root DEBUG iutctl_common.py          166   send                      : sending frame '2004001400e04ee408dc1b00050a000f0f0f0f0f0f0f0f0f0f'
2026-10-09 12:10:19,535 BTPWorkerThread-40936 (_rx_task) root DEBUG iutctl_common.py          131   read                      : Received: hdr: Header(svc_id=0x20, op=0x83, ctrl_index=0x00, data_len=0x09) bytearray(b' \x83\x00\t\x00')
2026-10-09 12:10:19,536 LT1-thread root DEBUG iutctl_common.py          339   read                      : 
2026-10-09 12:10:19,536 BTPWorkerThread-40936 (_rx_task) root DEBUG iutctl_common.py          139   read                      : Read 9 bytes data
2026-10-09 12:10:19,536 BTPWorkerThread-40936 (_rx_task) root DEBUG iutctl_common.py          154   read                      : Received data: {'e0 4e e4 08 dc 1b 00 05 00'}, bytearray(b'\xe0N\xe4\x08\xdc\x1b\x00\x05\x00')
2026-10-09 12:10:19,536 BTPWorkerThread-40936 (_rx_task) root DEBUG btp.py                    736   event_handler             : Header(svc_id=32, op=131, ctrl_index=0, data_len=9) (b'\xe0N\xe4\x08\xdc\x1b\x00\x05\x00',)
2026-10-09 12:10:19,564 BTPWorkerThread-40936 (_rx_task) root DEBUG rfcomm.py                 265   rfcomm_data_sent_ev       : b'\xe0N\xe4\x08\xdc\x1b\x00\x05\x00' 9
2026-10-09 12:10:19,580 BTPWorkerThread-40936 (_rx_task) root DEBUG rfcomm.py                 270   rfcomm_data_sent_ev       : addr:b'N\xe4\x08\xdc\x1b\x00', channel:5, err:0
2026-10-09 12:10:19,594 BTPWorkerThread-40936 (_rx_task) root DEBUG iutctl_common.py          123   read                      : Read 5 bytes
2026-10-09 12:10:19,601 BTPWorkerThread-40936 (_rx_task) root DEBUG iutctl_common.py          131   read                      : Received: hdr: Header(svc_id=0x20, op=0x04, ctrl_index=0x00, data_len=0x00) bytearray(b' \x04\x00\x00\x00')
2026-10-09 12:10:19,601 BTPWorkerThread-40936 (_rx_task) root DEBUG iutctl_common.py          154   read                      : Received data: {''}, bytearray(b'')
2026-10-09 12:10:19,601 LT1-thread root DEBUG testcase.py               722   run_wid                   : Sending response 'OK' to wid 22 test case RFCOMM/DEVA-DEVB/RFC/BV-22-C
2026-10-09 12:10:19,602 BTPWorkerThread-40936 (_rx_task) root DEBUG iutctl_common.py          123   read                      : Read 5 bytes
2026-10-09 12:10:19,602 BTPWorkerThread-40936 (_rx_task) root DEBUG iutctl_common.py          131   read                      : Received: hdr: Header(svc_id=0x20, op=0x83, ctrl_index=0x00, data_len=0x09) bytearray(b' \x83\x00\t\x00')
2026-10-09 12:10:19,602 BTPWorkerThread-40936 (_rx_task) root DEBUG iutctl_common.py          139   read                      : Read 9 bytes data
2026-10-09 12:10:19,603 BTPWorkerThread-40936 (_rx_task) root DEBUG iutctl_common.py          154   read                      : Received data: {'e0 4e e4 08 dc 1b 00 05 00'}, bytearray(b'\xe0N\xe4\x08\xdc\x1b\x00\x05\x00')
2026-10-09 12:10:19,603 BTPWorkerThread-40936 (_rx_task) root DEBUG btp.py                    736   event_handler             : Header(svc_id=32, op=131, ctrl_index=0, data_len=9) (b'\xe0N\xe4\x08\xdc\x1b\x00\x05\x00',)
2026-10-09 12:10:19,603 BTPWorkerThread-40936 (_rx_task) root DEBUG rfcomm.py                 265   rfcomm_data_sent_ev       : b'\xe0N\xe4\x08\xdc\x1b\x00\x05\x00' 9
2026-10-09 12:10:19,603 BTPWorkerThread-40936 (_rx_task) root DEBUG rfcomm.py                 270   rfcomm_data_sent_ev       : addr:b'N\xe4\x08\xdc\x1b\x00', channel:5, err:0
2026-10-09 12:10:19,604 LT1-thread root DEBUG client.py                 276   get_result                : ClientCallback.get_result run_test_case
2026-10-09 12:10:19,606 LT1-callback ClientCallback.on_implicit_send INFO client.py                 223   on_implicit_send          : 
    ********************
    BEGIN OnImplicitSend:
    project_name: RFCOMM
    wid: 1
    test_case_name: RFCOMM/DEVA-DEVB/RFC/BV-22-C
    description: Take action to accept a new DLC initiated by the tester.
    style: MMI_Style_Ok_Cancel2 0x11141
2026-10-09 12:10:19,606 LT1-callback ClientCallback.on_implicit_send INFO client.py                 236   on_implicit_send          : Calling test cases on_implicit_send
2026-10-09 12:10:19,606 LT1-callback ClientCallback.on_implicit_send INFO client.py                 249   on_implicit_send          : 
    on_implicit_send returned response: WAIT
    END OnImplicitSend
    ********************
2026-10-09 12:10:20,604 LT1-thread root DEBUG testcase.py               679   run_wid                   : RFCOMM RFCOMM/DEVA-DEVB/RFC/BV-22-C on_implicit_send
2026-10-09 12:10:20,604 LT1-thread root DEBUG rfcomm_wid.py             25    rfcomm_wid_hdl            : rfcomm_wid_hdl, 1, Take action to accept a new DLC initiated by the tester., RFCOMM/DEVA-DEVB/RFC/BV-22-C
2026-10-09 12:10:20,605 LT1-thread root DEBUG testcase.py               722   run_wid                   : Sending response 'OK' to wid 1 test case RFCOMM/DEVA-DEVB/RFC/BV-22-C
2026-10-09 12:10:20,607 LT1-thread root DEBUG client.py                 276   get_result                : ClientCallback.get_result run_test_case
2026-10-09 12:10:20,609 LT1-callback ClientCallback.on_implicit_send INFO client.py                 223   on_implicit_send          : 
    ********************
    BEGIN OnImplicitSend:
    project_name: RFCOMM
    wid: 9
    test_case_name: RFCOMM/DEVA-DEVB/RFC/BV-22-C
    description: Please wait while the tester confirms no data is sent ...
    style: MMI_Style_Ok_Cancel2 0x11141
2026-10-09 12:10:20,609 LT1-callback ClientCallback.on_implicit_send INFO client.py                 236   on_implicit_send          : Calling test cases on_implicit_send
2026-10-09 12:10:20,609 LT1-callback ClientCallback.on_implicit_send INFO client.py                 249   on_implicit_send          : 
    on_implicit_send returned response: WAIT
    END OnImplicitSend
    ********************
2026-10-09 12:10:21,607 LT1-thread root DEBUG testcase.py               679   run_wid                   : RFCOMM RFCOMM/DEVA-DEVB/RFC/BV-22-C on_implicit_send
2026-10-09 12:10:21,607 LT1-thread root DEBUG rfcomm_wid.py             25    rfcomm_wid_hdl            : rfcomm_wid_hdl, 9, Please wait while the tester confirms no data is sent ..., RFCOMM/DEVA-DEVB/RFC/BV-22-C
2026-10-09 12:10:21,607 LT1-thread root DEBUG testcase.py               722   run_wid                   : Sending response 'OK' to wid 9 test case RFCOMM/DEVA-DEVB/RFC/BV-22-C
2026-10-09 12:10:21,609 LT1-thread root DEBUG client.py                 276   get_result                : ClientCallback.get_result run_test_case
2026-10-09 12:10:25,603 BTPWorkerThread-40936 (_rx_task) root DEBUG iutctl_common.py          123   read                      : Read 5 bytes
2026-10-09 12:10:25,603 BTPWorkerThread-40936 (_rx_task) root DEBUG iutctl_common.py          131   read                      : Received: hdr: Header(svc_id=0x01, op=0x83, ctrl_index=0x00, data_len=0x07) bytearray(b'\x01\x83\x00\x07\x00')
2026-10-09 12:10:25,604 BTPWorkerThread-40936 (_rx_task) root DEBUG iutctl_common.py          139   read                      : Read 7 bytes data
2026-10-09 12:10:25,604 BTPWorkerThread-40936 (_rx_task) root DEBUG iutctl_common.py          154   read                      : Received data: {'e0 4e e4 08 dc 1b 00'}, bytearray(b'\xe0N\xe4\x08\xdc\x1b\x00')
2026-10-09 12:10:25,604 BTPWorkerThread-40936 (_rx_task) root DEBUG btp.py                    736   event_handler             : Header(svc_id=1, op=131, ctrl_index=0, data_len=7) (b'\xe0N\xe4\x08\xdc\x1b\x00',)
2026-10-09 12:10:25,604 BTPWorkerThread-40936 (_rx_task) root DEBUG gap.py                    228   gap_disconnected_ev_      : b'\xe0N\xe4\x08\xdc\x1b\x00'
2026-10-09 12:10:25,604 BTPWorkerThread-40936 (_rx_task) root DEBUG iutctl_common.py          123   read                      : Read 5 bytes
2026-10-09 12:10:25,605 BTPWorkerThread-40936 (_rx_task) root DEBUG iutctl_common.py          131   read                      : Received: hdr: Header(svc_id=0x20, op=0x81, ctrl_index=0x00, data_len=0x08) bytearray(b' \x81\x00\x08\x00')
2026-10-09 12:10:25,605 BTPWorkerThread-40936 (_rx_task) root DEBUG iutctl_common.py          139   read                      : Read 8 bytes data
2026-10-09 12:10:25,605 BTPWorkerThread-40936 (_rx_task) root DEBUG iutctl_common.py          154   read                      : Received data: {'e0 4e e4 08 dc 1b 00 05'}, bytearray(b'\xe0N\xe4\x08\xdc\x1b\x00\x05')
2026-10-09 12:10:25,605 BTPWorkerThread-40936 (_rx_task) root DEBUG btp.py                    736   event_handler             : Header(svc_id=32, op=129, ctrl_index=0, data_len=8) (b'\xe0N\xe4\x08\xdc\x1b\x00\x05',)
2026-10-09 12:10:25,605 BTPWorkerThread-40936 (_rx_task) root DEBUG rfcomm.py                 238   rfcomm_disconnected_ev    : b'\xe0N\xe4\x08\xdc\x1b\x00\x05' 8
2026-10-09 12:10:25,605 BTPWorkerThread-40936 (_rx_task) root DEBUG rfcomm.py                 243   rfcomm_disconnected_ev    : addr:b'N\xe4\x08\xdc\x1b\x00', channel:5
2026-10-09 12:10:28,375 LT1-callback ClientCallback.log INFO client.py                 200   log                       : PTS_LOGTYPE_START_TEST Start Test Case 

+156 ms
 RFCOMM/DEVA-DEVB/RFC/BV-22-C RFCOMM/DEVA-DEVB/RFC/BV-22-C

2026-10-09 12:10:28,705 LT1-callback ClientCallback.log INFO client.py                 200   log                       : PTS_LOGTYPE_FINAL_VERDICT Final Verdict 

+17687 ms
 RFCOMM/DEVA-DEVB/RFC/BV-22-C PASS

2026-10-09 12:10:28,709 LT1-callback ClientCallback.log INFO client.py                 200   log                       : PTS_LOGTYPE_FINAL_VERDICT Encrypted Verdict 

+17687 ms
 RFCOMM/DEVA-DEVB/RFC/BV-22-C A1#ZWY4MzQ5MDg3MmQwNTIxOGQzMzQ5YjY2ODA5M2MzNjQ5ZDY4NmY0Yjc2MzIzM2VkNTUyNTFhNGU4Mjg1MjI0NA==#ZZs3SSJ0XDkuwwVj3dHL2c7vmnd9olsPEmJELlTRQKxyRHAsBSN2gV56eA2/undYqw1gyv9gIxc=

2026-10-09 12:10:28,714 LT1-callback ClientCallback.log INFO client.py                 200   log                       : PTS_LOGTYPE_END_TEST Test Case Ended 

+17703 ms
 RFCOMM/DEVA-DEVB/RFC/BV-22-C RFCOMM/DEVA-DEVB/RFC/BV-22-C

2026-10-09 12:10:28,804 LT1-callback root DEBUG client.py                 261   set_result                : ClientCallback, set_result, run_test_case, PASS
2026-10-09 12:10:28,804 LT1-thread root DEBUG client.py                 1186  _run_test_case            : After run_test_case error_code=0 status='PASS'
2026-10-09 12:10:28,805 LT1-thread root DEBUG testcase.py               766   post_run                  : post_run RFCOMM RFCOMM/DEVA-DEVB/RFC/BV-22-C 0
2026-10-09 12:10:28,805 LT1-thread root DEBUG testcase.py               254   start                     : Starting test function: class=<class 'autopts.ptsprojects.testcase.TestFuncCleanUp'>, func=<bound method ZTestCase._test_case_cleanup of <autopts.ptsprojects.zephyr.ztestcase.ZTestCase object at 0x000002C687BFB470>> start_wid=None stop_wid=None post_wid=None skip_call=None call_count=1 args=() kwds={}
2026-10-09 12:10:28,805 LT1-thread root DEBUG testcase.py               266   start                     : Test function parameters: args=(), kwds={}
2026-10-09 12:10:28,806 LT1-thread root DEBUG pbap.py                   1895  start                     : PBAP event handler started
2026-10-09 12:10:28,806 LT1-thread root DEBUG map.py                    3404  start                     : MAP event handler started
2026-10-09 12:10:28,806 LT1-thread root DEBUG iutctl.py                 415   stop                      : <class 'autopts.ptsprojects.zephyr.iutctl.create_zephyr_ctl_class.<locals>.ZephyrCtl'>.stop
2026-10-09 12:10:28,806 LT1-thread root DEBUG __init__.py               51    reset                     : About to reset DUT: JLink -CommandFile reset.jlink -usb 1063214216 -device MIMXRT1176XXXA_M7
2026-10-09 12:10:29,128 BTPWorkerThread-40936 (_rx_task) root DEBUG iutctl_common.py          123   read                      : Read 5 bytes
2026-10-09 12:10:29,128 BTPWorkerThread-40936 (_rx_task) root DEBUG iutctl_common.py          131   read                      : Received: hdr: Header(svc_id=0x00, op=0x80, ctrl_index=0xff, data_len=0x00) bytearray(b'\x00\x80\xff\x00\x00')
2026-10-09 12:10:29,128 BTPWorkerThread-40936 (_rx_task) root DEBUG iutctl_common.py          154   read                      : Received data: {''}, bytearray(b'')
2026-10-09 12:10:29,128 BTPWorkerThread-40936 (_rx_task) root DEBUG btp.py                    736   event_handler             : Header(svc_id=0, op=128, ctrl_index=255, data_len=0) (b'',)
2026-10-09 12:10:29,129 BTPWorkerThread-40936 (_rx_task) root DEBUG core.py                   23    core_iut_ready_ev         : 
2026-10-09 12:10:29,199 LT1-thread root DEBUG iutctl.py                 436   _stop_tty_mode            : IUT ready event received OK
2026-10-09 12:10:29,199 LT1-thread root DEBUG iutctl_common.py          416   close                     : Waiting for _rx_worker to finish ...
2026-10-09 12:10:30,129 BTPWorkerThread-40936 (_rx_task) root DEBUG iutctl_common.py          332   _rx_task                  : BTPWorkerThread-40936 (_rx_task) finishing...
2026-10-09 12:10:33,136 LT1-thread root DEBUG testcase.py               794   post_run                  : post_run, cleanup running post test case script
2026-10-09 12:10:33,136 LT1-thread root DEBUG testcase.py               802   post_run                  : post_run, run post test case script
2026-10-09 12:10:33,213 LT1-thread root DEBUG client.py                 1220  _run_test_case            : Done TestCase _run_test_case RFCOMM RFCOMM/DEVA-DEVB/RFC/BV-22-C
