2026-09-24 13:48:02,228 LT1-thread root DEBUG client.py                 1099  _run_test_case            : Starting TestCase _run_test_case AVRCP AVRCP/TG/CA/BI-01-C
2026-09-24 13:48:02,229 LT1-thread root DEBUG testcase.py               727   pre_run                   : pre_run AVRCP AVRCP/TG/CA/BI-01-C
2026-09-24 13:48:02,229 LT1-thread root DEBUG testcase.py               729   pre_run                   : About to run test case AVRCP AVRCP/TG/CA/BI-01-C with commands:
2026-09-24 13:48:02,229 LT1-thread root DEBUG testcase.py               731   pre_run                   : 0) class=<class 'autopts.ptsprojects.testcase.TestFunc'>, func=<bound method ZTestCase._test_case_start of <autopts.ptsprojects.zephyr.ztestcase.ZTestCase object at 0x000002622B4E7CB0>> start_wid=None stop_wid=None post_wid=None skip_call=None call_count=0 args=() kwds={}
2026-09-24 13:48:02,230 LT1-thread root DEBUG testcase.py               731   pre_run                   : 1) class=<class 'autopts.ptsprojects.testcase.TestFunc'>, func=<function core_reg_svc_gap at 0x0000026227D2E160> start_wid=None stop_wid=None post_wid=None skip_call=None call_count=108 args=() kwds={}
2026-09-24 13:48:02,230 LT1-thread root DEBUG testcase.py               731   pre_run                   : 2) class=<class 'autopts.ptsprojects.testcase.TestFunc'>, func=<bound method Stack.gap_init of <autopts.ptsprojects.stack.stack.Stack object at 0x000002622ACA1670>> start_wid=None stop_wid=None post_wid=None skip_call=None call_count=108 args=(b'Tester_08E44E',) kwds={}
2026-09-24 13:48:02,230 LT1-thread root DEBUG testcase.py               731   pre_run                   : 3) class=<class 'autopts.ptsprojects.testcase.TestFunc'>, func=<function gap_read_controller_info at 0x0000026227D6EB60> start_wid=None stop_wid=None post_wid=None skip_call=None call_count=108 args=() kwds={}
2026-09-24 13:48:02,230 LT1-thread root DEBUG testcase.py               731   pre_run                   : 4) class=<class 'autopts.ptsprojects.testcase.TestFunc'>, func=<function test_cases.<locals>.<lambda> at 0x000002622B49C680> start_wid=None stop_wid=None post_wid=None skip_call=None call_count=108 args=() kwds={}
2026-09-24 13:48:02,230 LT1-thread root DEBUG testcase.py               731   pre_run                   : 5) class=<class 'autopts.ptsprojects.testcase.TestFunc'>, func=<function set_pts_addr at 0x0000026227D2DD00> start_wid=None stop_wid=None post_wid=None skip_call=None call_count=108 args=('00:1B:DC:08:E4:4E', 0) kwds={}
2026-09-24 13:48:02,230 LT1-thread root DEBUG testcase.py               731   pre_run                   : 6) class=<class 'autopts.ptsprojects.testcase.TestFunc'>, func=<function core_reg_svc_avrcp at 0x0000026227D2FB00> start_wid=None stop_wid=None post_wid=None skip_call=None call_count=108 args=() kwds={}
2026-09-24 13:48:02,230 LT1-thread root DEBUG testcase.py               731   pre_run                   : 7) class=<class 'autopts.ptsprojects.testcase.TestFunc'>, func=<bound method Stack.avrcp_init of <autopts.ptsprojects.stack.stack.Stack object at 0x000002622ACA1670>> start_wid=None stop_wid=None post_wid=None skip_call=None call_count=108 args=() kwds={}
2026-09-24 13:48:02,230 LT1-thread root DEBUG testcase.py               731   pre_run                   : 8) class=<class 'autopts.ptsprojects.testcase.TestFuncCleanUp'>, func=<bound method ZTestCase._test_case_cleanup of <autopts.ptsprojects.zephyr.ztestcase.ZTestCase object at 0x000002622B4E7CB0>> start_wid=None stop_wid=None post_wid=None skip_call=None call_count=0 args=() kwds={}
2026-09-24 13:48:02,230 LT1-thread root DEBUG testcase.py               738   pre_run                   : pre_run, run pre test case script
2026-09-24 13:48:02,238 LT1-thread root DEBUG testcase.py               254   start                     : Starting test function: class=<class 'autopts.ptsprojects.testcase.TestFunc'>, func=<bound method ZTestCase._test_case_start of <autopts.ptsprojects.zephyr.ztestcase.ZTestCase object at 0x000002622B4E7CB0>> start_wid=None stop_wid=None post_wid=None skip_call=None call_count=1 args=() kwds={}
2026-09-24 13:48:02,238 LT1-thread root DEBUG testcase.py               266   start                     : Test function parameters: args=(), kwds={}
2026-09-24 13:48:02,238 LT1-thread root DEBUG iutctl.py                 172   start                     : <class 'autopts.ptsprojects.zephyr.iutctl.create_zephyr_ctl_class.<locals>.ZephyrCtl'>.start
2026-09-24 13:48:02,239 LT1-thread root DEBUG iutctl.py                 325   flush_serial              : <class 'autopts.ptsprojects.zephyr.iutctl.create_zephyr_ctl_class.<locals>.ZephyrCtl'>.flush_serial
2026-09-24 13:48:03,428 LT1-thread root DEBUG iutctl.py                 249   _start_tty_mode           : Starting socat process: socat.exe -x -v tcp:10.17.12.9:51308,retry=100,interval=1 /dev/ttyS2,raw,b115200,
2026-09-24 13:48:03,436 LT1-thread root DEBUG iutctl_common.py          402   accept                    : 
2026-09-24 13:48:03,514 BTPWorkerThread-6341 (_rx_task) root DEBUG iutctl_common.py          299   _rx_task                  : BTPWorkerThread-6341 (_rx_task) started
2026-09-24 13:48:03,514 LT1-thread root DEBUG iutctl.py                 395   wait_iut_ready_event      : IUT ready event received OK
2026-09-24 13:48:03,514 LT1-thread root DEBUG btp.py                    51    read_supp_svcs            : 
2026-09-24 13:48:03,515 LT1-thread root DEBUG iutctl_common.py          161   send                      : 0 2 255 ''
2026-09-24 13:48:03,515 LT1-thread root DEBUG iutctl_common.py          166   send                      : sending frame '0002ff0000'
2026-09-24 13:48:03,515 LT1-thread root DEBUG iutctl_common.py          339   read                      : 
2026-09-24 13:48:03,530 BTPWorkerThread-6341 (_rx_task) root DEBUG iutctl_common.py          123   read                      : Read 5 bytes
2026-09-24 13:48:03,540 BTPWorkerThread-6341 (_rx_task) root DEBUG iutctl_common.py          131   read                      : Received: hdr: Header(svc_id=0x00, op=0x02, ctrl_index=0xff, data_len=0x06) bytearray(b'\x00\x02\xff\x06\x00')
2026-09-24 13:48:03,546 BTPWorkerThread-6341 (_rx_task) root DEBUG iutctl_common.py          139   read                      : Read 6 bytes data
2026-09-24 13:48:03,551 BTPWorkerThread-6341 (_rx_task) root DEBUG iutctl_common.py          154   read                      : Received data: {'0f 00 00 a0 ff 03'}, bytearray(b'\x0f\x00\x00\xa0\xff\x03')
2026-09-24 13:48:03,551 LT1-thread root DEBUG btp.py                    62    read_supp_svcs            : received Header(svc_id=0, op=2, ctrl_index=255, data_len=6) (b'\x0f\x00\x00\xa0\xff\x03',)
2026-09-24 13:48:03,551 LT1-thread root DEBUG testcase.py               254   start                     : Starting test function: class=<class 'autopts.ptsprojects.testcase.TestFunc'>, func=<function core_reg_svc_gap at 0x0000026227D2E160> start_wid=None stop_wid=None post_wid=None skip_call=None call_count=109 args=() kwds={}
2026-09-24 13:48:03,551 LT1-thread root DEBUG testcase.py               266   start                     : Test function parameters: args=(), kwds={}
2026-09-24 13:48:03,551 LT1-thread root DEBUG btp.py                    117   core_reg_svc_univ         : core_reg_svc_univ: gap_reg (GAP)
2026-09-24 13:48:03,552 LT1-thread root DEBUG iutctl_common.py          161   send                      : 0 3 255 '1'
2026-09-24 13:48:03,552 LT1-thread root DEBUG iutctl_common.py          166   send                      : sending frame '0003ff010001'
2026-09-24 13:48:03,552 LT1-thread root DEBUG btp.py                    654   core_reg_svc_rsp_succ     : 
2026-09-24 13:48:03,552 LT1-thread root DEBUG iutctl_common.py          339   read                      : 
2026-09-24 13:48:07,662 BTPWorkerThread-6341 (_rx_task) root DEBUG iutctl_common.py          123   read                      : Read 5 bytes
2026-09-24 13:48:07,667 BTPWorkerThread-6341 (_rx_task) root DEBUG iutctl_common.py          131   read                      : Received: hdr: Header(svc_id=0x00, op=0x03, ctrl_index=0xff, data_len=0x00) bytearray(b'\x00\x03\xff\x00\x00')
2026-09-24 13:48:07,673 BTPWorkerThread-6341 (_rx_task) root DEBUG iutctl_common.py          154   read                      : Received data: {''}, bytearray(b'')
2026-09-24 13:48:07,689 LT1-thread root DEBUG btp.py                    665   core_reg_svc_rsp_succ     : received Header(svc_id=0, op=3, ctrl_index=255, data_len=0) (b'',)
2026-09-24 13:48:07,689 LT1-thread root DEBUG btp.py                    666   core_reg_svc_rsp_succ     : expected ((0, 3, 255, 0), (b'',))
2026-09-24 13:48:07,689 LT1-thread root DEBUG btp.py                    671   core_reg_svc_rsp_succ     : response is valid
2026-09-24 13:48:07,689 LT1-thread root DEBUG btp.py                    674   core_reg_svc_rsp_succ     : Reading supported commands for service: GAP
2026-09-24 13:48:07,689 LT1-thread root DEBUG iutctl_common.py          161   send                      : 1 1 255 ''
2026-09-24 13:48:07,690 LT1-thread root DEBUG iutctl_common.py          166   send                      : sending frame '0101ff0000'
2026-09-24 13:48:07,690 LT1-thread root DEBUG iutctl_common.py          339   read                      : 
2026-09-24 13:48:07,723 BTPWorkerThread-6341 (_rx_task) root DEBUG iutctl_common.py          123   read                      : Read 5 bytes
2026-09-24 13:48:07,739 BTPWorkerThread-6341 (_rx_task) root DEBUG iutctl_common.py          131   read                      : Received: hdr: Header(svc_id=0x01, op=0x01, ctrl_index=0xff, data_len=0x07) bytearray(b'\x01\x01\xff\x07\x00')
2026-09-24 13:48:07,754 BTPWorkerThread-6341 (_rx_task) root DEBUG iutctl_common.py          139   read                      : Read 7 bytes data
2026-09-24 13:48:07,765 BTPWorkerThread-6341 (_rx_task) root DEBUG iutctl_common.py          154   read                      : Received data: {'6e ff 7f 1f fe ff 2e'}, bytearray(b'n\xff\x7f\x1f\xfe\xff.')
2026-09-24 13:48:07,770 LT1-thread root DEBUG testcase.py               254   start                     : Starting test function: class=<class 'autopts.ptsprojects.testcase.TestFunc'>, func=<bound method Stack.gap_init of <autopts.ptsprojects.stack.stack.Stack object at 0x000002622ACA1670>> start_wid=None stop_wid=None post_wid=None skip_call=None call_count=109 args=(b'Tester_08E44E',) kwds={}
2026-09-24 13:48:07,770 LT1-thread root DEBUG testcase.py               266   start                     : Test function parameters: args=(b'Tester_08E44E',), kwds={}
2026-09-24 13:48:07,770 LT1-thread root DEBUG testcase.py               254   start                     : Starting test function: class=<class 'autopts.ptsprojects.testcase.TestFunc'>, func=<function gap_read_controller_info at 0x0000026227D6EB60> start_wid=None stop_wid=None post_wid=None skip_call=None call_count=109 args=() kwds={}
2026-09-24 13:48:07,770 LT1-thread root DEBUG testcase.py               266   start                     : Test function parameters: args=(), kwds={}
2026-09-24 13:48:07,770 LT1-thread root DEBUG gap.py                    1163  gap_read_controller_info  : 
2026-09-24 13:48:07,771 LT1-thread root DEBUG iutctl_common.py          161   send                      : 1 3 0 ''
2026-09-24 13:48:07,771 LT1-thread root DEBUG iutctl_common.py          166   send                      : sending frame '0103000000'
2026-09-24 13:48:07,771 LT1-thread root DEBUG iutctl_common.py          339   read                      : 
2026-09-24 13:48:07,809 BTPWorkerThread-6341 (_rx_task) root DEBUG iutctl_common.py          123   read                      : Read 5 bytes
2026-09-24 13:48:07,819 BTPWorkerThread-6341 (_rx_task) root DEBUG iutctl_common.py          131   read                      : Received: hdr: Header(svc_id=0x01, op=0x03, ctrl_index=0x00, data_len=0x115) bytearray(b'\x01\x03\x00\x15\x01')
2026-09-24 13:48:07,834 BTPWorkerThread-6341 (_rx_task) root DEBUG iutctl_common.py          139   read                      : Read 277 bytes data
2026-09-24 13:48:07,846 BTPWorkerThread-6341 (_rx_task) root DEBUG iutctl_common.py          154   read                      : Received data: {'19 78 ee 69 17 d0 d3 06 02 00 13 02 00 00 00 00 00 62 74 70 5f 74 65 73 74 65 72 00 00 00 00 00 00 00 00 00 00 00 00 00 00 00 00 00 00 00 00 00 00 00 00 00 00 00 00 00 00 00 00 00 00 00 00 00 00 00 00 00 00 00 00 00 00 00 00 00 00 00 00 00 00 00 00 00 00 00 00 00 00 00 00 00 00 00 00 00 00 00 00 00 00 00 00 00 00 00 00 00 00 00 00 00 00 00 00 00 00 00 00 00 00 00 00 00 00 00 00 00 00 00 00 00 00 00 00 00 00 00 00 00 00 00 00 00 00 00 00 00 00 00 00 00 00 00 00 00 00 00 00 00 00 00 00 00 00 00 00 00 00 00 00 00 00 00 00 00 00 00 00 00 00 00 00 00 00 00 00 00 00 00 00 00 00 00 00 00 00 00 00 00 00 00 00 00 00 00 00 00 00 00 00 00 00 00 00 00 00 00 00 00 00 00 00 00 00 00 00 00 00 00 00 00 00 00 00 00 00 00 00 00 00 00 00 00 00 00 00 00 00 00 00 00 00 00 00 00 00 00 00 00 00 00 00 00 00 00 00 00 00 00 00 00 00 00 00 00 00'}, bytearray(b'\x19x\xeei\x17\xd0\xd3\x06\x02\x00\x13\x02\x00\x00\x00\x00\x00btp_tester\x00\x00\x00\x00\x00\x00\x00\x00\x00\x00\x00\x00\x00\x00\x00\x00\x00\x00\x00\x00\x00\x00\x00\x00\x00\x00\x00\x00\x00\x00\x00\x00\x00\x00\x00\x00\x00\x00\x00\x00\x00\x00\x00\x00\x00\x00\x00\x00\x00\x00\x00\x00\x00\x00\x00\x00\x00\x00\x00\x00\x00\x00\x00\x00\x00\x00\x00\x00\x00\x00\x00\x00\x00\x00\x00\x00\x00\x00\x00\x00\x00\x00\x00\x00\x00\x00\x00\x00\x00\x00\x00\x00\x00\x00\x00\x00\x00\x00\x00\x00\x00\x00\x00\x00\x00\x00\x00\x00\x00\x00\x00\x00\x00\x00\x00\x00\x00\x00\x00\x00\x00\x00\x00\x00\x00\x00\x00\x00\x00\x00\x00\x00\x00\x00\x00\x00\x00\x00\x00\x00\x00\x00\x00\x00\x00\x00\x00\x00\x00\x00\x00\x00\x00\x00\x00\x00\x00\x00\x00\x00\x00\x00\x00\x00\x00\x00\x00\x00\x00\x00\x00\x00\x00\x00\x00\x00\x00\x00\x00\x00\x00\x00\x00\x00\x00\x00\x00\x00\x00\x00\x00\x00\x00\x00\x00\x00\x00\x00\x00\x00\x00\x00\x00\x00\x00\x00\x00\x00\x00\x00\x00\x00\x00\x00\x00\x00\x00\x00\x00\x00\x00\x00\x00\x00\x00\x00\x00\x00\x00\x00\x00\x00\x00\x00\x00\x00\x00\x00\x00\x00\x00\x00\x00\x00\x00\x00\x00\x00\x00\x00')
2026-09-24 13:48:07,852 LT1-thread root DEBUG gap.py                    1170  gap_read_controller_info  : received Header(svc_id=1, op=3, ctrl_index=0, data_len=277) (b'\x19x\xeei\x17\xd0\xd3\x06\x02\x00\x13\x02\x00\x00\x00\x00\x00btp_tester\x00\x00\x00\x00\x00\x00\x00\x00\x00\x00\x00\x00\x00\x00\x00\x00\x00\x00\x00\x00\x00\x00\x00\x00\x00\x00\x00\x00\x00\x00\x00\x00\x00\x00\x00\x00\x00\x00\x00\x00\x00\x00\x00\x00\x00\x00\x00\x00\x00\x00\x00\x00\x00\x00\x00\x00\x00\x00\x00\x00\x00\x00\x00\x00\x00\x00\x00\x00\x00\x00\x00\x00\x00\x00\x00\x00\x00\x00\x00\x00\x00\x00\x00\x00\x00\x00\x00\x00\x00\x00\x00\x00\x00\x00\x00\x00\x00\x00\x00\x00\x00\x00\x00\x00\x00\x00\x00\x00\x00\x00\x00\x00\x00\x00\x00\x00\x00\x00\x00\x00\x00\x00\x00\x00\x00\x00\x00\x00\x00\x00\x00\x00\x00\x00\x00\x00\x00\x00\x00\x00\x00\x00\x00\x00\x00\x00\x00\x00\x00\x00\x00\x00\x00\x00\x00\x00\x00\x00\x00\x00\x00\x00\x00\x00\x00\x00\x00\x00\x00\x00\x00\x00\x00\x00\x00\x00\x00\x00\x00\x00\x00\x00\x00\x00\x00\x00\x00\x00\x00\x00\x00\x00\x00\x00\x00\x00\x00\x00\x00\x00\x00\x00\x00\x00\x00\x00\x00\x00\x00\x00\x00\x00\x00\x00\x00\x00\x00\x00\x00\x00\x00\x00\x00\x00\x00\x00\x00\x00\x00\x00\x00\x00\x00\x00\x00\x00\x00\x00\x00\x00\x00\x00\x00\x00\x00\x00\x00\x00\x00\x00',)
2026-09-24 13:48:07,852 LT1-thread root DEBUG gap.py                    1191  gap_read_controller_info  : IUT address 'd01769ee7819' 'public'
2026-09-24 13:48:07,852 LT1-thread root DEBUG gap.py                    596   __gap_current_settings_update : 531
2026-09-24 13:48:07,852 LT1-thread root DEBUG testcase.py               254   start                     : Starting test function: class=<class 'autopts.ptsprojects.testcase.TestFunc'>, func=<function test_cases.<locals>.<lambda> at 0x000002622B49C680> start_wid=None stop_wid=None post_wid=None skip_call=None call_count=109 args=() kwds={}
2026-09-24 13:48:07,852 LT1-thread root DEBUG testcase.py               266   start                     : Test function parameters: args=(), kwds={}
2026-09-24 13:48:07,857 LT1-thread root DEBUG testcase.py               254   start                     : Starting test function: class=<class 'autopts.ptsprojects.testcase.TestFunc'>, func=<function set_pts_addr at 0x0000026227D2DD00> start_wid=None stop_wid=None post_wid=None skip_call=None call_count=109 args=('00:1B:DC:08:E4:4E', 0) kwds={}
2026-09-24 13:48:07,857 LT1-thread root DEBUG testcase.py               266   start                     : Test function parameters: args=('00:1B:DC:08:E4:4E', 0), kwds={}
2026-09-24 13:48:07,858 LT1-thread root DEBUG testcase.py               254   start                     : Starting test function: class=<class 'autopts.ptsprojects.testcase.TestFunc'>, func=<function core_reg_svc_avrcp at 0x0000026227D2FB00> start_wid=None stop_wid=None post_wid=None skip_call=None call_count=109 args=() kwds={}
2026-09-24 13:48:07,858 LT1-thread root DEBUG testcase.py               266   start                     : Test function parameters: args=(), kwds={}
2026-09-24 13:48:07,858 LT1-thread root DEBUG btp.py                    117   core_reg_svc_univ         : core_reg_svc_univ: avrcp_reg (AVRCP)
2026-09-24 13:48:07,858 LT1-thread root DEBUG iutctl_common.py          161   send                      : 0 3 255 '37'
2026-09-24 13:48:07,858 LT1-thread root DEBUG iutctl_common.py          166   send                      : sending frame '0003ff010025'
2026-09-24 13:48:07,858 LT1-thread root DEBUG btp.py                    654   core_reg_svc_rsp_succ     : 
2026-09-24 13:48:07,858 LT1-thread root DEBUG iutctl_common.py          339   read                      : 
2026-09-24 13:48:07,891 BTPWorkerThread-6341 (_rx_task) root DEBUG iutctl_common.py          123   read                      : Read 5 bytes
2026-09-24 13:48:07,902 BTPWorkerThread-6341 (_rx_task) root DEBUG iutctl_common.py          131   read                      : Received: hdr: Header(svc_id=0x00, op=0x03, ctrl_index=0xff, data_len=0x00) bytearray(b'\x00\x03\xff\x00\x00')
2026-09-24 13:48:07,902 BTPWorkerThread-6341 (_rx_task) root DEBUG iutctl_common.py          154   read                      : Received data: {''}, bytearray(b'')
2026-09-24 13:48:07,908 LT1-thread root DEBUG btp.py                    665   core_reg_svc_rsp_succ     : received Header(svc_id=0, op=3, ctrl_index=255, data_len=0) (b'',)
2026-09-24 13:48:07,908 LT1-thread root DEBUG btp.py                    666   core_reg_svc_rsp_succ     : expected ((0, 3, 255, 0), (b'',))
2026-09-24 13:48:07,908 LT1-thread root DEBUG btp.py                    671   core_reg_svc_rsp_succ     : response is valid
2026-09-24 13:48:07,908 LT1-thread root DEBUG btp.py                    674   core_reg_svc_rsp_succ     : Reading supported commands for service: AVRCP
2026-09-24 13:48:07,908 LT1-thread root DEBUG iutctl_common.py          161   send                      : 37 1 255 ''
2026-09-24 13:48:07,908 LT1-thread root DEBUG iutctl_common.py          166   send                      : sending frame '2501ff0000'
2026-09-24 13:48:07,909 LT1-thread root DEBUG iutctl_common.py          339   read                      : 
2026-09-24 13:48:07,940 BTPWorkerThread-6341 (_rx_task) root DEBUG iutctl_common.py          123   read                      : Read 5 bytes
2026-09-24 13:48:07,951 BTPWorkerThread-6341 (_rx_task) root DEBUG iutctl_common.py          131   read                      : Received: hdr: Header(svc_id=0x25, op=0x01, ctrl_index=0xff, data_len=0x05) bytearray(b'%\x01\xff\x05\x00')
2026-09-24 13:48:07,961 BTPWorkerThread-6341 (_rx_task) root DEBUG iutctl_common.py          139   read                      : Read 5 bytes data
2026-09-24 13:48:07,972 BTPWorkerThread-6341 (_rx_task) root DEBUG iutctl_common.py          154   read                      : Received data: {'fe ff ff ff 1f'}, bytearray(b'\xfe\xff\xff\xff\x1f')
2026-09-24 13:48:07,978 LT1-thread root DEBUG testcase.py               254   start                     : Starting test function: class=<class 'autopts.ptsprojects.testcase.TestFunc'>, func=<bound method Stack.avrcp_init of <autopts.ptsprojects.stack.stack.Stack object at 0x000002622ACA1670>> start_wid=None stop_wid=None post_wid=None skip_call=None call_count=109 args=() kwds={}
2026-09-24 13:48:07,978 LT1-thread root DEBUG testcase.py               266   start                     : Test function parameters: args=(), kwds={}
2026-09-24 13:48:07,980 LT1-thread root DEBUG client.py                 276   get_result                : ClientCallback.get_result run_test_case
2026-09-24 13:48:10,101 LT1-callback ClientCallback.on_implicit_send INFO client.py                 223   on_implicit_send          : 
    ********************
    BEGIN OnImplicitSend:
    project_name: AVRCP
    wid: 84
    test_case_name: AVRCP/TG/CA/BI-01-C
    description: Action: Place the IUT in connectable mode.

Description : PTS requires that the IUT be in connectable mode.The PTS will attempt to establish an ACL connection.
    style: MMI_Style_Ok_Cancel1 0x11041
2026-09-24 13:48:10,101 LT1-callback ClientCallback.on_implicit_send INFO client.py                 236   on_implicit_send          : Calling test cases on_implicit_send
2026-09-24 13:48:10,101 LT1-callback ClientCallback.on_implicit_send INFO client.py                 249   on_implicit_send          : 
    on_implicit_send returned response: WAIT
    END OnImplicitSend
    ********************
2026-09-24 13:48:10,982 LT1-thread root DEBUG testcase.py               679   run_wid                   : AVRCP AVRCP/TG/CA/BI-01-C on_implicit_send
2026-09-24 13:48:10,982 LT1-thread root DEBUG avrcp_wid.py              25    avrcp_wid_hdl             : avrcp_wid_hdl, 84, Action: Place the IUT in connectable mode.

Description : PTS requires that the IUT be in connectable mode.The PTS will attempt to establish an ACL connection., AVRCP/TG/CA/BI-01-C
2026-09-24 13:48:10,982 LT1-thread root DEBUG gap.py                    984   gap_set_connectable       : 
2026-09-24 13:48:10,982 LT1-thread root DEBUG gap.py                    1035  gap_set_general_discoverable : 
2026-09-24 13:48:10,982 LT1-thread root DEBUG iutctl_common.py          161   send                      : 1 8 0 '1'
2026-09-24 13:48:10,982 LT1-thread root DEBUG iutctl_common.py          166   send                      : sending frame '010800010001'
2026-09-24 13:48:10,982 LT1-thread root DEBUG gap.py                    1229  gap_command_rsp_succ      : 
2026-09-24 13:48:10,983 LT1-thread root DEBUG iutctl_common.py          339   read                      : 
2026-09-24 13:48:11,041 BTPWorkerThread-6341 (_rx_task) root DEBUG iutctl_common.py          123   read                      : Read 5 bytes
2026-09-24 13:48:11,047 BTPWorkerThread-6341 (_rx_task) root DEBUG iutctl_common.py          131   read                      : Received: hdr: Header(svc_id=0x01, op=0x08, ctrl_index=0x00, data_len=0x04) bytearray(b'\x01\x08\x00\x04\x00')
2026-09-24 13:48:11,047 BTPWorkerThread-6341 (_rx_task) root DEBUG iutctl_common.py          139   read                      : Read 4 bytes data
2026-09-24 13:48:11,047 BTPWorkerThread-6341 (_rx_task) root DEBUG iutctl_common.py          154   read                      : Received data: {'1b 02 00 00'}, bytearray(b'\x1b\x02\x00\x00')
2026-09-24 13:48:11,047 LT1-thread root DEBUG gap.py                    1234  gap_command_rsp_succ      : received Header(svc_id=1, op=8, ctrl_index=0, data_len=4) (b'\x1b\x02\x00\x00',)
2026-09-24 13:48:11,047 LT1-thread root DEBUG gap.py                    596   __gap_current_settings_update : (b'\x1b\x02\x00\x00',)
2026-09-24 13:48:11,048 LT1-thread root DEBUG gap.py                    650   gap_start_advertising     : {9: b'Tester_08E44E'} None
2026-09-24 13:48:11,048 LT1-thread root DEBUG iutctl_common.py          161   send                      : 1 10 0 "bytearray(b'\\x0f\\x00\\t\\rTester_08E44E\\xff\\xff\\xff\\xff\\x00')"
2026-09-24 13:48:11,048 LT1-thread root DEBUG iutctl_common.py          166   send                      : sending frame '010a0016000f00090d5465737465725f303845343445ffffffff00'
2026-09-24 13:48:11,048 LT1-thread root DEBUG gap.py                    1229  gap_command_rsp_succ      : 
2026-09-24 13:48:11,048 LT1-thread root DEBUG iutctl_common.py          339   read                      : 
2026-09-24 13:48:11,085 BTPWorkerThread-6341 (_rx_task) root DEBUG iutctl_common.py          123   read                      : Read 5 bytes
2026-09-24 13:48:11,097 BTPWorkerThread-6341 (_rx_task) root DEBUG iutctl_common.py          131   read                      : Received: hdr: Header(svc_id=0x01, op=0x0a, ctrl_index=0x00, data_len=0x04) bytearray(b'\x01\n\x00\x04\x00')
2026-09-24 13:48:11,113 BTPWorkerThread-6341 (_rx_task) root DEBUG iutctl_common.py          139   read                      : Read 4 bytes data
2026-09-24 13:48:11,123 BTPWorkerThread-6341 (_rx_task) root DEBUG iutctl_common.py          154   read                      : Received data: {'1b 06 00 00'}, bytearray(b'\x1b\x06\x00\x00')
2026-09-24 13:48:11,139 LT1-thread root DEBUG gap.py                    1234  gap_command_rsp_succ      : received Header(svc_id=1, op=10, ctrl_index=0, data_len=4) (b'\x1b\x06\x00\x00',)
2026-09-24 13:48:11,139 LT1-thread root DEBUG gap.py                    596   __gap_current_settings_update : (b'\x1b\x06\x00\x00',)
2026-09-24 13:48:11,139 LT1-thread root DEBUG testcase.py               722   run_wid                   : Sending response 'OK' to wid 84 test case AVRCP/TG/CA/BI-01-C
2026-09-24 13:48:11,141 LT1-thread root DEBUG client.py                 276   get_result                : ClientCallback.get_result run_test_case
2026-09-24 13:48:13,708 BTPWorkerThread-6341 (_rx_task) root DEBUG iutctl_common.py          123   read                      : Read 5 bytes
2026-09-24 13:48:13,708 BTPWorkerThread-6341 (_rx_task) root DEBUG iutctl_common.py          131   read                      : Received: hdr: Header(svc_id=0x01, op=0x82, ctrl_index=0x00, data_len=0x0d) bytearray(b'\x01\x82\x00\r\x00')
2026-09-24 13:48:13,709 BTPWorkerThread-6341 (_rx_task) root DEBUG iutctl_common.py          139   read                      : Read 13 bytes data
2026-09-24 13:48:13,709 BTPWorkerThread-6341 (_rx_task) root DEBUG iutctl_common.py          154   read                      : Received data: {'e0 4e e4 08 dc 1b 00 00 00 00 00 00 00'}, bytearray(b'\xe0N\xe4\x08\xdc\x1b\x00\x00\x00\x00\x00\x00\x00')
2026-09-24 13:48:13,709 BTPWorkerThread-6341 (_rx_task) root DEBUG btp.py                    736   event_handler             : Header(svc_id=1, op=130, ctrl_index=0, data_len=13) (b'\xe0N\xe4\x08\xdc\x1b\x00\x00\x00\x00\x00\x00\x00',)
2026-09-24 13:48:13,709 BTPWorkerThread-6341 (_rx_task) root DEBUG gap.py                    215   gap_connected_ev_         : b'\xe0N\xe4\x08\xdc\x1b\x00\x00\x00\x00\x00\x00\x00'
2026-09-24 13:48:13,709 BTPWorkerThread-6341 (_rx_task) root DEBUG iutctl_common.py          123   read                      : Read 5 bytes
2026-09-24 13:48:13,709 BTPWorkerThread-6341 (_rx_task) root DEBUG iutctl_common.py          131   read                      : Received: hdr: Header(svc_id=0x01, op=0x80, ctrl_index=0x00, data_len=0x04) bytearray(b'\x01\x80\x00\x04\x00')
2026-09-24 13:48:13,709 BTPWorkerThread-6341 (_rx_task) root DEBUG iutctl_common.py          139   read                      : Read 4 bytes data
2026-09-24 13:48:13,709 BTPWorkerThread-6341 (_rx_task) root DEBUG iutctl_common.py          154   read                      : Received data: {'1b 02 00 00'}, bytearray(b'\x1b\x02\x00\x00')
2026-09-24 13:48:13,709 BTPWorkerThread-6341 (_rx_task) root DEBUG btp.py                    736   event_handler             : Header(svc_id=1, op=128, ctrl_index=0, data_len=4) (b'\x1b\x02\x00\x00',)
2026-09-24 13:48:13,709 BTPWorkerThread-6341 (_rx_task) root DEBUG gap.py                    183   gap_new_settings_ev_      : b'\x1b\x02\x00\x00'
2026-09-24 13:48:13,709 BTPWorkerThread-6341 (_rx_task) root DEBUG gap.py                    596   __gap_current_settings_update : 539
2026-09-24 13:48:15,792 LT1-callback ClientCallback.on_implicit_send INFO client.py                 223   on_implicit_send          : 
    ********************
    BEGIN OnImplicitSend:
    project_name: AVRCP
    wid: 2002
    test_case_name: AVRCP/TG/CA/BI-01-C
    description: Please wait while PTS creates an AVCTP control channel connection.

Action: Make sure the IUT is in a connectable state.
    style: MMI_Style_Ok_Cancel2 0x11141
2026-09-24 13:48:15,792 LT1-callback ClientCallback.on_implicit_send INFO client.py                 236   on_implicit_send          : Calling test cases on_implicit_send
2026-09-24 13:48:15,793 LT1-callback ClientCallback.on_implicit_send INFO client.py                 249   on_implicit_send          : 
    on_implicit_send returned response: WAIT
    END OnImplicitSend
    ********************
2026-09-24 13:48:16,143 LT1-thread root DEBUG testcase.py               679   run_wid                   : AVRCP AVRCP/TG/CA/BI-01-C on_implicit_send
2026-09-24 13:48:16,143 LT1-thread root DEBUG avrcp_wid.py              25    avrcp_wid_hdl             : avrcp_wid_hdl, 2002, Please wait while PTS creates an AVCTP control channel connection.

Action: Make sure the IUT is in a connectable state., AVRCP/TG/CA/BI-01-C
2026-09-24 13:48:17,373 BTPWorkerThread-6341 (_rx_task) root DEBUG iutctl_common.py          123   read                      : Read 5 bytes
2026-09-24 13:48:17,373 BTPWorkerThread-6341 (_rx_task) root DEBUG iutctl_common.py          131   read                      : Received: hdr: Header(svc_id=0x01, op=0x91, ctrl_index=0x00, data_len=0x09) bytearray(b'\x01\x91\x00\t\x00')
2026-09-24 13:48:17,373 BTPWorkerThread-6341 (_rx_task) root DEBUG iutctl_common.py          139   read                      : Read 9 bytes data
2026-09-24 13:48:17,373 BTPWorkerThread-6341 (_rx_task) root DEBUG iutctl_common.py          154   read                      : Received data: {'e0 4e e4 08 dc 1b 00 01 10'}, bytearray(b'\xe0N\xe4\x08\xdc\x1b\x00\x01\x10')
2026-09-24 13:48:17,374 BTPWorkerThread-6341 (_rx_task) root DEBUG btp.py                    736   event_handler             : Header(svc_id=1, op=145, ctrl_index=0, data_len=9) (b'\xe0N\xe4\x08\xdc\x1b\x00\x01\x10',)
2026-09-24 13:48:17,374 BTPWorkerThread-6341 (_rx_task) root DEBUG gap.py                    494   gap_encryption_change_ev_ : 
2026-09-24 13:48:17,374 BTPWorkerThread-6341 (_rx_task) root DEBUG gap.py                    496   gap_encryption_change_ev_ : enc change received b'\xe0N\xe4\x08\xdc\x1b\x00\x01\x10'
2026-09-24 13:48:17,374 BTPWorkerThread-6341 (_rx_task) root DEBUG gap.py                    505   gap_encryption_change_ev_ : received (224, '001bdc08e44e', 1, 16)
2026-09-24 13:48:17,374 BTPWorkerThread-6341 (_rx_task) root DEBUG iutctl_common.py          123   read                      : Read 5 bytes
2026-09-24 13:48:17,374 BTPWorkerThread-6341 (_rx_task) root DEBUG iutctl_common.py          131   read                      : Received: hdr: Header(svc_id=0x01, op=0x89, ctrl_index=0x00, data_len=0x08) bytearray(b'\x01\x89\x00\x08\x00')
2026-09-24 13:48:17,374 BTPWorkerThread-6341 (_rx_task) root DEBUG iutctl_common.py          139   read                      : Read 8 bytes data
2026-09-24 13:48:17,375 BTPWorkerThread-6341 (_rx_task) root DEBUG iutctl_common.py          154   read                      : Received data: {'e0 4e e4 08 dc 1b 00 02'}, bytearray(b'\xe0N\xe4\x08\xdc\x1b\x00\x02')
2026-09-24 13:48:17,375 BTPWorkerThread-6341 (_rx_task) root DEBUG btp.py                    736   event_handler             : Header(svc_id=1, op=137, ctrl_index=0, data_len=8) (b'\xe0N\xe4\x08\xdc\x1b\x00\x02',)
2026-09-24 13:48:17,375 BTPWorkerThread-6341 (_rx_task) root DEBUG gap.py                    300   gap_sec_level_changed_ev_ : 
2026-09-24 13:48:17,375 BTPWorkerThread-6341 (_rx_task) root DEBUG gap.py                    302   gap_sec_level_changed_ev_ : received b'\xe0N\xe4\x08\xdc\x1b\x00\x02'
2026-09-24 13:48:17,375 BTPWorkerThread-6341 (_rx_task) root DEBUG gap.py                    313   gap_sec_level_changed_ev_ : received (224, '001bdc08e44e', 2)
2026-09-24 13:48:17,384 BTPWorkerThread-6341 (_rx_task) root DEBUG iutctl_common.py          123   read                      : Read 5 bytes
2026-09-24 13:48:17,384 BTPWorkerThread-6341 (_rx_task) root DEBUG iutctl_common.py          131   read                      : Received: hdr: Header(svc_id=0x25, op=0x80, ctrl_index=0x00, data_len=0x07) bytearray(b'%\x80\x00\x07\x00')
2026-09-24 13:48:17,384 BTPWorkerThread-6341 (_rx_task) root DEBUG iutctl_common.py          139   read                      : Read 3 bytes data
2026-09-24 13:48:17,396 BTPWorkerThread-6341 (_rx_task) root DEBUG iutctl_common.py          139   read                      : Read 4 bytes data
2026-09-24 13:48:17,397 BTPWorkerThread-6341 (_rx_task) root DEBUG iutctl_common.py          154   read                      : Received data: {'e0 4e e4 08 dc 1b 00'}, bytearray(b'\xe0N\xe4\x08\xdc\x1b\x00')
2026-09-24 13:48:17,398 BTPWorkerThread-6341 (_rx_task) root DEBUG btp.py                    736   event_handler             : Header(svc_id=37, op=128, ctrl_index=0, data_len=7) (b'\xe0N\xe4\x08\xdc\x1b\x00',)
2026-09-24 13:48:17,398 BTPWorkerThread-6341 (_rx_task) root DEBUG avrcp.py                  994   avrcp_ev_control_connected : avrcp_ev_control_connected b'\xe0N\xe4\x08\xdc\x1b\x00'
2026-09-24 13:48:17,398 BTPWorkerThread-6341 (_rx_task) root DEBUG iutctl_common.py          123   read                      : Read 5 bytes
2026-09-24 13:48:17,398 BTPWorkerThread-6341 (_rx_task) root DEBUG iutctl_common.py          131   read                      : Received: hdr: Header(svc_id=0x25, op=0x80, ctrl_index=0x00, data_len=0x07) bytearray(b'%\x80\x00\x07\x00')
2026-09-24 13:48:17,398 BTPWorkerThread-6341 (_rx_task) root DEBUG iutctl_common.py          139   read                      : Read 7 bytes data
2026-09-24 13:48:17,399 BTPWorkerThread-6341 (_rx_task) root DEBUG iutctl_common.py          154   read                      : Received data: {'e0 4e e4 08 dc 1b 00'}, bytearray(b'\xe0N\xe4\x08\xdc\x1b\x00')
2026-09-24 13:48:17,399 BTPWorkerThread-6341 (_rx_task) root DEBUG btp.py                    736   event_handler             : Header(svc_id=37, op=128, ctrl_index=0, data_len=7) (b'\xe0N\xe4\x08\xdc\x1b\x00',)
2026-09-24 13:48:17,399 BTPWorkerThread-6341 (_rx_task) root DEBUG avrcp.py                  994   avrcp_ev_control_connected : avrcp_ev_control_connected b'\xe0N\xe4\x08\xdc\x1b\x00'
2026-09-24 13:48:17,406 BTPWorkerThread-6341 (_rx_task) root DEBUG iutctl_common.py          123   read                      : Read 5 bytes
2026-09-24 13:48:17,406 BTPWorkerThread-6341 (_rx_task) root DEBUG iutctl_common.py          131   read                      : Received: hdr: Header(svc_id=0x25, op=0x82, ctrl_index=0x00, data_len=0x07) bytearray(b'%\x82\x00\x07\x00')
2026-09-24 13:48:17,407 BTPWorkerThread-6341 (_rx_task) root DEBUG iutctl_common.py          139   read                      : Read 7 bytes data
2026-09-24 13:48:17,407 BTPWorkerThread-6341 (_rx_task) root DEBUG iutctl_common.py          154   read                      : Received data: {'e0 4e e4 08 dc 1b 00'}, bytearray(b'\xe0N\xe4\x08\xdc\x1b\x00')
2026-09-24 13:48:17,407 BTPWorkerThread-6341 (_rx_task) root DEBUG btp.py                    736   event_handler             : Header(svc_id=37, op=130, ctrl_index=0, data_len=7) (b'\xe0N\xe4\x08\xdc\x1b\x00',)
2026-09-24 13:48:17,407 BTPWorkerThread-6341 (_rx_task) root DEBUG avrcp.py                  1006  avrcp_ev_browsing_connected : avrcp_ev_browsing_connected b'\xe0N\xe4\x08\xdc\x1b\x00'
2026-09-24 13:48:17,407 BTPWorkerThread-6341 (_rx_task) root DEBUG iutctl_common.py          123   read                      : Read 5 bytes
2026-09-24 13:48:17,408 BTPWorkerThread-6341 (_rx_task) root DEBUG iutctl_common.py          131   read                      : Received: hdr: Header(svc_id=0x25, op=0x82, ctrl_index=0x00, data_len=0x07) bytearray(b'%\x82\x00\x07\x00')
2026-09-24 13:48:17,408 BTPWorkerThread-6341 (_rx_task) root DEBUG iutctl_common.py          139   read                      : Read 7 bytes data
2026-09-24 13:48:17,408 BTPWorkerThread-6341 (_rx_task) root DEBUG iutctl_common.py          154   read                      : Received data: {'e0 4e e4 08 dc 1b 00'}, bytearray(b'\xe0N\xe4\x08\xdc\x1b\x00')
2026-09-24 13:48:17,408 BTPWorkerThread-6341 (_rx_task) root DEBUG btp.py                    736   event_handler             : Header(svc_id=37, op=130, ctrl_index=0, data_len=7) (b'\xe0N\xe4\x08\xdc\x1b\x00',)
2026-09-24 13:48:17,409 BTPWorkerThread-6341 (_rx_task) root DEBUG avrcp.py                  1006  avrcp_ev_browsing_connected : avrcp_ev_browsing_connected b'\xe0N\xe4\x08\xdc\x1b\x00'
2026-09-24 13:48:17,448 LT1-thread root DEBUG testcase.py               722   run_wid                   : Sending response 'OK' to wid 2002 test case AVRCP/TG/CA/BI-01-C
2026-09-24 13:48:17,451 LT1-thread root DEBUG client.py                 276   get_result                : ClientCallback.get_result run_test_case
2026-09-24 13:48:17,453 LT1-callback ClientCallback.on_implicit_send INFO client.py                 223   on_implicit_send          : 
    ********************
    BEGIN OnImplicitSend:
    project_name: AVRCP
    wid: 2001
    test_case_name: AVRCP/TG/CA/BI-01-C
    description: Please wait while PTS creates an AVCTP browsing channel connection.

Action: Make sure the IUT is in a connectable state.
    style: MMI_Style_Ok_Cancel2 0x11141
2026-09-24 13:48:17,453 LT1-callback ClientCallback.on_implicit_send INFO client.py                 236   on_implicit_send          : Calling test cases on_implicit_send
2026-09-24 13:48:17,453 LT1-callback ClientCallback.on_implicit_send INFO client.py                 249   on_implicit_send          : 
    on_implicit_send returned response: WAIT
    END OnImplicitSend
    ********************
2026-09-24 13:48:18,451 LT1-thread root DEBUG testcase.py               679   run_wid                   : AVRCP AVRCP/TG/CA/BI-01-C on_implicit_send
2026-09-24 13:48:18,451 LT1-thread root DEBUG avrcp_wid.py              25    avrcp_wid_hdl             : avrcp_wid_hdl, 2001, Please wait while PTS creates an AVCTP browsing channel connection.

Action: Make sure the IUT is in a connectable state., AVRCP/TG/CA/BI-01-C
2026-09-24 13:48:18,452 LT1-thread root DEBUG testcase.py               722   run_wid                   : Sending response 'OK' to wid 2001 test case AVRCP/TG/CA/BI-01-C
2026-09-24 13:48:18,453 LT1-thread root DEBUG client.py                 276   get_result                : ClientCallback.get_result run_test_case
2026-09-24 13:48:18,456 LT1-callback ClientCallback.on_implicit_send INFO client.py                 223   on_implicit_send          : 
    ********************
    BEGIN OnImplicitSend:
    project_name: AVRCP
    wid: 3007
    test_case_name: AVRCP/TG/CA/BI-01-C
    description: Take action to send a valid response to the [Get Folder Items] with the scope <Media Player List> command sent by the PTS.
    style: MMI_Style_Ok 0x11040
2026-09-24 13:48:18,456 LT1-callback ClientCallback.on_implicit_send INFO client.py                 236   on_implicit_send          : Calling test cases on_implicit_send
2026-09-24 13:48:18,456 LT1-callback ClientCallback.on_implicit_send INFO client.py                 249   on_implicit_send          : 
    on_implicit_send returned response: WAIT
    END OnImplicitSend
    ********************
2026-09-24 13:48:18,698 BTPWorkerThread-6341 (_rx_task) root DEBUG iutctl_common.py          123   read                      : Read 5 bytes
2026-09-24 13:48:18,698 BTPWorkerThread-6341 (_rx_task) root DEBUG iutctl_common.py          131   read                      : Received: hdr: Header(svc_id=0x25, op=0x81, ctrl_index=0x00, data_len=0x07) bytearray(b'%\x81\x00\x07\x00')
2026-09-24 13:48:18,698 BTPWorkerThread-6341 (_rx_task) root DEBUG iutctl_common.py          139   read                      : Read 7 bytes data
2026-09-24 13:48:18,699 BTPWorkerThread-6341 (_rx_task) root DEBUG iutctl_common.py          154   read                      : Received data: {'e0 4e e4 08 dc 1b 00'}, bytearray(b'\xe0N\xe4\x08\xdc\x1b\x00')
2026-09-24 13:48:18,699 BTPWorkerThread-6341 (_rx_task) root DEBUG btp.py                    736   event_handler             : Header(svc_id=37, op=129, ctrl_index=0, data_len=7) (b'\xe0N\xe4\x08\xdc\x1b\x00',)
2026-09-24 13:48:18,699 BTPWorkerThread-6341 (_rx_task) root DEBUG avrcp.py                  1000  avrcp_ev_control_disconnected : avrcp_ev_control_disconnected b'\xe0N\xe4\x08\xdc\x1b\x00'
2026-09-24 13:48:18,699 BTPWorkerThread-6341 (_rx_task) root DEBUG iutctl_common.py          123   read                      : Read 5 bytes
2026-09-24 13:48:18,699 BTPWorkerThread-6341 (_rx_task) root DEBUG iutctl_common.py          131   read                      : Received: hdr: Header(svc_id=0x25, op=0x81, ctrl_index=0x00, data_len=0x07) bytearray(b'%\x81\x00\x07\x00')
2026-09-24 13:48:18,700 BTPWorkerThread-6341 (_rx_task) root DEBUG iutctl_common.py          139   read                      : Read 7 bytes data
2026-09-24 13:48:18,700 BTPWorkerThread-6341 (_rx_task) root DEBUG iutctl_common.py          154   read                      : Received data: {'e0 12 d8 1b 60 a1 76'}, bytearray(b'\xe0\x12\xd8\x1b`\xa1v')
2026-09-24 13:48:18,700 BTPWorkerThread-6341 (_rx_task) root DEBUG btp.py                    736   event_handler             : Header(svc_id=37, op=129, ctrl_index=0, data_len=7) (b'\xe0\x12\xd8\x1b`\xa1v',)
2026-09-24 13:48:18,700 BTPWorkerThread-6341 (_rx_task) root DEBUG avrcp.py                  1000  avrcp_ev_control_disconnected : avrcp_ev_control_disconnected b'\xe0\x12\xd8\x1b`\xa1v'
2026-09-24 13:48:18,700 BTPWorkerThread-6341 (_rx_task) root ERROR avrcp.py                  84    remove_connection         : unknown AVRCP connection
2026-09-24 13:48:19,454 LT1-thread root DEBUG testcase.py               679   run_wid                   : AVRCP AVRCP/TG/CA/BI-01-C on_implicit_send
2026-09-24 13:48:19,454 LT1-thread root DEBUG avrcp_wid.py              25    avrcp_wid_hdl             : avrcp_wid_hdl, 3007, Take action to send a valid response to the [Get Folder Items] with the scope <Media Player List> command sent by the PTS., AVRCP/TG/CA/BI-01-C
2026-09-24 13:48:19,454 LT1-thread root DEBUG testcase.py               722   run_wid                   : Sending response 'Ok' to wid 3007 test case AVRCP/TG/CA/BI-01-C
2026-09-24 13:48:19,456 LT1-thread root DEBUG client.py                 276   get_result                : ClientCallback.get_result run_test_case
2026-09-24 13:48:19,458 LT1-callback ClientCallback.on_implicit_send INFO client.py                 223   on_implicit_send          : 
    ********************
    BEGIN OnImplicitSend:
    project_name: AVRCP
    wid: 3023
    test_case_name: AVRCP/TG/CA/BI-01-C
    description: Take action to send a valid response to the [Set Browsed Player] command sent by the PTS.
    style: MMI_Style_Ok 0x11040
2026-09-24 13:48:19,458 LT1-callback ClientCallback.on_implicit_send INFO client.py                 236   on_implicit_send          : Calling test cases on_implicit_send
2026-09-24 13:48:19,458 LT1-callback ClientCallback.on_implicit_send INFO client.py                 249   on_implicit_send          : 
    on_implicit_send returned response: WAIT
    END OnImplicitSend
    ********************
2026-09-24 13:48:20,456 LT1-thread root DEBUG testcase.py               679   run_wid                   : AVRCP AVRCP/TG/CA/BI-01-C on_implicit_send
2026-09-24 13:48:20,456 LT1-thread root DEBUG avrcp_wid.py              25    avrcp_wid_hdl             : avrcp_wid_hdl, 3023, Take action to send a valid response to the [Set Browsed Player] command sent by the PTS., AVRCP/TG/CA/BI-01-C
2026-09-24 13:48:20,456 LT1-thread root DEBUG testcase.py               722   run_wid                   : Sending response 'Ok' to wid 3023 test case AVRCP/TG/CA/BI-01-C
2026-09-24 13:48:20,458 LT1-thread root DEBUG client.py                 276   get_result                : ClientCallback.get_result run_test_case
2026-09-24 13:48:20,461 LT1-callback ClientCallback.on_implicit_send INFO client.py                 223   on_implicit_send          : 
    ********************
    BEGIN OnImplicitSend:
    project_name: AVRCP
    wid: 3010
    test_case_name: AVRCP/TG/CA/BI-01-C
    description: Take action to send a valid response to the [Get Folder Items] with the scope <Virtual File System> command sent by the PTS.
    style: MMI_Style_Ok 0x11040
2026-09-24 13:48:20,461 LT1-callback ClientCallback.on_implicit_send INFO client.py                 236   on_implicit_send          : Calling test cases on_implicit_send
2026-09-24 13:48:20,461 LT1-callback ClientCallback.on_implicit_send INFO client.py                 249   on_implicit_send          : 
    on_implicit_send returned response: WAIT
    END OnImplicitSend
    ********************
2026-09-24 13:48:21,459 LT1-thread root DEBUG testcase.py               679   run_wid                   : AVRCP AVRCP/TG/CA/BI-01-C on_implicit_send
2026-09-24 13:48:21,459 LT1-thread root DEBUG avrcp_wid.py              25    avrcp_wid_hdl             : avrcp_wid_hdl, 3010, Take action to send a valid response to the [Get Folder Items] with the scope <Virtual File System> command sent by the PTS., AVRCP/TG/CA/BI-01-C
2026-09-24 13:48:21,459 LT1-thread root DEBUG testcase.py               722   run_wid                   : Sending response 'Ok' to wid 3010 test case AVRCP/TG/CA/BI-01-C
2026-09-24 13:48:21,461 LT1-thread root DEBUG client.py                 276   get_result                : ClientCallback.get_result run_test_case
2026-09-24 13:48:21,463 LT1-callback ClientCallback.on_implicit_send INFO client.py                 223   on_implicit_send          : 
    ********************
    BEGIN OnImplicitSend:
    project_name: AVRCP
    wid: 3010
    test_case_name: AVRCP/TG/CA/BI-01-C
    description: Take action to send a valid response to the [Get Folder Items] with the scope <Virtual File System> command sent by the PTS.
    style: MMI_Style_Ok 0x11040
2026-09-24 13:48:21,463 LT1-callback ClientCallback.on_implicit_send INFO client.py                 236   on_implicit_send          : Calling test cases on_implicit_send
2026-09-24 13:48:21,463 LT1-callback ClientCallback.on_implicit_send INFO client.py                 249   on_implicit_send          : 
    on_implicit_send returned response: WAIT
    END OnImplicitSend
    ********************
2026-09-24 13:48:22,461 LT1-thread root DEBUG testcase.py               679   run_wid                   : AVRCP AVRCP/TG/CA/BI-01-C on_implicit_send
2026-09-24 13:48:22,461 LT1-thread root DEBUG avrcp_wid.py              25    avrcp_wid_hdl             : avrcp_wid_hdl, 3010, Take action to send a valid response to the [Get Folder Items] with the scope <Virtual File System> command sent by the PTS., AVRCP/TG/CA/BI-01-C
2026-09-24 13:48:22,461 LT1-thread root DEBUG testcase.py               722   run_wid                   : Sending response 'Ok' to wid 3010 test case AVRCP/TG/CA/BI-01-C
2026-09-24 13:48:22,463 LT1-thread root DEBUG client.py                 276   get_result                : ClientCallback.get_result run_test_case
2026-09-24 13:48:22,466 LT1-callback ClientCallback.on_implicit_send INFO client.py                 223   on_implicit_send          : 
    ********************
    BEGIN OnImplicitSend:
    project_name: AVRCP
    wid: 3010
    test_case_name: AVRCP/TG/CA/BI-01-C
    description: Take action to send a valid response to the [Get Folder Items] with the scope <Virtual File System> command sent by the PTS.
    style: MMI_Style_Ok 0x11040
2026-09-24 13:48:22,467 LT1-callback ClientCallback.on_implicit_send INFO client.py                 236   on_implicit_send          : Calling test cases on_implicit_send
2026-09-24 13:48:22,467 LT1-callback ClientCallback.on_implicit_send INFO client.py                 249   on_implicit_send          : 
    on_implicit_send returned response: WAIT
    END OnImplicitSend
    ********************
2026-09-24 13:48:23,465 LT1-thread root DEBUG testcase.py               679   run_wid                   : AVRCP AVRCP/TG/CA/BI-01-C on_implicit_send
2026-09-24 13:48:23,465 LT1-thread root DEBUG avrcp_wid.py              25    avrcp_wid_hdl             : avrcp_wid_hdl, 3010, Take action to send a valid response to the [Get Folder Items] with the scope <Virtual File System> command sent by the PTS., AVRCP/TG/CA/BI-01-C
2026-09-24 13:48:23,465 LT1-thread root DEBUG testcase.py               722   run_wid                   : Sending response 'Ok' to wid 3010 test case AVRCP/TG/CA/BI-01-C
2026-09-24 13:48:23,467 LT1-thread root DEBUG client.py                 276   get_result                : ClientCallback.get_result run_test_case
2026-09-24 13:48:23,468 LT1-callback ClientCallback.on_implicit_send INFO client.py                 223   on_implicit_send          : 
    ********************
    BEGIN OnImplicitSend:
    project_name: AVRCP
    wid: 3011
    test_case_name: AVRCP/TG/CA/BI-01-C
    description: Take action to send a valid response to the [Get Item Attributes] command sent by the PTS.
    style: MMI_Style_Ok 0x11040
2026-09-24 13:48:23,469 LT1-callback ClientCallback.on_implicit_send INFO client.py                 236   on_implicit_send          : Calling test cases on_implicit_send
2026-09-24 13:48:23,469 LT1-callback ClientCallback.on_implicit_send INFO client.py                 249   on_implicit_send          : 
    on_implicit_send returned response: WAIT
    END OnImplicitSend
    ********************
2026-09-24 13:48:24,468 LT1-thread root DEBUG testcase.py               679   run_wid                   : AVRCP AVRCP/TG/CA/BI-01-C on_implicit_send
2026-09-24 13:48:24,468 LT1-thread root DEBUG avrcp_wid.py              25    avrcp_wid_hdl             : avrcp_wid_hdl, 3011, Take action to send a valid response to the [Get Item Attributes] command sent by the PTS., AVRCP/TG/CA/BI-01-C
2026-09-24 13:48:24,468 LT1-thread root DEBUG testcase.py               722   run_wid                   : Sending response 'Ok' to wid 3011 test case AVRCP/TG/CA/BI-01-C
2026-09-24 13:48:24,470 LT1-thread root DEBUG client.py                 276   get_result                : ClientCallback.get_result run_test_case
2026-09-24 13:48:24,477 LT1-callback ClientCallback.log INFO client.py                 200   log                       : PTS_LOGTYPE_START_TEST Start Test Case 

+140 ms
 AVRCP/TG/CA/BI-01-C AVRCP/TG/CA/BI-01-C

2026-09-24 13:48:25,129 LT1-callback ClientCallback.log INFO client.py                 200   log                       : PTS_LOGTYPE_FINAL_VERDICT Final Verdict 

+12656 ms
 AVRCP/TG/CA/BI-01-C PASS

2026-09-24 13:48:25,134 LT1-callback ClientCallback.log INFO client.py                 200   log                       : PTS_LOGTYPE_FINAL_VERDICT Encrypted Verdict 

+12656 ms
 AVRCP/TG/CA/BI-01-C A1#ZWY4MzQ5MDg3MmQwNTIxOGQzMzQ5YjY2ODA5M2MzNjQ5ZDY4NmY0Yjc2MzIzM2VkNTUyNTFhNGU4Mjg1MjI0NA==#RZL+jKhtMN72fpB6LEKUYqesIya2TrQ10heiqArtQmEaft5FSEsmtasNYMr/YCMX

2026-09-24 13:48:25,138 LT1-callback ClientCallback.log INFO client.py                 200   log                       : PTS_LOGTYPE_END_TEST Test Case Ended 

+12656 ms
 AVRCP/TG/CA/BI-01-C AVRCP/TG/CA/BI-01-C

2026-09-24 13:48:25,255 LT1-callback root DEBUG client.py                 261   set_result                : ClientCallback, set_result, run_test_case, PASS
2026-09-24 13:48:25,255 LT1-thread root DEBUG client.py                 1186  _run_test_case            : After run_test_case error_code=0 status='PASS'
2026-09-24 13:48:25,255 LT1-thread root DEBUG testcase.py               766   post_run                  : post_run AVRCP AVRCP/TG/CA/BI-01-C 0
2026-09-24 13:48:25,255 LT1-thread root DEBUG testcase.py               254   start                     : Starting test function: class=<class 'autopts.ptsprojects.testcase.TestFuncCleanUp'>, func=<bound method ZTestCase._test_case_cleanup of <autopts.ptsprojects.zephyr.ztestcase.ZTestCase object at 0x000002622B4E7CB0>> start_wid=None stop_wid=None post_wid=None skip_call=None call_count=1 args=() kwds={}
2026-09-24 13:48:25,256 LT1-thread root DEBUG testcase.py               266   start                     : Test function parameters: args=(), kwds={}
2026-09-24 13:48:25,256 LT1-thread root DEBUG iutctl.py                 415   stop                      : <class 'autopts.ptsprojects.zephyr.iutctl.create_zephyr_ctl_class.<locals>.ZephyrCtl'>.stop
2026-09-24 13:48:25,256 LT1-thread root DEBUG __init__.py               51    reset                     : About to reset DUT: JLink -CommandFile reset.jlink -usb 1063214216 -device MIMXRT1176XXXA_M7
2026-09-24 13:48:25,562 BTPWorkerThread-6341 (_rx_task) root DEBUG iutctl_common.py          123   read                      : Read 5 bytes
2026-09-24 13:48:25,562 BTPWorkerThread-6341 (_rx_task) root DEBUG iutctl_common.py          131   read                      : Received: hdr: Header(svc_id=0x00, op=0x80, ctrl_index=0xff, data_len=0x00) bytearray(b'\x00\x80\xff\x00\x00')
2026-09-24 13:48:25,563 BTPWorkerThread-6341 (_rx_task) root DEBUG iutctl_common.py          154   read                      : Received data: {''}, bytearray(b'')
2026-09-24 13:48:25,563 BTPWorkerThread-6341 (_rx_task) root DEBUG btp.py                    736   event_handler             : Header(svc_id=0, op=128, ctrl_index=255, data_len=0) (b'',)
2026-09-24 13:48:25,563 BTPWorkerThread-6341 (_rx_task) root DEBUG core.py                   23    core_iut_ready_ev         : 
2026-09-24 13:48:25,636 LT1-thread root DEBUG iutctl.py                 436   _stop_tty_mode            : IUT ready event received OK
2026-09-24 13:48:25,636 LT1-thread root DEBUG iutctl_common.py          416   close                     : Waiting for _rx_worker to finish ...
2026-09-24 13:48:26,564 BTPWorkerThread-6341 (_rx_task) root DEBUG iutctl_common.py          332   _rx_task                  : BTPWorkerThread-6341 (_rx_task) finishing...
2026-09-24 13:48:29,570 LT1-thread root DEBUG testcase.py               794   post_run                  : post_run, cleanup running post test case script
2026-09-24 13:48:29,570 LT1-thread root DEBUG testcase.py               802   post_run                  : post_run, run post test case script
2026-09-24 13:48:29,646 LT1-thread root DEBUG client.py                 1220  _run_test_case            : Done TestCase _run_test_case AVRCP AVRCP/TG/CA/BI-01-C
