2026-09-17 19:20:48,176 LT1-thread root DEBUG client.py                 1099  _run_test_case            : Starting TestCase _run_test_case L2CAP L2CAP/OFS/BV-02-C
2026-09-17 19:20:48,176 LT1-thread root DEBUG testcase.py               727   pre_run                   : pre_run L2CAP L2CAP/OFS/BV-02-C
2026-09-17 19:20:48,177 LT1-thread root DEBUG testcase.py               729   pre_run                   : About to run test case L2CAP L2CAP/OFS/BV-02-C with commands:
2026-09-17 19:20:48,177 LT1-thread root DEBUG testcase.py               731   pre_run                   : 0) class=<class 'autopts.ptsprojects.testcase.TestFunc'>, func=<bound method ZTestCase._test_case_start of <autopts.ptsprojects.zephyr.ztestcase.ZTestCase object at 0x00000203DBC30B60>> start_wid=None stop_wid=None post_wid=None skip_call=None call_count=0 args=() kwds={}
2026-09-17 19:20:48,177 LT1-thread root DEBUG testcase.py               731   pre_run                   : 1) class=<class 'autopts.ptsprojects.testcase.TestFunc'>, func=<function core_reg_svc_gap at 0x00000203DA228720> start_wid=None stop_wid=None post_wid=None skip_call=None call_count=81 args=() kwds={}
2026-09-17 19:20:48,177 LT1-thread root DEBUG testcase.py               731   pre_run                   : 2) class=<class 'autopts.ptsprojects.testcase.TestFunc'>, func=<function core_reg_svc_l2cap at 0x00000203DA2289A0> start_wid=None stop_wid=None post_wid=None skip_call=None call_count=81 args=() kwds={}
2026-09-17 19:20:48,177 LT1-thread root DEBUG testcase.py               731   pre_run                   : 3) class=<class 'autopts.ptsprojects.testcase.TestFunc'>, func=<function gap_read_controller_info at 0x00000203DA247560> start_wid=None stop_wid=None post_wid=None skip_call=None call_count=81 args=() kwds={}
2026-09-17 19:20:48,177 LT1-thread root DEBUG testcase.py               731   pre_run                   : 4) class=<class 'autopts.ptsprojects.testcase.TestFunc'>, func=<function test_cases.<locals>.<lambda> at 0x00000203DBB6B560> start_wid=None stop_wid=None post_wid=None skip_call=None call_count=81 args=() kwds={}
2026-09-17 19:20:48,177 LT1-thread root DEBUG testcase.py               731   pre_run                   : 5) class=<class 'autopts.ptsprojects.testcase.TestFunc'>, func=<function test_cases.<locals>.<lambda> at 0x00000203DBC185E0> start_wid=None stop_wid=None post_wid=None skip_call=None call_count=81 args=() kwds={}
2026-09-17 19:20:48,177 LT1-thread root DEBUG testcase.py               731   pre_run                   : 6) class=<class 'autopts.ptsprojects.testcase.TestFunc'>, func=<function test_cases.<locals>.<lambda> at 0x00000203DBC18680> start_wid=None stop_wid=None post_wid=None skip_call=None call_count=81 args=() kwds={}
2026-09-17 19:20:48,178 LT1-thread root DEBUG testcase.py               731   pre_run                   : 7) class=<class 'autopts.ptsprojects.testcase.TestFunc'>, func=<function test_cases.<locals>.<lambda> at 0x00000203DBC18720> start_wid=None stop_wid=None post_wid=None skip_call=None call_count=81 args=() kwds={}
2026-09-17 19:20:48,178 LT1-thread root DEBUG testcase.py               731   pre_run                   : 8) class=<class 'autopts.ptsprojects.testcase.TestFunc'>, func=<function test_cases.<locals>.<lambda> at 0x00000203DBC187C0> start_wid=None stop_wid=None post_wid=None skip_call=None call_count=81 args=() kwds={}
2026-09-17 19:20:48,178 LT1-thread root DEBUG testcase.py               731   pre_run                   : 9) class=<class 'autopts.ptsprojects.testcase.TestFunc'>, func=<function test_cases.<locals>.<lambda> at 0x00000203DBC18860> start_wid=None stop_wid=None post_wid=None skip_call=None call_count=81 args=() kwds={}
2026-09-17 19:20:48,178 LT1-thread root DEBUG testcase.py               731   pre_run                   : 10) class=<class 'autopts.ptsprojects.testcase.TestFunc'>, func=<function test_cases.<locals>.<lambda> at 0x00000203DBC18900> start_wid=None stop_wid=None post_wid=None skip_call=None call_count=81 args=() kwds={}
2026-09-17 19:20:48,178 LT1-thread root DEBUG testcase.py               731   pre_run                   : 11) class=<class 'autopts.ptsprojects.testcase.TestFunc'>, func=<function test_cases.<locals>.<lambda> at 0x00000203DBC189A0> start_wid=None stop_wid=None post_wid=None skip_call=None call_count=81 args=() kwds={}
2026-09-17 19:20:48,178 LT1-thread root DEBUG testcase.py               731   pre_run                   : 12) class=<class 'autopts.ptsprojects.testcase.TestFunc'>, func=<function test_cases.<locals>.<lambda> at 0x00000203DBC18A40> start_wid=None stop_wid=None post_wid=None skip_call=None call_count=81 args=() kwds={}
2026-09-17 19:20:48,178 LT1-thread root DEBUG testcase.py               731   pre_run                   : 13) class=<class 'autopts.ptsprojects.testcase.TestFunc'>, func=<function test_cases.<locals>.<lambda> at 0x00000203DBC18AE0> start_wid=None stop_wid=None post_wid=None skip_call=None call_count=81 args=() kwds={}
2026-09-17 19:20:48,178 LT1-thread root DEBUG testcase.py               731   pre_run                   : 14) class=<class 'autopts.ptsprojects.testcase.TestFunc'>, func=<function test_cases.<locals>.<lambda> at 0x00000203DBC18B80> start_wid=None stop_wid=None post_wid=None skip_call=None call_count=81 args=() kwds={}
2026-09-17 19:20:48,178 LT1-thread root DEBUG testcase.py               731   pre_run                   : 15) class=<class 'autopts.ptsprojects.testcase.TestFunc'>, func=<function set_pts_addr at 0x00000203DA2282C0> start_wid=None stop_wid=None post_wid=None skip_call=None call_count=81 args=('00:1B:DC:08:E4:4E', 0) kwds={}
2026-09-17 19:20:48,178 LT1-thread root DEBUG testcase.py               731   pre_run                   : 16) class=<class 'autopts.ptsprojects.testcase.TestFunc'>, func=<function test_cases.<locals>.<lambda> at 0x00000203DBC18C20> start_wid=None stop_wid=None post_wid=None skip_call=None call_count=60 args=() kwds={}
2026-09-17 19:20:48,178 LT1-thread root DEBUG testcase.py               731   pre_run                   : 17) class=<class 'autopts.ptsprojects.testcase.TestFunc'>, func=<function test_cases.<locals>.<lambda> at 0x00000203DBC18CC0> start_wid=None stop_wid=None post_wid=None skip_call=None call_count=60 args=() kwds={}
2026-09-17 19:20:48,178 LT1-thread root DEBUG testcase.py               731   pre_run                   : 18) class=<class 'autopts.ptsprojects.testcase.TestFunc'>, func=<function test_cases.<locals>.<lambda> at 0x00000203DBC18D60> start_wid=None stop_wid=None post_wid=None skip_call=None call_count=60 args=() kwds={}
2026-09-17 19:20:48,178 LT1-thread root DEBUG testcase.py               731   pre_run                   : 19) class=<class 'autopts.ptsprojects.testcase.TestFunc'>, func=<function test_cases.<locals>.<lambda> at 0x00000203DBC18E00> start_wid=None stop_wid=None post_wid=None skip_call=None call_count=60 args=() kwds={}
2026-09-17 19:20:48,178 LT1-thread root DEBUG testcase.py               731   pre_run                   : 20) class=<class 'autopts.ptsprojects.testcase.TestFunc'>, func=<function gap_set_io_capability at 0x00000203DA246A20> start_wid=None stop_wid=None post_wid=None skip_call=None call_count=60 args=(3,) kwds={}
2026-09-17 19:20:48,179 LT1-thread root DEBUG testcase.py               731   pre_run                   : 21) class=<class 'autopts.ptsprojects.testcase.TestFunc'>, func=<bound method Stack.l2cap_init of <autopts.ptsprojects.stack.stack.Stack object at 0x00000203DA34D4F0>> start_wid=None stop_wid=None post_wid=None skip_call=None call_count=60 args=(4097, 120) kwds={}
2026-09-17 19:20:48,179 LT1-thread root DEBUG testcase.py               731   pre_run                   : 22) class=<class 'autopts.ptsprojects.testcase.TestFunc'>, func=<function l2cap_br_listen_v2 at 0x00000203DA2A0B80> start_wid=None stop_wid=None post_wid=None skip_call=None call_count=5 args=(4097, 120, 4, 3, 16) kwds={}
2026-09-17 19:20:48,179 LT1-thread root DEBUG testcase.py               731   pre_run                   : 23) class=<class 'autopts.ptsprojects.testcase.TestFuncCleanUp'>, func=<bound method ZTestCase._test_case_cleanup of <autopts.ptsprojects.zephyr.ztestcase.ZTestCase object at 0x00000203DBC30B60>> start_wid=None stop_wid=None post_wid=None skip_call=None call_count=0 args=() kwds={}
2026-09-17 19:20:48,179 LT1-thread root DEBUG testcase.py               738   pre_run                   : pre_run, run pre test case script
2026-09-17 19:20:48,186 LT1-thread root DEBUG testcase.py               254   start                     : Starting test function: class=<class 'autopts.ptsprojects.testcase.TestFunc'>, func=<bound method ZTestCase._test_case_start of <autopts.ptsprojects.zephyr.ztestcase.ZTestCase object at 0x00000203DBC30B60>> start_wid=None stop_wid=None post_wid=None skip_call=None call_count=1 args=() kwds={}
2026-09-17 19:20:48,186 LT1-thread root DEBUG testcase.py               266   start                     : Test function parameters: args=(), kwds={}
2026-09-17 19:20:48,186 LT1-thread root DEBUG iutctl.py                 172   start                     : <class 'autopts.ptsprojects.zephyr.iutctl.create_zephyr_ctl_class.<locals>.ZephyrCtl'>.start
2026-09-17 19:20:48,187 LT1-thread root DEBUG iutctl.py                 325   flush_serial              : <class 'autopts.ptsprojects.zephyr.iutctl.create_zephyr_ctl_class.<locals>.ZephyrCtl'>.flush_serial
2026-09-17 19:20:49,363 LT1-thread root DEBUG iutctl.py                 249   _start_tty_mode           : Starting socat process: socat.exe -x -v tcp:10.17.12.9:63238,retry=100,interval=1 /dev/ttyS2,raw,b115200,
2026-09-17 19:20:49,370 LT1-thread root DEBUG iutctl_common.py          402   accept                    : 
2026-09-17 19:20:49,445 BTPWorkerThread-14723 (_rx_task) root DEBUG iutctl_common.py          299   _rx_task                  : BTPWorkerThread-14723 (_rx_task) started
2026-09-17 19:20:49,446 LT1-thread root DEBUG iutctl.py                 395   wait_iut_ready_event      : IUT ready event received OK
2026-09-17 19:20:49,446 LT1-thread root DEBUG btp.py                    51    read_supp_svcs            : 
2026-09-17 19:20:49,446 LT1-thread root DEBUG iutctl_common.py          161   send                      : 0 2 255 ''
2026-09-17 19:20:49,446 LT1-thread root DEBUG iutctl_common.py          166   send                      : sending frame '0002ff0000'
2026-09-17 19:20:49,447 LT1-thread root DEBUG iutctl_common.py          339   read                      : 
2026-09-17 19:20:49,457 BTPWorkerThread-14723 (_rx_task) root DEBUG iutctl_common.py          123   read                      : Read 4 bytes
2026-09-17 19:20:49,468 BTPWorkerThread-14723 (_rx_task) root DEBUG iutctl_common.py          123   read                      : Read 1 bytes
2026-09-17 19:20:49,473 BTPWorkerThread-14723 (_rx_task) root DEBUG iutctl_common.py          131   read                      : Received: hdr: Header(svc_id=0x00, op=0x02, ctrl_index=0xff, data_len=0x05) bytearray(b'\x00\x02\xff\x05\x00')
2026-09-17 19:20:49,485 BTPWorkerThread-14723 (_rx_task) root DEBUG iutctl_common.py          139   read                      : Read 5 bytes data
2026-09-17 19:20:49,490 BTPWorkerThread-14723 (_rx_task) root DEBUG iutctl_common.py          154   read                      : Received data: {'0f 00 00 a0 01'}, bytearray(b'\x0f\x00\x00\xa0\x01')
2026-09-17 19:20:49,496 LT1-thread root DEBUG btp.py                    62    read_supp_svcs            : received Header(svc_id=0, op=2, ctrl_index=255, data_len=5) (b'\x0f\x00\x00\xa0\x01',)
2026-09-17 19:20:49,496 LT1-thread root DEBUG testcase.py               254   start                     : Starting test function: class=<class 'autopts.ptsprojects.testcase.TestFunc'>, func=<function core_reg_svc_gap at 0x00000203DA228720> start_wid=None stop_wid=None post_wid=None skip_call=None call_count=82 args=() kwds={}
2026-09-17 19:20:49,496 LT1-thread root DEBUG testcase.py               266   start                     : Test function parameters: args=(), kwds={}
2026-09-17 19:20:49,497 LT1-thread root DEBUG btp.py                    117   core_reg_svc_univ         : core_reg_svc_univ: gap_reg (GAP)
2026-09-17 19:20:49,497 LT1-thread root DEBUG iutctl_common.py          161   send                      : 0 3 255 '1'
2026-09-17 19:20:49,497 LT1-thread root DEBUG iutctl_common.py          166   send                      : sending frame '0003ff010001'
2026-09-17 19:20:49,497 LT1-thread root DEBUG btp.py                    618   core_reg_svc_rsp_succ     : 
2026-09-17 19:20:49,497 LT1-thread root DEBUG iutctl_common.py          339   read                      : 
2026-09-17 19:20:53,618 BTPWorkerThread-14723 (_rx_task) root DEBUG iutctl_common.py          123   read                      : Read 5 bytes
2026-09-17 19:20:53,628 BTPWorkerThread-14723 (_rx_task) root DEBUG iutctl_common.py          131   read                      : Received: hdr: Header(svc_id=0x00, op=0x03, ctrl_index=0xff, data_len=0x00) bytearray(b'\x00\x03\xff\x00\x00')
2026-09-17 19:20:53,634 BTPWorkerThread-14723 (_rx_task) root DEBUG iutctl_common.py          154   read                      : Received data: {''}, bytearray(b'')
2026-09-17 19:20:53,639 LT1-thread root DEBUG btp.py                    629   core_reg_svc_rsp_succ     : received Header(svc_id=0, op=3, ctrl_index=255, data_len=0) (b'',)
2026-09-17 19:20:53,639 LT1-thread root DEBUG btp.py                    630   core_reg_svc_rsp_succ     : expected ((0, 3, 255, 0), (b'',))
2026-09-17 19:20:53,639 LT1-thread root DEBUG btp.py                    635   core_reg_svc_rsp_succ     : response is valid
2026-09-17 19:20:53,639 LT1-thread root DEBUG btp.py                    638   core_reg_svc_rsp_succ     : Reading supported commands for service: GAP
2026-09-17 19:20:53,640 LT1-thread root DEBUG iutctl_common.py          161   send                      : 1 1 255 ''
2026-09-17 19:20:53,640 LT1-thread root DEBUG iutctl_common.py          166   send                      : sending frame '0101ff0000'
2026-09-17 19:20:53,640 LT1-thread root DEBUG iutctl_common.py          339   read                      : 
2026-09-17 19:20:53,679 BTPWorkerThread-14723 (_rx_task) root DEBUG iutctl_common.py          123   read                      : Read 5 bytes
2026-09-17 19:20:53,691 BTPWorkerThread-14723 (_rx_task) root DEBUG iutctl_common.py          131   read                      : Received: hdr: Header(svc_id=0x01, op=0x01, ctrl_index=0xff, data_len=0x07) bytearray(b'\x01\x01\xff\x07\x00')
2026-09-17 19:20:53,696 BTPWorkerThread-14723 (_rx_task) root DEBUG iutctl_common.py          139   read                      : Read 7 bytes data
2026-09-17 19:20:53,701 BTPWorkerThread-14723 (_rx_task) root DEBUG iutctl_common.py          154   read                      : Received data: {'6e ff 7f 1f fe ff 0e'}, bytearray(b'n\xff\x7f\x1f\xfe\xff\x0e')
2026-09-17 19:20:53,707 LT1-thread root DEBUG testcase.py               254   start                     : Starting test function: class=<class 'autopts.ptsprojects.testcase.TestFunc'>, func=<function core_reg_svc_l2cap at 0x00000203DA2289A0> start_wid=None stop_wid=None post_wid=None skip_call=None call_count=82 args=() kwds={}
2026-09-17 19:20:53,707 LT1-thread root DEBUG testcase.py               266   start                     : Test function parameters: args=(), kwds={}
2026-09-17 19:20:53,707 LT1-thread root DEBUG btp.py                    117   core_reg_svc_univ         : core_reg_svc_univ: l2cap_reg (L2CAP)
2026-09-17 19:20:53,707 LT1-thread root DEBUG iutctl_common.py          161   send                      : 0 3 255 '3'
2026-09-17 19:20:53,707 LT1-thread root DEBUG iutctl_common.py          166   send                      : sending frame '0003ff010003'
2026-09-17 19:20:53,708 LT1-thread root DEBUG btp.py                    618   core_reg_svc_rsp_succ     : 
2026-09-17 19:20:53,708 LT1-thread root DEBUG iutctl_common.py          339   read                      : 
2026-09-17 19:20:53,739 BTPWorkerThread-14723 (_rx_task) root DEBUG iutctl_common.py          123   read                      : Read 5 bytes
2026-09-17 19:20:53,745 BTPWorkerThread-14723 (_rx_task) root DEBUG iutctl_common.py          131   read                      : Received: hdr: Header(svc_id=0x00, op=0x03, ctrl_index=0xff, data_len=0x00) bytearray(b'\x00\x03\xff\x00\x00')
2026-09-17 19:20:53,751 BTPWorkerThread-14723 (_rx_task) root DEBUG iutctl_common.py          154   read                      : Received data: {''}, bytearray(b'')
2026-09-17 19:20:53,762 LT1-thread root DEBUG btp.py                    629   core_reg_svc_rsp_succ     : received Header(svc_id=0, op=3, ctrl_index=255, data_len=0) (b'',)
2026-09-17 19:20:53,762 LT1-thread root DEBUG btp.py                    630   core_reg_svc_rsp_succ     : expected ((0, 3, 255, 0), (b'',))
2026-09-17 19:20:53,762 LT1-thread root DEBUG btp.py                    635   core_reg_svc_rsp_succ     : response is valid
2026-09-17 19:20:53,762 LT1-thread root DEBUG btp.py                    638   core_reg_svc_rsp_succ     : Reading supported commands for service: L2CAP
2026-09-17 19:20:53,762 LT1-thread root DEBUG iutctl_common.py          161   send                      : 3 1 255 ''
2026-09-17 19:20:53,763 LT1-thread root DEBUG iutctl_common.py          166   send                      : sending frame '0301ff0000'
2026-09-17 19:20:53,763 LT1-thread root DEBUG iutctl_common.py          339   read                      : 
2026-09-17 19:20:53,800 BTPWorkerThread-14723 (_rx_task) root DEBUG iutctl_common.py          123   read                      : Read 5 bytes
2026-09-17 19:20:53,811 BTPWorkerThread-14723 (_rx_task) root DEBUG iutctl_common.py          131   read                      : Received: hdr: Header(svc_id=0x03, op=0x01, ctrl_index=0xff, data_len=0x02) bytearray(b'\x03\x01\xff\x02\x00')
2026-09-17 19:20:53,817 BTPWorkerThread-14723 (_rx_task) root DEBUG iutctl_common.py          139   read                      : Read 2 bytes data
2026-09-17 19:20:53,822 BTPWorkerThread-14723 (_rx_task) root DEBUG iutctl_common.py          154   read                      : Received data: {'be 1f'}, bytearray(b'\xbe\x1f')
2026-09-17 19:20:53,822 LT1-thread root DEBUG testcase.py               254   start                     : Starting test function: class=<class 'autopts.ptsprojects.testcase.TestFunc'>, func=<function gap_read_controller_info at 0x00000203DA247560> start_wid=None stop_wid=None post_wid=None skip_call=None call_count=82 args=() kwds={}
2026-09-17 19:20:53,822 LT1-thread root DEBUG testcase.py               266   start                     : Test function parameters: args=(), kwds={}
2026-09-17 19:20:53,822 LT1-thread root DEBUG gap.py                    1161  gap_read_controller_info  : 
2026-09-17 19:20:53,822 LT1-thread root DEBUG iutctl_common.py          161   send                      : 1 3 0 ''
2026-09-17 19:20:53,823 LT1-thread root DEBUG iutctl_common.py          166   send                      : sending frame '0103000000'
2026-09-17 19:20:53,823 LT1-thread root DEBUG iutctl_common.py          339   read                      : 
2026-09-17 19:20:53,865 BTPWorkerThread-14723 (_rx_task) root DEBUG iutctl_common.py          123   read                      : Read 5 bytes
2026-09-17 19:20:53,871 BTPWorkerThread-14723 (_rx_task) root DEBUG iutctl_common.py          131   read                      : Received: hdr: Header(svc_id=0x01, op=0x03, ctrl_index=0x00, data_len=0x115) bytearray(b'\x01\x03\x00\x15\x01')
2026-09-17 19:20:53,877 BTPWorkerThread-14723 (_rx_task) root DEBUG iutctl_common.py          139   read                      : Read 240 bytes data
2026-09-17 19:20:53,899 BTPWorkerThread-14723 (_rx_task) root DEBUG iutctl_common.py          139   read                      : Read 37 bytes data
2026-09-17 19:20:53,905 BTPWorkerThread-14723 (_rx_task) root DEBUG iutctl_common.py          154   read                      : Received data: {'19 78 ee 69 17 d0 d3 06 02 00 13 02 00 00 00 00 00 62 74 70 5f 74 65 73 74 65 72 00 00 00 00 00 00 00 00 00 00 00 00 00 00 00 00 00 00 00 00 00 00 00 00 00 00 00 00 00 00 00 00 00 00 00 00 00 00 00 00 00 00 00 00 00 00 00 00 00 00 00 00 00 00 00 00 00 00 00 00 00 00 00 00 00 00 00 00 00 00 00 00 00 00 00 00 00 00 00 00 00 00 00 00 00 00 00 00 00 00 00 00 00 00 00 00 00 00 00 00 00 00 00 00 00 00 00 00 00 00 00 00 00 00 00 00 00 00 00 00 00 00 00 00 00 00 00 00 00 00 00 00 00 00 00 00 00 00 00 00 00 00 00 00 00 00 00 00 00 00 00 00 00 00 00 00 00 00 00 00 00 00 00 00 00 00 00 00 00 00 00 00 00 00 00 00 00 00 00 00 00 00 00 00 00 00 00 00 00 00 00 00 00 00 00 00 00 00 00 00 00 00 00 00 00 00 00 00 00 00 00 00 00 00 00 00 00 00 00 00 00 00 00 00 00 00 00 00 00 00 00 00 00 00 00 00 00 00 00 00 00 00 00 00 00 00 00 00 00 00'}, bytearray(b'\x19x\xeei\x17\xd0\xd3\x06\x02\x00\x13\x02\x00\x00\x00\x00\x00btp_tester\x00\x00\x00\x00\x00\x00\x00\x00\x00\x00\x00\x00\x00\x00\x00\x00\x00\x00\x00\x00\x00\x00\x00\x00\x00\x00\x00\x00\x00\x00\x00\x00\x00\x00\x00\x00\x00\x00\x00\x00\x00\x00\x00\x00\x00\x00\x00\x00\x00\x00\x00\x00\x00\x00\x00\x00\x00\x00\x00\x00\x00\x00\x00\x00\x00\x00\x00\x00\x00\x00\x00\x00\x00\x00\x00\x00\x00\x00\x00\x00\x00\x00\x00\x00\x00\x00\x00\x00\x00\x00\x00\x00\x00\x00\x00\x00\x00\x00\x00\x00\x00\x00\x00\x00\x00\x00\x00\x00\x00\x00\x00\x00\x00\x00\x00\x00\x00\x00\x00\x00\x00\x00\x00\x00\x00\x00\x00\x00\x00\x00\x00\x00\x00\x00\x00\x00\x00\x00\x00\x00\x00\x00\x00\x00\x00\x00\x00\x00\x00\x00\x00\x00\x00\x00\x00\x00\x00\x00\x00\x00\x00\x00\x00\x00\x00\x00\x00\x00\x00\x00\x00\x00\x00\x00\x00\x00\x00\x00\x00\x00\x00\x00\x00\x00\x00\x00\x00\x00\x00\x00\x00\x00\x00\x00\x00\x00\x00\x00\x00\x00\x00\x00\x00\x00\x00\x00\x00\x00\x00\x00\x00\x00\x00\x00\x00\x00\x00\x00\x00\x00\x00\x00\x00\x00\x00\x00\x00\x00\x00\x00\x00\x00\x00\x00\x00\x00\x00\x00\x00\x00\x00\x00\x00\x00\x00\x00\x00\x00\x00\x00')
2026-09-17 19:20:53,922 LT1-thread root DEBUG gap.py                    1168  gap_read_controller_info  : received Header(svc_id=1, op=3, ctrl_index=0, data_len=277) (b'\x19x\xeei\x17\xd0\xd3\x06\x02\x00\x13\x02\x00\x00\x00\x00\x00btp_tester\x00\x00\x00\x00\x00\x00\x00\x00\x00\x00\x00\x00\x00\x00\x00\x00\x00\x00\x00\x00\x00\x00\x00\x00\x00\x00\x00\x00\x00\x00\x00\x00\x00\x00\x00\x00\x00\x00\x00\x00\x00\x00\x00\x00\x00\x00\x00\x00\x00\x00\x00\x00\x00\x00\x00\x00\x00\x00\x00\x00\x00\x00\x00\x00\x00\x00\x00\x00\x00\x00\x00\x00\x00\x00\x00\x00\x00\x00\x00\x00\x00\x00\x00\x00\x00\x00\x00\x00\x00\x00\x00\x00\x00\x00\x00\x00\x00\x00\x00\x00\x00\x00\x00\x00\x00\x00\x00\x00\x00\x00\x00\x00\x00\x00\x00\x00\x00\x00\x00\x00\x00\x00\x00\x00\x00\x00\x00\x00\x00\x00\x00\x00\x00\x00\x00\x00\x00\x00\x00\x00\x00\x00\x00\x00\x00\x00\x00\x00\x00\x00\x00\x00\x00\x00\x00\x00\x00\x00\x00\x00\x00\x00\x00\x00\x00\x00\x00\x00\x00\x00\x00\x00\x00\x00\x00\x00\x00\x00\x00\x00\x00\x00\x00\x00\x00\x00\x00\x00\x00\x00\x00\x00\x00\x00\x00\x00\x00\x00\x00\x00\x00\x00\x00\x00\x00\x00\x00\x00\x00\x00\x00\x00\x00\x00\x00\x00\x00\x00\x00\x00\x00\x00\x00\x00\x00\x00\x00\x00\x00\x00\x00\x00\x00\x00\x00\x00\x00\x00\x00\x00\x00\x00\x00\x00\x00\x00\x00\x00\x00\x00',)
2026-09-17 19:20:53,922 LT1-thread root DEBUG gap.py                    1189  gap_read_controller_info  : IUT address 'd01769ee7819' 'public'
2026-09-17 19:20:53,922 LT1-thread root DEBUG gap.py                    594   __gap_current_settings_update : 531
2026-09-17 19:20:53,922 LT1-thread root DEBUG testcase.py               254   start                     : Starting test function: class=<class 'autopts.ptsprojects.testcase.TestFunc'>, func=<function test_cases.<locals>.<lambda> at 0x00000203DBB6B560> start_wid=None stop_wid=None post_wid=None skip_call=None call_count=82 args=() kwds={}
2026-09-17 19:20:53,922 LT1-thread root DEBUG testcase.py               266   start                     : Test function parameters: args=(), kwds={}
2026-09-17 19:20:53,927 LT1-thread root DEBUG testcase.py               254   start                     : Starting test function: class=<class 'autopts.ptsprojects.testcase.TestFunc'>, func=<function test_cases.<locals>.<lambda> at 0x00000203DBC185E0> start_wid=None stop_wid=None post_wid=None skip_call=None call_count=82 args=() kwds={}
2026-09-17 19:20:53,927 LT1-thread root DEBUG testcase.py               266   start                     : Test function parameters: args=(), kwds={}
2026-09-17 19:20:53,931 LT1-thread root DEBUG testcase.py               254   start                     : Starting test function: class=<class 'autopts.ptsprojects.testcase.TestFunc'>, func=<function test_cases.<locals>.<lambda> at 0x00000203DBC18680> start_wid=None stop_wid=None post_wid=None skip_call=None call_count=82 args=() kwds={}
2026-09-17 19:20:53,931 LT1-thread root DEBUG testcase.py               266   start                     : Test function parameters: args=(), kwds={}
2026-09-17 19:20:53,935 LT1-thread root DEBUG testcase.py               254   start                     : Starting test function: class=<class 'autopts.ptsprojects.testcase.TestFunc'>, func=<function test_cases.<locals>.<lambda> at 0x00000203DBC18720> start_wid=None stop_wid=None post_wid=None skip_call=None call_count=82 args=() kwds={}
2026-09-17 19:20:53,935 LT1-thread root DEBUG testcase.py               266   start                     : Test function parameters: args=(), kwds={}
2026-09-17 19:20:53,939 LT1-thread root DEBUG testcase.py               254   start                     : Starting test function: class=<class 'autopts.ptsprojects.testcase.TestFunc'>, func=<function test_cases.<locals>.<lambda> at 0x00000203DBC187C0> start_wid=None stop_wid=None post_wid=None skip_call=None call_count=82 args=() kwds={}
2026-09-17 19:20:53,940 LT1-thread root DEBUG testcase.py               266   start                     : Test function parameters: args=(), kwds={}
2026-09-17 19:20:53,944 LT1-thread root DEBUG testcase.py               254   start                     : Starting test function: class=<class 'autopts.ptsprojects.testcase.TestFunc'>, func=<function test_cases.<locals>.<lambda> at 0x00000203DBC18860> start_wid=None stop_wid=None post_wid=None skip_call=None call_count=82 args=() kwds={}
2026-09-17 19:20:53,944 LT1-thread root DEBUG testcase.py               266   start                     : Test function parameters: args=(), kwds={}
2026-09-17 19:20:53,948 LT1-thread root DEBUG testcase.py               254   start                     : Starting test function: class=<class 'autopts.ptsprojects.testcase.TestFunc'>, func=<function test_cases.<locals>.<lambda> at 0x00000203DBC18900> start_wid=None stop_wid=None post_wid=None skip_call=None call_count=82 args=() kwds={}
2026-09-17 19:20:53,948 LT1-thread root DEBUG testcase.py               266   start                     : Test function parameters: args=(), kwds={}
2026-09-17 19:20:53,952 LT1-thread root DEBUG testcase.py               254   start                     : Starting test function: class=<class 'autopts.ptsprojects.testcase.TestFunc'>, func=<function test_cases.<locals>.<lambda> at 0x00000203DBC189A0> start_wid=None stop_wid=None post_wid=None skip_call=None call_count=82 args=() kwds={}
2026-09-17 19:20:53,952 LT1-thread root DEBUG testcase.py               266   start                     : Test function parameters: args=(), kwds={}
2026-09-17 19:20:53,957 LT1-thread root DEBUG testcase.py               254   start                     : Starting test function: class=<class 'autopts.ptsprojects.testcase.TestFunc'>, func=<function test_cases.<locals>.<lambda> at 0x00000203DBC18A40> start_wid=None stop_wid=None post_wid=None skip_call=None call_count=82 args=() kwds={}
2026-09-17 19:20:53,957 LT1-thread root DEBUG testcase.py               266   start                     : Test function parameters: args=(), kwds={}
2026-09-17 19:20:53,962 LT1-thread root DEBUG testcase.py               254   start                     : Starting test function: class=<class 'autopts.ptsprojects.testcase.TestFunc'>, func=<function test_cases.<locals>.<lambda> at 0x00000203DBC18AE0> start_wid=None stop_wid=None post_wid=None skip_call=None call_count=82 args=() kwds={}
2026-09-17 19:20:53,962 LT1-thread root DEBUG testcase.py               266   start                     : Test function parameters: args=(), kwds={}
2026-09-17 19:20:53,967 LT1-thread root DEBUG testcase.py               254   start                     : Starting test function: class=<class 'autopts.ptsprojects.testcase.TestFunc'>, func=<function test_cases.<locals>.<lambda> at 0x00000203DBC18B80> start_wid=None stop_wid=None post_wid=None skip_call=None call_count=82 args=() kwds={}
2026-09-17 19:20:53,967 LT1-thread root DEBUG testcase.py               266   start                     : Test function parameters: args=(), kwds={}
2026-09-17 19:20:53,972 LT1-thread root DEBUG testcase.py               254   start                     : Starting test function: class=<class 'autopts.ptsprojects.testcase.TestFunc'>, func=<function set_pts_addr at 0x00000203DA2282C0> start_wid=None stop_wid=None post_wid=None skip_call=None call_count=82 args=('00:1B:DC:08:E4:4E', 0) kwds={}
2026-09-17 19:20:53,972 LT1-thread root DEBUG testcase.py               266   start                     : Test function parameters: args=('00:1B:DC:08:E4:4E', 0), kwds={}
2026-09-17 19:20:53,972 LT1-thread root DEBUG testcase.py               254   start                     : Starting test function: class=<class 'autopts.ptsprojects.testcase.TestFunc'>, func=<function test_cases.<locals>.<lambda> at 0x00000203DBC18C20> start_wid=None stop_wid=None post_wid=None skip_call=None call_count=61 args=() kwds={}
2026-09-17 19:20:53,972 LT1-thread root DEBUG testcase.py               266   start                     : Test function parameters: args=(), kwds={}
2026-09-17 19:20:53,976 LT1-thread root DEBUG testcase.py               254   start                     : Starting test function: class=<class 'autopts.ptsprojects.testcase.TestFunc'>, func=<function test_cases.<locals>.<lambda> at 0x00000203DBC18CC0> start_wid=None stop_wid=None post_wid=None skip_call=None call_count=61 args=() kwds={}
2026-09-17 19:20:53,977 LT1-thread root DEBUG testcase.py               266   start                     : Test function parameters: args=(), kwds={}
2026-09-17 19:20:53,980 LT1-thread root DEBUG testcase.py               254   start                     : Starting test function: class=<class 'autopts.ptsprojects.testcase.TestFunc'>, func=<function test_cases.<locals>.<lambda> at 0x00000203DBC18D60> start_wid=None stop_wid=None post_wid=None skip_call=None call_count=61 args=() kwds={}
2026-09-17 19:20:53,981 LT1-thread root DEBUG testcase.py               266   start                     : Test function parameters: args=(), kwds={}
2026-09-17 19:20:53,984 LT1-thread root DEBUG testcase.py               254   start                     : Starting test function: class=<class 'autopts.ptsprojects.testcase.TestFunc'>, func=<function test_cases.<locals>.<lambda> at 0x00000203DBC18E00> start_wid=None stop_wid=None post_wid=None skip_call=None call_count=61 args=() kwds={}
2026-09-17 19:20:53,985 LT1-thread root DEBUG testcase.py               266   start                     : Test function parameters: args=(), kwds={}
2026-09-17 19:20:53,989 LT1-thread root DEBUG testcase.py               254   start                     : Starting test function: class=<class 'autopts.ptsprojects.testcase.TestFunc'>, func=<function gap_set_io_capability at 0x00000203DA246A20> start_wid=None stop_wid=None post_wid=None skip_call=None call_count=61 args=(3,) kwds={}
2026-09-17 19:20:53,989 LT1-thread root DEBUG testcase.py               266   start                     : Test function parameters: args=(3,), kwds={}
2026-09-17 19:20:53,989 LT1-thread root DEBUG gap.py                    859   gap_set_io_capability     : 3
2026-09-17 19:20:53,989 LT1-thread root DEBUG iutctl_common.py          161   send                      : 1 16 0 '\x03'
2026-09-17 19:20:53,989 LT1-thread root DEBUG iutctl_common.py          166   send                      : sending frame '011000010003'
2026-09-17 19:20:53,989 LT1-thread root DEBUG gap.py                    1227  gap_command_rsp_succ      : 
2026-09-17 19:20:53,989 LT1-thread root DEBUG iutctl_common.py          339   read                      : 
2026-09-17 19:20:54,031 BTPWorkerThread-14723 (_rx_task) root DEBUG iutctl_common.py          123   read                      : Read 5 bytes
2026-09-17 19:20:54,043 BTPWorkerThread-14723 (_rx_task) root DEBUG iutctl_common.py          131   read                      : Received: hdr: Header(svc_id=0x01, op=0x10, ctrl_index=0x00, data_len=0x00) bytearray(b'\x01\x10\x00\x00\x00')
2026-09-17 19:20:54,049 BTPWorkerThread-14723 (_rx_task) root DEBUG iutctl_common.py          154   read                      : Received data: {''}, bytearray(b'')
2026-09-17 19:20:54,064 LT1-thread root DEBUG gap.py                    1232  gap_command_rsp_succ      : received Header(svc_id=1, op=16, ctrl_index=0, data_len=0) (b'',)
2026-09-17 19:20:54,064 LT1-thread root DEBUG testcase.py               254   start                     : Starting test function: class=<class 'autopts.ptsprojects.testcase.TestFunc'>, func=<bound method Stack.l2cap_init of <autopts.ptsprojects.stack.stack.Stack object at 0x00000203DA34D4F0>> start_wid=None stop_wid=None post_wid=None skip_call=None call_count=61 args=(4097, 120) kwds={}
2026-09-17 19:20:54,064 LT1-thread root DEBUG testcase.py               266   start                     : Test function parameters: args=(4097, 120), kwds={}
2026-09-17 19:20:54,064 LT1-thread root DEBUG testcase.py               254   start                     : Starting test function: class=<class 'autopts.ptsprojects.testcase.TestFunc'>, func=<function l2cap_br_listen_v2 at 0x00000203DA2A0B80> start_wid=None stop_wid=None post_wid=None skip_call=None call_count=6 args=(4097, 120, 4, 3, 16) kwds={}
2026-09-17 19:20:54,064 LT1-thread root DEBUG testcase.py               266   start                     : Test function parameters: args=(4097, 120, 4, 3, 16), kwds={}
2026-09-17 19:20:54,064 LT1-thread root DEBUG l2cap.py                  237   l2cap_listen_v2           : 4097 0 120 4 3 16
2026-09-17 19:20:54,064 LT1-thread root DEBUG iutctl_common.py          161   send                      : 3 12 0 "bytearray(b'\\x01\\x10\\x00x\\x00\\x04\\x00\\x03\\x10\\x00\\x00\\x00')"
2026-09-17 19:20:54,064 LT1-thread root DEBUG iutctl_common.py          166   send                      : sending frame '030c000c00011000780004000310000000'
2026-09-17 19:20:54,065 LT1-thread root DEBUG l2cap.py                  56    l2cap_command_rsp_succ    : 
2026-09-17 19:20:54,065 LT1-thread root DEBUG iutctl_common.py          339   read                      : 
2026-09-17 19:20:54,109 BTPWorkerThread-14723 (_rx_task) root DEBUG iutctl_common.py          123   read                      : Read 5 bytes
2026-09-17 19:20:54,120 BTPWorkerThread-14723 (_rx_task) root DEBUG iutctl_common.py          131   read                      : Received: hdr: Header(svc_id=0x03, op=0x0c, ctrl_index=0x00, data_len=0x00) bytearray(b'\x03\x0c\x00\x00\x00')
2026-09-17 19:20:54,131 BTPWorkerThread-14723 (_rx_task) root DEBUG iutctl_common.py          154   read                      : Received data: {''}, bytearray(b'')
2026-09-17 19:20:54,147 LT1-thread root DEBUG l2cap.py                  61    l2cap_command_rsp_succ    : received Header(svc_id=3, op=12, ctrl_index=0, data_len=0) (b'',)
2026-09-17 19:20:54,149 LT1-thread root DEBUG client.py                 276   get_result                : ClientCallback.get_result run_test_case
2026-09-17 19:20:55,903 LT1-callback ClientCallback.on_implicit_send INFO client.py                 223   on_implicit_send          : 
    ********************
    BEGIN OnImplicitSend:
    project_name: L2CAP
    wid: 15
    test_case_name: L2CAP/OFS/BV-02-C
    description: Action: Place the IUT in connectable mode.

Description : PTS requires that the IUT be in connectable mode.The PTS will attempt to establish an ACL connection.
    style: MMI_Style_Ok_Cancel1 0x11041
2026-09-17 19:20:55,903 LT1-callback ClientCallback.on_implicit_send INFO client.py                 236   on_implicit_send          : Calling test cases on_implicit_send
2026-09-17 19:20:55,903 LT1-callback ClientCallback.on_implicit_send INFO client.py                 249   on_implicit_send          : 
    on_implicit_send returned response: WAIT
    END OnImplicitSend
    ********************
2026-09-17 19:20:56,151 LT1-thread root DEBUG testcase.py               679   run_wid                   : L2CAP L2CAP/OFS/BV-02-C on_implicit_send
2026-09-17 19:20:56,151 LT1-thread root DEBUG l2cap.py                  30    l2cap_wid_hdl             : l2cap_wid_hdl, 15, Action: Place the IUT in connectable mode.

Description : PTS requires that the IUT be in connectable mode.The PTS will attempt to establish an ACL connection., L2CAP/OFS/BV-02-C
2026-09-17 19:20:56,151 LT1-thread root DEBUG gap.py                    982   gap_set_connectable       : 
2026-09-17 19:20:56,151 LT1-thread root DEBUG gap.py                    1033  gap_set_general_discoverable : 
2026-09-17 19:20:56,151 LT1-thread root DEBUG iutctl_common.py          161   send                      : 1 8 0 '1'
2026-09-17 19:20:56,151 LT1-thread root DEBUG iutctl_common.py          166   send                      : sending frame '010800010001'
2026-09-17 19:20:56,151 LT1-thread root DEBUG gap.py                    1227  gap_command_rsp_succ      : 
2026-09-17 19:20:56,151 LT1-thread root DEBUG iutctl_common.py          339   read                      : 
2026-09-17 19:20:56,214 BTPWorkerThread-14723 (_rx_task) root DEBUG iutctl_common.py          123   read                      : Read 5 bytes
2026-09-17 19:20:56,226 BTPWorkerThread-14723 (_rx_task) root DEBUG iutctl_common.py          131   read                      : Received: hdr: Header(svc_id=0x01, op=0x08, ctrl_index=0x00, data_len=0x04) bytearray(b'\x01\x08\x00\x04\x00')
2026-09-17 19:20:56,231 BTPWorkerThread-14723 (_rx_task) root DEBUG iutctl_common.py          139   read                      : Read 4 bytes data
2026-09-17 19:20:56,231 BTPWorkerThread-14723 (_rx_task) root DEBUG iutctl_common.py          154   read                      : Received data: {'1b 02 00 00'}, bytearray(b'\x1b\x02\x00\x00')
2026-09-17 19:20:56,231 LT1-thread root DEBUG gap.py                    1232  gap_command_rsp_succ      : received Header(svc_id=1, op=8, ctrl_index=0, data_len=4) (b'\x1b\x02\x00\x00',)
2026-09-17 19:20:56,231 LT1-thread root DEBUG gap.py                    594   __gap_current_settings_update : (b'\x1b\x02\x00\x00',)
2026-09-17 19:20:56,231 LT1-thread root DEBUG gap.py                    648   gap_start_advertising     : {9: b'Tester_08E44E'} None
2026-09-17 19:20:56,232 LT1-thread root DEBUG iutctl_common.py          161   send                      : 1 10 0 "bytearray(b'\\x0f\\x00\\t\\rTester_08E44E\\xff\\xff\\xff\\xff\\x00')"
2026-09-17 19:20:56,232 LT1-thread root DEBUG iutctl_common.py          166   send                      : sending frame '010a0016000f00090d5465737465725f303845343445ffffffff00'
2026-09-17 19:20:56,232 LT1-thread root DEBUG gap.py                    1227  gap_command_rsp_succ      : 
2026-09-17 19:20:56,232 LT1-thread root DEBUG iutctl_common.py          339   read                      : 
2026-09-17 19:20:56,264 BTPWorkerThread-14723 (_rx_task) root DEBUG iutctl_common.py          123   read                      : Read 5 bytes
2026-09-17 19:20:56,274 BTPWorkerThread-14723 (_rx_task) root DEBUG iutctl_common.py          131   read                      : Received: hdr: Header(svc_id=0x01, op=0x0a, ctrl_index=0x00, data_len=0x04) bytearray(b'\x01\n\x00\x04\x00')
2026-09-17 19:20:56,291 BTPWorkerThread-14723 (_rx_task) root DEBUG iutctl_common.py          139   read                      : Read 4 bytes data
2026-09-17 19:20:56,302 BTPWorkerThread-14723 (_rx_task) root DEBUG iutctl_common.py          154   read                      : Received data: {'1b 06 00 00'}, bytearray(b'\x1b\x06\x00\x00')
2026-09-17 19:20:56,319 LT1-thread root DEBUG gap.py                    1232  gap_command_rsp_succ      : received Header(svc_id=1, op=10, ctrl_index=0, data_len=4) (b'\x1b\x06\x00\x00',)
2026-09-17 19:20:56,319 LT1-thread root DEBUG gap.py                    594   __gap_current_settings_update : (b'\x1b\x06\x00\x00',)
2026-09-17 19:20:56,319 LT1-thread root DEBUG testcase.py               722   run_wid                   : Sending response 'OK' to wid 15 test case L2CAP/OFS/BV-02-C
2026-09-17 19:20:56,321 LT1-thread root DEBUG client.py                 276   get_result                : ClientCallback.get_result run_test_case
2026-09-17 19:20:58,877 BTPWorkerThread-14723 (_rx_task) root DEBUG iutctl_common.py          123   read                      : Read 5 bytes
2026-09-17 19:20:58,878 BTPWorkerThread-14723 (_rx_task) root DEBUG iutctl_common.py          131   read                      : Received: hdr: Header(svc_id=0x01, op=0x82, ctrl_index=0x00, data_len=0x0d) bytearray(b'\x01\x82\x00\r\x00')
2026-09-17 19:20:58,878 BTPWorkerThread-14723 (_rx_task) root DEBUG iutctl_common.py          139   read                      : Read 13 bytes data
2026-09-17 19:20:58,878 BTPWorkerThread-14723 (_rx_task) root DEBUG iutctl_common.py          154   read                      : Received data: {'e0 4e e4 08 dc 1b 00 00 00 00 00 00 00'}, bytearray(b'\xe0N\xe4\x08\xdc\x1b\x00\x00\x00\x00\x00\x00\x00')
2026-09-17 19:20:58,878 BTPWorkerThread-14723 (_rx_task) root DEBUG btp.py                    700   event_handler             : Header(svc_id=1, op=130, ctrl_index=0, data_len=13) (b'\xe0N\xe4\x08\xdc\x1b\x00\x00\x00\x00\x00\x00\x00',)
2026-09-17 19:20:58,878 BTPWorkerThread-14723 (_rx_task) root DEBUG gap.py                    213   gap_connected_ev_         : b'\xe0N\xe4\x08\xdc\x1b\x00\x00\x00\x00\x00\x00\x00'
2026-09-17 19:20:58,878 BTPWorkerThread-14723 (_rx_task) root DEBUG iutctl_common.py          123   read                      : Read 5 bytes
2026-09-17 19:20:58,878 BTPWorkerThread-14723 (_rx_task) root DEBUG iutctl_common.py          131   read                      : Received: hdr: Header(svc_id=0x01, op=0x80, ctrl_index=0x00, data_len=0x04) bytearray(b'\x01\x80\x00\x04\x00')
2026-09-17 19:20:58,879 BTPWorkerThread-14723 (_rx_task) root DEBUG iutctl_common.py          139   read                      : Read 4 bytes data
2026-09-17 19:20:58,879 BTPWorkerThread-14723 (_rx_task) root DEBUG iutctl_common.py          154   read                      : Received data: {'1b 02 00 00'}, bytearray(b'\x1b\x02\x00\x00')
2026-09-17 19:20:58,879 BTPWorkerThread-14723 (_rx_task) root DEBUG btp.py                    700   event_handler             : Header(svc_id=1, op=128, ctrl_index=0, data_len=4) (b'\x1b\x02\x00\x00',)
2026-09-17 19:20:58,879 BTPWorkerThread-14723 (_rx_task) root DEBUG gap.py                    181   gap_new_settings_ev_      : b'\x1b\x02\x00\x00'
2026-09-17 19:20:58,879 BTPWorkerThread-14723 (_rx_task) root DEBUG gap.py                    594   __gap_current_settings_update : 539
2026-09-17 19:21:01,547 BTPWorkerThread-14723 (_rx_task) root DEBUG iutctl_common.py          123   read                      : Read 5 bytes
2026-09-17 19:21:01,547 BTPWorkerThread-14723 (_rx_task) root DEBUG iutctl_common.py          131   read                      : Received: hdr: Header(svc_id=0x01, op=0x91, ctrl_index=0x00, data_len=0x09) bytearray(b'\x01\x91\x00\t\x00')
2026-09-17 19:21:01,547 BTPWorkerThread-14723 (_rx_task) root DEBUG iutctl_common.py          139   read                      : Read 9 bytes data
2026-09-17 19:21:01,548 BTPWorkerThread-14723 (_rx_task) root DEBUG iutctl_common.py          154   read                      : Received data: {'e0 4e e4 08 dc 1b 00 01 10'}, bytearray(b'\xe0N\xe4\x08\xdc\x1b\x00\x01\x10')
2026-09-17 19:21:01,548 BTPWorkerThread-14723 (_rx_task) root DEBUG btp.py                    700   event_handler             : Header(svc_id=1, op=145, ctrl_index=0, data_len=9) (b'\xe0N\xe4\x08\xdc\x1b\x00\x01\x10',)
2026-09-17 19:21:01,548 BTPWorkerThread-14723 (_rx_task) root DEBUG gap.py                    492   gap_encryption_change_ev_ : 
2026-09-17 19:21:01,548 BTPWorkerThread-14723 (_rx_task) root DEBUG gap.py                    494   gap_encryption_change_ev_ : enc change received b'\xe0N\xe4\x08\xdc\x1b\x00\x01\x10'
2026-09-17 19:21:01,548 BTPWorkerThread-14723 (_rx_task) root DEBUG gap.py                    503   gap_encryption_change_ev_ : received (224, '001bdc08e44e', 1, 16)
2026-09-17 19:21:01,548 BTPWorkerThread-14723 (_rx_task) root DEBUG iutctl_common.py          123   read                      : Read 5 bytes
2026-09-17 19:21:01,548 BTPWorkerThread-14723 (_rx_task) root DEBUG iutctl_common.py          131   read                      : Received: hdr: Header(svc_id=0x01, op=0x89, ctrl_index=0x00, data_len=0x08) bytearray(b'\x01\x89\x00\x08\x00')
2026-09-17 19:21:01,548 BTPWorkerThread-14723 (_rx_task) root DEBUG iutctl_common.py          139   read                      : Read 8 bytes data
2026-09-17 19:21:01,549 BTPWorkerThread-14723 (_rx_task) root DEBUG iutctl_common.py          154   read                      : Received data: {'e0 4e e4 08 dc 1b 00 02'}, bytearray(b'\xe0N\xe4\x08\xdc\x1b\x00\x02')
2026-09-17 19:21:01,549 BTPWorkerThread-14723 (_rx_task) root DEBUG btp.py                    700   event_handler             : Header(svc_id=1, op=137, ctrl_index=0, data_len=8) (b'\xe0N\xe4\x08\xdc\x1b\x00\x02',)
2026-09-17 19:21:01,549 BTPWorkerThread-14723 (_rx_task) root DEBUG gap.py                    298   gap_sec_level_changed_ev_ : 
2026-09-17 19:21:01,549 BTPWorkerThread-14723 (_rx_task) root DEBUG gap.py                    300   gap_sec_level_changed_ev_ : received b'\xe0N\xe4\x08\xdc\x1b\x00\x02'
2026-09-17 19:21:01,549 BTPWorkerThread-14723 (_rx_task) root DEBUG gap.py                    311   gap_sec_level_changed_ev_ : received (224, '001bdc08e44e', 2)
2026-09-17 19:21:01,686 LT1-callback ClientCallback.on_implicit_send INFO client.py                 223   on_implicit_send          : 
    ********************
    BEGIN OnImplicitSend:
    project_name: L2CAP
    wid: 113
    test_case_name: L2CAP/OFS/BV-02-C
    description: Please send Configure Request.
    style: MMI_Style_Ok_Cancel2 0x11141
2026-09-17 19:21:01,687 LT1-callback ClientCallback.on_implicit_send INFO client.py                 236   on_implicit_send          : Calling test cases on_implicit_send
2026-09-17 19:21:01,687 LT1-callback ClientCallback.on_implicit_send INFO client.py                 249   on_implicit_send          : 
    on_implicit_send returned response: WAIT
    END OnImplicitSend
    ********************
2026-09-17 19:21:01,722 BTPWorkerThread-14723 (_rx_task) root DEBUG iutctl_common.py          123   read                      : Read 5 bytes
2026-09-17 19:21:01,722 BTPWorkerThread-14723 (_rx_task) root DEBUG iutctl_common.py          131   read                      : Received: hdr: Header(svc_id=0x03, op=0x81, ctrl_index=0x00, data_len=0x12) bytearray(b'\x03\x81\x00\x12\x00')
2026-09-17 19:21:01,723 BTPWorkerThread-14723 (_rx_task) root DEBUG iutctl_common.py          139   read                      : Read 18 bytes data
2026-09-17 19:21:01,723 BTPWorkerThread-14723 (_rx_task) root DEBUG iutctl_common.py          154   read                      : Received data: {'02 89 00 a0 02 a0 02 c0 00 c0 00 e0 4e e4 08 dc 1b 00'}, bytearray(b'\x02\x89\x00\xa0\x02\xa0\x02\xc0\x00\xc0\x00\xe0N\xe4\x08\xdc\x1b\x00')
2026-09-17 19:21:01,723 BTPWorkerThread-14723 (_rx_task) root DEBUG btp.py                    700   event_handler             : Header(svc_id=3, op=129, ctrl_index=0, data_len=18) (b'\x02\x89\x00\xa0\x02\xa0\x02\xc0\x00\xc0\x00\xe0N\xe4\x08\xdc\x1b\x00',)
2026-09-17 19:21:01,723 BTPWorkerThread-14723 (_rx_task) root DEBUG l2cap.py                  384   l2cap_connected_ev        : b'\x02\x89\x00\xa0\x02\xa0\x02\xc0\x00\xc0\x00\xe0N\xe4\x08\xdc\x1b\x00' 18
2026-09-17 19:21:01,723 BTPWorkerThread-14723 (_rx_task) root DEBUG l2cap.py                  392   l2cap_connected_ev        : id:2 on psm:137, peer_mtu:672, peer_mps:672, our_mtu:192, our_mps:192, addr b'N\xe4\x08\xdc\x1b\x00' type 224
2026-09-17 19:21:02,323 LT1-thread root DEBUG testcase.py               679   run_wid                   : L2CAP L2CAP/OFS/BV-02-C on_implicit_send
2026-09-17 19:21:02,323 LT1-thread root DEBUG l2cap.py                  30    l2cap_wid_hdl             : l2cap_wid_hdl, 113, Please send Configure Request., L2CAP/OFS/BV-02-C
2026-09-17 19:21:02,323 LT1-thread root DEBUG testcase.py               722   run_wid                   : Sending response 'OK' to wid 113 test case L2CAP/OFS/BV-02-C
2026-09-17 19:21:02,325 LT1-thread root DEBUG client.py                 276   get_result                : ClientCallback.get_result run_test_case
2026-09-17 19:21:02,327 LT1-callback ClientCallback.on_implicit_send INFO client.py                 223   on_implicit_send          : 
    ********************
    BEGIN OnImplicitSend:
    project_name: L2CAP
    wid: 116
    test_case_name: L2CAP/OFS/BV-02-C
    description: Please send Configure Response.
    style: MMI_Style_Ok_Cancel2 0x11141
2026-09-17 19:21:02,328 LT1-callback ClientCallback.on_implicit_send INFO client.py                 236   on_implicit_send          : Calling test cases on_implicit_send
2026-09-17 19:21:02,328 LT1-callback ClientCallback.on_implicit_send INFO client.py                 249   on_implicit_send          : 
    on_implicit_send returned response: WAIT
    END OnImplicitSend
    ********************
2026-09-17 19:21:03,326 LT1-thread root DEBUG testcase.py               679   run_wid                   : L2CAP L2CAP/OFS/BV-02-C on_implicit_send
2026-09-17 19:21:03,326 LT1-thread root DEBUG l2cap.py                  30    l2cap_wid_hdl             : l2cap_wid_hdl, 116, Please send Configure Response., L2CAP/OFS/BV-02-C
2026-09-17 19:21:03,326 LT1-thread root DEBUG testcase.py               722   run_wid                   : Sending response 'OK' to wid 116 test case L2CAP/OFS/BV-02-C
2026-09-17 19:21:03,328 LT1-thread root DEBUG client.py                 276   get_result                : ClientCallback.get_result run_test_case
2026-09-17 19:21:03,729 BTPWorkerThread-14723 (_rx_task) root DEBUG iutctl_common.py          123   read                      : Read 5 bytes
2026-09-17 19:21:03,729 BTPWorkerThread-14723 (_rx_task) root DEBUG iutctl_common.py          131   read                      : Received: hdr: Header(svc_id=0x03, op=0x83, ctrl_index=0x00, data_len=0x07) bytearray(b'\x03\x83\x00\x07\x00')
2026-09-17 19:21:03,730 BTPWorkerThread-14723 (_rx_task) root DEBUG iutctl_common.py          139   read                      : Read 7 bytes data
2026-09-17 19:21:03,730 BTPWorkerThread-14723 (_rx_task) root DEBUG iutctl_common.py          154   read                      : Received data: {'02 04 00 01 02 03 04'}, bytearray(b'\x02\x04\x00\x01\x02\x03\x04')
2026-09-17 19:21:03,730 BTPWorkerThread-14723 (_rx_task) root DEBUG btp.py                    700   event_handler             : Header(svc_id=3, op=131, ctrl_index=0, data_len=7) (b'\x02\x04\x00\x01\x02\x03\x04',)
2026-09-17 19:21:03,730 BTPWorkerThread-14723 (_rx_task) root DEBUG l2cap.py                  411   l2cap_data_rcv_ev         : b'\x02\x04\x00\x01\x02\x03\x04' 7
2026-09-17 19:21:03,730 BTPWorkerThread-14723 (_rx_task) root DEBUG l2cap.py                  420   l2cap_data_rcv_ev         : id:2, data:b'01020304'
2026-09-17 19:21:08,252 LT1-callback ClientCallback.on_implicit_send INFO client.py                 223   on_implicit_send          : 
    ********************
    BEGIN OnImplicitSend:
    project_name: L2CAP
    wid: 118
    test_case_name: L2CAP/OFS/BV-02-C
    description: Please send L2CAP Disconnection Response to PTS.
    style: MMI_Style_Ok_Cancel2 0x11141
2026-09-17 19:21:08,252 LT1-callback ClientCallback.on_implicit_send INFO client.py                 236   on_implicit_send          : Calling test cases on_implicit_send
2026-09-17 19:21:08,252 LT1-callback ClientCallback.on_implicit_send INFO client.py                 249   on_implicit_send          : 
    on_implicit_send returned response: WAIT
    END OnImplicitSend
    ********************
2026-09-17 19:21:08,262 BTPWorkerThread-14723 (_rx_task) root DEBUG iutctl_common.py          123   read                      : Read 5 bytes
2026-09-17 19:21:08,263 BTPWorkerThread-14723 (_rx_task) root DEBUG iutctl_common.py          131   read                      : Received: hdr: Header(svc_id=0x03, op=0x82, ctrl_index=0x00, data_len=0x0c) bytearray(b'\x03\x82\x00\x0c\x00')
2026-09-17 19:21:08,263 BTPWorkerThread-14723 (_rx_task) root DEBUG iutctl_common.py          139   read                      : Read 12 bytes data
2026-09-17 19:21:08,263 BTPWorkerThread-14723 (_rx_task) root DEBUG iutctl_common.py          154   read                      : Received data: {'00 00 02 00 00 e0 4e e4 08 dc 1b 00'}, bytearray(b'\x00\x00\x02\x00\x00\xe0N\xe4\x08\xdc\x1b\x00')
2026-09-17 19:21:08,263 BTPWorkerThread-14723 (_rx_task) root DEBUG btp.py                    700   event_handler             : Header(svc_id=3, op=130, ctrl_index=0, data_len=12) (b'\x00\x00\x02\x00\x00\xe0N\xe4\x08\xdc\x1b\x00',)
2026-09-17 19:21:08,263 BTPWorkerThread-14723 (_rx_task) root DEBUG l2cap.py                  399   l2cap_disconnected_ev     : b'\x00\x00\x02\x00\x00\xe0N\xe4\x08\xdc\x1b\x00' 12
2026-09-17 19:21:08,263 BTPWorkerThread-14723 (_rx_task) root DEBUG l2cap.py                  406   l2cap_disconnected_ev     : id:2 on psm:0, addr b'N\xe4\x08\xdc\x1b\x00' type 224, res 'Success'
2026-09-17 19:21:08,331 LT1-thread root DEBUG testcase.py               679   run_wid                   : L2CAP L2CAP/OFS/BV-02-C on_implicit_send
2026-09-17 19:21:08,331 LT1-thread root DEBUG l2cap.py                  30    l2cap_wid_hdl             : l2cap_wid_hdl, 118, Please send L2CAP Disconnection Response to PTS., L2CAP/OFS/BV-02-C
2026-09-17 19:21:08,331 LT1-thread root DEBUG testcase.py               722   run_wid                   : Sending response 'OK' to wid 118 test case L2CAP/OFS/BV-02-C
2026-09-17 19:21:08,333 LT1-thread root DEBUG client.py                 276   get_result                : ClientCallback.get_result run_test_case
2026-09-17 19:21:08,489 BTPWorkerThread-14723 (_rx_task) root DEBUG iutctl_common.py          123   read                      : Read 5 bytes
2026-09-17 19:21:08,490 BTPWorkerThread-14723 (_rx_task) root DEBUG iutctl_common.py          131   read                      : Received: hdr: Header(svc_id=0x01, op=0x83, ctrl_index=0x00, data_len=0x07) bytearray(b'\x01\x83\x00\x07\x00')
2026-09-17 19:21:08,490 BTPWorkerThread-14723 (_rx_task) root DEBUG iutctl_common.py          139   read                      : Read 7 bytes data
2026-09-17 19:21:08,490 BTPWorkerThread-14723 (_rx_task) root DEBUG iutctl_common.py          154   read                      : Received data: {'e0 4e e4 08 dc 1b 00'}, bytearray(b'\xe0N\xe4\x08\xdc\x1b\x00')
2026-09-17 19:21:08,490 BTPWorkerThread-14723 (_rx_task) root DEBUG btp.py                    700   event_handler             : Header(svc_id=1, op=131, ctrl_index=0, data_len=7) (b'\xe0N\xe4\x08\xdc\x1b\x00',)
2026-09-17 19:21:08,490 BTPWorkerThread-14723 (_rx_task) root DEBUG gap.py                    226   gap_disconnected_ev_      : b'\xe0N\xe4\x08\xdc\x1b\x00'
2026-09-17 19:21:11,120 LT1-callback ClientCallback.log INFO client.py                 200   log                       : PTS_LOGTYPE_START_TEST Start Test Case 

+140 ms
 L2CAP/OFS/BV-02-C L2CAP/OFS/BV-02-C

2026-09-17 19:21:11,501 LT1-callback ClientCallback.log INFO client.py                 200   log                       : PTS_LOGTYPE_FINAL_VERDICT Final Verdict 

+16578 ms
 L2CAP/OFS/BV-02-C PASS

2026-09-17 19:21:11,505 LT1-callback ClientCallback.log INFO client.py                 200   log                       : PTS_LOGTYPE_FINAL_VERDICT Encrypted Verdict 

+16578 ms
 L2CAP/OFS/BV-02-C A1#ZWY4MzQ5MDg3MmQwNTIxOGQzMzQ5YjY2ODA5M2MzNjQ5ZDY4NmY0Yjc2MzIzM2VkNTUyNTFhNGU4Mjg1MjI0NA==#ZtVDbgy8SUnzxvCvPLiCumJMBTiVsRKdpAVTa5BDMgJF4ATudSlbvtJq3fJVTyop

2026-09-17 19:21:11,509 LT1-callback ClientCallback.log INFO client.py                 200   log                       : PTS_LOGTYPE_END_TEST Test Case Ended 

+16578 ms
 L2CAP/OFS/BV-02-C L2CAP/OFS/BV-02-C

2026-09-17 19:21:11,650 LT1-callback root DEBUG client.py                 261   set_result                : ClientCallback, set_result, run_test_case, PASS
2026-09-17 19:21:11,650 LT1-thread root DEBUG client.py                 1186  _run_test_case            : After run_test_case error_code=0 status='PASS'
2026-09-17 19:21:11,651 LT1-thread root DEBUG testcase.py               766   post_run                  : post_run L2CAP L2CAP/OFS/BV-02-C 0
2026-09-17 19:21:11,651 LT1-thread root DEBUG testcase.py               254   start                     : Starting test function: class=<class 'autopts.ptsprojects.testcase.TestFuncCleanUp'>, func=<bound method ZTestCase._test_case_cleanup of <autopts.ptsprojects.zephyr.ztestcase.ZTestCase object at 0x00000203DBC30B60>> start_wid=None stop_wid=None post_wid=None skip_call=None call_count=1 args=() kwds={}
2026-09-17 19:21:11,651 LT1-thread root DEBUG testcase.py               266   start                     : Test function parameters: args=(), kwds={}
2026-09-17 19:21:11,651 LT1-thread root DEBUG iutctl.py                 415   stop                      : <class 'autopts.ptsprojects.zephyr.iutctl.create_zephyr_ctl_class.<locals>.ZephyrCtl'>.stop
2026-09-17 19:21:11,651 LT1-thread root DEBUG __init__.py               51    reset                     : About to reset DUT: JLink -CommandFile reset.jlink -usb 1063214216 -device MIMXRT1176XXXA_M7
2026-09-17 19:21:11,959 BTPWorkerThread-14723 (_rx_task) root DEBUG iutctl_common.py          123   read                      : Read 5 bytes
2026-09-17 19:21:11,959 BTPWorkerThread-14723 (_rx_task) root DEBUG iutctl_common.py          131   read                      : Received: hdr: Header(svc_id=0x00, op=0x80, ctrl_index=0xff, data_len=0x00) bytearray(b'\x00\x80\xff\x00\x00')
2026-09-17 19:21:11,959 BTPWorkerThread-14723 (_rx_task) root DEBUG iutctl_common.py          154   read                      : Received data: {''}, bytearray(b'')
2026-09-17 19:21:11,960 BTPWorkerThread-14723 (_rx_task) root DEBUG btp.py                    700   event_handler             : Header(svc_id=0, op=128, ctrl_index=255, data_len=0) (b'',)
2026-09-17 19:21:11,960 BTPWorkerThread-14723 (_rx_task) root DEBUG core.py                   23    core_iut_ready_ev         : 
2026-09-17 19:21:12,028 LT1-thread root DEBUG iutctl.py                 436   _stop_tty_mode            : IUT ready event received OK
2026-09-17 19:21:12,028 LT1-thread root DEBUG iutctl_common.py          416   close                     : Waiting for _rx_worker to finish ...
2026-09-17 19:21:12,961 BTPWorkerThread-14723 (_rx_task) root DEBUG iutctl_common.py          332   _rx_task                  : BTPWorkerThread-14723 (_rx_task) finishing...
2026-09-17 19:21:15,969 LT1-thread root DEBUG testcase.py               794   post_run                  : post_run, cleanup running post test case script
2026-09-17 19:21:15,969 LT1-thread root DEBUG testcase.py               802   post_run                  : post_run, run post test case script
2026-09-17 19:21:16,049 LT1-thread root DEBUG client.py                 1220  _run_test_case            : Done TestCase _run_test_case L2CAP L2CAP/OFS/BV-02-C
