08:30:07:745    > BTP_CORE_CMD_READ_SUPPORTED_SERVICES (0x00|0x02|0xff)
                  raw data (0): 00 02 ff 00 00|
08:30:07:793    < BTP_CORE_CMD_READ_SUPPORTED_SERVICES (0x00|0x02|0xff)
                  raw data (6): 00 02 ff 06 00|0f 00 00 a0 ff 03
08:30:07:798    > BTP_CORE_CMD_REGISTER_SERVICE (0x00|0x03|0xff)
                  raw data (1): 00 03 ff 01 00|01
08:30:11:930    < BTP_CORE_CMD_REGISTER_SERVICE (0x00|0x03|0xff)
                  raw data (0): 00 03 ff 00 00|
08:30:11:945    > BTP_GAP_CMD_READ_SUPPORTED_COMMANDS (0x01|0x01|0xff)
                  raw data (0): 01 01 ff 00 00|
08:30:12:004    < BTP_GAP_CMD_READ_SUPPORTED_COMMANDS (0x01|0x01|0xff)
                  raw data (7): 01 01 ff 07 00|6e ff 7f 1f fe ff 2e
08:30:12:005    > BTP_GAP_CMD_READ_CONTROLLER_INFO (0x01|0x03|0x00)
                  raw data (0): 01 03 00 00 00|
08:30:12:071    < BTP_GAP_CMD_READ_CONTROLLER_INFO (0x01|0x03|0x00)
                  raw data (277): 
                  01 03 00 15 01|19 78 ee 69 17 d0 d3 06 02 00 13 
                  02 00 00 00 00 00 62 74 70 5f 74 65 73 74 65 72 
                  00 00 00 00 00 00 00 00 00 00 00 00 00 00 00 00 
                  00 00 00 00 00 00 00 00 00 00 00 00 00 00 00 00 
                  00 00 00 00 00 00 00 00 00 00 00 00 00 00 00 00 
                  00 00 00 00 00 00 00 00 00 00 00 00 00 00 00 00 
                  00 00 00 00 00 00 00 00 00 00 00 00 00 00 00 00 
                  00 00 00 00 00 00 00 00 00 00 00 00 00 00 00 00 
                  00 00 00 00 00 00 00 00 00 00 00 00 00 00 00 00 
                  00 00 00 00 00 00 00 00 00 00 00 00 00 00 00 00 
                  00 00 00 00 00 00 00 00 00 00 00 00 00 00 00 00 
                  00 00 00 00 00 00 00 00 00 00 00 00 00 00 00 00 
                  00 00 00 00 00 00 00 00 00 00 00 00 00 00 00 00 
                  00 00 00 00 00 00 00 00 00 00 00 00 00 00 00 00 
                  00 00 00 00 00 00 00 00 00 00 00 00 00 00 00 00 
                  00 00 00 00 00 00 00 00 00 00 00 00 00 00 00 00 
                  00 00 00 00 00 00 00 00 00 00 00 00 00 00 00 00 
                  00 00 00 00 00 00 00 00 00 00
08:30:12:087    > BTP_CORE_CMD_REGISTER_SERVICE (0x00|0x03|0xff)
                  raw data (41): 00 03 ff 01 00|29
08:30:12:149    < BTP_CORE_CMD_REGISTER_SERVICE (0x00|0x03|0xff)
                  raw data (0): 00 03 ff 00 00|
08:30:12:159    > BTP_MAP_CMD_READ_SUPPORTED_COMMANDS (0x29|0x01|0xff)
                  raw data (0): 29 01 ff 00 00|
08:30:12:229    < BTP_MAP_CMD_READ_SUPPORTED_COMMANDS (0x29|0x01|0xff)
                  raw data (7): 29 01 ff 07 00|fe ff ff ff ff ff 7f
08:30:15:234    > BTP_GAP_CMD_SET_DISCOVERABLE (0x01|0x08|0x00)
                  raw data (1): 01 08 00 01 00|01
08:30:15:315    < BTP_GAP_CMD_SET_DISCOVERABLE (0x01|0x08|0x00)
                  raw data (4): 01 08 00 04 00|1b 02 00 00
08:30:15:402    < BTP_GAP_EV_DEVICE_CONNECTED (0x01|0x82|0x00)
                  raw data (13): 
                  01 82 00 0d 00|e0 4e e4 08 dc 1b 00 00 00 00 00 
                  00 00
08:30:15:403    < BTP_GAP_EV_NEW_SETTINGS (0x01|0x80|0x00)
                  raw data (4): 01 80 00 04 00|1b 02 00 00
08:30:17:172    < BTP_GAP_EV_ENCRYPTION_CHANGE (0x01|0x91|0x00)
                  raw data (9): 01 91 00 09 00|e0 4e e4 08 dc 1b 00 01 10
08:30:17:173    < BTP_GAP_EV_SEC_LEVEL_CHANGED (0x01|0x89|0x00)
                  raw data (8): 01 89 00 08 00|e0 4e e4 08 dc 1b 00 02
08:30:17:185    < BTP_MAP_EV_MSE_MAS_L2CAP_CONNECTED (0x29|0x9e|0x00)
                  raw data (8): 29 9e 00 08 00|e0 4e e4 08 dc 1b 00 00
08:30:17:291    < BTP_MAP_EV_MSE_MAS_CONNECT (0x29|0xa0|0x00)
                  raw data (41): 
                  29 a0 00 29 00|e0 4e e4 08 dc 1b 00 00 10 ff 00 
                  1c 00 46 00 13 bb 58 2b 40 42 0c 11 db b0 de 08 
                  00 20 0c 9a 66 4c 00 09 29 04 00 7f ff ff
08:30:17:292    > BTP_MAP_CMD_MSE_MAS_CONNECT (0x29|0x1e|0x00)
                  raw data (9): 29 1e 00 09 00|e0 4e e4 08 dc 1b 00 00 a0
08:30:17:321    < BTP_MAP_CMD_MSE_MAS_CONNECT (0x29|0x1e|0x00)
                  raw data (0): 29 1e 00 00 00|
08:30:17:332    < BTP_MAP_EV_MSE_MAS_SET_FOLDER (0x29|0xa4|0x00)
                  raw data (19): 
                  29 a4 00 13 00|e0 4e e4 08 dc 1b 00 00 02 08 00 
                  01 00 03 cb 00 00 00 04
08:30:17:336    > BTP_MAP_CMD_MSE_MAS_SET_FOLDER (0x29|0x21|0x00)
                  raw data (11): 29 21 00 0b 00|e0 4e e4 08 dc 1b 00 00 a0 00 00
08:30:17:467    < BTP_MAP_CMD_MSE_MAS_SET_FOLDER (0x29|0x21|0x00)
                  raw data (0): 29 21 00 00 00|
08:30:17:496    < BTP_MAP_EV_MSE_MAS_SET_FOLDER (0x29|0xa4|0x00)
                  raw data (35): 
                  29 a4 00 23 00|e0 4e e4 08 dc 1b 00 00 02 18 00 
                  01 00 13 00 74 00 65 00 6c 00 65 00 63 00 6f 00 
                  6d 00 00 cb 00 00 00 04
08:30:17:497    > BTP_MAP_CMD_MSE_MAS_SET_FOLDER (0x29|0x21|0x00)
                  raw data (11): 29 21 00 0b 00|e0 4e e4 08 dc 1b 00 00 a0 00 00
08:30:17:539    < BTP_MAP_CMD_MSE_MAS_SET_FOLDER (0x29|0x21|0x00)
                  raw data (0): 29 21 00 00 00|
08:30:17:541    < BTP_MAP_EV_MSE_MAS_SET_FOLDER (0x29|0xa4|0x00)
                  raw data (27): 
                  29 a4 00 1b 00|e0 4e e4 08 dc 1b 00 00 02 10 00 
                  01 00 0b 00 6d 00 73 00 67 00 00 cb 00 00 00 04
08:30:17:542    > BTP_MAP_CMD_MSE_MAS_SET_FOLDER (0x29|0x21|0x00)
                  raw data (11): 29 21 00 0b 00|e0 4e e4 08 dc 1b 00 00 a0 00 00
08:30:17:578    < BTP_MAP_CMD_MSE_MAS_SET_FOLDER (0x29|0x21|0x00)
                  raw data (0): 29 21 00 00 00|
08:30:17:591    < BTP_MAP_EV_MSE_MAS_GET_MSG_LISTING (0x29|0xa6|0x00)
                  raw data (57): 
                  29 a6 00 39 00|e0 4e e4 08 dc 1b 00 00 01 2e 00 
                  01 00 0f 00 69 00 6e 00 62 00 6f 00 78 00 00 42 
                  00 18 78 2d 62 74 2f 4d 41 50 2d 6d 73 67 2d 6c 
                  69 73 74 69 6e 67 00 97 01 cb 00 00 00 04
08:30:17:592    > BTP_MAP_CMD_MSE_MAS_GET_MSG_LISTING (0x29|0x24|0x00)
                  raw data (263): 
                  29 24 00 07 01|e0 4e e4 08 dc 1b 00 00 90 fc 00 
                  97 01 4c 00 20 0d 01 01 19 14 32 30 32 36 31 30 
                  30 39 54 30 38 33 30 31 37 2b 30 38 30 30 12 02 
                  00 0a 48 00 da 3c 3f 78 6d 6c 20 76 65 72 73 69 
                  6f 6e 3d 22 31 2e 30 22 20 65 6e 63 6f 64 69 6e 
                  67 3d 22 55 54 46 2d 38 22 20 73 74 61 6e 64 61 
                  6c 6f 6e 65 3d 22 79 65 73 22 20 3f 3e 0d 0a 3c 
                  4d 41 50 2d 6d 73 67 2d 6c 69 73 74 69 6e 67 20 
                  76 65 72 73 69 6f 6e 3d 22 31 2e 31 22 3e 0d 0a 
                  20 20 3c 6d 73 67 20 68 61 6e 64 6c 65 3d 22 30 
                  30 30 30 30 30 30 30 30 30 30 30 30 30 30 41 22 
                  20 73 75 62 6a 65 63 74 3d 22 54 65 73 74 20 49 
                  4d 20 4d 65 73 73 61 67 65 20 31 30 22 20 64 61 
                  74 65 74 69 6d 65 3d 22 32 30 31 33 30 31 30 31 
                  54 30 30 30 30 30 30 2b 30 30 30 30 22 20 73 65 
                  6e 64 65 72 5f 6e 61 6d 65 3d 22 50 54 53 22 20 
                  73 65 6e 64 65 72 5f 61 64 64 72 65
08:30:17:662    < BTP_MAP_CMD_MSE_MAS_GET_MSG_LISTING (0x29|0x24|0x00)
                  raw data (0): 29 24 00 00 00|
08:30:17:663    > BTP_MAP_CMD_MSE_MAS_GET_MSG_LISTING (0x29|0x24|0x00)
                  raw data (263): 
                  29 24 00 07 01|e0 4e e4 08 dc 1b 00 00 90 fc 00 
                  48 00 fc 73 73 69 6e 67 3d 22 69 6d 3a 70 74 73 
                  40 65 78 61 6d 70 6c 65 2e 63 6f 6d 22 20 72 65 
                  63 69 70 69 65 6e 74 5f 6e 61 6d 65 3d 22 49 55 
                  54 22 20 72 65 63 69 70 69 65 6e 74 5f 61 64 64 
                  72 65 73 73 69 6e 67 3d 22 69 6d 3a 69 75 74 40 
                  65 78 61 6d 70 6c 65 2e 63 6f 6d 22 20 74 79 70 
                  65 3d 22 49 4d 22 20 73 69 7a 65 3d 22 36 32 22 
                  20 72 65 63 65 70 74 69 6f 6e 5f 73 74 61 74 75 
                  73 3d 22 63 6f 6d 70 6c 65 74 65 22 20 61 74 74 
                  61 63 68 6d 65 6e 74 5f 73 69 7a 65 3d 22 30 22 
                  20 70 72 69 6f 72 69 74 79 3d 22 6e 6f 22 20 72 
                  65 61 64 3d 22 6e 6f 22 20 73 65 6e 74 3d 22 6e 
                  6f 22 20 70 72 6f 74 65 63 74 65 64 3d 22 6e 6f 
                  22 20 63 6f 6e 76 65 72 73 61 74 69 6f 6e 5f 69 
                  64 3d 22 30 30 30 30 30 30 30 30 30 30 30 30 30 
                  30 30 32 22 20 63 6f 6e 76 65 72 73
08:30:17:724    < BTP_MAP_CMD_MSE_MAS_GET_MSG_LISTING (0x29|0x24|0x00)
                  raw data (0): 29 24 00 00 00|
08:30:17:729    > BTP_MAP_CMD_MSE_MAS_GET_MSG_LISTING (0x29|0x24|0x00)
                  raw data (263): 
                  29 24 00 07 01|e0 4e e4 08 dc 1b 00 00 90 fc 00 
                  48 00 fc 61 74 69 6f 6e 5f 6e 61 6d 65 3d 22 43 
                  68 61 74 20 77 69 74 68 20 50 54 53 22 20 64 69 
                  72 65 63 74 69 6f 6e 3d 22 69 6e 63 6f 6d 69 6e 
                  67 22 2f 3e 0d 0a 20 20 3c 6d 73 67 20 68 61 6e 
                  64 6c 65 3d 22 30 30 30 30 30 30 30 30 30 30 30 
                  30 30 30 30 39 22 20 73 75 62 6a 65 63 74 3d 22 
                  54 65 73 74 20 4d 4d 53 20 4d 65 73 73 61 67 65 
                  20 39 22 20 64 61 74 65 74 69 6d 65 3d 22 32 30 
                  31 32 30 39 30 31 54 30 30 30 30 30 30 2b 30 30 
                  30 30 22 20 73 65 6e 64 65 72 5f 6e 61 6d 65 3d 
                  22 50 54 53 22 20 73 65 6e 64 65 72 5f 61 64 64 
                  72 65 73 73 69 6e 67 3d 22 2b 31 32 33 34 35 36 
                  37 38 39 30 22 20 72 65 63 69 70 69 65 6e 74 5f 
                  6e 61 6d 65 3d 22 49 55 54 22 20 72 65 63 69 70 
                  69 65 6e 74 5f 61 64 64 72 65 73 73 69 6e 67 3d 
                  22 2b 39 38 37 36 35 34 33 32 31 30
08:30:17:800    < BTP_MAP_CMD_MSE_MAS_GET_MSG_LISTING (0x29|0x24|0x00)
                  raw data (0): 29 24 00 00 00|
08:30:17:801    > BTP_MAP_CMD_MSE_MAS_GET_MSG_LISTING (0x29|0x24|0x00)
                  raw data (263): 
                  29 24 00 07 01|e0 4e e4 08 dc 1b 00 00 90 fc 00 
                  48 00 fc 22 20 74 79 70 65 3d 22 4d 4d 53 22 20 
                  73 69 7a 65 3d 22 36 32 22 20 72 65 63 65 70 74 
                  69 6f 6e 5f 73 74 61 74 75 73 3d 22 63 6f 6d 70 
                  6c 65 74 65 22 20 61 74 74 61 63 68 6d 65 6e 74 
                  5f 73 69 7a 65 3d 22 30 22 20 70 72 69 6f 72 69 
                  74 79 3d 22 6e 6f 22 20 72 65 61 64 3d 22 79 65 
                  73 22 20 73 65 6e 74 3d 22 6e 6f 22 20 70 72 6f 
                  74 65 63 74 65 64 3d 22 6e 6f 22 20 63 6f 6e 76 
                  65 72 73 61 74 69 6f 6e 5f 6e 61 6d 65 3d 22 43 
                  68 61 74 20 77 69 74 68 20 50 54 53 22 20 64 69 
                  72 65 63 74 69 6f 6e 3d 22 69 6e 63 6f 6d 69 6e 
                  67 22 2f 3e 0d 0a 20 20 3c 6d 73 67 20 68 61 6e 
                  64 6c 65 3d 22 30 30 30 30 30 30 30 30 30 30 30 
                  30 30 30 30 38 22 20 73 75 62 6a 65 63 74 3d 22 
                  54 65 73 74 20 53 4d 53 5f 43 44 4d 41 20 4d 65 
                  73 73 61 67 65 20 38 22 20 64 61 74
08:30:17:863    < BTP_MAP_CMD_MSE_MAS_GET_MSG_LISTING (0x29|0x24|0x00)
                  raw data (0): 29 24 00 00 00|
08:30:17:869    > BTP_MAP_CMD_MSE_MAS_GET_MSG_LISTING (0x29|0x24|0x00)
                  raw data (263): 
                  29 24 00 07 01|e0 4e e4 08 dc 1b 00 00 90 fc 00 
                  48 00 fc 65 74 69 6d 65 3d 22 32 30 31 32 30 35 
                  30 31 54 30 30 30 30 30 30 2b 30 30 30 30 22 20 
                  73 65 6e 64 65 72 5f 6e 61 6d 65 3d 22 50 54 53 
                  22 20 73 65 6e 64 65 72 5f 61 64 64 72 65 73 73 
                  69 6e 67 3d 22 2b 31 32 33 34 35 36 37 38 39 30 
                  22 20 72 65 63 69 70 69 65 6e 74 5f 6e 61 6d 65 
                  3d 22 49 55 54 22 20 72 65 63 69 70 69 65 6e 74 
                  5f 61 64 64 72 65 73 73 69 6e 67 3d 22 2b 39 38 
                  37 36 35 34 33 32 31 30 22 20 74 79 70 65 3d 22 
                  53 4d 53 5f 43 44 4d 41 22 20 73 69 7a 65 3d 22 
                  36 37 22 20 72 65 63 65 70 74 69 6f 6e 5f 73 74 
                  61 74 75 73 3d 22 63 6f 6d 70 6c 65 74 65 22 20 
                  61 74 74 61 63 68 6d 65 6e 74 5f 73 69 7a 65 3d 
                  22 30 22 20 70 72 69 6f 72 69 74 79 3d 22 6e 6f 
                  22 20 72 65 61 64 3d 22 6e 6f 22 20 73 65 6e 74 
                  3d 22 6e 6f 22 20 70 72 6f 74 65 63
08:30:17:930    < BTP_MAP_CMD_MSE_MAS_GET_MSG_LISTING (0x29|0x24|0x00)
                  raw data (0): 29 24 00 00 00|
08:30:17:931    > BTP_MAP_CMD_MSE_MAS_GET_MSG_LISTING (0x29|0x24|0x00)
                  raw data (263): 
                  29 24 00 07 01|e0 4e e4 08 dc 1b 00 00 90 fc 00 
                  48 00 fc 74 65 64 3d 22 6e 6f 22 20 63 6f 6e 76 
                  65 72 73 61 74 69 6f 6e 5f 6e 61 6d 65 3d 22 43 
                  68 61 74 20 77 69 74 68 20 50 54 53 22 20 64 69 
                  72 65 63 74 69 6f 6e 3d 22 69 6e 63 6f 6d 69 6e 
                  67 22 2f 3e 0d 0a 20 20 3c 6d 73 67 20 68 61 6e 
                  64 6c 65 3d 22 30 30 30 30 30 30 30 30 30 30 30 
                  30 30 30 30 37 22 20 73 75 62 6a 65 63 74 3d 22 
                  54 65 73 74 20 53 4d 53 5f 47 53 4d 20 4d 65 73 
                  73 61 67 65 20 37 22 20 64 61 74 65 74 69 6d 65 
                  3d 22 32 30 31 32 30 31 30 31 54 30 30 30 30 30 
                  30 2b 30 30 30 30 22 20 73 65 6e 64 65 72 5f 6e 
                  61 6d 65 3d 22 50 54 53 22 20 73 65 6e 64 65 72 
                  5f 61 64 64 72 65 73 73 69 6e 67 3d 22 2b 31 32 
                  33 34 35 36 37 38 39 30 22 20 72 65 63 69 70 69 
                  65 6e 74 5f 6e 61 6d 65 3d 22 49 55 54 22 20 72 
                  65 63 69 70 69 65 6e 74 5f 61 64 64
08:30:18:011    < BTP_MAP_CMD_MSE_MAS_GET_MSG_LISTING (0x29|0x24|0x00)
                  raw data (0): 29 24 00 00 00|
08:30:18:012    > BTP_MAP_CMD_MSE_MAS_GET_MSG_LISTING (0x29|0x24|0x00)
                  raw data (263): 
                  29 24 00 07 01|e0 4e e4 08 dc 1b 00 00 90 fc 00 
                  48 00 fc 72 65 73 73 69 6e 67 3d 22 2b 39 38 37 
                  36 35 34 33 32 31 30 22 20 74 79 70 65 3d 22 53 
                  4d 53 5f 47 53 4d 22 20 73 69 7a 65 3d 22 36 36 
                  22 20 72 65 63 65 70 74 69 6f 6e 5f 73 74 61 74 
                  75 73 3d 22 63 6f 6d 70 6c 65 74 65 22 20 61 74 
                  74 61 63 68 6d 65 6e 74 5f 73 69 7a 65 3d 22 30 
                  22 20 70 72 69 6f 72 69 74 79 3d 22 6e 6f 22 20 
                  72 65 61 64 3d 22 79 65 73 22 20 73 65 6e 74 3d 
                  22 6e 6f 22 20 70 72 6f 74 65 63 74 65 64 3d 22 
                  6e 6f 22 20 63 6f 6e 76 65 72 73 61 74 69 6f 6e 
                  5f 6e 61 6d 65 3d 22 43 68 61 74 20 77 69 74 68 
                  20 50 54 53 22 20 64 69 72 65 63 74 69 6f 6e 3d 
                  22 69 6e 63 6f 6d 69 6e 67 22 2f 3e 0d 0a 20 20 
                  3c 6d 73 67 20 68 61 6e 64 6c 65 3d 22 30 30 30 
                  30 30 30 30 30 30 30 30 30 30 30 30 36 22 20 73 
                  75 62 6a 65 63 74 3d 22 54 65 73 74
08:30:18:078    < BTP_MAP_CMD_MSE_MAS_GET_MSG_LISTING (0x29|0x24|0x00)
                  raw data (0): 29 24 00 00 00|
08:30:18:100    > BTP_MAP_CMD_MSE_MAS_GET_MSG_LISTING (0x29|0x24|0x00)
                  raw data (263): 
                  29 24 00 07 01|e0 4e e4 08 dc 1b 00 00 90 fc 00 
                  48 00 fc 20 45 4d 41 49 4c 20 4d 65 73 73 61 67 
                  65 20 36 22 20 64 61 74 65 74 69 6d 65 3d 22 32 
                  30 31 31 30 39 30 31 54 30 30 30 30 30 30 2b 30 
                  30 30 30 22 20 73 65 6e 64 65 72 5f 6e 61 6d 65 
                  3d 22 50 54 53 22 20 73 65 6e 64 65 72 5f 61 64 
                  64 72 65 73 73 69 6e 67 3d 22 70 74 73 40 65 78 
                  61 6d 70 6c 65 2e 63 6f 6d 22 20 72 65 63 69 70 
                  69 65 6e 74 5f 6e 61 6d 65 3d 22 49 55 54 22 20 
                  72 65 63 69 70 69 65 6e 74 5f 61 64 64 72 65 73 
                  73 69 6e 67 3d 22 69 75 74 40 65 78 61 6d 70 6c 
                  65 2e 63 6f 6d 22 20 74 79 70 65 3d 22 45 4d 41 
                  49 4c 22 20 73 69 7a 65 3d 22 36 34 22 20 72 65 
                  63 65 70 74 69 6f 6e 5f 73 74 61 74 75 73 3d 22 
                  63 6f 6d 70 6c 65 74 65 22 20 61 74 74 61 63 68 
                  6d 65 6e 74 5f 73 69 7a 65 3d 22 30 22 20 70 72 
                  69 6f 72 69 74 79 3d 22 79 65 73 22
08:30:18:177    < BTP_MAP_CMD_MSE_MAS_GET_MSG_LISTING (0x29|0x24|0x00)
                  raw data (0): 29 24 00 00 00|
08:30:18:178    > BTP_MAP_CMD_MSE_MAS_GET_MSG_LISTING (0x29|0x24|0x00)
                  raw data (263): 
                  29 24 00 07 01|e0 4e e4 08 dc 1b 00 00 90 fc 00 
                  48 00 fc 20 72 65 61 64 3d 22 6e 6f 22 20 73 65 
                  6e 74 3d 22 6e 6f 22 20 70 72 6f 74 65 63 74 65 
                  64 3d 22 6e 6f 22 20 63 6f 6e 76 65 72 73 61 74 
                  69 6f 6e 5f 6e 61 6d 65 3d 22 43 68 61 74 20 77 
                  69 74 68 20 50 54 53 22 20 64 69 72 65 63 74 69 
                  6f 6e 3d 22 69 6e 63 6f 6d 69 6e 67 22 2f 3e 0d 
                  0a 20 20 3c 6d 73 67 20 68 61 6e 64 6c 65 3d 22 
                  30 30 30 30 30 30 30 30 30 30 30 30 30 30 30 35 
                  22 20 73 75 62 6a 65 63 74 3d 22 54 65 73 74 20 
                  49 4d 20 4d 65 73 73 61 67 65 20 35 22 20 64 61 
                  74 65 74 69 6d 65 3d 22 32 30 31 31 30 35 30 31 
                  54 30 30 30 30 30 30 2b 30 30 30 30 22 20 73 65 
                  6e 64 65 72 5f 6e 61 6d 65 3d 22 50 54 53 22 20 
                  73 65 6e 64 65 72 5f 61 64 64 72 65 73 73 69 6e 
                  67 3d 22 69 6d 3a 70 74 73 40 65 78 61 6d 70 6c 
                  65 2e 63 6f 6d 22 20 72 65 63 69 70
08:30:18:255    < BTP_MAP_CMD_MSE_MAS_GET_MSG_LISTING (0x29|0x24|0x00)
                  raw data (0): 29 24 00 00 00|
08:30:18:256    > BTP_MAP_CMD_MSE_MAS_GET_MSG_LISTING (0x29|0x24|0x00)
                  raw data (263): 
                  29 24 00 07 01|e0 4e e4 08 dc 1b 00 00 90 fc 00 
                  48 00 fc 69 65 6e 74 5f 6e 61 6d 65 3d 22 49 55 
                  54 22 20 72 65 63 69 70 69 65 6e 74 5f 61 64 64 
                  72 65 73 73 69 6e 67 3d 22 69 6d 3a 69 75 74 40 
                  65 78 61 6d 70 6c 65 2e 63 6f 6d 22 20 74 79 70 
                  65 3d 22 49 4d 22 20 73 69 7a 65 3d 22 36 31 22 
                  20 72 65 63 65 70 74 69 6f 6e 5f 73 74 61 74 75 
                  73 3d 22 63 6f 6d 70 6c 65 74 65 22 20 61 74 74 
                  61 63 68 6d 65 6e 74 5f 73 69 7a 65 3d 22 30 22 
                  20 70 72 69 6f 72 69 74 79 3d 22 6e 6f 22 20 72 
                  65 61 64 3d 22 79 65 73 22 20 73 65 6e 74 3d 22 
                  6e 6f 22 20 70 72 6f 74 65 63 74 65 64 3d 22 6e 
                  6f 22 20 63 6f 6e 76 65 72 73 61 74 69 6f 6e 5f 
                  69 64 3d 22 30 30 30 30 30 30 30 30 30 30 30 30 
                  30 30 30 31 22 20 63 6f 6e 76 65 72 73 61 74 69 
                  6f 6e 5f 6e 61 6d 65 3d 22 43 68 61 74 20 77 69 
                  74 68 20 50 54 53 22 20 64 69 72 65
08:30:18:321    < BTP_MAP_CMD_MSE_MAS_GET_MSG_LISTING (0x29|0x24|0x00)
                  raw data (0): 29 24 00 00 00|
08:30:18:322    > BTP_MAP_CMD_MSE_MAS_GET_MSG_LISTING (0x29|0x24|0x00)
                  raw data (263): 
                  29 24 00 07 01|e0 4e e4 08 dc 1b 00 00 90 fc 00 
                  48 00 fc 63 74 69 6f 6e 3d 22 69 6e 63 6f 6d 69 
                  6e 67 22 2f 3e 0d 0a 20 20 3c 6d 73 67 20 68 61 
                  6e 64 6c 65 3d 22 30 30 30 30 30 30 30 30 30 30 
                  30 30 30 30 30 34 22 20 73 75 62 6a 65 63 74 3d 
                  22 54 65 73 74 20 4d 4d 53 20 4d 65 73 73 61 67 
                  65 20 34 22 20 64 61 74 65 74 69 6d 65 3d 22 32 
                  30 31 31 30 31 30 31 54 30 30 30 30 30 30 2b 30 
                  30 30 30 22 20 73 65 6e 64 65 72 5f 6e 61 6d 65 
                  3d 22 50 54 53 22 20 73 65 6e 64 65 72 5f 61 64 
                  64 72 65 73 73 69 6e 67 3d 22 2b 31 32 33 34 35 
                  36 37 38 39 30 22 20 72 65 63 69 70 69 65 6e 74 
                  5f 6e 61 6d 65 3d 22 49 55 54 22 20 72 65 63 69 
                  70 69 65 6e 74 5f 61 64 64 72 65 73 73 69 6e 67 
                  3d 22 2b 39 38 37 36 35 34 33 32 31 30 22 20 74 
                  79 70 65 3d 22 4d 4d 53 22 20 73 69 7a 65 3d 22 
                  36 32 22 20 72 65 63 65 70 74 69 6f
08:30:18:419    < BTP_MAP_CMD_MSE_MAS_GET_MSG_LISTING (0x29|0x24|0x00)
                  raw data (0): 29 24 00 00 00|
08:30:18:420    > BTP_MAP_CMD_MSE_MAS_GET_MSG_LISTING (0x29|0x24|0x00)
                  raw data (263): 
                  29 24 00 07 01|e0 4e e4 08 dc 1b 00 00 90 fc 00 
                  48 00 fc 6e 5f 73 74 61 74 75 73 3d 22 63 6f 6d 
                  70 6c 65 74 65 22 20 61 74 74 61 63 68 6d 65 6e 
                  74 5f 73 69 7a 65 3d 22 30 22 20 70 72 69 6f 72 
                  69 74 79 3d 22 6e 6f 22 20 72 65 61 64 3d 22 6e 
                  6f 22 20 73 65 6e 74 3d 22 6e 6f 22 20 70 72 6f 
                  74 65 63 74 65 64 3d 22 6e 6f 22 20 63 6f 6e 76 
                  65 72 73 61 74 69 6f 6e 5f 6e 61 6d 65 3d 22 43 
                  68 61 74 20 77 69 74 68 20 50 54 53 22 20 64 69 
                  72 65 63 74 69 6f 6e 3d 22 69 6e 63 6f 6d 69 6e 
                  67 22 2f 3e 0d 0a 20 20 3c 6d 73 67 20 68 61 6e 
                  64 6c 65 3d 22 30 30 30 30 30 30 30 30 30 30 30 
                  30 30 30 30 33 22 20 73 75 62 6a 65 63 74 3d 22 
                  54 65 73 74 20 53 4d 53 5f 43 44 4d 41 20 4d 65 
                  73 73 61 67 65 20 33 22 20 64 61 74 65 74 69 6d 
                  65 3d 22 32 30 31 30 30 39 30 31 54 30 30 30 30 
                  30 30 2b 30 30 30 30 22 20 73 65 6e
08:30:18:504    < BTP_MAP_CMD_MSE_MAS_GET_MSG_LISTING (0x29|0x24|0x00)
                  raw data (0): 29 24 00 00 00|
08:30:18:506    > BTP_MAP_CMD_MSE_MAS_GET_MSG_LISTING (0x29|0x24|0x00)
                  raw data (263): 
                  29 24 00 07 01|e0 4e e4 08 dc 1b 00 00 90 fc 00 
                  48 00 fc 64 65 72 5f 6e 61 6d 65 3d 22 50 54 53 
                  22 20 73 65 6e 64 65 72 5f 61 64 64 72 65 73 73 
                  69 6e 67 3d 22 2b 31 32 33 34 35 36 37 38 39 30 
                  22 20 72 65 63 69 70 69 65 6e 74 5f 6e 61 6d 65 
                  3d 22 49 55 54 22 20 72 65 63 69 70 69 65 6e 74 
                  5f 61 64 64 72 65 73 73 69 6e 67 3d 22 2b 39 38 
                  37 36 35 34 33 32 31 30 22 20 74 79 70 65 3d 22 
                  53 4d 53 5f 43 44 4d 41 22 20 73 69 7a 65 3d 22 
                  36 37 22 20 72 65 63 65 70 74 69 6f 6e 5f 73 74 
                  61 74 75 73 3d 22 63 6f 6d 70 6c 65 74 65 22 20 
                  61 74 74 61 63 68 6d 65 6e 74 5f 73 69 7a 65 3d 
                  22 30 22 20 70 72 69 6f 72 69 74 79 3d 22 6e 6f 
                  22 20 72 65 61 64 3d 22 79 65 73 22 20 73 65 6e 
                  74 3d 22 6e 6f 22 20 70 72 6f 74 65 63 74 65 64 
                  3d 22 6e 6f 22 20 63 6f 6e 76 65 72 73 61 74 69 
                  6f 6e 5f 6e 61 6d 65 3d 22 43 68 61
08:30:18:569    < BTP_MAP_CMD_MSE_MAS_GET_MSG_LISTING (0x29|0x24|0x00)
                  raw data (0): 29 24 00 00 00|
08:30:18:574    > BTP_MAP_CMD_MSE_MAS_GET_MSG_LISTING (0x29|0x24|0x00)
                  raw data (263): 
                  29 24 00 07 01|e0 4e e4 08 dc 1b 00 00 90 fc 00 
                  48 00 fc 74 20 77 69 74 68 20 50 54 53 22 20 64 
                  69 72 65 63 74 69 6f 6e 3d 22 69 6e 63 6f 6d 69 
                  6e 67 22 2f 3e 0d 0a 20 20 3c 6d 73 67 20 68 61 
                  6e 64 6c 65 3d 22 30 30 30 30 30 30 30 30 30 30 
                  30 30 30 30 30 32 22 20 73 75 62 6a 65 63 74 3d 
                  22 54 65 73 74 20 53 4d 53 5f 47 53 4d 20 4d 65 
                  73 73 61 67 65 20 32 22 20 64 61 74 65 74 69 6d 
                  65 3d 22 32 30 31 30 30 35 30 31 54 30 30 30 30 
                  30 30 2b 30 30 30 30 22 20 73 65 6e 64 65 72 5f 
                  6e 61 6d 65 3d 22 50 54 53 22 20 73 65 6e 64 65 
                  72 5f 61 64 64 72 65 73 73 69 6e 67 3d 22 2b 31 
                  32 33 34 35 36 37 38 39 30 22 20 72 65 63 69 70 
                  69 65 6e 74 5f 6e 61 6d 65 3d 22 49 55 54 22 20 
                  72 65 63 69 70 69 65 6e 74 5f 61 64 64 72 65 73 
                  73 69 6e 67 3d 22 2b 39 38 37 36 35 34 33 32 31 
                  30 22 20 74 79 70 65 3d 22 53 4d 53
08:30:18:626    < BTP_MAP_CMD_MSE_MAS_GET_MSG_LISTING (0x29|0x24|0x00)
                  raw data (0): 29 24 00 00 00|
08:30:18:627    > BTP_MAP_CMD_MSE_MAS_GET_MSG_LISTING (0x29|0x24|0x00)
                  raw data (263): 
                  29 24 00 07 01|e0 4e e4 08 dc 1b 00 00 90 fc 00 
                  48 00 fc 5f 47 53 4d 22 20 73 69 7a 65 3d 22 36 
                  36 22 20 72 65 63 65 70 74 69 6f 6e 5f 73 74 61 
                  74 75 73 3d 22 63 6f 6d 70 6c 65 74 65 22 20 61 
                  74 74 61 63 68 6d 65 6e 74 5f 73 69 7a 65 3d 22 
                  30 22 20 70 72 69 6f 72 69 74 79 3d 22 6e 6f 22 
                  20 72 65 61 64 3d 22 6e 6f 22 20 73 65 6e 74 3d 
                  22 6e 6f 22 20 70 72 6f 74 65 63 74 65 64 3d 22 
                  6e 6f 22 20 63 6f 6e 76 65 72 73 61 74 69 6f 6e 
                  5f 6e 61 6d 65 3d 22 43 68 61 74 20 77 69 74 68 
                  20 50 54 53 22 20 64 69 72 65 63 74 69 6f 6e 3d 
                  22 69 6e 63 6f 6d 69 6e 67 22 2f 3e 0d 0a 20 20 
                  3c 6d 73 67 20 68 61 6e 64 6c 65 3d 22 30 30 30 
                  30 30 30 30 30 30 30 30 30 30 30 30 31 22 20 73 
                  75 62 6a 65 63 74 3d 22 54 65 73 74 20 45 4d 41 
                  49 4c 20 4d 65 73 73 61 67 65 20 31 22 20 64 61 
                  74 65 74 69 6d 65 3d 22 32 30 31 30
08:30:18:688    < BTP_MAP_CMD_MSE_MAS_GET_MSG_LISTING (0x29|0x24|0x00)
                  raw data (0): 29 24 00 00 00|
08:30:18:701    > BTP_MAP_CMD_MSE_MAS_GET_MSG_LISTING (0x29|0x24|0x00)
                  raw data (263): 
                  29 24 00 07 01|e0 4e e4 08 dc 1b 00 00 90 fc 00 
                  48 00 fc 30 31 30 31 54 30 30 30 30 30 30 2b 30 
                  30 30 30 22 20 73 65 6e 64 65 72 5f 6e 61 6d 65 
                  3d 22 50 54 53 22 20 73 65 6e 64 65 72 5f 61 64 
                  64 72 65 73 73 69 6e 67 3d 22 70 74 73 40 65 78 
                  61 6d 70 6c 65 2e 63 6f 6d 22 20 72 65 63 69 70 
                  69 65 6e 74 5f 6e 61 6d 65 3d 22 49 55 54 22 20 
                  72 65 63 69 70 69 65 6e 74 5f 61 64 64 72 65 73 
                  73 69 6e 67 3d 22 69 75 74 40 65 78 61 6d 70 6c 
                  65 2e 63 6f 6d 22 20 74 79 70 65 3d 22 45 4d 41 
                  49 4c 22 20 73 69 7a 65 3d 22 36 34 22 20 72 65 
                  63 65 70 74 69 6f 6e 5f 73 74 61 74 75 73 3d 22 
                  63 6f 6d 70 6c 65 74 65 22 20 61 74 74 61 63 68 
                  6d 65 6e 74 5f 73 69 7a 65 3d 22 30 22 20 70 72 
                  69 6f 72 69 74 79 3d 22 79 65 73 22 20 72 65 61 
                  64 3d 22 79 65 73 22 20 73 65 6e 74 3d 22 6e 6f 
                  22 20 70 72 6f 74 65 63 74 65 64 3d
08:30:18:760    < BTP_MAP_CMD_MSE_MAS_GET_MSG_LISTING (0x29|0x24|0x00)
                  raw data (0): 29 24 00 00 00|
08:30:18:761    > BTP_MAP_CMD_MSE_MAS_GET_MSG_LISTING (0x29|0x24|0x00)
                  raw data (95): 
                  29 24 00 5f 00|e0 4e e4 08 dc 1b 00 00 a0 54 00 
                  49 00 54 22 6e 6f 22 20 63 6f 6e 76 65 72 73 61 
                  74 69 6f 6e 5f 6e 61 6d 65 3d 22 43 68 61 74 20 
                  77 69 74 68 20 50 54 53 22 20 64 69 72 65 63 74 
                  69 6f 6e 3d 22 69 6e 63 6f 6d 69 6e 67 22 2f 3e 
                  0d 0a 3c 2f 4d 41 50 2d 6d 73 67 2d 6c 69 73 74 
                  69 6e 67 3e
08:30:18:809    < BTP_MAP_CMD_MSE_MAS_GET_MSG_LISTING (0x29|0x24|0x00)
                  raw data (0): 29 24 00 00 00|
08:30:18:826    < BTP_MAP_EV_MSE_MAS_GET_MSG (0x29|0xa7|0x00)
                  raw data (80): 
                  29 a7 00 50 00|e0 4e e4 08 dc 1b 00 00 01 45 00 
                  01 00 25 00 30 00 30 00 30 00 30 00 30 00 30 00 
                  30 00 30 00 30 00 30 00 30 00 30 00 30 00 30 00 
                  30 00 39 00 00 42 00 10 78 2d 62 74 2f 6d 65 73 
                  73 61 67 65 00 4c 00 09 0a 01 00 14 01 01 97 01 
                  cb 00 00 00 04
08:30:18:828    > BTP_MAP_CMD_MSE_MAS_GET_MSG (0x29|0x25|0x00)
                  raw data (263): 
                  29 25 00 07 01|e0 4e e4 08 dc 1b 00 00 90 fc 00 
                  97 01 48 00 fa 42 45 47 49 4e 3a 42 4d 53 47 0d 
                  0a 56 45 52 53 49 4f 4e 3a 31 2e 31 0d 0a 53 54 
                  41 54 55 53 3a 52 45 41 44 0d 0a 54 59 50 45 3a 
                  4d 4d 53 0d 0a 46 4f 4c 44 45 52 3a 54 45 4c 45 
                  43 4f 4d 2f 4d 53 47 2f 49 4e 42 4f 58 0d 0a 42 
                  45 47 49 4e 3a 56 43 41 52 44 0d 0a 56 45 52 53 
                  49 4f 4e 3a 32 2e 31 0d 0a 4e 3a 50 54 53 0d 0a 
                  54 45 4c 3a 2b 31 32 33 34 35 36 37 38 39 30 0d 
                  0a 45 4e 44 3a 56 43 41 52 44 0d 0a 42 45 47 49 
                  4e 3a 42 45 4e 56 0d 0a 42 45 47 49 4e 3a 56 43 
                  41 52 44 0d 0a 56 45 52 53 49 4f 4e 3a 32 2e 31 
                  0d 0a 4e 3a 49 55 54 0d 0a 54 45 4c 3a 2b 39 38 
                  37 36 35 34 33 32 31 30 0d 0a 45 4e 44 3a 56 43 
                  41 52 44 0d 0a 42 45 47 49 4e 3a 42 42 4f 44 59 
                  0d 0a 43 48 41 52 53 45 54 3a 55 54 46 2d 38 0d 
                  0a 4c 41 4e 47 55 41 47 45 3a 55 4e
08:30:18:896    < BTP_MAP_CMD_MSE_MAS_GET_MSG (0x29|0x25|0x00)
                  raw data (0): 29 25 00 00 00|
08:30:18:897    > BTP_MAP_CMD_MSE_MAS_GET_MSG (0x29|0x25|0x00)
                  raw data (147): 
                  29 25 00 93 00|e0 4e e4 08 dc 1b 00 00 a0 88 00 
                  49 00 88 4b 4e 4f 57 4e 0d 0a 4c 45 4e 47 54 48 
                  3a 38 34 0d 0a 42 45 47 49 4e 3a 4d 53 47 0d 0a 
                  54 68 69 73 20 69 73 20 74 65 73 74 20 4d 4d 53 
                  20 6d 65 73 73 61 67 65 20 6e 75 6d 62 65 72 20 
                  39 2e 20 4c 6f 72 65 6d 20 69 70 73 75 6d 20 64 
                  6f 6c 6f 72 20 73 69 74 20 61 6d 65 74 2e 0d 0a 
                  45 4e 44 3a 4d 53 47 0d 0a 45 4e 44 3a 42 42 4f 
                  44 59 0d 0a 45 4e 44 3a 42 45 4e 56 0d 0a 45 4e 
                  44 3a 42 4d 53 47 0d 0a
08:30:18:954    < BTP_MAP_CMD_MSE_MAS_GET_MSG (0x29|0x25|0x00)
                  raw data (0): 29 25 00 00 00|
08:30:18:977    < BTP_MAP_EV_MSE_MAS_DISCONNECT (0x29|0xa1|0x00)
                  raw data (15): 
                  29 a1 00 0f 00|e0 4e e4 08 dc 1b 00 00 05 00 cb 
                  00 00 00 04
08:30:18:978    > BTP_MAP_CMD_MSE_MAS_DISCONNECT (0x29|0x1f|0x00)
                  raw data (9): 29 1f 00 09 00|e0 4e e4 08 dc 1b 00 00 a0
08:30:19:014    < BTP_MAP_CMD_MSE_MAS_DISCONNECT (0x29|0x1f|0x00)
                  raw data (0): 29 1f 00 00 00|
08:30:19:021    < BTP_MAP_EV_MSE_MAS_L2CAP_DISCONNECTED (0x29|0x9f|0x00)
                  raw data (8): 29 9f 00 08 00|e0 4e e4 08 dc 1b 00 00
08:30:19:022    < BTP_GAP_EV_DEVICE_DISCONNECTED (0x01|0x83|0x00)
                  raw data (7): 01 83 00 07 00|e0 4e e4 08 dc 1b 00
08:30:22:623    < BTP_CORE_EV_IUT_READY (0x00|0x80|0xff)
                  raw data (0): 00 80 ff 00 00|
