2026-10-09 00:48:41,001 LT1-thread root DEBUG client.py                 1099  _run_test_case            : Starting TestCase _run_test_case GAP GAP/ADV/BV-12-C
2026-10-09 00:48:41,002 LT1-thread root DEBUG testcase.py               727   pre_run                   : pre_run GAP GAP/ADV/BV-12-C
2026-10-09 00:48:41,002 LT1-thread root DEBUG testcase.py               729   pre_run                   : About to run test case GAP GAP/ADV/BV-12-C with commands:
2026-10-09 00:48:41,002 LT1-thread root DEBUG testcase.py               731   pre_run                   : 0) class=<class 'autopts.ptsprojects.testcase.TestFunc'>, func=<bound method ZTestCase._test_case_start of <autopts.ptsprojects.zephyr.ztestcase.ZTestCase object at 0x000002C687AB99A0>> start_wid=None stop_wid=None post_wid=None skip_call=None call_count=0 args=() kwds={}
2026-10-09 00:48:41,002 LT1-thread root DEBUG testcase.py               731   pre_run                   : 1) class=<class 'autopts.ptsprojects.testcase.TestFunc'>, func=<function core_reg_svc_gap at 0x000002C684E2E160> start_wid=None stop_wid=None post_wid=None skip_call=None call_count=172 args=() kwds={}
2026-10-09 00:48:41,002 LT1-thread root DEBUG testcase.py               731   pre_run                   : 2) class=<class 'autopts.ptsprojects.testcase.TestFunc'>, func=<bound method Stack.gap_init of <autopts.ptsprojects.stack.stack.Stack object at 0x000002C6862F6F00>> start_wid=None stop_wid=None post_wid=None skip_call=None call_count=172 args=(b'Tester_08E44E', 'ABCD', '1111', '1111', '11', '1111', b'\x17github.com/auto-pts', (8, 'PADV_Tester'), 'FF') kwds={}
2026-10-09 00:48:41,002 LT1-thread root DEBUG testcase.py               731   pre_run                   : 3) class=<class 'autopts.ptsprojects.testcase.TestFunc'>, func=<function gap_read_controller_info at 0x000002C684E6EB60> start_wid=None stop_wid=None post_wid=None skip_call=None call_count=172 args=() kwds={}
2026-10-09 00:48:41,003 LT1-thread root DEBUG testcase.py               731   pre_run                   : 4) class=<class 'autopts.ptsprojects.testcase.TestFunc'>, func=<function test_cases.<locals>.<lambda> at 0x000002C687A6FA60> start_wid=None stop_wid=None post_wid=None skip_call=None call_count=172 args=() kwds={}
2026-10-09 00:48:41,003 LT1-thread root DEBUG testcase.py               731   pre_run                   : 5) class=<class 'autopts.ptsprojects.testcase.TestFunc'>, func=<function test_cases.<locals>.<lambda> at 0x000002C687A6F920> start_wid=None stop_wid=None post_wid=None skip_call=None call_count=172 args=() kwds={}
2026-10-09 00:48:41,003 LT1-thread root DEBUG testcase.py               731   pre_run                   : 6) class=<class 'autopts.ptsprojects.testcase.TestFunc'>, func=<function test_cases.<locals>.<lambda> at 0x000002C687ABC2C0> start_wid=None stop_wid=None post_wid=None skip_call=None call_count=172 args=() kwds={}
2026-10-09 00:48:41,003 LT1-thread root DEBUG testcase.py               731   pre_run                   : 7) class=<class 'autopts.ptsprojects.testcase.TestFunc'>, func=<function test_cases.<locals>.<lambda> at 0x000002C687ABC400> start_wid=None stop_wid=None post_wid=None skip_call=None call_count=172 args=() kwds={}
2026-10-09 00:48:41,003 LT1-thread root DEBUG testcase.py               731   pre_run                   : 8) class=<class 'autopts.ptsprojects.testcase.TestFunc'>, func=<function test_cases.<locals>.<lambda> at 0x000002C687ABC360> start_wid=None stop_wid=None post_wid=None skip_call=None call_count=172 args=() kwds={}
2026-10-09 00:48:41,003 LT1-thread root DEBUG testcase.py               731   pre_run                   : 9) class=<class 'autopts.ptsprojects.testcase.TestFunc'>, func=<function test_cases.<locals>.<lambda> at 0x000002C687ABC4A0> start_wid=None stop_wid=None post_wid=None skip_call=None call_count=172 args=() kwds={}
2026-10-09 00:48:41,003 LT1-thread root DEBUG testcase.py               731   pre_run                   : 10) class=<class 'autopts.ptsprojects.testcase.TestFunc'>, func=<function test_cases.<locals>.<lambda> at 0x000002C687ABC540> start_wid=None stop_wid=None post_wid=None skip_call=None call_count=172 args=() kwds={}
2026-10-09 00:48:41,003 LT1-thread root DEBUG testcase.py               731   pre_run                   : 11) class=<class 'autopts.ptsprojects.testcase.TestFunc'>, func=<function test_cases.<locals>.<lambda> at 0x000002C687ABC5E0> start_wid=None stop_wid=None post_wid=None skip_call=None call_count=172 args=() kwds={}
2026-10-09 00:48:41,003 LT1-thread root DEBUG testcase.py               731   pre_run                   : 12) class=<class 'autopts.ptsprojects.testcase.TestFunc'>, func=<function test_cases.<locals>.<lambda> at 0x000002C687ABC680> start_wid=None stop_wid=None post_wid=None skip_call=None call_count=172 args=() kwds={}
2026-10-09 00:48:41,003 LT1-thread root DEBUG testcase.py               731   pre_run                   : 13) class=<class 'autopts.ptsprojects.testcase.TestFunc'>, func=<function test_cases.<locals>.<lambda> at 0x000002C687ABC720> start_wid=None stop_wid=None post_wid=None skip_call=None call_count=172 args=() kwds={}
2026-10-09 00:48:41,003 LT1-thread root DEBUG testcase.py               731   pre_run                   : 14) class=<class 'autopts.ptsprojects.testcase.TestFunc'>, func=<function core_reg_svc_gatt at 0x000002C684E2E2A0> start_wid=None stop_wid=None post_wid=None skip_call=None call_count=172 args=() kwds={}
2026-10-09 00:48:41,003 LT1-thread root DEBUG testcase.py               731   pre_run                   : 15) class=<class 'autopts.ptsprojects.testcase.TestFunc'>, func=<bound method Stack.gatt_init of <autopts.ptsprojects.stack.stack.Stack object at 0x000002C6862F6F00>> start_wid=None stop_wid=None post_wid=None skip_call=None call_count=172 args=() kwds={}
2026-10-09 00:48:41,003 LT1-thread root DEBUG testcase.py               731   pre_run                   : 16) class=<class 'autopts.ptsprojects.testcase.TestFunc'>, func=<function gap_set_io_capability at 0x000002C684E6E020> start_wid=None stop_wid=None post_wid=None skip_call=None call_count=172 args=(4,) kwds={}
2026-10-09 00:48:41,003 LT1-thread root DEBUG testcase.py               731   pre_run                   : 17) class=<class 'autopts.ptsprojects.testcase.TestFunc'>, func=<function gap_set_broadcast_code at 0x000002C684E74220> start_wid=None stop_wid=None post_wid=None skip_call=None call_count=172 args=('0102680553F1415AA265BBAFC6EA03B8',) kwds={}
2026-10-09 00:48:41,004 LT1-thread root DEBUG testcase.py               731   pre_run                   : 18) class=<class 'autopts.ptsprojects.testcase.TestFunc'>, func=<function set_pts_addr at 0x000002C684E2DD00> start_wid=None stop_wid=None post_wid=None skip_call=None call_count=172 args=('00:1B:DC:08:E4:4E', 0) kwds={}
2026-10-09 00:48:41,004 LT1-thread root DEBUG testcase.py               731   pre_run                   : 19) class=<class 'autopts.ptsprojects.testcase.TestFunc'>, func=<function gatts_add_svc at 0x000002C684E85940> start_wid=None stop_wid=None post_wid=None skip_call=None call_count=133 args=(0, 'AA51') kwds={}
2026-10-09 00:48:41,004 LT1-thread root DEBUG testcase.py               731   pre_run                   : 20) class=<class 'autopts.ptsprojects.testcase.TestFunc'>, func=<function gatts_add_char at 0x000002C684E85A80> start_wid=None stop_wid=None post_wid=None skip_call=None call_count=133 args=(0, 2, 17, 'AA52') kwds={}
2026-10-09 00:48:41,004 LT1-thread root DEBUG testcase.py               731   pre_run                   : 21) class=<class 'autopts.ptsprojects.testcase.TestFunc'>, func=<function gatts_set_val at 0x000002C684E85B20> start_wid=None stop_wid=None post_wid=None skip_call=None call_count=133 args=(0, '01') kwds={}
2026-10-09 00:48:41,004 LT1-thread root DEBUG testcase.py               731   pre_run                   : 22) class=<class 'autopts.ptsprojects.testcase.TestFunc'>, func=<function gatts_add_char at 0x000002C684E85A80> start_wid=None stop_wid=None post_wid=None skip_call=None call_count=133 args=(0, 2, 5, 'AA53') kwds={}
2026-10-09 00:48:41,004 LT1-thread root DEBUG testcase.py               731   pre_run                   : 23) class=<class 'autopts.ptsprojects.testcase.TestFunc'>, func=<function gatts_set_val at 0x000002C684E85B20> start_wid=None stop_wid=None post_wid=None skip_call=None call_count=133 args=(0, '02') kwds={}
2026-10-09 00:48:41,004 LT1-thread root DEBUG testcase.py               731   pre_run                   : 24) class=<class 'autopts.ptsprojects.testcase.TestFunc'>, func=<function gatts_add_char at 0x000002C684E85A80> start_wid=None stop_wid=None post_wid=None skip_call=None call_count=133 args=(0, 10, 48, 'AA55') kwds={}
2026-10-09 00:48:41,004 LT1-thread root DEBUG testcase.py               731   pre_run                   : 25) class=<class 'autopts.ptsprojects.testcase.TestFunc'>, func=<function gatts_set_val at 0x000002C684E85B20> start_wid=None stop_wid=None post_wid=None skip_call=None call_count=133 args=(0, '04') kwds={}
2026-10-09 00:48:41,004 LT1-thread root DEBUG testcase.py               731   pre_run                   : 26) class=<class 'autopts.ptsprojects.testcase.TestFunc'>, func=<function gatts_start_server at 0x000002C684E85DA0> start_wid=None stop_wid=None post_wid=None skip_call=None call_count=133 args=() kwds={}
2026-10-09 00:48:41,004 LT1-thread root DEBUG testcase.py               731   pre_run                   : 27) class=<class 'autopts.ptsprojects.testcase.TestFuncCleanUp'>, func=<bound method ZTestCase._test_case_cleanup of <autopts.ptsprojects.zephyr.ztestcase.ZTestCase object at 0x000002C687AB99A0>> start_wid=None stop_wid=None post_wid=None skip_call=None call_count=0 args=() kwds={}
2026-10-09 00:48:41,004 LT1-thread root DEBUG testcase.py               738   pre_run                   : pre_run, run pre test case script
2026-10-09 00:48:41,012 LT1-thread root DEBUG testcase.py               254   start                     : Starting test function: class=<class 'autopts.ptsprojects.testcase.TestFunc'>, func=<bound method ZTestCase._test_case_start of <autopts.ptsprojects.zephyr.ztestcase.ZTestCase object at 0x000002C687AB99A0>> start_wid=None stop_wid=None post_wid=None skip_call=None call_count=1 args=() kwds={}
2026-10-09 00:48:41,012 LT1-thread root DEBUG testcase.py               266   start                     : Test function parameters: args=(), kwds={}
2026-10-09 00:48:41,012 LT1-thread root DEBUG iutctl.py                 172   start                     : <class 'autopts.ptsprojects.zephyr.iutctl.create_zephyr_ctl_class.<locals>.ZephyrCtl'>.start
2026-10-09 00:48:41,012 LT1-thread root DEBUG iutctl.py                 325   flush_serial              : <class 'autopts.ptsprojects.zephyr.iutctl.create_zephyr_ctl_class.<locals>.ZephyrCtl'>.flush_serial
2026-10-09 00:48:42,187 LT1-thread root DEBUG iutctl.py                 249   _start_tty_mode           : Starting socat process: socat.exe -x -v tcp:10.17.12.9:54846,retry=100,interval=1 /dev/ttyS2,raw,b115200,
2026-10-09 00:48:42,194 LT1-thread root DEBUG iutctl_common.py          402   accept                    : 
2026-10-09 00:48:42,267 BTPWorkerThread-12361 (_rx_task) root DEBUG iutctl_common.py          299   _rx_task                  : BTPWorkerThread-12361 (_rx_task) started
2026-10-09 00:48:42,268 LT1-thread root DEBUG iutctl.py                 395   wait_iut_ready_event      : IUT ready event received OK
2026-10-09 00:48:42,268 LT1-thread root DEBUG btp.py                    51    read_supp_svcs            : 
2026-10-09 00:48:42,268 LT1-thread root DEBUG iutctl_common.py          161   send                      : 0 2 255 ''
2026-10-09 00:48:42,268 LT1-thread root DEBUG iutctl_common.py          166   send                      : sending frame '0002ff0000'
2026-10-09 00:48:42,269 LT1-thread root DEBUG iutctl_common.py          339   read                      : 
2026-10-09 00:48:42,279 BTPWorkerThread-12361 (_rx_task) root DEBUG iutctl_common.py          123   read                      : Read 5 bytes
2026-10-09 00:48:42,279 BTPWorkerThread-12361 (_rx_task) root DEBUG iutctl_common.py          131   read                      : Received: hdr: Header(svc_id=0x00, op=0x02, ctrl_index=0xff, data_len=0x06) bytearray(b'\x00\x02\xff\x06\x00')
2026-10-09 00:48:42,284 BTPWorkerThread-12361 (_rx_task) root DEBUG iutctl_common.py          139   read                      : Read 2 bytes data
2026-10-09 00:48:42,291 BTPWorkerThread-12361 (_rx_task) root DEBUG iutctl_common.py          139   read                      : Read 4 bytes data
2026-10-09 00:48:42,297 BTPWorkerThread-12361 (_rx_task) root DEBUG iutctl_common.py          154   read                      : Received data: {'0f 00 00 a0 ff 03'}, bytearray(b'\x0f\x00\x00\xa0\xff\x03')
2026-10-09 00:48:42,297 LT1-thread root DEBUG btp.py                    62    read_supp_svcs            : received Header(svc_id=0, op=2, ctrl_index=255, data_len=6) (b'\x0f\x00\x00\xa0\xff\x03',)
2026-10-09 00:48:42,297 LT1-thread root DEBUG testcase.py               254   start                     : Starting test function: class=<class 'autopts.ptsprojects.testcase.TestFunc'>, func=<function core_reg_svc_gap at 0x000002C684E2E160> start_wid=None stop_wid=None post_wid=None skip_call=None call_count=173 args=() kwds={}
2026-10-09 00:48:42,297 LT1-thread root DEBUG testcase.py               266   start                     : Test function parameters: args=(), kwds={}
2026-10-09 00:48:42,298 LT1-thread root DEBUG btp.py                    117   core_reg_svc_univ         : core_reg_svc_univ: gap_reg (GAP)
2026-10-09 00:48:42,298 LT1-thread root DEBUG iutctl_common.py          161   send                      : 0 3 255 '1'
2026-10-09 00:48:42,298 LT1-thread root DEBUG iutctl_common.py          166   send                      : sending frame '0003ff010001'
2026-10-09 00:48:42,298 LT1-thread root DEBUG btp.py                    654   core_reg_svc_rsp_succ     : 
2026-10-09 00:48:42,298 LT1-thread root DEBUG iutctl_common.py          339   read                      : 
2026-10-09 00:48:46,409 BTPWorkerThread-12361 (_rx_task) root DEBUG iutctl_common.py          123   read                      : Read 5 bytes
2026-10-09 00:48:46,421 BTPWorkerThread-12361 (_rx_task) root DEBUG iutctl_common.py          131   read                      : Received: hdr: Header(svc_id=0x00, op=0x03, ctrl_index=0xff, data_len=0x00) bytearray(b'\x00\x03\xff\x00\x00')
2026-10-09 00:48:46,426 BTPWorkerThread-12361 (_rx_task) root DEBUG iutctl_common.py          154   read                      : Received data: {''}, bytearray(b'')
2026-10-09 00:48:46,431 LT1-thread root DEBUG btp.py                    665   core_reg_svc_rsp_succ     : received Header(svc_id=0, op=3, ctrl_index=255, data_len=0) (b'',)
2026-10-09 00:48:46,431 LT1-thread root DEBUG btp.py                    666   core_reg_svc_rsp_succ     : expected ((0, 3, 255, 0), (b'',))
2026-10-09 00:48:46,431 LT1-thread root DEBUG btp.py                    671   core_reg_svc_rsp_succ     : response is valid
2026-10-09 00:48:46,431 LT1-thread root DEBUG btp.py                    674   core_reg_svc_rsp_succ     : Reading supported commands for service: GAP
2026-10-09 00:48:46,431 LT1-thread root DEBUG iutctl_common.py          161   send                      : 1 1 255 ''
2026-10-09 00:48:46,431 LT1-thread root DEBUG iutctl_common.py          166   send                      : sending frame '0101ff0000'
2026-10-09 00:48:46,432 LT1-thread root DEBUG iutctl_common.py          339   read                      : 
2026-10-09 00:48:46,464 BTPWorkerThread-12361 (_rx_task) root DEBUG iutctl_common.py          123   read                      : Read 5 bytes
2026-10-09 00:48:46,470 BTPWorkerThread-12361 (_rx_task) root DEBUG iutctl_common.py          131   read                      : Received: hdr: Header(svc_id=0x01, op=0x01, ctrl_index=0xff, data_len=0x07) bytearray(b'\x01\x01\xff\x07\x00')
2026-10-09 00:48:46,482 BTPWorkerThread-12361 (_rx_task) root DEBUG iutctl_common.py          139   read                      : Read 7 bytes data
2026-10-09 00:48:46,487 BTPWorkerThread-12361 (_rx_task) root DEBUG iutctl_common.py          154   read                      : Received data: {'6e ff 7f 1f fe ff 2e'}, bytearray(b'n\xff\x7f\x1f\xfe\xff.')
2026-10-09 00:48:46,503 LT1-thread root DEBUG testcase.py               254   start                     : Starting test function: class=<class 'autopts.ptsprojects.testcase.TestFunc'>, func=<bound method Stack.gap_init of <autopts.ptsprojects.stack.stack.Stack object at 0x000002C6862F6F00>> start_wid=None stop_wid=None post_wid=None skip_call=None call_count=173 args=(b'Tester_08E44E', 'ABCD', '1111', '1111', '11', '1111', b'\x17github.com/auto-pts', (8, 'PADV_Tester'), 'FF') kwds={}
2026-10-09 00:48:46,503 LT1-thread root DEBUG testcase.py               266   start                     : Test function parameters: args=(b'Tester_08E44E', 'ABCD', '1111', '1111', '11', '1111', b'\x17github.com/auto-pts', (8, 'PADV_Tester'), 'FF'), kwds={}
2026-10-09 00:48:46,503 LT1-thread root DEBUG testcase.py               254   start                     : Starting test function: class=<class 'autopts.ptsprojects.testcase.TestFunc'>, func=<function gap_read_controller_info at 0x000002C684E6EB60> start_wid=None stop_wid=None post_wid=None skip_call=None call_count=173 args=() kwds={}
2026-10-09 00:48:46,503 LT1-thread root DEBUG testcase.py               266   start                     : Test function parameters: args=(), kwds={}
2026-10-09 00:48:46,503 LT1-thread root DEBUG gap.py                    1163  gap_read_controller_info  : 
2026-10-09 00:48:46,503 LT1-thread root DEBUG iutctl_common.py          161   send                      : 1 3 0 ''
2026-10-09 00:48:46,503 LT1-thread root DEBUG iutctl_common.py          166   send                      : sending frame '0103000000'
2026-10-09 00:48:46,503 LT1-thread root DEBUG iutctl_common.py          339   read                      : 
2026-10-09 00:48:46,541 BTPWorkerThread-12361 (_rx_task) root DEBUG iutctl_common.py          123   read                      : Read 5 bytes
2026-10-09 00:48:46,551 BTPWorkerThread-12361 (_rx_task) root DEBUG iutctl_common.py          131   read                      : Received: hdr: Header(svc_id=0x01, op=0x03, ctrl_index=0x00, data_len=0x115) bytearray(b'\x01\x03\x00\x15\x01')
2026-10-09 00:48:46,567 BTPWorkerThread-12361 (_rx_task) root DEBUG iutctl_common.py          139   read                      : Read 277 bytes data
2026-10-09 00:48:46,573 BTPWorkerThread-12361 (_rx_task) root DEBUG iutctl_common.py          154   read                      : Received data: {'19 78 ee 69 17 d0 d3 06 02 00 13 02 00 00 00 00 00 62 74 70 5f 74 65 73 74 65 72 00 00 00 00 00 00 00 00 00 00 00 00 00 00 00 00 00 00 00 00 00 00 00 00 00 00 00 00 00 00 00 00 00 00 00 00 00 00 00 00 00 00 00 00 00 00 00 00 00 00 00 00 00 00 00 00 00 00 00 00 00 00 00 00 00 00 00 00 00 00 00 00 00 00 00 00 00 00 00 00 00 00 00 00 00 00 00 00 00 00 00 00 00 00 00 00 00 00 00 00 00 00 00 00 00 00 00 00 00 00 00 00 00 00 00 00 00 00 00 00 00 00 00 00 00 00 00 00 00 00 00 00 00 00 00 00 00 00 00 00 00 00 00 00 00 00 00 00 00 00 00 00 00 00 00 00 00 00 00 00 00 00 00 00 00 00 00 00 00 00 00 00 00 00 00 00 00 00 00 00 00 00 00 00 00 00 00 00 00 00 00 00 00 00 00 00 00 00 00 00 00 00 00 00 00 00 00 00 00 00 00 00 00 00 00 00 00 00 00 00 00 00 00 00 00 00 00 00 00 00 00 00 00 00 00 00 00 00 00 00 00 00 00 00 00 00 00 00 00 00'}, bytearray(b'\x19x\xeei\x17\xd0\xd3\x06\x02\x00\x13\x02\x00\x00\x00\x00\x00btp_tester\x00\x00\x00\x00\x00\x00\x00\x00\x00\x00\x00\x00\x00\x00\x00\x00\x00\x00\x00\x00\x00\x00\x00\x00\x00\x00\x00\x00\x00\x00\x00\x00\x00\x00\x00\x00\x00\x00\x00\x00\x00\x00\x00\x00\x00\x00\x00\x00\x00\x00\x00\x00\x00\x00\x00\x00\x00\x00\x00\x00\x00\x00\x00\x00\x00\x00\x00\x00\x00\x00\x00\x00\x00\x00\x00\x00\x00\x00\x00\x00\x00\x00\x00\x00\x00\x00\x00\x00\x00\x00\x00\x00\x00\x00\x00\x00\x00\x00\x00\x00\x00\x00\x00\x00\x00\x00\x00\x00\x00\x00\x00\x00\x00\x00\x00\x00\x00\x00\x00\x00\x00\x00\x00\x00\x00\x00\x00\x00\x00\x00\x00\x00\x00\x00\x00\x00\x00\x00\x00\x00\x00\x00\x00\x00\x00\x00\x00\x00\x00\x00\x00\x00\x00\x00\x00\x00\x00\x00\x00\x00\x00\x00\x00\x00\x00\x00\x00\x00\x00\x00\x00\x00\x00\x00\x00\x00\x00\x00\x00\x00\x00\x00\x00\x00\x00\x00\x00\x00\x00\x00\x00\x00\x00\x00\x00\x00\x00\x00\x00\x00\x00\x00\x00\x00\x00\x00\x00\x00\x00\x00\x00\x00\x00\x00\x00\x00\x00\x00\x00\x00\x00\x00\x00\x00\x00\x00\x00\x00\x00\x00\x00\x00\x00\x00\x00\x00\x00\x00\x00\x00\x00\x00\x00\x00\x00\x00\x00\x00\x00\x00')
2026-10-09 00:48:46,583 LT1-thread root DEBUG gap.py                    1170  gap_read_controller_info  : received Header(svc_id=1, op=3, ctrl_index=0, data_len=277) (b'\x19x\xeei\x17\xd0\xd3\x06\x02\x00\x13\x02\x00\x00\x00\x00\x00btp_tester\x00\x00\x00\x00\x00\x00\x00\x00\x00\x00\x00\x00\x00\x00\x00\x00\x00\x00\x00\x00\x00\x00\x00\x00\x00\x00\x00\x00\x00\x00\x00\x00\x00\x00\x00\x00\x00\x00\x00\x00\x00\x00\x00\x00\x00\x00\x00\x00\x00\x00\x00\x00\x00\x00\x00\x00\x00\x00\x00\x00\x00\x00\x00\x00\x00\x00\x00\x00\x00\x00\x00\x00\x00\x00\x00\x00\x00\x00\x00\x00\x00\x00\x00\x00\x00\x00\x00\x00\x00\x00\x00\x00\x00\x00\x00\x00\x00\x00\x00\x00\x00\x00\x00\x00\x00\x00\x00\x00\x00\x00\x00\x00\x00\x00\x00\x00\x00\x00\x00\x00\x00\x00\x00\x00\x00\x00\x00\x00\x00\x00\x00\x00\x00\x00\x00\x00\x00\x00\x00\x00\x00\x00\x00\x00\x00\x00\x00\x00\x00\x00\x00\x00\x00\x00\x00\x00\x00\x00\x00\x00\x00\x00\x00\x00\x00\x00\x00\x00\x00\x00\x00\x00\x00\x00\x00\x00\x00\x00\x00\x00\x00\x00\x00\x00\x00\x00\x00\x00\x00\x00\x00\x00\x00\x00\x00\x00\x00\x00\x00\x00\x00\x00\x00\x00\x00\x00\x00\x00\x00\x00\x00\x00\x00\x00\x00\x00\x00\x00\x00\x00\x00\x00\x00\x00\x00\x00\x00\x00\x00\x00\x00\x00\x00\x00\x00\x00\x00\x00\x00\x00\x00\x00\x00\x00\x00\x00\x00\x00\x00\x00',)
2026-10-09 00:48:46,583 LT1-thread root DEBUG gap.py                    1191  gap_read_controller_info  : IUT address 'd01769ee7819' 'public'
2026-10-09 00:48:46,583 LT1-thread root DEBUG gap.py                    596   __gap_current_settings_update : 531
2026-10-09 00:48:46,583 LT1-thread root DEBUG testcase.py               254   start                     : Starting test function: class=<class 'autopts.ptsprojects.testcase.TestFunc'>, func=<function test_cases.<locals>.<lambda> at 0x000002C687A6FA60> start_wid=None stop_wid=None post_wid=None skip_call=None call_count=173 args=() kwds={}
2026-10-09 00:48:46,583 LT1-thread root DEBUG testcase.py               266   start                     : Test function parameters: args=(), kwds={}
2026-10-09 00:48:46,591 LT1-thread root DEBUG testcase.py               254   start                     : Starting test function: class=<class 'autopts.ptsprojects.testcase.TestFunc'>, func=<function test_cases.<locals>.<lambda> at 0x000002C687A6F920> start_wid=None stop_wid=None post_wid=None skip_call=None call_count=173 args=() kwds={}
2026-10-09 00:48:46,591 LT1-thread root DEBUG testcase.py               266   start                     : Test function parameters: args=(), kwds={}
2026-10-09 00:48:46,599 LT1-thread root DEBUG testcase.py               254   start                     : Starting test function: class=<class 'autopts.ptsprojects.testcase.TestFunc'>, func=<function test_cases.<locals>.<lambda> at 0x000002C687ABC2C0> start_wid=None stop_wid=None post_wid=None skip_call=None call_count=173 args=() kwds={}
2026-10-09 00:48:46,599 LT1-thread root DEBUG testcase.py               266   start                     : Test function parameters: args=(), kwds={}
2026-10-09 00:48:46,607 LT1-thread root DEBUG testcase.py               254   start                     : Starting test function: class=<class 'autopts.ptsprojects.testcase.TestFunc'>, func=<function test_cases.<locals>.<lambda> at 0x000002C687ABC400> start_wid=None stop_wid=None post_wid=None skip_call=None call_count=173 args=() kwds={}
2026-10-09 00:48:46,607 LT1-thread root DEBUG testcase.py               266   start                     : Test function parameters: args=(), kwds={}
2026-10-09 00:48:46,616 LT1-thread root DEBUG testcase.py               254   start                     : Starting test function: class=<class 'autopts.ptsprojects.testcase.TestFunc'>, func=<function test_cases.<locals>.<lambda> at 0x000002C687ABC360> start_wid=None stop_wid=None post_wid=None skip_call=None call_count=173 args=() kwds={}
2026-10-09 00:48:46,616 LT1-thread root DEBUG testcase.py               266   start                     : Test function parameters: args=(), kwds={}
2026-10-09 00:48:46,623 LT1-thread root DEBUG testcase.py               254   start                     : Starting test function: class=<class 'autopts.ptsprojects.testcase.TestFunc'>, func=<function test_cases.<locals>.<lambda> at 0x000002C687ABC4A0> start_wid=None stop_wid=None post_wid=None skip_call=None call_count=173 args=() kwds={}
2026-10-09 00:48:46,623 LT1-thread root DEBUG testcase.py               266   start                     : Test function parameters: args=(), kwds={}
2026-10-09 00:48:46,631 LT1-thread root DEBUG testcase.py               254   start                     : Starting test function: class=<class 'autopts.ptsprojects.testcase.TestFunc'>, func=<function test_cases.<locals>.<lambda> at 0x000002C687ABC540> start_wid=None stop_wid=None post_wid=None skip_call=None call_count=173 args=() kwds={}
2026-10-09 00:48:46,631 LT1-thread root DEBUG testcase.py               266   start                     : Test function parameters: args=(), kwds={}
2026-10-09 00:48:46,638 LT1-thread root DEBUG testcase.py               254   start                     : Starting test function: class=<class 'autopts.ptsprojects.testcase.TestFunc'>, func=<function test_cases.<locals>.<lambda> at 0x000002C687ABC5E0> start_wid=None stop_wid=None post_wid=None skip_call=None call_count=173 args=() kwds={}
2026-10-09 00:48:46,638 LT1-thread root DEBUG testcase.py               266   start                     : Test function parameters: args=(), kwds={}
2026-10-09 00:48:46,645 LT1-thread root DEBUG testcase.py               254   start                     : Starting test function: class=<class 'autopts.ptsprojects.testcase.TestFunc'>, func=<function test_cases.<locals>.<lambda> at 0x000002C687ABC680> start_wid=None stop_wid=None post_wid=None skip_call=None call_count=173 args=() kwds={}
2026-10-09 00:48:46,646 LT1-thread root DEBUG testcase.py               266   start                     : Test function parameters: args=(), kwds={}
2026-10-09 00:48:46,653 LT1-thread root DEBUG testcase.py               254   start                     : Starting test function: class=<class 'autopts.ptsprojects.testcase.TestFunc'>, func=<function test_cases.<locals>.<lambda> at 0x000002C687ABC720> start_wid=None stop_wid=None post_wid=None skip_call=None call_count=173 args=() kwds={}
2026-10-09 00:48:46,653 LT1-thread root DEBUG testcase.py               266   start                     : Test function parameters: args=(), kwds={}
2026-10-09 00:48:46,661 LT1-thread root DEBUG testcase.py               254   start                     : Starting test function: class=<class 'autopts.ptsprojects.testcase.TestFunc'>, func=<function core_reg_svc_gatt at 0x000002C684E2E2A0> start_wid=None stop_wid=None post_wid=None skip_call=None call_count=173 args=() kwds={}
2026-10-09 00:48:46,661 LT1-thread root DEBUG testcase.py               266   start                     : Test function parameters: args=(), kwds={}
2026-10-09 00:48:46,661 LT1-thread root DEBUG btp.py                    117   core_reg_svc_univ         : core_reg_svc_univ: gatt_reg (GATT)
2026-10-09 00:48:46,661 LT1-thread root DEBUG iutctl_common.py          161   send                      : 0 3 255 '2'
2026-10-09 00:48:46,661 LT1-thread root DEBUG iutctl_common.py          166   send                      : sending frame '0003ff010002'
2026-10-09 00:48:46,661 LT1-thread root DEBUG btp.py                    654   core_reg_svc_rsp_succ     : 
2026-10-09 00:48:46,661 LT1-thread root DEBUG iutctl_common.py          339   read                      : 
2026-10-09 00:48:46,697 BTPWorkerThread-12361 (_rx_task) root DEBUG iutctl_common.py          123   read                      : Read 5 bytes
2026-10-09 00:48:46,709 BTPWorkerThread-12361 (_rx_task) root DEBUG iutctl_common.py          131   read                      : Received: hdr: Header(svc_id=0x00, op=0x03, ctrl_index=0xff, data_len=0x00) bytearray(b'\x00\x03\xff\x00\x00')
2026-10-09 00:48:46,714 BTPWorkerThread-12361 (_rx_task) root DEBUG iutctl_common.py          154   read                      : Received data: {''}, bytearray(b'')
2026-10-09 00:48:46,726 LT1-thread root DEBUG btp.py                    665   core_reg_svc_rsp_succ     : received Header(svc_id=0, op=3, ctrl_index=255, data_len=0) (b'',)
2026-10-09 00:48:46,726 LT1-thread root DEBUG btp.py                    666   core_reg_svc_rsp_succ     : expected ((0, 3, 255, 0), (b'',))
2026-10-09 00:48:46,726 LT1-thread root DEBUG btp.py                    671   core_reg_svc_rsp_succ     : response is valid
2026-10-09 00:48:46,726 LT1-thread root DEBUG btp.py                    674   core_reg_svc_rsp_succ     : Reading supported commands for service: GATT
2026-10-09 00:48:46,726 LT1-thread root DEBUG iutctl_common.py          161   send                      : 2 1 255 ''
2026-10-09 00:48:46,726 LT1-thread root DEBUG iutctl_common.py          166   send                      : sending frame '0201ff0000'
2026-10-09 00:48:46,726 LT1-thread root DEBUG iutctl_common.py          339   read                      : 
2026-10-09 00:48:46,757 BTPWorkerThread-12361 (_rx_task) root DEBUG iutctl_common.py          123   read                      : Read 5 bytes
2026-10-09 00:48:46,768 BTPWorkerThread-12361 (_rx_task) root DEBUG iutctl_common.py          131   read                      : Received: hdr: Header(svc_id=0x02, op=0x01, ctrl_index=0xff, data_len=0x05) bytearray(b'\x02\x01\xff\x05\x00')
2026-10-09 00:48:46,780 BTPWorkerThread-12361 (_rx_task) root DEBUG iutctl_common.py          139   read                      : Read 5 bytes data
2026-10-09 00:48:46,791 BTPWorkerThread-12361 (_rx_task) root DEBUG iutctl_common.py          154   read                      : Received data: {'fe fe bf fd 0f'}, bytearray(b'\xfe\xfe\xbf\xfd\x0f')
2026-10-09 00:48:46,808 LT1-thread root DEBUG testcase.py               254   start                     : Starting test function: class=<class 'autopts.ptsprojects.testcase.TestFunc'>, func=<bound method Stack.gatt_init of <autopts.ptsprojects.stack.stack.Stack object at 0x000002C6862F6F00>> start_wid=None stop_wid=None post_wid=None skip_call=None call_count=173 args=() kwds={}
2026-10-09 00:48:46,808 LT1-thread root DEBUG testcase.py               266   start                     : Test function parameters: args=(), kwds={}
2026-10-09 00:48:46,808 LT1-thread root DEBUG testcase.py               254   start                     : Starting test function: class=<class 'autopts.ptsprojects.testcase.TestFunc'>, func=<function gap_set_io_capability at 0x000002C684E6E020> start_wid=None stop_wid=None post_wid=None skip_call=None call_count=173 args=(4,) kwds={}
2026-10-09 00:48:46,808 LT1-thread root DEBUG testcase.py               266   start                     : Test function parameters: args=(4,), kwds={}
2026-10-09 00:48:46,808 LT1-thread root DEBUG gap.py                    861   gap_set_io_capability     : 4
2026-10-09 00:48:46,808 LT1-thread root DEBUG iutctl_common.py          161   send                      : 1 16 0 '\x04'
2026-10-09 00:48:46,808 LT1-thread root DEBUG iutctl_common.py          166   send                      : sending frame '011000010004'
2026-10-09 00:48:46,808 LT1-thread root DEBUG gap.py                    1229  gap_command_rsp_succ      : 
2026-10-09 00:48:46,808 LT1-thread root DEBUG iutctl_common.py          339   read                      : 
2026-10-09 00:48:46,845 BTPWorkerThread-12361 (_rx_task) root DEBUG iutctl_common.py          123   read                      : Read 5 bytes
2026-10-09 00:48:46,855 BTPWorkerThread-12361 (_rx_task) root DEBUG iutctl_common.py          131   read                      : Received: hdr: Header(svc_id=0x01, op=0x10, ctrl_index=0x00, data_len=0x00) bytearray(b'\x01\x10\x00\x00\x00')
2026-10-09 00:48:46,865 BTPWorkerThread-12361 (_rx_task) root DEBUG iutctl_common.py          154   read                      : Received data: {''}, bytearray(b'')
2026-10-09 00:48:46,871 LT1-thread root DEBUG gap.py                    1234  gap_command_rsp_succ      : received Header(svc_id=1, op=16, ctrl_index=0, data_len=0) (b'',)
2026-10-09 00:48:46,871 LT1-thread root DEBUG testcase.py               254   start                     : Starting test function: class=<class 'autopts.ptsprojects.testcase.TestFunc'>, func=<function gap_set_broadcast_code at 0x000002C684E74220> start_wid=None stop_wid=None post_wid=None skip_call=None call_count=173 args=('0102680553F1415AA265BBAFC6EA03B8',) kwds={}
2026-10-09 00:48:46,871 LT1-thread root DEBUG testcase.py               266   start                     : Test function parameters: args=('0102680553F1415AA265BBAFC6EA03B8',), kwds={}
2026-10-09 00:48:46,871 LT1-thread root DEBUG gap.py                    1891  gap_set_broadcast_code    : '0102680553F1415AA265BBAFC6EA03B8'
2026-10-09 00:48:46,871 LT1-thread root DEBUG testcase.py               254   start                     : Starting test function: class=<class 'autopts.ptsprojects.testcase.TestFunc'>, func=<function set_pts_addr at 0x000002C684E2DD00> start_wid=None stop_wid=None post_wid=None skip_call=None call_count=173 args=('00:1B:DC:08:E4:4E', 0) kwds={}
2026-10-09 00:48:46,871 LT1-thread root DEBUG testcase.py               266   start                     : Test function parameters: args=('00:1B:DC:08:E4:4E', 0), kwds={}
2026-10-09 00:48:46,871 LT1-thread root DEBUG testcase.py               254   start                     : Starting test function: class=<class 'autopts.ptsprojects.testcase.TestFunc'>, func=<function gatts_add_svc at 0x000002C684E85940> start_wid=None stop_wid=None post_wid=None skip_call=None call_count=134 args=(0, 'AA51') kwds={}
2026-10-09 00:48:46,871 LT1-thread root DEBUG testcase.py               266   start                     : Test function parameters: args=(0, 'AA51'), kwds={}
2026-10-09 00:48:46,871 LT1-thread root DEBUG gatt.py                   143   gatts_add_svc             : 0 'AA51'
2026-10-09 00:48:46,872 LT1-thread root DEBUG iutctl_common.py          161   send                      : 2 2 0 "bytearray(b'\\x00\\x02Q\\xaa')"
2026-10-09 00:48:46,872 LT1-thread root DEBUG iutctl_common.py          166   send                      : sending frame '0202000400000251aa'
2026-10-09 00:48:46,872 LT1-thread root DEBUG gatt.py                   1190  gatt_command_rsp_succ     : 
2026-10-09 00:48:46,872 LT1-thread root DEBUG iutctl_common.py          339   read                      : 
2026-10-09 00:48:46,908 BTPWorkerThread-12361 (_rx_task) root DEBUG iutctl_common.py          123   read                      : Read 5 bytes
2026-10-09 00:48:46,920 BTPWorkerThread-12361 (_rx_task) root DEBUG iutctl_common.py          131   read                      : Received: hdr: Header(svc_id=0x02, op=0x02, ctrl_index=0x00, data_len=0x02) bytearray(b'\x02\x02\x00\x02\x00')
2026-10-09 00:48:46,931 BTPWorkerThread-12361 (_rx_task) root DEBUG iutctl_common.py          139   read                      : Read 2 bytes data
2026-10-09 00:48:46,941 BTPWorkerThread-12361 (_rx_task) root DEBUG iutctl_common.py          154   read                      : Received data: {'00 00'}, bytearray(b'\x00\x00')
2026-10-09 00:48:46,957 LT1-thread root DEBUG gatt.py                   1195  gatt_command_rsp_succ     : received Header(svc_id=2, op=2, ctrl_index=0, data_len=2) (b'\x00\x00',)
2026-10-09 00:48:46,957 LT1-thread root DEBUG testcase.py               254   start                     : Starting test function: class=<class 'autopts.ptsprojects.testcase.TestFunc'>, func=<function gatts_add_char at 0x000002C684E85A80> start_wid=None stop_wid=None post_wid=None skip_call=None call_count=134 args=(0, 2, 17, 'AA52') kwds={}
2026-10-09 00:48:46,957 LT1-thread root DEBUG testcase.py               266   start                     : Test function parameters: args=(0, 2, 17, 'AA52'), kwds={}
2026-10-09 00:48:46,957 LT1-thread root DEBUG gatt.py                   177   gatts_add_char            : 0 2 17 'AA52'
2026-10-09 00:48:46,957 LT1-thread root DEBUG iutctl_common.py          161   send                      : 2 3 0 "bytearray(b'\\x00\\x00\\x02\\x11\\x02R\\xaa')"
2026-10-09 00:48:46,957 LT1-thread root DEBUG iutctl_common.py          166   send                      : sending frame '0203000700000002110252aa'
2026-10-09 00:48:46,957 LT1-thread root DEBUG gatt.py                   1190  gatt_command_rsp_succ     : 
2026-10-09 00:48:46,958 LT1-thread root DEBUG iutctl_common.py          339   read                      : 
2026-10-09 00:48:46,994 BTPWorkerThread-12361 (_rx_task) root DEBUG iutctl_common.py          123   read                      : Read 5 bytes
2026-10-09 00:48:47,004 BTPWorkerThread-12361 (_rx_task) root DEBUG iutctl_common.py          131   read                      : Received: hdr: Header(svc_id=0x02, op=0x03, ctrl_index=0x00, data_len=0x02) bytearray(b'\x02\x03\x00\x02\x00')
2026-10-09 00:48:47,016 BTPWorkerThread-12361 (_rx_task) root DEBUG iutctl_common.py          139   read                      : Read 2 bytes data
2026-10-09 00:48:47,027 BTPWorkerThread-12361 (_rx_task) root DEBUG iutctl_common.py          154   read                      : Received data: {'00 00'}, bytearray(b'\x00\x00')
2026-10-09 00:48:47,032 LT1-thread root DEBUG gatt.py                   1195  gatt_command_rsp_succ     : received Header(svc_id=2, op=3, ctrl_index=0, data_len=2) (b'\x00\x00',)
2026-10-09 00:48:47,032 LT1-thread root DEBUG testcase.py               254   start                     : Starting test function: class=<class 'autopts.ptsprojects.testcase.TestFunc'>, func=<function gatts_set_val at 0x000002C684E85B20> start_wid=None stop_wid=None post_wid=None skip_call=None call_count=134 args=(0, '01') kwds={}
2026-10-09 00:48:47,032 LT1-thread root DEBUG testcase.py               266   start                     : Test function parameters: args=(0, '01'), kwds={}
2026-10-09 00:48:47,032 LT1-thread root DEBUG gatt.py                   209   gatts_set_val             : 0 '01' 
2026-10-09 00:48:47,032 LT1-thread root DEBUG iutctl_common.py          161   send                      : 2 6 0 "bytearray(b'\\x00\\x00\\x01\\x00\\x01')"
2026-10-09 00:48:47,032 LT1-thread root DEBUG iutctl_common.py          166   send                      : sending frame '02060005000000010001'
2026-10-09 00:48:47,032 LT1-thread root DEBUG gatt.py                   1190  gatt_command_rsp_succ     : 
2026-10-09 00:48:47,032 LT1-thread root DEBUG iutctl_common.py          339   read                      : 
2026-10-09 00:48:47,069 BTPWorkerThread-12361 (_rx_task) root DEBUG iutctl_common.py          123   read                      : Read 5 bytes
2026-10-09 00:48:47,080 BTPWorkerThread-12361 (_rx_task) root DEBUG iutctl_common.py          131   read                      : Received: hdr: Header(svc_id=0x02, op=0x06, ctrl_index=0x00, data_len=0x00) bytearray(b'\x02\x06\x00\x00\x00')
2026-10-09 00:48:47,090 BTPWorkerThread-12361 (_rx_task) root DEBUG iutctl_common.py          154   read                      : Received data: {''}, bytearray(b'')
2026-10-09 00:48:47,106 LT1-thread root DEBUG gatt.py                   1195  gatt_command_rsp_succ     : received Header(svc_id=2, op=6, ctrl_index=0, data_len=0) (b'',)
2026-10-09 00:48:47,106 LT1-thread root DEBUG testcase.py               254   start                     : Starting test function: class=<class 'autopts.ptsprojects.testcase.TestFunc'>, func=<function gatts_add_char at 0x000002C684E85A80> start_wid=None stop_wid=None post_wid=None skip_call=None call_count=134 args=(0, 2, 5, 'AA53') kwds={}
2026-10-09 00:48:47,106 LT1-thread root DEBUG testcase.py               266   start                     : Test function parameters: args=(0, 2, 5, 'AA53'), kwds={}
2026-10-09 00:48:47,106 LT1-thread root DEBUG gatt.py                   177   gatts_add_char            : 0 2 5 'AA53'
2026-10-09 00:48:47,106 LT1-thread root DEBUG iutctl_common.py          161   send                      : 2 3 0 "bytearray(b'\\x00\\x00\\x02\\x05\\x02S\\xaa')"
2026-10-09 00:48:47,106 LT1-thread root DEBUG iutctl_common.py          166   send                      : sending frame '0203000700000002050253aa'
2026-10-09 00:48:47,106 LT1-thread root DEBUG gatt.py                   1190  gatt_command_rsp_succ     : 
2026-10-09 00:48:47,107 LT1-thread root DEBUG iutctl_common.py          339   read                      : 
2026-10-09 00:48:47,135 BTPWorkerThread-12361 (_rx_task) root DEBUG iutctl_common.py          123   read                      : Read 5 bytes
2026-10-09 00:48:47,145 BTPWorkerThread-12361 (_rx_task) root DEBUG iutctl_common.py          131   read                      : Received: hdr: Header(svc_id=0x02, op=0x03, ctrl_index=0x00, data_len=0x02) bytearray(b'\x02\x03\x00\x02\x00')
2026-10-09 00:48:47,156 BTPWorkerThread-12361 (_rx_task) root DEBUG iutctl_common.py          139   read                      : Read 2 bytes data
2026-10-09 00:48:47,162 BTPWorkerThread-12361 (_rx_task) root DEBUG iutctl_common.py          154   read                      : Received data: {'00 00'}, bytearray(b'\x00\x00')
2026-10-09 00:48:47,179 LT1-thread root DEBUG gatt.py                   1195  gatt_command_rsp_succ     : received Header(svc_id=2, op=3, ctrl_index=0, data_len=2) (b'\x00\x00',)
2026-10-09 00:48:47,179 LT1-thread root DEBUG testcase.py               254   start                     : Starting test function: class=<class 'autopts.ptsprojects.testcase.TestFunc'>, func=<function gatts_set_val at 0x000002C684E85B20> start_wid=None stop_wid=None post_wid=None skip_call=None call_count=134 args=(0, '02') kwds={}
2026-10-09 00:48:47,179 LT1-thread root DEBUG testcase.py               266   start                     : Test function parameters: args=(0, '02'), kwds={}
2026-10-09 00:48:47,179 LT1-thread root DEBUG gatt.py                   209   gatts_set_val             : 0 '02' 
2026-10-09 00:48:47,179 LT1-thread root DEBUG iutctl_common.py          161   send                      : 2 6 0 "bytearray(b'\\x00\\x00\\x01\\x00\\x02')"
2026-10-09 00:48:47,179 LT1-thread root DEBUG iutctl_common.py          166   send                      : sending frame '02060005000000010002'
2026-10-09 00:48:47,179 LT1-thread root DEBUG gatt.py                   1190  gatt_command_rsp_succ     : 
2026-10-09 00:48:47,179 LT1-thread root DEBUG iutctl_common.py          339   read                      : 
2026-10-09 00:48:47,216 BTPWorkerThread-12361 (_rx_task) root DEBUG iutctl_common.py          123   read                      : Read 5 bytes
2026-10-09 00:48:47,216 BTPWorkerThread-12361 (_rx_task) root DEBUG iutctl_common.py          131   read                      : Received: hdr: Header(svc_id=0x02, op=0x06, ctrl_index=0x00, data_len=0x00) bytearray(b'\x02\x06\x00\x00\x00')
2026-10-09 00:48:47,221 BTPWorkerThread-12361 (_rx_task) root DEBUG iutctl_common.py          154   read                      : Received data: {''}, bytearray(b'')
2026-10-09 00:48:47,237 LT1-thread root DEBUG gatt.py                   1195  gatt_command_rsp_succ     : received Header(svc_id=2, op=6, ctrl_index=0, data_len=0) (b'',)
2026-10-09 00:48:47,237 LT1-thread root DEBUG testcase.py               254   start                     : Starting test function: class=<class 'autopts.ptsprojects.testcase.TestFunc'>, func=<function gatts_add_char at 0x000002C684E85A80> start_wid=None stop_wid=None post_wid=None skip_call=None call_count=134 args=(0, 10, 48, 'AA55') kwds={}
2026-10-09 00:48:47,237 LT1-thread root DEBUG testcase.py               266   start                     : Test function parameters: args=(0, 10, 48, 'AA55'), kwds={}
2026-10-09 00:48:47,237 LT1-thread root DEBUG gatt.py                   177   gatts_add_char            : 0 10 48 'AA55'
2026-10-09 00:48:47,237 LT1-thread root DEBUG iutctl_common.py          161   send                      : 2 3 0 "bytearray(b'\\x00\\x00\\n0\\x02U\\xaa')"
2026-10-09 00:48:47,237 LT1-thread root DEBUG iutctl_common.py          166   send                      : sending frame '020300070000000a300255aa'
2026-10-09 00:48:47,237 LT1-thread root DEBUG gatt.py                   1190  gatt_command_rsp_succ     : 
2026-10-09 00:48:47,237 LT1-thread root DEBUG iutctl_common.py          339   read                      : 
2026-10-09 00:48:47,273 BTPWorkerThread-12361 (_rx_task) root DEBUG iutctl_common.py          123   read                      : Read 5 bytes
2026-10-09 00:48:47,284 BTPWorkerThread-12361 (_rx_task) root DEBUG iutctl_common.py          131   read                      : Received: hdr: Header(svc_id=0x02, op=0x03, ctrl_index=0x00, data_len=0x02) bytearray(b'\x02\x03\x00\x02\x00')
2026-10-09 00:48:47,307 BTPWorkerThread-12361 (_rx_task) root DEBUG iutctl_common.py          139   read                      : Read 2 bytes data
2026-10-09 00:48:47,317 BTPWorkerThread-12361 (_rx_task) root DEBUG iutctl_common.py          154   read                      : Received data: {'00 00'}, bytearray(b'\x00\x00')
2026-10-09 00:48:47,323 LT1-thread root DEBUG gatt.py                   1195  gatt_command_rsp_succ     : received Header(svc_id=2, op=3, ctrl_index=0, data_len=2) (b'\x00\x00',)
2026-10-09 00:48:47,323 LT1-thread root DEBUG testcase.py               254   start                     : Starting test function: class=<class 'autopts.ptsprojects.testcase.TestFunc'>, func=<function gatts_set_val at 0x000002C684E85B20> start_wid=None stop_wid=None post_wid=None skip_call=None call_count=134 args=(0, '04') kwds={}
2026-10-09 00:48:47,323 LT1-thread root DEBUG testcase.py               266   start                     : Test function parameters: args=(0, '04'), kwds={}
2026-10-09 00:48:47,323 LT1-thread root DEBUG gatt.py                   209   gatts_set_val             : 0 '04' 
2026-10-09 00:48:47,323 LT1-thread root DEBUG iutctl_common.py          161   send                      : 2 6 0 "bytearray(b'\\x00\\x00\\x01\\x00\\x04')"
2026-10-09 00:48:47,323 LT1-thread root DEBUG iutctl_common.py          166   send                      : sending frame '02060005000000010004'
2026-10-09 00:48:47,324 LT1-thread root DEBUG gatt.py                   1190  gatt_command_rsp_succ     : 
2026-10-09 00:48:47,324 LT1-thread root DEBUG iutctl_common.py          339   read                      : 
2026-10-09 00:48:47,358 BTPWorkerThread-12361 (_rx_task) root DEBUG iutctl_common.py          123   read                      : Read 5 bytes
2026-10-09 00:48:47,370 BTPWorkerThread-12361 (_rx_task) root DEBUG iutctl_common.py          131   read                      : Received: hdr: Header(svc_id=0x02, op=0x06, ctrl_index=0x00, data_len=0x00) bytearray(b'\x02\x06\x00\x00\x00')
2026-10-09 00:48:47,386 BTPWorkerThread-12361 (_rx_task) root DEBUG iutctl_common.py          154   read                      : Received data: {''}, bytearray(b'')
2026-10-09 00:48:47,397 LT1-thread root DEBUG gatt.py                   1195  gatt_command_rsp_succ     : received Header(svc_id=2, op=6, ctrl_index=0, data_len=0) (b'',)
2026-10-09 00:48:47,397 LT1-thread root DEBUG testcase.py               254   start                     : Starting test function: class=<class 'autopts.ptsprojects.testcase.TestFunc'>, func=<function gatts_start_server at 0x000002C684E85DA0> start_wid=None stop_wid=None post_wid=None skip_call=None call_count=134 args=() kwds={}
2026-10-09 00:48:47,397 LT1-thread root DEBUG testcase.py               266   start                     : Test function parameters: args=(), kwds={}
2026-10-09 00:48:47,397 LT1-thread root DEBUG gatt.py                   306   gatts_start_server        : 
2026-10-09 00:48:47,397 LT1-thread root DEBUG iutctl_common.py          161   send                      : 2 7 0 ''
2026-10-09 00:48:47,397 LT1-thread root DEBUG iutctl_common.py          166   send                      : sending frame '0207000000'
2026-10-09 00:48:47,398 LT1-thread root DEBUG gatt.py                   1190  gatt_command_rsp_succ     : 
2026-10-09 00:48:47,398 LT1-thread root DEBUG iutctl_common.py          339   read                      : 
2026-10-09 00:48:47,435 BTPWorkerThread-12361 (_rx_task) root DEBUG iutctl_common.py          123   read                      : Read 5 bytes
2026-10-09 00:48:47,446 BTPWorkerThread-12361 (_rx_task) root DEBUG iutctl_common.py          131   read                      : Received: hdr: Header(svc_id=0x02, op=0x07, ctrl_index=0x00, data_len=0x03) bytearray(b'\x02\x07\x00\x03\x00')
2026-10-09 00:48:47,457 BTPWorkerThread-12361 (_rx_task) root DEBUG iutctl_common.py          139   read                      : Read 3 bytes data
2026-10-09 00:48:47,462 BTPWorkerThread-12361 (_rx_task) root DEBUG iutctl_common.py          154   read                      : Received data: {'00 00 00'}, bytearray(b'\x00\x00\x00')
2026-10-09 00:48:47,468 LT1-thread root DEBUG gatt.py                   1195  gatt_command_rsp_succ     : received Header(svc_id=2, op=7, ctrl_index=0, data_len=3) (b'\x00\x00\x00',)
2026-10-09 00:48:47,470 LT1-thread root DEBUG client.py                 276   get_result                : ClientCallback.get_result run_test_case
2026-10-09 00:48:49,387 LT1-callback ClientCallback.on_implicit_send INFO client.py                 223   on_implicit_send          : 
    ********************
    BEGIN OnImplicitSend:
    project_name: GAP
    wid: 152
    test_case_name: GAP/ADV/BV-12-C
    description: Please prepare IUT to send an advertising report with Public Target Address Data.
    style: MMI_Style_Ok_Cancel2 0x11141
2026-10-09 00:48:49,387 LT1-callback ClientCallback.on_implicit_send INFO client.py                 236   on_implicit_send          : Calling test cases on_implicit_send
2026-10-09 00:48:49,387 LT1-callback ClientCallback.on_implicit_send INFO client.py                 249   on_implicit_send          : 
    on_implicit_send returned response: WAIT
    END OnImplicitSend
    ********************
2026-10-09 00:48:49,471 LT1-thread root DEBUG testcase.py               679   run_wid                   : GAP GAP/ADV/BV-12-C on_implicit_send
2026-10-09 00:48:49,471 LT1-thread root DEBUG gap_wid.py                26    gap_wid_hdl               : gap_wid_hdl, 152, Please prepare IUT to send an advertising report with Public Target Address Data., GAP/ADV/BV-12-C
2026-10-09 00:48:49,471 LT1-thread root DEBUG gap.py                    650   gap_start_advertising     : {9: b'Tester_08E44E', 23: '4ee408dc1b00'} None
2026-10-09 00:48:49,471 LT1-thread root DEBUG iutctl_common.py          161   send                      : 1 10 0 "bytearray(b'\\x17\\x00\\t\\rTester_08E44E\\x17\\x06N\\xe4\\x08\\xdc\\x1b\\x00\\xff\\xff\\xff\\xff\\x00')"
2026-10-09 00:48:49,471 LT1-thread root DEBUG iutctl_common.py          166   send                      : sending frame '010a001e001700090d5465737465725f30384534344517064ee408dc1b00ffffffff00'
2026-10-09 00:48:49,471 LT1-thread root DEBUG gap.py                    1229  gap_command_rsp_succ      : 
2026-10-09 00:48:49,472 LT1-thread root DEBUG iutctl_common.py          339   read                      : 
2026-10-09 00:48:49,507 BTPWorkerThread-12361 (_rx_task) root DEBUG iutctl_common.py          123   read                      : Read 5 bytes
2026-10-09 00:48:49,507 BTPWorkerThread-12361 (_rx_task) root DEBUG iutctl_common.py          131   read                      : Received: hdr: Header(svc_id=0x01, op=0x0a, ctrl_index=0x00, data_len=0x04) bytearray(b'\x01\n\x00\x04\x00')
2026-10-09 00:48:49,518 BTPWorkerThread-12361 (_rx_task) root DEBUG iutctl_common.py          139   read                      : Read 4 bytes data
2026-10-09 00:48:49,529 BTPWorkerThread-12361 (_rx_task) root DEBUG iutctl_common.py          154   read                      : Received data: {'13 06 00 00'}, bytearray(b'\x13\x06\x00\x00')
2026-10-09 00:48:49,540 LT1-thread root DEBUG gap.py                    1234  gap_command_rsp_succ      : received Header(svc_id=1, op=10, ctrl_index=0, data_len=4) (b'\x13\x06\x00\x00',)
2026-10-09 00:48:49,540 LT1-thread root DEBUG gap.py                    596   __gap_current_settings_update : (b'\x13\x06\x00\x00',)
2026-10-09 00:48:49,540 LT1-thread root DEBUG testcase.py               722   run_wid                   : Sending response 'OK' to wid 152 test case GAP/ADV/BV-12-C
2026-10-09 00:48:49,542 LT1-thread root DEBUG client.py                 276   get_result                : ClientCallback.get_result run_test_case
2026-10-09 00:48:53,074 LT1-callback ClientCallback.log INFO client.py                 200   log                       : PTS_LOGTYPE_START_TEST Start Test Case 

+140 ms
 GAP/ADV/BV-12-C GAP/ADV/BV-12-C

2026-10-09 00:48:53,259 LT1-callback ClientCallback.log INFO client.py                 200   log                       : PTS_LOGTYPE_FINAL_VERDICT Final Verdict 

+5015 ms
 GAP/ADV/BV-12-C PASS

2026-10-09 00:48:53,263 LT1-callback ClientCallback.log INFO client.py                 200   log                       : PTS_LOGTYPE_FINAL_VERDICT Encrypted Verdict 

+5015 ms
 GAP/ADV/BV-12-C A1#ZWY4MzQ5MDg3MmQwNTIxOGQzMzQ5YjY2ODA5M2MzNjQ5ZDY4NmY0Yjc2MzIzM2VkNTUyNTFhNGU4Mjg1MjI0NA==#PhTZdfeT3Xgd/C1mFI5oqlMi12eGCR7btPKdEm/wQgMs5nZbojsc+w==

2026-10-09 00:48:53,271 LT1-callback ClientCallback.log INFO client.py                 200   log                       : PTS_LOGTYPE_END_TEST Test Case Ended 

+5015 ms
 GAP/ADV/BV-12-C GAP/ADV/BV-12-C

2026-10-09 00:48:53,373 LT1-callback root DEBUG client.py                 261   set_result                : ClientCallback, set_result, run_test_case, PASS
2026-10-09 00:48:53,374 LT1-thread root DEBUG client.py                 1186  _run_test_case            : After run_test_case error_code=0 status='PASS'
2026-10-09 00:48:53,374 LT1-thread root DEBUG testcase.py               766   post_run                  : post_run GAP GAP/ADV/BV-12-C 0
2026-10-09 00:48:53,374 LT1-thread root DEBUG testcase.py               254   start                     : Starting test function: class=<class 'autopts.ptsprojects.testcase.TestFuncCleanUp'>, func=<bound method ZTestCase._test_case_cleanup of <autopts.ptsprojects.zephyr.ztestcase.ZTestCase object at 0x000002C687AB99A0>> start_wid=None stop_wid=None post_wid=None skip_call=None call_count=1 args=() kwds={}
2026-10-09 00:48:53,374 LT1-thread root DEBUG testcase.py               266   start                     : Test function parameters: args=(), kwds={}
2026-10-09 00:48:53,374 LT1-thread root DEBUG iutctl.py                 415   stop                      : <class 'autopts.ptsprojects.zephyr.iutctl.create_zephyr_ctl_class.<locals>.ZephyrCtl'>.stop
2026-10-09 00:48:53,374 LT1-thread root DEBUG __init__.py               51    reset                     : About to reset DUT: JLink -CommandFile reset.jlink -usb 1063214216 -device MIMXRT1176XXXA_M7
2026-10-09 00:48:53,681 BTPWorkerThread-12361 (_rx_task) root DEBUG iutctl_common.py          123   read                      : Read 5 bytes
2026-10-09 00:48:53,681 BTPWorkerThread-12361 (_rx_task) root DEBUG iutctl_common.py          131   read                      : Received: hdr: Header(svc_id=0x00, op=0x80, ctrl_index=0xff, data_len=0x00) bytearray(b'\x00\x80\xff\x00\x00')
2026-10-09 00:48:53,681 BTPWorkerThread-12361 (_rx_task) root DEBUG iutctl_common.py          154   read                      : Received data: {''}, bytearray(b'')
2026-10-09 00:48:53,682 BTPWorkerThread-12361 (_rx_task) root DEBUG btp.py                    736   event_handler             : Header(svc_id=0, op=128, ctrl_index=255, data_len=0) (b'',)
2026-10-09 00:48:53,682 BTPWorkerThread-12361 (_rx_task) root DEBUG core.py                   23    core_iut_ready_ev         : 
2026-10-09 00:48:53,750 LT1-thread root DEBUG iutctl.py                 436   _stop_tty_mode            : IUT ready event received OK
2026-10-09 00:48:53,750 LT1-thread root DEBUG iutctl_common.py          416   close                     : Waiting for _rx_worker to finish ...
2026-10-09 00:48:54,683 BTPWorkerThread-12361 (_rx_task) root DEBUG iutctl_common.py          332   _rx_task                  : BTPWorkerThread-12361 (_rx_task) finishing...
2026-10-09 00:48:57,689 LT1-thread root DEBUG testcase.py               794   post_run                  : post_run, cleanup running post test case script
2026-10-09 00:48:57,689 LT1-thread root DEBUG testcase.py               802   post_run                  : post_run, run post test case script
2026-10-09 00:48:57,764 LT1-thread root DEBUG client.py                 1220  _run_test_case            : Done TestCase _run_test_case GAP GAP/ADV/BV-12-C
