2026-10-09 12:48:57,759 LT1-thread root DEBUG client.py                 1099  _run_test_case            : Starting TestCase _run_test_case SM SM/CEN/SCPK/BI-02-C
2026-10-09 12:48:57,760 LT1-thread root DEBUG testcase.py               727   pre_run                   : pre_run SM SM/CEN/SCPK/BI-02-C
2026-10-09 12:48:57,760 LT1-thread root DEBUG testcase.py               729   pre_run                   : About to run test case SM SM/CEN/SCPK/BI-02-C with commands:
2026-10-09 12:48:57,760 LT1-thread root DEBUG testcase.py               731   pre_run                   : 0) class=<class 'autopts.ptsprojects.testcase.TestFunc'>, func=<bound method ZTestCase._test_case_start of <autopts.ptsprojects.zephyr.ztestcase.ZTestCase object at 0x000002C687BE1910>> start_wid=None stop_wid=None post_wid=None skip_call=None call_count=1 args=() kwds={}
2026-10-09 12:48:57,760 LT1-thread root DEBUG testcase.py               731   pre_run                   : 1) class=<class 'autopts.ptsprojects.testcase.TestFunc'>, func=<function core_reg_svc_gap at 0x000002C684E2E160> start_wid=None stop_wid=None post_wid=None skip_call=None call_count=29 args=() kwds={}
2026-10-09 12:48:57,761 LT1-thread root DEBUG testcase.py               731   pre_run                   : 2) class=<class 'autopts.ptsprojects.testcase.TestFunc'>, func=<bound method Stack.gap_init of <autopts.ptsprojects.stack.stack.Stack object at 0x000002C6862F6F00>> start_wid=None stop_wid=None post_wid=None skip_call=None call_count=29 args=(b'Tester_08E44E',) kwds={}
2026-10-09 12:48:57,761 LT1-thread root DEBUG testcase.py               731   pre_run                   : 3) class=<class 'autopts.ptsprojects.testcase.TestFunc'>, func=<function gap_read_controller_info at 0x000002C684E6EB60> start_wid=None stop_wid=None post_wid=None skip_call=None call_count=29 args=() kwds={}
2026-10-09 12:48:57,761 LT1-thread root DEBUG testcase.py               731   pre_run                   : 4) class=<class 'autopts.ptsprojects.testcase.TestFunc'>, func=<function test_cases.<locals>.<lambda> at 0x000002C687A6DBC0> start_wid=None stop_wid=None post_wid=None skip_call=None call_count=29 args=() kwds={}
2026-10-09 12:48:57,761 LT1-thread root DEBUG testcase.py               731   pre_run                   : 5) class=<class 'autopts.ptsprojects.testcase.TestFunc'>, func=<function test_cases.<locals>.<lambda> at 0x000002C687BC3420> start_wid=None stop_wid=None post_wid=None skip_call=None call_count=29 args=() kwds={}
2026-10-09 12:48:57,761 LT1-thread root DEBUG testcase.py               731   pre_run                   : 6) class=<class 'autopts.ptsprojects.testcase.TestFunc'>, func=<function test_cases.<locals>.<lambda> at 0x000002C687BC34C0> start_wid=None stop_wid=None post_wid=None skip_call=None call_count=29 args=() kwds={}
2026-10-09 12:48:57,761 LT1-thread root DEBUG testcase.py               731   pre_run                   : 7) class=<class 'autopts.ptsprojects.testcase.TestFunc'>, func=<function set_pts_addr at 0x000002C684E2DD00> start_wid=None stop_wid=None post_wid=None skip_call=None call_count=29 args=('00:1B:DC:08:E4:4E', 0) kwds={}
2026-10-09 12:48:57,761 LT1-thread root DEBUG testcase.py               731   pre_run                   : 8) class=<class 'autopts.ptsprojects.testcase.TestFunc'>, func=<function gap_set_io_capability at 0x000002C684E6E020> start_wid=None stop_wid=None post_wid=None skip_call=None call_count=1 args=(0,) kwds={}
2026-10-09 12:48:57,761 LT1-thread root DEBUG testcase.py               731   pre_run                   : 9) class=<class 'autopts.ptsprojects.testcase.TestFunc'>, func=<function gap_set_bondable_on at 0x000002C684E6E8E0> start_wid=None stop_wid=None post_wid=None skip_call=None call_count=1 args=() kwds={}
2026-10-09 12:48:57,761 LT1-thread root DEBUG testcase.py               731   pre_run                   : 10) class=<class 'autopts.ptsprojects.testcase.TestFuncCleanUp'>, func=<bound method ZTestCase._test_case_cleanup of <autopts.ptsprojects.zephyr.ztestcase.ZTestCase object at 0x000002C687BE1910>> start_wid=None stop_wid=None post_wid=None skip_call=None call_count=1 args=() kwds={}
2026-10-09 12:48:57,761 LT1-thread root DEBUG testcase.py               738   pre_run                   : pre_run, run pre test case script
2026-10-09 12:48:57,769 LT1-thread root DEBUG testcase.py               254   start                     : Starting test function: class=<class 'autopts.ptsprojects.testcase.TestFunc'>, func=<bound method ZTestCase._test_case_start of <autopts.ptsprojects.zephyr.ztestcase.ZTestCase object at 0x000002C687BE1910>> start_wid=None stop_wid=None post_wid=None skip_call=None call_count=2 args=() kwds={}
2026-10-09 12:48:57,769 LT1-thread root DEBUG testcase.py               266   start                     : Test function parameters: args=(), kwds={}
2026-10-09 12:48:57,770 LT1-thread root DEBUG iutctl.py                 172   start                     : <class 'autopts.ptsprojects.zephyr.iutctl.create_zephyr_ctl_class.<locals>.ZephyrCtl'>.start
2026-10-09 12:48:57,770 LT1-thread root DEBUG iutctl.py                 325   flush_serial              : <class 'autopts.ptsprojects.zephyr.iutctl.create_zephyr_ctl_class.<locals>.ZephyrCtl'>.flush_serial
2026-10-09 12:48:58,955 LT1-thread root DEBUG iutctl.py                 249   _start_tty_mode           : Starting socat process: socat.exe -x -v tcp:10.17.12.9:65142,retry=100,interval=1 /dev/ttyS2,raw,b115200,
2026-10-09 12:48:58,962 LT1-thread root DEBUG iutctl_common.py          402   accept                    : 
2026-10-09 12:48:59,038 BTPWorkerThread-42374 (_rx_task) root DEBUG iutctl_common.py          299   _rx_task                  : BTPWorkerThread-42374 (_rx_task) started
2026-10-09 12:48:59,038 LT1-thread root DEBUG iutctl.py                 395   wait_iut_ready_event      : IUT ready event received OK
2026-10-09 12:48:59,039 LT1-thread root DEBUG btp.py                    51    read_supp_svcs            : 
2026-10-09 12:48:59,039 LT1-thread root DEBUG iutctl_common.py          161   send                      : 0 2 255 ''
2026-10-09 12:48:59,039 LT1-thread root DEBUG iutctl_common.py          166   send                      : sending frame '0002ff0000'
2026-10-09 12:48:59,039 LT1-thread root DEBUG iutctl_common.py          339   read                      : 
2026-10-09 12:48:59,049 BTPWorkerThread-42374 (_rx_task) root DEBUG iutctl_common.py          123   read                      : Read 5 bytes
2026-10-09 12:48:59,061 BTPWorkerThread-42374 (_rx_task) root DEBUG iutctl_common.py          131   read                      : Received: hdr: Header(svc_id=0x00, op=0x02, ctrl_index=0xff, data_len=0x06) bytearray(b'\x00\x02\xff\x06\x00')
2026-10-09 12:48:59,071 BTPWorkerThread-42374 (_rx_task) root DEBUG iutctl_common.py          139   read                      : Read 6 bytes data
2026-10-09 12:48:59,114 BTPWorkerThread-42374 (_rx_task) root DEBUG iutctl_common.py          154   read                      : Received data: {'0f 00 00 a0 ff 03'}, bytearray(b'\x0f\x00\x00\xa0\xff\x03')
2026-10-09 12:48:59,114 LT1-thread root DEBUG btp.py                    62    read_supp_svcs            : received Header(svc_id=0, op=2, ctrl_index=255, data_len=6) (b'\x0f\x00\x00\xa0\xff\x03',)
2026-10-09 12:48:59,115 LT1-thread root DEBUG testcase.py               254   start                     : Starting test function: class=<class 'autopts.ptsprojects.testcase.TestFunc'>, func=<function core_reg_svc_gap at 0x000002C684E2E160> start_wid=None stop_wid=None post_wid=None skip_call=None call_count=30 args=() kwds={}
2026-10-09 12:48:59,115 LT1-thread root DEBUG testcase.py               266   start                     : Test function parameters: args=(), kwds={}
2026-10-09 12:48:59,115 LT1-thread root DEBUG btp.py                    117   core_reg_svc_univ         : core_reg_svc_univ: gap_reg (GAP)
2026-10-09 12:48:59,115 LT1-thread root DEBUG iutctl_common.py          161   send                      : 0 3 255 '1'
2026-10-09 12:48:59,115 LT1-thread root DEBUG iutctl_common.py          166   send                      : sending frame '0003ff010001'
2026-10-09 12:48:59,115 LT1-thread root DEBUG btp.py                    654   core_reg_svc_rsp_succ     : 
2026-10-09 12:48:59,115 LT1-thread root DEBUG iutctl_common.py          339   read                      : 
2026-10-09 12:49:03,219 BTPWorkerThread-42374 (_rx_task) root DEBUG iutctl_common.py          123   read                      : Read 5 bytes
2026-10-09 12:49:03,236 BTPWorkerThread-42374 (_rx_task) root DEBUG iutctl_common.py          131   read                      : Received: hdr: Header(svc_id=0x00, op=0x03, ctrl_index=0xff, data_len=0x00) bytearray(b'\x00\x03\xff\x00\x00')
2026-10-09 12:49:03,253 BTPWorkerThread-42374 (_rx_task) root DEBUG iutctl_common.py          154   read                      : Received data: {''}, bytearray(b'')
2026-10-09 12:49:03,266 LT1-thread root DEBUG btp.py                    665   core_reg_svc_rsp_succ     : received Header(svc_id=0, op=3, ctrl_index=255, data_len=0) (b'',)
2026-10-09 12:49:03,266 LT1-thread root DEBUG btp.py                    666   core_reg_svc_rsp_succ     : expected ((0, 3, 255, 0), (b'',))
2026-10-09 12:49:03,266 LT1-thread root DEBUG btp.py                    671   core_reg_svc_rsp_succ     : response is valid
2026-10-09 12:49:03,266 LT1-thread root DEBUG btp.py                    674   core_reg_svc_rsp_succ     : Reading supported commands for service: GAP
2026-10-09 12:49:03,266 LT1-thread root DEBUG iutctl_common.py          161   send                      : 1 1 255 ''
2026-10-09 12:49:03,266 LT1-thread root DEBUG iutctl_common.py          166   send                      : sending frame '0101ff0000'
2026-10-09 12:49:03,266 LT1-thread root DEBUG iutctl_common.py          339   read                      : 
2026-10-09 12:49:03,301 BTPWorkerThread-42374 (_rx_task) root DEBUG iutctl_common.py          123   read                      : Read 5 bytes
2026-10-09 12:49:03,301 BTPWorkerThread-42374 (_rx_task) root DEBUG iutctl_common.py          131   read                      : Received: hdr: Header(svc_id=0x01, op=0x01, ctrl_index=0xff, data_len=0x07) bytearray(b'\x01\x01\xff\x07\x00')
2026-10-09 12:49:03,312 BTPWorkerThread-42374 (_rx_task) root DEBUG iutctl_common.py          139   read                      : Read 7 bytes data
2026-10-09 12:49:03,340 BTPWorkerThread-42374 (_rx_task) root DEBUG iutctl_common.py          154   read                      : Received data: {'6e ff 7f 1f fe ff 2e'}, bytearray(b'n\xff\x7f\x1f\xfe\xff.')
2026-10-09 12:49:03,353 LT1-thread root DEBUG testcase.py               254   start                     : Starting test function: class=<class 'autopts.ptsprojects.testcase.TestFunc'>, func=<bound method Stack.gap_init of <autopts.ptsprojects.stack.stack.Stack object at 0x000002C6862F6F00>> start_wid=None stop_wid=None post_wid=None skip_call=None call_count=30 args=(b'Tester_08E44E',) kwds={}
2026-10-09 12:49:03,353 LT1-thread root DEBUG testcase.py               266   start                     : Test function parameters: args=(b'Tester_08E44E',), kwds={}
2026-10-09 12:49:03,353 LT1-thread root DEBUG testcase.py               254   start                     : Starting test function: class=<class 'autopts.ptsprojects.testcase.TestFunc'>, func=<function gap_read_controller_info at 0x000002C684E6EB60> start_wid=None stop_wid=None post_wid=None skip_call=None call_count=30 args=() kwds={}
2026-10-09 12:49:03,354 LT1-thread root DEBUG testcase.py               266   start                     : Test function parameters: args=(), kwds={}
2026-10-09 12:49:03,354 LT1-thread root DEBUG gap.py                    1163  gap_read_controller_info  : 
2026-10-09 12:49:03,354 LT1-thread root DEBUG iutctl_common.py          161   send                      : 1 3 0 ''
2026-10-09 12:49:03,354 LT1-thread root DEBUG iutctl_common.py          166   send                      : sending frame '0103000000'
2026-10-09 12:49:03,354 LT1-thread root DEBUG iutctl_common.py          339   read                      : 
2026-10-09 12:49:03,385 BTPWorkerThread-42374 (_rx_task) root DEBUG iutctl_common.py          123   read                      : Read 5 bytes
2026-10-09 12:49:03,396 BTPWorkerThread-42374 (_rx_task) root DEBUG iutctl_common.py          131   read                      : Received: hdr: Header(svc_id=0x01, op=0x03, ctrl_index=0x00, data_len=0x115) bytearray(b'\x01\x03\x00\x15\x01')
2026-10-09 12:49:03,428 BTPWorkerThread-42374 (_rx_task) root DEBUG iutctl_common.py          139   read                      : Read 277 bytes data
2026-10-09 12:49:03,428 BTPWorkerThread-42374 (_rx_task) root DEBUG iutctl_common.py          154   read                      : Received data: {'19 78 ee 69 17 d0 d3 06 02 00 13 02 00 00 00 00 00 62 74 70 5f 74 65 73 74 65 72 00 00 00 00 00 00 00 00 00 00 00 00 00 00 00 00 00 00 00 00 00 00 00 00 00 00 00 00 00 00 00 00 00 00 00 00 00 00 00 00 00 00 00 00 00 00 00 00 00 00 00 00 00 00 00 00 00 00 00 00 00 00 00 00 00 00 00 00 00 00 00 00 00 00 00 00 00 00 00 00 00 00 00 00 00 00 00 00 00 00 00 00 00 00 00 00 00 00 00 00 00 00 00 00 00 00 00 00 00 00 00 00 00 00 00 00 00 00 00 00 00 00 00 00 00 00 00 00 00 00 00 00 00 00 00 00 00 00 00 00 00 00 00 00 00 00 00 00 00 00 00 00 00 00 00 00 00 00 00 00 00 00 00 00 00 00 00 00 00 00 00 00 00 00 00 00 00 00 00 00 00 00 00 00 00 00 00 00 00 00 00 00 00 00 00 00 00 00 00 00 00 00 00 00 00 00 00 00 00 00 00 00 00 00 00 00 00 00 00 00 00 00 00 00 00 00 00 00 00 00 00 00 00 00 00 00 00 00 00 00 00 00 00 00 00 00 00 00 00 00'}, bytearray(b'\x19x\xeei\x17\xd0\xd3\x06\x02\x00\x13\x02\x00\x00\x00\x00\x00btp_tester\x00\x00\x00\x00\x00\x00\x00\x00\x00\x00\x00\x00\x00\x00\x00\x00\x00\x00\x00\x00\x00\x00\x00\x00\x00\x00\x00\x00\x00\x00\x00\x00\x00\x00\x00\x00\x00\x00\x00\x00\x00\x00\x00\x00\x00\x00\x00\x00\x00\x00\x00\x00\x00\x00\x00\x00\x00\x00\x00\x00\x00\x00\x00\x00\x00\x00\x00\x00\x00\x00\x00\x00\x00\x00\x00\x00\x00\x00\x00\x00\x00\x00\x00\x00\x00\x00\x00\x00\x00\x00\x00\x00\x00\x00\x00\x00\x00\x00\x00\x00\x00\x00\x00\x00\x00\x00\x00\x00\x00\x00\x00\x00\x00\x00\x00\x00\x00\x00\x00\x00\x00\x00\x00\x00\x00\x00\x00\x00\x00\x00\x00\x00\x00\x00\x00\x00\x00\x00\x00\x00\x00\x00\x00\x00\x00\x00\x00\x00\x00\x00\x00\x00\x00\x00\x00\x00\x00\x00\x00\x00\x00\x00\x00\x00\x00\x00\x00\x00\x00\x00\x00\x00\x00\x00\x00\x00\x00\x00\x00\x00\x00\x00\x00\x00\x00\x00\x00\x00\x00\x00\x00\x00\x00\x00\x00\x00\x00\x00\x00\x00\x00\x00\x00\x00\x00\x00\x00\x00\x00\x00\x00\x00\x00\x00\x00\x00\x00\x00\x00\x00\x00\x00\x00\x00\x00\x00\x00\x00\x00\x00\x00\x00\x00\x00\x00\x00\x00\x00\x00\x00\x00\x00\x00\x00\x00\x00\x00\x00\x00\x00')
2026-10-09 12:49:03,455 LT1-thread root DEBUG gap.py                    1170  gap_read_controller_info  : received Header(svc_id=1, op=3, ctrl_index=0, data_len=277) (b'\x19x\xeei\x17\xd0\xd3\x06\x02\x00\x13\x02\x00\x00\x00\x00\x00btp_tester\x00\x00\x00\x00\x00\x00\x00\x00\x00\x00\x00\x00\x00\x00\x00\x00\x00\x00\x00\x00\x00\x00\x00\x00\x00\x00\x00\x00\x00\x00\x00\x00\x00\x00\x00\x00\x00\x00\x00\x00\x00\x00\x00\x00\x00\x00\x00\x00\x00\x00\x00\x00\x00\x00\x00\x00\x00\x00\x00\x00\x00\x00\x00\x00\x00\x00\x00\x00\x00\x00\x00\x00\x00\x00\x00\x00\x00\x00\x00\x00\x00\x00\x00\x00\x00\x00\x00\x00\x00\x00\x00\x00\x00\x00\x00\x00\x00\x00\x00\x00\x00\x00\x00\x00\x00\x00\x00\x00\x00\x00\x00\x00\x00\x00\x00\x00\x00\x00\x00\x00\x00\x00\x00\x00\x00\x00\x00\x00\x00\x00\x00\x00\x00\x00\x00\x00\x00\x00\x00\x00\x00\x00\x00\x00\x00\x00\x00\x00\x00\x00\x00\x00\x00\x00\x00\x00\x00\x00\x00\x00\x00\x00\x00\x00\x00\x00\x00\x00\x00\x00\x00\x00\x00\x00\x00\x00\x00\x00\x00\x00\x00\x00\x00\x00\x00\x00\x00\x00\x00\x00\x00\x00\x00\x00\x00\x00\x00\x00\x00\x00\x00\x00\x00\x00\x00\x00\x00\x00\x00\x00\x00\x00\x00\x00\x00\x00\x00\x00\x00\x00\x00\x00\x00\x00\x00\x00\x00\x00\x00\x00\x00\x00\x00\x00\x00\x00\x00\x00\x00\x00\x00\x00\x00\x00\x00\x00\x00\x00\x00\x00',)
2026-10-09 12:49:03,455 LT1-thread root DEBUG gap.py                    1191  gap_read_controller_info  : IUT address 'd01769ee7819' 'public'
2026-10-09 12:49:03,456 LT1-thread root DEBUG gap.py                    596   __gap_current_settings_update : 531
2026-10-09 12:49:03,456 LT1-thread root DEBUG testcase.py               254   start                     : Starting test function: class=<class 'autopts.ptsprojects.testcase.TestFunc'>, func=<function test_cases.<locals>.<lambda> at 0x000002C687A6DBC0> start_wid=None stop_wid=None post_wid=None skip_call=None call_count=30 args=() kwds={}
2026-10-09 12:49:03,456 LT1-thread root DEBUG testcase.py               266   start                     : Test function parameters: args=(), kwds={}
2026-10-09 12:49:03,458 LT1-thread root DEBUG testcase.py               254   start                     : Starting test function: class=<class 'autopts.ptsprojects.testcase.TestFunc'>, func=<function test_cases.<locals>.<lambda> at 0x000002C687BC3420> start_wid=None stop_wid=None post_wid=None skip_call=None call_count=30 args=() kwds={}
2026-10-09 12:49:03,459 LT1-thread root DEBUG testcase.py               266   start                     : Test function parameters: args=(), kwds={}
2026-10-09 12:49:03,461 LT1-thread root DEBUG testcase.py               254   start                     : Starting test function: class=<class 'autopts.ptsprojects.testcase.TestFunc'>, func=<function test_cases.<locals>.<lambda> at 0x000002C687BC34C0> start_wid=None stop_wid=None post_wid=None skip_call=None call_count=30 args=() kwds={}
2026-10-09 12:49:03,461 LT1-thread root DEBUG testcase.py               266   start                     : Test function parameters: args=(), kwds={}
2026-10-09 12:49:03,464 LT1-thread root DEBUG testcase.py               254   start                     : Starting test function: class=<class 'autopts.ptsprojects.testcase.TestFunc'>, func=<function set_pts_addr at 0x000002C684E2DD00> start_wid=None stop_wid=None post_wid=None skip_call=None call_count=30 args=('00:1B:DC:08:E4:4E', 0) kwds={}
2026-10-09 12:49:03,464 LT1-thread root DEBUG testcase.py               266   start                     : Test function parameters: args=('00:1B:DC:08:E4:4E', 0), kwds={}
2026-10-09 12:49:03,464 LT1-thread root DEBUG testcase.py               254   start                     : Starting test function: class=<class 'autopts.ptsprojects.testcase.TestFunc'>, func=<function gap_set_io_capability at 0x000002C684E6E020> start_wid=None stop_wid=None post_wid=None skip_call=None call_count=2 args=(0,) kwds={}
2026-10-09 12:49:03,464 LT1-thread root DEBUG testcase.py               266   start                     : Test function parameters: args=(0,), kwds={}
2026-10-09 12:49:03,464 LT1-thread root DEBUG gap.py                    861   gap_set_io_capability     : 0
2026-10-09 12:49:03,465 LT1-thread root DEBUG iutctl_common.py          161   send                      : 1 16 0 '\x00'
2026-10-09 12:49:03,465 LT1-thread root DEBUG iutctl_common.py          166   send                      : sending frame '011000010000'
2026-10-09 12:49:03,465 LT1-thread root DEBUG gap.py                    1229  gap_command_rsp_succ      : 
2026-10-09 12:49:03,465 LT1-thread root DEBUG iutctl_common.py          339   read                      : 
2026-10-09 12:49:03,496 BTPWorkerThread-42374 (_rx_task) root DEBUG iutctl_common.py          123   read                      : Read 5 bytes
2026-10-09 12:49:03,501 BTPWorkerThread-42374 (_rx_task) root DEBUG iutctl_common.py          131   read                      : Received: hdr: Header(svc_id=0x01, op=0x10, ctrl_index=0x00, data_len=0x00) bytearray(b'\x01\x10\x00\x00\x00')
2026-10-09 12:49:03,507 BTPWorkerThread-42374 (_rx_task) root DEBUG iutctl_common.py          154   read                      : Received data: {''}, bytearray(b'')
2026-10-09 12:49:03,518 LT1-thread root DEBUG gap.py                    1234  gap_command_rsp_succ      : received Header(svc_id=1, op=16, ctrl_index=0, data_len=0) (b'',)
2026-10-09 12:49:03,518 LT1-thread root DEBUG testcase.py               254   start                     : Starting test function: class=<class 'autopts.ptsprojects.testcase.TestFunc'>, func=<function gap_set_bondable_on at 0x000002C684E6E8E0> start_wid=None stop_wid=None post_wid=None skip_call=None call_count=2 args=() kwds={}
2026-10-09 12:49:03,518 LT1-thread root DEBUG testcase.py               266   start                     : Test function parameters: args=(), kwds={}
2026-10-09 12:49:03,518 LT1-thread root DEBUG gap.py                    1079  gap_set_bondable_on       : 
2026-10-09 12:49:03,520 LT1-thread root DEBUG client.py                 276   get_result                : ClientCallback.get_result run_test_case
2026-10-09 12:49:06,580 LT1-callback ClientCallback.on_implicit_send INFO client.py                 223   on_implicit_send          : 
    ********************
    BEGIN OnImplicitSend:
    project_name: SM
    wid: 100
    test_case_name: SM/CEN/SCPK/BI-02-C
    description: Initiate an connection from the IUT to the PTS.
    style: MMI_Style_Ok_Cancel2 0x11141
2026-10-09 12:49:06,580 LT1-callback ClientCallback.on_implicit_send INFO client.py                 236   on_implicit_send          : Calling test cases on_implicit_send
2026-10-09 12:49:06,580 LT1-callback ClientCallback.on_implicit_send INFO client.py                 249   on_implicit_send          : 
    on_implicit_send returned response: WAIT
    END OnImplicitSend
    ********************
2026-10-09 12:49:07,523 LT1-thread root DEBUG testcase.py               679   run_wid                   : SM SM/CEN/SCPK/BI-02-C on_implicit_send
2026-10-09 12:49:07,523 LT1-thread root DEBUG sm_wid.py                 27    sm_wid_hdl                : sm_wid_hdl, 100, Initiate an connection from the IUT to the PTS., SM/CEN/SCPK/BI-02-C
2026-10-09 12:49:07,523 LT1-thread root DEBUG gap.py                    762   gap_connect               : None None
2026-10-09 12:49:07,523 LT1-thread root DEBUG iutctl_common.py          161   send                      : 1 14 0 "bytearray(b'\\x00N\\xe4\\x08\\xdc\\x1b\\x00\\x00')"
2026-10-09 12:49:07,523 LT1-thread root DEBUG iutctl_common.py          166   send                      : sending frame '010e000800004ee408dc1b0000'
2026-10-09 12:49:07,523 LT1-thread root DEBUG iutctl_common.py          339   read                      : 
2026-10-09 12:49:07,554 BTPWorkerThread-42374 (_rx_task) root DEBUG iutctl_common.py          123   read                      : Read 5 bytes
2026-10-09 12:49:07,576 BTPWorkerThread-42374 (_rx_task) root DEBUG iutctl_common.py          131   read                      : Received: hdr: Header(svc_id=0x01, op=0x0e, ctrl_index=0x00, data_len=0x00) bytearray(b'\x01\x0e\x00\x00\x00')
2026-10-09 12:49:07,587 BTPWorkerThread-42374 (_rx_task) root DEBUG iutctl_common.py          154   read                      : Received data: {''}, bytearray(b'')
2026-10-09 12:49:07,832 BTPWorkerThread-42374 (_rx_task) root DEBUG iutctl_common.py          123   read                      : Read 5 bytes
2026-10-09 12:49:07,832 BTPWorkerThread-42374 (_rx_task) root DEBUG iutctl_common.py          131   read                      : Received: hdr: Header(svc_id=0x01, op=0x82, ctrl_index=0x00, data_len=0x0d) bytearray(b'\x01\x82\x00\r\x00')
2026-10-09 12:49:07,832 BTPWorkerThread-42374 (_rx_task) root DEBUG iutctl_common.py          139   read                      : Read 13 bytes data
2026-10-09 12:49:07,833 BTPWorkerThread-42374 (_rx_task) root DEBUG iutctl_common.py          154   read                      : Received data: {'00 4e e4 08 dc 1b 00 24 00 00 00 90 01'}, bytearray(b'\x00N\xe4\x08\xdc\x1b\x00$\x00\x00\x00\x90\x01')
2026-10-09 12:49:07,833 BTPWorkerThread-42374 (_rx_task) root DEBUG btp.py                    736   event_handler             : Header(svc_id=1, op=130, ctrl_index=0, data_len=13) (b'\x00N\xe4\x08\xdc\x1b\x00$\x00\x00\x00\x90\x01',)
2026-10-09 12:49:07,833 BTPWorkerThread-42374 (_rx_task) root DEBUG gap.py                    215   gap_connected_ev_         : b'\x00N\xe4\x08\xdc\x1b\x00$\x00\x00\x00\x90\x01'
2026-10-09 12:49:07,890 LT1-thread root DEBUG testcase.py               722   run_wid                   : Sending response 'OK' to wid 100 test case SM/CEN/SCPK/BI-02-C
2026-10-09 12:49:07,892 LT1-thread root DEBUG client.py                 276   get_result                : ClientCallback.get_result run_test_case
2026-10-09 12:49:07,894 LT1-callback ClientCallback.on_implicit_send INFO client.py                 223   on_implicit_send          : 
    ********************
    BEGIN OnImplicitSend:
    project_name: SM
    wid: 108
    test_case_name: SM/CEN/SCPK/BI-02-C
    description: Please start pairing process.
    style: MMI_Style_Ok 0x11040
2026-10-09 12:49:07,894 LT1-callback ClientCallback.on_implicit_send INFO client.py                 236   on_implicit_send          : Calling test cases on_implicit_send
2026-10-09 12:49:07,894 LT1-callback ClientCallback.on_implicit_send INFO client.py                 249   on_implicit_send          : 
    on_implicit_send returned response: WAIT
    END OnImplicitSend
    ********************
2026-10-09 12:49:08,892 LT1-thread root DEBUG testcase.py               679   run_wid                   : SM SM/CEN/SCPK/BI-02-C on_implicit_send
2026-10-09 12:49:08,892 LT1-thread root DEBUG sm_wid.py                 27    sm_wid_hdl                : sm_wid_hdl, 108, Please start pairing process., SM/CEN/SCPK/BI-02-C
2026-10-09 12:49:08,892 LT1-thread root DEBUG gap.py                    873   gap_pair                  : None None
2026-10-09 12:49:08,892 LT1-thread root DEBUG iutctl_common.py          161   send                      : 1 17 0 "bytearray(b'\\x00N\\xe4\\x08\\xdc\\x1b\\x00')"
2026-10-09 12:49:08,892 LT1-thread root DEBUG iutctl_common.py          166   send                      : sending frame '0111000700004ee408dc1b00'
2026-10-09 12:49:08,892 LT1-thread root DEBUG gap.py                    1229  gap_command_rsp_succ      : 
2026-10-09 12:49:08,893 LT1-thread root DEBUG iutctl_common.py          339   read                      : 
2026-10-09 12:49:08,925 BTPWorkerThread-42374 (_rx_task) root DEBUG iutctl_common.py          123   read                      : Read 5 bytes
2026-10-09 12:49:08,936 BTPWorkerThread-42374 (_rx_task) root DEBUG iutctl_common.py          131   read                      : Received: hdr: Header(svc_id=0x01, op=0x11, ctrl_index=0x00, data_len=0x00) bytearray(b'\x01\x11\x00\x00\x00')
2026-10-09 12:49:08,936 BTPWorkerThread-42374 (_rx_task) root DEBUG iutctl_common.py          154   read                      : Received data: {''}, bytearray(b'')
2026-10-09 12:49:08,936 LT1-thread root DEBUG gap.py                    1234  gap_command_rsp_succ      : received Header(svc_id=1, op=17, ctrl_index=0, data_len=0) (b'',)
2026-10-09 12:49:08,937 LT1-thread root DEBUG testcase.py               722   run_wid                   : Sending response 'Ok' to wid 108 test case SM/CEN/SCPK/BI-02-C
2026-10-09 12:49:08,939 LT1-thread root DEBUG client.py                 276   get_result                : ClientCallback.get_result run_test_case
2026-10-09 12:49:09,060 BTPWorkerThread-42374 (_rx_task) root DEBUG iutctl_common.py          123   read                      : Read 5 bytes
2026-10-09 12:49:09,060 BTPWorkerThread-42374 (_rx_task) root DEBUG iutctl_common.py          131   read                      : Received: hdr: Header(svc_id=0x01, op=0x84, ctrl_index=0x00, data_len=0x0b) bytearray(b'\x01\x84\x00\x0b\x00')
2026-10-09 12:49:09,060 BTPWorkerThread-42374 (_rx_task) root DEBUG iutctl_common.py          139   read                      : Read 11 bytes data
2026-10-09 12:49:09,061 BTPWorkerThread-42374 (_rx_task) root DEBUG iutctl_common.py          154   read                      : Received data: {'00 4e e4 08 dc 1b 00 5a c2 0a 00'}, bytearray(b'\x00N\xe4\x08\xdc\x1b\x00Z\xc2\n\x00')
2026-10-09 12:49:09,061 BTPWorkerThread-42374 (_rx_task) root DEBUG btp.py                    736   event_handler             : Header(svc_id=1, op=132, ctrl_index=0, data_len=11) (b'\x00N\xe4\x08\xdc\x1b\x00Z\xc2\n\x00',)
2026-10-09 12:49:09,061 BTPWorkerThread-42374 (_rx_task) root DEBUG gap.py                    238   gap_passkey_disp_ev_      : b'\x00N\xe4\x08\xdc\x1b\x00Z\xc2\n\x00'
2026-10-09 12:49:09,061 BTPWorkerThread-42374 (_rx_task) root DEBUG gap.py                    249   gap_passkey_disp_ev_      : passkey = '705114'
2026-10-09 12:49:09,104 LT1-callback ClientCallback.on_implicit_send INFO client.py                 223   on_implicit_send          : 
    ********************
    BEGIN OnImplicitSend:
    project_name: SM
    wid: 104
    test_case_name: SM/CEN/SCPK/BI-02-C
    description: Please enter 6 digit passkey code.
    style: MMI_Style_Edit1 0x12040
2026-10-09 12:49:09,104 LT1-callback ClientCallback.on_implicit_send INFO client.py                 236   on_implicit_send          : Calling test cases on_implicit_send
2026-10-09 12:49:09,104 LT1-callback ClientCallback.on_implicit_send INFO client.py                 249   on_implicit_send          : 
    on_implicit_send returned response: WAIT
    END OnImplicitSend
    ********************
2026-10-09 12:49:09,939 LT1-thread root DEBUG testcase.py               679   run_wid                   : SM SM/CEN/SCPK/BI-02-C on_implicit_send
2026-10-09 12:49:09,939 LT1-thread root DEBUG sm_wid.py                 27    sm_wid_hdl                : sm_wid_hdl, 104, Please enter 6 digit passkey code., SM/CEN/SCPK/BI-02-C
2026-10-09 12:49:09,939 LT1-thread root DEBUG testcase.py               722   run_wid                   : Sending response '705114' to wid 104 test case SM/CEN/SCPK/BI-02-C
2026-10-09 12:49:09,941 LT1-thread root DEBUG client.py                 276   get_result                : ClientCallback.get_result run_test_case
2026-10-09 12:49:10,227 BTPWorkerThread-42374 (_rx_task) root DEBUG iutctl_common.py          123   read                      : Read 5 bytes
2026-10-09 12:49:10,227 BTPWorkerThread-42374 (_rx_task) root DEBUG iutctl_common.py          131   read                      : Received: hdr: Header(svc_id=0x01, op=0x91, ctrl_index=0x00, data_len=0x09) bytearray(b'\x01\x91\x00\t\x00')
2026-10-09 12:49:10,227 BTPWorkerThread-42374 (_rx_task) root DEBUG iutctl_common.py          139   read                      : Read 9 bytes data
2026-10-09 12:49:10,227 BTPWorkerThread-42374 (_rx_task) root DEBUG iutctl_common.py          154   read                      : Received data: {'00 4e e4 08 dc 1b 00 00 00'}, bytearray(b'\x00N\xe4\x08\xdc\x1b\x00\x00\x00')
2026-10-09 12:49:10,228 BTPWorkerThread-42374 (_rx_task) root DEBUG btp.py                    736   event_handler             : Header(svc_id=1, op=145, ctrl_index=0, data_len=9) (b'\x00N\xe4\x08\xdc\x1b\x00\x00\x00',)
2026-10-09 12:49:10,228 BTPWorkerThread-42374 (_rx_task) root DEBUG gap.py                    494   gap_encryption_change_ev_ : 
2026-10-09 12:49:10,228 BTPWorkerThread-42374 (_rx_task) root DEBUG gap.py                    496   gap_encryption_change_ev_ : enc change received b'\x00N\xe4\x08\xdc\x1b\x00\x00\x00'
2026-10-09 12:49:10,228 BTPWorkerThread-42374 (_rx_task) root DEBUG gap.py                    505   gap_encryption_change_ev_ : received (0, '001bdc08e44e', 0, 0)
2026-10-09 12:49:10,228 BTPWorkerThread-42374 (_rx_task) root DEBUG iutctl_common.py          123   read                      : Read 5 bytes
2026-10-09 12:49:10,229 BTPWorkerThread-42374 (_rx_task) root DEBUG iutctl_common.py          131   read                      : Received: hdr: Header(svc_id=0x01, op=0x8c, ctrl_index=0x00, data_len=0x08) bytearray(b'\x01\x8c\x00\x08\x00')
2026-10-09 12:49:10,229 BTPWorkerThread-42374 (_rx_task) root DEBUG iutctl_common.py          139   read                      : Read 1 bytes data
2026-10-09 12:49:10,238 BTPWorkerThread-42374 (_rx_task) root DEBUG iutctl_common.py          139   read                      : Read 7 bytes data
2026-10-09 12:49:10,238 BTPWorkerThread-42374 (_rx_task) root DEBUG iutctl_common.py          154   read                      : Received data: {'00 4e e4 08 dc 1b 00 01'}, bytearray(b'\x00N\xe4\x08\xdc\x1b\x00\x01')
2026-10-09 12:49:10,238 BTPWorkerThread-42374 (_rx_task) root DEBUG btp.py                    736   event_handler             : Header(svc_id=1, op=140, ctrl_index=0, data_len=8) (b'\x00N\xe4\x08\xdc\x1b\x00\x01',)
2026-10-09 12:49:10,238 BTPWorkerThread-42374 (_rx_task) root DEBUG gap.py                    333   gap_pairing_failed_ev_    : 
2026-10-09 12:49:10,239 BTPWorkerThread-42374 (_rx_task) root DEBUG gap.py                    335   gap_pairing_failed_ev_    : received b'\x00N\xe4\x08\xdc\x1b\x00\x01'
2026-10-09 12:49:10,239 BTPWorkerThread-42374 (_rx_task) root DEBUG gap.py                    344   gap_pairing_failed_ev_    : received (0, '001bdc08e44e', 1)
2026-10-09 12:49:10,274 LT1-callback ClientCallback.on_implicit_send INFO client.py                 223   on_implicit_send          : 
    ********************
    BEGIN OnImplicitSend:
    project_name: SM
    wid: 102
    test_case_name: SM/CEN/SCPK/BI-02-C
    description: Please initiate a disconnection to the PTS.

Description: Verify that the Implementation Under Test(IUT) can initiate a disconnect request to PTS.
    style: MMI_Style_Ok_Cancel2 0x11141
2026-10-09 12:49:10,274 LT1-callback ClientCallback.on_implicit_send INFO client.py                 236   on_implicit_send          : Calling test cases on_implicit_send
2026-10-09 12:49:10,274 LT1-callback ClientCallback.on_implicit_send INFO client.py                 249   on_implicit_send          : 
    on_implicit_send returned response: WAIT
    END OnImplicitSend
    ********************
2026-10-09 12:49:10,942 LT1-thread root DEBUG testcase.py               679   run_wid                   : SM SM/CEN/SCPK/BI-02-C on_implicit_send
2026-10-09 12:49:10,942 LT1-thread root DEBUG sm_wid.py                 27    sm_wid_hdl                : sm_wid_hdl, 102, Please initiate a disconnection to the PTS.

Description: Verify that the Implementation Under Test(IUT) can initiate a disconnect request to PTS., SM/CEN/SCPK/BI-02-C
2026-10-09 12:49:10,942 LT1-thread root DEBUG gap.py                    834   gap_disconnect            : None None
2026-10-09 12:49:10,942 LT1-thread root DEBUG iutctl_common.py          161   send                      : 1 15 0 "bytearray(b'\\x00N\\xe4\\x08\\xdc\\x1b\\x00')"
2026-10-09 12:49:10,942 LT1-thread root DEBUG iutctl_common.py          166   send                      : sending frame '010f000700004ee408dc1b00'
2026-10-09 12:49:10,942 LT1-thread root DEBUG iutctl_common.py          339   read                      : 
2026-10-09 12:49:10,980 BTPWorkerThread-42374 (_rx_task) root DEBUG iutctl_common.py          123   read                      : Read 5 bytes
2026-10-09 12:49:10,991 BTPWorkerThread-42374 (_rx_task) root DEBUG iutctl_common.py          131   read                      : Received: hdr: Header(svc_id=0x01, op=0x0f, ctrl_index=0x00, data_len=0x00) bytearray(b'\x01\x0f\x00\x00\x00')
2026-10-09 12:49:10,999 BTPWorkerThread-42374 (_rx_task) root DEBUG iutctl_common.py          154   read                      : Received data: {''}, bytearray(b'')
2026-10-09 12:49:11,001 BTPWorkerThread-42374 (_rx_task) root DEBUG iutctl_common.py          123   read                      : Read 5 bytes
2026-10-09 12:49:11,001 BTPWorkerThread-42374 (_rx_task) root DEBUG iutctl_common.py          131   read                      : Received: hdr: Header(svc_id=0x01, op=0x83, ctrl_index=0x00, data_len=0x07) bytearray(b'\x01\x83\x00\x07\x00')
2026-10-09 12:49:11,001 BTPWorkerThread-42374 (_rx_task) root DEBUG iutctl_common.py          139   read                      : Read 7 bytes data
2026-10-09 12:49:11,002 BTPWorkerThread-42374 (_rx_task) root DEBUG iutctl_common.py          154   read                      : Received data: {'00 4e e4 08 dc 1b 00'}, bytearray(b'\x00N\xe4\x08\xdc\x1b\x00')
2026-10-09 12:49:11,002 BTPWorkerThread-42374 (_rx_task) root DEBUG btp.py                    736   event_handler             : Header(svc_id=1, op=131, ctrl_index=0, data_len=7) (b'\x00N\xe4\x08\xdc\x1b\x00',)
2026-10-09 12:49:11,002 BTPWorkerThread-42374 (_rx_task) root DEBUG gap.py                    228   gap_disconnected_ev_      : b'\x00N\xe4\x08\xdc\x1b\x00'
2026-10-09 12:49:11,100 LT1-thread root DEBUG testcase.py               722   run_wid                   : Sending response 'OK' to wid 102 test case SM/CEN/SCPK/BI-02-C
2026-10-09 12:49:11,102 LT1-thread root DEBUG client.py                 276   get_result                : ClientCallback.get_result run_test_case
2026-10-09 12:49:14,734 LT1-callback ClientCallback.log INFO client.py                 200   log                       : PTS_LOGTYPE_START_TEST Start Test Case 

+1641 ms
 SM/CEN/SCPK/BI-02-C SM/CEN/SCPK/BI-02-C

2026-10-09 12:49:14,997 LT1-callback ClientCallback.log INFO client.py                 200   log                       : PTS_LOGTYPE_FINAL_VERDICT Final Verdict 

+11016 ms
 SM/CEN/SCPK/BI-02-C PASS

2026-10-09 12:49:15,002 LT1-callback ClientCallback.log INFO client.py                 200   log                       : PTS_LOGTYPE_FINAL_VERDICT Encrypted Verdict 

+11016 ms
 SM/CEN/SCPK/BI-02-C A1#ZDg5NmEzOTg0NDZmZjVhNjc5ODk3ODVjMGViMzQzZjQ1MmE0MWJlMDM5NGFmN2EwMmNiMTRlNmRhNGFiMmJkYw==#BvdLWpFNoHnhClGrNIgr3c+cDGUEawpDt3dvw0mvLJcbI64WU1oLwh7JI0i5tzn9

2026-10-09 12:49:15,006 LT1-callback ClientCallback.log INFO client.py                 200   log                       : PTS_LOGTYPE_END_TEST Test Case Ended 

+11016 ms
 SM/CEN/SCPK/BI-02-C SM/CEN/SCPK/BI-02-C

2026-10-09 12:49:15,138 LT1-callback root DEBUG client.py                 261   set_result                : ClientCallback, set_result, run_test_case, PASS
2026-10-09 12:49:15,138 LT1-thread root DEBUG client.py                 1186  _run_test_case            : After run_test_case error_code=0 status='PASS'
2026-10-09 12:49:15,139 LT1-thread root DEBUG testcase.py               766   post_run                  : post_run SM SM/CEN/SCPK/BI-02-C 0
2026-10-09 12:49:15,139 LT1-thread root DEBUG testcase.py               254   start                     : Starting test function: class=<class 'autopts.ptsprojects.testcase.TestFuncCleanUp'>, func=<bound method ZTestCase._test_case_cleanup of <autopts.ptsprojects.zephyr.ztestcase.ZTestCase object at 0x000002C687BE1910>> start_wid=None stop_wid=None post_wid=None skip_call=None call_count=2 args=() kwds={}
2026-10-09 12:49:15,139 LT1-thread root DEBUG testcase.py               266   start                     : Test function parameters: args=(), kwds={}
2026-10-09 12:49:15,140 LT1-thread root DEBUG pbap.py                   1895  start                     : PBAP event handler started
2026-10-09 12:49:15,140 LT1-thread root DEBUG map.py                    3404  start                     : MAP event handler started
2026-10-09 12:49:15,140 LT1-thread root DEBUG iutctl.py                 415   stop                      : <class 'autopts.ptsprojects.zephyr.iutctl.create_zephyr_ctl_class.<locals>.ZephyrCtl'>.stop
2026-10-09 12:49:15,140 LT1-thread root DEBUG __init__.py               51    reset                     : About to reset DUT: JLink -CommandFile reset.jlink -usb 1063214216 -device MIMXRT1176XXXA_M7
2026-10-09 12:49:15,456 BTPWorkerThread-42374 (_rx_task) root DEBUG iutctl_common.py          123   read                      : Read 5 bytes
2026-10-09 12:49:15,456 BTPWorkerThread-42374 (_rx_task) root DEBUG iutctl_common.py          131   read                      : Received: hdr: Header(svc_id=0x00, op=0x80, ctrl_index=0xff, data_len=0x00) bytearray(b'\x00\x80\xff\x00\x00')
2026-10-09 12:49:15,456 BTPWorkerThread-42374 (_rx_task) root DEBUG iutctl_common.py          154   read                      : Received data: {''}, bytearray(b'')
2026-10-09 12:49:15,457 BTPWorkerThread-42374 (_rx_task) root DEBUG btp.py                    736   event_handler             : Header(svc_id=0, op=128, ctrl_index=255, data_len=0) (b'',)
2026-10-09 12:49:15,457 BTPWorkerThread-42374 (_rx_task) root DEBUG core.py                   23    core_iut_ready_ev         : 
2026-10-09 12:49:15,525 LT1-thread root DEBUG iutctl.py                 436   _stop_tty_mode            : IUT ready event received OK
2026-10-09 12:49:15,525 LT1-thread root DEBUG iutctl_common.py          416   close                     : Waiting for _rx_worker to finish ...
2026-10-09 12:49:16,458 BTPWorkerThread-42374 (_rx_task) root DEBUG iutctl_common.py          332   _rx_task                  : BTPWorkerThread-42374 (_rx_task) finishing...
2026-10-09 12:49:19,464 LT1-thread root DEBUG testcase.py               794   post_run                  : post_run, cleanup running post test case script
2026-10-09 12:49:19,464 LT1-thread root DEBUG testcase.py               802   post_run                  : post_run, run post test case script
2026-10-09 12:49:19,539 LT1-thread root DEBUG client.py                 1220  _run_test_case            : Done TestCase _run_test_case SM SM/CEN/SCPK/BI-02-C
