06:27:04:438    > BTP_CORE_CMD_READ_SUPPORTED_SERVICES (0x00|0x02|0xff)
                  raw data (0): 00 02 ff 00 00|
06:27:04:455    < BTP_CORE_CMD_READ_SUPPORTED_SERVICES (0x00|0x02|0xff)
                  raw data (6): 00 02 ff 06 00|0f 00 00 a0 ff 03
06:27:04:460    > BTP_CORE_CMD_REGISTER_SERVICE (0x00|0x03|0xff)
                  raw data (1): 00 03 ff 01 00|01
06:27:08:583    < BTP_CORE_CMD_REGISTER_SERVICE (0x00|0x03|0xff)
                  raw data (0): 00 03 ff 00 00|
06:27:08:589    > BTP_GAP_CMD_READ_SUPPORTED_COMMANDS (0x01|0x01|0xff)
                  raw data (0): 01 01 ff 00 00|
06:27:08:635    < BTP_GAP_CMD_READ_SUPPORTED_COMMANDS (0x01|0x01|0xff)
                  raw data (7): 01 01 ff 07 00|6e ff 7f 1f fe ff 2e
06:27:08:636    > BTP_CORE_CMD_REGISTER_SERVICE (0x00|0x03|0xff)
                  raw data (3): 00 03 ff 01 00|03
06:27:08:673    < BTP_CORE_CMD_REGISTER_SERVICE (0x00|0x03|0xff)
                  raw data (0): 00 03 ff 00 00|
06:27:08:678    > BTP_L2CAP_CMD_READ_SUPPORTED_COMMANDS (0x03|0x01|0xff)
                  raw data (0): 03 01 ff 00 00|
06:27:08:739    < BTP_L2CAP_CMD_READ_SUPPORTED_COMMANDS (0x03|0x01|0xff)
                  raw data (2): 03 01 ff 02 00|be 1f
06:27:08:745    > BTP_GAP_CMD_READ_CONTROLLER_INFO (0x01|0x03|0x00)
                  raw data (0): 01 03 00 00 00|
06:27:08:848    < BTP_GAP_CMD_READ_CONTROLLER_INFO (0x01|0x03|0x00)
                  raw data (277): 
                  01 03 00 15 01|19 78 ee 69 17 d0 d3 06 02 00 13 
                  02 00 00 00 00 00 62 74 70 5f 74 65 73 74 65 72 
                  00 00 00 00 00 00 00 00 00 00 00 00 00 00 00 00 
                  00 00 00 00 00 00 00 00 00 00 00 00 00 00 00 00 
                  00 00 00 00 00 00 00 00 00 00 00 00 00 00 00 00 
                  00 00 00 00 00 00 00 00 00 00 00 00 00 00 00 00 
                  00 00 00 00 00 00 00 00 00 00 00 00 00 00 00 00 
                  00 00 00 00 00 00 00 00 00 00 00 00 00 00 00 00 
                  00 00 00 00 00 00 00 00 00 00 00 00 00 00 00 00 
                  00 00 00 00 00 00 00 00 00 00 00 00 00 00 00 00 
                  00 00 00 00 00 00 00 00 00 00 00 00 00 00 00 00 
                  00 00 00 00 00 00 00 00 00 00 00 00 00 00 00 00 
                  00 00 00 00 00 00 00 00 00 00 00 00 00 00 00 00 
                  00 00 00 00 00 00 00 00 00 00 00 00 00 00 00 00 
                  00 00 00 00 00 00 00 00 00 00 00 00 00 00 00 00 
                  00 00 00 00 00 00 00 00 00 00 00 00 00 00 00 00 
                  00 00 00 00 00 00 00 00 00 00 00 00 00 00 00 00 
                  00 00 00 00 00 00 00 00 00 00
06:27:08:887    > BTP_L2CAP_CMD_LISTEN (0x03|0x05|0x00)
                  raw data (7): 03 05 00 07 00|80 00 01 78 00 00 00
06:27:08:942    < BTP_L2CAP_CMD_LISTEN (0x03|0x05|0x00)
                  raw data (0): 03 05 00 00 00|
06:27:10:952    > BTP_GAP_CMD_CONNECT (0x01|0x0e|0x00)
                  raw data (8): 01 0e 00 08 00|00 4e e4 08 dc 1b 00 00
06:27:11:004    < BTP_GAP_CMD_CONNECT (0x01|0x0e|0x00)
                  raw data (0): 01 0e 00 00 00|
06:27:11:026    < BTP_GAP_EV_DEVICE_CONNECTED (0x01|0x82|0x00)
                  raw data (13): 
                  01 82 00 0d 00|00 4e e4 08 dc 1b 00 24 00 00 00 
                  90 01
06:27:13:019    > BTP_L2CAP_CMD_CONNECT (0x03|0x02|0x00)
                  raw data (13): 
                  03 02 00 0d 00|00 4e e4 08 dc 1b 00 80 00 78 00 
                  02 01
06:27:13:074    < BTP_L2CAP_CMD_CONNECT (0x03|0x02|0x00)
                  raw data (3): 03 02 00 03 00|02 00 01
06:27:13:108    < BTP_L2CAP_EV_CONNECTED (0x03|0x81|0x00)
                  raw data (18): 
                  03 81 00 12 00|00 68 00 40 00 40 00 78 00 60 00 
                  00 4e e4 08 dc 1b 00
06:27:13:108    < BTP_L2CAP_EV_CONNECTED (0x03|0x81|0x00)
                  raw data (18): 
                  03 81 00 12 00|01 68 00 40 00 40 00 78 00 60 00 
                  00 4e e4 08 dc 1b 00
06:27:13:386    < BTP_L2CAP_EV_DATA_RECEIVED (0x03|0x83|0x00)
                  raw data (123): 
                  03 83 00 7b 00|00 78 00 aa aa aa aa aa aa aa aa 
                  aa aa aa aa aa aa aa aa aa aa aa aa aa aa aa aa 
                  aa aa aa aa aa aa aa aa aa aa aa aa aa aa aa aa 
                  aa aa aa aa aa aa aa aa aa aa aa aa aa aa aa aa 
                  aa aa aa aa aa aa aa aa aa aa aa aa aa aa aa aa 
                  aa aa aa aa aa aa aa aa aa aa aa aa aa aa aa aa 
                  aa aa aa aa aa aa aa aa aa aa aa aa aa aa aa aa 
                  aa aa aa aa aa aa aa aa aa aa aa aa aa aa aa aa
06:27:13:472    < BTP_L2CAP_EV_DATA_RECEIVED (0x03|0x83|0x00)
                  raw data (113): 
                  03 83 00 71 00|01 6e 00 55 55 55 55 55 55 55 55 
                  55 55 55 55 55 55 55 55 55 55 55 55 55 55 55 55 
                  55 55 55 55 55 55 55 55 55 55 55 55 55 55 55 55 
                  55 55 55 55 55 55 55 55 55 55 55 55 55 55 55 55 
                  55 55 55 55 55 55 55 55 55 55 55 55 55 55 55 55 
                  55 55 55 55 55 55 55 55 55 55 55 55 55 55 55 55 
                  55 55 55 55 55 55 55 55 55 55 55 55 55 55 55 55 
                  55 55 55 55 55 55
06:27:14:453    < BTP_L2CAP_EV_DISCONNECTED (0x03|0x82|0x00)
                  raw data (12): 
                  03 82 00 0c 00|00 00 00 00 00 00 4e e4 08 dc 1b 
                  00
06:27:14:454    < BTP_L2CAP_EV_DISCONNECTED (0x03|0x82|0x00)
                  raw data (12): 
                  03 82 00 0c 00|00 00 01 00 00 00 4e e4 08 dc 1b 
                  00
06:27:14:455    < BTP_GAP_EV_DEVICE_DISCONNECTED (0x01|0x83|0x00)
                  raw data (7): 01 83 00 07 00|00 4e e4 08 dc 1b 00
06:27:17:661    < BTP_CORE_EV_IUT_READY (0x00|0x80|0xff)
                  raw data (0): 00 80 ff 00 00|
