08:37:04:401    > BTP_CORE_CMD_READ_SUPPORTED_SERVICES (0x00|0x02|0xff)
                  raw data (0): 00 02 ff 00 00|
08:37:04:445    < BTP_CORE_CMD_READ_SUPPORTED_SERVICES (0x00|0x02|0xff)
                  raw data (6): 00 02 ff 06 00|0f 00 00 a0 ff 03
08:37:04:457    > BTP_CORE_CMD_REGISTER_SERVICE (0x00|0x03|0xff)
                  raw data (1): 00 03 ff 01 00|01
08:37:08:583    < BTP_CORE_CMD_REGISTER_SERVICE (0x00|0x03|0xff)
                  raw data (0): 00 03 ff 00 00|
08:37:08:595    > BTP_GAP_CMD_READ_SUPPORTED_COMMANDS (0x01|0x01|0xff)
                  raw data (0): 01 01 ff 00 00|
08:37:08:655    < BTP_GAP_CMD_READ_SUPPORTED_COMMANDS (0x01|0x01|0xff)
                  raw data (7): 01 01 ff 07 00|6e ff 7f 1f fe ff 2e
08:37:08:667    > BTP_GAP_CMD_READ_CONTROLLER_INFO (0x01|0x03|0x00)
                  raw data (0): 01 03 00 00 00|
08:37:08:762    < BTP_GAP_CMD_READ_CONTROLLER_INFO (0x01|0x03|0x00)
                  raw data (277): 
                  01 03 00 15 01|19 78 ee 69 17 d0 d3 06 02 00 13 
                  02 00 00 00 00 00 62 74 70 5f 74 65 73 74 65 72 
                  00 00 00 00 00 00 00 00 00 00 00 00 00 00 00 00 
                  00 00 00 00 00 00 00 00 00 00 00 00 00 00 00 00 
                  00 00 00 00 00 00 00 00 00 00 00 00 00 00 00 00 
                  00 00 00 00 00 00 00 00 00 00 00 00 00 00 00 00 
                  00 00 00 00 00 00 00 00 00 00 00 00 00 00 00 00 
                  00 00 00 00 00 00 00 00 00 00 00 00 00 00 00 00 
                  00 00 00 00 00 00 00 00 00 00 00 00 00 00 00 00 
                  00 00 00 00 00 00 00 00 00 00 00 00 00 00 00 00 
                  00 00 00 00 00 00 00 00 00 00 00 00 00 00 00 00 
                  00 00 00 00 00 00 00 00 00 00 00 00 00 00 00 00 
                  00 00 00 00 00 00 00 00 00 00 00 00 00 00 00 00 
                  00 00 00 00 00 00 00 00 00 00 00 00 00 00 00 00 
                  00 00 00 00 00 00 00 00 00 00 00 00 00 00 00 00 
                  00 00 00 00 00 00 00 00 00 00 00 00 00 00 00 00 
                  00 00 00 00 00 00 00 00 00 00 00 00 00 00 00 00 
                  00 00 00 00 00 00 00 00 00 00
08:37:08:782    > BTP_CORE_CMD_REGISTER_SERVICE (0x00|0x03|0xff)
                  raw data (41): 00 03 ff 01 00|29
08:37:08:838    < BTP_CORE_CMD_REGISTER_SERVICE (0x00|0x03|0xff)
                  raw data (0): 00 03 ff 00 00|
08:37:08:850    > BTP_MAP_CMD_READ_SUPPORTED_COMMANDS (0x29|0x01|0xff)
                  raw data (0): 29 01 ff 00 00|
08:37:08:940    < BTP_MAP_CMD_READ_SUPPORTED_COMMANDS (0x29|0x01|0xff)
                  raw data (7): 29 01 ff 07 00|fe ff ff ff ff ff 7f
08:37:11:954    > BTP_GAP_CMD_SET_DISCOVERABLE (0x01|0x08|0x00)
                  raw data (1): 01 08 00 01 00|01
08:37:12:024    < BTP_GAP_CMD_SET_DISCOVERABLE (0x01|0x08|0x00)
                  raw data (4): 01 08 00 04 00|1b 02 00 00
08:37:14:675    < BTP_GAP_EV_DEVICE_CONNECTED (0x01|0x82|0x00)
                  raw data (13): 
                  01 82 00 0d 00|e0 4e e4 08 dc 1b 00 00 00 00 00 
                  00 00
08:37:14:676    < BTP_GAP_EV_NEW_SETTINGS (0x01|0x80|0x00)
                  raw data (4): 01 80 00 04 00|1b 02 00 00
08:37:16:446    < BTP_GAP_EV_ENCRYPTION_CHANGE (0x01|0x91|0x00)
                  raw data (9): 01 91 00 09 00|e0 4e e4 08 dc 1b 00 01 10
08:37:16:448    < BTP_GAP_EV_SEC_LEVEL_CHANGED (0x01|0x89|0x00)
                  raw data (8): 01 89 00 08 00|e0 4e e4 08 dc 1b 00 02
08:37:16:479    < BTP_MAP_EV_MSE_MAS_L2CAP_CONNECTED (0x29|0x9e|0x00)
                  raw data (8): 29 9e 00 08 00|e0 4e e4 08 dc 1b 00 00
08:37:16:585    < BTP_MAP_EV_MSE_MAS_CONNECT (0x29|0xa0|0x00)
                  raw data (41): 
                  29 a0 00 29 00|e0 4e e4 08 dc 1b 00 00 10 ff 00 
                  1c 00 46 00 13 bb 58 2b 40 42 0c 11 db b0 de 08 
                  00 20 0c 9a 66 4c 00 09 29 04 00 7f ff ff
08:37:16:586    > BTP_MAP_CMD_MSE_MAS_CONNECT (0x29|0x1e|0x00)
                  raw data (9): 29 1e 00 09 00|e0 4e e4 08 dc 1b 00 00 a0
08:37:16:627    < BTP_MAP_CMD_MSE_MAS_CONNECT (0x29|0x1e|0x00)
                  raw data (0): 29 1e 00 00 00|
08:37:16:631    < BTP_MAP_EV_MSE_MAS_SET_FOLDER (0x29|0xa4|0x00)
                  raw data (19): 
                  29 a4 00 13 00|e0 4e e4 08 dc 1b 00 00 02 08 00 
                  01 00 03 cb 00 00 00 04
08:37:16:633    > BTP_MAP_CMD_MSE_MAS_SET_FOLDER (0x29|0x21|0x00)
                  raw data (11): 29 21 00 0b 00|e0 4e e4 08 dc 1b 00 00 a0 00 00
08:37:16:679    < BTP_MAP_CMD_MSE_MAS_SET_FOLDER (0x29|0x21|0x00)
                  raw data (0): 29 21 00 00 00|
08:37:16:680    < BTP_MAP_EV_MSE_MAS_SET_FOLDER (0x29|0xa4|0x00)
                  raw data (35): 
                  29 a4 00 23 00|e0 4e e4 08 dc 1b 00 00 02 18 00 
                  01 00 13 00 74 00 65 00 6c 00 65 00 63 00 6f 00 
                  6d 00 00 cb 00 00 00 04
08:37:16:681    > BTP_MAP_CMD_MSE_MAS_SET_FOLDER (0x29|0x21|0x00)
                  raw data (11): 29 21 00 0b 00|e0 4e e4 08 dc 1b 00 00 a0 00 00
08:37:16:720    < BTP_MAP_CMD_MSE_MAS_SET_FOLDER (0x29|0x21|0x00)
                  raw data (0): 29 21 00 00 00|
08:37:16:721    < BTP_MAP_EV_MSE_MAS_SET_FOLDER (0x29|0xa4|0x00)
                  raw data (27): 
                  29 a4 00 1b 00|e0 4e e4 08 dc 1b 00 00 02 10 00 
                  01 00 0b 00 6d 00 73 00 67 00 00 cb 00 00 00 04
08:37:16:722    > BTP_MAP_CMD_MSE_MAS_SET_FOLDER (0x29|0x21|0x00)
                  raw data (11): 29 21 00 0b 00|e0 4e e4 08 dc 1b 00 00 a0 00 00
08:37:16:755    < BTP_MAP_CMD_MSE_MAS_SET_FOLDER (0x29|0x21|0x00)
                  raw data (0): 29 21 00 00 00|
08:37:16:772    < BTP_MAP_EV_MSE_MAS_SET_OWNER_STATUS (0x29|0xac|0x00)
                  raw data (71): 
                  29 ac 00 47 00|e0 4e e4 08 dc 1b 00 00 01 3c 00 
                  42 00 14 78 2d 62 74 2f 6f 77 6e 65 72 53 74 61 
                  74 75 73 00 4c 00 1f 1c 01 05 21 01 04 1e 14 32 
                  30 31 35 30 31 30 32 54 31 32 33 34 35 36 2b 30 
                  31 30 30 cb 00 00 00 04 49 00 04 30
08:37:16:773    > BTP_MAP_CMD_MSE_MAS_SET_OWNER_STATUS (0x29|0x2a|0x00)
                  raw data (11): 29 2a 00 0b 00|e0 4e e4 08 dc 1b 00 00 a0 00 00
08:37:16:816    < BTP_MAP_CMD_MSE_MAS_SET_OWNER_STATUS (0x29|0x2a|0x00)
                  raw data (0): 29 2a 00 00 00|
08:37:16:821    < BTP_MAP_EV_MSE_MAS_DISCONNECT (0x29|0xa1|0x00)
                  raw data (15): 
                  29 a1 00 0f 00|e0 4e e4 08 dc 1b 00 00 05 00 cb 
                  00 00 00 04
08:37:16:822    > BTP_MAP_CMD_MSE_MAS_DISCONNECT (0x29|0x1f|0x00)
                  raw data (9): 29 1f 00 09 00|e0 4e e4 08 dc 1b 00 00 a0
08:37:16:859    < BTP_MAP_CMD_MSE_MAS_DISCONNECT (0x29|0x1f|0x00)
                  raw data (0): 29 1f 00 00 00|
08:37:16:865    < BTP_MAP_EV_MSE_MAS_L2CAP_DISCONNECTED (0x29|0x9f|0x00)
                  raw data (8): 29 9f 00 08 00|e0 4e e4 08 dc 1b 00 00
08:37:16:866    < BTP_GAP_EV_DEVICE_DISCONNECTED (0x01|0x83|0x00)
                  raw data (7): 01 83 00 07 00|e0 4e e4 08 dc 1b 00
08:37:20:457    < BTP_CORE_EV_IUT_READY (0x00|0x80|0xff)
                  raw data (0): 00 80 ff 00 00|
