2026-09-17 13:32:27,878 LT1-thread root DEBUG client.py                 1099  _run_test_case            : Starting TestCase _run_test_case GAP GAP/DISC/GENM/BV-03-C
2026-09-17 13:32:27,878 LT1-thread root DEBUG testcase.py               727   pre_run                   : pre_run GAP GAP/DISC/GENM/BV-03-C
2026-09-17 13:32:27,878 LT1-thread root DEBUG testcase.py               729   pre_run                   : About to run test case GAP GAP/DISC/GENM/BV-03-C with commands:
2026-09-17 13:32:27,878 LT1-thread root DEBUG testcase.py               731   pre_run                   : 0) class=<class 'autopts.ptsprojects.testcase.TestFunc'>, func=<bound method ZTestCase._test_case_start of <autopts.ptsprojects.zephyr.ztestcase.ZTestCase object at 0x00000203DCD1C920>> start_wid=None stop_wid=None post_wid=None skip_call=None call_count=1 args=() kwds={}
2026-09-17 13:32:27,879 LT1-thread root DEBUG testcase.py               731   pre_run                   : 1) class=<class 'autopts.ptsprojects.testcase.TestFunc'>, func=<function core_reg_svc_gap at 0x00000203DA228720> start_wid=None stop_wid=None post_wid=None skip_call=None call_count=16 args=() kwds={}
2026-09-17 13:32:27,879 LT1-thread root DEBUG testcase.py               731   pre_run                   : 2) class=<class 'autopts.ptsprojects.testcase.TestFunc'>, func=<bound method Stack.gap_init of <autopts.ptsprojects.stack.stack.Stack object at 0x00000203DA34D4F0>> start_wid=None stop_wid=None post_wid=None skip_call=None call_count=16 args=(b'Tester_08E44E', 'ABCD', '1111', '1111', '11', '1111', b'\x17github.com/auto-pts', (8, 'PADV_Tester'), 'FF') kwds={}
2026-09-17 13:32:27,879 LT1-thread root DEBUG testcase.py               731   pre_run                   : 3) class=<class 'autopts.ptsprojects.testcase.TestFunc'>, func=<function gap_read_controller_info at 0x00000203DA247560> start_wid=None stop_wid=None post_wid=None skip_call=None call_count=16 args=() kwds={}
2026-09-17 13:32:27,879 LT1-thread root DEBUG testcase.py               731   pre_run                   : 4) class=<class 'autopts.ptsprojects.testcase.TestFunc'>, func=<function test_cases.<locals>.<lambda> at 0x00000203DCC65BC0> start_wid=None stop_wid=None post_wid=None skip_call=None call_count=16 args=() kwds={}
2026-09-17 13:32:27,879 LT1-thread root DEBUG testcase.py               731   pre_run                   : 5) class=<class 'autopts.ptsprojects.testcase.TestFunc'>, func=<function test_cases.<locals>.<lambda> at 0x00000203DCC65C60> start_wid=None stop_wid=None post_wid=None skip_call=None call_count=16 args=() kwds={}
2026-09-17 13:32:27,879 LT1-thread root DEBUG testcase.py               731   pre_run                   : 6) class=<class 'autopts.ptsprojects.testcase.TestFunc'>, func=<function test_cases.<locals>.<lambda> at 0x00000203DCC65D00> start_wid=None stop_wid=None post_wid=None skip_call=None call_count=16 args=() kwds={}
2026-09-17 13:32:27,880 LT1-thread root DEBUG testcase.py               731   pre_run                   : 7) class=<class 'autopts.ptsprojects.testcase.TestFunc'>, func=<function test_cases.<locals>.<lambda> at 0x00000203DCC65DA0> start_wid=None stop_wid=None post_wid=None skip_call=None call_count=16 args=() kwds={}
2026-09-17 13:32:27,880 LT1-thread root DEBUG testcase.py               731   pre_run                   : 8) class=<class 'autopts.ptsprojects.testcase.TestFunc'>, func=<function test_cases.<locals>.<lambda> at 0x00000203DCCF5300> start_wid=None stop_wid=None post_wid=None skip_call=None call_count=16 args=() kwds={}
2026-09-17 13:32:27,880 LT1-thread root DEBUG testcase.py               731   pre_run                   : 9) class=<class 'autopts.ptsprojects.testcase.TestFunc'>, func=<function test_cases.<locals>.<lambda> at 0x00000203DCCF53A0> start_wid=None stop_wid=None post_wid=None skip_call=None call_count=16 args=() kwds={}
2026-09-17 13:32:27,880 LT1-thread root DEBUG testcase.py               731   pre_run                   : 10) class=<class 'autopts.ptsprojects.testcase.TestFunc'>, func=<function test_cases.<locals>.<lambda> at 0x00000203DCCF5440> start_wid=None stop_wid=None post_wid=None skip_call=None call_count=16 args=() kwds={}
2026-09-17 13:32:27,880 LT1-thread root DEBUG testcase.py               731   pre_run                   : 11) class=<class 'autopts.ptsprojects.testcase.TestFunc'>, func=<function test_cases.<locals>.<lambda> at 0x00000203DCCF54E0> start_wid=None stop_wid=None post_wid=None skip_call=None call_count=16 args=() kwds={}
2026-09-17 13:32:27,880 LT1-thread root DEBUG testcase.py               731   pre_run                   : 12) class=<class 'autopts.ptsprojects.testcase.TestFunc'>, func=<function test_cases.<locals>.<lambda> at 0x00000203DCCF5580> start_wid=None stop_wid=None post_wid=None skip_call=None call_count=16 args=() kwds={}
2026-09-17 13:32:27,880 LT1-thread root DEBUG testcase.py               731   pre_run                   : 13) class=<class 'autopts.ptsprojects.testcase.TestFunc'>, func=<function test_cases.<locals>.<lambda> at 0x00000203DCCF5620> start_wid=None stop_wid=None post_wid=None skip_call=None call_count=16 args=() kwds={}
2026-09-17 13:32:27,880 LT1-thread root DEBUG testcase.py               731   pre_run                   : 14) class=<class 'autopts.ptsprojects.testcase.TestFunc'>, func=<function core_reg_svc_gatt at 0x00000203DA228860> start_wid=None stop_wid=None post_wid=None skip_call=None call_count=16 args=() kwds={}
2026-09-17 13:32:27,880 LT1-thread root DEBUG testcase.py               731   pre_run                   : 15) class=<class 'autopts.ptsprojects.testcase.TestFunc'>, func=<bound method Stack.gatt_init of <autopts.ptsprojects.stack.stack.Stack object at 0x00000203DA34D4F0>> start_wid=None stop_wid=None post_wid=None skip_call=None call_count=16 args=() kwds={}
2026-09-17 13:32:27,880 LT1-thread root DEBUG testcase.py               731   pre_run                   : 16) class=<class 'autopts.ptsprojects.testcase.TestFunc'>, func=<function gap_set_io_capability at 0x00000203DA246A20> start_wid=None stop_wid=None post_wid=None skip_call=None call_count=16 args=(4,) kwds={}
2026-09-17 13:32:27,880 LT1-thread root DEBUG testcase.py               731   pre_run                   : 17) class=<class 'autopts.ptsprojects.testcase.TestFunc'>, func=<function gap_set_broadcast_code at 0x00000203DA26CC20> start_wid=None stop_wid=None post_wid=None skip_call=None call_count=16 args=('0102680553F1415AA265BBAFC6EA03B8',) kwds={}
2026-09-17 13:32:27,881 LT1-thread root DEBUG testcase.py               731   pre_run                   : 18) class=<class 'autopts.ptsprojects.testcase.TestFunc'>, func=<function set_pts_addr at 0x00000203DA2282C0> start_wid=None stop_wid=None post_wid=None skip_call=None call_count=16 args=('00:1B:DC:08:E4:4E', 0) kwds={}
2026-09-17 13:32:27,881 LT1-thread root DEBUG testcase.py               731   pre_run                   : 19) class=<class 'autopts.ptsprojects.testcase.TestFunc'>, func=<function gatts_add_svc at 0x00000203DA2722A0> start_wid=None stop_wid=None post_wid=None skip_call=None call_count=16 args=(0, 'AA51') kwds={}
2026-09-17 13:32:27,881 LT1-thread root DEBUG testcase.py               731   pre_run                   : 20) class=<class 'autopts.ptsprojects.testcase.TestFunc'>, func=<function gatts_add_char at 0x00000203DA2723E0> start_wid=None stop_wid=None post_wid=None skip_call=None call_count=16 args=(0, 2, 17, 'AA52') kwds={}
2026-09-17 13:32:27,881 LT1-thread root DEBUG testcase.py               731   pre_run                   : 21) class=<class 'autopts.ptsprojects.testcase.TestFunc'>, func=<function gatts_set_val at 0x00000203DA272480> start_wid=None stop_wid=None post_wid=None skip_call=None call_count=16 args=(0, '01') kwds={}
2026-09-17 13:32:27,881 LT1-thread root DEBUG testcase.py               731   pre_run                   : 22) class=<class 'autopts.ptsprojects.testcase.TestFunc'>, func=<function gatts_add_char at 0x00000203DA2723E0> start_wid=None stop_wid=None post_wid=None skip_call=None call_count=16 args=(0, 2, 5, 'AA53') kwds={}
2026-09-17 13:32:27,881 LT1-thread root DEBUG testcase.py               731   pre_run                   : 23) class=<class 'autopts.ptsprojects.testcase.TestFunc'>, func=<function gatts_set_val at 0x00000203DA272480> start_wid=None stop_wid=None post_wid=None skip_call=None call_count=16 args=(0, '02') kwds={}
2026-09-17 13:32:27,881 LT1-thread root DEBUG testcase.py               731   pre_run                   : 24) class=<class 'autopts.ptsprojects.testcase.TestFunc'>, func=<function gatts_add_char at 0x00000203DA2723E0> start_wid=None stop_wid=None post_wid=None skip_call=None call_count=16 args=(0, 10, 48, 'AA55') kwds={}
2026-09-17 13:32:27,881 LT1-thread root DEBUG testcase.py               731   pre_run                   : 25) class=<class 'autopts.ptsprojects.testcase.TestFunc'>, func=<function gatts_set_val at 0x00000203DA272480> start_wid=None stop_wid=None post_wid=None skip_call=None call_count=16 args=(0, '04') kwds={}
2026-09-17 13:32:27,881 LT1-thread root DEBUG testcase.py               731   pre_run                   : 26) class=<class 'autopts.ptsprojects.testcase.TestFunc'>, func=<function gatts_start_server at 0x00000203DA272700> start_wid=None stop_wid=None post_wid=None skip_call=None call_count=16 args=() kwds={}
2026-09-17 13:32:27,881 LT1-thread root DEBUG testcase.py               731   pre_run                   : 27) class=<class 'autopts.ptsprojects.testcase.TestFuncCleanUp'>, func=<bound method ZTestCase._test_case_cleanup of <autopts.ptsprojects.zephyr.ztestcase.ZTestCase object at 0x00000203DCD1C920>> start_wid=None stop_wid=None post_wid=None skip_call=None call_count=1 args=() kwds={}
2026-09-17 13:32:27,882 LT1-thread root DEBUG testcase.py               738   pre_run                   : pre_run, run pre test case script
2026-09-17 13:32:27,891 LT1-thread root DEBUG testcase.py               254   start                     : Starting test function: class=<class 'autopts.ptsprojects.testcase.TestFunc'>, func=<bound method ZTestCase._test_case_start of <autopts.ptsprojects.zephyr.ztestcase.ZTestCase object at 0x00000203DCD1C920>> start_wid=None stop_wid=None post_wid=None skip_call=None call_count=2 args=() kwds={}
2026-09-17 13:32:27,891 LT1-thread root DEBUG testcase.py               266   start                     : Test function parameters: args=(), kwds={}
2026-09-17 13:32:27,891 LT1-thread root DEBUG iutctl.py                 172   start                     : <class 'autopts.ptsprojects.zephyr.iutctl.create_zephyr_ctl_class.<locals>.ZephyrCtl'>.start
2026-09-17 13:32:27,892 LT1-thread root DEBUG iutctl.py                 325   flush_serial              : <class 'autopts.ptsprojects.zephyr.iutctl.create_zephyr_ctl_class.<locals>.ZephyrCtl'>.flush_serial
2026-09-17 13:32:29,087 LT1-thread root DEBUG iutctl.py                 249   _start_tty_mode           : Starting socat process: socat.exe -x -v tcp:10.17.12.9:55409,retry=100,interval=1 /dev/ttyS2,raw,b115200,
2026-09-17 13:32:29,094 LT1-thread root DEBUG iutctl_common.py          402   accept                    : 
2026-09-17 13:32:29,628 BTPWorkerThread-394 (_rx_task) root DEBUG iutctl_common.py          299   _rx_task                  : BTPWorkerThread-394 (_rx_task) started
2026-09-17 13:32:29,629 LT1-thread root DEBUG iutctl.py                 395   wait_iut_ready_event      : IUT ready event received OK
2026-09-17 13:32:29,629 LT1-thread root DEBUG btp.py                    51    read_supp_svcs            : 
2026-09-17 13:32:29,629 LT1-thread root DEBUG iutctl_common.py          161   send                      : 0 2 255 ''
2026-09-17 13:32:29,629 LT1-thread root DEBUG iutctl_common.py          166   send                      : sending frame '0002ff0000'
2026-09-17 13:32:29,630 LT1-thread root DEBUG iutctl_common.py          339   read                      : 
2026-09-17 13:32:29,645 BTPWorkerThread-394 (_rx_task) root DEBUG iutctl_common.py          123   read                      : Read 4 bytes
2026-09-17 13:32:29,656 BTPWorkerThread-394 (_rx_task) root DEBUG iutctl_common.py          123   read                      : Read 1 bytes
2026-09-17 13:32:29,661 BTPWorkerThread-394 (_rx_task) root DEBUG iutctl_common.py          131   read                      : Received: hdr: Header(svc_id=0x00, op=0x02, ctrl_index=0xff, data_len=0x05) bytearray(b'\x00\x02\xff\x05\x00')
2026-09-17 13:32:29,666 BTPWorkerThread-394 (_rx_task) root DEBUG iutctl_common.py          139   read                      : Read 5 bytes data
2026-09-17 13:32:29,671 BTPWorkerThread-394 (_rx_task) root DEBUG iutctl_common.py          154   read                      : Received data: {'0f 00 00 a0 01'}, bytearray(b'\x0f\x00\x00\xa0\x01')
2026-09-17 13:32:29,682 LT1-thread root DEBUG btp.py                    62    read_supp_svcs            : received Header(svc_id=0, op=2, ctrl_index=255, data_len=5) (b'\x0f\x00\x00\xa0\x01',)
2026-09-17 13:32:29,682 LT1-thread root DEBUG testcase.py               254   start                     : Starting test function: class=<class 'autopts.ptsprojects.testcase.TestFunc'>, func=<function core_reg_svc_gap at 0x00000203DA228720> start_wid=None stop_wid=None post_wid=None skip_call=None call_count=17 args=() kwds={}
2026-09-17 13:32:29,682 LT1-thread root DEBUG testcase.py               266   start                     : Test function parameters: args=(), kwds={}
2026-09-17 13:32:29,682 LT1-thread root DEBUG btp.py                    117   core_reg_svc_univ         : core_reg_svc_univ: gap_reg (GAP)
2026-09-17 13:32:29,682 LT1-thread root DEBUG iutctl_common.py          161   send                      : 0 3 255 '1'
2026-09-17 13:32:29,682 LT1-thread root DEBUG iutctl_common.py          166   send                      : sending frame '0003ff010001'
2026-09-17 13:32:29,684 LT1-thread root DEBUG btp.py                    618   core_reg_svc_rsp_succ     : 
2026-09-17 13:32:29,684 LT1-thread root DEBUG iutctl_common.py          339   read                      : 
2026-09-17 13:32:33,801 BTPWorkerThread-394 (_rx_task) root DEBUG iutctl_common.py          123   read                      : Read 5 bytes
2026-09-17 13:32:33,812 BTPWorkerThread-394 (_rx_task) root DEBUG iutctl_common.py          131   read                      : Received: hdr: Header(svc_id=0x00, op=0x03, ctrl_index=0xff, data_len=0x00) bytearray(b'\x00\x03\xff\x00\x00')
2026-09-17 13:32:33,817 BTPWorkerThread-394 (_rx_task) root DEBUG iutctl_common.py          154   read                      : Received data: {''}, bytearray(b'')
2026-09-17 13:32:33,823 LT1-thread root DEBUG btp.py                    629   core_reg_svc_rsp_succ     : received Header(svc_id=0, op=3, ctrl_index=255, data_len=0) (b'',)
2026-09-17 13:32:33,823 LT1-thread root DEBUG btp.py                    630   core_reg_svc_rsp_succ     : expected ((0, 3, 255, 0), (b'',))
2026-09-17 13:32:33,823 LT1-thread root DEBUG btp.py                    635   core_reg_svc_rsp_succ     : response is valid
2026-09-17 13:32:33,823 LT1-thread root DEBUG btp.py                    638   core_reg_svc_rsp_succ     : Reading supported commands for service: GAP
2026-09-17 13:32:33,824 LT1-thread root DEBUG iutctl_common.py          161   send                      : 1 1 255 ''
2026-09-17 13:32:33,824 LT1-thread root DEBUG iutctl_common.py          166   send                      : sending frame '0101ff0000'
2026-09-17 13:32:33,824 LT1-thread root DEBUG iutctl_common.py          339   read                      : 
2026-09-17 13:32:33,858 BTPWorkerThread-394 (_rx_task) root DEBUG iutctl_common.py          123   read                      : Read 5 bytes
2026-09-17 13:32:33,868 BTPWorkerThread-394 (_rx_task) root DEBUG iutctl_common.py          131   read                      : Received: hdr: Header(svc_id=0x01, op=0x01, ctrl_index=0xff, data_len=0x07) bytearray(b'\x01\x01\xff\x07\x00')
2026-09-17 13:32:33,880 BTPWorkerThread-394 (_rx_task) root DEBUG iutctl_common.py          139   read                      : Read 7 bytes data
2026-09-17 13:32:33,890 BTPWorkerThread-394 (_rx_task) root DEBUG iutctl_common.py          154   read                      : Received data: {'6e ff 7f 1f fe ff 0e'}, bytearray(b'n\xff\x7f\x1f\xfe\xff\x0e')
2026-09-17 13:32:33,901 LT1-thread root DEBUG testcase.py               254   start                     : Starting test function: class=<class 'autopts.ptsprojects.testcase.TestFunc'>, func=<bound method Stack.gap_init of <autopts.ptsprojects.stack.stack.Stack object at 0x00000203DA34D4F0>> start_wid=None stop_wid=None post_wid=None skip_call=None call_count=17 args=(b'Tester_08E44E', 'ABCD', '1111', '1111', '11', '1111', b'\x17github.com/auto-pts', (8, 'PADV_Tester'), 'FF') kwds={}
2026-09-17 13:32:33,901 LT1-thread root DEBUG testcase.py               266   start                     : Test function parameters: args=(b'Tester_08E44E', 'ABCD', '1111', '1111', '11', '1111', b'\x17github.com/auto-pts', (8, 'PADV_Tester'), 'FF'), kwds={}
2026-09-17 13:32:33,901 LT1-thread root DEBUG testcase.py               254   start                     : Starting test function: class=<class 'autopts.ptsprojects.testcase.TestFunc'>, func=<function gap_read_controller_info at 0x00000203DA247560> start_wid=None stop_wid=None post_wid=None skip_call=None call_count=17 args=() kwds={}
2026-09-17 13:32:33,902 LT1-thread root DEBUG testcase.py               266   start                     : Test function parameters: args=(), kwds={}
2026-09-17 13:32:33,902 LT1-thread root DEBUG gap.py                    1161  gap_read_controller_info  : 
2026-09-17 13:32:33,902 LT1-thread root DEBUG iutctl_common.py          161   send                      : 1 3 0 ''
2026-09-17 13:32:33,902 LT1-thread root DEBUG iutctl_common.py          166   send                      : sending frame '0103000000'
2026-09-17 13:32:33,902 LT1-thread root DEBUG iutctl_common.py          339   read                      : 
2026-09-17 13:32:33,940 BTPWorkerThread-394 (_rx_task) root DEBUG iutctl_common.py          123   read                      : Read 5 bytes
2026-09-17 13:32:33,951 BTPWorkerThread-394 (_rx_task) root DEBUG iutctl_common.py          131   read                      : Received: hdr: Header(svc_id=0x01, op=0x03, ctrl_index=0x00, data_len=0x115) bytearray(b'\x01\x03\x00\x15\x01')
2026-09-17 13:32:33,963 BTPWorkerThread-394 (_rx_task) root DEBUG iutctl_common.py          139   read                      : Read 277 bytes data
2026-09-17 13:32:33,973 BTPWorkerThread-394 (_rx_task) root DEBUG iutctl_common.py          154   read                      : Received data: {'19 78 ee 69 17 d0 d3 06 02 00 13 02 00 00 00 00 00 62 74 70 5f 74 65 73 74 65 72 00 00 00 00 00 00 00 00 00 00 00 00 00 00 00 00 00 00 00 00 00 00 00 00 00 00 00 00 00 00 00 00 00 00 00 00 00 00 00 00 00 00 00 00 00 00 00 00 00 00 00 00 00 00 00 00 00 00 00 00 00 00 00 00 00 00 00 00 00 00 00 00 00 00 00 00 00 00 00 00 00 00 00 00 00 00 00 00 00 00 00 00 00 00 00 00 00 00 00 00 00 00 00 00 00 00 00 00 00 00 00 00 00 00 00 00 00 00 00 00 00 00 00 00 00 00 00 00 00 00 00 00 00 00 00 00 00 00 00 00 00 00 00 00 00 00 00 00 00 00 00 00 00 00 00 00 00 00 00 00 00 00 00 00 00 00 00 00 00 00 00 00 00 00 00 00 00 00 00 00 00 00 00 00 00 00 00 00 00 00 00 00 00 00 00 00 00 00 00 00 00 00 00 00 00 00 00 00 00 00 00 00 00 00 00 00 00 00 00 00 00 00 00 00 00 00 00 00 00 00 00 00 00 00 00 00 00 00 00 00 00 00 00 00 00 00 00 00 00 00'}, bytearray(b'\x19x\xeei\x17\xd0\xd3\x06\x02\x00\x13\x02\x00\x00\x00\x00\x00btp_tester\x00\x00\x00\x00\x00\x00\x00\x00\x00\x00\x00\x00\x00\x00\x00\x00\x00\x00\x00\x00\x00\x00\x00\x00\x00\x00\x00\x00\x00\x00\x00\x00\x00\x00\x00\x00\x00\x00\x00\x00\x00\x00\x00\x00\x00\x00\x00\x00\x00\x00\x00\x00\x00\x00\x00\x00\x00\x00\x00\x00\x00\x00\x00\x00\x00\x00\x00\x00\x00\x00\x00\x00\x00\x00\x00\x00\x00\x00\x00\x00\x00\x00\x00\x00\x00\x00\x00\x00\x00\x00\x00\x00\x00\x00\x00\x00\x00\x00\x00\x00\x00\x00\x00\x00\x00\x00\x00\x00\x00\x00\x00\x00\x00\x00\x00\x00\x00\x00\x00\x00\x00\x00\x00\x00\x00\x00\x00\x00\x00\x00\x00\x00\x00\x00\x00\x00\x00\x00\x00\x00\x00\x00\x00\x00\x00\x00\x00\x00\x00\x00\x00\x00\x00\x00\x00\x00\x00\x00\x00\x00\x00\x00\x00\x00\x00\x00\x00\x00\x00\x00\x00\x00\x00\x00\x00\x00\x00\x00\x00\x00\x00\x00\x00\x00\x00\x00\x00\x00\x00\x00\x00\x00\x00\x00\x00\x00\x00\x00\x00\x00\x00\x00\x00\x00\x00\x00\x00\x00\x00\x00\x00\x00\x00\x00\x00\x00\x00\x00\x00\x00\x00\x00\x00\x00\x00\x00\x00\x00\x00\x00\x00\x00\x00\x00\x00\x00\x00\x00\x00\x00\x00\x00\x00\x00\x00\x00\x00\x00\x00\x00')
2026-09-17 13:32:33,985 LT1-thread root DEBUG gap.py                    1168  gap_read_controller_info  : received Header(svc_id=1, op=3, ctrl_index=0, data_len=277) (b'\x19x\xeei\x17\xd0\xd3\x06\x02\x00\x13\x02\x00\x00\x00\x00\x00btp_tester\x00\x00\x00\x00\x00\x00\x00\x00\x00\x00\x00\x00\x00\x00\x00\x00\x00\x00\x00\x00\x00\x00\x00\x00\x00\x00\x00\x00\x00\x00\x00\x00\x00\x00\x00\x00\x00\x00\x00\x00\x00\x00\x00\x00\x00\x00\x00\x00\x00\x00\x00\x00\x00\x00\x00\x00\x00\x00\x00\x00\x00\x00\x00\x00\x00\x00\x00\x00\x00\x00\x00\x00\x00\x00\x00\x00\x00\x00\x00\x00\x00\x00\x00\x00\x00\x00\x00\x00\x00\x00\x00\x00\x00\x00\x00\x00\x00\x00\x00\x00\x00\x00\x00\x00\x00\x00\x00\x00\x00\x00\x00\x00\x00\x00\x00\x00\x00\x00\x00\x00\x00\x00\x00\x00\x00\x00\x00\x00\x00\x00\x00\x00\x00\x00\x00\x00\x00\x00\x00\x00\x00\x00\x00\x00\x00\x00\x00\x00\x00\x00\x00\x00\x00\x00\x00\x00\x00\x00\x00\x00\x00\x00\x00\x00\x00\x00\x00\x00\x00\x00\x00\x00\x00\x00\x00\x00\x00\x00\x00\x00\x00\x00\x00\x00\x00\x00\x00\x00\x00\x00\x00\x00\x00\x00\x00\x00\x00\x00\x00\x00\x00\x00\x00\x00\x00\x00\x00\x00\x00\x00\x00\x00\x00\x00\x00\x00\x00\x00\x00\x00\x00\x00\x00\x00\x00\x00\x00\x00\x00\x00\x00\x00\x00\x00\x00\x00\x00\x00\x00\x00\x00\x00\x00\x00\x00\x00\x00\x00\x00\x00',)
2026-09-17 13:32:33,985 LT1-thread root DEBUG gap.py                    1189  gap_read_controller_info  : IUT address 'd01769ee7819' 'public'
2026-09-17 13:32:33,985 LT1-thread root DEBUG gap.py                    594   __gap_current_settings_update : 531
2026-09-17 13:32:33,986 LT1-thread root DEBUG testcase.py               254   start                     : Starting test function: class=<class 'autopts.ptsprojects.testcase.TestFunc'>, func=<function test_cases.<locals>.<lambda> at 0x00000203DCC65BC0> start_wid=None stop_wid=None post_wid=None skip_call=None call_count=17 args=() kwds={}
2026-09-17 13:32:33,986 LT1-thread root DEBUG testcase.py               266   start                     : Test function parameters: args=(), kwds={}
2026-09-17 13:32:33,988 LT1-thread root DEBUG testcase.py               254   start                     : Starting test function: class=<class 'autopts.ptsprojects.testcase.TestFunc'>, func=<function test_cases.<locals>.<lambda> at 0x00000203DCC65C60> start_wid=None stop_wid=None post_wid=None skip_call=None call_count=17 args=() kwds={}
2026-09-17 13:32:33,989 LT1-thread root DEBUG testcase.py               266   start                     : Test function parameters: args=(), kwds={}
2026-09-17 13:32:33,992 LT1-thread root DEBUG testcase.py               254   start                     : Starting test function: class=<class 'autopts.ptsprojects.testcase.TestFunc'>, func=<function test_cases.<locals>.<lambda> at 0x00000203DCC65D00> start_wid=None stop_wid=None post_wid=None skip_call=None call_count=17 args=() kwds={}
2026-09-17 13:32:33,992 LT1-thread root DEBUG testcase.py               266   start                     : Test function parameters: args=(), kwds={}
2026-09-17 13:32:33,995 LT1-thread root DEBUG testcase.py               254   start                     : Starting test function: class=<class 'autopts.ptsprojects.testcase.TestFunc'>, func=<function test_cases.<locals>.<lambda> at 0x00000203DCC65DA0> start_wid=None stop_wid=None post_wid=None skip_call=None call_count=17 args=() kwds={}
2026-09-17 13:32:33,995 LT1-thread root DEBUG testcase.py               266   start                     : Test function parameters: args=(), kwds={}
2026-09-17 13:32:33,998 LT1-thread root DEBUG testcase.py               254   start                     : Starting test function: class=<class 'autopts.ptsprojects.testcase.TestFunc'>, func=<function test_cases.<locals>.<lambda> at 0x00000203DCCF5300> start_wid=None stop_wid=None post_wid=None skip_call=None call_count=17 args=() kwds={}
2026-09-17 13:32:33,998 LT1-thread root DEBUG testcase.py               266   start                     : Test function parameters: args=(), kwds={}
2026-09-17 13:32:34,001 LT1-thread root DEBUG testcase.py               254   start                     : Starting test function: class=<class 'autopts.ptsprojects.testcase.TestFunc'>, func=<function test_cases.<locals>.<lambda> at 0x00000203DCCF53A0> start_wid=None stop_wid=None post_wid=None skip_call=None call_count=17 args=() kwds={}
2026-09-17 13:32:34,001 LT1-thread root DEBUG testcase.py               266   start                     : Test function parameters: args=(), kwds={}
2026-09-17 13:32:34,004 LT1-thread root DEBUG testcase.py               254   start                     : Starting test function: class=<class 'autopts.ptsprojects.testcase.TestFunc'>, func=<function test_cases.<locals>.<lambda> at 0x00000203DCCF5440> start_wid=None stop_wid=None post_wid=None skip_call=None call_count=17 args=() kwds={}
2026-09-17 13:32:34,004 LT1-thread root DEBUG testcase.py               266   start                     : Test function parameters: args=(), kwds={}
2026-09-17 13:32:34,007 LT1-thread root DEBUG testcase.py               254   start                     : Starting test function: class=<class 'autopts.ptsprojects.testcase.TestFunc'>, func=<function test_cases.<locals>.<lambda> at 0x00000203DCCF54E0> start_wid=None stop_wid=None post_wid=None skip_call=None call_count=17 args=() kwds={}
2026-09-17 13:32:34,007 LT1-thread root DEBUG testcase.py               266   start                     : Test function parameters: args=(), kwds={}
2026-09-17 13:32:34,010 LT1-thread root DEBUG testcase.py               254   start                     : Starting test function: class=<class 'autopts.ptsprojects.testcase.TestFunc'>, func=<function test_cases.<locals>.<lambda> at 0x00000203DCCF5580> start_wid=None stop_wid=None post_wid=None skip_call=None call_count=17 args=() kwds={}
2026-09-17 13:32:34,010 LT1-thread root DEBUG testcase.py               266   start                     : Test function parameters: args=(), kwds={}
2026-09-17 13:32:34,013 LT1-thread root DEBUG testcase.py               254   start                     : Starting test function: class=<class 'autopts.ptsprojects.testcase.TestFunc'>, func=<function test_cases.<locals>.<lambda> at 0x00000203DCCF5620> start_wid=None stop_wid=None post_wid=None skip_call=None call_count=17 args=() kwds={}
2026-09-17 13:32:34,013 LT1-thread root DEBUG testcase.py               266   start                     : Test function parameters: args=(), kwds={}
2026-09-17 13:32:34,016 LT1-thread root DEBUG testcase.py               254   start                     : Starting test function: class=<class 'autopts.ptsprojects.testcase.TestFunc'>, func=<function core_reg_svc_gatt at 0x00000203DA228860> start_wid=None stop_wid=None post_wid=None skip_call=None call_count=17 args=() kwds={}
2026-09-17 13:32:34,017 LT1-thread root DEBUG testcase.py               266   start                     : Test function parameters: args=(), kwds={}
2026-09-17 13:32:34,017 LT1-thread root DEBUG btp.py                    117   core_reg_svc_univ         : core_reg_svc_univ: gatt_reg (GATT)
2026-09-17 13:32:34,017 LT1-thread root DEBUG iutctl_common.py          161   send                      : 0 3 255 '2'
2026-09-17 13:32:34,017 LT1-thread root DEBUG iutctl_common.py          166   send                      : sending frame '0003ff010002'
2026-09-17 13:32:34,017 LT1-thread root DEBUG btp.py                    618   core_reg_svc_rsp_succ     : 
2026-09-17 13:32:34,017 LT1-thread root DEBUG iutctl_common.py          339   read                      : 
2026-09-17 13:32:34,050 BTPWorkerThread-394 (_rx_task) root DEBUG iutctl_common.py          123   read                      : Read 5 bytes
2026-09-17 13:32:34,062 BTPWorkerThread-394 (_rx_task) root DEBUG iutctl_common.py          131   read                      : Received: hdr: Header(svc_id=0x00, op=0x03, ctrl_index=0xff, data_len=0x00) bytearray(b'\x00\x03\xff\x00\x00')
2026-09-17 13:32:34,073 BTPWorkerThread-394 (_rx_task) root DEBUG iutctl_common.py          154   read                      : Received data: {''}, bytearray(b'')
2026-09-17 13:32:34,083 LT1-thread root DEBUG btp.py                    629   core_reg_svc_rsp_succ     : received Header(svc_id=0, op=3, ctrl_index=255, data_len=0) (b'',)
2026-09-17 13:32:34,083 LT1-thread root DEBUG btp.py                    630   core_reg_svc_rsp_succ     : expected ((0, 3, 255, 0), (b'',))
2026-09-17 13:32:34,083 LT1-thread root DEBUG btp.py                    635   core_reg_svc_rsp_succ     : response is valid
2026-09-17 13:32:34,083 LT1-thread root DEBUG btp.py                    638   core_reg_svc_rsp_succ     : Reading supported commands for service: GATT
2026-09-17 13:32:34,083 LT1-thread root DEBUG iutctl_common.py          161   send                      : 2 1 255 ''
2026-09-17 13:32:34,083 LT1-thread root DEBUG iutctl_common.py          166   send                      : sending frame '0201ff0000'
2026-09-17 13:32:34,084 LT1-thread root DEBUG iutctl_common.py          339   read                      : 
2026-09-17 13:32:34,125 BTPWorkerThread-394 (_rx_task) root DEBUG iutctl_common.py          123   read                      : Read 5 bytes
2026-09-17 13:32:34,137 BTPWorkerThread-394 (_rx_task) root DEBUG iutctl_common.py          131   read                      : Received: hdr: Header(svc_id=0x02, op=0x01, ctrl_index=0xff, data_len=0x05) bytearray(b'\x02\x01\xff\x05\x00')
2026-09-17 13:32:34,158 BTPWorkerThread-394 (_rx_task) root DEBUG iutctl_common.py          139   read                      : Read 5 bytes data
2026-09-17 13:32:34,169 BTPWorkerThread-394 (_rx_task) root DEBUG iutctl_common.py          154   read                      : Received data: {'fe fe bf fd 0f'}, bytearray(b'\xfe\xfe\xbf\xfd\x0f')
2026-09-17 13:32:34,180 LT1-thread root DEBUG testcase.py               254   start                     : Starting test function: class=<class 'autopts.ptsprojects.testcase.TestFunc'>, func=<bound method Stack.gatt_init of <autopts.ptsprojects.stack.stack.Stack object at 0x00000203DA34D4F0>> start_wid=None stop_wid=None post_wid=None skip_call=None call_count=17 args=() kwds={}
2026-09-17 13:32:34,180 LT1-thread root DEBUG testcase.py               266   start                     : Test function parameters: args=(), kwds={}
2026-09-17 13:32:34,180 LT1-thread root DEBUG testcase.py               254   start                     : Starting test function: class=<class 'autopts.ptsprojects.testcase.TestFunc'>, func=<function gap_set_io_capability at 0x00000203DA246A20> start_wid=None stop_wid=None post_wid=None skip_call=None call_count=17 args=(4,) kwds={}
2026-09-17 13:32:34,180 LT1-thread root DEBUG testcase.py               266   start                     : Test function parameters: args=(4,), kwds={}
2026-09-17 13:32:34,181 LT1-thread root DEBUG gap.py                    859   gap_set_io_capability     : 4
2026-09-17 13:32:34,181 LT1-thread root DEBUG iutctl_common.py          161   send                      : 1 16 0 '\x04'
2026-09-17 13:32:34,181 LT1-thread root DEBUG iutctl_common.py          166   send                      : sending frame '011000010004'
2026-09-17 13:32:34,181 LT1-thread root DEBUG gap.py                    1227  gap_command_rsp_succ      : 
2026-09-17 13:32:34,181 LT1-thread root DEBUG iutctl_common.py          339   read                      : 
2026-09-17 13:32:34,224 BTPWorkerThread-394 (_rx_task) root DEBUG iutctl_common.py          123   read                      : Read 5 bytes
2026-09-17 13:32:34,229 BTPWorkerThread-394 (_rx_task) root DEBUG iutctl_common.py          131   read                      : Received: hdr: Header(svc_id=0x01, op=0x10, ctrl_index=0x00, data_len=0x00) bytearray(b'\x01\x10\x00\x00\x00')
2026-09-17 13:32:34,229 BTPWorkerThread-394 (_rx_task) root DEBUG iutctl_common.py          154   read                      : Received data: {''}, bytearray(b'')
2026-09-17 13:32:34,239 LT1-thread root DEBUG gap.py                    1232  gap_command_rsp_succ      : received Header(svc_id=1, op=16, ctrl_index=0, data_len=0) (b'',)
2026-09-17 13:32:34,239 LT1-thread root DEBUG testcase.py               254   start                     : Starting test function: class=<class 'autopts.ptsprojects.testcase.TestFunc'>, func=<function gap_set_broadcast_code at 0x00000203DA26CC20> start_wid=None stop_wid=None post_wid=None skip_call=None call_count=17 args=('0102680553F1415AA265BBAFC6EA03B8',) kwds={}
2026-09-17 13:32:34,239 LT1-thread root DEBUG testcase.py               266   start                     : Test function parameters: args=('0102680553F1415AA265BBAFC6EA03B8',), kwds={}
2026-09-17 13:32:34,239 LT1-thread root DEBUG gap.py                    1889  gap_set_broadcast_code    : '0102680553F1415AA265BBAFC6EA03B8'
2026-09-17 13:32:34,239 LT1-thread root DEBUG testcase.py               254   start                     : Starting test function: class=<class 'autopts.ptsprojects.testcase.TestFunc'>, func=<function set_pts_addr at 0x00000203DA2282C0> start_wid=None stop_wid=None post_wid=None skip_call=None call_count=17 args=('00:1B:DC:08:E4:4E', 0) kwds={}
2026-09-17 13:32:34,239 LT1-thread root DEBUG testcase.py               266   start                     : Test function parameters: args=('00:1B:DC:08:E4:4E', 0), kwds={}
2026-09-17 13:32:34,240 LT1-thread root DEBUG testcase.py               254   start                     : Starting test function: class=<class 'autopts.ptsprojects.testcase.TestFunc'>, func=<function gatts_add_svc at 0x00000203DA2722A0> start_wid=None stop_wid=None post_wid=None skip_call=None call_count=17 args=(0, 'AA51') kwds={}
2026-09-17 13:32:34,240 LT1-thread root DEBUG testcase.py               266   start                     : Test function parameters: args=(0, 'AA51'), kwds={}
2026-09-17 13:32:34,240 LT1-thread root DEBUG gatt.py                   143   gatts_add_svc             : 0 'AA51'
2026-09-17 13:32:34,240 LT1-thread root DEBUG iutctl_common.py          161   send                      : 2 2 0 "bytearray(b'\\x00\\x02Q\\xaa')"
2026-09-17 13:32:34,240 LT1-thread root DEBUG iutctl_common.py          166   send                      : sending frame '0202000400000251aa'
2026-09-17 13:32:34,240 LT1-thread root DEBUG gatt.py                   1190  gatt_command_rsp_succ     : 
2026-09-17 13:32:34,240 LT1-thread root DEBUG iutctl_common.py          339   read                      : 
2026-09-17 13:32:34,280 BTPWorkerThread-394 (_rx_task) root DEBUG iutctl_common.py          123   read                      : Read 5 bytes
2026-09-17 13:32:34,291 BTPWorkerThread-394 (_rx_task) root DEBUG iutctl_common.py          131   read                      : Received: hdr: Header(svc_id=0x02, op=0x02, ctrl_index=0x00, data_len=0x02) bytearray(b'\x02\x02\x00\x02\x00')
2026-09-17 13:32:34,301 BTPWorkerThread-394 (_rx_task) root DEBUG iutctl_common.py          139   read                      : Read 2 bytes data
2026-09-17 13:32:34,306 BTPWorkerThread-394 (_rx_task) root DEBUG iutctl_common.py          154   read                      : Received data: {'00 00'}, bytearray(b'\x00\x00')
2026-09-17 13:32:34,317 LT1-thread root DEBUG gatt.py                   1195  gatt_command_rsp_succ     : received Header(svc_id=2, op=2, ctrl_index=0, data_len=2) (b'\x00\x00',)
2026-09-17 13:32:34,317 LT1-thread root DEBUG testcase.py               254   start                     : Starting test function: class=<class 'autopts.ptsprojects.testcase.TestFunc'>, func=<function gatts_add_char at 0x00000203DA2723E0> start_wid=None stop_wid=None post_wid=None skip_call=None call_count=17 args=(0, 2, 17, 'AA52') kwds={}
2026-09-17 13:32:34,317 LT1-thread root DEBUG testcase.py               266   start                     : Test function parameters: args=(0, 2, 17, 'AA52'), kwds={}
2026-09-17 13:32:34,317 LT1-thread root DEBUG gatt.py                   177   gatts_add_char            : 0 2 17 'AA52'
2026-09-17 13:32:34,318 LT1-thread root DEBUG iutctl_common.py          161   send                      : 2 3 0 "bytearray(b'\\x00\\x00\\x02\\x11\\x02R\\xaa')"
2026-09-17 13:32:34,318 LT1-thread root DEBUG iutctl_common.py          166   send                      : sending frame '0203000700000002110252aa'
2026-09-17 13:32:34,318 LT1-thread root DEBUG gatt.py                   1190  gatt_command_rsp_succ     : 
2026-09-17 13:32:34,318 LT1-thread root DEBUG iutctl_common.py          339   read                      : 
2026-09-17 13:32:34,349 BTPWorkerThread-394 (_rx_task) root DEBUG iutctl_common.py          123   read                      : Read 5 bytes
2026-09-17 13:32:34,355 BTPWorkerThread-394 (_rx_task) root DEBUG iutctl_common.py          131   read                      : Received: hdr: Header(svc_id=0x02, op=0x03, ctrl_index=0x00, data_len=0x02) bytearray(b'\x02\x03\x00\x02\x00')
2026-09-17 13:32:34,355 BTPWorkerThread-394 (_rx_task) root DEBUG iutctl_common.py          139   read                      : Read 2 bytes data
2026-09-17 13:32:34,360 BTPWorkerThread-394 (_rx_task) root DEBUG iutctl_common.py          154   read                      : Received data: {'00 00'}, bytearray(b'\x00\x00')
2026-09-17 13:32:34,370 LT1-thread root DEBUG gatt.py                   1195  gatt_command_rsp_succ     : received Header(svc_id=2, op=3, ctrl_index=0, data_len=2) (b'\x00\x00',)
2026-09-17 13:32:34,370 LT1-thread root DEBUG testcase.py               254   start                     : Starting test function: class=<class 'autopts.ptsprojects.testcase.TestFunc'>, func=<function gatts_set_val at 0x00000203DA272480> start_wid=None stop_wid=None post_wid=None skip_call=None call_count=17 args=(0, '01') kwds={}
2026-09-17 13:32:34,370 LT1-thread root DEBUG testcase.py               266   start                     : Test function parameters: args=(0, '01'), kwds={}
2026-09-17 13:32:34,370 LT1-thread root DEBUG gatt.py                   209   gatts_set_val             : 0 '01' 
2026-09-17 13:32:34,370 LT1-thread root DEBUG iutctl_common.py          161   send                      : 2 6 0 "bytearray(b'\\x00\\x00\\x01\\x00\\x01')"
2026-09-17 13:32:34,370 LT1-thread root DEBUG iutctl_common.py          166   send                      : sending frame '02060005000000010001'
2026-09-17 13:32:34,371 LT1-thread root DEBUG gatt.py                   1190  gatt_command_rsp_succ     : 
2026-09-17 13:32:34,371 LT1-thread root DEBUG iutctl_common.py          339   read                      : 
2026-09-17 13:32:34,409 BTPWorkerThread-394 (_rx_task) root DEBUG iutctl_common.py          123   read                      : Read 5 bytes
2026-09-17 13:32:34,420 BTPWorkerThread-394 (_rx_task) root DEBUG iutctl_common.py          131   read                      : Received: hdr: Header(svc_id=0x02, op=0x06, ctrl_index=0x00, data_len=0x00) bytearray(b'\x02\x06\x00\x00\x00')
2026-09-17 13:32:34,431 BTPWorkerThread-394 (_rx_task) root DEBUG iutctl_common.py          154   read                      : Received data: {''}, bytearray(b'')
2026-09-17 13:32:34,442 LT1-thread root DEBUG gatt.py                   1195  gatt_command_rsp_succ     : received Header(svc_id=2, op=6, ctrl_index=0, data_len=0) (b'',)
2026-09-17 13:32:34,442 LT1-thread root DEBUG testcase.py               254   start                     : Starting test function: class=<class 'autopts.ptsprojects.testcase.TestFunc'>, func=<function gatts_add_char at 0x00000203DA2723E0> start_wid=None stop_wid=None post_wid=None skip_call=None call_count=17 args=(0, 2, 5, 'AA53') kwds={}
2026-09-17 13:32:34,442 LT1-thread root DEBUG testcase.py               266   start                     : Test function parameters: args=(0, 2, 5, 'AA53'), kwds={}
2026-09-17 13:32:34,442 LT1-thread root DEBUG gatt.py                   177   gatts_add_char            : 0 2 5 'AA53'
2026-09-17 13:32:34,442 LT1-thread root DEBUG iutctl_common.py          161   send                      : 2 3 0 "bytearray(b'\\x00\\x00\\x02\\x05\\x02S\\xaa')"
2026-09-17 13:32:34,443 LT1-thread root DEBUG iutctl_common.py          166   send                      : sending frame '0203000700000002050253aa'
2026-09-17 13:32:34,443 LT1-thread root DEBUG gatt.py                   1190  gatt_command_rsp_succ     : 
2026-09-17 13:32:34,443 LT1-thread root DEBUG iutctl_common.py          339   read                      : 
2026-09-17 13:32:34,485 BTPWorkerThread-394 (_rx_task) root DEBUG iutctl_common.py          123   read                      : Read 5 bytes
2026-09-17 13:32:34,497 BTPWorkerThread-394 (_rx_task) root DEBUG iutctl_common.py          131   read                      : Received: hdr: Header(svc_id=0x02, op=0x03, ctrl_index=0x00, data_len=0x02) bytearray(b'\x02\x03\x00\x02\x00')
2026-09-17 13:32:34,497 BTPWorkerThread-394 (_rx_task) root DEBUG iutctl_common.py          139   read                      : Read 2 bytes data
2026-09-17 13:32:34,497 BTPWorkerThread-394 (_rx_task) root DEBUG iutctl_common.py          154   read                      : Received data: {'00 00'}, bytearray(b'\x00\x00')
2026-09-17 13:32:34,507 LT1-thread root DEBUG gatt.py                   1195  gatt_command_rsp_succ     : received Header(svc_id=2, op=3, ctrl_index=0, data_len=2) (b'\x00\x00',)
2026-09-17 13:32:34,507 LT1-thread root DEBUG testcase.py               254   start                     : Starting test function: class=<class 'autopts.ptsprojects.testcase.TestFunc'>, func=<function gatts_set_val at 0x00000203DA272480> start_wid=None stop_wid=None post_wid=None skip_call=None call_count=17 args=(0, '02') kwds={}
2026-09-17 13:32:34,507 LT1-thread root DEBUG testcase.py               266   start                     : Test function parameters: args=(0, '02'), kwds={}
2026-09-17 13:32:34,508 LT1-thread root DEBUG gatt.py                   209   gatts_set_val             : 0 '02' 
2026-09-17 13:32:34,508 LT1-thread root DEBUG iutctl_common.py          161   send                      : 2 6 0 "bytearray(b'\\x00\\x00\\x01\\x00\\x02')"
2026-09-17 13:32:34,508 LT1-thread root DEBUG iutctl_common.py          166   send                      : sending frame '02060005000000010002'
2026-09-17 13:32:34,508 LT1-thread root DEBUG gatt.py                   1190  gatt_command_rsp_succ     : 
2026-09-17 13:32:34,508 LT1-thread root DEBUG iutctl_common.py          339   read                      : 
2026-09-17 13:32:34,550 BTPWorkerThread-394 (_rx_task) root DEBUG iutctl_common.py          123   read                      : Read 5 bytes
2026-09-17 13:32:34,561 BTPWorkerThread-394 (_rx_task) root DEBUG iutctl_common.py          131   read                      : Received: hdr: Header(svc_id=0x02, op=0x06, ctrl_index=0x00, data_len=0x00) bytearray(b'\x02\x06\x00\x00\x00')
2026-09-17 13:32:34,572 BTPWorkerThread-394 (_rx_task) root DEBUG iutctl_common.py          154   read                      : Received data: {''}, bytearray(b'')
2026-09-17 13:32:34,582 LT1-thread root DEBUG gatt.py                   1195  gatt_command_rsp_succ     : received Header(svc_id=2, op=6, ctrl_index=0, data_len=0) (b'',)
2026-09-17 13:32:34,582 LT1-thread root DEBUG testcase.py               254   start                     : Starting test function: class=<class 'autopts.ptsprojects.testcase.TestFunc'>, func=<function gatts_add_char at 0x00000203DA2723E0> start_wid=None stop_wid=None post_wid=None skip_call=None call_count=17 args=(0, 10, 48, 'AA55') kwds={}
2026-09-17 13:32:34,582 LT1-thread root DEBUG testcase.py               266   start                     : Test function parameters: args=(0, 10, 48, 'AA55'), kwds={}
2026-09-17 13:32:34,582 LT1-thread root DEBUG gatt.py                   177   gatts_add_char            : 0 10 48 'AA55'
2026-09-17 13:32:34,582 LT1-thread root DEBUG iutctl_common.py          161   send                      : 2 3 0 "bytearray(b'\\x00\\x00\\n0\\x02U\\xaa')"
2026-09-17 13:32:34,582 LT1-thread root DEBUG iutctl_common.py          166   send                      : sending frame '020300070000000a300255aa'
2026-09-17 13:32:34,583 LT1-thread root DEBUG gatt.py                   1190  gatt_command_rsp_succ     : 
2026-09-17 13:32:34,583 LT1-thread root DEBUG iutctl_common.py          339   read                      : 
2026-09-17 13:32:34,616 BTPWorkerThread-394 (_rx_task) root DEBUG iutctl_common.py          123   read                      : Read 5 bytes
2026-09-17 13:32:34,627 BTPWorkerThread-394 (_rx_task) root DEBUG iutctl_common.py          131   read                      : Received: hdr: Header(svc_id=0x02, op=0x03, ctrl_index=0x00, data_len=0x02) bytearray(b'\x02\x03\x00\x02\x00')
2026-09-17 13:32:34,649 BTPWorkerThread-394 (_rx_task) root DEBUG iutctl_common.py          139   read                      : Read 2 bytes data
2026-09-17 13:32:34,659 BTPWorkerThread-394 (_rx_task) root DEBUG iutctl_common.py          154   read                      : Received data: {'00 00'}, bytearray(b'\x00\x00')
2026-09-17 13:32:34,676 LT1-thread root DEBUG gatt.py                   1195  gatt_command_rsp_succ     : received Header(svc_id=2, op=3, ctrl_index=0, data_len=2) (b'\x00\x00',)
2026-09-17 13:32:34,676 LT1-thread root DEBUG testcase.py               254   start                     : Starting test function: class=<class 'autopts.ptsprojects.testcase.TestFunc'>, func=<function gatts_set_val at 0x00000203DA272480> start_wid=None stop_wid=None post_wid=None skip_call=None call_count=17 args=(0, '04') kwds={}
2026-09-17 13:32:34,676 LT1-thread root DEBUG testcase.py               266   start                     : Test function parameters: args=(0, '04'), kwds={}
2026-09-17 13:32:34,676 LT1-thread root DEBUG gatt.py                   209   gatts_set_val             : 0 '04' 
2026-09-17 13:32:34,676 LT1-thread root DEBUG iutctl_common.py          161   send                      : 2 6 0 "bytearray(b'\\x00\\x00\\x01\\x00\\x04')"
2026-09-17 13:32:34,676 LT1-thread root DEBUG iutctl_common.py          166   send                      : sending frame '02060005000000010004'
2026-09-17 13:32:34,677 LT1-thread root DEBUG gatt.py                   1190  gatt_command_rsp_succ     : 
2026-09-17 13:32:34,677 LT1-thread root DEBUG iutctl_common.py          339   read                      : 
2026-09-17 13:32:34,714 BTPWorkerThread-394 (_rx_task) root DEBUG iutctl_common.py          123   read                      : Read 5 bytes
2026-09-17 13:32:34,724 BTPWorkerThread-394 (_rx_task) root DEBUG iutctl_common.py          131   read                      : Received: hdr: Header(svc_id=0x02, op=0x06, ctrl_index=0x00, data_len=0x00) bytearray(b'\x02\x06\x00\x00\x00')
2026-09-17 13:32:34,735 BTPWorkerThread-394 (_rx_task) root DEBUG iutctl_common.py          154   read                      : Received data: {''}, bytearray(b'')
2026-09-17 13:32:34,747 LT1-thread root DEBUG gatt.py                   1195  gatt_command_rsp_succ     : received Header(svc_id=2, op=6, ctrl_index=0, data_len=0) (b'',)
2026-09-17 13:32:34,747 LT1-thread root DEBUG testcase.py               254   start                     : Starting test function: class=<class 'autopts.ptsprojects.testcase.TestFunc'>, func=<function gatts_start_server at 0x00000203DA272700> start_wid=None stop_wid=None post_wid=None skip_call=None call_count=17 args=() kwds={}
2026-09-17 13:32:34,747 LT1-thread root DEBUG testcase.py               266   start                     : Test function parameters: args=(), kwds={}
2026-09-17 13:32:34,747 LT1-thread root DEBUG gatt.py                   306   gatts_start_server        : 
2026-09-17 13:32:34,747 LT1-thread root DEBUG iutctl_common.py          161   send                      : 2 7 0 ''
2026-09-17 13:32:34,747 LT1-thread root DEBUG iutctl_common.py          166   send                      : sending frame '0207000000'
2026-09-17 13:32:34,748 LT1-thread root DEBUG gatt.py                   1190  gatt_command_rsp_succ     : 
2026-09-17 13:32:34,748 LT1-thread root DEBUG iutctl_common.py          339   read                      : 
2026-09-17 13:32:34,789 BTPWorkerThread-394 (_rx_task) root DEBUG iutctl_common.py          123   read                      : Read 5 bytes
2026-09-17 13:32:34,794 BTPWorkerThread-394 (_rx_task) root DEBUG iutctl_common.py          131   read                      : Received: hdr: Header(svc_id=0x02, op=0x07, ctrl_index=0x00, data_len=0x03) bytearray(b'\x02\x07\x00\x03\x00')
2026-09-17 13:32:34,794 BTPWorkerThread-394 (_rx_task) root DEBUG iutctl_common.py          139   read                      : Read 3 bytes data
2026-09-17 13:32:34,794 BTPWorkerThread-394 (_rx_task) root DEBUG iutctl_common.py          154   read                      : Received data: {'00 00 00'}, bytearray(b'\x00\x00\x00')
2026-09-17 13:32:34,810 LT1-thread root DEBUG gatt.py                   1195  gatt_command_rsp_succ     : received Header(svc_id=2, op=7, ctrl_index=0, data_len=3) (b'\x00\x00\x00',)
2026-09-17 13:32:34,812 LT1-thread root DEBUG client.py                 276   get_result                : ClientCallback.get_result run_test_case
2026-09-17 13:32:37,471 LT1-callback ClientCallback.on_implicit_send INFO client.py                 223   on_implicit_send          : 
    ********************
    BEGIN OnImplicitSend:
    project_name: GAP
    wid: 120
    test_case_name: GAP/DISC/GENM/BV-03-C
    description: Does the IUT have an ability to send non-connectable advertising report?
    style: MMI_Style_Yes_No1 0x11044
2026-09-17 13:32:37,471 LT1-callback ClientCallback.on_implicit_send INFO client.py                 236   on_implicit_send          : Calling test cases on_implicit_send
2026-09-17 13:32:37,471 LT1-callback ClientCallback.on_implicit_send INFO client.py                 249   on_implicit_send          : 
    on_implicit_send returned response: WAIT
    END OnImplicitSend
    ********************
2026-09-17 13:32:37,815 LT1-thread root DEBUG testcase.py               679   run_wid                   : GAP GAP/DISC/GENM/BV-03-C on_implicit_send
2026-09-17 13:32:37,815 LT1-thread root DEBUG gap_wid.py                26    gap_wid_hdl               : gap_wid_hdl, 120, Does the IUT have an ability to send non-connectable advertising report?, GAP/DISC/GENM/BV-03-C
2026-09-17 13:32:37,815 LT1-thread root DEBUG testcase.py               722   run_wid                   : Sending response 'Yes' to wid 120 test case GAP/DISC/GENM/BV-03-C
2026-09-17 13:32:37,817 LT1-thread root DEBUG client.py                 276   get_result                : ClientCallback.get_result run_test_case
2026-09-17 13:32:37,823 LT1-callback ClientCallback.on_implicit_send INFO client.py                 223   on_implicit_send          : 
    ********************
    BEGIN OnImplicitSend:
    project_name: GAP
    wid: 53
    test_case_name: GAP/DISC/GENM/BV-03-C
    description: Please prepare IUT into general discoverable mode and send an advertising report. Press OK to continue.
    style: MMI_Style_Ok_Cancel1 0x11041
2026-09-17 13:32:37,823 LT1-callback ClientCallback.on_implicit_send INFO client.py                 236   on_implicit_send          : Calling test cases on_implicit_send
2026-09-17 13:32:37,823 LT1-callback ClientCallback.on_implicit_send INFO client.py                 249   on_implicit_send          : 
    on_implicit_send returned response: WAIT
    END OnImplicitSend
    ********************
2026-09-17 13:32:38,818 LT1-thread root DEBUG testcase.py               679   run_wid                   : GAP GAP/DISC/GENM/BV-03-C on_implicit_send
2026-09-17 13:32:38,818 LT1-thread root DEBUG gap_wid.py                26    gap_wid_hdl               : gap_wid_hdl, 53, Please prepare IUT into general discoverable mode and send an advertising report. Press OK to continue., GAP/DISC/GENM/BV-03-C
2026-09-17 13:32:38,818 LT1-thread root DEBUG gap.py                    999   gap_set_non_connectable   : 
2026-09-17 13:32:38,818 LT1-thread root DEBUG iutctl_common.py          161   send                      : 1 6 0 '0'
2026-09-17 13:32:38,818 LT1-thread root DEBUG iutctl_common.py          166   send                      : sending frame '010600010000'
2026-09-17 13:32:38,818 LT1-thread root DEBUG gap.py                    1227  gap_command_rsp_succ      : 
2026-09-17 13:32:38,819 LT1-thread root DEBUG iutctl_common.py          339   read                      : 
2026-09-17 13:32:38,859 BTPWorkerThread-394 (_rx_task) root DEBUG iutctl_common.py          123   read                      : Read 5 bytes
2026-09-17 13:32:38,870 BTPWorkerThread-394 (_rx_task) root DEBUG iutctl_common.py          131   read                      : Received: hdr: Header(svc_id=0x01, op=0x06, ctrl_index=0x00, data_len=0x04) bytearray(b'\x01\x06\x00\x04\x00')
2026-09-17 13:32:38,870 BTPWorkerThread-394 (_rx_task) root DEBUG iutctl_common.py          139   read                      : Read 4 bytes data
2026-09-17 13:32:38,876 BTPWorkerThread-394 (_rx_task) root DEBUG iutctl_common.py          154   read                      : Received data: {'11 02 00 00'}, bytearray(b'\x11\x02\x00\x00')
2026-09-17 13:32:38,881 LT1-thread root DEBUG gap.py                    1232  gap_command_rsp_succ      : received Header(svc_id=1, op=6, ctrl_index=0, data_len=4) (b'\x11\x02\x00\x00',)
2026-09-17 13:32:38,881 LT1-thread root DEBUG gap.py                    594   __gap_current_settings_update : (b'\x11\x02\x00\x00',)
2026-09-17 13:32:38,881 LT1-thread root DEBUG gap.py                    1033  gap_set_general_discoverable : 
2026-09-17 13:32:38,881 LT1-thread root DEBUG iutctl_common.py          161   send                      : 1 8 0 '1'
2026-09-17 13:32:38,881 LT1-thread root DEBUG iutctl_common.py          166   send                      : sending frame '010800010001'
2026-09-17 13:32:38,881 LT1-thread root DEBUG gap.py                    1227  gap_command_rsp_succ      : 
2026-09-17 13:32:38,883 LT1-thread root DEBUG iutctl_common.py          339   read                      : 
2026-09-17 13:32:38,941 BTPWorkerThread-394 (_rx_task) root DEBUG iutctl_common.py          123   read                      : Read 5 bytes
2026-09-17 13:32:38,951 BTPWorkerThread-394 (_rx_task) root DEBUG iutctl_common.py          131   read                      : Received: hdr: Header(svc_id=0x01, op=0x08, ctrl_index=0x00, data_len=0x04) bytearray(b'\x01\x08\x00\x04\x00')
2026-09-17 13:32:38,969 BTPWorkerThread-394 (_rx_task) root DEBUG iutctl_common.py          139   read                      : Read 4 bytes data
2026-09-17 13:32:38,980 BTPWorkerThread-394 (_rx_task) root DEBUG iutctl_common.py          154   read                      : Received data: {'19 02 00 00'}, bytearray(b'\x19\x02\x00\x00')
2026-09-17 13:32:38,991 LT1-thread root DEBUG gap.py                    1232  gap_command_rsp_succ      : received Header(svc_id=1, op=8, ctrl_index=0, data_len=4) (b'\x19\x02\x00\x00',)
2026-09-17 13:32:38,991 LT1-thread root DEBUG gap.py                    594   __gap_current_settings_update : (b'\x19\x02\x00\x00',)
2026-09-17 13:32:38,991 LT1-thread root DEBUG gap.py                    648   gap_start_advertising     : {9: b'Tester_08E44E'} None
2026-09-17 13:32:38,991 LT1-thread root DEBUG iutctl_common.py          161   send                      : 1 10 0 "bytearray(b'\\x0f\\x00\\t\\rTester_08E44E\\xff\\xff\\xff\\xff\\x00')"
2026-09-17 13:32:38,991 LT1-thread root DEBUG iutctl_common.py          166   send                      : sending frame '010a0016000f00090d5465737465725f303845343445ffffffff00'
2026-09-17 13:32:38,992 LT1-thread root DEBUG gap.py                    1227  gap_command_rsp_succ      : 
2026-09-17 13:32:38,992 LT1-thread root DEBUG iutctl_common.py          339   read                      : 
2026-09-17 13:32:39,033 BTPWorkerThread-394 (_rx_task) root DEBUG iutctl_common.py          123   read                      : Read 5 bytes
2026-09-17 13:32:39,044 BTPWorkerThread-394 (_rx_task) root DEBUG iutctl_common.py          131   read                      : Received: hdr: Header(svc_id=0x01, op=0x0a, ctrl_index=0x00, data_len=0x04) bytearray(b'\x01\n\x00\x04\x00')
2026-09-17 13:32:39,050 BTPWorkerThread-394 (_rx_task) root DEBUG iutctl_common.py          139   read                      : Read 4 bytes data
2026-09-17 13:32:39,050 BTPWorkerThread-394 (_rx_task) root DEBUG iutctl_common.py          154   read                      : Received data: {'19 06 00 00'}, bytearray(b'\x19\x06\x00\x00')
2026-09-17 13:32:39,051 LT1-thread root DEBUG gap.py                    1232  gap_command_rsp_succ      : received Header(svc_id=1, op=10, ctrl_index=0, data_len=4) (b'\x19\x06\x00\x00',)
2026-09-17 13:32:39,051 LT1-thread root DEBUG gap.py                    594   __gap_current_settings_update : (b'\x19\x06\x00\x00',)
2026-09-17 13:32:39,051 LT1-thread root DEBUG testcase.py               722   run_wid                   : Sending response 'OK' to wid 53 test case GAP/DISC/GENM/BV-03-C
2026-09-17 13:32:39,055 LT1-thread root DEBUG client.py                 276   get_result                : ClientCallback.get_result run_test_case
2026-09-17 13:32:43,247 LT1-callback ClientCallback.on_implicit_send INFO client.py                 223   on_implicit_send          : 
    ********************
    BEGIN OnImplicitSend:
    project_name: GAP
    wid: 51
    test_case_name: GAP/DISC/GENM/BV-03-C
    description: Please prepare IUT into general discoverable mode and send an advertising report using either non - directed advertising or discoverable undirected advertising.
    style: MMI_Style_Ok_Cancel2 0x11141
2026-09-17 13:32:43,247 LT1-callback ClientCallback.on_implicit_send INFO client.py                 236   on_implicit_send          : Calling test cases on_implicit_send
2026-09-17 13:32:43,247 LT1-callback ClientCallback.on_implicit_send INFO client.py                 249   on_implicit_send          : 
    on_implicit_send returned response: WAIT
    END OnImplicitSend
    ********************
2026-09-17 13:32:44,059 LT1-thread root DEBUG testcase.py               679   run_wid                   : GAP GAP/DISC/GENM/BV-03-C on_implicit_send
2026-09-17 13:32:44,059 LT1-thread root DEBUG gap_wid.py                26    gap_wid_hdl               : gap_wid_hdl, 51, Please prepare IUT into general discoverable mode and send an advertising report using either non - directed advertising or discoverable undirected advertising., GAP/DISC/GENM/BV-03-C
2026-09-17 13:32:44,059 LT1-thread root DEBUG gap.py                    999   gap_set_non_connectable   : 
2026-09-17 13:32:44,059 LT1-thread root DEBUG gap.py                    1033  gap_set_general_discoverable : 
2026-09-17 13:32:44,059 LT1-thread root DEBUG iutctl_common.py          161   send                      : 1 8 0 '1'
2026-09-17 13:32:44,059 LT1-thread root DEBUG iutctl_common.py          166   send                      : sending frame '010800010001'
2026-09-17 13:32:44,059 LT1-thread root DEBUG gap.py                    1227  gap_command_rsp_succ      : 
2026-09-17 13:32:44,060 LT1-thread root DEBUG iutctl_common.py          339   read                      : 
2026-09-17 13:32:44,150 BTPWorkerThread-394 (_rx_task) root DEBUG iutctl_common.py          123   read                      : Read 5 bytes
2026-09-17 13:32:44,160 BTPWorkerThread-394 (_rx_task) root DEBUG iutctl_common.py          131   read                      : Received: hdr: Header(svc_id=0x01, op=0x08, ctrl_index=0x00, data_len=0x04) bytearray(b'\x01\x08\x00\x04\x00')
2026-09-17 13:32:44,166 BTPWorkerThread-394 (_rx_task) root DEBUG iutctl_common.py          139   read                      : Read 4 bytes data
2026-09-17 13:32:44,172 BTPWorkerThread-394 (_rx_task) root DEBUG iutctl_common.py          154   read                      : Received data: {'19 06 00 00'}, bytearray(b'\x19\x06\x00\x00')
2026-09-17 13:32:44,183 LT1-thread root DEBUG gap.py                    1232  gap_command_rsp_succ      : received Header(svc_id=1, op=8, ctrl_index=0, data_len=4) (b'\x19\x06\x00\x00',)
2026-09-17 13:32:44,183 LT1-thread root DEBUG gap.py                    594   __gap_current_settings_update : (b'\x19\x06\x00\x00',)
2026-09-17 13:32:44,183 LT1-thread root DEBUG gap.py                    648   gap_start_advertising     : {9: b'Tester_08E44E'} None
2026-09-17 13:32:44,183 LT1-thread root DEBUG testcase.py               722   run_wid                   : Sending response 'OK' to wid 51 test case GAP/DISC/GENM/BV-03-C
2026-09-17 13:32:44,186 LT1-thread root DEBUG client.py                 276   get_result                : ClientCallback.get_result run_test_case
2026-09-17 13:32:48,371 LT1-callback ClientCallback.on_implicit_send INFO client.py                 223   on_implicit_send          : 
    ********************
    BEGIN OnImplicitSend:
    project_name: GAP
    wid: 74
    test_case_name: GAP/DISC/GENM/BV-03-C
    description: Please prepare IUT into non-discoverable mode and send an advertising report using connectable undirected advertising.
    style: MMI_Style_Ok_Cancel2 0x11141
2026-09-17 13:32:48,371 LT1-callback ClientCallback.on_implicit_send INFO client.py                 236   on_implicit_send          : Calling test cases on_implicit_send
2026-09-17 13:32:48,372 LT1-callback ClientCallback.on_implicit_send INFO client.py                 249   on_implicit_send          : 
    on_implicit_send returned response: WAIT
    END OnImplicitSend
    ********************
2026-09-17 13:32:49,189 LT1-thread root DEBUG testcase.py               679   run_wid                   : GAP GAP/DISC/GENM/BV-03-C on_implicit_send
2026-09-17 13:32:49,189 LT1-thread root DEBUG gap_wid.py                26    gap_wid_hdl               : gap_wid_hdl, 74, Please prepare IUT into non-discoverable mode and send an advertising report using connectable undirected advertising., GAP/DISC/GENM/BV-03-C
2026-09-17 13:32:49,189 LT1-thread root DEBUG gap.py                    982   gap_set_connectable       : 
2026-09-17 13:32:49,189 LT1-thread root DEBUG iutctl_common.py          161   send                      : 1 6 0 '1'
2026-09-17 13:32:49,189 LT1-thread root DEBUG iutctl_common.py          166   send                      : sending frame '010600010001'
2026-09-17 13:32:49,190 LT1-thread root DEBUG gap.py                    1227  gap_command_rsp_succ      : 
2026-09-17 13:32:49,190 LT1-thread root DEBUG iutctl_common.py          339   read                      : 
2026-09-17 13:32:49,223 BTPWorkerThread-394 (_rx_task) root DEBUG iutctl_common.py          123   read                      : Read 5 bytes
2026-09-17 13:32:49,234 BTPWorkerThread-394 (_rx_task) root DEBUG iutctl_common.py          131   read                      : Received: hdr: Header(svc_id=0x01, op=0x06, ctrl_index=0x00, data_len=0x04) bytearray(b'\x01\x06\x00\x04\x00')
2026-09-17 13:32:49,244 BTPWorkerThread-394 (_rx_task) root DEBUG iutctl_common.py          139   read                      : Read 4 bytes data
2026-09-17 13:32:49,255 BTPWorkerThread-394 (_rx_task) root DEBUG iutctl_common.py          154   read                      : Received data: {'1b 06 00 00'}, bytearray(b'\x1b\x06\x00\x00')
2026-09-17 13:32:49,266 LT1-thread root DEBUG gap.py                    1232  gap_command_rsp_succ      : received Header(svc_id=1, op=6, ctrl_index=0, data_len=4) (b'\x1b\x06\x00\x00',)
2026-09-17 13:32:49,266 LT1-thread root DEBUG gap.py                    594   __gap_current_settings_update : (b'\x1b\x06\x00\x00',)
2026-09-17 13:32:49,266 LT1-thread root DEBUG gap.py                    1016  gap_set_non_discoverable  : 
2026-09-17 13:32:49,266 LT1-thread root DEBUG iutctl_common.py          161   send                      : 1 8 0 '0'
2026-09-17 13:32:49,266 LT1-thread root DEBUG iutctl_common.py          166   send                      : sending frame '010800010000'
2026-09-17 13:32:49,267 LT1-thread root DEBUG gap.py                    1227  gap_command_rsp_succ      : 
2026-09-17 13:32:49,267 LT1-thread root DEBUG iutctl_common.py          339   read                      : 
2026-09-17 13:32:49,332 BTPWorkerThread-394 (_rx_task) root DEBUG iutctl_common.py          123   read                      : Read 5 bytes
2026-09-17 13:32:49,338 BTPWorkerThread-394 (_rx_task) root DEBUG iutctl_common.py          131   read                      : Received: hdr: Header(svc_id=0x01, op=0x08, ctrl_index=0x00, data_len=0x04) bytearray(b'\x01\x08\x00\x04\x00')
2026-09-17 13:32:49,353 BTPWorkerThread-394 (_rx_task) root DEBUG iutctl_common.py          139   read                      : Read 4 bytes data
2026-09-17 13:32:49,359 BTPWorkerThread-394 (_rx_task) root DEBUG iutctl_common.py          154   read                      : Received data: {'13 06 00 00'}, bytearray(b'\x13\x06\x00\x00')
2026-09-17 13:32:49,369 LT1-thread root DEBUG gap.py                    1232  gap_command_rsp_succ      : received Header(svc_id=1, op=8, ctrl_index=0, data_len=4) (b'\x13\x06\x00\x00',)
2026-09-17 13:32:49,369 LT1-thread root DEBUG gap.py                    594   __gap_current_settings_update : (b'\x13\x06\x00\x00',)
2026-09-17 13:32:49,369 LT1-thread root DEBUG gap.py                    648   gap_start_advertising     : {9: b'Tester_08E44E'} None
2026-09-17 13:32:49,369 LT1-thread root DEBUG testcase.py               722   run_wid                   : Sending response 'OK' to wid 74 test case GAP/DISC/GENM/BV-03-C
2026-09-17 13:32:49,371 LT1-thread root DEBUG client.py                 276   get_result                : ClientCallback.get_result run_test_case
2026-09-17 13:32:51,904 LT1-callback ClientCallback.log INFO client.py                 200   log                       : PTS_LOGTYPE_START_TEST Start Test Case 

+3250 ms
 GAP/DISC/GENM/BV-03-C GAP/DISC/GENM/BV-03-C

2026-09-17 13:32:52,100 LT1-callback ClientCallback.log INFO client.py                 200   log                       : PTS_LOGTYPE_START_TEST Start Test Case 

+8094 ms
 GAP/DISC/GENM/BV-03-C GAP/DISC/GENM/BV-03-C

2026-09-17 13:32:52,243 LT1-callback ClientCallback.log INFO client.py                 200   log                       : PTS_LOGTYPE_FINAL_VERDICT Final Verdict 

+16078 ms
 GAP/DISC/GENM/BV-03-C FAIL

2026-09-17 13:32:52,247 LT1-callback ClientCallback.log INFO client.py                 200   log                       : PTS_LOGTYPE_FINAL_VERDICT Encrypted Verdict 

+16078 ms
 GAP/DISC/GENM/BV-03-C A1#NWY4NzMzNTliMWMyNGFhNDhlOGEzZGQzMTRjMmYzMDk4YTJmZjkyZDhkMjMyZWUzY2I4MmFjYjgwNjRhZGRjOA==#ocNT/y/ZZys83URYc/EiAT9iXXr+g05aKuDaUJOVO88kf1qXh274VWEDyzZ4bi8V

2026-09-17 13:32:52,251 LT1-callback ClientCallback.log INFO client.py                 200   log                       : PTS_LOGTYPE_END_TEST Test Case Ended 

+16078 ms
 GAP/DISC/GENM/BV-03-C GAP/DISC/GENM/BV-03-C

2026-09-17 13:32:52,355 LT1-callback root DEBUG client.py                 261   set_result                : ClientCallback, set_result, run_test_case, FAIL
2026-09-17 13:32:52,356 LT1-thread root DEBUG client.py                 1186  _run_test_case            : After run_test_case error_code=0 status='FAIL'
2026-09-17 13:32:52,356 LT1-thread root DEBUG testcase.py               766   post_run                  : post_run GAP GAP/DISC/GENM/BV-03-C 0
2026-09-17 13:32:52,356 MainThread root DEBUG client.py                 1313  run_test_case             : Interrupting GAP GAP/DISC/GENM/BV-03-C test case of thread LT1-thread
2026-09-17 13:32:52,357 LT1-thread root DEBUG testcase.py               254   start                     : Starting test function: class=<class 'autopts.ptsprojects.testcase.TestFuncCleanUp'>, func=<bound method ZTestCase._test_case_cleanup of <autopts.ptsprojects.zephyr.ztestcase.ZTestCase object at 0x00000203DCD1C920>> start_wid=None stop_wid=None post_wid=None skip_call=None call_count=2 args=() kwds={}
2026-09-17 13:32:52,357 LT1-thread root DEBUG testcase.py               266   start                     : Test function parameters: args=(), kwds={}
2026-09-17 13:32:52,357 LT1-thread root DEBUG iutctl.py                 415   stop                      : <class 'autopts.ptsprojects.zephyr.iutctl.create_zephyr_ctl_class.<locals>.ZephyrCtl'>.stop
2026-09-17 13:32:52,357 LT1-thread root DEBUG __init__.py               51    reset                     : About to reset DUT: JLink -CommandFile reset.jlink -usb 1063214216 -device MIMXRT1176XXXA_M7
2026-09-17 13:32:52,687 BTPWorkerThread-394 (_rx_task) root DEBUG iutctl_common.py          123   read                      : Read 5 bytes
2026-09-17 13:32:52,687 BTPWorkerThread-394 (_rx_task) root DEBUG iutctl_common.py          131   read                      : Received: hdr: Header(svc_id=0x00, op=0x80, ctrl_index=0xff, data_len=0x00) bytearray(b'\x00\x80\xff\x00\x00')
2026-09-17 13:32:52,688 BTPWorkerThread-394 (_rx_task) root DEBUG iutctl_common.py          154   read                      : Received data: {''}, bytearray(b'')
2026-09-17 13:32:52,688 BTPWorkerThread-394 (_rx_task) root DEBUG btp.py                    700   event_handler             : Header(svc_id=0, op=128, ctrl_index=255, data_len=0) (b'',)
2026-09-17 13:32:52,688 BTPWorkerThread-394 (_rx_task) root DEBUG core.py                   23    core_iut_ready_ev         : 
2026-09-17 13:32:52,747 LT1-thread root DEBUG iutctl.py                 436   _stop_tty_mode            : IUT ready event received OK
2026-09-17 13:32:52,747 LT1-thread root DEBUG iutctl_common.py          416   close                     : Waiting for _rx_worker to finish ...
2026-09-17 13:32:53,689 BTPWorkerThread-394 (_rx_task) root DEBUG iutctl_common.py          332   _rx_task                  : BTPWorkerThread-394 (_rx_task) finishing...
2026-09-17 13:32:56,696 LT1-thread root DEBUG testcase.py               794   post_run                  : post_run, cleanup running post test case script
2026-09-17 13:32:56,696 LT1-thread root DEBUG testcase.py               802   post_run                  : post_run, run post test case script
2026-09-17 13:32:56,773 LT1-thread root DEBUG client.py                 1220  _run_test_case            : Done TestCase _run_test_case GAP GAP/DISC/GENM/BV-03-C
