16:05:35:040    > BTP_CORE_CMD_READ_SUPPORTED_SERVICES (0x00|0x02|0xff)
                  raw data (0): 00 02 ff 00 00|
16:05:35:074    < BTP_CORE_CMD_READ_SUPPORTED_SERVICES (0x00|0x02|0xff)
                  raw data (6): 00 02 ff 06 00|0f 00 00 a0 01 03
16:05:35:080    > BTP_CORE_CMD_REGISTER_SERVICE (0x00|0x03|0xff)
                  raw data (1): 00 03 ff 01 00|01
16:05:39:202    < BTP_CORE_CMD_REGISTER_SERVICE (0x00|0x03|0xff)
                  raw data (0): 00 03 ff 00 00|
16:05:39:207    > BTP_GAP_CMD_READ_SUPPORTED_COMMANDS (0x01|0x01|0xff)
                  raw data (0): 01 01 ff 00 00|
16:05:39:265    < BTP_GAP_CMD_READ_SUPPORTED_COMMANDS (0x01|0x01|0xff)
                  raw data (7): 01 01 ff 07 00|6e ff 7f 1f fe ff 0e
16:05:39:271    > BTP_GAP_CMD_READ_CONTROLLER_INFO (0x01|0x03|0x00)
                  raw data (0): 01 03 00 00 00|
16:05:39:331    < BTP_GAP_CMD_READ_CONTROLLER_INFO (0x01|0x03|0x00)
                  raw data (277): 
                  01 03 00 15 01|19 78 ee 69 17 d0 d3 06 02 00 13 
                  02 00 00 00 00 00 62 74 70 5f 74 65 73 74 65 72 
                  00 00 00 00 00 00 00 00 00 00 00 00 00 00 00 00 
                  00 00 00 00 00 00 00 00 00 00 00 00 00 00 00 00 
                  00 00 00 00 00 00 00 00 00 00 00 00 00 00 00 00 
                  00 00 00 00 00 00 00 00 00 00 00 00 00 00 00 00 
                  00 00 00 00 00 00 00 00 00 00 00 00 00 00 00 00 
                  00 00 00 00 00 00 00 00 00 00 00 00 00 00 00 00 
                  00 00 00 00 00 00 00 00 00 00 00 00 00 00 00 00 
                  00 00 00 00 00 00 00 00 00 00 00 00 00 00 00 00 
                  00 00 00 00 00 00 00 00 00 00 00 00 00 00 00 00 
                  00 00 00 00 00 00 00 00 00 00 00 00 00 00 00 00 
                  00 00 00 00 00 00 00 00 00 00 00 00 00 00 00 00 
                  00 00 00 00 00 00 00 00 00 00 00 00 00 00 00 00 
                  00 00 00 00 00 00 00 00 00 00 00 00 00 00 00 00 
                  00 00 00 00 00 00 00 00 00 00 00 00 00 00 00 00 
                  00 00 00 00 00 00 00 00 00 00 00 00 00 00 00 00 
                  00 00 00 00 00 00 00 00 00 00
16:05:39:347    > BTP_GAP_CMD_SET_IO_CAP (0x01|0x10|0x00)
                  raw data (1): 01 10 00 01 00|03
16:05:39:401    < BTP_GAP_CMD_SET_IO_CAP (0x01|0x10|0x00)
                  raw data (0): 01 10 00 00 00|
16:05:39:419    > BTP_CORE_CMD_REGISTER_SERVICE (0x00|0x03|0xff)
                  raw data (31): 00 03 ff 01 00|1f
16:05:39:465    < BTP_CORE_CMD_REGISTER_SERVICE (0x00|0x03|0xff)
                  raw data (0): 00 03 ff 00 00|
16:05:39:471    > BTP_SDP_CMD_READ_SUPPORTED_COMMANDS (0x1f|0x01|0xff)
                  raw data (0): 1f 01 ff 00 00|
16:05:39:558    < BTP_SDP_CMD_READ_SUPPORTED_COMMANDS (0x1f|0x01|0xff)
                  raw data (1): 1f 01 ff 01 00|1e
16:05:39:563    > BTP_CORE_CMD_REGISTER_SERVICE (0x00|0x03|0xff)
                  raw data (41): 00 03 ff 01 00|29
16:05:39:618    < BTP_CORE_CMD_REGISTER_SERVICE (0x00|0x03|0xff)
                  raw data (0): 00 03 ff 00 00|
16:05:39:633    > BTP_HID_HOST_CMD_READ_SUPPORTED_COMMANDS (0x29|0x01|0xff)
                  raw data (0): 29 01 ff 00 00|
16:05:39:684    < BTP_HID_HOST_CMD_READ_SUPPORTED_COMMANDS (0x29|0x01|0xff)
                  raw data (2): 29 01 ff 02 00|fe 7f
16:05:41:688    > BTP_GAP_CMD_START_DISCOVERY (0x01|0x0c|0x00)
                  raw data (1): 01 0c 00 01 00|02
16:05:41:743    < BTP_GAP_CMD_START_DISCOVERY (0x01|0x0c|0x00)
                  raw data (0): 01 0c 00 00 00|
16:05:42:524    < BTP_GAP_EV_DEVICE_FOUND (0x01|0x81|0x00)
                  raw data (11): 01 81 00 0b 00|e0 53 00 4c 17 e5 44 ab 03 00 00
16:05:42:783    < BTP_GAP_EV_DEVICE_FOUND (0x01|0x81|0x00)
                  raw data (39): 
                  01 81 00 27 00|e0 6c cc c0 a9 94 d4 b8 03 1c 00 
                  0a 09 53 4d 57 30 32 38 33 37 33 02 0a 0c 0d 03 
                  0c 11 0a 11 0e 11 0b 11 1f 11 1e 11
16:05:42:935    < BTP_GAP_EV_DEVICE_FOUND (0x01|0x81|0x00)
                  raw data (38): 
                  01 81 00 26 00|e0 53 00 4c 17 e5 44 af 03 1b 00 
                  09 09 4e 58 4c 36 36 35 32 38 02 0a 0c 0d 03 0c 
                  11 0a 11 0b 11 0e 11 1f 11 1e 11
16:05:42:978    < BTP_GAP_EV_DEVICE_FOUND (0x01|0x81|0x00)
                  raw data (38): 
                  01 81 00 26 00|e0 53 00 4c 17 e5 44 ad 03 1b 00 
                  09 09 4e 58 4c 36 36 35 32 38 02 0a 0c 0d 03 0c 
                  11 0a 11 0b 11 0e 11 1f 11 1e 11
16:05:43:022    < BTP_GAP_EV_DEVICE_FOUND (0x01|0x81|0x00)
                  raw data (39): 
                  01 81 00 27 00|e0 6c cc c0 a9 94 d4 b6 03 1c 00 
                  0a 09 53 4d 57 30 32 38 33 37 33 02 0a 0c 0d 03 
                  0c 11 0a 11 0e 11 0b 11 1f 11 1e 11
16:05:43:292    < BTP_GAP_EV_DEVICE_FOUND (0x01|0x81|0x00)
                  raw data (39): 
                  01 81 00 27 00|e0 6c cc c0 a9 94 d4 b4 03 1c 00 
                  0a 09 53 4d 57 30 32 38 33 37 33 02 0a 0c 0d 03 
                  0c 11 0a 11 0e 11 0b 11 1f 11 1e 11
16:05:43:358    < BTP_GAP_EV_DEVICE_FOUND (0x01|0x81|0x00)
                  raw data (39): 
                  01 81 00 27 00|e0 6c cc c0 a9 94 d4 bc 03 1c 00 
                  0a 09 53 4d 57 30 32 38 33 37 33 02 0a 0c 0d 03 
                  0c 11 0a 11 0e 11 0b 11 1f 11 1e 11
16:05:43:444    < BTP_GAP_EV_DEVICE_FOUND (0x01|0x81|0x00)
                  raw data (39): 
                  01 81 00 27 00|e0 6c cc c0 a9 94 d4 b5 03 1c 00 
                  0a 09 53 4d 57 30 32 38 33 37 33 02 0a 0c 0d 03 
                  0c 11 0a 11 0e 11 0b 11 1f 11 1e 11
16:05:43:669    < BTP_GAP_EV_DEVICE_FOUND (0x01|0x81|0x00)
                  raw data (38): 
                  01 81 00 26 00|e0 53 00 4c 17 e5 44 ab 03 1b 00 
                  09 09 4e 58 4c 36 36 35 32 38 02 0a 0c 0d 03 0c 
                  11 0a 11 0b 11 0e 11 1f 11 1e 11
16:05:43:745    < BTP_GAP_EV_DEVICE_FOUND (0x01|0x81|0x00)
                  raw data (11): 01 81 00 0b 00|e0 53 00 4c 17 e5 44 aa 03 00 00
16:05:43:994    < BTP_GAP_EV_DEVICE_FOUND (0x01|0x81|0x00)
                  raw data (39): 
                  01 81 00 27 00|e0 6c cc c0 a9 94 d4 b5 03 1c 00 
                  0a 09 53 4d 57 30 32 38 33 37 33 02 0a 0c 0d 03 
                  0c 11 0a 11 0e 11 0b 11 1f 11 1e 11
16:05:44:328    < BTP_GAP_EV_DEVICE_FOUND (0x01|0x81|0x00)
                  raw data (38): 
                  01 81 00 26 00|e0 53 00 4c 17 e5 44 a9 03 1b 00 
                  09 09 4e 58 4c 36 36 35 32 38 02 0a 0c 0d 03 0c 
                  11 0a 11 0b 11 0e 11 1f 11 1e 11
16:05:44:339    < BTP_GAP_EV_DEVICE_FOUND (0x01|0x81|0x00)
                  raw data (38): 
                  01 81 00 26 00|e0 53 00 4c 17 e5 44 ac 03 1b 00 
                  09 09 4e 58 4c 36 36 35 32 38 02 0a 0c 0d 03 0c 
                  11 0a 11 0b 11 0e 11 1f 11 1e 11
16:05:46:537    < BTP_GAP_EV_DEVICE_FOUND (0x01|0x81|0x00)
                  raw data (28): 
                  01 81 00 1c 00|e0 4e e4 08 dc 1b 00 cd 03 11 00 
                  10 09 50 54 53 2d 48 49 44 31 31 2d 45 34 34 45 
                  00
16:05:46:559    < BTP_GAP_EV_DEVICE_FOUND (0x01|0x81|0x00)
                  raw data (28): 
                  01 81 00 1c 00|e0 4e e4 08 dc 1b 00 c9 03 11 00 
                  10 09 50 54 53 2d 48 49 44 31 31 2d 45 34 34 45 
                  00
16:05:46:569    < BTP_GAP_EV_DEVICE_FOUND (0x01|0x81|0x00)
                  raw data (38): 
                  01 81 00 26 00|e0 53 00 4c 17 e5 44 a8 03 1b 00 
                  09 09 4e 58 4c 36 36 35 32 38 02 0a 0c 0d 03 0c 
                  11 0a 11 0b 11 0e 11 1f 11 1e 11
16:05:46:625    < BTP_GAP_EV_DEVICE_FOUND (0x01|0x81|0x00)
                  raw data (42): 
                  01 81 00 2a 00|e0 cd 83 06 dc 1b 00 ab 03 1f 00 
                  1e 09 41 32 44 50 20 53 6f 75 72 63 65 20 30 30 
                  3a 31 42 3a 44 43 3a 30 36 3a 38 33 3a 43 44
16:05:46:688    < BTP_GAP_EV_DEVICE_FOUND (0x01|0x81|0x00)
                  raw data (11): 01 81 00 0b 00|e0 cd 83 06 dc 1b 00 aa 03 00 00
16:05:46:742    < BTP_GAP_EV_DEVICE_FOUND (0x01|0x81|0x00)
                  raw data (42): 
                  01 81 00 2a 00|e0 cd 83 06 dc 1b 00 ab 03 1f 00 
                  1e 09 41 32 44 50 20 53 6f 75 72 63 65 20 30 30 
                  3a 31 42 3a 44 43 3a 30 36 3a 38 33 3a 43 44
16:05:46:753    < BTP_GAP_EV_DEVICE_FOUND (0x01|0x81|0x00)
                  raw data (39): 
                  01 81 00 27 00|e0 6c cc c0 a9 94 d4 b6 03 1c 00 
                  0a 09 53 4d 57 30 32 38 33 37 33 02 0a 0c 0d 03 
                  0c 11 0a 11 0e 11 0b 11 1f 11 1e 11
16:05:46:784    < BTP_GAP_EV_DEVICE_FOUND (0x01|0x81|0x00)
                  raw data (28): 
                  01 81 00 1c 00|e0 4e e4 08 dc 1b 00 cd 03 11 00 
                  10 09 50 54 53 2d 48 49 44 31 31 2d 45 34 34 45 
                  00
16:05:46:827    < BTP_GAP_EV_DEVICE_FOUND (0x01|0x81|0x00)
                  raw data (39): 
                  01 81 00 27 00|e0 6c cc c0 a9 94 d4 b7 03 1c 00 
                  0a 09 53 4d 57 30 32 38 33 37 33 02 0a 0c 0d 03 
                  0c 11 0a 11 0e 11 0b 11 1f 11 1e 11
16:05:47:053    < BTP_GAP_EV_DEVICE_FOUND (0x01|0x81|0x00)
                  raw data (39): 
                  01 81 00 27 00|e0 6c cc c0 a9 94 d4 b3 03 1c 00 
                  0a 09 53 4d 57 30 32 38 33 37 33 02 0a 0c 0d 03 
                  0c 11 0a 11 0e 11 0b 11 1f 11 1e 11
16:05:47:448    < BTP_GAP_EV_DEVICE_FOUND (0x01|0x81|0x00)
                  raw data (39): 
                  01 81 00 27 00|e0 6c cc c0 a9 94 d4 b4 03 1c 00 
                  0a 09 53 4d 57 30 32 38 33 37 33 02 0a 0c 0d 03 
                  0c 11 0a 11 0e 11 0b 11 1f 11 1e 11
16:05:47:674    < BTP_GAP_EV_DEVICE_FOUND (0x01|0x81|0x00)
                  raw data (39): 
                  01 81 00 27 00|e0 6c cc c0 a9 94 d4 b8 03 1c 00 
                  0a 09 53 4d 57 30 32 38 33 37 33 02 0a 0c 0d 03 
                  0c 11 0a 11 0e 11 0b 11 1f 11 1e 11
16:05:48:145    < BTP_GAP_EV_DEVICE_FOUND (0x01|0x81|0x00)
                  raw data (39): 
                  01 81 00 27 00|e0 6c cc c0 a9 94 d4 b5 03 1c 00 
                  0a 09 53 4d 57 30 32 38 33 37 33 02 0a 0c 0d 03 
                  0c 11 0a 11 0e 11 0b 11 1f 11 1e 11
16:05:48:232    < BTP_GAP_EV_DEVICE_FOUND (0x01|0x81|0x00)
                  raw data (39): 
                  01 81 00 27 00|e0 6c cc c0 a9 94 d4 ba 03 1c 00 
                  0a 09 53 4d 57 30 32 38 33 37 33 02 0a 0c 0d 03 
                  0c 11 0a 11 0e 11 0b 11 1f 11 1e 11
16:05:48:340    < BTP_GAP_EV_DEVICE_FOUND (0x01|0x81|0x00)
                  raw data (42): 
                  01 81 00 2a 00|e0 eb b2 06 dc 1b 00 a7 03 1f 00 
                  1e 09 41 32 44 50 20 53 6f 75 72 63 65 20 30 30 
                  3a 31 42 3a 44 43 3a 30 36 3a 42 32 3a 45 42
16:05:48:543    < BTP_GAP_EV_DEVICE_FOUND (0x01|0x81|0x00)
                  raw data (39): 
                  01 81 00 27 00|e0 6c cc c0 a9 94 d4 b4 03 1c 00 
                  0a 09 53 4d 57 30 32 38 33 37 33 02 0a 0c 0d 03 
                  0c 11 0a 11 0e 11 0b 11 1f 11 1e 11
16:05:48:746    < BTP_GAP_EV_DEVICE_FOUND (0x01|0x81|0x00)
                  raw data (42): 
                  01 81 00 2a 00|e0 eb b2 06 dc 1b 00 ae 03 1f 00 
                  1e 09 41 32 44 50 20 53 6f 75 72 63 65 20 30 30 
                  3a 31 42 3a 44 43 3a 30 36 3a 42 32 3a 45 42
16:05:48:994    < BTP_GAP_EV_DEVICE_FOUND (0x01|0x81|0x00)
                  raw data (77): 
                  01 81 00 4d 00|e0 ec fc 7d de 78 74 a6 03 42 00 
                  15 09 e4 b9 94 e5 b0 bc f0 9f 90 9f e7 9a 84 69 
                  51 4f 4f 20 31 36 17 03 05 11 0a 11 0c 11 0e 11 
                  12 11 15 11 16 11 1f 11 2f 11 00 12 32 11 01 05 
                  11 07 92 c8 15 2b 16 13 b0 a1 6c 59 1f bd 15 c7 
                  a9 8f
16:05:49:511    < BTP_GAP_EV_DEVICE_FOUND (0x01|0x81|0x00)
                  raw data (28): 
                  01 81 00 1c 00|e0 4e e4 08 dc 1b 00 cc 03 11 00 
                  10 09 50 54 53 2d 48 49 44 31 31 2d 45 34 34 45 
                  00
16:05:49:854    < BTP_GAP_EV_DEVICE_FOUND (0x01|0x81|0x00)
                  raw data (42): 
                  01 81 00 2a 00|e0 cd 83 06 dc 1b 00 a8 03 1f 00 
                  1e 09 41 32 44 50 20 53 6f 75 72 63 65 20 30 30 
                  3a 31 42 3a 44 43 3a 30 36 3a 38 33 3a 43 44
16:05:49:887    < BTP_GAP_EV_DEVICE_FOUND (0x01|0x81|0x00)
                  raw data (39): 
                  01 81 00 27 00|e0 6c cc c0 a9 94 d4 b6 03 1c 00 
                  0a 09 53 4d 57 30 32 38 33 37 33 02 0a 0c 0d 03 
                  0c 11 0a 11 0e 11 0b 11 1f 11 1e 11
16:05:49:899    < BTP_GAP_EV_DEVICE_FOUND (0x01|0x81|0x00)
                  raw data (21): 
                  01 81 00 15 00|e0 9e 03 80 3d 90 ee cc 03 0a 00 
                  09 09 58 32 31 00 00 00 00 00
16:05:50:840    < BTP_GAP_EV_DEVICE_FOUND (0x01|0x81|0x00)
                  raw data (11): 01 81 00 0b 00|e0 53 00 4c 17 e5 44 a9 03 00 00
16:05:50:959    < BTP_GAP_EV_DEVICE_FOUND (0x01|0x81|0x00)
                  raw data (11): 01 81 00 0b 00|e0 cd 83 06 dc 1b 00 a6 03 00 00
16:05:50:980    < BTP_GAP_EV_DEVICE_FOUND (0x01|0x81|0x00)
                  raw data (38): 
                  01 81 00 26 00|e0 53 00 4c 17 e5 44 ab 03 1b 00 
                  09 09 4e 58 4c 36 36 35 32 38 02 0a 0c 0d 03 0c 
                  11 0a 11 0b 11 0e 11 1f 11 1e 11
16:05:51:173    < BTP_GAP_EV_DEVICE_FOUND (0x01|0x81|0x00)
                  raw data (38): 
                  01 81 00 26 00|e0 53 00 4c 17 e5 44 ab 03 1b 00 
                  09 09 4e 58 4c 36 36 35 32 38 02 0a 0c 0d 03 0c 
                  11 0a 11 0b 11 0e 11 1f 11 1e 11
16:05:51:206    < BTP_GAP_EV_DEVICE_FOUND (0x01|0x81|0x00)
                  raw data (21): 
                  01 81 00 15 00|e0 9e 03 80 3d 90 ee c2 03 0a 00 
                  09 09 58 32 31 00 00 00 00 00
16:05:51:496    < BTP_GAP_EV_DEVICE_FOUND (0x01|0x81|0x00)
                  raw data (42): 
                  01 81 00 2a 00|e0 cd 83 06 dc 1b 00 b3 03 1f 00 
                  1e 09 41 32 44 50 20 53 6f 75 72 63 65 20 30 30 
                  3a 31 42 3a 44 43 3a 30 36 3a 38 33 3a 43 44
16:05:51:688    < BTP_GAP_EV_DEVICE_FOUND (0x01|0x81|0x00)
                  raw data (38): 
                  01 81 00 26 00|e0 53 00 4c 17 e5 44 a8 03 1b 00 
                  09 09 4e 58 4c 36 36 35 32 38 02 0a 0c 0d 03 0c 
                  11 0a 11 0b 11 0e 11 1f 11 1e 11
16:05:51:755    > BTP_GAP_CMD_STOP_DISCOVERY (0x01|0x0d|0x00)
                  raw data (0): 01 0d 00 00 00|
16:05:51:811    < BTP_GAP_CMD_STOP_DISCOVERY (0x01|0x0d|0x00)
                  raw data (0): 01 0d 00 00 00|
16:05:51:813    > BTP_GAP_CMD_CONNECT (0x01|0x0e|0x00)
                  raw data (8): 01 0e 00 08 00|e0 4e e4 08 dc 1b 00 00
16:05:51:868    < BTP_GAP_CMD_CONNECT (0x01|0x0e|0x00)
                  raw data (0): 01 0e 00 00 00|
16:05:52:643    < BTP_GAP_EV_DEVICE_CONNECTED (0x01|0x82|0x00)
                  raw data (13): 
                  01 82 00 0d 00|e0 4e e4 08 dc 1b 00 00 00 00 00 
                  00 00
16:05:52:678    > BTP_HID_HOST_CMD_CONNECT (0x29|0x04|0x00)
                  raw data (7): 29 04 00 07 00|e0 4e e4 08 dc 1b 00
16:05:52:726    < BTP_HID_HOST_CMD_CONNECT (0x29|0x04|0x00)
                  raw data (0): 29 04 00 00 00|
16:05:54:572    < BTP_GAP_EV_ENCRYPTION_CHANGE (0x01|0x91|0x00)
                  raw data (9): 01 91 00 09 00|e0 4e e4 08 dc 1b 00 01 10
16:05:54:572    < BTP_GAP_EV_SEC_LEVEL_CHANGED (0x01|0x89|0x00)
                  raw data (8): 01 89 00 08 00|e0 4e e4 08 dc 1b 00 02
16:05:54:668    < BTP_HID_HOST_EV_CONNECTED (0x29|0x80|0x00)
                  raw data (6): 29 80 00 06 00|4e e4 08 dc 1b 00
16:05:55:739    > BTP_HID_HOST_CMD_GET_PROTOCOL (0x29|0x08|0x00)
                  raw data (1): 29 08 00 01 00|00
16:05:55:790    < BTP_HID_HOST_CMD_GET_PROTOCOL (0x29|0x08|0x00)
                  raw data (0): 29 08 00 00 00|
16:05:55:800    < BTP_HID_HOST_EV_GET_PROTOCOL (0x29|0x85|0x00)
                  raw data (2): 29 85 00 02 00|00 01
16:05:56:779    < BTP_HID_HOST_EV_DISCONNECTED (0x29|0x81|0x00)
                  raw data (6): 29 81 00 06 00|4e e4 08 dc 1b 00
16:05:56:790    < BTP_GAP_EV_DEVICE_DISCONNECTED (0x01|0x83|0x00)
                  raw data (7): 01 83 00 07 00|e0 4e e4 08 dc 1b 00
16:06:00:295    < BTP_CORE_EV_IUT_READY (0x00|0x80|0xff)
                  raw data (0): 00 80 ff 00 00|
