15:55:27:109    > BTP_CORE_CMD_READ_SUPPORTED_SERVICES (0x00|0x02|0xff)
                  raw data (0): 00 02 ff 00 00|
15:55:27:152    < BTP_CORE_CMD_READ_SUPPORTED_SERVICES (0x00|0x02|0xff)
                  raw data (6): 00 02 ff 06 00|0f 00 00 a0 01 04
15:55:27:159    > BTP_CORE_CMD_REGISTER_SERVICE (0x00|0x03|0xff)
                  raw data (1): 00 03 ff 01 00|01
15:55:31:305    < BTP_CORE_CMD_REGISTER_SERVICE (0x00|0x03|0xff)
                  raw data (0): 00 03 ff 00 00|
15:55:31:323    > BTP_GAP_CMD_READ_SUPPORTED_COMMANDS (0x01|0x01|0xff)
                  raw data (0): 01 01 ff 00 00|
15:55:31:385    < BTP_GAP_CMD_READ_SUPPORTED_COMMANDS (0x01|0x01|0xff)
                  raw data (7): 01 01 ff 07 00|6e ff 7f 1f fe ff 0e
15:55:31:392    > BTP_GAP_CMD_READ_CONTROLLER_INFO (0x01|0x03|0x00)
                  raw data (0): 01 03 00 00 00|
15:55:31:460    < BTP_GAP_CMD_READ_CONTROLLER_INFO (0x01|0x03|0x00)
                  raw data (277): 
                  01 03 00 15 01|19 78 ee 69 17 d0 d3 06 02 00 13 
                  02 00 00 00 00 00 62 74 70 5f 74 65 73 74 65 72 
                  00 00 00 00 00 00 00 00 00 00 00 00 00 00 00 00 
                  00 00 00 00 00 00 00 00 00 00 00 00 00 00 00 00 
                  00 00 00 00 00 00 00 00 00 00 00 00 00 00 00 00 
                  00 00 00 00 00 00 00 00 00 00 00 00 00 00 00 00 
                  00 00 00 00 00 00 00 00 00 00 00 00 00 00 00 00 
                  00 00 00 00 00 00 00 00 00 00 00 00 00 00 00 00 
                  00 00 00 00 00 00 00 00 00 00 00 00 00 00 00 00 
                  00 00 00 00 00 00 00 00 00 00 00 00 00 00 00 00 
                  00 00 00 00 00 00 00 00 00 00 00 00 00 00 00 00 
                  00 00 00 00 00 00 00 00 00 00 00 00 00 00 00 00 
                  00 00 00 00 00 00 00 00 00 00 00 00 00 00 00 00 
                  00 00 00 00 00 00 00 00 00 00 00 00 00 00 00 00 
                  00 00 00 00 00 00 00 00 00 00 00 00 00 00 00 00 
                  00 00 00 00 00 00 00 00 00 00 00 00 00 00 00 00 
                  00 00 00 00 00 00 00 00 00 00 00 00 00 00 00 00 
                  00 00 00 00 00 00 00 00 00 00
15:55:31:475    > BTP_CORE_CMD_REGISTER_SERVICE (0x00|0x03|0xff)
                  raw data (2): 00 03 ff 01 00|02
15:55:31:541    < BTP_CORE_CMD_REGISTER_SERVICE (0x00|0x03|0xff)
                  raw data (0): 00 03 ff 00 00|
15:55:31:542    > BTP_GATT_CMD_READ_SUPPORTED_COMMANDS (0x02|0x01|0xff)
                  raw data (0): 02 01 ff 00 00|
15:55:31:611    < BTP_GATT_CMD_READ_SUPPORTED_COMMANDS (0x02|0x01|0xff)
                  raw data (5): 02 01 ff 05 00|fe fe bf fd 0f
15:55:31:612    > BTP_CORE_CMD_REGISTER_SERVICE (0x00|0x03|0xff)
                  raw data (42): 00 03 ff 01 00|2a
15:55:31:685    < BTP_CORE_CMD_REGISTER_SERVICE (0x00|0x03|0xff)
                  raw data (0): 00 03 ff 00 00|
15:55:31:697    > BTP_FTP_CMD_READ_SUPPORTED_COMMANDS (0x2a|0x01|0xff)
                  raw data (0): 2a 01 ff 00 00|
15:55:31:794    < BTP_FTP_CMD_READ_SUPPORTED_COMMANDS (0x2a|0x01|0xff)
                  raw data (4): 2a 01 ff 04 00|fe ff ff 3f
15:55:31:802    > BTP_GAP_CMD_SET_DISCOVERABLE (0x01|0x08|0x00)
                  raw data (1): 01 08 00 01 00|01
15:55:31:905    < BTP_GAP_CMD_SET_DISCOVERABLE (0x01|0x08|0x00)
                  raw data (4): 01 08 00 04 00|1b 02 00 00
15:55:38:910    > BTP_GAP_CMD_CONNECT (0x01|0x0e|0x00)
                  raw data (8): 01 0e 00 08 00|e0 4e e4 08 dc 1b 00 00
15:55:38:977    < BTP_GAP_CMD_CONNECT (0x01|0x0e|0x00)
                  raw data (0): 01 0e 00 00 00|
15:55:41:585    < BTP_GAP_EV_DEVICE_CONNECTED (0x01|0x82|0x00)
                  raw data (13): 
                  01 82 00 0d 00|e0 4e e4 08 dc 1b 00 00 00 00 00 
                  00 00
15:55:41:606    > BTP_FTP_CMD_CLIENT_L2CAP_CONNECT (0x2a|0x04|0x00)
                  raw data (7): 2a 04 00 07 00|e0 4e e4 08 dc 1b 00
15:55:41:681    < BTP_FTP_CMD_CLIENT_L2CAP_CONNECT (0x2a|0x04|0x00)
                  raw data (0): 2a 04 00 00 00|
15:55:43:513    < BTP_GAP_EV_ENCRYPTION_CHANGE (0x01|0x91|0x00)
                  raw data (9): 01 91 00 09 00|e0 4e e4 08 dc 1b 00 01 10
15:55:43:514    < BTP_GAP_EV_SEC_LEVEL_CHANGED (0x01|0x89|0x00)
                  raw data (8): 01 89 00 08 00|e0 4e e4 08 dc 1b 00 02
15:55:43:525    < BTP_FTP_EV_CLIENT_L2CAP_CONNECTED (0x2a|0x82|0x00)
                  raw data (7): 2a 82 00 07 00|e0 4e e4 08 dc 1b 00
15:55:43:591    > BTP_FTP_CMD_CLIENT_CONNECT (0x2a|0x06|0x00)
                  raw data (28): 
                  2a 06 00 1c 00|e0 4e e4 08 dc 1b 00 13 00 46 00 
                  13 f9 ec 7b c4 95 3c 11 d2 98 4e 52 54 00 dc 9e 
                  09
15:55:43:655    < BTP_FTP_CMD_CLIENT_CONNECT (0x2a|0x06|0x00)
                  raw data (0): 2a 06 00 00 00|
15:55:43:657    < BTP_FTP_EV_CLIENT_CONNECT (0x2a|0x84|0x00)
                  raw data (37): 
                  2a 84 00 25 00|e0 4e e4 08 dc 1b 00 a0 10 0a 01 
                  18 00 4a 00 13 f9 ec 7b c4 95 3c 11 d2 98 4e 52 
                  54 00 dc 9e 09 cb a2 21 0b 9a
15:55:45:765    > BTP_FTP_CMD_CLIENT_PULL_FILE (0x2a|0x0c|0x00)
                  raw data (36): 
                  2a 0c 00 24 00|e0 4e e4 08 dc 1b 00 01 1a 00 cb 
                  a2 21 0b 9a 97 01 01 00 13 00 67 00 65 00 74 00 
                  2e 00 74 00 78 00 74 00 00
15:55:45:824    < BTP_FTP_CMD_CLIENT_PULL_FILE (0x2a|0x0c|0x00)
                  raw data (0): 2a 0c 00 00 00|
15:55:45:831    < BTP_FTP_EV_CLIENT_PULL_FILE (0x2a|0x8a|0x00)
                  raw data (260): 
                  2a 8a 00 04 01|e0 4e e4 08 dc 1b 00 90 fa 00 97 
                  01 48 00 f8 46 69 6c 6c 65 72 20 54 65 78 74 20 
                  46 69 6c 6c 65 72 20 54 65 78 74 20 46 69 6c 6c 
                  65 72 20 54 65 78 74 20 46 69 6c 6c 65 72 20 54 
                  65 78 74 20 46 69 6c 6c 65 72 20 54 65 78 74 20 
                  46 69 6c 6c 65 72 20 54 65 78 74 20 46 69 6c 6c 
                  65 72 20 54 65 78 74 20 46 69 6c 6c 65 72 20 54 
                  65 78 74 20 46 69 6c 6c 65 72 20 54 65 78 74 20 
                  46 69 6c 6c 65 72 20 54 65 78 74 20 46 69 6c 6c 
                  65 72 20 54 65 78 74 20 46 69 6c 6c 65 72 20 54 
                  65 78 74 20 0d 0a 46 69 6c 6c 65 72 20 54 65 78 
                  74 20 46 69 6c 6c 65 72 20 54 65 78 74 20 46 69 
                  6c 6c 65 72 20 54 65 78 74 20 46 69 6c 6c 65 72 
                  20 54 65 78 74 20 46 69 6c 6c 65 72 20 54 65 78 
                  74 20 46 69 6c 6c 65 72 20 54 65 78 74 20 46 69 
                  6c 6c 65 72 20 54 65 78 74 20 46 69 6c 6c 65 72 
                  20 54 65 78 74 20 46 69 6c
15:55:45:852    < BTP_FTP_EV_CLIENT_PULL_FILE (0x2a|0x8a|0x00)
                  raw data (260): 
                  2a 8a 00 04 01|e0 4e e4 08 dc 1b 00 90 fa 00 97 
                  01 48 00 f8 6c 65 72 20 54 65 78 74 20 46 69 6c 
                  6c 65 72 20 54 65 78 74 20 46 69 6c 6c 65 72 20 
                  54 65 78 74 20 46 69 6c 6c 65 72 20 54 65 78 74 
                  20 0d 0a 46 69 6c 6c 65 72 20 54 65 78 74 20 46 
                  69 6c 6c 65 72 20 54 65 78 74 20 46 69 6c 6c 65 
                  72 20 54 65 78 74 20 46 69 6c 6c 65 72 20 54 65 
                  78 74 20 46 69 6c 6c 65 72 20 54 65 78 74 20 46 
                  69 6c 6c 65 72 20 54 65 78 74 20 46 69 6c 6c 65 
                  72 20 54 65 78 74 20 46 69 6c 6c 65 72 20 54 65 
                  78 74 20 46 69 6c 6c 65 72 20 54 65 78 74 20 46 
                  69 6c 6c 65 72 20 54 65 78 74 20 46 69 6c 6c 65 
                  72 20 54 65 78 74 20 46 69 6c 6c 65 72 20 54 65 
                  78 74 20 0d 0a 46 69 6c 6c 65 72 20 54 65 78 74 
                  20 46 69 6c 6c 65 72 20 54 65 78 74 20 46 69 6c 
                  6c 65 72 20 54 65 78 74 20 46 69 6c 6c 65 72 20 
                  54 65 78 74 20 46 69 6c 6c
15:55:45:886    < BTP_FTP_EV_CLIENT_PULL_FILE (0x2a|0x8a|0x00)
                  raw data (260): 
                  2a 8a 00 04 01|e0 4e e4 08 dc 1b 00 90 fa 00 97 
                  01 48 00 f8 65 72 20 54 65 78 74 20 46 69 6c 6c 
                  65 72 20 54 65 78 74 20 46 69 6c 6c 65 72 20 54 
                  65 78 74 20 46 69 6c 6c 65 72 20 54 65 78 74 20 
                  46 69 6c 6c 65 72 20 54 65 78 74 20 46 69 6c 6c 
                  65 72 20 54 65 78 74 20 46 69 6c 6c 65 72 20 54 
                  65 78 74 20 46 69 6c 6c 65 72 20 54 65 78 74 20 
                  0d 0a 46 69 6c 6c 65 72 20 54 65 78 74 20 46 69 
                  6c 6c 65 72 20 54 65 78 74 20 46 69 6c 6c 65 72 
                  20 54 65 78 74 20 46 69 6c 6c 65 72 20 54 65 78 
                  74 20 46 69 6c 6c 65 72 20 54 65 78 74 20 46 69 
                  6c 6c 65 72 20 54 65 78 74 20 46 69 6c 6c 65 72 
                  20 54 65 78 74 20 46 69 6c 6c 65 72 20 54 65 78 
                  74 20 46 69 6c 6c 65 72 20 54 65 78 74 20 46 69 
                  6c 6c 65 72 20 54 65 78 74 20 46 69 6c 6c 65 72 
                  20 54 65 78 74 20 46 69 6c 6c 65 72 20 54 65 78 
                  74 20 0d 0a 46 69 6c 6c 65
15:55:45:908    < BTP_FTP_EV_CLIENT_PULL_FILE (0x2a|0x8a|0x00)
                  raw data (260): 
                  2a 8a 00 04 01|e0 4e e4 08 dc 1b 00 90 fa 00 97 
                  01 48 00 f8 72 20 54 65 78 74 20 46 69 6c 6c 65 
                  72 20 54 65 78 74 20 46 69 6c 6c 65 72 20 54 65 
                  78 74 20 46 69 6c 6c 65 72 20 54 65 78 74 20 46 
                  69 6c 6c 65 72 20 54 65 78 74 20 46 69 6c 6c 65 
                  72 20 54 65 78 74 20 46 69 6c 6c 65 72 20 54 65 
                  78 74 20 46 69 6c 6c 65 72 20 54 65 78 74 20 46 
                  69 6c 6c 65 72 20 54 65 78 74 20 46 69 6c 6c 65 
                  72 20 54 65 78 74 20 46 69 6c 6c 65 72 20 54 65 
                  78 74 20 46 69 6c 6c 65 72 20 54 65 78 74 20 0d 
                  0a 46 69 6c 6c 65 72 20 54 65 78 74 20 46 69 6c 
                  6c 65 72 20 54 65 78 74 20 46 69 6c 6c 65 72 20 
                  54 65 78 74 20 46 69 6c 6c 65 72 20 54 65 78 74 
                  20 46 69 6c 6c 65 72 20 54 65 78 74 20 46 69 6c 
                  6c 65 72 20 54 65 78 74 20 46 69 6c 6c 65 72 20 
                  54 65 78 74 20 46 69 6c 6c 65 72 20 54 65 78 74 
                  20 46 69 6c 6c 65 72 20 54
15:55:45:941    < BTP_FTP_EV_CLIENT_PULL_FILE (0x2a|0x8a|0x00)
                  raw data (260): 
                  2a 8a 00 04 01|e0 4e e4 08 dc 1b 00 90 fa 00 97 
                  01 48 00 f8 65 78 74 20 46 69 6c 6c 65 72 20 54 
                  65 78 74 20 46 69 6c 6c 65 72 20 54 65 78 74 20 
                  46 69 6c 6c 65 72 20 54 65 78 74 20 0d 0a 46 69 
                  6c 6c 65 72 20 54 65 78 74 20 46 69 6c 6c 65 72 
                  20 54 65 78 74 20 46 69 6c 6c 65 72 20 54 65 78 
                  74 20 46 69 6c 6c 65 72 20 54 65 78 74 20 46 69 
                  6c 6c 65 72 20 54 65 78 74 20 46 69 6c 6c 65 72 
                  20 54 65 78 74 20 46 69 6c 6c 65 72 20 54 65 78 
                  74 20 46 69 6c 6c 65 72 20 54 65 78 74 20 46 69 
                  6c 6c 65 72 20 54 65 78 74 20 46 69 6c 6c 65 72 
                  20 54 65 78 74 20 46 69 6c 6c 65 72 20 54 65 78 
                  74 20 46 69 6c 6c 65 72 20 54 65 78 74 20 0d 0a 
                  46 69 6c 6c 65 72 20 54 65 78 74 20 46 69 6c 6c 
                  65 72 20 54 65 78 74 20 46 69 6c 6c 65 72 20 54 
                  65 78 74 20 46 69 6c 6c 65 72 20 54 65 78 74 20 
                  46 69 6c 6c 65 72 20 54 65
15:55:45:962    < BTP_FTP_EV_CLIENT_PULL_FILE (0x2a|0x8a|0x00)
                  raw data (260): 
                  2a 8a 00 04 01|e0 4e e4 08 dc 1b 00 90 fa 00 97 
                  01 48 00 f8 78 74 20 46 69 6c 6c 65 72 20 54 65 
                  78 74 20 46 69 6c 6c 65 72 20 54 65 78 74 20 46 
                  69 6c 6c 65 72 20 54 65 78 74 20 46 69 6c 6c 65 
                  72 20 54 65 78 74 20 46 69 6c 6c 65 72 20 54 65 
                  78 74 20 46 69 6c 6c 65 72 20 54 65 78 74 20 46 
                  69 6c 6c 65 72 20 54 65 78 74 20 0d 0a 46 69 6c 
                  6c 65 72 20 54 65 78 74 20 46 69 6c 6c 65 72 20 
                  54 65 78 74 20 46 69 6c 6c 65 72 20 54 65 78 74 
                  20 46 69 6c 6c 65 72 20 54 65 78 74 20 46 69 6c 
                  6c 65 72 20 54 65 78 74 20 46 69 6c 6c 65 72 20 
                  54 65 78 74 20 46 69 6c 6c 65 72 20 54 65 78 74 
                  20 46 69 6c 6c 65 72 20 54 65 78 74 20 46 69 6c 
                  6c 65 72 20 54 65 78 74 20 46 69 6c 6c 65 72 20 
                  54 65 78 74 20 46 69 6c 6c 65 72 20 54 65 78 74 
                  20 46 69 6c 6c 65 72 20 54 65 78 74 20 0d 0a 46 
                  69 6c 6c 65 72 20 54 65 78
15:55:45:984    < BTP_FTP_EV_CLIENT_PULL_FILE (0x2a|0x8a|0x00)
                  raw data (260): 
                  2a 8a 00 04 01|e0 4e e4 08 dc 1b 00 90 fa 00 97 
                  01 48 00 f8 74 20 46 69 6c 6c 65 72 20 54 65 78 
                  74 20 46 69 6c 6c 65 72 20 54 65 78 74 20 46 69 
                  6c 6c 65 72 20 54 65 78 74 20 46 69 6c 6c 65 72 
                  20 54 65 78 74 20 46 69 6c 6c 65 72 20 54 65 78 
                  74 20 46 69 6c 6c 65 72 20 54 65 78 74 20 46 69 
                  6c 6c 65 72 20 54 65 78 74 20 46 69 6c 6c 65 72 
                  20 54 65 78 74 20 46 69 6c 6c 65 72 20 54 65 78 
                  74 20 46 69 6c 6c 65 72 20 54 65 78 74 20 46 69 
                  6c 6c 65 72 20 54 65 78 74 20 0d 0a 46 69 6c 6c 
                  65 72 20 54 65 78 74 20 46 69 6c 6c 65 72 20 54 
                  65 78 74 20 46 69 6c 6c 65 72 20 54 65 78 74 20 
                  46 69 6c 6c 65 72 20 54 65 78 74 20 46 69 6c 6c 
                  65 72 20 54 65 78 74 20 46 69 6c 6c 65 72 20 54 
                  65 78 74 20 46 69 6c 6c 65 72 20 54 65 78 74 20 
                  46 69 6c 6c 65 72 20 54 65 78 74 20 46 69 6c 6c 
                  65 72 20 54 65 78 74 20 46
15:55:46:019    < BTP_FTP_EV_CLIENT_PULL_FILE (0x2a|0x8a|0x00)
                  raw data (260): 
                  2a 8a 00 04 01|e0 4e e4 08 dc 1b 00 90 fa 00 97 
                  01 48 00 f8 69 6c 6c 65 72 20 54 65 78 74 20 46 
                  69 6c 6c 65 72 20 54 65 78 74 20 46 69 6c 6c 65 
                  72 20 54 65 78 74 20 0d 0a 46 69 6c 6c 65 72 20 
                  54 65 78 74 20 46 69 6c 6c 65 72 20 54 65 78 74 
                  20 46 69 6c 6c 65 72 20 54 65 78 74 20 46 69 6c 
                  6c 65 72 20 54 65 78 74 20 46 69 6c 6c 65 72 20 
                  54 65 78 74 20 46 69 6c 6c 65 72 20 54 65 78 74 
                  20 46 69 6c 6c 65 72 20 54 65 78 74 20 46 69 6c 
                  6c 65 72 20 54 65 78 74 20 46 69 6c 6c 65 72 20 
                  54 65 78 74 20 46 69 6c 6c 65 72 20 54 65 78 74 
                  20 46 69 6c 6c 65 72 20 54 65 78 74 20 46 69 6c 
                  6c 65 72 20 54 65 78 74 20 0d 0a 46 69 6c 6c 65 
                  72 20 54 65 78 74 20 46 69 6c 6c 65 72 20 54 65 
                  78 74 20 46 69 6c 6c 65 72 20 54 65 78 74 20 46 
                  69 6c 6c 65 72 20 54 65 78 74 20 46 69 6c 6c 65 
                  72 20 54 65 78 74 20 46 69
15:55:46:041    < BTP_FTP_EV_CLIENT_PULL_FILE (0x2a|0x8a|0x00)
                  raw data (260): 
                  2a 8a 00 04 01|e0 4e e4 08 dc 1b 00 90 fa 00 97 
                  01 48 00 f8 6c 6c 65 72 20 54 65 78 74 20 46 69 
                  6c 6c 65 72 20 54 65 78 74 20 46 69 6c 6c 65 72 
                  20 54 65 78 74 20 46 69 6c 6c 65 72 20 54 65 78 
                  74 20 46 69 6c 6c 65 72 20 54 65 78 74 20 46 69 
                  6c 6c 65 72 20 54 65 78 74 20 46 69 6c 6c 65 72 
                  20 54 65 78 74 20 0d 0a 46 69 6c 6c 65 72 20 54 
                  65 78 74 20 46 69 6c 6c 65 72 20 54 65 78 74 20 
                  46 69 6c 6c 65 72 20 54 65 78 74 20 46 69 6c 6c 
                  65 72 20 54 65 78 74 20 46 69 6c 6c 65 72 20 54 
                  65 78 74 20 46 69 6c 6c 65 72 20 54 65 78 74 20 
                  46 69 6c 6c 65 72 20 54 65 78 74 20 46 69 6c 6c 
                  65 72 20 54 65 78 74 20 46 69 6c 6c 65 72 20 54 
                  65 78 74 20 46 69 6c 6c 65 72 20 54 65 78 74 20 
                  46 69 6c 6c 65 72 20 54 65 78 74 20 46 69 6c 6c 
                  65 72 20 54 65 78 74 20 0d 0a 46 69 6c 6c 65 72 
                  20 54 65 78 74 20 46 69 6c
15:55:46:064    < BTP_FTP_EV_CLIENT_PULL_FILE (0x2a|0x8a|0x00)
                  raw data (260): 
                  2a 8a 00 04 01|e0 4e e4 08 dc 1b 00 90 fa 00 97 
                  01 48 00 f8 6c 65 72 20 54 65 78 74 20 46 69 6c 
                  6c 65 72 20 54 65 78 74 20 46 69 6c 6c 65 72 20 
                  54 65 78 74 20 46 69 6c 6c 65 72 20 54 65 78 74 
                  20 46 69 6c 6c 65 72 20 54 65 78 74 20 46 69 6c 
                  6c 65 72 20 54 65 78 74 20 46 69 6c 6c 65 72 20 
                  54 65 78 74 20 46 69 6c 6c 65 72 20 54 65 78 74 
                  20 46 69 6c 6c 65 72 20 54 65 78 74 20 46 69 6c 
                  6c 65 72 20 54 65 78 74 20 46 69 6c 6c 65 72 20 
                  54 65 78 74 20 0d 0a 46 69 6c 6c 65 72 20 54 65 
                  78 74 20 46 69 6c 6c 65 72 20 54 65 78 74 20 46 
                  69 6c 6c 65 72 20 54 65 78 74 20 46 69 6c 6c 65 
                  72 20 54 65 78 74 20 46 69 6c 6c 65 72 20 54 65 
                  78 74 20 46 69 6c 6c 65 72 20 54 65 78 74 20 46 
                  69 6c 6c 65 72 20 54 65 78 74 20 46 69 6c 6c 65 
                  72 20 54 65 78 74 20 46 69 6c 6c 65 72 20 54 65 
                  78 74 20 46 69 6c 6c 65 72
15:55:46:108    < BTP_FTP_EV_CLIENT_PULL_FILE (0x2a|0x8a|0x00)
                  raw data (260): 
                  2a 8a 00 04 01|e0 4e e4 08 dc 1b 00 90 fa 00 97 
                  01 48 00 f8 20 54 65 78 74 20 46 69 6c 6c 65 72 
                  20 54 65 78 74 20 46 69 6c 6c 65 72 20 54 65 78 
                  74 20 0d 0a 46 69 6c 6c 65 72 20 54 65 78 74 20 
                  46 69 6c 6c 65 72 20 54 65 78 74 20 46 69 6c 6c 
                  65 72 20 54 65 78 74 20 46 69 6c 6c 65 72 20 54 
                  65 78 74 20 46 69 6c 6c 65 72 20 54 65 78 74 20 
                  46 69 6c 6c 65 72 20 54 65 78 74 20 46 69 6c 6c 
                  65 72 20 54 65 78 74 20 46 69 6c 6c 65 72 20 54 
                  65 78 74 20 46 69 6c 6c 65 72 20 54 65 78 74 20 
                  46 69 6c 6c 65 72 20 54 65 78 74 20 46 69 6c 6c 
                  65 72 20 54 65 78 74 20 46 69 6c 6c 65 72 20 54 
                  65 78 74 20 0d 0a 46 69 6c 6c 65 72 20 54 65 78 
                  74 20 46 69 6c 6c 65 72 20 54 65 78 74 20 46 69 
                  6c 6c 65 72 20 54 65 78 74 20 46 69 6c 6c 65 72 
                  20 54 65 78 74 20 46 69 6c 6c 65 72 20 54 65 78 
                  74 20 46 69 6c 6c 65 72 20
15:55:46:130    < BTP_FTP_EV_CLIENT_PULL_FILE (0x2a|0x8a|0x00)
                  raw data (260): 
                  2a 8a 00 04 01|e0 4e e4 08 dc 1b 00 90 fa 00 97 
                  01 48 00 f8 54 65 78 74 20 46 69 6c 6c 65 72 20 
                  54 65 78 74 20 46 69 6c 6c 65 72 20 54 65 78 74 
                  20 46 69 6c 6c 65 72 20 54 65 78 74 20 46 69 6c 
                  6c 65 72 20 54 65 78 74 20 46 69 6c 6c 65 72 20 
                  54 65 78 74 20 46 69 6c 6c 65 72 20 54 65 78 74 
                  20 0d 0a 46 69 6c 6c 65 72 20 54 65 78 74 20 46 
                  69 6c 6c 65 72 20 54 65 78 74 20 46 69 6c 6c 65 
                  72 20 54 65 78 74 20 46 69 6c 6c 65 72 20 54 65 
                  78 74 20 46 69 6c 6c 65 72 20 54 65 78 74 20 46 
                  69 6c 6c 65 72 20 54 65 78 74 20 46 69 6c 6c 65 
                  72 20 54 65 78 74 20 46 69 6c 6c 65 72 20 54 65 
                  78 74 20 46 69 6c 6c 65 72 20 54 65 78 74 20 46 
                  69 6c 6c 65 72 20 54 65 78 74 20 46 69 6c 6c 65 
                  72 20 54 65 78 74 20 46 69 6c 6c 65 72 20 54 65 
                  78 74 20 0d 0a 46 69 6c 6c 65 72 20 54 65 78 74 
                  20 46 69 6c 6c 65 72 20 54
15:55:46:152    < BTP_FTP_EV_CLIENT_PULL_FILE (0x2a|0x8a|0x00)
                  raw data (260): 
                  2a 8a 00 04 01|e0 4e e4 08 dc 1b 00 90 fa 00 97 
                  01 48 00 f8 65 78 74 20 46 69 6c 6c 65 72 20 54 
                  65 78 74 20 46 69 6c 6c 65 72 20 54 65 78 74 20 
                  46 69 6c 6c 65 72 20 54 65 78 74 20 46 69 6c 6c 
                  65 72 20 54 65 78 74 20 46 69 6c 6c 65 72 20 54 
                  65 78 74 20 46 69 6c 6c 65 72 20 54 65 78 74 20 
                  46 69 6c 6c 65 72 20 54 65 78 74 20 46 69 6c 6c 
                  65 72 20 54 65 78 74 20 46 69 6c 6c 65 72 20 54 
                  65 78 74 20 46 69 6c 6c 65 72 20 54 65 78 74 20 
                  0d 0a 46 69 6c 6c 65 72 20 54 65 78 74 20 46 69 
                  6c 6c 65 72 20 54 65 78 74 20 46 69 6c 6c 65 72 
                  20 54 65 78 74 20 46 69 6c 6c 65 72 20 54 65 78 
                  74 20 46 69 6c 6c 65 72 20 54 65 78 74 20 46 69 
                  6c 6c 65 72 20 54 65 78 74 20 46 69 6c 6c 65 72 
                  20 54 65 78 74 20 46 69 6c 6c 65 72 20 54 65 78 
                  74 20 46 69 6c 6c 65 72 20 54 65 78 74 20 46 69 
                  6c 6c 65 72 20 54 65 78 74
15:55:46:174    < BTP_FTP_EV_CLIENT_PULL_FILE (0x2a|0x8a|0x00)
                  raw data (260): 
                  2a 8a 00 04 01|e0 4e e4 08 dc 1b 00 90 fa 00 97 
                  01 48 00 f8 20 46 69 6c 6c 65 72 20 54 65 78 74 
                  20 46 69 6c 6c 65 72 20 54 65 78 74 20 0d 0a 46 
                  69 6c 6c 65 72 20 54 65 78 74 20 46 69 6c 6c 65 
                  72 20 54 65 78 74 20 46 69 6c 6c 65 72 20 54 65 
                  78 74 20 46 69 6c 6c 65 72 20 54 65 78 74 20 46 
                  69 6c 6c 65 72 20 54 65 78 74 20 46 69 6c 6c 65 
                  72 20 54 65 78 74 20 46 69 6c 6c 65 72 20 54 65 
                  78 74 20 46 69 6c 6c 65 72 20 54 65 78 74 20 46 
                  69 6c 6c 65 72 20 54 65 78 74 20 46 69 6c 6c 65 
                  72 20 54 65 78 74 20 46 69 6c 6c 65 72 20 54 65 
                  78 74 20 46 69 6c 6c 65 72 20 54 65 78 74 20 0d 
                  0a 46 69 6c 6c 65 72 20 54 65 78 74 20 46 69 6c 
                  6c 65 72 20 54 65 78 74 20 46 69 6c 6c 65 72 20 
                  54 65 78 74 20 46 69 6c 6c 65 72 20 54 65 78 74 
                  20 46 69 6c 6c 65 72 20 54 65 78 74 20 46 69 6c 
                  6c 65 72 20 54 65 78 74 20
15:55:46:208    < BTP_FTP_EV_CLIENT_PULL_FILE (0x2a|0x8a|0x00)
                  raw data (260): 
                  2a 8a 00 04 01|e0 4e e4 08 dc 1b 00 90 fa 00 97 
                  01 48 00 f8 46 69 6c 6c 65 72 20 54 65 78 74 20 
                  46 69 6c 6c 65 72 20 54 65 78 74 20 46 69 6c 6c 
                  65 72 20 54 65 78 74 20 46 69 6c 6c 65 72 20 54 
                  65 78 74 20 46 69 6c 6c 65 72 20 54 65 78 74 20 
                  46 69 6c 6c 65 72 20 54 65 78 74 20 0d 0a 46 69 
                  6c 6c 65 72 20 54 65 78 74 20 46 69 6c 6c 65 72 
                  20 54 65 78 74 20 46 69 6c 6c 65 72 20 54 65 78 
                  74 20 46 69 6c 6c 65 72 20 54 65 78 74 20 46 69 
                  6c 6c 65 72 20 54 65 78 74 20 46 69 6c 6c 65 72 
                  20 54 65 78 74 20 46 69 6c 6c 65 72 20 54 65 78 
                  74 20 46 69 6c 6c 65 72 20 54 65 78 74 20 46 69 
                  6c 6c 65 72 20 54 65 78 74 20 46 69 6c 6c 65 72 
                  20 54 65 78 74 20 46 69 6c 6c 65 72 20 54 65 78 
                  74 20 46 69 6c 6c 65 72 20 54 65 78 74 20 0d 0a 
                  46 69 6c 6c 65 72 20 54 65 78 74 20 46 69 6c 6c 
                  65 72 20 54 65 78 74 20 46
15:55:46:230    < BTP_FTP_EV_CLIENT_PULL_FILE (0x2a|0x8a|0x00)
                  raw data (260): 
                  2a 8a 00 04 01|e0 4e e4 08 dc 1b 00 90 fa 00 97 
                  01 48 00 f8 69 6c 6c 65 72 20 54 65 78 74 20 46 
                  69 6c 6c 65 72 20 54 65 78 74 20 46 69 6c 6c 65 
                  72 20 54 65 78 74 20 46 69 6c 6c 65 72 20 54 65 
                  78 74 20 46 69 6c 6c 65 72 20 54 65 78 74 20 46 
                  69 6c 6c 65 72 20 54 65 78 74 20 46 69 6c 6c 65 
                  72 20 54 65 78 74 20 46 69 6c 6c 65 72 20 54 65 
                  78 74 20 46 69 6c 6c 65 72 20 54 65 78 74 20 46 
                  69 6c 6c 65 72 20 54 65 78 74 20 0d 0a 46 69 6c 
                  6c 65 72 20 54 65 78 74 20 46 69 6c 6c 65 72 20 
                  54 65 78 74 20 46 69 6c 6c 65 72 20 54 65 78 74 
                  20 46 69 6c 6c 65 72 20 54 65 78 74 20 46 69 6c 
                  6c 65 72 20 54 65 78 74 20 46 69 6c 6c 65 72 20 
                  54 65 78 74 20 46 69 6c 6c 65 72 20 54 65 78 74 
                  20 46 69 6c 6c 65 72 20 54 65 78 74 20 46 69 6c 
                  6c 65 72 20 54 65 78 74 20 46 69 6c 6c 65 72 20 
                  54 65 78 74 20 46 69 6c 6c
15:55:46:252    < BTP_FTP_EV_CLIENT_PULL_FILE (0x2a|0x8a|0x00)
                  raw data (260): 
                  2a 8a 00 04 01|e0 4e e4 08 dc 1b 00 90 fa 00 97 
                  01 48 00 f8 65 72 20 54 65 78 74 20 46 69 6c 6c 
                  65 72 20 54 65 78 74 20 0d 0a 46 69 6c 6c 65 72 
                  20 54 65 78 74 20 46 69 6c 6c 65 72 20 54 65 78 
                  74 20 46 69 6c 6c 65 72 20 54 65 78 74 20 46 69 
                  6c 6c 65 72 20 54 65 78 74 20 46 69 6c 6c 65 72 
                  20 54 65 78 74 20 46 69 6c 6c 65 72 20 54 65 78 
                  74 20 46 69 6c 6c 65 72 20 54 65 78 74 20 46 69 
                  6c 6c 65 72 20 54 65 78 74 20 46 69 6c 6c 65 72 
                  20 54 65 78 74 20 46 69 6c 6c 65 72 20 54 65 78 
                  74 20 46 69 6c 6c 65 72 20 54 65 78 74 20 46 69 
                  6c 6c 65 72 20 54 65 78 74 20 0d 0a 46 69 6c 6c 
                  65 72 20 54 65 78 74 20 46 69 6c 6c 65 72 20 54 
                  65 78 74 20 46 69 6c 6c 65 72 20 54 65 78 74 20 
                  46 69 6c 6c 65 72 20 54 65 78 74 20 46 69 6c 6c 
                  65 72 20 54 65 78 74 20 46 69 6c 6c 65 72 20 54 
                  65 78 74 20 46 69 6c 6c 65
15:55:46:285    < BTP_FTP_EV_CLIENT_PULL_FILE (0x2a|0x8a|0x00)
                  raw data (260): 
                  2a 8a 00 04 01|e0 4e e4 08 dc 1b 00 90 fa 00 97 
                  01 48 00 f8 72 20 54 65 78 74 20 46 69 6c 6c 65 
                  72 20 54 65 78 74 20 46 69 6c 6c 65 72 20 54 65 
                  78 74 20 46 69 6c 6c 65 72 20 54 65 78 74 20 46 
                  69 6c 6c 65 72 20 54 65 78 74 20 46 69 6c 6c 65 
                  72 20 54 65 78 74 20 0d 0a 46 69 6c 6c 65 72 20 
                  54 65 78 74 20 46 69 6c 6c 65 72 20 54 65 78 74 
                  20 46 69 6c 6c 65 72 20 54 65 78 74 20 46 69 6c 
                  6c 65 72 20 54 65 78 74 20 46 69 6c 6c 65 72 20 
                  54 65 78 74 20 46 69 6c 6c 65 72 20 54 65 78 74 
                  20 46 69 6c 6c 65 72 20 54 65 78 74 20 46 69 6c 
                  6c 65 72 20 54 65 78 74 20 46 69 6c 6c 65 72 20 
                  54 65 78 74 20 46 69 6c 6c 65 72 20 54 65 78 74 
                  20 46 69 6c 6c 65 72 20 54 65 78 74 20 46 69 6c 
                  6c 65 72 20 54 65 78 74 20 0d 0a 46 69 6c 6c 65 
                  72 20 54 65 78 74 20 46 69 6c 6c 65 72 20 54 65 
                  78 74 20 46 69 6c 6c 65 72
15:55:46:306    < BTP_FTP_EV_CLIENT_PULL_FILE (0x2a|0x8a|0x00)
                  raw data (260): 
                  2a 8a 00 04 01|e0 4e e4 08 dc 1b 00 90 fa 00 97 
                  01 48 00 f8 20 54 65 78 74 20 46 69 6c 6c 65 72 
                  20 54 65 78 74 20 46 69 6c 6c 65 72 20 54 65 78 
                  74 20 46 69 6c 6c 65 72 20 54 65 78 74 20 46 69 
                  6c 6c 65 72 20 54 65 78 74 20 46 69 6c 6c 65 72 
                  20 54 65 78 74 20 46 69 6c 6c 65 72 20 54 65 78 
                  74 20 46 69 6c 6c 65 72 20 54 65 78 74 20 46 69 
                  6c 6c 65 72 20 54 65 78 74 20 46 69 6c 6c 65 72 
                  20 54 65 78 74 20 0d 0a 46 69 6c 6c 65 72 20 54 
                  65 78 74 20 46 69 6c 6c 65 72 20 54 65 78 74 20 
                  46 69 6c 6c 65 72 20 54 65 78 74 20 46 69 6c 6c 
                  65 72 20 54 65 78 74 20 46 69 6c 6c 65 72 20 54 
                  65 78 74 20 46 69 6c 6c 65 72 20 54 65 78 74 20 
                  46 69 6c 6c 65 72 20 54 65 78 74 20 46 69 6c 6c 
                  65 72 20 54 65 78 74 20 46 69 6c 6c 65 72 20 54 
                  65 78 74 20 46 69 6c 6c 65 72 20 54 65 78 74 20 
                  46 69 6c 6c 65 72 20 54 65
15:55:46:328    < BTP_FTP_EV_CLIENT_PULL_FILE (0x2a|0x8a|0x00)
                  raw data (260): 
                  2a 8a 00 04 01|e0 4e e4 08 dc 1b 00 90 fa 00 97 
                  01 48 00 f8 78 74 20 46 69 6c 6c 65 72 20 54 65 
                  78 74 20 0d 0a 46 69 6c 6c 65 72 20 54 65 78 74 
                  20 46 69 6c 6c 65 72 20 54 65 78 74 20 46 69 6c 
                  6c 65 72 20 54 65 78 74 20 46 69 6c 6c 65 72 20 
                  54 65 78 74 20 46 69 6c 6c 65 72 20 54 65 78 74 
                  20 46 69 6c 6c 65 72 20 54 65 78 74 20 46 69 6c 
                  6c 65 72 20 54 65 78 74 20 46 69 6c 6c 65 72 20 
                  54 65 78 74 20 46 69 6c 6c 65 72 20 54 65 78 74 
                  20 46 69 6c 6c 65 72 20 54 65 78 74 20 46 69 6c 
                  6c 65 72 20 54 65 78 74 20 46 69 6c 6c 65 72 20 
                  54 65 78 74 20 0d 0a 46 69 6c 6c 65 72 20 54 65 
                  78 74 20 46 69 6c 6c 65 72 20 54 65 78 74 20 46 
                  69 6c 6c 65 72 20 54 65 78 74 20 46 69 6c 6c 65 
                  72 20 54 65 78 74 20 46 69 6c 6c 65 72 20 54 65 
                  78 74 20 46 69 6c 6c 65 72 20 54 65 78 74 20 46 
                  69 6c 6c 65 72 20 54 65 78
15:55:46:363    < BTP_FTP_EV_CLIENT_PULL_FILE (0x2a|0x8a|0x00)
                  raw data (260): 
                  2a 8a 00 04 01|e0 4e e4 08 dc 1b 00 90 fa 00 97 
                  01 48 00 f8 74 20 46 69 6c 6c 65 72 20 54 65 78 
                  74 20 46 69 6c 6c 65 72 20 54 65 78 74 20 46 69 
                  6c 6c 65 72 20 54 65 78 74 20 46 69 6c 6c 65 72 
                  20 54 65 78 74 20 46 69 6c 6c 65 72 20 54 65 78 
                  74 20 0d 0a 46 69 6c 6c 65 72 20 54 65 78 74 20 
                  46 69 6c 6c 65 72 20 54 65 78 74 20 46 69 6c 6c 
                  65 72 20 54 65 78 74 20 46 69 6c 6c 65 72 20 54 
                  65 78 74 20 46 69 6c 6c 65 72 20 54 65 78 74 20 
                  46 69 6c 6c 65 72 20 54 65 78 74 20 46 69 6c 6c 
                  65 72 20 54 65 78 74 20 46 69 6c 6c 65 72 20 54 
                  65 78 74 20 46 69 6c 6c 65 72 20 54 65 78 74 20 
                  46 69 6c 6c 65 72 20 54 65 78 74 20 46 69 6c 6c 
                  65 72 20 54 65 78 74 20 46 69 6c 6c 65 72 20 54 
                  65 78 74 20 0d 0a 46 69 6c 6c 65 72 20 54 65 78 
                  74 20 46 69 6c 6c 65 72 20 54 65 78 74 20 46 69 
                  6c 6c 65 72 20 54 65 78 74
15:55:46:385    < BTP_FTP_EV_CLIENT_PULL_FILE (0x2a|0x8a|0x00)
                  raw data (260): 
                  2a 8a 00 04 01|e0 4e e4 08 dc 1b 00 90 fa 00 97 
                  01 48 00 f8 20 46 69 6c 6c 65 72 20 54 65 78 74 
                  20 46 69 6c 6c 65 72 20 54 65 78 74 20 46 69 6c 
                  6c 65 72 20 54 65 78 74 20 46 69 6c 6c 65 72 20 
                  54 65 78 74 20 46 69 6c 6c 65 72 20 54 65 78 74 
                  20 46 69 6c 6c 65 72 20 54 65 78 74 20 46 69 6c 
                  6c 65 72 20 54 65 78 74 20 46 69 6c 6c 65 72 20 
                  54 65 78 74 20 46 69 6c 6c 65 72 20 54 65 78 74 
                  20 0d 0a 46 69 6c 6c 65 72 20 54 65 78 74 20 46 
                  69 6c 6c 65 72 20 54 65 78 74 20 46 69 6c 6c 65 
                  72 20 54 65 78 74 20 46 69 6c 6c 65 72 20 54 65 
                  78 74 20 46 69 6c 6c 65 72 20 54 65 78 74 20 46 
                  69 6c 6c 65 72 20 54 65 78 74 20 46 69 6c 6c 65 
                  72 20 54 65 78 74 20 46 69 6c 6c 65 72 20 54 65 
                  78 74 20 46 69 6c 6c 65 72 20 54 65 78 74 20 46 
                  69 6c 6c 65 72 20 54 65 78 74 20 46 69 6c 6c 65 
                  72 20 54 65 78 74 20 46 69
15:55:46:408    < BTP_FTP_EV_CLIENT_PULL_FILE (0x2a|0x8a|0x00)
                  raw data (260): 
                  2a 8a 00 04 01|e0 4e e4 08 dc 1b 00 90 fa 00 97 
                  01 48 00 f8 6c 6c 65 72 20 54 65 78 74 20 0d 0a 
                  46 69 6c 6c 65 72 20 54 65 78 74 20 46 69 6c 6c 
                  65 72 20 54 65 78 74 20 46 69 6c 6c 65 72 20 54 
                  65 78 74 20 46 69 6c 6c 65 72 20 54 65 78 74 20 
                  46 69 6c 6c 65 72 20 54 65 78 74 20 46 69 6c 6c 
                  65 72 20 54 65 78 74 20 46 69 6c 6c 65 72 20 54 
                  65 78 74 20 46 69 6c 6c 65 72 20 54 65 78 74 20 
                  46 69 6c 6c 65 72 20 54 65 78 74 20 46 69 6c 6c 
                  65 72 20 54 65 78 74 20 46 69 6c 6c 65 72 20 54 
                  65 78 74 20 46 69 6c 6c 65 72 20 54 65 78 74 20 
                  0d 0a 46 69 6c 6c 65 72 20 54 65 78 74 20 46 69 
                  6c 6c 65 72 20 54 65 78 74 20 46 69 6c 6c 65 72 
                  20 54 65 78 74 20 46 69 6c 6c 65 72 20 54 65 78 
                  74 20 46 69 6c 6c 65 72 20 54 65 78 74 20 46 69 
                  6c 6c 65 72 20 54 65 78 74 20 46 69 6c 6c 65 72 
                  20 54 65 78 74 20 46 69 6c
15:55:46:441    < BTP_FTP_EV_CLIENT_PULL_FILE (0x2a|0x8a|0x00)
                  raw data (260): 
                  2a 8a 00 04 01|e0 4e e4 08 dc 1b 00 90 fa 00 97 
                  01 48 00 f8 6c 65 72 20 54 65 78 74 20 46 69 6c 
                  6c 65 72 20 54 65 78 74 20 46 69 6c 6c 65 72 20 
                  54 65 78 74 20 46 69 6c 6c 65 72 20 54 65 78 74 
                  20 46 69 6c 6c 65 72 20 54 65 78 74 20 0d 0a 46 
                  69 6c 6c 65 72 20 54 65 78 74 20 46 69 6c 6c 65 
                  72 20 54 65 78 74 20 46 69 6c 6c 65 72 20 54 65 
                  78 74 20 46 69 6c 6c 65 72 20 54 65 78 74 20 46 
                  69 6c 6c 65 72 20 54 65 78 74 20 46 69 6c 6c 65 
                  72 20 54 65 78 74 20 46 69 6c 6c 65 72 20 54 65 
                  78 74 20 46 69 6c 6c 65 72 20 54 65 78 74 20 46 
                  69 6c 6c 65 72 20 54 65 78 74 20 46 69 6c 6c 65 
                  72 20 54 65 78 74 20 46 69 6c 6c 65 72 20 54 65 
                  78 74 20 46 69 6c 6c 65 72 20 54 65 78 74 20 0d 
                  0a 46 69 6c 6c 65 72 20 54 65 78 74 20 46 69 6c 
                  6c 65 72 20 54 65 78 74 20 46 69 6c 6c 65 72 20 
                  54 65 78 74 20 46 69 6c 6c
15:55:46:464    < BTP_FTP_EV_CLIENT_PULL_FILE (0x2a|0x8a|0x00)
                  raw data (260): 
                  2a 8a 00 04 01|e0 4e e4 08 dc 1b 00 90 fa 00 97 
                  01 48 00 f8 65 72 20 54 65 78 74 20 46 69 6c 6c 
                  65 72 20 54 65 78 74 20 46 69 6c 6c 65 72 20 54 
                  65 78 74 20 46 69 6c 6c 65 72 20 54 65 78 74 20 
                  46 69 6c 6c 65 72 20 54 65 78 74 20 46 69 6c 6c 
                  65 72 20 54 65 78 74 20 46 69 6c 6c 65 72 20 54 
                  65 78 74 20 46 69 6c 6c 65 72 20 54 65 78 74 20 
                  46 69 6c 6c 65 72 20 54 65 78 74 20 0d 0a 46 69 
                  6c 6c 65 72 20 54 65 78 74 20 46 69 6c 6c 65 72 
                  20 54 65 78 74 20 46 69 6c 6c 65 72 20 54 65 78 
                  74 20 46 69 6c 6c 65 72 20 54 65 78 74 20 46 69 
                  6c 6c 65 72 20 54 65 78 74 20 46 69 6c 6c 65 72 
                  20 54 65 78 74 20 46 69 6c 6c 65 72 20 54 65 78 
                  74 20 46 69 6c 6c 65 72 20 54 65 78 74 20 46 69 
                  6c 6c 65 72 20 54 65 78 74 20 46 69 6c 6c 65 72 
                  20 54 65 78 74 20 46 69 6c 6c 65 72 20 54 65 78 
                  74 20 46 69 6c 6c 65 72 20
15:55:46:486    < BTP_FTP_EV_CLIENT_PULL_FILE (0x2a|0x8a|0x00)
                  raw data (260): 
                  2a 8a 00 04 01|e0 4e e4 08 dc 1b 00 90 fa 00 97 
                  01 48 00 f8 54 65 78 74 20 0d 0a 46 69 6c 6c 65 
                  72 20 54 65 78 74 20 46 69 6c 6c 65 72 20 54 65 
                  78 74 20 46 69 6c 6c 65 72 20 54 65 78 74 20 46 
                  69 6c 6c 65 72 20 54 65 78 74 20 46 69 6c 6c 65 
                  72 20 54 65 78 74 20 46 69 6c 6c 65 72 20 54 65 
                  78 74 20 46 69 6c 6c 65 72 20 54 65 78 74 20 46 
                  69 6c 6c 65 72 20 54 65 78 74 20 46 69 6c 6c 65 
                  72 20 54 65 78 74 20 46 69 6c 6c 65 72 20 54 65 
                  78 74 20 46 69 6c 6c 65 72 20 54 65 78 74 20 46 
                  69 6c 6c 65 72 20 54 65 78 74 20 0d 0a 46 69 6c 
                  6c 65 72 20 54 65 78 74 20 46 69 6c 6c 65 72 20 
                  54 65 78 74 20 46 69 6c 6c 65 72 20 54 65 78 74 
                  20 46 69 6c 6c 65 72 20 54 65 78 74 20 46 69 6c 
                  6c 65 72 20 54 65 78 74 20 46 69 6c 6c 65 72 20 
                  54 65 78 74 20 46 69 6c 6c 65 72 20 54 65 78 74 
                  20 46 69 6c 6c 65 72 20 54
15:55:46:520    < BTP_FTP_EV_CLIENT_PULL_FILE (0x2a|0x8a|0x00)
                  raw data (260): 
                  2a 8a 00 04 01|e0 4e e4 08 dc 1b 00 90 fa 00 97 
                  01 48 00 f8 65 78 74 20 46 69 6c 6c 65 72 20 54 
                  65 78 74 20 46 69 6c 6c 65 72 20 54 65 78 74 20 
                  46 69 6c 6c 65 72 20 54 65 78 74 20 46 69 6c 6c 
                  65 72 20 54 65 78 74 20 0d 0a 46 69 6c 6c 65 72 
                  20 54 65 78 74 20 46 69 6c 6c 65 72 20 54 65 78 
                  74 20 46 69 6c 6c 65 72 20 54 65 78 74 20 46 69 
                  6c 6c 65 72 20 54 65 78 74 20 46 69 6c 6c 65 72 
                  20 54 65 78 74 20 46 69 6c 6c 65 72 20 54 65 78 
                  74 20 46 69 6c 6c 65 72 20 54 65 78 74 20 46 69 
                  6c 6c 65 72 20 54 65 78 74 20 46 69 6c 6c 65 72 
                  20 54 65 78 74 20 46 69 6c 6c 65 72 20 54 65 78 
                  74 20 46 69 6c 6c 65 72 20 54 65 78 74 20 46 69 
                  6c 6c 65 72 20 54 65 78 74 20 0d 0a 46 69 6c 6c 
                  65 72 20 54 65 78 74 20 46 69 6c 6c 65 72 20 54 
                  65 78 74 20 46 69 6c 6c 65 72 20 54 65 78 74 20 
                  46 69 6c 6c 65 72 20 54 65
15:55:46:541    < BTP_FTP_EV_CLIENT_PULL_FILE (0x2a|0x8a|0x00)
                  raw data (260): 
                  2a 8a 00 04 01|e0 4e e4 08 dc 1b 00 90 fa 00 97 
                  01 48 00 f8 78 74 20 46 69 6c 6c 65 72 20 54 65 
                  78 74 20 46 69 6c 6c 65 72 20 54 65 78 74 20 46 
                  69 6c 6c 65 72 20 54 65 78 74 20 46 69 6c 6c 65 
                  72 20 54 65 78 74 20 46 69 6c 6c 65 72 20 54 65 
                  78 74 20 46 69 6c 6c 65 72 20 54 65 78 74 20 46 
                  69 6c 6c 65 72 20 54 65 78 74 20 46 69 6c 6c 65 
                  72 20 54 65 78 74 20 0d 0a 46 69 6c 6c 65 72 20 
                  54 65 78 74 20 46 69 6c 6c 65 72 20 54 65 78 74 
                  20 46 69 6c 6c 65 72 20 54 65 78 74 20 46 69 6c 
                  6c 65 72 20 54 65 78 74 20 46 69 6c 6c 65 72 20 
                  54 65 78 74 20 46 69 6c 6c 65 72 20 54 65 78 74 
                  20 46 69 6c 6c 65 72 20 54 65 78 74 20 46 69 6c 
                  6c 65 72 20 54 65 78 74 20 46 69 6c 6c 65 72 20 
                  54 65 78 74 20 46 69 6c 6c 65 72 20 54 65 78 74 
                  20 46 69 6c 6c 65 72 20 54 65 78 74 20 46 69 6c 
                  6c 65 72 20 54 65 78 74 20
15:55:46:574    < BTP_FTP_EV_CLIENT_PULL_FILE (0x2a|0x8a|0x00)
                  raw data (260): 
                  2a 8a 00 04 01|e0 4e e4 08 dc 1b 00 90 fa 00 97 
                  01 48 00 f8 0d 0a 46 69 6c 6c 65 72 20 54 65 78 
                  74 20 46 69 6c 6c 65 72 20 54 65 78 74 20 46 69 
                  6c 6c 65 72 20 54 65 78 74 20 46 69 6c 6c 65 72 
                  20 54 65 78 74 20 46 69 6c 6c 65 72 20 54 65 78 
                  74 20 46 69 6c 6c 65 72 20 54 65 78 74 20 46 69 
                  6c 6c 65 72 20 54 65 78 74 20 46 69 6c 6c 65 72 
                  20 54 65 78 74 20 46 69 6c 6c 65 72 20 54 65 78 
                  74 20 46 69 6c 6c 65 72 20 54 65 78 74 20 46 69 
                  6c 6c 65 72 20 54 65 78 74 20 46 69 6c 6c 65 72 
                  20 54 65 78 74 20 0d 0a 46 69 6c 6c 65 72 20 54 
                  65 78 74 20 46 69 6c 6c 65 72 20 54 65 78 74 20 
                  46 69 6c 6c 65 72 20 54 65 78 74 20 46 69 6c 6c 
                  65 72 20 54 65 78 74 20 46 69 6c 6c 65 72 20 54 
                  65 78 74 20 46 69 6c 6c 65 72 20 54 65 78 74 20 
                  46 69 6c 6c 65 72 20 54 65 78 74 20 46 69 6c 6c 
                  65 72 20 54 65 78 74 20 46
15:55:46:609    < BTP_FTP_EV_CLIENT_PULL_FILE (0x2a|0x8a|0x00)
                  raw data (260): 
                  2a 8a 00 04 01|e0 4e e4 08 dc 1b 00 90 fa 00 97 
                  01 48 00 f8 69 6c 6c 65 72 20 54 65 78 74 20 46 
                  69 6c 6c 65 72 20 54 65 78 74 20 46 69 6c 6c 65 
                  72 20 54 65 78 74 20 46 69 6c 6c 65 72 20 54 65 
                  78 74 20 0d 0a 46 69 6c 6c 65 72 20 54 65 78 74 
                  20 46 69 6c 6c 65 72 20 54 65 78 74 20 46 69 6c 
                  6c 65 72 20 54 65 78 74 20 46 69 6c 6c 65 72 20 
                  54 65 78 74 20 46 69 6c 6c 65 72 20 54 65 78 74 
                  20 46 69 6c 6c 65 72 20 54 65 78 74 20 46 69 6c 
                  6c 65 72 20 54 65 78 74 20 46 69 6c 6c 65 72 20 
                  54 65 78 74 20 46 69 6c 6c 65 72 20 54 65 78 74 
                  20 46 69 6c 6c 65 72 20 54 65 78 74 20 46 69 6c 
                  6c 65 72 20 54 65 78 74 20 46 69 6c 6c 65 72 20 
                  54 65 78 74 20 0d 0a 46 69 6c 6c 65 72 20 54 65 
                  78 74 20 46 69 6c 6c 65 72 20 54 65 78 74 20 46 
                  69 6c 6c 65 72 20 54 65 78 74 20 46 69 6c 6c 65 
                  72 20 54 65 78 74 20 46 69
15:55:46:632    < BTP_FTP_EV_CLIENT_PULL_FILE (0x2a|0x8a|0x00)
                  raw data (260): 
                  2a 8a 00 04 01|e0 4e e4 08 dc 1b 00 90 fa 00 97 
                  01 48 00 f8 6c 6c 65 72 20 54 65 78 74 20 46 69 
                  6c 6c 65 72 20 54 65 78 74 20 46 69 6c 6c 65 72 
                  20 54 65 78 74 20 46 69 6c 6c 65 72 20 54 65 78 
                  74 20 46 69 6c 6c 65 72 20 54 65 78 74 20 46 69 
                  6c 6c 65 72 20 54 65 78 74 20 46 69 6c 6c 65 72 
                  20 54 65 78 74 20 46 69 6c 6c 65 72 20 54 65 78 
                  74 20 0d 0a 46 69 6c 6c 65 72 20 54 65 78 74 20 
                  46 69 6c 6c 65 72 20 54 65 78 74 20 46 69 6c 6c 
                  65 72 20 54 65 78 74 20 46 69 6c 6c 65 72 20 54 
                  65 78 74 20 46 69 6c 6c 65 72 20 54 65 78 74 20 
                  46 69 6c 6c 65 72 20 54 65 78 74 20 46 69 6c 6c 
                  65 72 20 54 65 78 74 20 46 69 6c 6c 65 72 20 54 
                  65 78 74 20 46 69 6c 6c 65 72 20 54 65 78 74 20 
                  46 69 6c 6c 65 72 20 54 65 78 74 20 46 69 6c 6c 
                  65 72 20 54 65 78 74 20 46 69 6c 6c 65 72 20 54 
                  65 78 74 20 0d 0a 46 69 6c
15:55:46:666    < BTP_FTP_EV_CLIENT_PULL_FILE (0x2a|0x8a|0x00)
                  raw data (260): 
                  2a 8a 00 04 01|e0 4e e4 08 dc 1b 00 90 fa 00 97 
                  01 48 00 f8 6c 65 72 20 54 65 78 74 20 46 69 6c 
                  6c 65 72 20 54 65 78 74 20 46 69 6c 6c 65 72 20 
                  54 65 78 74 20 46 69 6c 6c 65 72 20 54 65 78 74 
                  20 46 69 6c 6c 65 72 20 54 65 78 74 20 46 69 6c 
                  6c 65 72 20 54 65 78 74 20 46 69 6c 6c 65 72 20 
                  54 65 78 74 20 46 69 6c 6c 65 72 20 54 65 78 74 
                  20 46 69 6c 6c 65 72 20 54 65 78 74 20 46 69 6c 
                  6c 65 72 20 54 65 78 74 20 46 69 6c 6c 65 72 20 
                  54 65 78 74 20 46 69 6c 6c 65 72 20 54 65 78 74 
                  20 0d 0a 46 69 6c 6c 65 72 20 54 65 78 74 20 46 
                  69 6c 6c 65 72 20 54 65 78 74 20 46 69 6c 6c 65 
                  72 20 54 65 78 74 20 46 69 6c 6c 65 72 20 54 65 
                  78 74 20 46 69 6c 6c 65 72 20 54 65 78 74 20 46 
                  69 6c 6c 65 72 20 54 65 78 74 20 46 69 6c 6c 65 
                  72 20 54 65 78 74 20 46 69 6c 6c 65 72 20 54 65 
                  78 74 20 46 69 6c 6c 65 72
15:55:46:689    < BTP_FTP_EV_CLIENT_PULL_FILE (0x2a|0x8a|0x00)
                  raw data (260): 
                  2a 8a 00 04 01|e0 4e e4 08 dc 1b 00 90 fa 00 97 
                  01 48 00 f8 20 54 65 78 74 20 46 69 6c 6c 65 72 
                  20 54 65 78 74 20 46 69 6c 6c 65 72 20 54 65 78 
                  74 20 46 69 6c 6c 65 72 20 54 65 78 74 20 0d 0a 
                  46 69 6c 6c 65 72 20 54 65 78 74 20 46 69 6c 6c 
                  65 72 20 54 65 78 74 20 46 69 6c 6c 65 72 20 54 
                  65 78 74 20 46 69 6c 6c 65 72 20 54 65 78 74 20 
                  46 69 6c 6c 65 72 20 54 65 78 74 20 46 69 6c 6c 
                  65 72 20 54 65 78 74 20 46 69 6c 6c 65 72 20 54 
                  65 78 74 20 46 69 6c 6c 65 72 20 54 65 78 74 20 
                  46 69 6c 6c 65 72 20 54 65 78 74 20 46 69 6c 6c 
                  65 72 20 54 65 78 74 20 46 69 6c 6c 65 72 20 54 
                  65 78 74 20 46 69 6c 6c 65 72 20 54 65 78 74 20 
                  0d 0a 46 69 6c 6c 65 72 20 54 65 78 74 20 46 69 
                  6c 6c 65 72 20 54 65 78 74 20 46 69 6c 6c 65 72 
                  20 54 65 78 74 20 46 69 6c 6c 65 72 20 54 65 78 
                  74 20 46 69 6c 6c 65 72 20
15:55:46:711    < BTP_FTP_EV_CLIENT_PULL_FILE (0x2a|0x8a|0x00)
                  raw data (260): 
                  2a 8a 00 04 01|e0 4e e4 08 dc 1b 00 90 fa 00 97 
                  01 48 00 f8 54 65 78 74 20 46 69 6c 6c 65 72 20 
                  54 65 78 74 20 46 69 6c 6c 65 72 20 54 65 78 74 
                  20 46 69 6c 6c 65 72 20 54 65 78 74 20 46 69 6c 
                  6c 65 72 20 54 65 78 74 20 46 69 6c 6c 65 72 20 
                  54 65 78 74 20 46 69 6c 6c 65 72 20 54 65 78 74 
                  20 46 69 6c 6c 65 72 20 54 65 78 74 20 0d 0a 46 
                  69 6c 6c 65 72 20 54 65 78 74 20 46 69 6c 6c 65 
                  72 20 54 65 78 74 20 46 69 6c 6c 65 72 20 54 65 
                  78 74 20 46 69 6c 6c 65 72 20 54 65 78 74 20 46 
                  69 6c 6c 65 72 20 54 65 78 74 20 46 69 6c 6c 65 
                  72 20 54 65 78 74 20 46 69 6c 6c 65 72 20 54 65 
                  78 74 20 46 69 6c 6c 65 72 20 54 65 78 74 20 46 
                  69 6c 6c 65 72 20 54 65 78 74 20 46 69 6c 6c 65 
                  72 20 54 65 78 74 20 46 69 6c 6c 65 72 20 54 65 
                  78 74 20 46 69 6c 6c 65 72 20 54 65 78 74 20 0d 
                  0a 46 69 6c 6c 65 72 20 54
15:55:46:744    < BTP_FTP_EV_CLIENT_PULL_FILE (0x2a|0x8a|0x00)
                  raw data (260): 
                  2a 8a 00 04 01|e0 4e e4 08 dc 1b 00 90 fa 00 97 
                  01 48 00 f8 65 78 74 20 46 69 6c 6c 65 72 20 54 
                  65 78 74 20 46 69 6c 6c 65 72 20 54 65 78 74 20 
                  46 69 6c 6c 65 72 20 54 65 78 74 20 46 69 6c 6c 
                  65 72 20 54 65 78 74 20 46 69 6c 6c 65 72 20 54 
                  65 78 74 20 46 69 6c 6c 65 72 20 54 65 78 74 20 
                  46 69 6c 6c 65 72 20 54 65 78 74 20 46 69 6c 6c 
                  65 72 20 54 65 78 74 20 46 69 6c 6c 65 72 20 54 
                  65 78 74 20 46 69 6c 6c 65 72 20 54 65 78 74 20 
                  46 69 6c 6c 65 72 20 54 65 78 74 20 0d 0a 46 69 
                  6c 6c 65 72 20 54 65 78 74 20 46 69 6c 6c 65 72 
                  20 54 65 78 74 20 46 69 6c 6c 65 72 20 54 65 78 
                  74 20 46 69 6c 6c 65 72 20 54 65 78 74 20 46 69 
                  6c 6c 65 72 20 54 65 78 74 20 46 69 6c 6c 65 72 
                  20 54 65 78 74 20 46 69 6c 6c 65 72 20 54 65 78 
                  74 20 46 69 6c 6c 65 72 20 54 65 78 74 20 46 69 
                  6c 6c 65 72 20 54 65 78 74
15:55:46:766    < BTP_FTP_EV_CLIENT_PULL_FILE (0x2a|0x8a|0x00)
                  raw data (260): 
                  2a 8a 00 04 01|e0 4e e4 08 dc 1b 00 90 fa 00 97 
                  01 48 00 f8 20 46 69 6c 6c 65 72 20 54 65 78 74 
                  20 46 69 6c 6c 65 72 20 54 65 78 74 20 46 69 6c 
                  6c 65 72 20 54 65 78 74 20 0d 0a 46 69 6c 6c 65 
                  72 20 54 65 78 74 20 46 69 6c 6c 65 72 20 54 65 
                  78 74 20 46 69 6c 6c 65 72 20 54 65 78 74 20 46 
                  69 6c 6c 65 72 20 54 65 78 74 20 46 69 6c 6c 65 
                  72 20 54 65 78 74 20 46 69 6c 6c 65 72 20 54 65 
                  78 74 20 46 69 6c 6c 65 72 20 54 65 78 74 20 46 
                  69 6c 6c 65 72 20 54 65 78 74 20 46 69 6c 6c 65 
                  72 20 54 65 78 74 20 46 69 6c 6c 65 72 20 54 65 
                  78 74 20 46 69 6c 6c 65 72 20 54 65 78 74 20 46 
                  69 6c 6c 65 72 20 54 65 78 74 20 0d 0a 46 69 6c 
                  6c 65 72 20 54 65 78 74 20 46 69 6c 6c 65 72 20 
                  54 65 78 74 20 46 69 6c 6c 65 72 20 54 65 78 74 
                  20 46 69 6c 6c 65 72 20 54 65 78 74 20 46 69 6c 
                  6c 65 72 20 54 65 78 74 20
15:55:46:787    < BTP_FTP_EV_CLIENT_PULL_FILE (0x2a|0x8a|0x00)
                  raw data (260): 
                  2a 8a 00 04 01|e0 4e e4 08 dc 1b 00 90 fa 00 97 
                  01 48 00 f8 46 69 6c 6c 65 72 20 54 65 78 74 20 
                  46 69 6c 6c 65 72 20 54 65 78 74 20 46 69 6c 6c 
                  65 72 20 54 65 78 74 20 46 69 6c 6c 65 72 20 54 
                  65 78 74 20 46 69 6c 6c 65 72 20 54 65 78 74 20 
                  46 69 6c 6c 65 72 20 54 65 78 74 20 46 69 6c 6c 
                  65 72 20 54 65 78 74 20 0d 0a 46 69 6c 6c 65 72 
                  20 54 65 78 74 20 46 69 6c 6c 65 72 20 54 65 78 
                  74 20 46 69 6c 6c 65 72 20 54 65 78 74 20 46 69 
                  6c 6c 65 72 20 54 65 78 74 20 46 69 6c 6c 65 72 
                  20 54 65 78 74 20 46 69 6c 6c 65 72 20 54 65 78 
                  74 20 46 69 6c 6c 65 72 20 54 65 78 74 20 46 69 
                  6c 6c 65 72 20 54 65 78 74 20 46 69 6c 6c 65 72 
                  20 54 65 78 74 20 46 69 6c 6c 65 72 20 54 65 78 
                  74 20 46 69 6c 6c 65 72 20 54 65 78 74 20 46 69 
                  6c 6c 65 72 20 54 65 78 74 20 0d 0a 46 69 6c 6c 
                  65 72 20 54 65 78 74 20 46
15:55:46:810    < BTP_FTP_EV_CLIENT_PULL_FILE (0x2a|0x8a|0x00)
                  raw data (260): 
                  2a 8a 00 04 01|e0 4e e4 08 dc 1b 00 90 fa 00 97 
                  01 48 00 f8 69 6c 6c 65 72 20 54 65 78 74 20 46 
                  69 6c 6c 65 72 20 54 65 78 74 20 46 69 6c 6c 65 
                  72 20 54 65 78 74 20 46 69 6c 6c 65 72 20 54 65 
                  78 74 20 46 69 6c 6c 65 72 20 54 65 78 74 20 46 
                  69 6c 6c 65 72 20 54 65 78 74 20 46 69 6c 6c 65 
                  72 20 54 65 78 74 20 46 69 6c 6c 65 72 20 54 65 
                  78 74 20 46 69 6c 6c 65 72 20 54 65 78 74 20 46 
                  69 6c 6c 65 72 20 54 65 78 74 20 46 69 6c 6c 65 
                  72 20 54 65 78 74 20 0d 0a 46 69 6c 6c 65 72 20 
                  54 65 78 74 20 46 69 6c 6c 65 72 20 54 65 78 74 
                  20 46 69 6c 6c 65 72 20 54 65 78 74 20 46 69 6c 
                  6c 65 72 20 54 65 78 74 20 46 69 6c 6c 65 72 20 
                  54 65 78 74 20 46 69 6c 6c 65 72 20 54 65 78 74 
                  20 46 69 6c 6c 65 72 20 54 65 78 74 20 46 69 6c 
                  6c 65 72 20 54 65 78 74 20 46 69 6c 6c 65 72 20 
                  54 65 78 74 20 46 69 6c 6c
15:55:46:844    < BTP_FTP_EV_CLIENT_PULL_FILE (0x2a|0x8a|0x00)
                  raw data (260): 
                  2a 8a 00 04 01|e0 4e e4 08 dc 1b 00 90 fa 00 97 
                  01 48 00 f8 65 72 20 54 65 78 74 20 46 69 6c 6c 
                  65 72 20 54 65 78 74 20 46 69 6c 6c 65 72 20 54 
                  65 78 74 20 0d 0a 46 69 6c 6c 65 72 20 54 65 78 
                  74 20 46 69 6c 6c 65 72 20 54 65 78 74 20 46 69 
                  6c 6c 65 72 20 54 65 78 74 20 46 69 6c 6c 65 72 
                  20 54 65 78 74 20 46 69 6c 6c 65 72 20 54 65 78 
                  74 20 46 69 6c 6c 65 72 20 54 65 78 74 20 46 69 
                  6c 6c 65 72 20 54 65 78 74 20 46 69 6c 6c 65 72 
                  20 54 65 78 74 20 46 69 6c 6c 65 72 20 54 65 78 
                  74 20 46 69 6c 6c 65 72 20 54 65 78 74 20 46 69 
                  6c 6c 65 72 20 54 65 78 74 20 46 69 6c 6c 65 72 
                  20 54 65 78 74 20 0d 0a 46 69 6c 6c 65 72 20 54 
                  65 78 74 20 46 69 6c 6c 65 72 20 54 65 78 74 20 
                  46 69 6c 6c 65 72 20 54 65 78 74 20 46 69 6c 6c 
                  65 72 20 54 65 78 74 20 46 69 6c 6c 65 72 20 54 
                  65 78 74 20 46 69 6c 6c 65
15:55:46:866    < BTP_FTP_EV_CLIENT_PULL_FILE (0x2a|0x8a|0x00)
                  raw data (260): 
                  2a 8a 00 04 01|e0 4e e4 08 dc 1b 00 90 fa 00 97 
                  01 48 00 f8 72 20 54 65 78 74 20 46 69 6c 6c 65 
                  72 20 54 65 78 74 20 46 69 6c 6c 65 72 20 54 65 
                  78 74 20 46 69 6c 6c 65 72 20 54 65 78 74 20 46 
                  69 6c 6c 65 72 20 54 65 78 74 20 46 69 6c 6c 65 
                  72 20 54 65 78 74 20 46 69 6c 6c 65 72 20 54 65 
                  78 74 20 0d 0a 46 69 6c 6c 65 72 20 54 65 78 74 
                  20 46 69 6c 6c 65 72 20 54 65 78 74 20 46 69 6c 
                  6c 65 72 20 54 65 78 74 20 46 69 6c 6c 65 72 20 
                  54 65 78 74 20 46 69 6c 6c 65 72 20 54 65 78 74 
                  20 46 69 6c 6c 65 72 20 54 65 78 74 20 46 69 6c 
                  6c 65 72 20 54 65 78 74 20 46 69 6c 6c 65 72 20 
                  54 65 78 74 20 46 69 6c 6c 65 72 20 54 65 78 74 
                  20 46 69 6c 6c 65 72 20 54 65 78 74 20 46 69 6c 
                  6c 65 72 20 54 65 78 74 20 46 69 6c 6c 65 72 20 
                  54 65 78 74 20 0d 0a 46 69 6c 6c 65 72 20 54 65 
                  78 74 20 46 69 6c 6c 65 72
15:55:46:887    < BTP_FTP_EV_CLIENT_PULL_FILE (0x2a|0x8a|0x00)
                  raw data (260): 
                  2a 8a 00 04 01|e0 4e e4 08 dc 1b 00 90 fa 00 97 
                  01 48 00 f8 20 54 65 78 74 20 46 69 6c 6c 65 72 
                  20 54 65 78 74 20 46 69 6c 6c 65 72 20 54 65 78 
                  74 20 46 69 6c 6c 65 72 20 54 65 78 74 20 46 69 
                  6c 6c 65 72 20 54 65 78 74 20 46 69 6c 6c 65 72 
                  20 54 65 78 74 20 46 69 6c 6c 65 72 20 54 65 78 
                  74 20 46 69 6c 6c 65 72 20 54 65 78 74 20 46 69 
                  6c 6c 65 72 20 54 65 78 74 20 46 69 6c 6c 65 72 
                  20 54 65 78 74 20 46 69 6c 6c 65 72 20 54 65 78 
                  74 20 0d 0a 46 69 6c 6c 65 72 20 54 65 78 74 20 
                  46 69 6c 6c 65 72 20 54 65 78 74 20 46 69 6c 6c 
                  65 72 20 54 65 78 74 20 46 69 6c 6c 65 72 20 54 
                  65 78 74 20 46 69 6c 6c 65 72 20 54 65 78 74 20 
                  46 69 6c 6c 65 72 20 54 65 78 74 20 46 69 6c 6c 
                  65 72 20 54 65 78 74 20 46 69 6c 6c 65 72 20 54 
                  65 78 74 20 46 69 6c 6c 65 72 20 54 65 78 74 20 
                  46 69 6c 6c 65 72 20 54 65
15:55:46:921    < BTP_FTP_EV_CLIENT_PULL_FILE (0x2a|0x8a|0x00)
                  raw data (260): 
                  2a 8a 00 04 01|e0 4e e4 08 dc 1b 00 90 fa 00 97 
                  01 48 00 f8 78 74 20 46 69 6c 6c 65 72 20 54 65 
                  78 74 20 46 69 6c 6c 65 72 20 54 65 78 74 20 0d 
                  0a 46 69 6c 6c 65 72 20 54 65 78 74 20 46 69 6c 
                  6c 65 72 20 54 65 78 74 20 46 69 6c 6c 65 72 20 
                  54 65 78 74 20 46 69 6c 6c 65 72 20 54 65 78 74 
                  20 46 69 6c 6c 65 72 20 54 65 78 74 20 46 69 6c 
                  6c 65 72 20 54 65 78 74 20 46 69 6c 6c 65 72 20 
                  54 65 78 74 20 46 69 6c 6c 65 72 20 54 65 78 74 
                  20 46 69 6c 6c 65 72 20 54 65 78 74 20 46 69 6c 
                  6c 65 72 20 54 65 78 74 20 46 69 6c 6c 65 72 20 
                  54 65 78 74 20 46 69 6c 6c 65 72 20 54 65 78 74 
                  20 0d 0a 46 69 6c 6c 65 72 20 54 65 78 74 20 46 
                  69 6c 6c 65 72 20 54 65 78 74 20 46 69 6c 6c 65 
                  72 20 54 65 78 74 20 46 69 6c 6c 65 72 20 54 65 
                  78 74 20 46 69 6c 6c 65 72 20 54 65 78 74 20 46 
                  69 6c 6c 65 72 20 54 65 78
15:55:46:944    < BTP_FTP_EV_CLIENT_PULL_FILE (0x2a|0x8a|0x00)
                  raw data (260): 
                  2a 8a 00 04 01|e0 4e e4 08 dc 1b 00 90 fa 00 97 
                  01 48 00 f8 74 20 46 69 6c 6c 65 72 20 54 65 78 
                  74 20 46 69 6c 6c 65 72 20 54 65 78 74 20 46 69 
                  6c 6c 65 72 20 54 65 78 74 20 46 69 6c 6c 65 72 
                  20 54 65 78 74 20 46 69 6c 6c 65 72 20 54 65 78 
                  74 20 46 69 6c 6c 65 72 20 54 65 78 74 20 0d 0a 
                  46 69 6c 6c 65 72 20 54 65 78 74 20 46 69 6c 6c 
                  65 72 20 54 65 78 74 20 46 69 6c 6c 65 72 20 54 
                  65 78 74 20 46 69 6c 6c 65 72 20 54 65 78 74 20 
                  46 69 6c 6c 65 72 20 54 65 78 74 20 46 69 6c 6c 
                  65 72 20 54 65 78 74 20 46 69 6c 6c 65 72 20 54 
                  65 78 74 20 46 69 6c 6c 65 72 20 54 65 78 74 20 
                  46 69 6c 6c 65 72 20 54 65 78 74 20 46 69 6c 6c 
                  65 72 20 54 65 78 74 20 46 69 6c 6c 65 72 20 54 
                  65 78 74 20 46 69 6c 6c 65 72 20 54 65 78 74 20 
                  0d 0a 46 69 6c 6c 65 72 20 54 65 78 74 20 46 69 
                  6c 6c 65 72 20 54 65 78 74
15:55:46:966    < BTP_FTP_EV_CLIENT_PULL_FILE (0x2a|0x8a|0x00)
                  raw data (260): 
                  2a 8a 00 04 01|e0 4e e4 08 dc 1b 00 90 fa 00 97 
                  01 48 00 f8 20 46 69 6c 6c 65 72 20 54 65 78 74 
                  20 46 69 6c 6c 65 72 20 54 65 78 74 20 46 69 6c 
                  6c 65 72 20 54 65 78 74 20 46 69 6c 6c 65 72 20 
                  54 65 78 74 20 46 69 6c 6c 65 72 20 54 65 78 74 
                  20 46 69 6c 6c 65 72 20 54 65 78 74 20 46 69 6c 
                  6c 65 72 20 54 65 78 74 20 46 69 6c 6c 65 72 20 
                  54 65 78 74 20 46 69 6c 6c 65 72 20 54 65 78 74 
                  20 46 69 6c 6c 65 72 20 54 65 78 74 20 0d 0a 46 
                  69 6c 6c 65 72 20 54 65 78 74 20 46 69 6c 6c 65 
                  72 20 54 65 78 74 20 46 69 6c 6c 65 72 20 54 65 
                  78 74 20 46 69 6c 6c 65 72 20 54 65 78 74 20 46 
                  69 6c 6c 65 72 20 54 65 78 74 20 46 69 6c 6c 65 
                  72 20 54 65 78 74 20 46 69 6c 6c 65 72 20 54 65 
                  78 74 20 46 69 6c 6c 65 72 20 54 65 78 74 20 46 
                  69 6c 6c 65 72 20 54 65 78 74 20 46 69 6c 6c 65 
                  72 20 54 65 78 74 20 46 69
15:55:46:988    < BTP_FTP_EV_CLIENT_PULL_FILE (0x2a|0x8a|0x00)
                  raw data (183): 
                  2a 8a 00 b7 00|e0 4e e4 08 dc 1b 00 a0 ad 00 97 
                  01 49 00 ab 6c 6c 65 72 20 54 65 78 74 20 46 69 
                  6c 6c 65 72 20 54 65 78 74 20 0d 0a 46 69 6c 6c 
                  65 72 20 54 65 78 74 20 46 69 6c 6c 65 72 20 54 
                  65 78 74 20 46 69 6c 6c 65 72 20 54 65 78 74 20 
                  46 69 6c 6c 65 72 20 54 65 78 74 20 46 69 6c 6c 
                  65 72 20 54 65 78 74 20 46 69 6c 6c 65 72 20 54 
                  65 78 74 20 46 69 6c 6c 65 72 20 54 65 78 74 20 
                  46 69 6c 6c 65 72 20 54 65 78 74 20 46 69 6c 6c 
                  65 72 20 54 65 78 74 20 46 69 6c 6c 65 72 20 54 
                  65 78 74 20 46 69 6c 6c 65 72 20 54 65 78 74 20 
                  46 69 6c 6c 65 72 20 54 65 78 74 20
15:55:53:067    < BTP_FTP_EV_CLIENT_L2CAP_DISCONNECTED (0x2a|0x83|0x00)
                  raw data (7): 2a 83 00 07 00|e0 4e e4 08 dc 1b 00
15:55:53:068    < BTP_GAP_EV_DEVICE_DISCONNECTED (0x01|0x83|0x00)
                  raw data (7): 01 83 00 07 00|e0 4e e4 08 dc 1b 00
15:55:56:854    < BTP_CORE_EV_IUT_READY (0x00|0x80|0xff)
                  raw data (0): 00 80 ff 00 00|
