2026-09-23 22:35:07,815 LT1-thread root DEBUG client.py                 1099  _run_test_case            : Starting TestCase _run_test_case GAP GAP/IDLE/DNDIS/BV-01-C
2026-09-23 22:35:07,816 LT1-thread root DEBUG testcase.py               727   pre_run                   : pre_run GAP GAP/IDLE/DNDIS/BV-01-C
2026-09-23 22:35:07,816 LT1-thread root DEBUG testcase.py               729   pre_run                   : About to run test case GAP GAP/IDLE/DNDIS/BV-01-C with commands:
2026-09-23 22:35:07,817 LT1-thread root DEBUG testcase.py               731   pre_run                   : 0) class=<class 'autopts.ptsprojects.testcase.TestFunc'>, func=<bound method ZTestCase._test_case_start of <autopts.ptsprojects.zephyr.ztestcase.ZTestCase object at 0x000001E0BD825E20>> start_wid=None stop_wid=None post_wid=None skip_call=None call_count=1 args=() kwds={}
2026-09-23 22:35:07,818 LT1-thread root DEBUG testcase.py               731   pre_run                   : 1) class=<class 'autopts.ptsprojects.testcase.TestFunc'>, func=<function core_reg_svc_gap at 0x000001E0BA25E160> start_wid=None stop_wid=None post_wid=None skip_call=None call_count=32 args=() kwds={}
2026-09-23 22:35:07,818 LT1-thread root DEBUG testcase.py               731   pre_run                   : 2) class=<class 'autopts.ptsprojects.testcase.TestFunc'>, func=<bound method Stack.gap_init of <autopts.ptsprojects.stack.stack.Stack object at 0x000001E0B9424A70>> start_wid=None stop_wid=None post_wid=None skip_call=None call_count=32 args=(b'Tester_08E44E', 'ABCD', '1111', '1111', '11', '1111', b'\x17github.com/auto-pts', (8, 'PADV_Tester'), 'FF') kwds={}
2026-09-23 22:35:07,818 LT1-thread root DEBUG testcase.py               731   pre_run                   : 3) class=<class 'autopts.ptsprojects.testcase.TestFunc'>, func=<function gap_read_controller_info at 0x000001E0BA29EB60> start_wid=None stop_wid=None post_wid=None skip_call=None call_count=32 args=() kwds={}
2026-09-23 22:35:07,818 LT1-thread root DEBUG testcase.py               731   pre_run                   : 4) class=<class 'autopts.ptsprojects.testcase.TestFunc'>, func=<function test_cases.<locals>.<lambda> at 0x000001E0BD7C6DE0> start_wid=None stop_wid=None post_wid=None skip_call=None call_count=32 args=() kwds={}
2026-09-23 22:35:07,818 LT1-thread root DEBUG testcase.py               731   pre_run                   : 5) class=<class 'autopts.ptsprojects.testcase.TestFunc'>, func=<function test_cases.<locals>.<lambda> at 0x000001E0BD7C5120> start_wid=None stop_wid=None post_wid=None skip_call=None call_count=32 args=() kwds={}
2026-09-23 22:35:07,818 LT1-thread root DEBUG testcase.py               731   pre_run                   : 6) class=<class 'autopts.ptsprojects.testcase.TestFunc'>, func=<function test_cases.<locals>.<lambda> at 0x000001E0BD7C6E80> start_wid=None stop_wid=None post_wid=None skip_call=None call_count=32 args=() kwds={}
2026-09-23 22:35:07,818 LT1-thread root DEBUG testcase.py               731   pre_run                   : 7) class=<class 'autopts.ptsprojects.testcase.TestFunc'>, func=<function test_cases.<locals>.<lambda> at 0x000001E0BD7C6F20> start_wid=None stop_wid=None post_wid=None skip_call=None call_count=32 args=() kwds={}
2026-09-23 22:35:07,818 LT1-thread root DEBUG testcase.py               731   pre_run                   : 8) class=<class 'autopts.ptsprojects.testcase.TestFunc'>, func=<function test_cases.<locals>.<lambda> at 0x000001E0BD7C6FC0> start_wid=None stop_wid=None post_wid=None skip_call=None call_count=32 args=() kwds={}
2026-09-23 22:35:07,818 LT1-thread root DEBUG testcase.py               731   pre_run                   : 9) class=<class 'autopts.ptsprojects.testcase.TestFunc'>, func=<function test_cases.<locals>.<lambda> at 0x000001E0BD7C7060> start_wid=None stop_wid=None post_wid=None skip_call=None call_count=32 args=() kwds={}
2026-09-23 22:35:07,819 LT1-thread root DEBUG testcase.py               731   pre_run                   : 10) class=<class 'autopts.ptsprojects.testcase.TestFunc'>, func=<function test_cases.<locals>.<lambda> at 0x000001E0BD7C7100> start_wid=None stop_wid=None post_wid=None skip_call=None call_count=32 args=() kwds={}
2026-09-23 22:35:07,819 LT1-thread root DEBUG testcase.py               731   pre_run                   : 11) class=<class 'autopts.ptsprojects.testcase.TestFunc'>, func=<function test_cases.<locals>.<lambda> at 0x000001E0BD7C71A0> start_wid=None stop_wid=None post_wid=None skip_call=None call_count=32 args=() kwds={}
2026-09-23 22:35:07,819 LT1-thread root DEBUG testcase.py               731   pre_run                   : 12) class=<class 'autopts.ptsprojects.testcase.TestFunc'>, func=<function test_cases.<locals>.<lambda> at 0x000001E0BD7C7240> start_wid=None stop_wid=None post_wid=None skip_call=None call_count=32 args=() kwds={}
2026-09-23 22:35:07,819 LT1-thread root DEBUG testcase.py               731   pre_run                   : 13) class=<class 'autopts.ptsprojects.testcase.TestFunc'>, func=<function test_cases.<locals>.<lambda> at 0x000001E0BD7C72E0> start_wid=None stop_wid=None post_wid=None skip_call=None call_count=32 args=() kwds={}
2026-09-23 22:35:07,819 LT1-thread root DEBUG testcase.py               731   pre_run                   : 14) class=<class 'autopts.ptsprojects.testcase.TestFunc'>, func=<function core_reg_svc_gatt at 0x000001E0BA25E2A0> start_wid=None stop_wid=None post_wid=None skip_call=None call_count=32 args=() kwds={}
2026-09-23 22:35:07,819 LT1-thread root DEBUG testcase.py               731   pre_run                   : 15) class=<class 'autopts.ptsprojects.testcase.TestFunc'>, func=<bound method Stack.gatt_init of <autopts.ptsprojects.stack.stack.Stack object at 0x000001E0B9424A70>> start_wid=None stop_wid=None post_wid=None skip_call=None call_count=32 args=() kwds={}
2026-09-23 22:35:07,819 LT1-thread root DEBUG testcase.py               731   pre_run                   : 16) class=<class 'autopts.ptsprojects.testcase.TestFunc'>, func=<function gap_set_io_capability at 0x000001E0BA29E020> start_wid=None stop_wid=None post_wid=None skip_call=None call_count=32 args=(4,) kwds={}
2026-09-23 22:35:07,819 LT1-thread root DEBUG testcase.py               731   pre_run                   : 17) class=<class 'autopts.ptsprojects.testcase.TestFunc'>, func=<function gap_set_broadcast_code at 0x000001E0BA2A4220> start_wid=None stop_wid=None post_wid=None skip_call=None call_count=32 args=('0102680553F1415AA265BBAFC6EA03B8',) kwds={}
2026-09-23 22:35:07,820 LT1-thread root DEBUG testcase.py               731   pre_run                   : 18) class=<class 'autopts.ptsprojects.testcase.TestFunc'>, func=<function set_pts_addr at 0x000001E0BA25DD00> start_wid=None stop_wid=None post_wid=None skip_call=None call_count=32 args=('00:1B:DC:08:E4:4E', 0) kwds={}
2026-09-23 22:35:07,820 LT1-thread root DEBUG testcase.py               731   pre_run                   : 19) class=<class 'autopts.ptsprojects.testcase.TestFunc'>, func=<function test_cases.<locals>.<lambda> at 0x000001E0BD7C7380> start_wid=None stop_wid=None post_wid=None skip_call=None call_count=1 args=() kwds={}
2026-09-23 22:35:07,820 LT1-thread root DEBUG testcase.py               731   pre_run                   : 20) class=<class 'autopts.ptsprojects.testcase.TestFunc'>, func=<function test_cases.<locals>.<lambda> at 0x000001E0BD7C7420> start_wid=None stop_wid=None post_wid=None skip_call=None call_count=1 args=() kwds={}
2026-09-23 22:35:07,820 LT1-thread root DEBUG testcase.py               731   pre_run                   : 21) class=<class 'autopts.ptsprojects.testcase.TestFunc'>, func=<function test_cases.<locals>.<lambda> at 0x000001E0BD7C74C0> start_wid=None stop_wid=None post_wid=None skip_call=None call_count=1 args=() kwds={}
2026-09-23 22:35:07,820 LT1-thread root DEBUG testcase.py               731   pre_run                   : 22) class=<class 'autopts.ptsprojects.testcase.TestFunc'>, func=<function test_cases.<locals>.<lambda> at 0x000001E0BD7C7560> start_wid=None stop_wid=None post_wid=None skip_call=None call_count=1 args=() kwds={}
2026-09-23 22:35:07,820 LT1-thread root DEBUG testcase.py               731   pre_run                   : 23) class=<class 'autopts.ptsprojects.testcase.TestFunc'>, func=<function test_cases.<locals>.<lambda> at 0x000001E0BD7C7600> start_wid=None stop_wid=None post_wid=None skip_call=None call_count=1 args=() kwds={}
2026-09-23 22:35:07,820 LT1-thread root DEBUG testcase.py               731   pre_run                   : 24) class=<class 'autopts.ptsprojects.testcase.TestFunc'>, func=<function test_cases.<locals>.<lambda> at 0x000001E0BD7C76A0> start_wid=None stop_wid=None post_wid=None skip_call=None call_count=1 args=() kwds={}
2026-09-23 22:35:07,820 LT1-thread root DEBUG testcase.py               731   pre_run                   : 25) class=<class 'autopts.ptsprojects.testcase.TestFunc'>, func=<function test_cases.<locals>.<lambda> at 0x000001E0BD7C7740> start_wid=None stop_wid=None post_wid=None skip_call=None call_count=1 args=() kwds={}
2026-09-23 22:35:07,820 LT1-thread root DEBUG testcase.py               731   pre_run                   : 26) class=<class 'autopts.ptsprojects.testcase.TestFunc'>, func=<function gap_set_io_capability at 0x000001E0BA29E020> start_wid=None stop_wid=None post_wid=None skip_call=None call_count=1 args=(3,) kwds={}
2026-09-23 22:35:07,821 LT1-thread root DEBUG testcase.py               731   pre_run                   : 27) class=<class 'autopts.ptsprojects.testcase.TestFunc'>, func=<function gap_set_extended_inquiry_response at 0x000001E0BA2A4360> start_wid=None stop_wid=None post_wid=None skip_call=None call_count=1 args=() kwds={'eir': {9: b'Tester_08E44E'}}
2026-09-23 22:35:07,821 LT1-thread root DEBUG testcase.py               731   pre_run                   : 28) class=<class 'autopts.ptsprojects.testcase.TestFunc'>, func=<function gap_set_general_discoverable at 0x000001E0BA29E660> start_wid=None stop_wid=None post_wid=None skip_call=None call_count=0 args=() kwds={}
2026-09-23 22:35:07,821 LT1-thread root DEBUG testcase.py               731   pre_run                   : 29) class=<class 'autopts.ptsprojects.testcase.TestFuncCleanUp'>, func=<bound method ZTestCase._test_case_cleanup of <autopts.ptsprojects.zephyr.ztestcase.ZTestCase object at 0x000001E0BD825E20>> start_wid=None stop_wid=None post_wid=None skip_call=None call_count=1 args=() kwds={}
2026-09-23 22:35:07,821 LT1-thread root DEBUG testcase.py               738   pre_run                   : pre_run, run pre test case script
2026-09-23 22:35:07,832 LT1-thread root DEBUG testcase.py               254   start                     : Starting test function: class=<class 'autopts.ptsprojects.testcase.TestFunc'>, func=<bound method ZTestCase._test_case_start of <autopts.ptsprojects.zephyr.ztestcase.ZTestCase object at 0x000001E0BD825E20>> start_wid=None stop_wid=None post_wid=None skip_call=None call_count=2 args=() kwds={}
2026-09-23 22:35:07,832 LT1-thread root DEBUG testcase.py               266   start                     : Test function parameters: args=(), kwds={}
2026-09-23 22:35:07,832 LT1-thread root DEBUG iutctl.py                 172   start                     : <class 'autopts.ptsprojects.zephyr.iutctl.create_zephyr_ctl_class.<locals>.ZephyrCtl'>.start
2026-09-23 22:35:07,833 LT1-thread root DEBUG iutctl.py                 325   flush_serial              : <class 'autopts.ptsprojects.zephyr.iutctl.create_zephyr_ctl_class.<locals>.ZephyrCtl'>.flush_serial
2026-09-23 22:35:09,051 LT1-thread root DEBUG iutctl.py                 249   _start_tty_mode           : Starting socat process: socat.exe -x -v tcp:10.17.12.9:62945,retry=100,interval=1 /dev/ttyS2,raw,b115200,
2026-09-23 22:35:09,059 LT1-thread root DEBUG iutctl_common.py          402   accept                    : 
2026-09-23 22:35:09,152 BTPWorkerThread-8903 (_rx_task) root DEBUG iutctl_common.py          299   _rx_task                  : BTPWorkerThread-8903 (_rx_task) started
2026-09-23 22:35:09,153 LT1-thread root DEBUG iutctl.py                 395   wait_iut_ready_event      : IUT ready event received OK
2026-09-23 22:35:09,153 LT1-thread root DEBUG btp.py                    51    read_supp_svcs            : 
2026-09-23 22:35:09,153 LT1-thread root DEBUG iutctl_common.py          161   send                      : 0 2 255 ''
2026-09-23 22:35:09,154 LT1-thread root DEBUG iutctl_common.py          166   send                      : sending frame '0002ff0000'
2026-09-23 22:35:09,154 LT1-thread root DEBUG iutctl_common.py          339   read                      : 
2026-09-23 22:35:09,170 BTPWorkerThread-8903 (_rx_task) root DEBUG iutctl_common.py          123   read                      : Read 5 bytes
2026-09-23 22:35:09,187 BTPWorkerThread-8903 (_rx_task) root DEBUG iutctl_common.py          131   read                      : Received: hdr: Header(svc_id=0x00, op=0x02, ctrl_index=0xff, data_len=0x06) bytearray(b'\x00\x02\xff\x06\x00')
2026-09-23 22:35:09,203 BTPWorkerThread-8903 (_rx_task) root DEBUG iutctl_common.py          139   read                      : Read 6 bytes data
2026-09-23 22:35:09,209 BTPWorkerThread-8903 (_rx_task) root DEBUG iutctl_common.py          154   read                      : Received data: {'0f 00 00 a0 ff 03'}, bytearray(b'\x0f\x00\x00\xa0\xff\x03')
2026-09-23 22:35:09,214 LT1-thread root DEBUG btp.py                    62    read_supp_svcs            : received Header(svc_id=0, op=2, ctrl_index=255, data_len=6) (b'\x0f\x00\x00\xa0\xff\x03',)
2026-09-23 22:35:09,214 LT1-thread root DEBUG testcase.py               254   start                     : Starting test function: class=<class 'autopts.ptsprojects.testcase.TestFunc'>, func=<function core_reg_svc_gap at 0x000001E0BA25E160> start_wid=None stop_wid=None post_wid=None skip_call=None call_count=33 args=() kwds={}
2026-09-23 22:35:09,214 LT1-thread root DEBUG testcase.py               266   start                     : Test function parameters: args=(), kwds={}
2026-09-23 22:35:09,214 LT1-thread root DEBUG btp.py                    117   core_reg_svc_univ         : core_reg_svc_univ: gap_reg (GAP)
2026-09-23 22:35:09,214 LT1-thread root DEBUG iutctl_common.py          161   send                      : 0 3 255 '1'
2026-09-23 22:35:09,214 LT1-thread root DEBUG iutctl_common.py          166   send                      : sending frame '0003ff010001'
2026-09-23 22:35:09,214 LT1-thread root DEBUG btp.py                    654   core_reg_svc_rsp_succ     : 
2026-09-23 22:35:09,215 LT1-thread root DEBUG iutctl_common.py          339   read                      : 
2026-09-23 22:35:13,326 BTPWorkerThread-8903 (_rx_task) root DEBUG iutctl_common.py          123   read                      : Read 5 bytes
2026-09-23 22:35:13,332 BTPWorkerThread-8903 (_rx_task) root DEBUG iutctl_common.py          131   read                      : Received: hdr: Header(svc_id=0x00, op=0x03, ctrl_index=0xff, data_len=0x00) bytearray(b'\x00\x03\xff\x00\x00')
2026-09-23 22:35:13,339 BTPWorkerThread-8903 (_rx_task) root DEBUG iutctl_common.py          154   read                      : Received data: {''}, bytearray(b'')
2026-09-23 22:35:13,350 LT1-thread root DEBUG btp.py                    665   core_reg_svc_rsp_succ     : received Header(svc_id=0, op=3, ctrl_index=255, data_len=0) (b'',)
2026-09-23 22:35:13,350 LT1-thread root DEBUG btp.py                    666   core_reg_svc_rsp_succ     : expected ((0, 3, 255, 0), (b'',))
2026-09-23 22:35:13,350 LT1-thread root DEBUG btp.py                    671   core_reg_svc_rsp_succ     : response is valid
2026-09-23 22:35:13,350 LT1-thread root DEBUG btp.py                    674   core_reg_svc_rsp_succ     : Reading supported commands for service: GAP
2026-09-23 22:35:13,350 LT1-thread root DEBUG iutctl_common.py          161   send                      : 1 1 255 ''
2026-09-23 22:35:13,350 LT1-thread root DEBUG iutctl_common.py          166   send                      : sending frame '0101ff0000'
2026-09-23 22:35:13,351 LT1-thread root DEBUG iutctl_common.py          339   read                      : 
2026-09-23 22:35:13,386 BTPWorkerThread-8903 (_rx_task) root DEBUG iutctl_common.py          123   read                      : Read 5 bytes
2026-09-23 22:35:13,391 BTPWorkerThread-8903 (_rx_task) root DEBUG iutctl_common.py          131   read                      : Received: hdr: Header(svc_id=0x01, op=0x01, ctrl_index=0xff, data_len=0x07) bytearray(b'\x01\x01\xff\x07\x00')
2026-09-23 22:35:13,397 BTPWorkerThread-8903 (_rx_task) root DEBUG iutctl_common.py          139   read                      : Read 7 bytes data
2026-09-23 22:35:13,397 BTPWorkerThread-8903 (_rx_task) root DEBUG iutctl_common.py          154   read                      : Received data: {'6e ff 7f 1f fe ff 2e'}, bytearray(b'n\xff\x7f\x1f\xfe\xff.')
2026-09-23 22:35:13,397 LT1-thread root DEBUG testcase.py               254   start                     : Starting test function: class=<class 'autopts.ptsprojects.testcase.TestFunc'>, func=<bound method Stack.gap_init of <autopts.ptsprojects.stack.stack.Stack object at 0x000001E0B9424A70>> start_wid=None stop_wid=None post_wid=None skip_call=None call_count=33 args=(b'Tester_08E44E', 'ABCD', '1111', '1111', '11', '1111', b'\x17github.com/auto-pts', (8, 'PADV_Tester'), 'FF') kwds={}
2026-09-23 22:35:13,397 LT1-thread root DEBUG testcase.py               266   start                     : Test function parameters: args=(b'Tester_08E44E', 'ABCD', '1111', '1111', '11', '1111', b'\x17github.com/auto-pts', (8, 'PADV_Tester'), 'FF'), kwds={}
2026-09-23 22:35:13,398 LT1-thread root DEBUG testcase.py               254   start                     : Starting test function: class=<class 'autopts.ptsprojects.testcase.TestFunc'>, func=<function gap_read_controller_info at 0x000001E0BA29EB60> start_wid=None stop_wid=None post_wid=None skip_call=None call_count=33 args=() kwds={}
2026-09-23 22:35:13,398 LT1-thread root DEBUG testcase.py               266   start                     : Test function parameters: args=(), kwds={}
2026-09-23 22:35:13,398 LT1-thread root DEBUG gap.py                    1163  gap_read_controller_info  : 
2026-09-23 22:35:13,398 LT1-thread root DEBUG iutctl_common.py          161   send                      : 1 3 0 ''
2026-09-23 22:35:13,398 LT1-thread root DEBUG iutctl_common.py          166   send                      : sending frame '0103000000'
2026-09-23 22:35:13,398 LT1-thread root DEBUG iutctl_common.py          339   read                      : 
2026-09-23 22:35:13,439 BTPWorkerThread-8903 (_rx_task) root DEBUG iutctl_common.py          123   read                      : Read 5 bytes
2026-09-23 22:35:13,444 BTPWorkerThread-8903 (_rx_task) root DEBUG iutctl_common.py          131   read                      : Received: hdr: Header(svc_id=0x01, op=0x03, ctrl_index=0x00, data_len=0x115) bytearray(b'\x01\x03\x00\x15\x01')
2026-09-23 22:35:13,462 BTPWorkerThread-8903 (_rx_task) root DEBUG iutctl_common.py          139   read                      : Read 277 bytes data
2026-09-23 22:35:13,472 BTPWorkerThread-8903 (_rx_task) root DEBUG iutctl_common.py          154   read                      : Received data: {'19 78 ee 69 17 d0 d3 06 02 00 13 02 00 00 00 00 00 62 74 70 5f 74 65 73 74 65 72 00 00 00 00 00 00 00 00 00 00 00 00 00 00 00 00 00 00 00 00 00 00 00 00 00 00 00 00 00 00 00 00 00 00 00 00 00 00 00 00 00 00 00 00 00 00 00 00 00 00 00 00 00 00 00 00 00 00 00 00 00 00 00 00 00 00 00 00 00 00 00 00 00 00 00 00 00 00 00 00 00 00 00 00 00 00 00 00 00 00 00 00 00 00 00 00 00 00 00 00 00 00 00 00 00 00 00 00 00 00 00 00 00 00 00 00 00 00 00 00 00 00 00 00 00 00 00 00 00 00 00 00 00 00 00 00 00 00 00 00 00 00 00 00 00 00 00 00 00 00 00 00 00 00 00 00 00 00 00 00 00 00 00 00 00 00 00 00 00 00 00 00 00 00 00 00 00 00 00 00 00 00 00 00 00 00 00 00 00 00 00 00 00 00 00 00 00 00 00 00 00 00 00 00 00 00 00 00 00 00 00 00 00 00 00 00 00 00 00 00 00 00 00 00 00 00 00 00 00 00 00 00 00 00 00 00 00 00 00 00 00 00 00 00 00 00 00 00 00 00'}, bytearray(b'\x19x\xeei\x17\xd0\xd3\x06\x02\x00\x13\x02\x00\x00\x00\x00\x00btp_tester\x00\x00\x00\x00\x00\x00\x00\x00\x00\x00\x00\x00\x00\x00\x00\x00\x00\x00\x00\x00\x00\x00\x00\x00\x00\x00\x00\x00\x00\x00\x00\x00\x00\x00\x00\x00\x00\x00\x00\x00\x00\x00\x00\x00\x00\x00\x00\x00\x00\x00\x00\x00\x00\x00\x00\x00\x00\x00\x00\x00\x00\x00\x00\x00\x00\x00\x00\x00\x00\x00\x00\x00\x00\x00\x00\x00\x00\x00\x00\x00\x00\x00\x00\x00\x00\x00\x00\x00\x00\x00\x00\x00\x00\x00\x00\x00\x00\x00\x00\x00\x00\x00\x00\x00\x00\x00\x00\x00\x00\x00\x00\x00\x00\x00\x00\x00\x00\x00\x00\x00\x00\x00\x00\x00\x00\x00\x00\x00\x00\x00\x00\x00\x00\x00\x00\x00\x00\x00\x00\x00\x00\x00\x00\x00\x00\x00\x00\x00\x00\x00\x00\x00\x00\x00\x00\x00\x00\x00\x00\x00\x00\x00\x00\x00\x00\x00\x00\x00\x00\x00\x00\x00\x00\x00\x00\x00\x00\x00\x00\x00\x00\x00\x00\x00\x00\x00\x00\x00\x00\x00\x00\x00\x00\x00\x00\x00\x00\x00\x00\x00\x00\x00\x00\x00\x00\x00\x00\x00\x00\x00\x00\x00\x00\x00\x00\x00\x00\x00\x00\x00\x00\x00\x00\x00\x00\x00\x00\x00\x00\x00\x00\x00\x00\x00\x00\x00\x00\x00\x00\x00\x00\x00\x00\x00\x00\x00\x00\x00\x00\x00')
2026-09-23 22:35:13,484 LT1-thread root DEBUG gap.py                    1170  gap_read_controller_info  : received Header(svc_id=1, op=3, ctrl_index=0, data_len=277) (b'\x19x\xeei\x17\xd0\xd3\x06\x02\x00\x13\x02\x00\x00\x00\x00\x00btp_tester\x00\x00\x00\x00\x00\x00\x00\x00\x00\x00\x00\x00\x00\x00\x00\x00\x00\x00\x00\x00\x00\x00\x00\x00\x00\x00\x00\x00\x00\x00\x00\x00\x00\x00\x00\x00\x00\x00\x00\x00\x00\x00\x00\x00\x00\x00\x00\x00\x00\x00\x00\x00\x00\x00\x00\x00\x00\x00\x00\x00\x00\x00\x00\x00\x00\x00\x00\x00\x00\x00\x00\x00\x00\x00\x00\x00\x00\x00\x00\x00\x00\x00\x00\x00\x00\x00\x00\x00\x00\x00\x00\x00\x00\x00\x00\x00\x00\x00\x00\x00\x00\x00\x00\x00\x00\x00\x00\x00\x00\x00\x00\x00\x00\x00\x00\x00\x00\x00\x00\x00\x00\x00\x00\x00\x00\x00\x00\x00\x00\x00\x00\x00\x00\x00\x00\x00\x00\x00\x00\x00\x00\x00\x00\x00\x00\x00\x00\x00\x00\x00\x00\x00\x00\x00\x00\x00\x00\x00\x00\x00\x00\x00\x00\x00\x00\x00\x00\x00\x00\x00\x00\x00\x00\x00\x00\x00\x00\x00\x00\x00\x00\x00\x00\x00\x00\x00\x00\x00\x00\x00\x00\x00\x00\x00\x00\x00\x00\x00\x00\x00\x00\x00\x00\x00\x00\x00\x00\x00\x00\x00\x00\x00\x00\x00\x00\x00\x00\x00\x00\x00\x00\x00\x00\x00\x00\x00\x00\x00\x00\x00\x00\x00\x00\x00\x00\x00\x00\x00\x00\x00\x00\x00\x00\x00\x00\x00\x00\x00\x00\x00',)
2026-09-23 22:35:13,484 LT1-thread root DEBUG gap.py                    1191  gap_read_controller_info  : IUT address 'd01769ee7819' 'public'
2026-09-23 22:35:13,484 LT1-thread root DEBUG gap.py                    596   __gap_current_settings_update : 531
2026-09-23 22:35:13,484 LT1-thread root DEBUG testcase.py               254   start                     : Starting test function: class=<class 'autopts.ptsprojects.testcase.TestFunc'>, func=<function test_cases.<locals>.<lambda> at 0x000001E0BD7C6DE0> start_wid=None stop_wid=None post_wid=None skip_call=None call_count=33 args=() kwds={}
2026-09-23 22:35:13,484 LT1-thread root DEBUG testcase.py               266   start                     : Test function parameters: args=(), kwds={}
2026-09-23 22:35:13,488 LT1-thread root DEBUG testcase.py               254   start                     : Starting test function: class=<class 'autopts.ptsprojects.testcase.TestFunc'>, func=<function test_cases.<locals>.<lambda> at 0x000001E0BD7C5120> start_wid=None stop_wid=None post_wid=None skip_call=None call_count=33 args=() kwds={}
2026-09-23 22:35:13,488 LT1-thread root DEBUG testcase.py               266   start                     : Test function parameters: args=(), kwds={}
2026-09-23 22:35:13,491 LT1-thread root DEBUG testcase.py               254   start                     : Starting test function: class=<class 'autopts.ptsprojects.testcase.TestFunc'>, func=<function test_cases.<locals>.<lambda> at 0x000001E0BD7C6E80> start_wid=None stop_wid=None post_wid=None skip_call=None call_count=33 args=() kwds={}
2026-09-23 22:35:13,491 LT1-thread root DEBUG testcase.py               266   start                     : Test function parameters: args=(), kwds={}
2026-09-23 22:35:13,494 LT1-thread root DEBUG testcase.py               254   start                     : Starting test function: class=<class 'autopts.ptsprojects.testcase.TestFunc'>, func=<function test_cases.<locals>.<lambda> at 0x000001E0BD7C6F20> start_wid=None stop_wid=None post_wid=None skip_call=None call_count=33 args=() kwds={}
2026-09-23 22:35:13,494 LT1-thread root DEBUG testcase.py               266   start                     : Test function parameters: args=(), kwds={}
2026-09-23 22:35:13,497 LT1-thread root DEBUG testcase.py               254   start                     : Starting test function: class=<class 'autopts.ptsprojects.testcase.TestFunc'>, func=<function test_cases.<locals>.<lambda> at 0x000001E0BD7C6FC0> start_wid=None stop_wid=None post_wid=None skip_call=None call_count=33 args=() kwds={}
2026-09-23 22:35:13,497 LT1-thread root DEBUG testcase.py               266   start                     : Test function parameters: args=(), kwds={}
2026-09-23 22:35:13,499 LT1-thread root DEBUG testcase.py               254   start                     : Starting test function: class=<class 'autopts.ptsprojects.testcase.TestFunc'>, func=<function test_cases.<locals>.<lambda> at 0x000001E0BD7C7060> start_wid=None stop_wid=None post_wid=None skip_call=None call_count=33 args=() kwds={}
2026-09-23 22:35:13,500 LT1-thread root DEBUG testcase.py               266   start                     : Test function parameters: args=(), kwds={}
2026-09-23 22:35:13,502 LT1-thread root DEBUG testcase.py               254   start                     : Starting test function: class=<class 'autopts.ptsprojects.testcase.TestFunc'>, func=<function test_cases.<locals>.<lambda> at 0x000001E0BD7C7100> start_wid=None stop_wid=None post_wid=None skip_call=None call_count=33 args=() kwds={}
2026-09-23 22:35:13,502 LT1-thread root DEBUG testcase.py               266   start                     : Test function parameters: args=(), kwds={}
2026-09-23 22:35:13,505 LT1-thread root DEBUG testcase.py               254   start                     : Starting test function: class=<class 'autopts.ptsprojects.testcase.TestFunc'>, func=<function test_cases.<locals>.<lambda> at 0x000001E0BD7C71A0> start_wid=None stop_wid=None post_wid=None skip_call=None call_count=33 args=() kwds={}
2026-09-23 22:35:13,505 LT1-thread root DEBUG testcase.py               266   start                     : Test function parameters: args=(), kwds={}
2026-09-23 22:35:13,508 LT1-thread root DEBUG testcase.py               254   start                     : Starting test function: class=<class 'autopts.ptsprojects.testcase.TestFunc'>, func=<function test_cases.<locals>.<lambda> at 0x000001E0BD7C7240> start_wid=None stop_wid=None post_wid=None skip_call=None call_count=33 args=() kwds={}
2026-09-23 22:35:13,508 LT1-thread root DEBUG testcase.py               266   start                     : Test function parameters: args=(), kwds={}
2026-09-23 22:35:13,510 LT1-thread root DEBUG testcase.py               254   start                     : Starting test function: class=<class 'autopts.ptsprojects.testcase.TestFunc'>, func=<function test_cases.<locals>.<lambda> at 0x000001E0BD7C72E0> start_wid=None stop_wid=None post_wid=None skip_call=None call_count=33 args=() kwds={}
2026-09-23 22:35:13,511 LT1-thread root DEBUG testcase.py               266   start                     : Test function parameters: args=(), kwds={}
2026-09-23 22:35:13,513 LT1-thread root DEBUG testcase.py               254   start                     : Starting test function: class=<class 'autopts.ptsprojects.testcase.TestFunc'>, func=<function core_reg_svc_gatt at 0x000001E0BA25E2A0> start_wid=None stop_wid=None post_wid=None skip_call=None call_count=33 args=() kwds={}
2026-09-23 22:35:13,513 LT1-thread root DEBUG testcase.py               266   start                     : Test function parameters: args=(), kwds={}
2026-09-23 22:35:13,514 LT1-thread root DEBUG btp.py                    117   core_reg_svc_univ         : core_reg_svc_univ: gatt_reg (GATT)
2026-09-23 22:35:13,514 LT1-thread root DEBUG iutctl_common.py          161   send                      : 0 3 255 '2'
2026-09-23 22:35:13,514 LT1-thread root DEBUG iutctl_common.py          166   send                      : sending frame '0003ff010002'
2026-09-23 22:35:13,514 LT1-thread root DEBUG btp.py                    654   core_reg_svc_rsp_succ     : 
2026-09-23 22:35:13,514 LT1-thread root DEBUG iutctl_common.py          339   read                      : 
2026-09-23 22:35:13,545 BTPWorkerThread-8903 (_rx_task) root DEBUG iutctl_common.py          123   read                      : Read 5 bytes
2026-09-23 22:35:13,555 BTPWorkerThread-8903 (_rx_task) root DEBUG iutctl_common.py          131   read                      : Received: hdr: Header(svc_id=0x00, op=0x03, ctrl_index=0xff, data_len=0x00) bytearray(b'\x00\x03\xff\x00\x00')
2026-09-23 22:35:13,566 BTPWorkerThread-8903 (_rx_task) root DEBUG iutctl_common.py          154   read                      : Received data: {''}, bytearray(b'')
2026-09-23 22:35:13,583 LT1-thread root DEBUG btp.py                    665   core_reg_svc_rsp_succ     : received Header(svc_id=0, op=3, ctrl_index=255, data_len=0) (b'',)
2026-09-23 22:35:13,583 LT1-thread root DEBUG btp.py                    666   core_reg_svc_rsp_succ     : expected ((0, 3, 255, 0), (b'',))
2026-09-23 22:35:13,583 LT1-thread root DEBUG btp.py                    671   core_reg_svc_rsp_succ     : response is valid
2026-09-23 22:35:13,583 LT1-thread root DEBUG btp.py                    674   core_reg_svc_rsp_succ     : Reading supported commands for service: GATT
2026-09-23 22:35:13,583 LT1-thread root DEBUG iutctl_common.py          161   send                      : 2 1 255 ''
2026-09-23 22:35:13,583 LT1-thread root DEBUG iutctl_common.py          166   send                      : sending frame '0201ff0000'
2026-09-23 22:35:13,584 LT1-thread root DEBUG iutctl_common.py          339   read                      : 
2026-09-23 22:35:13,622 BTPWorkerThread-8903 (_rx_task) root DEBUG iutctl_common.py          123   read                      : Read 5 bytes
2026-09-23 22:35:13,633 BTPWorkerThread-8903 (_rx_task) root DEBUG iutctl_common.py          131   read                      : Received: hdr: Header(svc_id=0x02, op=0x01, ctrl_index=0xff, data_len=0x05) bytearray(b'\x02\x01\xff\x05\x00')
2026-09-23 22:35:13,649 BTPWorkerThread-8903 (_rx_task) root DEBUG iutctl_common.py          139   read                      : Read 5 bytes data
2026-09-23 22:35:13,659 BTPWorkerThread-8903 (_rx_task) root DEBUG iutctl_common.py          154   read                      : Received data: {'fe fe bf fd 0f'}, bytearray(b'\xfe\xfe\xbf\xfd\x0f')
2026-09-23 22:35:13,659 LT1-thread root DEBUG testcase.py               254   start                     : Starting test function: class=<class 'autopts.ptsprojects.testcase.TestFunc'>, func=<bound method Stack.gatt_init of <autopts.ptsprojects.stack.stack.Stack object at 0x000001E0B9424A70>> start_wid=None stop_wid=None post_wid=None skip_call=None call_count=33 args=() kwds={}
2026-09-23 22:35:13,659 LT1-thread root DEBUG testcase.py               266   start                     : Test function parameters: args=(), kwds={}
2026-09-23 22:35:13,660 LT1-thread root DEBUG testcase.py               254   start                     : Starting test function: class=<class 'autopts.ptsprojects.testcase.TestFunc'>, func=<function gap_set_io_capability at 0x000001E0BA29E020> start_wid=None stop_wid=None post_wid=None skip_call=None call_count=33 args=(4,) kwds={}
2026-09-23 22:35:13,660 LT1-thread root DEBUG testcase.py               266   start                     : Test function parameters: args=(4,), kwds={}
2026-09-23 22:35:13,660 LT1-thread root DEBUG gap.py                    861   gap_set_io_capability     : 4
2026-09-23 22:35:13,660 LT1-thread root DEBUG iutctl_common.py          161   send                      : 1 16 0 '\x04'
2026-09-23 22:35:13,660 LT1-thread root DEBUG iutctl_common.py          166   send                      : sending frame '011000010004'
2026-09-23 22:35:13,660 LT1-thread root DEBUG gap.py                    1229  gap_command_rsp_succ      : 
2026-09-23 22:35:13,660 LT1-thread root DEBUG iutctl_common.py          339   read                      : 
2026-09-23 22:35:13,688 BTPWorkerThread-8903 (_rx_task) root DEBUG iutctl_common.py          123   read                      : Read 5 bytes
2026-09-23 22:35:13,699 BTPWorkerThread-8903 (_rx_task) root DEBUG iutctl_common.py          131   read                      : Received: hdr: Header(svc_id=0x01, op=0x10, ctrl_index=0x00, data_len=0x00) bytearray(b'\x01\x10\x00\x00\x00')
2026-09-23 22:35:13,704 BTPWorkerThread-8903 (_rx_task) root DEBUG iutctl_common.py          154   read                      : Received data: {''}, bytearray(b'')
2026-09-23 22:35:13,716 LT1-thread root DEBUG gap.py                    1234  gap_command_rsp_succ      : received Header(svc_id=1, op=16, ctrl_index=0, data_len=0) (b'',)
2026-09-23 22:35:13,716 LT1-thread root DEBUG testcase.py               254   start                     : Starting test function: class=<class 'autopts.ptsprojects.testcase.TestFunc'>, func=<function gap_set_broadcast_code at 0x000001E0BA2A4220> start_wid=None stop_wid=None post_wid=None skip_call=None call_count=33 args=('0102680553F1415AA265BBAFC6EA03B8',) kwds={}
2026-09-23 22:35:13,716 LT1-thread root DEBUG testcase.py               266   start                     : Test function parameters: args=('0102680553F1415AA265BBAFC6EA03B8',), kwds={}
2026-09-23 22:35:13,716 LT1-thread root DEBUG gap.py                    1891  gap_set_broadcast_code    : '0102680553F1415AA265BBAFC6EA03B8'
2026-09-23 22:35:13,716 LT1-thread root DEBUG testcase.py               254   start                     : Starting test function: class=<class 'autopts.ptsprojects.testcase.TestFunc'>, func=<function set_pts_addr at 0x000001E0BA25DD00> start_wid=None stop_wid=None post_wid=None skip_call=None call_count=33 args=('00:1B:DC:08:E4:4E', 0) kwds={}
2026-09-23 22:35:13,716 LT1-thread root DEBUG testcase.py               266   start                     : Test function parameters: args=('00:1B:DC:08:E4:4E', 0), kwds={}
2026-09-23 22:35:13,717 LT1-thread root DEBUG testcase.py               254   start                     : Starting test function: class=<class 'autopts.ptsprojects.testcase.TestFunc'>, func=<function test_cases.<locals>.<lambda> at 0x000001E0BD7C7380> start_wid=None stop_wid=None post_wid=None skip_call=None call_count=2 args=() kwds={}
2026-09-23 22:35:13,717 LT1-thread root DEBUG testcase.py               266   start                     : Test function parameters: args=(), kwds={}
2026-09-23 22:35:13,720 LT1-thread root DEBUG testcase.py               254   start                     : Starting test function: class=<class 'autopts.ptsprojects.testcase.TestFunc'>, func=<function test_cases.<locals>.<lambda> at 0x000001E0BD7C7420> start_wid=None stop_wid=None post_wid=None skip_call=None call_count=2 args=() kwds={}
2026-09-23 22:35:13,720 LT1-thread root DEBUG testcase.py               266   start                     : Test function parameters: args=(), kwds={}
2026-09-23 22:35:13,724 LT1-thread root DEBUG testcase.py               254   start                     : Starting test function: class=<class 'autopts.ptsprojects.testcase.TestFunc'>, func=<function test_cases.<locals>.<lambda> at 0x000001E0BD7C74C0> start_wid=None stop_wid=None post_wid=None skip_call=None call_count=2 args=() kwds={}
2026-09-23 22:35:13,724 LT1-thread root DEBUG testcase.py               266   start                     : Test function parameters: args=(), kwds={}
2026-09-23 22:35:13,730 LT1-thread root DEBUG testcase.py               254   start                     : Starting test function: class=<class 'autopts.ptsprojects.testcase.TestFunc'>, func=<function test_cases.<locals>.<lambda> at 0x000001E0BD7C7560> start_wid=None stop_wid=None post_wid=None skip_call=None call_count=2 args=() kwds={}
2026-09-23 22:35:13,730 LT1-thread root DEBUG testcase.py               266   start                     : Test function parameters: args=(), kwds={}
2026-09-23 22:35:13,733 LT1-thread root DEBUG testcase.py               254   start                     : Starting test function: class=<class 'autopts.ptsprojects.testcase.TestFunc'>, func=<function test_cases.<locals>.<lambda> at 0x000001E0BD7C7600> start_wid=None stop_wid=None post_wid=None skip_call=None call_count=2 args=() kwds={}
2026-09-23 22:35:13,733 LT1-thread root DEBUG testcase.py               266   start                     : Test function parameters: args=(), kwds={}
2026-09-23 22:35:13,736 LT1-thread root DEBUG testcase.py               254   start                     : Starting test function: class=<class 'autopts.ptsprojects.testcase.TestFunc'>, func=<function test_cases.<locals>.<lambda> at 0x000001E0BD7C76A0> start_wid=None stop_wid=None post_wid=None skip_call=None call_count=2 args=() kwds={}
2026-09-23 22:35:13,736 LT1-thread root DEBUG testcase.py               266   start                     : Test function parameters: args=(), kwds={}
2026-09-23 22:35:13,739 LT1-thread root DEBUG testcase.py               254   start                     : Starting test function: class=<class 'autopts.ptsprojects.testcase.TestFunc'>, func=<function test_cases.<locals>.<lambda> at 0x000001E0BD7C7740> start_wid=None stop_wid=None post_wid=None skip_call=None call_count=2 args=() kwds={}
2026-09-23 22:35:13,739 LT1-thread root DEBUG testcase.py               266   start                     : Test function parameters: args=(), kwds={}
2026-09-23 22:35:13,742 LT1-thread root DEBUG testcase.py               254   start                     : Starting test function: class=<class 'autopts.ptsprojects.testcase.TestFunc'>, func=<function gap_set_io_capability at 0x000001E0BA29E020> start_wid=None stop_wid=None post_wid=None skip_call=None call_count=2 args=(3,) kwds={}
2026-09-23 22:35:13,742 LT1-thread root DEBUG testcase.py               266   start                     : Test function parameters: args=(3,), kwds={}
2026-09-23 22:35:13,742 LT1-thread root DEBUG gap.py                    861   gap_set_io_capability     : 3
2026-09-23 22:35:13,742 LT1-thread root DEBUG iutctl_common.py          161   send                      : 1 16 0 '\x03'
2026-09-23 22:35:13,743 LT1-thread root DEBUG iutctl_common.py          166   send                      : sending frame '011000010003'
2026-09-23 22:35:13,743 LT1-thread root DEBUG gap.py                    1229  gap_command_rsp_succ      : 
2026-09-23 22:35:13,743 LT1-thread root DEBUG iutctl_common.py          339   read                      : 
2026-09-23 22:35:13,781 BTPWorkerThread-8903 (_rx_task) root DEBUG iutctl_common.py          123   read                      : Read 5 bytes
2026-09-23 22:35:13,792 BTPWorkerThread-8903 (_rx_task) root DEBUG iutctl_common.py          131   read                      : Received: hdr: Header(svc_id=0x01, op=0x10, ctrl_index=0x00, data_len=0x00) bytearray(b'\x01\x10\x00\x00\x00')
2026-09-23 22:35:13,797 BTPWorkerThread-8903 (_rx_task) root DEBUG iutctl_common.py          154   read                      : Received data: {''}, bytearray(b'')
2026-09-23 22:35:13,808 LT1-thread root DEBUG gap.py                    1234  gap_command_rsp_succ      : received Header(svc_id=1, op=16, ctrl_index=0, data_len=0) (b'',)
2026-09-23 22:35:13,808 LT1-thread root DEBUG testcase.py               254   start                     : Starting test function: class=<class 'autopts.ptsprojects.testcase.TestFunc'>, func=<function gap_set_extended_inquiry_response at 0x000001E0BA2A4360> start_wid=None stop_wid=None post_wid=None skip_call=None call_count=2 args=() kwds={'eir': {9: b'Tester_08E44E'}}
2026-09-23 22:35:13,808 LT1-thread root DEBUG testcase.py               266   start                     : Test function parameters: args=(), kwds={'eir': {9: b'Tester_08E44E'}}
2026-09-23 22:35:13,808 LT1-thread root DEBUG gap.py                    1929  gap_set_extended_inquiry_response : {9: b'Tester_08E44E'} False
2026-09-23 22:35:13,808 LT1-thread root DEBUG iutctl_common.py          161   send                      : 1 54 0 "bytearray(b'\\x00\\x0f\\t\\rTester_08E44E')"
2026-09-23 22:35:13,808 LT1-thread root DEBUG iutctl_common.py          166   send                      : sending frame '0136001100000f090d5465737465725f303845343445'
2026-09-23 22:35:13,809 LT1-thread root DEBUG gap.py                    1229  gap_command_rsp_succ      : 
2026-09-23 22:35:13,809 LT1-thread root DEBUG iutctl_common.py          339   read                      : 
2026-09-23 22:35:13,841 BTPWorkerThread-8903 (_rx_task) root DEBUG iutctl_common.py          123   read                      : Read 5 bytes
2026-09-23 22:35:13,852 BTPWorkerThread-8903 (_rx_task) root DEBUG iutctl_common.py          131   read                      : Received: hdr: Header(svc_id=0x01, op=0x00, ctrl_index=0x00, data_len=0x01) bytearray(b'\x01\x00\x00\x01\x00')
2026-09-23 22:35:13,858 BTPWorkerThread-8903 (_rx_task) root DEBUG iutctl_common.py          139   read                      : Read 1 bytes data
2026-09-23 22:35:13,868 BTPWorkerThread-8903 (_rx_task) root DEBUG iutctl_common.py          154   read                      : Received data: {'02'}, bytearray(b'\x02')
2026-09-23 22:35:13,884 LT1-thread root DEBUG gap.py                    1234  gap_command_rsp_succ      : received Header(svc_id=1, op=0, ctrl_index=0, data_len=1) (b'\x02',)
2026-09-23 22:35:13,884 LT1-thread root ERROR client.py                 1197  _run_test_case            : Error opcode in response!
Traceback (most recent call last):
  File "C:\Dpc\auto-pts_us\autopts\client.py", line 1115, in _run_test_case
    test_case.pre_run()
  File "C:\Dpc\auto-pts_us\autopts\ptsprojects\testcase.py", line 759, in pre_run
    cmd.start()
  File "C:\Dpc\auto-pts_us\autopts\ptsprojects\testcase.py", line 268, in start
    self.func(*args, **self.kwds)
  File "C:\Dpc\auto-pts_us\autopts\pybtp\btp\gap.py", line 1963, in gap_set_extended_inquiry_response
    gap_command_rsp_succ()
  File "C:\Dpc\auto-pts_us\autopts\pybtp\btp\gap.py", line 1236, in gap_command_rsp_succ
    btp_hdr_check(tuple_hdr, defs.BTP_SERVICE_ID_GAP, op)
  File "C:\Dpc\auto-pts_us\autopts\pybtp\btp\btp.py", line 360, in btp_hdr_check
    raise BTPError("Error opcode in response!")
autopts.pybtp.types.BTPError: Error opcode in response!
2026-09-23 22:35:13,885 LT1-thread root DEBUG client.py                 1003  get_error_code            : get_error_code returning error code 'BTP ERROR' for exception BTPError('Error opcode in response!')
2026-09-23 22:35:13,885 LT1-thread root DEBUG testcase.py               766   post_run                  : post_run GAP GAP/IDLE/DNDIS/BV-01-C BTP ERROR
2026-09-23 22:35:13,886 LT1-thread root DEBUG testcase.py               254   start                     : Starting test function: class=<class 'autopts.ptsprojects.testcase.TestFuncCleanUp'>, func=<bound method ZTestCase._test_case_cleanup of <autopts.ptsprojects.zephyr.ztestcase.ZTestCase object at 0x000001E0BD825E20>> start_wid=None stop_wid=None post_wid=None skip_call=None call_count=2 args=() kwds={}
2026-09-23 22:35:13,886 LT1-thread root DEBUG testcase.py               266   start                     : Test function parameters: args=(), kwds={}
2026-09-23 22:35:13,886 MainThread root DEBUG client.py                 1313  run_test_case             : Interrupting GAP GAP/IDLE/DNDIS/BV-01-C test case of thread LT1-thread
2026-09-23 22:35:13,886 LT1-thread root DEBUG iutctl.py                 415   stop                      : <class 'autopts.ptsprojects.zephyr.iutctl.create_zephyr_ctl_class.<locals>.ZephyrCtl'>.stop
2026-09-23 22:35:13,886 LT1-thread root DEBUG __init__.py               51    reset                     : About to reset DUT: JLink -CommandFile reset.jlink -usb 1063214216 -device MIMXRT1176XXXA_M7
2026-09-23 22:35:14,263 BTPWorkerThread-8903 (_rx_task) root DEBUG iutctl_common.py          123   read                      : Read 5 bytes
2026-09-23 22:35:14,263 BTPWorkerThread-8903 (_rx_task) root DEBUG iutctl_common.py          131   read                      : Received: hdr: Header(svc_id=0x00, op=0x80, ctrl_index=0xff, data_len=0x00) bytearray(b'\x00\x80\xff\x00\x00')
2026-09-23 22:35:14,264 BTPWorkerThread-8903 (_rx_task) root DEBUG iutctl_common.py          154   read                      : Received data: {''}, bytearray(b'')
2026-09-23 22:35:14,264 BTPWorkerThread-8903 (_rx_task) root DEBUG btp.py                    736   event_handler             : Header(svc_id=0, op=128, ctrl_index=255, data_len=0) (b'',)
2026-09-23 22:35:14,264 BTPWorkerThread-8903 (_rx_task) root DEBUG core.py                   23    core_iut_ready_ev         : 
2026-09-23 22:35:14,337 LT1-thread root DEBUG iutctl.py                 436   _stop_tty_mode            : IUT ready event received OK
2026-09-23 22:35:14,337 LT1-thread root DEBUG iutctl_common.py          416   close                     : Waiting for _rx_worker to finish ...
2026-09-23 22:35:15,264 BTPWorkerThread-8903 (_rx_task) root DEBUG iutctl_common.py          332   _rx_task                  : BTPWorkerThread-8903 (_rx_task) finishing...
2026-09-23 22:35:18,271 LT1-thread root DEBUG testcase.py               794   post_run                  : post_run, cleanup running post test case script
2026-09-23 22:35:18,271 LT1-thread root DEBUG testcase.py               802   post_run                  : post_run, run post test case script
2026-09-23 22:35:18,359 LT1-thread root DEBUG client.py                 1220  _run_test_case            : Done TestCase _run_test_case GAP GAP/IDLE/DNDIS/BV-01-C
