2026-10-09 14:10:47,577 LT1-thread root DEBUG client.py                 1099  _run_test_case            : Starting TestCase _run_test_case GAP GAP/GAT/BV-18-C
2026-10-09 14:10:47,577 LT1-thread root DEBUG testcase.py               727   pre_run                   : pre_run GAP GAP/GAT/BV-18-C
2026-10-09 14:10:47,577 LT1-thread root DEBUG testcase.py               729   pre_run                   : About to run test case GAP GAP/GAT/BV-18-C with commands:
2026-10-09 14:10:47,577 LT1-thread root DEBUG testcase.py               731   pre_run                   : 0) class=<class 'autopts.ptsprojects.testcase.TestFunc'>, func=<bound method ZTestCase._test_case_start of <autopts.ptsprojects.zephyr.ztestcase.ZTestCase object at 0x000002C689100680>> start_wid=None stop_wid=None post_wid=None skip_call=None call_count=0 args=() kwds={}
2026-10-09 14:10:47,578 LT1-thread root DEBUG testcase.py               731   pre_run                   : 1) class=<class 'autopts.ptsprojects.testcase.TestFunc'>, func=<function core_reg_svc_gap at 0x000002C684E2E160> start_wid=None stop_wid=None post_wid=None skip_call=None call_count=26 args=() kwds={}
2026-10-09 14:10:47,578 LT1-thread root DEBUG testcase.py               731   pre_run                   : 2) class=<class 'autopts.ptsprojects.testcase.TestFunc'>, func=<bound method Stack.gap_init of <autopts.ptsprojects.stack.stack.Stack object at 0x000002C6862F6F00>> start_wid=None stop_wid=None post_wid=None skip_call=None call_count=26 args=(b'Tester_08E44E', 'ABCD', '1111', '1111', '11', '1111', b'\x17github.com/auto-pts', (8, 'PADV_Tester'), 'FF') kwds={}
2026-10-09 14:10:47,578 LT1-thread root DEBUG testcase.py               731   pre_run                   : 3) class=<class 'autopts.ptsprojects.testcase.TestFunc'>, func=<function gap_read_controller_info at 0x000002C684E6EB60> start_wid=None stop_wid=None post_wid=None skip_call=None call_count=26 args=() kwds={}
2026-10-09 14:10:47,578 LT1-thread root DEBUG testcase.py               731   pre_run                   : 4) class=<class 'autopts.ptsprojects.testcase.TestFunc'>, func=<function test_cases.<locals>.<lambda> at 0x000002C687C10900> start_wid=None stop_wid=None post_wid=None skip_call=None call_count=26 args=() kwds={}
2026-10-09 14:10:47,578 LT1-thread root DEBUG testcase.py               731   pre_run                   : 5) class=<class 'autopts.ptsprojects.testcase.TestFunc'>, func=<function test_cases.<locals>.<lambda> at 0x000002C68A22B380> start_wid=None stop_wid=None post_wid=None skip_call=None call_count=26 args=() kwds={}
2026-10-09 14:10:47,578 LT1-thread root DEBUG testcase.py               731   pre_run                   : 6) class=<class 'autopts.ptsprojects.testcase.TestFunc'>, func=<function test_cases.<locals>.<lambda> at 0x000002C687D4D6C0> start_wid=None stop_wid=None post_wid=None skip_call=None call_count=26 args=() kwds={}
2026-10-09 14:10:47,578 LT1-thread root DEBUG testcase.py               731   pre_run                   : 7) class=<class 'autopts.ptsprojects.testcase.TestFunc'>, func=<function test_cases.<locals>.<lambda> at 0x000002C687D4C5E0> start_wid=None stop_wid=None post_wid=None skip_call=None call_count=26 args=() kwds={}
2026-10-09 14:10:47,578 LT1-thread root DEBUG testcase.py               731   pre_run                   : 8) class=<class 'autopts.ptsprojects.testcase.TestFunc'>, func=<function test_cases.<locals>.<lambda> at 0x000002C687D4F240> start_wid=None stop_wid=None post_wid=None skip_call=None call_count=26 args=() kwds={}
2026-10-09 14:10:47,578 LT1-thread root DEBUG testcase.py               731   pre_run                   : 9) class=<class 'autopts.ptsprojects.testcase.TestFunc'>, func=<function test_cases.<locals>.<lambda> at 0x000002C687D4DF80> start_wid=None stop_wid=None post_wid=None skip_call=None call_count=26 args=() kwds={}
2026-10-09 14:10:47,578 LT1-thread root DEBUG testcase.py               731   pre_run                   : 10) class=<class 'autopts.ptsprojects.testcase.TestFunc'>, func=<function test_cases.<locals>.<lambda> at 0x000002C687D4D300> start_wid=None stop_wid=None post_wid=None skip_call=None call_count=26 args=() kwds={}
2026-10-09 14:10:47,578 LT1-thread root DEBUG testcase.py               731   pre_run                   : 11) class=<class 'autopts.ptsprojects.testcase.TestFunc'>, func=<function test_cases.<locals>.<lambda> at 0x000002C687D4DDA0> start_wid=None stop_wid=None post_wid=None skip_call=None call_count=26 args=() kwds={}
2026-10-09 14:10:47,578 LT1-thread root DEBUG testcase.py               731   pre_run                   : 12) class=<class 'autopts.ptsprojects.testcase.TestFunc'>, func=<function test_cases.<locals>.<lambda> at 0x000002C687D4E200> start_wid=None stop_wid=None post_wid=None skip_call=None call_count=26 args=() kwds={}
2026-10-09 14:10:47,579 LT1-thread root DEBUG testcase.py               731   pre_run                   : 13) class=<class 'autopts.ptsprojects.testcase.TestFunc'>, func=<function test_cases.<locals>.<lambda> at 0x000002C687D4E7A0> start_wid=None stop_wid=None post_wid=None skip_call=None call_count=26 args=() kwds={}
2026-10-09 14:10:47,579 LT1-thread root DEBUG testcase.py               731   pre_run                   : 14) class=<class 'autopts.ptsprojects.testcase.TestFunc'>, func=<function core_reg_svc_gatt at 0x000002C684E2E2A0> start_wid=None stop_wid=None post_wid=None skip_call=None call_count=26 args=() kwds={}
2026-10-09 14:10:47,579 LT1-thread root DEBUG testcase.py               731   pre_run                   : 15) class=<class 'autopts.ptsprojects.testcase.TestFunc'>, func=<bound method Stack.gatt_init of <autopts.ptsprojects.stack.stack.Stack object at 0x000002C6862F6F00>> start_wid=None stop_wid=None post_wid=None skip_call=None call_count=26 args=() kwds={}
2026-10-09 14:10:47,579 LT1-thread root DEBUG testcase.py               731   pre_run                   : 16) class=<class 'autopts.ptsprojects.testcase.TestFunc'>, func=<function gap_set_io_capability at 0x000002C684E6E020> start_wid=None stop_wid=None post_wid=None skip_call=None call_count=26 args=(4,) kwds={}
2026-10-09 14:10:47,579 LT1-thread root DEBUG testcase.py               731   pre_run                   : 17) class=<class 'autopts.ptsprojects.testcase.TestFunc'>, func=<function gap_set_broadcast_code at 0x000002C684E74220> start_wid=None stop_wid=None post_wid=None skip_call=None call_count=26 args=('0102680553F1415AA265BBAFC6EA03B8',) kwds={}
2026-10-09 14:10:47,579 LT1-thread root DEBUG testcase.py               731   pre_run                   : 18) class=<class 'autopts.ptsprojects.testcase.TestFunc'>, func=<function set_pts_addr at 0x000002C684E2DD00> start_wid=None stop_wid=None post_wid=None skip_call=None call_count=26 args=('00:1B:DC:08:E4:4E', 0) kwds={}
2026-10-09 14:10:47,579 LT1-thread root DEBUG testcase.py               731   pre_run                   : 19) class=<class 'autopts.ptsprojects.testcase.TestFunc'>, func=<function gatts_add_svc at 0x000002C684E85940> start_wid=None stop_wid=None post_wid=None skip_call=None call_count=245 args=(0, 'AA51') kwds={}
2026-10-09 14:10:47,579 LT1-thread root DEBUG testcase.py               731   pre_run                   : 20) class=<class 'autopts.ptsprojects.testcase.TestFunc'>, func=<function gatts_add_char at 0x000002C684E85A80> start_wid=None stop_wid=None post_wid=None skip_call=None call_count=245 args=(0, 2, 17, 'AA52') kwds={}
2026-10-09 14:10:47,579 LT1-thread root DEBUG testcase.py               731   pre_run                   : 21) class=<class 'autopts.ptsprojects.testcase.TestFunc'>, func=<function gatts_set_val at 0x000002C684E85B20> start_wid=None stop_wid=None post_wid=None skip_call=None call_count=245 args=(0, '01') kwds={}
2026-10-09 14:10:47,579 LT1-thread root DEBUG testcase.py               731   pre_run                   : 22) class=<class 'autopts.ptsprojects.testcase.TestFunc'>, func=<function gatts_add_char at 0x000002C684E85A80> start_wid=None stop_wid=None post_wid=None skip_call=None call_count=245 args=(0, 2, 5, 'AA53') kwds={}
2026-10-09 14:10:47,579 LT1-thread root DEBUG testcase.py               731   pre_run                   : 23) class=<class 'autopts.ptsprojects.testcase.TestFunc'>, func=<function gatts_set_val at 0x000002C684E85B20> start_wid=None stop_wid=None post_wid=None skip_call=None call_count=245 args=(0, '02') kwds={}
2026-10-09 14:10:47,580 LT1-thread root DEBUG testcase.py               731   pre_run                   : 24) class=<class 'autopts.ptsprojects.testcase.TestFunc'>, func=<function gatts_add_char at 0x000002C684E85A80> start_wid=None stop_wid=None post_wid=None skip_call=None call_count=245 args=(0, 10, 48, 'AA55') kwds={}
2026-10-09 14:10:47,580 LT1-thread root DEBUG testcase.py               731   pre_run                   : 25) class=<class 'autopts.ptsprojects.testcase.TestFunc'>, func=<function gatts_set_val at 0x000002C684E85B20> start_wid=None stop_wid=None post_wid=None skip_call=None call_count=245 args=(0, '04') kwds={}
2026-10-09 14:10:47,580 LT1-thread root DEBUG testcase.py               731   pre_run                   : 26) class=<class 'autopts.ptsprojects.testcase.TestFunc'>, func=<function gatts_start_server at 0x000002C684E85DA0> start_wid=None stop_wid=None post_wid=None skip_call=None call_count=245 args=() kwds={}
2026-10-09 14:10:47,580 LT1-thread root DEBUG testcase.py               731   pre_run                   : 27) class=<class 'autopts.ptsprojects.testcase.TestFuncCleanUp'>, func=<bound method ZTestCase._test_case_cleanup of <autopts.ptsprojects.zephyr.ztestcase.ZTestCase object at 0x000002C689100680>> start_wid=None stop_wid=None post_wid=None skip_call=None call_count=0 args=() kwds={}
2026-10-09 14:10:47,580 LT1-thread root DEBUG testcase.py               738   pre_run                   : pre_run, run pre test case script
2026-10-09 14:10:47,587 LT1-thread root DEBUG testcase.py               254   start                     : Starting test function: class=<class 'autopts.ptsprojects.testcase.TestFunc'>, func=<bound method ZTestCase._test_case_start of <autopts.ptsprojects.zephyr.ztestcase.ZTestCase object at 0x000002C689100680>> start_wid=None stop_wid=None post_wid=None skip_call=None call_count=1 args=() kwds={}
2026-10-09 14:10:47,587 LT1-thread root DEBUG testcase.py               266   start                     : Test function parameters: args=(), kwds={}
2026-10-09 14:10:47,588 LT1-thread root DEBUG iutctl.py                 172   start                     : <class 'autopts.ptsprojects.zephyr.iutctl.create_zephyr_ctl_class.<locals>.ZephyrCtl'>.start
2026-10-09 14:10:47,588 LT1-thread root DEBUG iutctl.py                 325   flush_serial              : <class 'autopts.ptsprojects.zephyr.iutctl.create_zephyr_ctl_class.<locals>.ZephyrCtl'>.flush_serial
2026-10-09 14:10:48,779 LT1-thread root DEBUG iutctl.py                 249   _start_tty_mode           : Starting socat process: socat.exe -x -v tcp:10.17.12.9:49759,retry=100,interval=1 /dev/ttyS2,raw,b115200,
2026-10-09 14:10:48,787 LT1-thread root DEBUG iutctl_common.py          402   accept                    : 
2026-10-09 14:10:48,861 BTPWorkerThread-45137 (_rx_task) root DEBUG iutctl_common.py          299   _rx_task                  : BTPWorkerThread-45137 (_rx_task) started
2026-10-09 14:10:48,862 LT1-thread root DEBUG iutctl.py                 395   wait_iut_ready_event      : IUT ready event received OK
2026-10-09 14:10:48,862 LT1-thread root DEBUG btp.py                    51    read_supp_svcs            : 
2026-10-09 14:10:48,862 LT1-thread root DEBUG iutctl_common.py          161   send                      : 0 2 255 ''
2026-10-09 14:10:48,862 LT1-thread root DEBUG iutctl_common.py          166   send                      : sending frame '0002ff0000'
2026-10-09 14:10:48,863 LT1-thread root DEBUG iutctl_common.py          339   read                      : 
2026-10-09 14:10:48,880 BTPWorkerThread-45137 (_rx_task) root DEBUG iutctl_common.py          123   read                      : Read 3 bytes
2026-10-09 14:10:48,880 BTPWorkerThread-45137 (_rx_task) root DEBUG iutctl_common.py          123   read                      : Read 2 bytes
2026-10-09 14:10:48,885 BTPWorkerThread-45137 (_rx_task) root DEBUG iutctl_common.py          131   read                      : Received: hdr: Header(svc_id=0x00, op=0x02, ctrl_index=0xff, data_len=0x06) bytearray(b'\x00\x02\xff\x06\x00')
2026-10-09 14:10:48,890 BTPWorkerThread-45137 (_rx_task) root DEBUG iutctl_common.py          139   read                      : Read 6 bytes data
2026-10-09 14:10:48,900 BTPWorkerThread-45137 (_rx_task) root DEBUG iutctl_common.py          154   read                      : Received data: {'0f 00 00 a0 ff 03'}, bytearray(b'\x0f\x00\x00\xa0\xff\x03')
2026-10-09 14:10:48,912 LT1-thread root DEBUG btp.py                    62    read_supp_svcs            : received Header(svc_id=0, op=2, ctrl_index=255, data_len=6) (b'\x0f\x00\x00\xa0\xff\x03',)
2026-10-09 14:10:48,912 LT1-thread root DEBUG testcase.py               254   start                     : Starting test function: class=<class 'autopts.ptsprojects.testcase.TestFunc'>, func=<function core_reg_svc_gap at 0x000002C684E2E160> start_wid=None stop_wid=None post_wid=None skip_call=None call_count=27 args=() kwds={}
2026-10-09 14:10:48,912 LT1-thread root DEBUG testcase.py               266   start                     : Test function parameters: args=(), kwds={}
2026-10-09 14:10:48,912 LT1-thread root DEBUG btp.py                    117   core_reg_svc_univ         : core_reg_svc_univ: gap_reg (GAP)
2026-10-09 14:10:48,914 LT1-thread root DEBUG iutctl_common.py          161   send                      : 0 3 255 '1'
2026-10-09 14:10:48,914 LT1-thread root DEBUG iutctl_common.py          166   send                      : sending frame '0003ff010001'
2026-10-09 14:10:48,914 LT1-thread root DEBUG btp.py                    654   core_reg_svc_rsp_succ     : 
2026-10-09 14:10:48,914 LT1-thread root DEBUG iutctl_common.py          339   read                      : 
2026-10-09 14:10:53,023 BTPWorkerThread-45137 (_rx_task) root DEBUG iutctl_common.py          123   read                      : Read 5 bytes
2026-10-09 14:10:53,028 BTPWorkerThread-45137 (_rx_task) root DEBUG iutctl_common.py          131   read                      : Received: hdr: Header(svc_id=0x00, op=0x03, ctrl_index=0xff, data_len=0x00) bytearray(b'\x00\x03\xff\x00\x00')
2026-10-09 14:10:53,040 BTPWorkerThread-45137 (_rx_task) root DEBUG iutctl_common.py          154   read                      : Received data: {''}, bytearray(b'')
2026-10-09 14:10:53,045 LT1-thread root DEBUG btp.py                    665   core_reg_svc_rsp_succ     : received Header(svc_id=0, op=3, ctrl_index=255, data_len=0) (b'',)
2026-10-09 14:10:53,045 LT1-thread root DEBUG btp.py                    666   core_reg_svc_rsp_succ     : expected ((0, 3, 255, 0), (b'',))
2026-10-09 14:10:53,045 LT1-thread root DEBUG btp.py                    671   core_reg_svc_rsp_succ     : response is valid
2026-10-09 14:10:53,045 LT1-thread root DEBUG btp.py                    674   core_reg_svc_rsp_succ     : Reading supported commands for service: GAP
2026-10-09 14:10:53,045 LT1-thread root DEBUG iutctl_common.py          161   send                      : 1 1 255 ''
2026-10-09 14:10:53,045 LT1-thread root DEBUG iutctl_common.py          166   send                      : sending frame '0101ff0000'
2026-10-09 14:10:53,045 LT1-thread root DEBUG iutctl_common.py          339   read                      : 
2026-10-09 14:10:53,074 BTPWorkerThread-45137 (_rx_task) root DEBUG iutctl_common.py          123   read                      : Read 5 bytes
2026-10-09 14:10:53,105 BTPWorkerThread-45137 (_rx_task) root DEBUG iutctl_common.py          131   read                      : Received: hdr: Header(svc_id=0x01, op=0x01, ctrl_index=0xff, data_len=0x07) bytearray(b'\x01\x01\xff\x07\x00')
2026-10-09 14:10:53,111 BTPWorkerThread-45137 (_rx_task) root DEBUG iutctl_common.py          139   read                      : Read 7 bytes data
2026-10-09 14:10:53,111 BTPWorkerThread-45137 (_rx_task) root DEBUG iutctl_common.py          154   read                      : Received data: {'6e ff 7f 1f fe ff 2e'}, bytearray(b'n\xff\x7f\x1f\xfe\xff.')
2026-10-09 14:10:53,117 LT1-thread root DEBUG testcase.py               254   start                     : Starting test function: class=<class 'autopts.ptsprojects.testcase.TestFunc'>, func=<bound method Stack.gap_init of <autopts.ptsprojects.stack.stack.Stack object at 0x000002C6862F6F00>> start_wid=None stop_wid=None post_wid=None skip_call=None call_count=27 args=(b'Tester_08E44E', 'ABCD', '1111', '1111', '11', '1111', b'\x17github.com/auto-pts', (8, 'PADV_Tester'), 'FF') kwds={}
2026-10-09 14:10:53,117 LT1-thread root DEBUG testcase.py               266   start                     : Test function parameters: args=(b'Tester_08E44E', 'ABCD', '1111', '1111', '11', '1111', b'\x17github.com/auto-pts', (8, 'PADV_Tester'), 'FF'), kwds={}
2026-10-09 14:10:53,117 LT1-thread root DEBUG testcase.py               254   start                     : Starting test function: class=<class 'autopts.ptsprojects.testcase.TestFunc'>, func=<function gap_read_controller_info at 0x000002C684E6EB60> start_wid=None stop_wid=None post_wid=None skip_call=None call_count=27 args=() kwds={}
2026-10-09 14:10:53,117 LT1-thread root DEBUG testcase.py               266   start                     : Test function parameters: args=(), kwds={}
2026-10-09 14:10:53,117 LT1-thread root DEBUG gap.py                    1163  gap_read_controller_info  : 
2026-10-09 14:10:53,117 LT1-thread root DEBUG iutctl_common.py          161   send                      : 1 3 0 ''
2026-10-09 14:10:53,117 LT1-thread root DEBUG iutctl_common.py          166   send                      : sending frame '0103000000'
2026-10-09 14:10:53,117 LT1-thread root DEBUG iutctl_common.py          339   read                      : 
2026-10-09 14:10:53,152 BTPWorkerThread-45137 (_rx_task) root DEBUG iutctl_common.py          123   read                      : Read 5 bytes
2026-10-09 14:10:53,158 BTPWorkerThread-45137 (_rx_task) root DEBUG iutctl_common.py          131   read                      : Received: hdr: Header(svc_id=0x01, op=0x03, ctrl_index=0x00, data_len=0x115) bytearray(b'\x01\x03\x00\x15\x01')
2026-10-09 14:10:53,180 BTPWorkerThread-45137 (_rx_task) root DEBUG iutctl_common.py          139   read                      : Read 277 bytes data
2026-10-09 14:10:53,190 BTPWorkerThread-45137 (_rx_task) root DEBUG iutctl_common.py          154   read                      : Received data: {'ca fa fc ae 8d 48 d3 06 02 00 13 22 00 00 00 00 00 62 74 70 5f 74 65 73 74 65 72 00 00 00 00 00 00 00 00 00 00 00 00 00 00 00 00 00 00 00 00 00 00 00 00 00 00 00 00 00 00 00 00 00 00 00 00 00 00 00 00 00 00 00 00 00 00 00 00 00 00 00 00 00 00 00 00 00 00 00 00 00 00 00 00 00 00 00 00 00 00 00 00 00 00 00 00 00 00 00 00 00 00 00 00 00 00 00 00 00 00 00 00 00 00 00 00 00 00 00 00 00 00 00 00 00 00 00 00 00 00 00 00 00 00 00 00 00 00 00 00 00 00 00 00 00 00 00 00 00 00 00 00 00 00 00 00 00 00 00 00 00 00 00 00 00 00 00 00 00 00 00 00 00 00 00 00 00 00 00 00 00 00 00 00 00 00 00 00 00 00 00 00 00 00 00 00 00 00 00 00 00 00 00 00 00 00 00 00 00 00 00 00 00 00 00 00 00 00 00 00 00 00 00 00 00 00 00 00 00 00 00 00 00 00 00 00 00 00 00 00 00 00 00 00 00 00 00 00 00 00 00 00 00 00 00 00 00 00 00 00 00 00 00 00 00 00 00 00 00 00'}, bytearray(b'\xca\xfa\xfc\xae\x8dH\xd3\x06\x02\x00\x13"\x00\x00\x00\x00\x00btp_tester\x00\x00\x00\x00\x00\x00\x00\x00\x00\x00\x00\x00\x00\x00\x00\x00\x00\x00\x00\x00\x00\x00\x00\x00\x00\x00\x00\x00\x00\x00\x00\x00\x00\x00\x00\x00\x00\x00\x00\x00\x00\x00\x00\x00\x00\x00\x00\x00\x00\x00\x00\x00\x00\x00\x00\x00\x00\x00\x00\x00\x00\x00\x00\x00\x00\x00\x00\x00\x00\x00\x00\x00\x00\x00\x00\x00\x00\x00\x00\x00\x00\x00\x00\x00\x00\x00\x00\x00\x00\x00\x00\x00\x00\x00\x00\x00\x00\x00\x00\x00\x00\x00\x00\x00\x00\x00\x00\x00\x00\x00\x00\x00\x00\x00\x00\x00\x00\x00\x00\x00\x00\x00\x00\x00\x00\x00\x00\x00\x00\x00\x00\x00\x00\x00\x00\x00\x00\x00\x00\x00\x00\x00\x00\x00\x00\x00\x00\x00\x00\x00\x00\x00\x00\x00\x00\x00\x00\x00\x00\x00\x00\x00\x00\x00\x00\x00\x00\x00\x00\x00\x00\x00\x00\x00\x00\x00\x00\x00\x00\x00\x00\x00\x00\x00\x00\x00\x00\x00\x00\x00\x00\x00\x00\x00\x00\x00\x00\x00\x00\x00\x00\x00\x00\x00\x00\x00\x00\x00\x00\x00\x00\x00\x00\x00\x00\x00\x00\x00\x00\x00\x00\x00\x00\x00\x00\x00\x00\x00\x00\x00\x00\x00\x00\x00\x00\x00\x00\x00\x00\x00\x00\x00\x00\x00\x00\x00\x00\x00\x00\x00')
2026-10-09 14:10:53,190 LT1-thread root DEBUG gap.py                    1170  gap_read_controller_info  : received Header(svc_id=1, op=3, ctrl_index=0, data_len=277) (b'\xca\xfa\xfc\xae\x8dH\xd3\x06\x02\x00\x13"\x00\x00\x00\x00\x00btp_tester\x00\x00\x00\x00\x00\x00\x00\x00\x00\x00\x00\x00\x00\x00\x00\x00\x00\x00\x00\x00\x00\x00\x00\x00\x00\x00\x00\x00\x00\x00\x00\x00\x00\x00\x00\x00\x00\x00\x00\x00\x00\x00\x00\x00\x00\x00\x00\x00\x00\x00\x00\x00\x00\x00\x00\x00\x00\x00\x00\x00\x00\x00\x00\x00\x00\x00\x00\x00\x00\x00\x00\x00\x00\x00\x00\x00\x00\x00\x00\x00\x00\x00\x00\x00\x00\x00\x00\x00\x00\x00\x00\x00\x00\x00\x00\x00\x00\x00\x00\x00\x00\x00\x00\x00\x00\x00\x00\x00\x00\x00\x00\x00\x00\x00\x00\x00\x00\x00\x00\x00\x00\x00\x00\x00\x00\x00\x00\x00\x00\x00\x00\x00\x00\x00\x00\x00\x00\x00\x00\x00\x00\x00\x00\x00\x00\x00\x00\x00\x00\x00\x00\x00\x00\x00\x00\x00\x00\x00\x00\x00\x00\x00\x00\x00\x00\x00\x00\x00\x00\x00\x00\x00\x00\x00\x00\x00\x00\x00\x00\x00\x00\x00\x00\x00\x00\x00\x00\x00\x00\x00\x00\x00\x00\x00\x00\x00\x00\x00\x00\x00\x00\x00\x00\x00\x00\x00\x00\x00\x00\x00\x00\x00\x00\x00\x00\x00\x00\x00\x00\x00\x00\x00\x00\x00\x00\x00\x00\x00\x00\x00\x00\x00\x00\x00\x00\x00\x00\x00\x00\x00\x00\x00\x00\x00\x00\x00\x00\x00\x00\x00',)
2026-10-09 14:10:53,191 LT1-thread root DEBUG gap.py                    1191  gap_read_controller_info  : IUT address '488daefcfaca' 'random'
2026-10-09 14:10:53,191 LT1-thread root DEBUG gap.py                    596   __gap_current_settings_update : 8723
2026-10-09 14:10:53,191 LT1-thread root DEBUG testcase.py               254   start                     : Starting test function: class=<class 'autopts.ptsprojects.testcase.TestFunc'>, func=<function test_cases.<locals>.<lambda> at 0x000002C687C10900> start_wid=None stop_wid=None post_wid=None skip_call=None call_count=27 args=() kwds={}
2026-10-09 14:10:53,191 LT1-thread root DEBUG testcase.py               266   start                     : Test function parameters: args=(), kwds={}
2026-10-09 14:10:53,199 LT1-thread root DEBUG testcase.py               254   start                     : Starting test function: class=<class 'autopts.ptsprojects.testcase.TestFunc'>, func=<function test_cases.<locals>.<lambda> at 0x000002C68A22B380> start_wid=None stop_wid=None post_wid=None skip_call=None call_count=27 args=() kwds={}
2026-10-09 14:10:53,200 LT1-thread root DEBUG testcase.py               266   start                     : Test function parameters: args=(), kwds={}
2026-10-09 14:10:53,209 LT1-thread root DEBUG testcase.py               254   start                     : Starting test function: class=<class 'autopts.ptsprojects.testcase.TestFunc'>, func=<function test_cases.<locals>.<lambda> at 0x000002C687D4D6C0> start_wid=None stop_wid=None post_wid=None skip_call=None call_count=27 args=() kwds={}
2026-10-09 14:10:53,209 LT1-thread root DEBUG testcase.py               266   start                     : Test function parameters: args=(), kwds={}
2026-10-09 14:10:53,217 LT1-thread root DEBUG testcase.py               254   start                     : Starting test function: class=<class 'autopts.ptsprojects.testcase.TestFunc'>, func=<function test_cases.<locals>.<lambda> at 0x000002C687D4C5E0> start_wid=None stop_wid=None post_wid=None skip_call=None call_count=27 args=() kwds={}
2026-10-09 14:10:53,217 LT1-thread root DEBUG testcase.py               266   start                     : Test function parameters: args=(), kwds={}
2026-10-09 14:10:53,232 LT1-thread root DEBUG testcase.py               254   start                     : Starting test function: class=<class 'autopts.ptsprojects.testcase.TestFunc'>, func=<function test_cases.<locals>.<lambda> at 0x000002C687D4F240> start_wid=None stop_wid=None post_wid=None skip_call=None call_count=27 args=() kwds={}
2026-10-09 14:10:53,232 LT1-thread root DEBUG testcase.py               266   start                     : Test function parameters: args=(), kwds={}
2026-10-09 14:10:53,240 LT1-thread root DEBUG testcase.py               254   start                     : Starting test function: class=<class 'autopts.ptsprojects.testcase.TestFunc'>, func=<function test_cases.<locals>.<lambda> at 0x000002C687D4DF80> start_wid=None stop_wid=None post_wid=None skip_call=None call_count=27 args=() kwds={}
2026-10-09 14:10:53,240 LT1-thread root DEBUG testcase.py               266   start                     : Test function parameters: args=(), kwds={}
2026-10-09 14:10:53,248 LT1-thread root DEBUG testcase.py               254   start                     : Starting test function: class=<class 'autopts.ptsprojects.testcase.TestFunc'>, func=<function test_cases.<locals>.<lambda> at 0x000002C687D4D300> start_wid=None stop_wid=None post_wid=None skip_call=None call_count=27 args=() kwds={}
2026-10-09 14:10:53,248 LT1-thread root DEBUG testcase.py               266   start                     : Test function parameters: args=(), kwds={}
2026-10-09 14:10:53,257 LT1-thread root DEBUG testcase.py               254   start                     : Starting test function: class=<class 'autopts.ptsprojects.testcase.TestFunc'>, func=<function test_cases.<locals>.<lambda> at 0x000002C687D4DDA0> start_wid=None stop_wid=None post_wid=None skip_call=None call_count=27 args=() kwds={}
2026-10-09 14:10:53,257 LT1-thread root DEBUG testcase.py               266   start                     : Test function parameters: args=(), kwds={}
2026-10-09 14:10:53,265 LT1-thread root DEBUG testcase.py               254   start                     : Starting test function: class=<class 'autopts.ptsprojects.testcase.TestFunc'>, func=<function test_cases.<locals>.<lambda> at 0x000002C687D4E200> start_wid=None stop_wid=None post_wid=None skip_call=None call_count=27 args=() kwds={}
2026-10-09 14:10:53,265 LT1-thread root DEBUG testcase.py               266   start                     : Test function parameters: args=(), kwds={}
2026-10-09 14:10:53,272 LT1-thread root DEBUG testcase.py               254   start                     : Starting test function: class=<class 'autopts.ptsprojects.testcase.TestFunc'>, func=<function test_cases.<locals>.<lambda> at 0x000002C687D4E7A0> start_wid=None stop_wid=None post_wid=None skip_call=None call_count=27 args=() kwds={}
2026-10-09 14:10:53,273 LT1-thread root DEBUG testcase.py               266   start                     : Test function parameters: args=(), kwds={}
2026-10-09 14:10:53,280 LT1-thread root DEBUG testcase.py               254   start                     : Starting test function: class=<class 'autopts.ptsprojects.testcase.TestFunc'>, func=<function core_reg_svc_gatt at 0x000002C684E2E2A0> start_wid=None stop_wid=None post_wid=None skip_call=None call_count=27 args=() kwds={}
2026-10-09 14:10:53,280 LT1-thread root DEBUG testcase.py               266   start                     : Test function parameters: args=(), kwds={}
2026-10-09 14:10:53,280 LT1-thread root DEBUG btp.py                    117   core_reg_svc_univ         : core_reg_svc_univ: gatt_reg (GATT)
2026-10-09 14:10:53,280 LT1-thread root DEBUG iutctl_common.py          161   send                      : 0 3 255 '2'
2026-10-09 14:10:53,281 LT1-thread root DEBUG iutctl_common.py          166   send                      : sending frame '0003ff010002'
2026-10-09 14:10:53,281 LT1-thread root DEBUG btp.py                    654   core_reg_svc_rsp_succ     : 
2026-10-09 14:10:53,281 LT1-thread root DEBUG iutctl_common.py          339   read                      : 
2026-10-09 14:10:53,322 BTPWorkerThread-45137 (_rx_task) root DEBUG iutctl_common.py          123   read                      : Read 5 bytes
2026-10-09 14:10:53,346 BTPWorkerThread-45137 (_rx_task) root DEBUG iutctl_common.py          131   read                      : Received: hdr: Header(svc_id=0x00, op=0x03, ctrl_index=0xff, data_len=0x00) bytearray(b'\x00\x03\xff\x00\x00')
2026-10-09 14:10:53,358 BTPWorkerThread-45137 (_rx_task) root DEBUG iutctl_common.py          154   read                      : Received data: {''}, bytearray(b'')
2026-10-09 14:10:53,389 LT1-thread root DEBUG btp.py                    665   core_reg_svc_rsp_succ     : received Header(svc_id=0, op=3, ctrl_index=255, data_len=0) (b'',)
2026-10-09 14:10:53,389 LT1-thread root DEBUG btp.py                    666   core_reg_svc_rsp_succ     : expected ((0, 3, 255, 0), (b'',))
2026-10-09 14:10:53,389 LT1-thread root DEBUG btp.py                    671   core_reg_svc_rsp_succ     : response is valid
2026-10-09 14:10:53,389 LT1-thread root DEBUG btp.py                    674   core_reg_svc_rsp_succ     : Reading supported commands for service: GATT
2026-10-09 14:10:53,389 LT1-thread root DEBUG iutctl_common.py          161   send                      : 2 1 255 ''
2026-10-09 14:10:53,390 LT1-thread root DEBUG iutctl_common.py          166   send                      : sending frame '0201ff0000'
2026-10-09 14:10:53,390 LT1-thread root DEBUG iutctl_common.py          339   read                      : 
2026-10-09 14:10:53,427 BTPWorkerThread-45137 (_rx_task) root DEBUG iutctl_common.py          123   read                      : Read 5 bytes
2026-10-09 14:10:53,438 BTPWorkerThread-45137 (_rx_task) root DEBUG iutctl_common.py          131   read                      : Received: hdr: Header(svc_id=0x02, op=0x01, ctrl_index=0xff, data_len=0x05) bytearray(b'\x02\x01\xff\x05\x00')
2026-10-09 14:10:53,438 BTPWorkerThread-45137 (_rx_task) root DEBUG iutctl_common.py          139   read                      : Read 5 bytes data
2026-10-09 14:10:53,439 BTPWorkerThread-45137 (_rx_task) root DEBUG iutctl_common.py          154   read                      : Received data: {'fe fe bf fd 0f'}, bytearray(b'\xfe\xfe\xbf\xfd\x0f')
2026-10-09 14:10:53,444 LT1-thread root DEBUG testcase.py               254   start                     : Starting test function: class=<class 'autopts.ptsprojects.testcase.TestFunc'>, func=<bound method Stack.gatt_init of <autopts.ptsprojects.stack.stack.Stack object at 0x000002C6862F6F00>> start_wid=None stop_wid=None post_wid=None skip_call=None call_count=27 args=() kwds={}
2026-10-09 14:10:53,444 LT1-thread root DEBUG testcase.py               266   start                     : Test function parameters: args=(), kwds={}
2026-10-09 14:10:53,444 LT1-thread root DEBUG testcase.py               254   start                     : Starting test function: class=<class 'autopts.ptsprojects.testcase.TestFunc'>, func=<function gap_set_io_capability at 0x000002C684E6E020> start_wid=None stop_wid=None post_wid=None skip_call=None call_count=27 args=(4,) kwds={}
2026-10-09 14:10:53,444 LT1-thread root DEBUG testcase.py               266   start                     : Test function parameters: args=(4,), kwds={}
2026-10-09 14:10:53,444 LT1-thread root DEBUG gap.py                    861   gap_set_io_capability     : 4
2026-10-09 14:10:53,444 LT1-thread root DEBUG iutctl_common.py          161   send                      : 1 16 0 '\x04'
2026-10-09 14:10:53,444 LT1-thread root DEBUG iutctl_common.py          166   send                      : sending frame '011000010004'
2026-10-09 14:10:53,445 LT1-thread root DEBUG gap.py                    1229  gap_command_rsp_succ      : 
2026-10-09 14:10:53,445 LT1-thread root DEBUG iutctl_common.py          339   read                      : 
2026-10-09 14:10:53,479 BTPWorkerThread-45137 (_rx_task) root DEBUG iutctl_common.py          123   read                      : Read 5 bytes
2026-10-09 14:10:53,484 BTPWorkerThread-45137 (_rx_task) root DEBUG iutctl_common.py          131   read                      : Received: hdr: Header(svc_id=0x01, op=0x10, ctrl_index=0x00, data_len=0x00) bytearray(b'\x01\x10\x00\x00\x00')
2026-10-09 14:10:53,511 BTPWorkerThread-45137 (_rx_task) root DEBUG iutctl_common.py          154   read                      : Received data: {''}, bytearray(b'')
2026-10-09 14:10:53,522 LT1-thread root DEBUG gap.py                    1234  gap_command_rsp_succ      : received Header(svc_id=1, op=16, ctrl_index=0, data_len=0) (b'',)
2026-10-09 14:10:53,522 LT1-thread root DEBUG testcase.py               254   start                     : Starting test function: class=<class 'autopts.ptsprojects.testcase.TestFunc'>, func=<function gap_set_broadcast_code at 0x000002C684E74220> start_wid=None stop_wid=None post_wid=None skip_call=None call_count=27 args=('0102680553F1415AA265BBAFC6EA03B8',) kwds={}
2026-10-09 14:10:53,522 LT1-thread root DEBUG testcase.py               266   start                     : Test function parameters: args=('0102680553F1415AA265BBAFC6EA03B8',), kwds={}
2026-10-09 14:10:53,522 LT1-thread root DEBUG gap.py                    1891  gap_set_broadcast_code    : '0102680553F1415AA265BBAFC6EA03B8'
2026-10-09 14:10:53,522 LT1-thread root DEBUG testcase.py               254   start                     : Starting test function: class=<class 'autopts.ptsprojects.testcase.TestFunc'>, func=<function set_pts_addr at 0x000002C684E2DD00> start_wid=None stop_wid=None post_wid=None skip_call=None call_count=27 args=('00:1B:DC:08:E4:4E', 0) kwds={}
2026-10-09 14:10:53,522 LT1-thread root DEBUG testcase.py               266   start                     : Test function parameters: args=('00:1B:DC:08:E4:4E', 0), kwds={}
2026-10-09 14:10:53,522 LT1-thread root DEBUG testcase.py               254   start                     : Starting test function: class=<class 'autopts.ptsprojects.testcase.TestFunc'>, func=<function gatts_add_svc at 0x000002C684E85940> start_wid=None stop_wid=None post_wid=None skip_call=None call_count=246 args=(0, 'AA51') kwds={}
2026-10-09 14:10:53,522 LT1-thread root DEBUG testcase.py               266   start                     : Test function parameters: args=(0, 'AA51'), kwds={}
2026-10-09 14:10:53,522 LT1-thread root DEBUG gatt.py                   143   gatts_add_svc             : 0 'AA51'
2026-10-09 14:10:53,523 LT1-thread root DEBUG iutctl_common.py          161   send                      : 2 2 0 "bytearray(b'\\x00\\x02Q\\xaa')"
2026-10-09 14:10:53,523 LT1-thread root DEBUG iutctl_common.py          166   send                      : sending frame '0202000400000251aa'
2026-10-09 14:10:53,523 LT1-thread root DEBUG gatt.py                   1190  gatt_command_rsp_succ     : 
2026-10-09 14:10:53,523 LT1-thread root DEBUG iutctl_common.py          339   read                      : 
2026-10-09 14:10:53,554 BTPWorkerThread-45137 (_rx_task) root DEBUG iutctl_common.py          123   read                      : Read 5 bytes
2026-10-09 14:10:53,571 BTPWorkerThread-45137 (_rx_task) root DEBUG iutctl_common.py          131   read                      : Received: hdr: Header(svc_id=0x02, op=0x02, ctrl_index=0x00, data_len=0x02) bytearray(b'\x02\x02\x00\x02\x00')
2026-10-09 14:10:53,617 BTPWorkerThread-45137 (_rx_task) root DEBUG iutctl_common.py          139   read                      : Read 2 bytes data
2026-10-09 14:10:53,685 BTPWorkerThread-45137 (_rx_task) root DEBUG iutctl_common.py          154   read                      : Received data: {'00 00'}, bytearray(b'\x00\x00')
2026-10-09 14:10:53,709 LT1-thread root DEBUG gatt.py                   1195  gatt_command_rsp_succ     : received Header(svc_id=2, op=2, ctrl_index=0, data_len=2) (b'\x00\x00',)
2026-10-09 14:10:53,709 LT1-thread root DEBUG testcase.py               254   start                     : Starting test function: class=<class 'autopts.ptsprojects.testcase.TestFunc'>, func=<function gatts_add_char at 0x000002C684E85A80> start_wid=None stop_wid=None post_wid=None skip_call=None call_count=246 args=(0, 2, 17, 'AA52') kwds={}
2026-10-09 14:10:53,710 LT1-thread root DEBUG testcase.py               266   start                     : Test function parameters: args=(0, 2, 17, 'AA52'), kwds={}
2026-10-09 14:10:53,710 LT1-thread root DEBUG gatt.py                   177   gatts_add_char            : 0 2 17 'AA52'
2026-10-09 14:10:53,710 LT1-thread root DEBUG iutctl_common.py          161   send                      : 2 3 0 "bytearray(b'\\x00\\x00\\x02\\x11\\x02R\\xaa')"
2026-10-09 14:10:53,710 LT1-thread root DEBUG iutctl_common.py          166   send                      : sending frame '0203000700000002110252aa'
2026-10-09 14:10:53,710 LT1-thread root DEBUG gatt.py                   1190  gatt_command_rsp_succ     : 
2026-10-09 14:10:53,710 LT1-thread root DEBUG iutctl_common.py          339   read                      : 
2026-10-09 14:10:53,746 BTPWorkerThread-45137 (_rx_task) root DEBUG iutctl_common.py          123   read                      : Read 5 bytes
2026-10-09 14:10:53,751 BTPWorkerThread-45137 (_rx_task) root DEBUG iutctl_common.py          131   read                      : Received: hdr: Header(svc_id=0x02, op=0x03, ctrl_index=0x00, data_len=0x02) bytearray(b'\x02\x03\x00\x02\x00')
2026-10-09 14:10:53,756 BTPWorkerThread-45137 (_rx_task) root DEBUG iutctl_common.py          139   read                      : Read 2 bytes data
2026-10-09 14:10:53,761 BTPWorkerThread-45137 (_rx_task) root DEBUG iutctl_common.py          154   read                      : Received data: {'00 00'}, bytearray(b'\x00\x00')
2026-10-09 14:10:53,767 LT1-thread root DEBUG gatt.py                   1195  gatt_command_rsp_succ     : received Header(svc_id=2, op=3, ctrl_index=0, data_len=2) (b'\x00\x00',)
2026-10-09 14:10:53,767 LT1-thread root DEBUG testcase.py               254   start                     : Starting test function: class=<class 'autopts.ptsprojects.testcase.TestFunc'>, func=<function gatts_set_val at 0x000002C684E85B20> start_wid=None stop_wid=None post_wid=None skip_call=None call_count=246 args=(0, '01') kwds={}
2026-10-09 14:10:53,767 LT1-thread root DEBUG testcase.py               266   start                     : Test function parameters: args=(0, '01'), kwds={}
2026-10-09 14:10:53,767 LT1-thread root DEBUG gatt.py                   209   gatts_set_val             : 0 '01' 
2026-10-09 14:10:53,767 LT1-thread root DEBUG iutctl_common.py          161   send                      : 2 6 0 "bytearray(b'\\x00\\x00\\x01\\x00\\x01')"
2026-10-09 14:10:53,767 LT1-thread root DEBUG iutctl_common.py          166   send                      : sending frame '02060005000000010001'
2026-10-09 14:10:53,767 LT1-thread root DEBUG gatt.py                   1190  gatt_command_rsp_succ     : 
2026-10-09 14:10:53,767 LT1-thread root DEBUG iutctl_common.py          339   read                      : 
2026-10-09 14:10:53,800 BTPWorkerThread-45137 (_rx_task) root DEBUG iutctl_common.py          123   read                      : Read 5 bytes
2026-10-09 14:10:53,828 BTPWorkerThread-45137 (_rx_task) root DEBUG iutctl_common.py          131   read                      : Received: hdr: Header(svc_id=0x02, op=0x06, ctrl_index=0x00, data_len=0x00) bytearray(b'\x02\x06\x00\x00\x00')
2026-10-09 14:10:53,828 BTPWorkerThread-45137 (_rx_task) root DEBUG iutctl_common.py          154   read                      : Received data: {''}, bytearray(b'')
2026-10-09 14:10:53,859 LT1-thread root DEBUG gatt.py                   1195  gatt_command_rsp_succ     : received Header(svc_id=2, op=6, ctrl_index=0, data_len=0) (b'',)
2026-10-09 14:10:53,859 LT1-thread root DEBUG testcase.py               254   start                     : Starting test function: class=<class 'autopts.ptsprojects.testcase.TestFunc'>, func=<function gatts_add_char at 0x000002C684E85A80> start_wid=None stop_wid=None post_wid=None skip_call=None call_count=246 args=(0, 2, 5, 'AA53') kwds={}
2026-10-09 14:10:53,859 LT1-thread root DEBUG testcase.py               266   start                     : Test function parameters: args=(0, 2, 5, 'AA53'), kwds={}
2026-10-09 14:10:53,859 LT1-thread root DEBUG gatt.py                   177   gatts_add_char            : 0 2 5 'AA53'
2026-10-09 14:10:53,860 LT1-thread root DEBUG iutctl_common.py          161   send                      : 2 3 0 "bytearray(b'\\x00\\x00\\x02\\x05\\x02S\\xaa')"
2026-10-09 14:10:53,860 LT1-thread root DEBUG iutctl_common.py          166   send                      : sending frame '0203000700000002050253aa'
2026-10-09 14:10:53,860 LT1-thread root DEBUG gatt.py                   1190  gatt_command_rsp_succ     : 
2026-10-09 14:10:53,860 LT1-thread root DEBUG iutctl_common.py          339   read                      : 
2026-10-09 14:10:53,898 BTPWorkerThread-45137 (_rx_task) root DEBUG iutctl_common.py          123   read                      : Read 5 bytes
2026-10-09 14:10:53,909 BTPWorkerThread-45137 (_rx_task) root DEBUG iutctl_common.py          131   read                      : Received: hdr: Header(svc_id=0x02, op=0x03, ctrl_index=0x00, data_len=0x02) bytearray(b'\x02\x03\x00\x02\x00')
2026-10-09 14:10:53,914 BTPWorkerThread-45137 (_rx_task) root DEBUG iutctl_common.py          139   read                      : Read 2 bytes data
2026-10-09 14:10:53,935 BTPWorkerThread-45137 (_rx_task) root DEBUG iutctl_common.py          154   read                      : Received data: {'00 00'}, bytearray(b'\x00\x00')
2026-10-09 14:10:53,935 LT1-thread root DEBUG gatt.py                   1195  gatt_command_rsp_succ     : received Header(svc_id=2, op=3, ctrl_index=0, data_len=2) (b'\x00\x00',)
2026-10-09 14:10:53,935 LT1-thread root DEBUG testcase.py               254   start                     : Starting test function: class=<class 'autopts.ptsprojects.testcase.TestFunc'>, func=<function gatts_set_val at 0x000002C684E85B20> start_wid=None stop_wid=None post_wid=None skip_call=None call_count=246 args=(0, '02') kwds={}
2026-10-09 14:10:53,935 LT1-thread root DEBUG testcase.py               266   start                     : Test function parameters: args=(0, '02'), kwds={}
2026-10-09 14:10:53,935 LT1-thread root DEBUG gatt.py                   209   gatts_set_val             : 0 '02' 
2026-10-09 14:10:53,935 LT1-thread root DEBUG iutctl_common.py          161   send                      : 2 6 0 "bytearray(b'\\x00\\x00\\x01\\x00\\x02')"
2026-10-09 14:10:53,935 LT1-thread root DEBUG iutctl_common.py          166   send                      : sending frame '02060005000000010002'
2026-10-09 14:10:53,935 LT1-thread root DEBUG gatt.py                   1190  gatt_command_rsp_succ     : 
2026-10-09 14:10:53,935 LT1-thread root DEBUG iutctl_common.py          339   read                      : 
2026-10-09 14:10:53,983 BTPWorkerThread-45137 (_rx_task) root DEBUG iutctl_common.py          123   read                      : Read 5 bytes
2026-10-09 14:10:53,991 BTPWorkerThread-45137 (_rx_task) root DEBUG iutctl_common.py          131   read                      : Received: hdr: Header(svc_id=0x02, op=0x06, ctrl_index=0x00, data_len=0x00) bytearray(b'\x02\x06\x00\x00\x00')
2026-10-09 14:10:53,991 BTPWorkerThread-45137 (_rx_task) root DEBUG iutctl_common.py          154   read                      : Received data: {''}, bytearray(b'')
2026-10-09 14:10:53,991 LT1-thread root DEBUG gatt.py                   1195  gatt_command_rsp_succ     : received Header(svc_id=2, op=6, ctrl_index=0, data_len=0) (b'',)
2026-10-09 14:10:53,992 LT1-thread root DEBUG testcase.py               254   start                     : Starting test function: class=<class 'autopts.ptsprojects.testcase.TestFunc'>, func=<function gatts_add_char at 0x000002C684E85A80> start_wid=None stop_wid=None post_wid=None skip_call=None call_count=246 args=(0, 10, 48, 'AA55') kwds={}
2026-10-09 14:10:53,992 LT1-thread root DEBUG testcase.py               266   start                     : Test function parameters: args=(0, 10, 48, 'AA55'), kwds={}
2026-10-09 14:10:53,992 LT1-thread root DEBUG gatt.py                   177   gatts_add_char            : 0 10 48 'AA55'
2026-10-09 14:10:53,992 LT1-thread root DEBUG iutctl_common.py          161   send                      : 2 3 0 "bytearray(b'\\x00\\x00\\n0\\x02U\\xaa')"
2026-10-09 14:10:53,992 LT1-thread root DEBUG iutctl_common.py          166   send                      : sending frame '020300070000000a300255aa'
2026-10-09 14:10:53,992 LT1-thread root DEBUG gatt.py                   1190  gatt_command_rsp_succ     : 
2026-10-09 14:10:53,993 LT1-thread root DEBUG iutctl_common.py          339   read                      : 
2026-10-09 14:10:54,034 BTPWorkerThread-45137 (_rx_task) root DEBUG iutctl_common.py          123   read                      : Read 5 bytes
2026-10-09 14:10:54,052 BTPWorkerThread-45137 (_rx_task) root DEBUG iutctl_common.py          131   read                      : Received: hdr: Header(svc_id=0x02, op=0x03, ctrl_index=0x00, data_len=0x02) bytearray(b'\x02\x03\x00\x02\x00')
2026-10-09 14:10:54,052 BTPWorkerThread-45137 (_rx_task) root DEBUG iutctl_common.py          139   read                      : Read 2 bytes data
2026-10-09 14:10:54,073 BTPWorkerThread-45137 (_rx_task) root DEBUG iutctl_common.py          154   read                      : Received data: {'00 00'}, bytearray(b'\x00\x00')
2026-10-09 14:10:54,117 LT1-thread root DEBUG gatt.py                   1195  gatt_command_rsp_succ     : received Header(svc_id=2, op=3, ctrl_index=0, data_len=2) (b'\x00\x00',)
2026-10-09 14:10:54,118 LT1-thread root DEBUG testcase.py               254   start                     : Starting test function: class=<class 'autopts.ptsprojects.testcase.TestFunc'>, func=<function gatts_set_val at 0x000002C684E85B20> start_wid=None stop_wid=None post_wid=None skip_call=None call_count=246 args=(0, '04') kwds={}
2026-10-09 14:10:54,118 LT1-thread root DEBUG testcase.py               266   start                     : Test function parameters: args=(0, '04'), kwds={}
2026-10-09 14:10:54,118 LT1-thread root DEBUG gatt.py                   209   gatts_set_val             : 0 '04' 
2026-10-09 14:10:54,118 LT1-thread root DEBUG iutctl_common.py          161   send                      : 2 6 0 "bytearray(b'\\x00\\x00\\x01\\x00\\x04')"
2026-10-09 14:10:54,118 LT1-thread root DEBUG iutctl_common.py          166   send                      : sending frame '02060005000000010004'
2026-10-09 14:10:54,118 LT1-thread root DEBUG gatt.py                   1190  gatt_command_rsp_succ     : 
2026-10-09 14:10:54,118 LT1-thread root DEBUG iutctl_common.py          339   read                      : 
2026-10-09 14:10:54,143 BTPWorkerThread-45137 (_rx_task) root DEBUG iutctl_common.py          123   read                      : Read 5 bytes
2026-10-09 14:10:54,143 BTPWorkerThread-45137 (_rx_task) root DEBUG iutctl_common.py          131   read                      : Received: hdr: Header(svc_id=0x02, op=0x06, ctrl_index=0x00, data_len=0x00) bytearray(b'\x02\x06\x00\x00\x00')
2026-10-09 14:10:54,143 BTPWorkerThread-45137 (_rx_task) root DEBUG iutctl_common.py          154   read                      : Received data: {''}, bytearray(b'')
2026-10-09 14:10:54,150 LT1-thread root DEBUG gatt.py                   1195  gatt_command_rsp_succ     : received Header(svc_id=2, op=6, ctrl_index=0, data_len=0) (b'',)
2026-10-09 14:10:54,150 LT1-thread root DEBUG testcase.py               254   start                     : Starting test function: class=<class 'autopts.ptsprojects.testcase.TestFunc'>, func=<function gatts_start_server at 0x000002C684E85DA0> start_wid=None stop_wid=None post_wid=None skip_call=None call_count=246 args=() kwds={}
2026-10-09 14:10:54,150 LT1-thread root DEBUG testcase.py               266   start                     : Test function parameters: args=(), kwds={}
2026-10-09 14:10:54,150 LT1-thread root DEBUG gatt.py                   306   gatts_start_server        : 
2026-10-09 14:10:54,150 LT1-thread root DEBUG iutctl_common.py          161   send                      : 2 7 0 ''
2026-10-09 14:10:54,150 LT1-thread root DEBUG iutctl_common.py          166   send                      : sending frame '0207000000'
2026-10-09 14:10:54,151 LT1-thread root DEBUG gatt.py                   1190  gatt_command_rsp_succ     : 
2026-10-09 14:10:54,151 LT1-thread root DEBUG iutctl_common.py          339   read                      : 
2026-10-09 14:10:54,175 BTPWorkerThread-45137 (_rx_task) root DEBUG iutctl_common.py          123   read                      : Read 5 bytes
2026-10-09 14:10:54,203 BTPWorkerThread-45137 (_rx_task) root DEBUG iutctl_common.py          131   read                      : Received: hdr: Header(svc_id=0x02, op=0x07, ctrl_index=0x00, data_len=0x03) bytearray(b'\x02\x07\x00\x03\x00')
2026-10-09 14:10:54,253 BTPWorkerThread-45137 (_rx_task) root DEBUG iutctl_common.py          139   read                      : Read 3 bytes data
2026-10-09 14:10:54,269 BTPWorkerThread-45137 (_rx_task) root DEBUG iutctl_common.py          154   read                      : Received data: {'00 00 00'}, bytearray(b'\x00\x00\x00')
2026-10-09 14:10:54,280 LT1-thread root DEBUG gatt.py                   1195  gatt_command_rsp_succ     : received Header(svc_id=2, op=7, ctrl_index=0, data_len=3) (b'\x00\x00\x00',)
2026-10-09 14:10:54,282 LT1-thread root DEBUG client.py                 276   get_result                : ClientCallback.get_result run_test_case
2026-10-09 14:10:56,271 LT1-callback ClientCallback.on_implicit_send INFO client.py                 223   on_implicit_send          : 
    ********************
    BEGIN OnImplicitSend:
    project_name: GAP
    wid: 91
    test_case_name: GAP/GAT/BV-18-C
    description: Please send a connectable undirected advertising report.
    style: MMI_Style_Ok_Cancel2 0x11141
2026-10-09 14:10:56,272 LT1-callback ClientCallback.on_implicit_send INFO client.py                 236   on_implicit_send          : Calling test cases on_implicit_send
2026-10-09 14:10:56,272 LT1-callback ClientCallback.on_implicit_send INFO client.py                 249   on_implicit_send          : 
    on_implicit_send returned response: WAIT
    END OnImplicitSend
    ********************
2026-10-09 14:10:56,282 LT1-thread root DEBUG testcase.py               679   run_wid                   : GAP GAP/GAT/BV-18-C on_implicit_send
2026-10-09 14:10:56,282 LT1-thread root DEBUG gap_wid.py                26    gap_wid_hdl               : gap_wid_hdl, 91, Please send a connectable undirected advertising report., GAP/GAT/BV-18-C
2026-10-09 14:10:56,282 LT1-thread root DEBUG gap.py                    984   gap_set_connectable       : 
2026-10-09 14:10:56,282 LT1-thread root DEBUG gap.py                    650   gap_start_advertising     : {9: b'Tester_08E44E'} None
2026-10-09 14:10:56,282 LT1-thread root DEBUG iutctl_common.py          161   send                      : 1 10 0 "bytearray(b'\\x0f\\x00\\t\\rTester_08E44E\\xff\\xff\\xff\\xff\\x00')"
2026-10-09 14:10:56,282 LT1-thread root DEBUG iutctl_common.py          166   send                      : sending frame '010a0016000f00090d5465737465725f303845343445ffffffff00'
2026-10-09 14:10:56,283 LT1-thread root DEBUG gap.py                    1229  gap_command_rsp_succ      : 
2026-10-09 14:10:56,283 LT1-thread root DEBUG iutctl_common.py          339   read                      : 
2026-10-09 14:10:56,317 BTPWorkerThread-45137 (_rx_task) root DEBUG iutctl_common.py          123   read                      : Read 5 bytes
2026-10-09 14:10:56,318 BTPWorkerThread-45137 (_rx_task) root DEBUG iutctl_common.py          131   read                      : Received: hdr: Header(svc_id=0x01, op=0x0a, ctrl_index=0x00, data_len=0x04) bytearray(b'\x01\n\x00\x04\x00')
2026-10-09 14:10:56,323 BTPWorkerThread-45137 (_rx_task) root DEBUG iutctl_common.py          139   read                      : Read 4 bytes data
2026-10-09 14:10:56,329 BTPWorkerThread-45137 (_rx_task) root DEBUG iutctl_common.py          154   read                      : Received data: {'13 26 00 00'}, bytearray(b'\x13&\x00\x00')
2026-10-09 14:10:56,340 LT1-thread root DEBUG gap.py                    1234  gap_command_rsp_succ      : received Header(svc_id=1, op=10, ctrl_index=0, data_len=4) (b'\x13&\x00\x00',)
2026-10-09 14:10:56,340 LT1-thread root DEBUG gap.py                    596   __gap_current_settings_update : (b'\x13&\x00\x00',)
2026-10-09 14:10:56,340 LT1-thread root DEBUG testcase.py               722   run_wid                   : Sending response 'OK' to wid 91 test case GAP/GAT/BV-18-C
2026-10-09 14:10:56,342 LT1-thread root DEBUG client.py                 276   get_result                : ClientCallback.get_result run_test_case
2026-10-09 14:10:56,437 BTPWorkerThread-45137 (_rx_task) root DEBUG iutctl_common.py          123   read                      : Read 5 bytes
2026-10-09 14:10:56,438 BTPWorkerThread-45137 (_rx_task) root DEBUG iutctl_common.py          131   read                      : Received: hdr: Header(svc_id=0x01, op=0x82, ctrl_index=0x00, data_len=0x0d) bytearray(b'\x01\x82\x00\r\x00')
2026-10-09 14:10:56,438 BTPWorkerThread-45137 (_rx_task) root DEBUG iutctl_common.py          139   read                      : Read 6 bytes data
2026-10-09 14:10:56,448 BTPWorkerThread-45137 (_rx_task) root DEBUG iutctl_common.py          139   read                      : Read 7 bytes data
2026-10-09 14:10:56,448 BTPWorkerThread-45137 (_rx_task) root DEBUG iutctl_common.py          154   read                      : Received data: {'00 4e e4 08 dc 1b 00 3c 00 00 00 d0 07'}, bytearray(b'\x00N\xe4\x08\xdc\x1b\x00<\x00\x00\x00\xd0\x07')
2026-10-09 14:10:56,448 BTPWorkerThread-45137 (_rx_task) root DEBUG btp.py                    736   event_handler             : Header(svc_id=1, op=130, ctrl_index=0, data_len=13) (b'\x00N\xe4\x08\xdc\x1b\x00<\x00\x00\x00\xd0\x07',)
2026-10-09 14:10:56,448 BTPWorkerThread-45137 (_rx_task) root DEBUG gap.py                    215   gap_connected_ev_         : b'\x00N\xe4\x08\xdc\x1b\x00<\x00\x00\x00\xd0\x07'
2026-10-09 14:10:56,449 BTPWorkerThread-45137 (_rx_task) root DEBUG iutctl_common.py          123   read                      : Read 5 bytes
2026-10-09 14:10:56,449 BTPWorkerThread-45137 (_rx_task) root DEBUG iutctl_common.py          131   read                      : Received: hdr: Header(svc_id=0x01, op=0x80, ctrl_index=0x00, data_len=0x04) bytearray(b'\x01\x80\x00\x04\x00')
2026-10-09 14:10:56,449 BTPWorkerThread-45137 (_rx_task) root DEBUG iutctl_common.py          139   read                      : Read 4 bytes data
2026-10-09 14:10:56,449 BTPWorkerThread-45137 (_rx_task) root DEBUG iutctl_common.py          154   read                      : Received data: {'13 22 00 00'}, bytearray(b'\x13"\x00\x00')
2026-10-09 14:10:56,449 BTPWorkerThread-45137 (_rx_task) root DEBUG btp.py                    736   event_handler             : Header(svc_id=1, op=128, ctrl_index=0, data_len=4) (b'\x13"\x00\x00',)
2026-10-09 14:10:56,449 BTPWorkerThread-45137 (_rx_task) root DEBUG gap.py                    183   gap_new_settings_ev_      : b'\x13"\x00\x00'
2026-10-09 14:10:56,449 BTPWorkerThread-45137 (_rx_task) root DEBUG gap.py                    596   __gap_current_settings_update : 8723
2026-10-09 14:11:02,637 BTPWorkerThread-45137 (_rx_task) root DEBUG iutctl_common.py          123   read                      : Read 5 bytes
2026-10-09 14:11:02,637 BTPWorkerThread-45137 (_rx_task) root DEBUG iutctl_common.py          131   read                      : Received: hdr: Header(svc_id=0x01, op=0x83, ctrl_index=0x00, data_len=0x07) bytearray(b'\x01\x83\x00\x07\x00')
2026-10-09 14:11:02,637 BTPWorkerThread-45137 (_rx_task) root DEBUG iutctl_common.py          139   read                      : Read 7 bytes data
2026-10-09 14:11:02,638 BTPWorkerThread-45137 (_rx_task) root DEBUG iutctl_common.py          154   read                      : Received data: {'00 4e e4 08 dc 1b 00'}, bytearray(b'\x00N\xe4\x08\xdc\x1b\x00')
2026-10-09 14:11:02,638 BTPWorkerThread-45137 (_rx_task) root DEBUG btp.py                    736   event_handler             : Header(svc_id=1, op=131, ctrl_index=0, data_len=7) (b'\x00N\xe4\x08\xdc\x1b\x00',)
2026-10-09 14:11:02,638 BTPWorkerThread-45137 (_rx_task) root DEBUG gap.py                    228   gap_disconnected_ev_      : b'\x00N\xe4\x08\xdc\x1b\x00'
2026-10-09 14:11:05,272 LT1-callback ClientCallback.log INFO client.py                 200   log                       : PTS_LOGTYPE_START_TEST Start Test Case 

+140 ms
 GAP/GAT/BV-18-C GAP/GAT/BV-18-C

2026-10-09 14:11:05,670 LT1-callback ClientCallback.log INFO client.py                 200   log                       : PTS_LOGTYPE_FINAL_VERDICT Final Verdict 

+10328 ms
 GAP/GAT/BV-18-C PASS

2026-10-09 14:11:05,674 LT1-callback ClientCallback.log INFO client.py                 200   log                       : PTS_LOGTYPE_FINAL_VERDICT Encrypted Verdict 

+10328 ms
 GAP/GAT/BV-18-C A1#ZWY4MzQ5MDg3MmQwNTIxOGQzMzQ5YjY2ODA5M2MzNjQ5ZDY4NmY0Yjc2MzIzM2VkNTUyNTFhNGU4Mjg1MjI0NA==#ZZs3SSJ0XDkUPvAOq7Ck89oXYrBMINGzKV0EdRR9wZdgbr6i1XOUng==

2026-10-09 14:11:05,816 LT1-callback ClientCallback.log INFO client.py                 200   log                       : PTS_LOGTYPE_END_TEST Test Case Ended 

+10328 ms
 GAP/GAT/BV-18-C GAP/GAT/BV-18-C

2026-10-09 14:11:05,936 LT1-callback root DEBUG client.py                 261   set_result                : ClientCallback, set_result, run_test_case, PASS
2026-10-09 14:11:05,936 LT1-thread root DEBUG client.py                 1186  _run_test_case            : After run_test_case error_code=0 status='PASS'
2026-10-09 14:11:05,936 LT1-thread root DEBUG testcase.py               766   post_run                  : post_run GAP GAP/GAT/BV-18-C 0
2026-10-09 14:11:05,936 LT1-thread root DEBUG testcase.py               254   start                     : Starting test function: class=<class 'autopts.ptsprojects.testcase.TestFuncCleanUp'>, func=<bound method ZTestCase._test_case_cleanup of <autopts.ptsprojects.zephyr.ztestcase.ZTestCase object at 0x000002C689100680>> start_wid=None stop_wid=None post_wid=None skip_call=None call_count=1 args=() kwds={}
2026-10-09 14:11:05,936 LT1-thread root DEBUG testcase.py               266   start                     : Test function parameters: args=(), kwds={}
2026-10-09 14:11:05,937 LT1-thread root DEBUG spp.py                    29    __init__                  : __init__
2026-10-09 14:11:05,937 LT1-thread root DEBUG pbap.py                   1895  start                     : PBAP event handler started
2026-10-09 14:11:05,938 LT1-thread root DEBUG map.py                    3404  start                     : MAP event handler started
2026-10-09 14:11:05,938 LT1-thread root DEBUG iutctl.py                 415   stop                      : <class 'autopts.ptsprojects.zephyr.iutctl.create_zephyr_ctl_class.<locals>.ZephyrCtl'>.stop
2026-10-09 14:11:05,938 LT1-thread root DEBUG __init__.py               51    reset                     : About to reset DUT: JLink -CommandFile reset.jlink -usb 1063214216 -device MIMXRT1176XXXA_M7
2026-10-09 14:11:06,249 BTPWorkerThread-45137 (_rx_task) root DEBUG iutctl_common.py          123   read                      : Read 5 bytes
2026-10-09 14:11:06,249 BTPWorkerThread-45137 (_rx_task) root DEBUG iutctl_common.py          131   read                      : Received: hdr: Header(svc_id=0x00, op=0x80, ctrl_index=0xff, data_len=0x00) bytearray(b'\x00\x80\xff\x00\x00')
2026-10-09 14:11:06,250 BTPWorkerThread-45137 (_rx_task) root DEBUG iutctl_common.py          154   read                      : Received data: {''}, bytearray(b'')
2026-10-09 14:11:06,250 BTPWorkerThread-45137 (_rx_task) root DEBUG btp.py                    736   event_handler             : Header(svc_id=0, op=128, ctrl_index=255, data_len=0) (b'',)
2026-10-09 14:11:06,250 BTPWorkerThread-45137 (_rx_task) root DEBUG core.py                   23    core_iut_ready_ev         : 
2026-10-09 14:11:06,317 LT1-thread root DEBUG iutctl.py                 436   _stop_tty_mode            : IUT ready event received OK
2026-10-09 14:11:06,318 LT1-thread root DEBUG iutctl_common.py          416   close                     : Waiting for _rx_worker to finish ...
2026-10-09 14:11:07,250 BTPWorkerThread-45137 (_rx_task) root DEBUG iutctl_common.py          332   _rx_task                  : BTPWorkerThread-45137 (_rx_task) finishing...
2026-10-09 14:11:10,257 LT1-thread root DEBUG testcase.py               794   post_run                  : post_run, cleanup running post test case script
2026-10-09 14:11:10,258 LT1-thread root DEBUG testcase.py               802   post_run                  : post_run, run post test case script
2026-10-09 14:11:10,355 LT1-thread root DEBUG client.py                 1220  _run_test_case            : Done TestCase _run_test_case GAP GAP/GAT/BV-18-C
