2026-03-30 15:11:33,589 LT1-thread root DEBUG client.py                 82    logger_log                : Starting TestCase _run_test_case SPP SPP/DEVB/SGSIT/SERR/BV-01-C
2026-03-30 15:11:33,589 LT1-thread root DEBUG client.py                 82    logger_log                : pre_run SPP SPP/DEVB/SGSIT/SERR/BV-01-C
2026-03-30 15:11:33,590 LT1-thread root DEBUG client.py                 82    logger_log                : About to run test case SPP SPP/DEVB/SGSIT/SERR/BV-01-C with commands:
2026-03-30 15:11:33,590 LT1-thread root DEBUG client.py                 82    logger_log                : 0) class=<class 'autopts.ptsprojects.testcase.TestFunc'>, func=<bound method Stack.core_init of <autopts.ptsprojects.stack.stack.Stack object at 0x00000212C6BFA810>> start_wid=None stop_wid=None post_wid=None skip_call=None call_count=1 args=() kwds={}
2026-03-30 15:11:33,590 LT1-thread root DEBUG client.py                 82    logger_log                : 1) class=<class 'autopts.ptsprojects.testcase.TestFunc'>, func=<bound method IutCtl.start of <autopts.ptsprojects.zephyr.iutctl.ZephyrCtl object at 0x00000212C6663FE0>> start_wid=None stop_wid=None post_wid=None skip_call=None call_count=1 args=(<autopts.ptsprojects.zephyr.ztestcase.ZTestCase object at 0x00000212C715BF20>,) kwds={}
2026-03-30 15:11:33,590 LT1-thread root DEBUG client.py                 82    logger_log                : 2) class=<class 'autopts.ptsprojects.testcase.TestFunc'>, func=<bound method IutCtl.wait_iut_ready_event of <autopts.ptsprojects.zephyr.iutctl.ZephyrCtl object at 0x00000212C6663FE0>> start_wid=None stop_wid=None post_wid=None skip_call=None call_count=1 args=(False,) kwds={}
2026-03-30 15:11:33,590 LT1-thread root DEBUG client.py                 82    logger_log                : 3) class=<class 'autopts.ptsprojects.testcase.TestFunc'>, func=<function core_reg_svc_gap at 0x00000212C55DC4A0> start_wid=None stop_wid=None post_wid=None skip_call=None call_count=3 args=() kwds={}
2026-03-30 15:11:33,590 LT1-thread root DEBUG client.py                 82    logger_log                : 4) class=<class 'autopts.ptsprojects.testcase.TestFunc'>, func=<bound method Stack.gap_init of <autopts.ptsprojects.stack.stack.Stack object at 0x00000212C6BFA810>> start_wid=None stop_wid=None post_wid=None skip_call=None call_count=3 args=(b'Tester_08E44E',) kwds={}
2026-03-30 15:11:33,590 LT1-thread root DEBUG client.py                 82    logger_log                : 5) class=<class 'autopts.ptsprojects.testcase.TestFunc'>, func=<function gap_read_ctrl_info at 0x00000212C561F1A0> start_wid=None stop_wid=None post_wid=None skip_call=None call_count=3 args=() kwds={}
2026-03-30 15:11:33,590 LT1-thread root DEBUG client.py                 82    logger_log                : 6) class=<class 'autopts.ptsprojects.testcase.TestFunc'>, func=<bound method Stack.sdp_init of <autopts.ptsprojects.stack.stack.Stack object at 0x00000212C6BFA810>> start_wid=None stop_wid=None post_wid=None skip_call=None call_count=3 args=() kwds={}
2026-03-30 15:11:33,592 LT1-thread root DEBUG client.py                 82    logger_log                : 7) class=<class 'autopts.ptsprojects.testcase.TestFunc'>, func=<function test_cases.<locals>.<lambda> at 0x00000212C704E200> start_wid=None stop_wid=None post_wid=None skip_call=None call_count=3 args=() kwds={}
2026-03-30 15:11:33,592 LT1-thread root DEBUG client.py                 82    logger_log                : 8) class=<class 'autopts.ptsprojects.testcase.TestFunc'>, func=<function set_pts_addr at 0x00000212C55DC040> start_wid=None stop_wid=None post_wid=None skip_call=None call_count=3 args=('00:1B:DC:08:E4:4E', 0) kwds={}
2026-03-30 15:11:33,592 LT1-thread root DEBUG client.py                 82    logger_log                : 9) class=<class 'autopts.ptsprojects.testcase.TestFunc'>, func=<function core_reg_svc_sdp at 0x00000212C55DDA80> start_wid=None stop_wid=None post_wid=None skip_call=None call_count=3 args=() kwds={}
2026-03-30 15:11:33,592 LT1-thread root DEBUG client.py                 82    logger_log                : 10) class=<class 'autopts.ptsprojects.testcase.TestFunc'>, func=<function core_reg_svc_rfcomm at 0x00000212C55DDB20> start_wid=None stop_wid=None post_wid=None skip_call=None call_count=3 args=() kwds={}
2026-03-30 15:11:33,592 LT1-thread root DEBUG client.py                 82    logger_log                : 11) class=<class 'autopts.ptsprojects.testcase.TestFunc'>, func=<function core_reg_svc_spp at 0x00000212C55DDBC0> start_wid=None stop_wid=None post_wid=None skip_call=None call_count=3 args=() kwds={}
2026-03-30 15:11:33,592 LT1-thread root DEBUG client.py                 82    logger_log                : 12) class=<class 'autopts.ptsprojects.testcase.TestFunc'>, func=<function gap_set_conn at 0x00000212C561EAC0> start_wid=None stop_wid=None post_wid=None skip_call=None call_count=3 args=() kwds={}
2026-03-30 15:11:33,592 LT1-thread root DEBUG client.py                 82    logger_log                : 13) class=<class 'autopts.ptsprojects.testcase.TestFunc'>, func=<function gap_set_gendiscov at 0x00000212C561ECA0> start_wid=None stop_wid=None post_wid=None skip_call=None call_count=3 args=() kwds={}
2026-03-30 15:11:33,592 LT1-thread root DEBUG client.py                 82    logger_log                : 14) class=<class 'autopts.ptsprojects.testcase.TestFunc'>, func=<bound method Stack.rfcomm_init of <autopts.ptsprojects.stack.stack.Stack object at 0x00000212C6BFA810>> start_wid=None stop_wid=None post_wid=None skip_call=None call_count=3 args=() kwds={}
2026-03-30 15:11:33,592 LT1-thread root DEBUG client.py                 82    logger_log                : 15) class=<class 'autopts.ptsprojects.testcase.TestFunc'>, func=<bound method Stack.spp_init of <autopts.ptsprojects.stack.stack.Stack object at 0x00000212C6BFA810>> start_wid=None stop_wid=None post_wid=None skip_call=None call_count=3 args=() kwds={}
2026-03-30 15:11:33,592 LT1-thread root DEBUG client.py                 82    logger_log                : 16) class=<class 'autopts.ptsprojects.testcase.TestFuncCleanUp'>, func=<bound method Stack.cleanup of <autopts.ptsprojects.stack.stack.Stack object at 0x00000212C6BFA810>> start_wid=None stop_wid=None post_wid=None skip_call=None call_count=1 args=() kwds={}
2026-03-30 15:11:33,592 LT1-thread root DEBUG client.py                 82    logger_log                : 17) class=<class 'autopts.ptsprojects.testcase.TestFuncCleanUp'>, func=<bound method ZephyrCtl.stop of <autopts.ptsprojects.zephyr.iutctl.ZephyrCtl object at 0x00000212C6663FE0>> start_wid=None stop_wid=None post_wid=None skip_call=None call_count=1 args=() kwds={}
2026-03-30 15:11:33,593 LT1-thread root DEBUG client.py                 82    logger_log                : pre_run, run pre test case script
2026-03-30 15:11:33,622 LT1-thread root DEBUG client.py                 82    logger_log                : Starting test function: class=<class 'autopts.ptsprojects.testcase.TestFunc'>, func=<bound method Stack.core_init of <autopts.ptsprojects.stack.stack.Stack object at 0x00000212C6BFA810>> start_wid=None stop_wid=None post_wid=None skip_call=None call_count=2 args=() kwds={}
2026-03-30 15:11:33,622 LT1-thread root DEBUG client.py                 82    logger_log                : Test function parameters: args=(), kwds={}
2026-03-30 15:11:33,622 LT1-thread root DEBUG client.py                 82    logger_log                : Starting test function: class=<class 'autopts.ptsprojects.testcase.TestFunc'>, func=<bound method IutCtl.start of <autopts.ptsprojects.zephyr.iutctl.ZephyrCtl object at 0x00000212C6663FE0>> start_wid=None stop_wid=None post_wid=None skip_call=None call_count=2 args=(<autopts.ptsprojects.zephyr.ztestcase.ZTestCase object at 0x00000212C715BF20>,) kwds={}
2026-03-30 15:11:33,623 LT1-thread root DEBUG client.py                 82    logger_log                : Test function parameters: args=(<autopts.ptsprojects.zephyr.ztestcase.ZTestCase object at 0x00000212C715BF20>,), kwds={}
2026-03-30 15:11:33,623 LT1-thread root DEBUG client.py                 82    logger_log                : <class 'autopts.ptsprojects.zephyr.iutctl.ZephyrCtl'>.start
2026-03-30 15:11:33,623 LT1-thread root DEBUG client.py                 82    logger_log                : <class 'autopts.ptsprojects.zephyr.iutctl.ZephyrCtl'>.flush_serial
2026-03-30 15:11:34,875 LT1-thread root DEBUG client.py                 82    logger_log                : Starting socat process: socat.exe -x -v tcp:10.17.12.9:63663,retry=100,interval=1 /dev/ttyS2,raw,b115200,
2026-03-30 15:11:34,900 LT1-thread root DEBUG client.py                 82    logger_log                : accept
2026-03-30 15:11:34,980 BTPWorkerThread-88 (_rx_task) root DEBUG client.py                 82    logger_log                : BTPWorkerThread-88 (_rx_task) started
2026-03-30 15:11:34,980 LT1-thread root DEBUG client.py                 82    logger_log                : Starting test function: class=<class 'autopts.ptsprojects.testcase.TestFunc'>, func=<bound method IutCtl.wait_iut_ready_event of <autopts.ptsprojects.zephyr.iutctl.ZephyrCtl object at 0x00000212C6663FE0>> start_wid=None stop_wid=None post_wid=None skip_call=None call_count=2 args=(False,) kwds={}
2026-03-30 15:11:34,980 LT1-thread root DEBUG client.py                 82    logger_log                : Test function parameters: args=(False,), kwds={}
2026-03-30 15:11:34,981 LT1-thread root DEBUG client.py                 82    logger_log                : IUT ready event received OK
2026-03-30 15:11:34,981 LT1-thread root DEBUG client.py                 82    logger_log                : Starting test function: class=<class 'autopts.ptsprojects.testcase.TestFunc'>, func=<function core_reg_svc_gap at 0x00000212C55DC4A0> start_wid=None stop_wid=None post_wid=None skip_call=None call_count=4 args=() kwds={}
2026-03-30 15:11:34,981 LT1-thread root DEBUG client.py                 82    logger_log                : Test function parameters: args=(), kwds={}
2026-03-30 15:11:34,981 LT1-thread root DEBUG client.py                 82    logger_log                : core_reg_svc_univ: gap_reg (GAP)
2026-03-30 15:11:34,982 LT1-thread root DEBUG client.py                 82    logger_log                : send, 0 3 255 '1'
2026-03-30 15:11:34,982 LT1-thread root DEBUG client.py                 82    logger_log                : sending frame '0003ff010001'
2026-03-30 15:11:34,982 LT1-thread root DEBUG client.py                 82    logger_log                : core_reg_svc_rsp_succ
2026-03-30 15:11:34,982 LT1-thread root DEBUG client.py                 82    logger_log                : read
2026-03-30 15:11:39,161 BTPWorkerThread-88 (_rx_task) root DEBUG client.py                 82    logger_log                : Read 5 bytes
2026-03-30 15:11:39,171 BTPWorkerThread-88 (_rx_task) root DEBUG client.py                 82    logger_log                : Received: hdr: Header(svc_id=0x00, op=0x03, ctrl_index=0xff, data_len=0x00) bytearray(b'\x00\x03\xff\x00\x00')
2026-03-30 15:11:39,171 BTPWorkerThread-88 (_rx_task) root DEBUG client.py                 82    logger_log                : Received data: {''}, bytearray(b'')
2026-03-30 15:11:39,177 LT1-thread root DEBUG client.py                 82    logger_log                : received Header(svc_id=0, op=3, ctrl_index=255, data_len=0) (b'',)
2026-03-30 15:11:39,177 LT1-thread root DEBUG client.py                 82    logger_log                : expected ((0, 3, 255, 0), (b'',))
2026-03-30 15:11:39,177 LT1-thread root DEBUG client.py                 82    logger_log                : response is valid
2026-03-30 15:11:39,177 LT1-thread root DEBUG client.py                 82    logger_log                : Reading supported commands for service: GAP
2026-03-30 15:11:39,177 LT1-thread root DEBUG client.py                 82    logger_log                : send, 1 1 255 ''
2026-03-30 15:11:39,177 LT1-thread root DEBUG client.py                 82    logger_log                : sending frame '0101ff0000'
2026-03-30 15:11:39,178 LT1-thread root DEBUG client.py                 82    logger_log                : read
2026-03-30 15:11:39,215 BTPWorkerThread-88 (_rx_task) root DEBUG client.py                 82    logger_log                : Read 5 bytes
2026-03-30 15:11:39,226 BTPWorkerThread-88 (_rx_task) root DEBUG client.py                 82    logger_log                : Received: hdr: Header(svc_id=0x01, op=0x01, ctrl_index=0xff, data_len=0x07) bytearray(b'\x01\x01\xff\x07\x00')
2026-03-30 15:11:39,237 BTPWorkerThread-88 (_rx_task) root DEBUG client.py                 82    logger_log                : Read 7 bytes data
2026-03-30 15:11:39,249 BTPWorkerThread-88 (_rx_task) root DEBUG client.py                 82    logger_log                : Received data: {'6e ff 7f 1f fe f7 0e'}, bytearray(b'n\xff\x7f\x1f\xfe\xf7\x0e')
2026-03-30 15:11:39,249 LT1-thread root DEBUG client.py                 82    logger_log                : Starting test function: class=<class 'autopts.ptsprojects.testcase.TestFunc'>, func=<bound method Stack.gap_init of <autopts.ptsprojects.stack.stack.Stack object at 0x00000212C6BFA810>> start_wid=None stop_wid=None post_wid=None skip_call=None call_count=4 args=(b'Tester_08E44E',) kwds={}
2026-03-30 15:11:39,249 LT1-thread root DEBUG client.py                 82    logger_log                : Test function parameters: args=(b'Tester_08E44E',), kwds={}
2026-03-30 15:11:39,250 LT1-thread root DEBUG client.py                 82    logger_log                : Starting test function: class=<class 'autopts.ptsprojects.testcase.TestFunc'>, func=<function gap_read_ctrl_info at 0x00000212C561F1A0> start_wid=None stop_wid=None post_wid=None skip_call=None call_count=4 args=() kwds={}
2026-03-30 15:11:39,250 LT1-thread root DEBUG client.py                 82    logger_log                : Test function parameters: args=(), kwds={}
2026-03-30 15:11:39,250 LT1-thread root DEBUG client.py                 82    logger_log                : gap_read_ctrl_info
2026-03-30 15:11:39,250 LT1-thread root DEBUG client.py                 82    logger_log                : send, 1 3 0 ''
2026-03-30 15:11:39,250 LT1-thread root DEBUG client.py                 82    logger_log                : sending frame '0103000000'
2026-03-30 15:11:39,250 LT1-thread root DEBUG client.py                 82    logger_log                : read
2026-03-30 15:11:39,285 BTPWorkerThread-88 (_rx_task) root DEBUG client.py                 82    logger_log                : Read 5 bytes
2026-03-30 15:11:39,295 BTPWorkerThread-88 (_rx_task) root DEBUG client.py                 82    logger_log                : Received: hdr: Header(svc_id=0x01, op=0x03, ctrl_index=0x00, data_len=0x115) bytearray(b'\x01\x03\x00\x15\x01')
2026-03-30 15:11:39,307 BTPWorkerThread-88 (_rx_task) root DEBUG client.py                 82    logger_log                : Read 277 bytes data
2026-03-30 15:11:39,313 BTPWorkerThread-88 (_rx_task) root DEBUG client.py                 82    logger_log                : Received data: {'19 78 ee 69 17 d0 d3 06 02 00 13 02 00 00 00 00 00 62 74 70 5f 74 65 73 74 65 72 00 00 00 00 00 00 00 00 00 00 00 00 00 00 00 00 00 00 00 00 00 00 00 00 00 00 00 00 00 00 00 00 00 00 00 00 00 00 00 00 00 00 00 00 00 00 00 00 00 00 00 00 00 00 00 00 00 00 00 00 00 00 00 00 00 00 00 00 00 00 00 00 00 00 00 00 00 00 00 00 00 00 00 00 00 00 00 00 00 00 00 00 00 00 00 00 00 00 00 00 00 00 00 00 00 00 00 00 00 00 00 00 00 00 00 00 00 00 00 00 00 00 00 00 00 00 00 00 00 00 00 00 00 00 00 00 00 00 00 00 00 00 00 00 00 00 00 00 00 00 00 00 00 00 00 00 00 00 00 00 00 00 00 00 00 00 00 00 00 00 00 00 00 00 00 00 00 00 00 00 00 00 00 00 00 00 00 00 00 00 00 00 00 00 00 00 00 00 00 00 00 00 00 00 00 00 00 00 00 00 00 00 00 00 00 00 00 00 00 00 00 00 00 00 00 00 00 00 00 00 00 00 00 00 00 00 00 00 00 00 00 00 00 00 00 00 00 00 00 00'}, bytearray(b'\x19x\xeei\x17\xd0\xd3\x06\x02\x00\x13\x02\x00\x00\x00\x00\x00btp_tester\x00\x00\x00\x00\x00\x00\x00\x00\x00\x00\x00\x00\x00\x00\x00\x00\x00\x00\x00\x00\x00\x00\x00\x00\x00\x00\x00\x00\x00\x00\x00\x00\x00\x00\x00\x00\x00\x00\x00\x00\x00\x00\x00\x00\x00\x00\x00\x00\x00\x00\x00\x00\x00\x00\x00\x00\x00\x00\x00\x00\x00\x00\x00\x00\x00\x00\x00\x00\x00\x00\x00\x00\x00\x00\x00\x00\x00\x00\x00\x00\x00\x00\x00\x00\x00\x00\x00\x00\x00\x00\x00\x00\x00\x00\x00\x00\x00\x00\x00\x00\x00\x00\x00\x00\x00\x00\x00\x00\x00\x00\x00\x00\x00\x00\x00\x00\x00\x00\x00\x00\x00\x00\x00\x00\x00\x00\x00\x00\x00\x00\x00\x00\x00\x00\x00\x00\x00\x00\x00\x00\x00\x00\x00\x00\x00\x00\x00\x00\x00\x00\x00\x00\x00\x00\x00\x00\x00\x00\x00\x00\x00\x00\x00\x00\x00\x00\x00\x00\x00\x00\x00\x00\x00\x00\x00\x00\x00\x00\x00\x00\x00\x00\x00\x00\x00\x00\x00\x00\x00\x00\x00\x00\x00\x00\x00\x00\x00\x00\x00\x00\x00\x00\x00\x00\x00\x00\x00\x00\x00\x00\x00\x00\x00\x00\x00\x00\x00\x00\x00\x00\x00\x00\x00\x00\x00\x00\x00\x00\x00\x00\x00\x00\x00\x00\x00\x00\x00\x00\x00\x00\x00\x00\x00\x00\x00\x00\x00\x00\x00\x00')
2026-03-30 15:11:39,330 LT1-thread root DEBUG client.py                 82    logger_log                : received Header(svc_id=1, op=3, ctrl_index=0, data_len=277) (b'\x19x\xeei\x17\xd0\xd3\x06\x02\x00\x13\x02\x00\x00\x00\x00\x00btp_tester\x00\x00\x00\x00\x00\x00\x00\x00\x00\x00\x00\x00\x00\x00\x00\x00\x00\x00\x00\x00\x00\x00\x00\x00\x00\x00\x00\x00\x00\x00\x00\x00\x00\x00\x00\x00\x00\x00\x00\x00\x00\x00\x00\x00\x00\x00\x00\x00\x00\x00\x00\x00\x00\x00\x00\x00\x00\x00\x00\x00\x00\x00\x00\x00\x00\x00\x00\x00\x00\x00\x00\x00\x00\x00\x00\x00\x00\x00\x00\x00\x00\x00\x00\x00\x00\x00\x00\x00\x00\x00\x00\x00\x00\x00\x00\x00\x00\x00\x00\x00\x00\x00\x00\x00\x00\x00\x00\x00\x00\x00\x00\x00\x00\x00\x00\x00\x00\x00\x00\x00\x00\x00\x00\x00\x00\x00\x00\x00\x00\x00\x00\x00\x00\x00\x00\x00\x00\x00\x00\x00\x00\x00\x00\x00\x00\x00\x00\x00\x00\x00\x00\x00\x00\x00\x00\x00\x00\x00\x00\x00\x00\x00\x00\x00\x00\x00\x00\x00\x00\x00\x00\x00\x00\x00\x00\x00\x00\x00\x00\x00\x00\x00\x00\x00\x00\x00\x00\x00\x00\x00\x00\x00\x00\x00\x00\x00\x00\x00\x00\x00\x00\x00\x00\x00\x00\x00\x00\x00\x00\x00\x00\x00\x00\x00\x00\x00\x00\x00\x00\x00\x00\x00\x00\x00\x00\x00\x00\x00\x00\x00\x00\x00\x00\x00\x00\x00\x00\x00\x00\x00\x00\x00\x00\x00\x00\x00\x00\x00\x00\x00',)
2026-03-30 15:11:39,330 LT1-thread root DEBUG client.py                 82    logger_log                : IUT address 'd01769ee7819' 'public'
2026-03-30 15:11:39,330 LT1-thread root DEBUG client.py                 82    logger_log                : __gap_current_settings_update 531
2026-03-30 15:11:39,331 LT1-thread root DEBUG client.py                 82    logger_log                : Starting test function: class=<class 'autopts.ptsprojects.testcase.TestFunc'>, func=<bound method Stack.sdp_init of <autopts.ptsprojects.stack.stack.Stack object at 0x00000212C6BFA810>> start_wid=None stop_wid=None post_wid=None skip_call=None call_count=4 args=() kwds={}
2026-03-30 15:11:39,331 LT1-thread root DEBUG client.py                 82    logger_log                : Test function parameters: args=(), kwds={}
2026-03-30 15:11:39,331 LT1-thread root DEBUG client.py                 82    logger_log                : Starting test function: class=<class 'autopts.ptsprojects.testcase.TestFunc'>, func=<function test_cases.<locals>.<lambda> at 0x00000212C704E200> start_wid=None stop_wid=None post_wid=None skip_call=None call_count=4 args=() kwds={}
2026-03-30 15:11:39,331 LT1-thread root DEBUG client.py                 82    logger_log                : Test function parameters: args=(), kwds={}
2026-03-30 15:11:39,334 LT1-thread root DEBUG client.py                 82    logger_log                : Starting test function: class=<class 'autopts.ptsprojects.testcase.TestFunc'>, func=<function set_pts_addr at 0x00000212C55DC040> start_wid=None stop_wid=None post_wid=None skip_call=None call_count=4 args=('00:1B:DC:08:E4:4E', 0) kwds={}
2026-03-30 15:11:39,334 LT1-thread root DEBUG client.py                 82    logger_log                : Test function parameters: args=('00:1B:DC:08:E4:4E', 0), kwds={}
2026-03-30 15:11:39,334 LT1-thread root DEBUG client.py                 82    logger_log                : Starting test function: class=<class 'autopts.ptsprojects.testcase.TestFunc'>, func=<function core_reg_svc_sdp at 0x00000212C55DDA80> start_wid=None stop_wid=None post_wid=None skip_call=None call_count=4 args=() kwds={}
2026-03-30 15:11:39,334 LT1-thread root DEBUG client.py                 82    logger_log                : Test function parameters: args=(), kwds={}
2026-03-30 15:11:39,334 LT1-thread root DEBUG client.py                 82    logger_log                : core_reg_svc_univ: sdp_reg (SDP)
2026-03-30 15:11:39,334 LT1-thread root DEBUG client.py                 82    logger_log                : send, 0 3 255 '31'
2026-03-30 15:11:39,334 LT1-thread root DEBUG client.py                 82    logger_log                : sending frame '0003ff01001f'
2026-03-30 15:11:39,335 LT1-thread root DEBUG client.py                 82    logger_log                : core_reg_svc_rsp_succ
2026-03-30 15:11:39,335 LT1-thread root DEBUG client.py                 82    logger_log                : read
2026-03-30 15:11:39,365 BTPWorkerThread-88 (_rx_task) root DEBUG client.py                 82    logger_log                : Read 5 bytes
2026-03-30 15:11:39,375 BTPWorkerThread-88 (_rx_task) root DEBUG client.py                 82    logger_log                : Received: hdr: Header(svc_id=0x00, op=0x03, ctrl_index=0xff, data_len=0x00) bytearray(b'\x00\x03\xff\x00\x00')
2026-03-30 15:11:39,375 BTPWorkerThread-88 (_rx_task) root DEBUG client.py                 82    logger_log                : Received data: {''}, bytearray(b'')
2026-03-30 15:11:39,381 LT1-thread root DEBUG client.py                 82    logger_log                : received Header(svc_id=0, op=3, ctrl_index=255, data_len=0) (b'',)
2026-03-30 15:11:39,381 LT1-thread root DEBUG client.py                 82    logger_log                : expected ((0, 3, 255, 0), (b'',))
2026-03-30 15:11:39,381 LT1-thread root DEBUG client.py                 82    logger_log                : response is valid
2026-03-30 15:11:39,381 LT1-thread root DEBUG client.py                 82    logger_log                : Reading supported commands for service: SDP
2026-03-30 15:11:39,381 LT1-thread root DEBUG client.py                 82    logger_log                : send, 31 1 255 ''
2026-03-30 15:11:39,381 LT1-thread root DEBUG client.py                 82    logger_log                : sending frame '1f01ff0000'
2026-03-30 15:11:39,382 LT1-thread root DEBUG client.py                 82    logger_log                : read
2026-03-30 15:11:39,419 BTPWorkerThread-88 (_rx_task) root DEBUG client.py                 82    logger_log                : Read 5 bytes
2026-03-30 15:11:39,431 BTPWorkerThread-88 (_rx_task) root DEBUG client.py                 82    logger_log                : Received: hdr: Header(svc_id=0x1f, op=0x01, ctrl_index=0xff, data_len=0x01) bytearray(b'\x1f\x01\xff\x01\x00')
2026-03-30 15:11:39,441 BTPWorkerThread-88 (_rx_task) root DEBUG client.py                 82    logger_log                : Read 1 bytes data
2026-03-30 15:11:39,441 BTPWorkerThread-88 (_rx_task) root DEBUG client.py                 82    logger_log                : Received data: {'1e'}, bytearray(b'\x1e')
2026-03-30 15:11:39,441 LT1-thread root DEBUG client.py                 82    logger_log                : Starting test function: class=<class 'autopts.ptsprojects.testcase.TestFunc'>, func=<function core_reg_svc_rfcomm at 0x00000212C55DDB20> start_wid=None stop_wid=None post_wid=None skip_call=None call_count=4 args=() kwds={}
2026-03-30 15:11:39,441 LT1-thread root DEBUG client.py                 82    logger_log                : Test function parameters: args=(), kwds={}
2026-03-30 15:11:39,441 LT1-thread root DEBUG client.py                 82    logger_log                : core_reg_svc_univ: rfcomm_reg (RFCOMM)
2026-03-30 15:11:39,441 LT1-thread root DEBUG client.py                 82    logger_log                : send, 0 3 255 '32'
2026-03-30 15:11:39,441 LT1-thread root DEBUG client.py                 82    logger_log                : sending frame '0003ff010020'
2026-03-30 15:11:39,441 LT1-thread root DEBUG client.py                 82    logger_log                : core_reg_svc_rsp_succ
2026-03-30 15:11:39,442 LT1-thread root DEBUG client.py                 82    logger_log                : read
2026-03-30 15:11:39,480 BTPWorkerThread-88 (_rx_task) root DEBUG client.py                 82    logger_log                : Read 5 bytes
2026-03-30 15:11:39,491 BTPWorkerThread-88 (_rx_task) root DEBUG client.py                 82    logger_log                : Received: hdr: Header(svc_id=0x00, op=0x03, ctrl_index=0xff, data_len=0x00) bytearray(b'\x00\x03\xff\x00\x00')
2026-03-30 15:11:39,491 BTPWorkerThread-88 (_rx_task) root DEBUG client.py                 82    logger_log                : Received data: {''}, bytearray(b'')
2026-03-30 15:11:39,496 LT1-thread root DEBUG client.py                 82    logger_log                : received Header(svc_id=0, op=3, ctrl_index=255, data_len=0) (b'',)
2026-03-30 15:11:39,496 LT1-thread root DEBUG client.py                 82    logger_log                : expected ((0, 3, 255, 0), (b'',))
2026-03-30 15:11:39,496 LT1-thread root DEBUG client.py                 82    logger_log                : response is valid
2026-03-30 15:11:39,496 LT1-thread root DEBUG client.py                 82    logger_log                : Reading supported commands for service: RFCOMM
2026-03-30 15:11:39,497 LT1-thread root DEBUG client.py                 82    logger_log                : send, 32 1 255 ''
2026-03-30 15:11:39,497 LT1-thread root DEBUG client.py                 82    logger_log                : sending frame '2001ff0000'
2026-03-30 15:11:39,497 LT1-thread root DEBUG client.py                 82    logger_log                : read
2026-03-30 15:11:39,528 BTPWorkerThread-88 (_rx_task) root DEBUG client.py                 82    logger_log                : Read 5 bytes
2026-03-30 15:11:39,539 BTPWorkerThread-88 (_rx_task) root DEBUG client.py                 82    logger_log                : Received: hdr: Header(svc_id=0x20, op=0x01, ctrl_index=0xff, data_len=0x01) bytearray(b' \x01\xff\x01\x00')
2026-03-30 15:11:39,550 BTPWorkerThread-88 (_rx_task) root DEBUG client.py                 82    logger_log                : Read 1 bytes data
2026-03-30 15:11:39,550 BTPWorkerThread-88 (_rx_task) root DEBUG client.py                 82    logger_log                : Received data: {'fe'}, bytearray(b'\xfe')
2026-03-30 15:11:39,555 LT1-thread root DEBUG client.py                 82    logger_log                : Starting test function: class=<class 'autopts.ptsprojects.testcase.TestFunc'>, func=<function core_reg_svc_spp at 0x00000212C55DDBC0> start_wid=None stop_wid=None post_wid=None skip_call=None call_count=4 args=() kwds={}
2026-03-30 15:11:39,555 LT1-thread root DEBUG client.py                 82    logger_log                : Test function parameters: args=(), kwds={}
2026-03-30 15:11:39,555 LT1-thread root DEBUG client.py                 82    logger_log                : core_reg_svc_univ: spp_reg (SPP)
2026-03-30 15:11:39,555 LT1-thread root DEBUG client.py                 82    logger_log                : send, 0 3 255 '33'
2026-03-30 15:11:39,556 LT1-thread root DEBUG client.py                 82    logger_log                : sending frame '0003ff010021'
2026-03-30 15:11:39,556 LT1-thread root DEBUG client.py                 82    logger_log                : core_reg_svc_rsp_succ
2026-03-30 15:11:39,556 LT1-thread root DEBUG client.py                 82    logger_log                : read
2026-03-30 15:11:39,595 BTPWorkerThread-88 (_rx_task) root DEBUG client.py                 82    logger_log                : Read 5 bytes
2026-03-30 15:11:39,605 BTPWorkerThread-88 (_rx_task) root DEBUG client.py                 82    logger_log                : Received: hdr: Header(svc_id=0x00, op=0x03, ctrl_index=0xff, data_len=0x00) bytearray(b'\x00\x03\xff\x00\x00')
2026-03-30 15:11:39,610 BTPWorkerThread-88 (_rx_task) root DEBUG client.py                 82    logger_log                : Received data: {''}, bytearray(b'')
2026-03-30 15:11:39,615 LT1-thread root DEBUG client.py                 82    logger_log                : received Header(svc_id=0, op=3, ctrl_index=255, data_len=0) (b'',)
2026-03-30 15:11:39,615 LT1-thread root DEBUG client.py                 82    logger_log                : expected ((0, 3, 255, 0), (b'',))
2026-03-30 15:11:39,615 LT1-thread root DEBUG client.py                 82    logger_log                : response is valid
2026-03-30 15:11:39,615 LT1-thread root DEBUG client.py                 82    logger_log                : Reading supported commands for service: SPP
2026-03-30 15:11:39,615 LT1-thread root DEBUG client.py                 82    logger_log                : send, 33 1 255 ''
2026-03-30 15:11:39,615 LT1-thread root DEBUG client.py                 82    logger_log                : sending frame '2101ff0000'
2026-03-30 15:11:39,616 LT1-thread root DEBUG client.py                 82    logger_log                : read
2026-03-30 15:11:39,655 BTPWorkerThread-88 (_rx_task) root DEBUG client.py                 82    logger_log                : Read 5 bytes
2026-03-30 15:11:39,666 BTPWorkerThread-88 (_rx_task) root DEBUG client.py                 82    logger_log                : Received: hdr: Header(svc_id=0x21, op=0x01, ctrl_index=0xff, data_len=0x01) bytearray(b'!\x01\xff\x01\x00')
2026-03-30 15:11:39,681 BTPWorkerThread-88 (_rx_task) root DEBUG client.py                 82    logger_log                : Read 1 bytes data
2026-03-30 15:11:39,698 BTPWorkerThread-88 (_rx_task) root DEBUG client.py                 82    logger_log                : Received data: {'0e'}, bytearray(b'\x0e')
2026-03-30 15:11:39,714 LT1-thread root DEBUG client.py                 82    logger_log                : Starting test function: class=<class 'autopts.ptsprojects.testcase.TestFunc'>, func=<function gap_set_conn at 0x00000212C561EAC0> start_wid=None stop_wid=None post_wid=None skip_call=None call_count=4 args=() kwds={}
2026-03-30 15:11:39,714 LT1-thread root DEBUG client.py                 82    logger_log                : Test function parameters: args=(), kwds={}
2026-03-30 15:11:39,714 LT1-thread root DEBUG client.py                 82    logger_log                : gap_set_conn
2026-03-30 15:11:39,714 LT1-thread root DEBUG client.py                 82    logger_log                : Starting test function: class=<class 'autopts.ptsprojects.testcase.TestFunc'>, func=<function gap_set_gendiscov at 0x00000212C561ECA0> start_wid=None stop_wid=None post_wid=None skip_call=None call_count=4 args=() kwds={}
2026-03-30 15:11:39,714 LT1-thread root DEBUG client.py                 82    logger_log                : Test function parameters: args=(), kwds={}
2026-03-30 15:11:39,715 LT1-thread root DEBUG client.py                 82    logger_log                : gap_set_gendiscov
2026-03-30 15:11:39,715 LT1-thread root DEBUG client.py                 82    logger_log                : send, 1 8 0 '1'
2026-03-30 15:11:39,715 LT1-thread root DEBUG client.py                 82    logger_log                : sending frame '010800010001'
2026-03-30 15:11:39,715 LT1-thread root DEBUG client.py                 82    logger_log                : gap_command_rsp_succ
2026-03-30 15:11:39,715 LT1-thread root DEBUG client.py                 82    logger_log                : read
2026-03-30 15:11:39,770 BTPWorkerThread-88 (_rx_task) root DEBUG client.py                 82    logger_log                : Read 5 bytes
2026-03-30 15:11:39,781 BTPWorkerThread-88 (_rx_task) root DEBUG client.py                 82    logger_log                : Received: hdr: Header(svc_id=0x01, op=0x08, ctrl_index=0x00, data_len=0x04) bytearray(b'\x01\x08\x00\x04\x00')
2026-03-30 15:11:39,787 BTPWorkerThread-88 (_rx_task) root DEBUG client.py                 82    logger_log                : Read 4 bytes data
2026-03-30 15:11:39,787 BTPWorkerThread-88 (_rx_task) root DEBUG client.py                 82    logger_log                : Received data: {'1b 02 00 00'}, bytearray(b'\x1b\x02\x00\x00')
2026-03-30 15:11:39,792 LT1-thread root DEBUG client.py                 82    logger_log                : received Header(svc_id=1, op=8, ctrl_index=0, data_len=4) (b'\x1b\x02\x00\x00',)
2026-03-30 15:11:39,792 LT1-thread root DEBUG client.py                 82    logger_log                : __gap_current_settings_update (b'\x1b\x02\x00\x00',)
2026-03-30 15:11:39,792 LT1-thread root DEBUG client.py                 82    logger_log                : Starting test function: class=<class 'autopts.ptsprojects.testcase.TestFunc'>, func=<bound method Stack.rfcomm_init of <autopts.ptsprojects.stack.stack.Stack object at 0x00000212C6BFA810>> start_wid=None stop_wid=None post_wid=None skip_call=None call_count=4 args=() kwds={}
2026-03-30 15:11:39,793 LT1-thread root DEBUG client.py                 82    logger_log                : Test function parameters: args=(), kwds={}
2026-03-30 15:11:39,793 LT1-thread root DEBUG client.py                 82    logger_log                : Starting test function: class=<class 'autopts.ptsprojects.testcase.TestFunc'>, func=<bound method Stack.spp_init of <autopts.ptsprojects.stack.stack.Stack object at 0x00000212C6BFA810>> start_wid=None stop_wid=None post_wid=None skip_call=None call_count=4 args=() kwds={}
2026-03-30 15:11:39,793 LT1-thread root DEBUG client.py                 82    logger_log                : Test function parameters: args=(), kwds={}
2026-03-30 15:11:39,793 LT1-thread root DEBUG client.py                 82    logger_log                : __init__
2026-03-30 15:11:39,795 LT1-thread root DEBUG client.py                 82    logger_log                : ClientCallback.get_result run_test_case
2026-03-30 15:11:43,379 LT1-callback ClientCallback.on_implicit_send INFO client.py                 82    logger_log                : 
    ********************
    BEGIN OnImplicitSend:
    project_name: SPP
    wid: 20000
    test_case_name: SPP/DEVB/SGSIT/SERR/BV-01-C
    description: Please prepare IUT into a connectable mode in BR/EDR.

Description: Verify that the Implementation Under Test (IUT) can accept GATT connect request from PTS.
    style: MMI_Style_Ok_Cancel1 0x11041
2026-03-30 15:11:43,379 LT1-callback ClientCallback.on_implicit_send INFO client.py                 82    logger_log                : Calling test cases on_implicit_send
2026-03-30 15:11:43,379 LT1-callback ClientCallback.on_implicit_send INFO client.py                 82    logger_log                : 
    on_implicit_send returned response: WAIT
    END OnImplicitSend
    ********************
2026-03-30 15:11:43,796 LT1-thread root DEBUG client.py                 82    logger_log                : SPP SPP/DEVB/SGSIT/SERR/BV-01-C on_implicit_send
2026-03-30 15:11:43,796 LT1-thread root DEBUG client.py                 82    logger_log                : spp_wid_hdl, 20000, Please prepare IUT into a connectable mode in BR/EDR.

Description: Verify that the Implementation Under Test (IUT) can accept GATT connect request from PTS., SPP/DEVB/SGSIT/SERR/BV-01-C
2026-03-30 15:11:43,796 LT1-thread root DEBUG client.py                 82    logger_log                : spp_register_server channel=5
2026-03-30 15:11:43,796 LT1-thread root DEBUG client.py                 82    logger_log                : send, 33 3 0 "bytearray(b'\\x05')"
2026-03-30 15:11:43,796 LT1-thread root DEBUG client.py                 82    logger_log                : sending frame '210300010005'
2026-03-30 15:11:43,797 LT1-thread root DEBUG client.py                 82    logger_log                : spp_command_rsp_succ
2026-03-30 15:11:43,797 LT1-thread root DEBUG client.py                 82    logger_log                : read
2026-03-30 15:11:43,835 BTPWorkerThread-88 (_rx_task) root DEBUG client.py                 82    logger_log                : Read 5 bytes
2026-03-30 15:11:43,846 BTPWorkerThread-88 (_rx_task) root DEBUG client.py                 82    logger_log                : Received: hdr: Header(svc_id=0x21, op=0x03, ctrl_index=0x00, data_len=0x00) bytearray(b'!\x03\x00\x00\x00')
2026-03-30 15:11:43,857 BTPWorkerThread-88 (_rx_task) root DEBUG client.py                 82    logger_log                : Received data: {''}, bytearray(b'')
2026-03-30 15:11:43,862 LT1-thread root DEBUG client.py                 82    logger_log                : received Header(svc_id=33, op=3, ctrl_index=0, data_len=0) (b'',)
2026-03-30 15:11:43,862 LT1-thread root DEBUG client.py                 82    logger_log                : gap_set_conn
2026-03-30 15:11:43,862 LT1-thread root DEBUG client.py                 82    logger_log                : gap_set_gendiscov
2026-03-30 15:11:43,862 LT1-thread root DEBUG client.py                 82    logger_log                : send, 1 8 0 '1'
2026-03-30 15:11:43,862 LT1-thread root DEBUG client.py                 82    logger_log                : sending frame '010800010001'
2026-03-30 15:11:43,863 LT1-thread root DEBUG client.py                 82    logger_log                : gap_command_rsp_succ
2026-03-30 15:11:43,863 LT1-thread root DEBUG client.py                 82    logger_log                : read
2026-03-30 15:11:43,954 BTPWorkerThread-88 (_rx_task) root DEBUG client.py                 82    logger_log                : Read 5 bytes
2026-03-30 15:11:43,965 BTPWorkerThread-88 (_rx_task) root DEBUG client.py                 82    logger_log                : Received: hdr: Header(svc_id=0x01, op=0x08, ctrl_index=0x00, data_len=0x04) bytearray(b'\x01\x08\x00\x04\x00')
2026-03-30 15:11:43,970 BTPWorkerThread-88 (_rx_task) root DEBUG client.py                 82    logger_log                : Read 4 bytes data
2026-03-30 15:11:43,976 BTPWorkerThread-88 (_rx_task) root DEBUG client.py                 82    logger_log                : Received data: {'1b 02 00 00'}, bytearray(b'\x1b\x02\x00\x00')
2026-03-30 15:11:43,981 LT1-thread root DEBUG client.py                 82    logger_log                : received Header(svc_id=1, op=8, ctrl_index=0, data_len=4) (b'\x1b\x02\x00\x00',)
2026-03-30 15:11:43,981 LT1-thread root DEBUG client.py                 82    logger_log                : __gap_current_settings_update (b'\x1b\x02\x00\x00',)
2026-03-30 15:11:43,981 LT1-thread root DEBUG client.py                 82    logger_log                : Sending response 'OK' to wid 20000 test case SPP/DEVB/SGSIT/SERR/BV-01-C
2026-03-30 15:11:43,983 LT1-thread root DEBUG client.py                 82    logger_log                : ClientCallback.get_result run_test_case
2026-03-30 15:11:46,616 BTPWorkerThread-88 (_rx_task) root DEBUG client.py                 82    logger_log                : Read 5 bytes
2026-03-30 15:11:46,616 BTPWorkerThread-88 (_rx_task) root DEBUG client.py                 82    logger_log                : Received: hdr: Header(svc_id=0x01, op=0x82, ctrl_index=0x00, data_len=0x0d) bytearray(b'\x01\x82\x00\r\x00')
2026-03-30 15:11:46,616 BTPWorkerThread-88 (_rx_task) root DEBUG client.py                 82    logger_log                : Read 13 bytes data
2026-03-30 15:11:46,616 BTPWorkerThread-88 (_rx_task) root DEBUG client.py                 82    logger_log                : Received data: {'e0 4e e4 08 dc 1b 00 00 00 00 00 00 00'}, bytearray(b'\xe0N\xe4\x08\xdc\x1b\x00\x00\x00\x00\x00\x00\x00')
2026-03-30 15:11:46,616 BTPWorkerThread-88 (_rx_task) root DEBUG client.py                 82    logger_log                : event_handler Header(svc_id=1, op=130, ctrl_index=0, data_len=13) (b'\xe0N\xe4\x08\xdc\x1b\x00\x00\x00\x00\x00\x00\x00',)
2026-03-30 15:11:46,616 BTPWorkerThread-88 (_rx_task) root DEBUG client.py                 82    logger_log                : gap_connected_ev_ b'\xe0N\xe4\x08\xdc\x1b\x00\x00\x00\x00\x00\x00\x00'
2026-03-30 15:11:46,616 BTPWorkerThread-88 (_rx_task) root DEBUG client.py                 82    logger_log                : Read 5 bytes
2026-03-30 15:11:46,616 BTPWorkerThread-88 (_rx_task) root DEBUG client.py                 82    logger_log                : Received: hdr: Header(svc_id=0x01, op=0x80, ctrl_index=0x00, data_len=0x04) bytearray(b'\x01\x80\x00\x04\x00')
2026-03-30 15:11:46,617 BTPWorkerThread-88 (_rx_task) root DEBUG client.py                 82    logger_log                : Read 4 bytes data
2026-03-30 15:11:46,617 BTPWorkerThread-88 (_rx_task) root DEBUG client.py                 82    logger_log                : Received data: {'1b 02 00 00'}, bytearray(b'\x1b\x02\x00\x00')
2026-03-30 15:11:46,617 BTPWorkerThread-88 (_rx_task) root DEBUG client.py                 82    logger_log                : event_handler Header(svc_id=1, op=128, ctrl_index=0, data_len=4) (b'\x1b\x02\x00\x00',)
2026-03-30 15:11:46,617 BTPWorkerThread-88 (_rx_task) root DEBUG client.py                 82    logger_log                : gap_new_settings_ev_ b'\x1b\x02\x00\x00'
2026-03-30 15:11:46,617 BTPWorkerThread-88 (_rx_task) root DEBUG client.py                 82    logger_log                : __gap_current_settings_update 539
2026-03-30 15:11:47,694 BTPWorkerThread-88 (_rx_task) root DEBUG client.py                 82    logger_log                : Read 5 bytes
2026-03-30 15:11:47,695 BTPWorkerThread-88 (_rx_task) root DEBUG client.py                 82    logger_log                : Received: hdr: Header(svc_id=0x01, op=0x83, ctrl_index=0x00, data_len=0x07) bytearray(b'\x01\x83\x00\x07\x00')
2026-03-30 15:11:47,695 BTPWorkerThread-88 (_rx_task) root DEBUG client.py                 82    logger_log                : Read 7 bytes data
2026-03-30 15:11:47,695 BTPWorkerThread-88 (_rx_task) root DEBUG client.py                 82    logger_log                : Received data: {'e0 4e e4 08 dc 1b 00'}, bytearray(b'\xe0N\xe4\x08\xdc\x1b\x00')
2026-03-30 15:11:47,695 BTPWorkerThread-88 (_rx_task) root DEBUG client.py                 82    logger_log                : event_handler Header(svc_id=1, op=131, ctrl_index=0, data_len=7) (b'\xe0N\xe4\x08\xdc\x1b\x00',)
2026-03-30 15:11:47,695 BTPWorkerThread-88 (_rx_task) root DEBUG client.py                 82    logger_log                : gap_disconnected_ev_ b'\xe0N\xe4\x08\xdc\x1b\x00'
2026-03-30 15:11:50,413 LT1-callback ClientCallback.log INFO client.py                 82    logger_log                : PTS_LOGTYPE_START_TEST Start Test Case 

+1656 ms
 SPP/DEVB/SGSIT/SERR/BV-01-C SPP/DEVB/SGSIT/SERR/BV-01-C

2026-03-30 15:11:50,687 LT1-callback ClientCallback.log INFO client.py                 82    logger_log                : PTS_LOGTYPE_FINAL_VERDICT Final Verdict 

+9906 ms
 SPP/DEVB/SGSIT/SERR/BV-01-C PASS

2026-03-30 15:11:50,691 LT1-callback ClientCallback.log INFO client.py                 82    logger_log                : PTS_LOGTYPE_FINAL_VERDICT Encrypted Verdict 

+9906 ms
 SPP/DEVB/SGSIT/SERR/BV-01-C A1#MGI1OGMwYWJiMWVlYTRjMmRiMTU0YWIyOGQ1ZDIxNzFmZWJmOGMyYzI0ODBmZjEzMzkxMzFlOTNjYjdiYjgxMQ==#o4kA7ayjfkAHNnToGLfB37+s3O45ZkeCI4mM3YRau8F7v/3O10fHIq0ibvPk/UFm2e3ykJ86ZAM=

2026-03-30 15:11:50,696 LT1-callback ClientCallback.log INFO client.py                 82    logger_log                : PTS_LOGTYPE_END_TEST Test Case Ended 

+9906 ms
 SPP/DEVB/SGSIT/SERR/BV-01-C SPP/DEVB/SGSIT/SERR/BV-01-C

2026-03-30 15:11:50,806 LT1-callback root DEBUG client.py                 82    logger_log                : ClientCallback, set_result, run_test_case, PASS
2026-03-30 15:11:50,807 LT1-thread root DEBUG client.py                 82    logger_log                : After run_test_case error_code=0 status='PASS'
2026-03-30 15:11:50,807 LT1-thread root DEBUG client.py                 82    logger_log                : post_run SPP SPP/DEVB/SGSIT/SERR/BV-01-C 0
2026-03-30 15:11:50,807 LT1-thread root DEBUG client.py                 82    logger_log                : Starting test function: class=<class 'autopts.ptsprojects.testcase.TestFuncCleanUp'>, func=<bound method Stack.cleanup of <autopts.ptsprojects.stack.stack.Stack object at 0x00000212C6BFA810>> start_wid=None stop_wid=None post_wid=None skip_call=None call_count=2 args=() kwds={}
2026-03-30 15:11:50,807 LT1-thread root DEBUG client.py                 82    logger_log                : Test function parameters: args=(), kwds={}
2026-03-30 15:11:50,808 LT1-thread root DEBUG client.py                 82    logger_log                : __init__
2026-03-30 15:11:50,808 LT1-thread root DEBUG client.py                 82    logger_log                : Starting test function: class=<class 'autopts.ptsprojects.testcase.TestFuncCleanUp'>, func=<bound method ZephyrCtl.stop of <autopts.ptsprojects.zephyr.iutctl.ZephyrCtl object at 0x00000212C6663FE0>> start_wid=None stop_wid=None post_wid=None skip_call=None call_count=2 args=() kwds={}
2026-03-30 15:11:50,808 LT1-thread root DEBUG client.py                 82    logger_log                : Test function parameters: args=(), kwds={}
2026-03-30 15:11:50,808 LT1-thread root DEBUG client.py                 82    logger_log                : <class 'autopts.ptsprojects.zephyr.iutctl.ZephyrCtl'>.stop
2026-03-30 15:11:50,808 LT1-thread root DEBUG client.py                 82    logger_log                : About to reset DUT: JLink -CommandFile reset.jlink -usb 1063214216 -device MIMXRT1176XXXA_M7
2026-03-30 15:11:51,163 BTPWorkerThread-88 (_rx_task) root DEBUG client.py                 82    logger_log                : Read 5 bytes
2026-03-30 15:11:51,165 BTPWorkerThread-88 (_rx_task) root DEBUG client.py                 82    logger_log                : Received: hdr: Header(svc_id=0x00, op=0x80, ctrl_index=0xff, data_len=0x00) bytearray(b'\x00\x80\xff\x00\x00')
2026-03-30 15:11:51,165 BTPWorkerThread-88 (_rx_task) root DEBUG client.py                 82    logger_log                : Received data: {''}, bytearray(b'')
2026-03-30 15:11:51,165 BTPWorkerThread-88 (_rx_task) root DEBUG client.py                 82    logger_log                : event_handler Header(svc_id=0, op=128, ctrl_index=255, data_len=0) (b'',)
2026-03-30 15:11:51,165 BTPWorkerThread-88 (_rx_task) root DEBUG client.py                 82    logger_log                : core_iut_ready_ev
2026-03-30 15:11:51,631 LT1-thread root DEBUG client.py                 82    logger_log                : IUT ready event received OK
2026-03-30 15:11:51,631 LT1-thread root DEBUG client.py                 82    logger_log                : Waiting for _rx_worker to finish ...
2026-03-30 15:11:52,165 BTPWorkerThread-88 (_rx_task) root DEBUG client.py                 82    logger_log                : BTPWorkerThread-88 (_rx_task) finishing...
2026-03-30 15:11:55,173 LT1-thread root DEBUG client.py                 82    logger_log                : post_run, cleanup running post test case script
2026-03-30 15:11:55,173 LT1-thread root DEBUG client.py                 82    logger_log                : post_run, run post test case script
2026-03-30 15:11:55,269 LT1-thread root DEBUG client.py                 82    logger_log                : Done TestCase _run_test_case SPP SPP/DEVB/SGSIT/SERR/BV-01-C
