2026-10-09 06:04:32,390 LT1-thread root DEBUG client.py                 1099  _run_test_case            : Starting TestCase _run_test_case L2CAP L2CAP/COS/CED/BI-01-C
2026-10-09 06:04:32,390 LT1-thread root DEBUG testcase.py               727   pre_run                   : pre_run L2CAP L2CAP/COS/CED/BI-01-C
2026-10-09 06:04:32,392 LT1-thread root DEBUG testcase.py               729   pre_run                   : About to run test case L2CAP L2CAP/COS/CED/BI-01-C with commands:
2026-10-09 06:04:32,392 LT1-thread root DEBUG testcase.py               731   pre_run                   : 0) class=<class 'autopts.ptsprojects.testcase.TestFunc'>, func=<bound method ZTestCase._test_case_start of <autopts.ptsprojects.zephyr.ztestcase.ZTestCase object at 0x000002C687C89130>> start_wid=None stop_wid=None post_wid=None skip_call=None call_count=0 args=() kwds={}
2026-10-09 06:04:32,393 LT1-thread root DEBUG testcase.py               731   pre_run                   : 1) class=<class 'autopts.ptsprojects.testcase.TestFunc'>, func=<function core_reg_svc_gap at 0x000002C684E2E160> start_wid=None stop_wid=None post_wid=None skip_call=None call_count=8 args=() kwds={}
2026-10-09 06:04:32,393 LT1-thread root DEBUG testcase.py               731   pre_run                   : 2) class=<class 'autopts.ptsprojects.testcase.TestFunc'>, func=<function core_reg_svc_l2cap at 0x000002C684E2E3E0> start_wid=None stop_wid=None post_wid=None skip_call=None call_count=8 args=() kwds={}
2026-10-09 06:04:32,393 LT1-thread root DEBUG testcase.py               731   pre_run                   : 3) class=<class 'autopts.ptsprojects.testcase.TestFunc'>, func=<function gap_read_controller_info at 0x000002C684E6EB60> start_wid=None stop_wid=None post_wid=None skip_call=None call_count=8 args=() kwds={}
2026-10-09 06:04:32,393 LT1-thread root DEBUG testcase.py               731   pre_run                   : 4) class=<class 'autopts.ptsprojects.testcase.TestFunc'>, func=<function test_cases.<locals>.<lambda> at 0x000002C687BC3380> start_wid=None stop_wid=None post_wid=None skip_call=None call_count=8 args=() kwds={}
2026-10-09 06:04:32,393 LT1-thread root DEBUG testcase.py               731   pre_run                   : 5) class=<class 'autopts.ptsprojects.testcase.TestFunc'>, func=<function test_cases.<locals>.<lambda> at 0x000002C687C134C0> start_wid=None stop_wid=None post_wid=None skip_call=None call_count=8 args=() kwds={}
2026-10-09 06:04:32,393 LT1-thread root DEBUG testcase.py               731   pre_run                   : 6) class=<class 'autopts.ptsprojects.testcase.TestFunc'>, func=<function test_cases.<locals>.<lambda> at 0x000002C687C13A60> start_wid=None stop_wid=None post_wid=None skip_call=None call_count=8 args=() kwds={}
2026-10-09 06:04:32,393 LT1-thread root DEBUG testcase.py               731   pre_run                   : 7) class=<class 'autopts.ptsprojects.testcase.TestFunc'>, func=<function test_cases.<locals>.<lambda> at 0x000002C687C13D80> start_wid=None stop_wid=None post_wid=None skip_call=None call_count=8 args=() kwds={}
2026-10-09 06:04:32,393 LT1-thread root DEBUG testcase.py               731   pre_run                   : 8) class=<class 'autopts.ptsprojects.testcase.TestFunc'>, func=<function test_cases.<locals>.<lambda> at 0x000002C687C322A0> start_wid=None stop_wid=None post_wid=None skip_call=None call_count=8 args=() kwds={}
2026-10-09 06:04:32,393 LT1-thread root DEBUG testcase.py               731   pre_run                   : 9) class=<class 'autopts.ptsprojects.testcase.TestFunc'>, func=<function test_cases.<locals>.<lambda> at 0x000002C687C31440> start_wid=None stop_wid=None post_wid=None skip_call=None call_count=8 args=() kwds={}
2026-10-09 06:04:32,393 LT1-thread root DEBUG testcase.py               731   pre_run                   : 10) class=<class 'autopts.ptsprojects.testcase.TestFunc'>, func=<function test_cases.<locals>.<lambda> at 0x000002C687C313A0> start_wid=None stop_wid=None post_wid=None skip_call=None call_count=8 args=() kwds={}
2026-10-09 06:04:32,393 LT1-thread root DEBUG testcase.py               731   pre_run                   : 11) class=<class 'autopts.ptsprojects.testcase.TestFunc'>, func=<function test_cases.<locals>.<lambda> at 0x000002C687C32F20> start_wid=None stop_wid=None post_wid=None skip_call=None call_count=8 args=() kwds={}
2026-10-09 06:04:32,393 LT1-thread root DEBUG testcase.py               731   pre_run                   : 12) class=<class 'autopts.ptsprojects.testcase.TestFunc'>, func=<function test_cases.<locals>.<lambda> at 0x000002C687C32FC0> start_wid=None stop_wid=None post_wid=None skip_call=None call_count=8 args=() kwds={}
2026-10-09 06:04:32,394 LT1-thread root DEBUG testcase.py               731   pre_run                   : 13) class=<class 'autopts.ptsprojects.testcase.TestFunc'>, func=<function test_cases.<locals>.<lambda> at 0x000002C687C33060> start_wid=None stop_wid=None post_wid=None skip_call=None call_count=8 args=() kwds={}
2026-10-09 06:04:32,394 LT1-thread root DEBUG testcase.py               731   pre_run                   : 14) class=<class 'autopts.ptsprojects.testcase.TestFunc'>, func=<function test_cases.<locals>.<lambda> at 0x000002C687C33100> start_wid=None stop_wid=None post_wid=None skip_call=None call_count=8 args=() kwds={}
2026-10-09 06:04:32,394 LT1-thread root DEBUG testcase.py               731   pre_run                   : 15) class=<class 'autopts.ptsprojects.testcase.TestFunc'>, func=<function set_pts_addr at 0x000002C684E2DD00> start_wid=None stop_wid=None post_wid=None skip_call=None call_count=8 args=('00:1B:DC:08:E4:4E', 0) kwds={}
2026-10-09 06:04:32,394 LT1-thread root DEBUG testcase.py               731   pre_run                   : 16) class=<class 'autopts.ptsprojects.testcase.TestFunc'>, func=<function test_cases.<locals>.<lambda> at 0x000002C687C331A0> start_wid=None stop_wid=None post_wid=None skip_call=None call_count=8 args=() kwds={}
2026-10-09 06:04:32,394 LT1-thread root DEBUG testcase.py               731   pre_run                   : 17) class=<class 'autopts.ptsprojects.testcase.TestFunc'>, func=<function test_cases.<locals>.<lambda> at 0x000002C687C33240> start_wid=None stop_wid=None post_wid=None skip_call=None call_count=8 args=() kwds={}
2026-10-09 06:04:32,394 LT1-thread root DEBUG testcase.py               731   pre_run                   : 18) class=<class 'autopts.ptsprojects.testcase.TestFunc'>, func=<function test_cases.<locals>.<lambda> at 0x000002C687C332E0> start_wid=None stop_wid=None post_wid=None skip_call=None call_count=8 args=() kwds={}
2026-10-09 06:04:32,394 LT1-thread root DEBUG testcase.py               731   pre_run                   : 19) class=<class 'autopts.ptsprojects.testcase.TestFunc'>, func=<function test_cases.<locals>.<lambda> at 0x000002C687C33380> start_wid=None stop_wid=None post_wid=None skip_call=None call_count=8 args=() kwds={}
2026-10-09 06:04:32,394 LT1-thread root DEBUG testcase.py               731   pre_run                   : 20) class=<class 'autopts.ptsprojects.testcase.TestFunc'>, func=<function gap_set_io_capability at 0x000002C684E6E020> start_wid=None stop_wid=None post_wid=None skip_call=None call_count=8 args=(3,) kwds={}
2026-10-09 06:04:32,394 LT1-thread root DEBUG testcase.py               731   pre_run                   : 21) class=<class 'autopts.ptsprojects.testcase.TestFunc'>, func=<bound method Stack.l2cap_init of <autopts.ptsprojects.stack.stack.Stack object at 0x000002C6862F6F00>> start_wid=None stop_wid=None post_wid=None skip_call=None call_count=8 args=(4097, 120) kwds={}
2026-10-09 06:04:32,394 LT1-thread root DEBUG testcase.py               731   pre_run                   : 22) class=<class 'autopts.ptsprojects.testcase.TestFunc'>, func=<function l2cap_br_listen at 0x000002C684ED49A0> start_wid=None stop_wid=None post_wid=None skip_call=None call_count=8 args=(4097, 120, 4) kwds={}
2026-10-09 06:04:32,394 LT1-thread root DEBUG testcase.py               731   pre_run                   : 23) class=<class 'autopts.ptsprojects.testcase.TestFuncCleanUp'>, func=<bound method ZTestCase._test_case_cleanup of <autopts.ptsprojects.zephyr.ztestcase.ZTestCase object at 0x000002C687C89130>> start_wid=None stop_wid=None post_wid=None skip_call=None call_count=0 args=() kwds={}
2026-10-09 06:04:32,394 LT1-thread root DEBUG testcase.py               738   pre_run                   : pre_run, run pre test case script
2026-10-09 06:04:32,402 LT1-thread root DEBUG testcase.py               254   start                     : Starting test function: class=<class 'autopts.ptsprojects.testcase.TestFunc'>, func=<bound method ZTestCase._test_case_start of <autopts.ptsprojects.zephyr.ztestcase.ZTestCase object at 0x000002C687C89130>> start_wid=None stop_wid=None post_wid=None skip_call=None call_count=1 args=() kwds={}
2026-10-09 06:04:32,403 LT1-thread root DEBUG testcase.py               266   start                     : Test function parameters: args=(), kwds={}
2026-10-09 06:04:32,403 LT1-thread root DEBUG iutctl.py                 172   start                     : <class 'autopts.ptsprojects.zephyr.iutctl.create_zephyr_ctl_class.<locals>.ZephyrCtl'>.start
2026-10-09 06:04:32,403 LT1-thread root DEBUG iutctl.py                 325   flush_serial              : <class 'autopts.ptsprojects.zephyr.iutctl.create_zephyr_ctl_class.<locals>.ZephyrCtl'>.flush_serial
2026-10-09 06:04:33,585 LT1-thread root DEBUG iutctl.py                 249   _start_tty_mode           : Starting socat process: socat.exe -x -v tcp:10.17.12.9:50680,retry=100,interval=1 /dev/ttyS2,raw,b115200,
2026-10-09 06:04:33,592 LT1-thread root DEBUG iutctl_common.py          402   accept                    : 
2026-10-09 06:04:33,664 BTPWorkerThread-26923 (_rx_task) root DEBUG iutctl_common.py          299   _rx_task                  : BTPWorkerThread-26923 (_rx_task) started
2026-10-09 06:04:33,664 LT1-thread root DEBUG iutctl.py                 395   wait_iut_ready_event      : IUT ready event received OK
2026-10-09 06:04:33,664 LT1-thread root DEBUG btp.py                    51    read_supp_svcs            : 
2026-10-09 06:04:33,665 LT1-thread root DEBUG iutctl_common.py          161   send                      : 0 2 255 ''
2026-10-09 06:04:33,665 LT1-thread root DEBUG iutctl_common.py          166   send                      : sending frame '0002ff0000'
2026-10-09 06:04:33,665 LT1-thread root DEBUG iutctl_common.py          339   read                      : 
2026-10-09 06:04:33,676 BTPWorkerThread-26923 (_rx_task) root DEBUG iutctl_common.py          123   read                      : Read 3 bytes
2026-10-09 06:04:33,692 BTPWorkerThread-26923 (_rx_task) root DEBUG iutctl_common.py          123   read                      : Read 2 bytes
2026-10-09 06:04:33,692 BTPWorkerThread-26923 (_rx_task) root DEBUG iutctl_common.py          131   read                      : Received: hdr: Header(svc_id=0x00, op=0x02, ctrl_index=0xff, data_len=0x06) bytearray(b'\x00\x02\xff\x06\x00')
2026-10-09 06:04:33,697 BTPWorkerThread-26923 (_rx_task) root DEBUG iutctl_common.py          139   read                      : Read 6 bytes data
2026-10-09 06:04:33,707 BTPWorkerThread-26923 (_rx_task) root DEBUG iutctl_common.py          154   read                      : Received data: {'0f 00 00 a0 ff 03'}, bytearray(b'\x0f\x00\x00\xa0\xff\x03')
2026-10-09 06:04:33,712 LT1-thread root DEBUG btp.py                    62    read_supp_svcs            : received Header(svc_id=0, op=2, ctrl_index=255, data_len=6) (b'\x0f\x00\x00\xa0\xff\x03',)
2026-10-09 06:04:33,712 LT1-thread root DEBUG testcase.py               254   start                     : Starting test function: class=<class 'autopts.ptsprojects.testcase.TestFunc'>, func=<function core_reg_svc_gap at 0x000002C684E2E160> start_wid=None stop_wid=None post_wid=None skip_call=None call_count=9 args=() kwds={}
2026-10-09 06:04:33,712 LT1-thread root DEBUG testcase.py               266   start                     : Test function parameters: args=(), kwds={}
2026-10-09 06:04:33,712 LT1-thread root DEBUG btp.py                    117   core_reg_svc_univ         : core_reg_svc_univ: gap_reg (GAP)
2026-10-09 06:04:33,712 LT1-thread root DEBUG iutctl_common.py          161   send                      : 0 3 255 '1'
2026-10-09 06:04:33,712 LT1-thread root DEBUG iutctl_common.py          166   send                      : sending frame '0003ff010001'
2026-10-09 06:04:33,713 LT1-thread root DEBUG btp.py                    654   core_reg_svc_rsp_succ     : 
2026-10-09 06:04:33,713 LT1-thread root DEBUG iutctl_common.py          339   read                      : 
2026-10-09 06:04:37,835 BTPWorkerThread-26923 (_rx_task) root DEBUG iutctl_common.py          123   read                      : Read 5 bytes
2026-10-09 06:04:37,845 BTPWorkerThread-26923 (_rx_task) root DEBUG iutctl_common.py          131   read                      : Received: hdr: Header(svc_id=0x00, op=0x03, ctrl_index=0xff, data_len=0x00) bytearray(b'\x00\x03\xff\x00\x00')
2026-10-09 06:04:37,850 BTPWorkerThread-26923 (_rx_task) root DEBUG iutctl_common.py          154   read                      : Received data: {''}, bytearray(b'')
2026-10-09 06:04:37,861 LT1-thread root DEBUG btp.py                    665   core_reg_svc_rsp_succ     : received Header(svc_id=0, op=3, ctrl_index=255, data_len=0) (b'',)
2026-10-09 06:04:37,861 LT1-thread root DEBUG btp.py                    666   core_reg_svc_rsp_succ     : expected ((0, 3, 255, 0), (b'',))
2026-10-09 06:04:37,861 LT1-thread root DEBUG btp.py                    671   core_reg_svc_rsp_succ     : response is valid
2026-10-09 06:04:37,861 LT1-thread root DEBUG btp.py                    674   core_reg_svc_rsp_succ     : Reading supported commands for service: GAP
2026-10-09 06:04:37,861 LT1-thread root DEBUG iutctl_common.py          161   send                      : 1 1 255 ''
2026-10-09 06:04:37,862 LT1-thread root DEBUG iutctl_common.py          166   send                      : sending frame '0101ff0000'
2026-10-09 06:04:37,862 LT1-thread root DEBUG iutctl_common.py          339   read                      : 
2026-10-09 06:04:37,893 BTPWorkerThread-26923 (_rx_task) root DEBUG iutctl_common.py          123   read                      : Read 5 bytes
2026-10-09 06:04:37,903 BTPWorkerThread-26923 (_rx_task) root DEBUG iutctl_common.py          131   read                      : Received: hdr: Header(svc_id=0x01, op=0x01, ctrl_index=0xff, data_len=0x07) bytearray(b'\x01\x01\xff\x07\x00')
2026-10-09 06:04:37,908 BTPWorkerThread-26923 (_rx_task) root DEBUG iutctl_common.py          139   read                      : Read 7 bytes data
2026-10-09 06:04:37,914 BTPWorkerThread-26923 (_rx_task) root DEBUG iutctl_common.py          154   read                      : Received data: {'6e ff 7f 1f fe ff 2e'}, bytearray(b'n\xff\x7f\x1f\xfe\xff.')
2026-10-09 06:04:37,919 LT1-thread root DEBUG testcase.py               254   start                     : Starting test function: class=<class 'autopts.ptsprojects.testcase.TestFunc'>, func=<function core_reg_svc_l2cap at 0x000002C684E2E3E0> start_wid=None stop_wid=None post_wid=None skip_call=None call_count=9 args=() kwds={}
2026-10-09 06:04:37,919 LT1-thread root DEBUG testcase.py               266   start                     : Test function parameters: args=(), kwds={}
2026-10-09 06:04:37,919 LT1-thread root DEBUG btp.py                    117   core_reg_svc_univ         : core_reg_svc_univ: l2cap_reg (L2CAP)
2026-10-09 06:04:37,919 LT1-thread root DEBUG iutctl_common.py          161   send                      : 0 3 255 '3'
2026-10-09 06:04:37,919 LT1-thread root DEBUG iutctl_common.py          166   send                      : sending frame '0003ff010003'
2026-10-09 06:04:37,919 LT1-thread root DEBUG btp.py                    654   core_reg_svc_rsp_succ     : 
2026-10-09 06:04:37,919 LT1-thread root DEBUG iutctl_common.py          339   read                      : 
2026-10-09 06:04:37,958 BTPWorkerThread-26923 (_rx_task) root DEBUG iutctl_common.py          123   read                      : Read 5 bytes
2026-10-09 06:04:37,958 BTPWorkerThread-26923 (_rx_task) root DEBUG iutctl_common.py          131   read                      : Received: hdr: Header(svc_id=0x00, op=0x03, ctrl_index=0xff, data_len=0x00) bytearray(b'\x00\x03\xff\x00\x00')
2026-10-09 06:04:37,963 BTPWorkerThread-26923 (_rx_task) root DEBUG iutctl_common.py          154   read                      : Received data: {''}, bytearray(b'')
2026-10-09 06:04:37,974 LT1-thread root DEBUG btp.py                    665   core_reg_svc_rsp_succ     : received Header(svc_id=0, op=3, ctrl_index=255, data_len=0) (b'',)
2026-10-09 06:04:37,974 LT1-thread root DEBUG btp.py                    666   core_reg_svc_rsp_succ     : expected ((0, 3, 255, 0), (b'',))
2026-10-09 06:04:37,974 LT1-thread root DEBUG btp.py                    671   core_reg_svc_rsp_succ     : response is valid
2026-10-09 06:04:37,974 LT1-thread root DEBUG btp.py                    674   core_reg_svc_rsp_succ     : Reading supported commands for service: L2CAP
2026-10-09 06:04:37,974 LT1-thread root DEBUG iutctl_common.py          161   send                      : 3 1 255 ''
2026-10-09 06:04:37,974 LT1-thread root DEBUG iutctl_common.py          166   send                      : sending frame '0301ff0000'
2026-10-09 06:04:37,975 LT1-thread root DEBUG iutctl_common.py          339   read                      : 
2026-10-09 06:04:38,006 BTPWorkerThread-26923 (_rx_task) root DEBUG iutctl_common.py          123   read                      : Read 5 bytes
2026-10-09 06:04:38,011 BTPWorkerThread-26923 (_rx_task) root DEBUG iutctl_common.py          131   read                      : Received: hdr: Header(svc_id=0x03, op=0x01, ctrl_index=0xff, data_len=0x02) bytearray(b'\x03\x01\xff\x02\x00')
2026-10-09 06:04:38,022 BTPWorkerThread-26923 (_rx_task) root DEBUG iutctl_common.py          139   read                      : Read 2 bytes data
2026-10-09 06:04:38,022 BTPWorkerThread-26923 (_rx_task) root DEBUG iutctl_common.py          154   read                      : Received data: {'be 1f'}, bytearray(b'\xbe\x1f')
2026-10-09 06:04:38,027 LT1-thread root DEBUG testcase.py               254   start                     : Starting test function: class=<class 'autopts.ptsprojects.testcase.TestFunc'>, func=<function gap_read_controller_info at 0x000002C684E6EB60> start_wid=None stop_wid=None post_wid=None skip_call=None call_count=9 args=() kwds={}
2026-10-09 06:04:38,027 LT1-thread root DEBUG testcase.py               266   start                     : Test function parameters: args=(), kwds={}
2026-10-09 06:04:38,027 LT1-thread root DEBUG gap.py                    1163  gap_read_controller_info  : 
2026-10-09 06:04:38,027 LT1-thread root DEBUG iutctl_common.py          161   send                      : 1 3 0 ''
2026-10-09 06:04:38,027 LT1-thread root DEBUG iutctl_common.py          166   send                      : sending frame '0103000000'
2026-10-09 06:04:38,027 LT1-thread root DEBUG iutctl_common.py          339   read                      : 
2026-10-09 06:04:38,065 BTPWorkerThread-26923 (_rx_task) root DEBUG iutctl_common.py          123   read                      : Read 5 bytes
2026-10-09 06:04:38,076 BTPWorkerThread-26923 (_rx_task) root DEBUG iutctl_common.py          131   read                      : Received: hdr: Header(svc_id=0x01, op=0x03, ctrl_index=0x00, data_len=0x115) bytearray(b'\x01\x03\x00\x15\x01')
2026-10-09 06:04:38,081 BTPWorkerThread-26923 (_rx_task) root DEBUG iutctl_common.py          139   read                      : Read 239 bytes data
2026-10-09 06:04:38,098 BTPWorkerThread-26923 (_rx_task) root DEBUG iutctl_common.py          139   read                      : Read 38 bytes data
2026-10-09 06:04:38,103 BTPWorkerThread-26923 (_rx_task) root DEBUG iutctl_common.py          154   read                      : Received data: {'19 78 ee 69 17 d0 d3 06 02 00 13 02 00 00 00 00 00 62 74 70 5f 74 65 73 74 65 72 00 00 00 00 00 00 00 00 00 00 00 00 00 00 00 00 00 00 00 00 00 00 00 00 00 00 00 00 00 00 00 00 00 00 00 00 00 00 00 00 00 00 00 00 00 00 00 00 00 00 00 00 00 00 00 00 00 00 00 00 00 00 00 00 00 00 00 00 00 00 00 00 00 00 00 00 00 00 00 00 00 00 00 00 00 00 00 00 00 00 00 00 00 00 00 00 00 00 00 00 00 00 00 00 00 00 00 00 00 00 00 00 00 00 00 00 00 00 00 00 00 00 00 00 00 00 00 00 00 00 00 00 00 00 00 00 00 00 00 00 00 00 00 00 00 00 00 00 00 00 00 00 00 00 00 00 00 00 00 00 00 00 00 00 00 00 00 00 00 00 00 00 00 00 00 00 00 00 00 00 00 00 00 00 00 00 00 00 00 00 00 00 00 00 00 00 00 00 00 00 00 00 00 00 00 00 00 00 00 00 00 00 00 00 00 00 00 00 00 00 00 00 00 00 00 00 00 00 00 00 00 00 00 00 00 00 00 00 00 00 00 00 00 00 00 00 00 00 00 00'}, bytearray(b'\x19x\xeei\x17\xd0\xd3\x06\x02\x00\x13\x02\x00\x00\x00\x00\x00btp_tester\x00\x00\x00\x00\x00\x00\x00\x00\x00\x00\x00\x00\x00\x00\x00\x00\x00\x00\x00\x00\x00\x00\x00\x00\x00\x00\x00\x00\x00\x00\x00\x00\x00\x00\x00\x00\x00\x00\x00\x00\x00\x00\x00\x00\x00\x00\x00\x00\x00\x00\x00\x00\x00\x00\x00\x00\x00\x00\x00\x00\x00\x00\x00\x00\x00\x00\x00\x00\x00\x00\x00\x00\x00\x00\x00\x00\x00\x00\x00\x00\x00\x00\x00\x00\x00\x00\x00\x00\x00\x00\x00\x00\x00\x00\x00\x00\x00\x00\x00\x00\x00\x00\x00\x00\x00\x00\x00\x00\x00\x00\x00\x00\x00\x00\x00\x00\x00\x00\x00\x00\x00\x00\x00\x00\x00\x00\x00\x00\x00\x00\x00\x00\x00\x00\x00\x00\x00\x00\x00\x00\x00\x00\x00\x00\x00\x00\x00\x00\x00\x00\x00\x00\x00\x00\x00\x00\x00\x00\x00\x00\x00\x00\x00\x00\x00\x00\x00\x00\x00\x00\x00\x00\x00\x00\x00\x00\x00\x00\x00\x00\x00\x00\x00\x00\x00\x00\x00\x00\x00\x00\x00\x00\x00\x00\x00\x00\x00\x00\x00\x00\x00\x00\x00\x00\x00\x00\x00\x00\x00\x00\x00\x00\x00\x00\x00\x00\x00\x00\x00\x00\x00\x00\x00\x00\x00\x00\x00\x00\x00\x00\x00\x00\x00\x00\x00\x00\x00\x00\x00\x00\x00\x00\x00\x00\x00\x00\x00\x00\x00\x00')
2026-10-09 06:04:38,109 LT1-thread root DEBUG gap.py                    1170  gap_read_controller_info  : received Header(svc_id=1, op=3, ctrl_index=0, data_len=277) (b'\x19x\xeei\x17\xd0\xd3\x06\x02\x00\x13\x02\x00\x00\x00\x00\x00btp_tester\x00\x00\x00\x00\x00\x00\x00\x00\x00\x00\x00\x00\x00\x00\x00\x00\x00\x00\x00\x00\x00\x00\x00\x00\x00\x00\x00\x00\x00\x00\x00\x00\x00\x00\x00\x00\x00\x00\x00\x00\x00\x00\x00\x00\x00\x00\x00\x00\x00\x00\x00\x00\x00\x00\x00\x00\x00\x00\x00\x00\x00\x00\x00\x00\x00\x00\x00\x00\x00\x00\x00\x00\x00\x00\x00\x00\x00\x00\x00\x00\x00\x00\x00\x00\x00\x00\x00\x00\x00\x00\x00\x00\x00\x00\x00\x00\x00\x00\x00\x00\x00\x00\x00\x00\x00\x00\x00\x00\x00\x00\x00\x00\x00\x00\x00\x00\x00\x00\x00\x00\x00\x00\x00\x00\x00\x00\x00\x00\x00\x00\x00\x00\x00\x00\x00\x00\x00\x00\x00\x00\x00\x00\x00\x00\x00\x00\x00\x00\x00\x00\x00\x00\x00\x00\x00\x00\x00\x00\x00\x00\x00\x00\x00\x00\x00\x00\x00\x00\x00\x00\x00\x00\x00\x00\x00\x00\x00\x00\x00\x00\x00\x00\x00\x00\x00\x00\x00\x00\x00\x00\x00\x00\x00\x00\x00\x00\x00\x00\x00\x00\x00\x00\x00\x00\x00\x00\x00\x00\x00\x00\x00\x00\x00\x00\x00\x00\x00\x00\x00\x00\x00\x00\x00\x00\x00\x00\x00\x00\x00\x00\x00\x00\x00\x00\x00\x00\x00\x00\x00\x00\x00\x00\x00\x00\x00\x00\x00\x00\x00\x00',)
2026-10-09 06:04:38,109 LT1-thread root DEBUG gap.py                    1191  gap_read_controller_info  : IUT address 'd01769ee7819' 'public'
2026-10-09 06:04:38,109 LT1-thread root DEBUG gap.py                    596   __gap_current_settings_update : 531
2026-10-09 06:04:38,109 LT1-thread root DEBUG testcase.py               254   start                     : Starting test function: class=<class 'autopts.ptsprojects.testcase.TestFunc'>, func=<function test_cases.<locals>.<lambda> at 0x000002C687BC3380> start_wid=None stop_wid=None post_wid=None skip_call=None call_count=9 args=() kwds={}
2026-10-09 06:04:38,109 LT1-thread root DEBUG testcase.py               266   start                     : Test function parameters: args=(), kwds={}
2026-10-09 06:04:38,114 LT1-thread root DEBUG testcase.py               254   start                     : Starting test function: class=<class 'autopts.ptsprojects.testcase.TestFunc'>, func=<function test_cases.<locals>.<lambda> at 0x000002C687C134C0> start_wid=None stop_wid=None post_wid=None skip_call=None call_count=9 args=() kwds={}
2026-10-09 06:04:38,114 LT1-thread root DEBUG testcase.py               266   start                     : Test function parameters: args=(), kwds={}
2026-10-09 06:04:38,117 LT1-thread root DEBUG testcase.py               254   start                     : Starting test function: class=<class 'autopts.ptsprojects.testcase.TestFunc'>, func=<function test_cases.<locals>.<lambda> at 0x000002C687C13A60> start_wid=None stop_wid=None post_wid=None skip_call=None call_count=9 args=() kwds={}
2026-10-09 06:04:38,118 LT1-thread root DEBUG testcase.py               266   start                     : Test function parameters: args=(), kwds={}
2026-10-09 06:04:38,121 LT1-thread root DEBUG testcase.py               254   start                     : Starting test function: class=<class 'autopts.ptsprojects.testcase.TestFunc'>, func=<function test_cases.<locals>.<lambda> at 0x000002C687C13D80> start_wid=None stop_wid=None post_wid=None skip_call=None call_count=9 args=() kwds={}
2026-10-09 06:04:38,121 LT1-thread root DEBUG testcase.py               266   start                     : Test function parameters: args=(), kwds={}
2026-10-09 06:04:38,124 LT1-thread root DEBUG testcase.py               254   start                     : Starting test function: class=<class 'autopts.ptsprojects.testcase.TestFunc'>, func=<function test_cases.<locals>.<lambda> at 0x000002C687C322A0> start_wid=None stop_wid=None post_wid=None skip_call=None call_count=9 args=() kwds={}
2026-10-09 06:04:38,125 LT1-thread root DEBUG testcase.py               266   start                     : Test function parameters: args=(), kwds={}
2026-10-09 06:04:38,128 LT1-thread root DEBUG testcase.py               254   start                     : Starting test function: class=<class 'autopts.ptsprojects.testcase.TestFunc'>, func=<function test_cases.<locals>.<lambda> at 0x000002C687C31440> start_wid=None stop_wid=None post_wid=None skip_call=None call_count=9 args=() kwds={}
2026-10-09 06:04:38,128 LT1-thread root DEBUG testcase.py               266   start                     : Test function parameters: args=(), kwds={}
2026-10-09 06:04:38,131 LT1-thread root DEBUG testcase.py               254   start                     : Starting test function: class=<class 'autopts.ptsprojects.testcase.TestFunc'>, func=<function test_cases.<locals>.<lambda> at 0x000002C687C313A0> start_wid=None stop_wid=None post_wid=None skip_call=None call_count=9 args=() kwds={}
2026-10-09 06:04:38,131 LT1-thread root DEBUG testcase.py               266   start                     : Test function parameters: args=(), kwds={}
2026-10-09 06:04:38,134 LT1-thread root DEBUG testcase.py               254   start                     : Starting test function: class=<class 'autopts.ptsprojects.testcase.TestFunc'>, func=<function test_cases.<locals>.<lambda> at 0x000002C687C32F20> start_wid=None stop_wid=None post_wid=None skip_call=None call_count=9 args=() kwds={}
2026-10-09 06:04:38,134 LT1-thread root DEBUG testcase.py               266   start                     : Test function parameters: args=(), kwds={}
2026-10-09 06:04:38,137 LT1-thread root DEBUG testcase.py               254   start                     : Starting test function: class=<class 'autopts.ptsprojects.testcase.TestFunc'>, func=<function test_cases.<locals>.<lambda> at 0x000002C687C32FC0> start_wid=None stop_wid=None post_wid=None skip_call=None call_count=9 args=() kwds={}
2026-10-09 06:04:38,137 LT1-thread root DEBUG testcase.py               266   start                     : Test function parameters: args=(), kwds={}
2026-10-09 06:04:38,140 LT1-thread root DEBUG testcase.py               254   start                     : Starting test function: class=<class 'autopts.ptsprojects.testcase.TestFunc'>, func=<function test_cases.<locals>.<lambda> at 0x000002C687C33060> start_wid=None stop_wid=None post_wid=None skip_call=None call_count=9 args=() kwds={}
2026-10-09 06:04:38,140 LT1-thread root DEBUG testcase.py               266   start                     : Test function parameters: args=(), kwds={}
2026-10-09 06:04:38,143 LT1-thread root DEBUG testcase.py               254   start                     : Starting test function: class=<class 'autopts.ptsprojects.testcase.TestFunc'>, func=<function test_cases.<locals>.<lambda> at 0x000002C687C33100> start_wid=None stop_wid=None post_wid=None skip_call=None call_count=9 args=() kwds={}
2026-10-09 06:04:38,144 LT1-thread root DEBUG testcase.py               266   start                     : Test function parameters: args=(), kwds={}
2026-10-09 06:04:38,147 LT1-thread root DEBUG testcase.py               254   start                     : Starting test function: class=<class 'autopts.ptsprojects.testcase.TestFunc'>, func=<function set_pts_addr at 0x000002C684E2DD00> start_wid=None stop_wid=None post_wid=None skip_call=None call_count=9 args=('00:1B:DC:08:E4:4E', 0) kwds={}
2026-10-09 06:04:38,147 LT1-thread root DEBUG testcase.py               266   start                     : Test function parameters: args=('00:1B:DC:08:E4:4E', 0), kwds={}
2026-10-09 06:04:38,147 LT1-thread root DEBUG testcase.py               254   start                     : Starting test function: class=<class 'autopts.ptsprojects.testcase.TestFunc'>, func=<function test_cases.<locals>.<lambda> at 0x000002C687C331A0> start_wid=None stop_wid=None post_wid=None skip_call=None call_count=9 args=() kwds={}
2026-10-09 06:04:38,147 LT1-thread root DEBUG testcase.py               266   start                     : Test function parameters: args=(), kwds={}
2026-10-09 06:04:38,150 LT1-thread root DEBUG testcase.py               254   start                     : Starting test function: class=<class 'autopts.ptsprojects.testcase.TestFunc'>, func=<function test_cases.<locals>.<lambda> at 0x000002C687C33240> start_wid=None stop_wid=None post_wid=None skip_call=None call_count=9 args=() kwds={}
2026-10-09 06:04:38,150 LT1-thread root DEBUG testcase.py               266   start                     : Test function parameters: args=(), kwds={}
2026-10-09 06:04:38,153 LT1-thread root DEBUG testcase.py               254   start                     : Starting test function: class=<class 'autopts.ptsprojects.testcase.TestFunc'>, func=<function test_cases.<locals>.<lambda> at 0x000002C687C332E0> start_wid=None stop_wid=None post_wid=None skip_call=None call_count=9 args=() kwds={}
2026-10-09 06:04:38,154 LT1-thread root DEBUG testcase.py               266   start                     : Test function parameters: args=(), kwds={}
2026-10-09 06:04:38,157 LT1-thread root DEBUG testcase.py               254   start                     : Starting test function: class=<class 'autopts.ptsprojects.testcase.TestFunc'>, func=<function test_cases.<locals>.<lambda> at 0x000002C687C33380> start_wid=None stop_wid=None post_wid=None skip_call=None call_count=9 args=() kwds={}
2026-10-09 06:04:38,157 LT1-thread root DEBUG testcase.py               266   start                     : Test function parameters: args=(), kwds={}
2026-10-09 06:04:38,160 LT1-thread root DEBUG testcase.py               254   start                     : Starting test function: class=<class 'autopts.ptsprojects.testcase.TestFunc'>, func=<function gap_set_io_capability at 0x000002C684E6E020> start_wid=None stop_wid=None post_wid=None skip_call=None call_count=9 args=(3,) kwds={}
2026-10-09 06:04:38,160 LT1-thread root DEBUG testcase.py               266   start                     : Test function parameters: args=(3,), kwds={}
2026-10-09 06:04:38,160 LT1-thread root DEBUG gap.py                    861   gap_set_io_capability     : 3
2026-10-09 06:04:38,160 LT1-thread root DEBUG iutctl_common.py          161   send                      : 1 16 0 '\x03'
2026-10-09 06:04:38,160 LT1-thread root DEBUG iutctl_common.py          166   send                      : sending frame '011000010003'
2026-10-09 06:04:38,160 LT1-thread root DEBUG gap.py                    1229  gap_command_rsp_succ      : 
2026-10-09 06:04:38,160 LT1-thread root DEBUG iutctl_common.py          339   read                      : 
2026-10-09 06:04:38,200 BTPWorkerThread-26923 (_rx_task) root DEBUG iutctl_common.py          123   read                      : Read 5 bytes
2026-10-09 06:04:38,212 BTPWorkerThread-26923 (_rx_task) root DEBUG iutctl_common.py          131   read                      : Received: hdr: Header(svc_id=0x01, op=0x10, ctrl_index=0x00, data_len=0x00) bytearray(b'\x01\x10\x00\x00\x00')
2026-10-09 06:04:38,218 BTPWorkerThread-26923 (_rx_task) root DEBUG iutctl_common.py          154   read                      : Received data: {''}, bytearray(b'')
2026-10-09 06:04:38,229 LT1-thread root DEBUG gap.py                    1234  gap_command_rsp_succ      : received Header(svc_id=1, op=16, ctrl_index=0, data_len=0) (b'',)
2026-10-09 06:04:38,229 LT1-thread root DEBUG testcase.py               254   start                     : Starting test function: class=<class 'autopts.ptsprojects.testcase.TestFunc'>, func=<bound method Stack.l2cap_init of <autopts.ptsprojects.stack.stack.Stack object at 0x000002C6862F6F00>> start_wid=None stop_wid=None post_wid=None skip_call=None call_count=9 args=(4097, 120) kwds={}
2026-10-09 06:04:38,229 LT1-thread root DEBUG testcase.py               266   start                     : Test function parameters: args=(4097, 120), kwds={}
2026-10-09 06:04:38,229 LT1-thread root DEBUG testcase.py               254   start                     : Starting test function: class=<class 'autopts.ptsprojects.testcase.TestFunc'>, func=<function l2cap_br_listen at 0x000002C684ED49A0> start_wid=None stop_wid=None post_wid=None skip_call=None call_count=9 args=(4097, 120, 4) kwds={}
2026-10-09 06:04:38,229 LT1-thread root DEBUG testcase.py               266   start                     : Test function parameters: args=(4097, 120, 4), kwds={}
2026-10-09 06:04:38,229 LT1-thread root DEBUG l2cap.py                  218   l2cap_listen              : 4097 0 120 4
2026-10-09 06:04:38,229 LT1-thread root DEBUG iutctl_common.py          161   send                      : 3 5 0 "bytearray(b'\\x01\\x10\\x00x\\x00\\x04\\x00')"
2026-10-09 06:04:38,229 LT1-thread root DEBUG iutctl_common.py          166   send                      : sending frame '030500070001100078000400'
2026-10-09 06:04:38,230 LT1-thread root DEBUG l2cap.py                  56    l2cap_command_rsp_succ    : 
2026-10-09 06:04:38,230 LT1-thread root DEBUG iutctl_common.py          339   read                      : 
2026-10-09 06:04:38,265 BTPWorkerThread-26923 (_rx_task) root DEBUG iutctl_common.py          123   read                      : Read 5 bytes
2026-10-09 06:04:38,276 BTPWorkerThread-26923 (_rx_task) root DEBUG iutctl_common.py          131   read                      : Received: hdr: Header(svc_id=0x03, op=0x05, ctrl_index=0x00, data_len=0x00) bytearray(b'\x03\x05\x00\x00\x00')
2026-10-09 06:04:38,281 BTPWorkerThread-26923 (_rx_task) root DEBUG iutctl_common.py          154   read                      : Received data: {''}, bytearray(b'')
2026-10-09 06:04:38,286 LT1-thread root DEBUG l2cap.py                  61    l2cap_command_rsp_succ    : received Header(svc_id=3, op=5, ctrl_index=0, data_len=0) (b'',)
2026-10-09 06:04:38,288 LT1-thread root DEBUG client.py                 276   get_result                : ClientCallback.get_result run_test_case
2026-10-09 06:04:39,860 LT1-callback ClientCallback.on_implicit_send INFO client.py                 223   on_implicit_send          : 
    ********************
    BEGIN OnImplicitSend:
    project_name: L2CAP
    wid: 15
    test_case_name: L2CAP/COS/CED/BI-01-C
    description: Action: Place the IUT in connectable mode.

Description : PTS requires that the IUT be in connectable mode.The PTS will attempt to establish an ACL connection.
    style: MMI_Style_Ok_Cancel1 0x11041
2026-10-09 06:04:39,860 LT1-callback ClientCallback.on_implicit_send INFO client.py                 236   on_implicit_send          : Calling test cases on_implicit_send
2026-10-09 06:04:39,860 LT1-callback ClientCallback.on_implicit_send INFO client.py                 249   on_implicit_send          : 
    on_implicit_send returned response: WAIT
    END OnImplicitSend
    ********************
2026-10-09 06:04:40,290 LT1-thread root DEBUG testcase.py               679   run_wid                   : L2CAP L2CAP/COS/CED/BI-01-C on_implicit_send
2026-10-09 06:04:40,290 LT1-thread root DEBUG l2cap.py                  30    l2cap_wid_hdl             : l2cap_wid_hdl, 15, Action: Place the IUT in connectable mode.

Description : PTS requires that the IUT be in connectable mode.The PTS will attempt to establish an ACL connection., L2CAP/COS/CED/BI-01-C
2026-10-09 06:04:40,290 LT1-thread root DEBUG gap.py                    984   gap_set_connectable       : 
2026-10-09 06:04:40,290 LT1-thread root DEBUG gap.py                    1035  gap_set_general_discoverable : 
2026-10-09 06:04:40,290 LT1-thread root DEBUG iutctl_common.py          161   send                      : 1 8 0 '1'
2026-10-09 06:04:40,290 LT1-thread root DEBUG iutctl_common.py          166   send                      : sending frame '010800010001'
2026-10-09 06:04:40,290 LT1-thread root DEBUG gap.py                    1229  gap_command_rsp_succ      : 
2026-10-09 06:04:40,291 LT1-thread root DEBUG iutctl_common.py          339   read                      : 
2026-10-09 06:04:40,341 BTPWorkerThread-26923 (_rx_task) root DEBUG iutctl_common.py          123   read                      : Read 5 bytes
2026-10-09 06:04:40,347 BTPWorkerThread-26923 (_rx_task) root DEBUG iutctl_common.py          131   read                      : Received: hdr: Header(svc_id=0x01, op=0x08, ctrl_index=0x00, data_len=0x04) bytearray(b'\x01\x08\x00\x04\x00')
2026-10-09 06:04:40,352 BTPWorkerThread-26923 (_rx_task) root DEBUG iutctl_common.py          139   read                      : Read 4 bytes data
2026-10-09 06:04:40,363 BTPWorkerThread-26923 (_rx_task) root DEBUG iutctl_common.py          154   read                      : Received data: {'1b 02 00 00'}, bytearray(b'\x1b\x02\x00\x00')
2026-10-09 06:04:40,369 LT1-thread root DEBUG gap.py                    1234  gap_command_rsp_succ      : received Header(svc_id=1, op=8, ctrl_index=0, data_len=4) (b'\x1b\x02\x00\x00',)
2026-10-09 06:04:40,369 LT1-thread root DEBUG gap.py                    596   __gap_current_settings_update : (b'\x1b\x02\x00\x00',)
2026-10-09 06:04:40,369 LT1-thread root DEBUG gap.py                    650   gap_start_advertising     : {9: b'Tester_08E44E'} None
2026-10-09 06:04:40,369 LT1-thread root DEBUG iutctl_common.py          161   send                      : 1 10 0 "bytearray(b'\\x0f\\x00\\t\\rTester_08E44E\\xff\\xff\\xff\\xff\\x00')"
2026-10-09 06:04:40,369 LT1-thread root DEBUG iutctl_common.py          166   send                      : sending frame '010a0016000f00090d5465737465725f303845343445ffffffff00'
2026-10-09 06:04:40,369 LT1-thread root DEBUG gap.py                    1229  gap_command_rsp_succ      : 
2026-10-09 06:04:40,370 LT1-thread root DEBUG iutctl_common.py          339   read                      : 
2026-10-09 06:04:40,406 BTPWorkerThread-26923 (_rx_task) root DEBUG iutctl_common.py          123   read                      : Read 5 bytes
2026-10-09 06:04:40,417 BTPWorkerThread-26923 (_rx_task) root DEBUG iutctl_common.py          131   read                      : Received: hdr: Header(svc_id=0x01, op=0x0a, ctrl_index=0x00, data_len=0x04) bytearray(b'\x01\n\x00\x04\x00')
2026-10-09 06:04:40,428 BTPWorkerThread-26923 (_rx_task) root DEBUG iutctl_common.py          139   read                      : Read 4 bytes data
2026-10-09 06:04:40,434 BTPWorkerThread-26923 (_rx_task) root DEBUG iutctl_common.py          154   read                      : Received data: {'1b 06 00 00'}, bytearray(b'\x1b\x06\x00\x00')
2026-10-09 06:04:40,439 LT1-thread root DEBUG gap.py                    1234  gap_command_rsp_succ      : received Header(svc_id=1, op=10, ctrl_index=0, data_len=4) (b'\x1b\x06\x00\x00',)
2026-10-09 06:04:40,439 LT1-thread root DEBUG gap.py                    596   __gap_current_settings_update : (b'\x1b\x06\x00\x00',)
2026-10-09 06:04:40,439 LT1-thread root DEBUG testcase.py               722   run_wid                   : Sending response 'OK' to wid 15 test case L2CAP/COS/CED/BI-01-C
2026-10-09 06:04:40,441 LT1-thread root DEBUG client.py                 276   get_result                : ClientCallback.get_result run_test_case
2026-10-09 06:04:43,005 BTPWorkerThread-26923 (_rx_task) root DEBUG iutctl_common.py          123   read                      : Read 5 bytes
2026-10-09 06:04:43,005 BTPWorkerThread-26923 (_rx_task) root DEBUG iutctl_common.py          131   read                      : Received: hdr: Header(svc_id=0x01, op=0x82, ctrl_index=0x00, data_len=0x0d) bytearray(b'\x01\x82\x00\r\x00')
2026-10-09 06:04:43,006 BTPWorkerThread-26923 (_rx_task) root DEBUG iutctl_common.py          139   read                      : Read 13 bytes data
2026-10-09 06:04:43,006 BTPWorkerThread-26923 (_rx_task) root DEBUG iutctl_common.py          154   read                      : Received data: {'e0 4e e4 08 dc 1b 00 00 00 00 00 00 00'}, bytearray(b'\xe0N\xe4\x08\xdc\x1b\x00\x00\x00\x00\x00\x00\x00')
2026-10-09 06:04:43,006 BTPWorkerThread-26923 (_rx_task) root DEBUG btp.py                    736   event_handler             : Header(svc_id=1, op=130, ctrl_index=0, data_len=13) (b'\xe0N\xe4\x08\xdc\x1b\x00\x00\x00\x00\x00\x00\x00',)
2026-10-09 06:04:43,006 BTPWorkerThread-26923 (_rx_task) root DEBUG gap.py                    215   gap_connected_ev_         : b'\xe0N\xe4\x08\xdc\x1b\x00\x00\x00\x00\x00\x00\x00'
2026-10-09 06:04:43,006 BTPWorkerThread-26923 (_rx_task) root DEBUG iutctl_common.py          123   read                      : Read 5 bytes
2026-10-09 06:04:43,006 BTPWorkerThread-26923 (_rx_task) root DEBUG iutctl_common.py          131   read                      : Received: hdr: Header(svc_id=0x01, op=0x80, ctrl_index=0x00, data_len=0x04) bytearray(b'\x01\x80\x00\x04\x00')
2026-10-09 06:04:43,006 BTPWorkerThread-26923 (_rx_task) root DEBUG iutctl_common.py          139   read                      : Read 4 bytes data
2026-10-09 06:04:43,006 BTPWorkerThread-26923 (_rx_task) root DEBUG iutctl_common.py          154   read                      : Received data: {'1b 02 00 00'}, bytearray(b'\x1b\x02\x00\x00')
2026-10-09 06:04:43,006 BTPWorkerThread-26923 (_rx_task) root DEBUG btp.py                    736   event_handler             : Header(svc_id=1, op=128, ctrl_index=0, data_len=4) (b'\x1b\x02\x00\x00',)
2026-10-09 06:04:43,007 BTPWorkerThread-26923 (_rx_task) root DEBUG gap.py                    183   gap_new_settings_ev_      : b'\x1b\x02\x00\x00'
2026-10-09 06:04:43,007 BTPWorkerThread-26923 (_rx_task) root DEBUG gap.py                    596   __gap_current_settings_update : 539
2026-10-09 06:04:49,993 BTPWorkerThread-26923 (_rx_task) root DEBUG iutctl_common.py          123   read                      : Read 5 bytes
2026-10-09 06:04:49,993 BTPWorkerThread-26923 (_rx_task) root DEBUG iutctl_common.py          131   read                      : Received: hdr: Header(svc_id=0x01, op=0x83, ctrl_index=0x00, data_len=0x07) bytearray(b'\x01\x83\x00\x07\x00')
2026-10-09 06:04:49,993 BTPWorkerThread-26923 (_rx_task) root DEBUG iutctl_common.py          139   read                      : Read 7 bytes data
2026-10-09 06:04:49,994 BTPWorkerThread-26923 (_rx_task) root DEBUG iutctl_common.py          154   read                      : Received data: {'e0 4e e4 08 dc 1b 00'}, bytearray(b'\xe0N\xe4\x08\xdc\x1b\x00')
2026-10-09 06:04:49,994 BTPWorkerThread-26923 (_rx_task) root DEBUG btp.py                    736   event_handler             : Header(svc_id=1, op=131, ctrl_index=0, data_len=7) (b'\xe0N\xe4\x08\xdc\x1b\x00',)
2026-10-09 06:04:49,994 BTPWorkerThread-26923 (_rx_task) root DEBUG gap.py                    228   gap_disconnected_ev_      : b'\xe0N\xe4\x08\xdc\x1b\x00'
2026-10-09 06:04:52,616 LT1-callback ClientCallback.log INFO client.py                 200   log                       : PTS_LOGTYPE_START_TEST Start Test Case 

+141 ms
 L2CAP/COS/CED/BI-01-C L2CAP/COS/CED/BI-01-C

2026-10-09 06:04:53,065 LT1-callback ClientCallback.log INFO client.py                 200   log                       : PTS_LOGTYPE_FINAL_VERDICT Final Verdict 

+14094 ms
 L2CAP/COS/CED/BI-01-C PASS

2026-10-09 06:04:53,069 LT1-callback ClientCallback.log INFO client.py                 200   log                       : PTS_LOGTYPE_FINAL_VERDICT Encrypted Verdict 

+14094 ms
 L2CAP/COS/CED/BI-01-C A1#ZWY4MzQ5MDg3MmQwNTIxOGQzMzQ5YjY2ODA5M2MzNjQ5ZDY4NmY0Yjc2MzIzM2VkNTUyNTFhNGU4Mjg1MjI0NA==#PhTZdfeT3Xj15hySZkw8wLnwcYnw8c7TjyPcL6dxlTjrRJtg91IbF0dlyuY+cF1l

2026-10-09 06:04:53,073 LT1-callback ClientCallback.log INFO client.py                 200   log                       : PTS_LOGTYPE_END_TEST Test Case Ended 

+14094 ms
 L2CAP/COS/CED/BI-01-C L2CAP/COS/CED/BI-01-C

2026-10-09 06:04:53,134 LT1-callback root DEBUG client.py                 261   set_result                : ClientCallback, set_result, run_test_case, PASS
2026-10-09 06:04:53,135 LT1-thread root DEBUG client.py                 1186  _run_test_case            : After run_test_case error_code=0 status='PASS'
2026-10-09 06:04:53,135 LT1-thread root DEBUG testcase.py               766   post_run                  : post_run L2CAP L2CAP/COS/CED/BI-01-C 0
2026-10-09 06:04:53,135 LT1-thread root DEBUG testcase.py               254   start                     : Starting test function: class=<class 'autopts.ptsprojects.testcase.TestFuncCleanUp'>, func=<bound method ZTestCase._test_case_cleanup of <autopts.ptsprojects.zephyr.ztestcase.ZTestCase object at 0x000002C687C89130>> start_wid=None stop_wid=None post_wid=None skip_call=None call_count=1 args=() kwds={}
2026-10-09 06:04:53,135 LT1-thread root DEBUG testcase.py               266   start                     : Test function parameters: args=(), kwds={}
2026-10-09 06:04:53,135 LT1-thread root DEBUG iutctl.py                 415   stop                      : <class 'autopts.ptsprojects.zephyr.iutctl.create_zephyr_ctl_class.<locals>.ZephyrCtl'>.stop
2026-10-09 06:04:53,135 LT1-thread root DEBUG __init__.py               51    reset                     : About to reset DUT: JLink -CommandFile reset.jlink -usb 1063214216 -device MIMXRT1176XXXA_M7
2026-10-09 06:04:53,455 BTPWorkerThread-26923 (_rx_task) root DEBUG iutctl_common.py          123   read                      : Read 5 bytes
2026-10-09 06:04:53,455 BTPWorkerThread-26923 (_rx_task) root DEBUG iutctl_common.py          131   read                      : Received: hdr: Header(svc_id=0x00, op=0x80, ctrl_index=0xff, data_len=0x00) bytearray(b'\x00\x80\xff\x00\x00')
2026-10-09 06:04:53,455 BTPWorkerThread-26923 (_rx_task) root DEBUG iutctl_common.py          154   read                      : Received data: {''}, bytearray(b'')
2026-10-09 06:04:53,456 BTPWorkerThread-26923 (_rx_task) root DEBUG btp.py                    736   event_handler             : Header(svc_id=0, op=128, ctrl_index=255, data_len=0) (b'',)
2026-10-09 06:04:53,456 BTPWorkerThread-26923 (_rx_task) root DEBUG core.py                   23    core_iut_ready_ev         : 
2026-10-09 06:04:53,519 LT1-thread root DEBUG iutctl.py                 436   _stop_tty_mode            : IUT ready event received OK
2026-10-09 06:04:53,519 LT1-thread root DEBUG iutctl_common.py          416   close                     : Waiting for _rx_worker to finish ...
2026-10-09 06:04:54,457 BTPWorkerThread-26923 (_rx_task) root DEBUG iutctl_common.py          332   _rx_task                  : BTPWorkerThread-26923 (_rx_task) finishing...
2026-10-09 06:04:57,462 LT1-thread root DEBUG testcase.py               794   post_run                  : post_run, cleanup running post test case script
2026-10-09 06:04:57,463 LT1-thread root DEBUG testcase.py               802   post_run                  : post_run, run post test case script
2026-10-09 06:04:57,543 LT1-thread root DEBUG client.py                 1220  _run_test_case            : Done TestCase _run_test_case L2CAP L2CAP/COS/CED/BI-01-C
