2026-03-27 15:23:01,629 LT1-thread root DEBUG client.py                 82    logger_log                : Starting TestCase _run_test_case HFP HFP/HF/TRS/BV-01-C
2026-03-27 15:23:01,630 LT1-thread root DEBUG client.py                 82    logger_log                : pre_run HFP HFP/HF/TRS/BV-01-C
2026-03-27 15:23:01,630 LT1-thread root DEBUG client.py                 82    logger_log                : About to run test case HFP HFP/HF/TRS/BV-01-C with commands:
2026-03-27 15:23:01,630 LT1-thread root DEBUG client.py                 82    logger_log                : 0) class=<class 'autopts.ptsprojects.testcase.TestFunc'>, func=<bound method Stack.core_init of <autopts.ptsprojects.stack.stack.Stack object at 0x00000285DC63BA70>> start_wid=None stop_wid=None post_wid=None skip_call=None call_count=0 args=() kwds={}
2026-03-27 15:23:01,631 LT1-thread root DEBUG client.py                 82    logger_log                : 1) class=<class 'autopts.ptsprojects.testcase.TestFunc'>, func=<bound method IutCtl.start of <autopts.ptsprojects.zephyr.iutctl.ZephyrCtl object at 0x00000285DC5B4CB0>> start_wid=None stop_wid=None post_wid=None skip_call=None call_count=0 args=(<autopts.ptsprojects.zephyr.ztestcase.ZTestCase object at 0x00000285DCD464B0>,) kwds={}
2026-03-27 15:23:01,631 LT1-thread root DEBUG client.py                 82    logger_log                : 2) class=<class 'autopts.ptsprojects.testcase.TestFunc'>, func=<bound method IutCtl.wait_iut_ready_event of <autopts.ptsprojects.zephyr.iutctl.ZephyrCtl object at 0x00000285DC5B4CB0>> start_wid=None stop_wid=None post_wid=None skip_call=None call_count=0 args=(False,) kwds={}
2026-03-27 15:23:01,631 LT1-thread root DEBUG client.py                 82    logger_log                : 3) class=<class 'autopts.ptsprojects.testcase.TestFunc'>, func=<function core_reg_svc_gap at 0x00000285DA0E3B00> start_wid=None stop_wid=None post_wid=None skip_call=None call_count=162 args=() kwds={}
2026-03-27 15:23:01,631 LT1-thread root DEBUG client.py                 82    logger_log                : 4) class=<class 'autopts.ptsprojects.testcase.TestFunc'>, func=<bound method Stack.gap_init of <autopts.ptsprojects.stack.stack.Stack object at 0x00000285DC63BA70>> start_wid=None stop_wid=None post_wid=None skip_call=None call_count=158 args=(b'Tester_08E44E',) kwds={}
2026-03-27 15:23:01,631 LT1-thread root DEBUG client.py                 82    logger_log                : 5) class=<class 'autopts.ptsprojects.testcase.TestFunc'>, func=<function gap_read_ctrl_info at 0x00000285DA1428E0> start_wid=None stop_wid=None post_wid=None skip_call=None call_count=158 args=() kwds={}
2026-03-27 15:23:01,631 LT1-thread root DEBUG client.py                 82    logger_log                : 6) class=<class 'autopts.ptsprojects.testcase.TestFunc'>, func=<function test_cases.<locals>.<lambda> at 0x00000285DCCB9620> start_wid=None stop_wid=None post_wid=None skip_call=None call_count=158 args=() kwds={}
2026-03-27 15:23:01,631 LT1-thread root DEBUG client.py                 82    logger_log                : 7) class=<class 'autopts.ptsprojects.testcase.TestFunc'>, func=<function set_pts_addr at 0x00000285DA0E36A0> start_wid=None stop_wid=None post_wid=None skip_call=None call_count=158 args=('00:1B:DC:08:E4:4E', 0) kwds={}
2026-03-27 15:23:01,631 LT1-thread root DEBUG client.py                 82    logger_log                : 8) class=<class 'autopts.ptsprojects.testcase.TestFunc'>, func=<function gap_set_conn at 0x00000285DA142200> start_wid=None stop_wid=None post_wid=None skip_call=None call_count=158 args=() kwds={}
2026-03-27 15:23:01,631 LT1-thread root DEBUG client.py                 82    logger_log                : 9) class=<class 'autopts.ptsprojects.testcase.TestFunc'>, func=<function gap_set_gendiscov at 0x00000285DA1423E0> start_wid=None stop_wid=None post_wid=None skip_call=None call_count=158 args=() kwds={}
2026-03-27 15:23:01,631 LT1-thread root DEBUG client.py                 82    logger_log                : 10) class=<class 'autopts.ptsprojects.testcase.TestFunc'>, func=<function gap_set_io_cap at 0x00000285DA141DA0> start_wid=None stop_wid=None post_wid=None skip_call=None call_count=158 args=(3,) kwds={}
2026-03-27 15:23:01,632 LT1-thread root DEBUG client.py                 82    logger_log                : 11) class=<class 'autopts.ptsprojects.testcase.TestFunc'>, func=<function core_reg_svc_hfp_hf at 0x00000285DA109260> start_wid=None stop_wid=None post_wid=None skip_call=None call_count=8 args=() kwds={}
2026-03-27 15:23:01,632 LT1-thread root DEBUG client.py                 82    logger_log                : 12) class=<class 'autopts.ptsprojects.testcase.TestFunc'>, func=<bound method Stack.hfp_hf_init of <autopts.ptsprojects.stack.stack.Stack object at 0x00000285DC63BA70>> start_wid=None stop_wid=None post_wid=None skip_call=None call_count=8 args=() kwds={}
2026-03-27 15:23:01,632 LT1-thread root DEBUG client.py                 82    logger_log                : 13) class=<class 'autopts.ptsprojects.testcase.TestFuncCleanUp'>, func=<bound method Stack.cleanup of <autopts.ptsprojects.stack.stack.Stack object at 0x00000285DC63BA70>> start_wid=None stop_wid=None post_wid=None skip_call=None call_count=0 args=() kwds={}
2026-03-27 15:23:01,632 LT1-thread root DEBUG client.py                 82    logger_log                : 14) class=<class 'autopts.ptsprojects.testcase.TestFuncCleanUp'>, func=<bound method ZephyrCtl.stop of <autopts.ptsprojects.zephyr.iutctl.ZephyrCtl object at 0x00000285DC5B4CB0>> start_wid=None stop_wid=None post_wid=None skip_call=None call_count=0 args=() kwds={}
2026-03-27 15:23:01,632 LT1-thread root DEBUG client.py                 82    logger_log                : pre_run, run pre test case script
2026-03-27 15:23:01,667 LT1-thread root DEBUG client.py                 82    logger_log                : Starting test function: class=<class 'autopts.ptsprojects.testcase.TestFunc'>, func=<bound method Stack.core_init of <autopts.ptsprojects.stack.stack.Stack object at 0x00000285DC63BA70>> start_wid=None stop_wid=None post_wid=None skip_call=None call_count=1 args=() kwds={}
2026-03-27 15:23:01,667 LT1-thread root DEBUG client.py                 82    logger_log                : Test function parameters: args=(), kwds={}
2026-03-27 15:23:01,667 LT1-thread root DEBUG client.py                 82    logger_log                : Starting test function: class=<class 'autopts.ptsprojects.testcase.TestFunc'>, func=<bound method IutCtl.start of <autopts.ptsprojects.zephyr.iutctl.ZephyrCtl object at 0x00000285DC5B4CB0>> start_wid=None stop_wid=None post_wid=None skip_call=None call_count=1 args=(<autopts.ptsprojects.zephyr.ztestcase.ZTestCase object at 0x00000285DCD464B0>,) kwds={}
2026-03-27 15:23:01,667 LT1-thread root DEBUG client.py                 82    logger_log                : Test function parameters: args=(<autopts.ptsprojects.zephyr.ztestcase.ZTestCase object at 0x00000285DCD464B0>,), kwds={}
2026-03-27 15:23:01,668 LT1-thread root DEBUG client.py                 82    logger_log                : <class 'autopts.ptsprojects.zephyr.iutctl.ZephyrCtl'>.start
2026-03-27 15:23:01,668 LT1-thread root DEBUG client.py                 82    logger_log                : <class 'autopts.ptsprojects.zephyr.iutctl.ZephyrCtl'>.flush_serial
2026-03-27 15:23:02,950 LT1-thread root DEBUG client.py                 82    logger_log                : Starting socat process: socat.exe -x -v tcp:10.17.12.9:51751,retry=100,interval=1 /dev/ttyS2,raw,b115200,
2026-03-27 15:23:02,975 LT1-thread root DEBUG client.py                 82    logger_log                : accept
2026-03-27 15:23:03,552 BTPWorkerThread-3327 (_rx_task) root DEBUG client.py                 82    logger_log                : BTPWorkerThread-3327 (_rx_task) started
2026-03-27 15:23:03,553 LT1-thread root DEBUG client.py                 82    logger_log                : Starting test function: class=<class 'autopts.ptsprojects.testcase.TestFunc'>, func=<bound method IutCtl.wait_iut_ready_event of <autopts.ptsprojects.zephyr.iutctl.ZephyrCtl object at 0x00000285DC5B4CB0>> start_wid=None stop_wid=None post_wid=None skip_call=None call_count=1 args=(False,) kwds={}
2026-03-27 15:23:03,553 LT1-thread root DEBUG client.py                 82    logger_log                : Test function parameters: args=(False,), kwds={}
2026-03-27 15:23:03,554 LT1-thread root DEBUG client.py                 82    logger_log                : IUT ready event received OK
2026-03-27 15:23:03,554 LT1-thread root DEBUG client.py                 82    logger_log                : Starting test function: class=<class 'autopts.ptsprojects.testcase.TestFunc'>, func=<function core_reg_svc_gap at 0x00000285DA0E3B00> start_wid=None stop_wid=None post_wid=None skip_call=None call_count=163 args=() kwds={}
2026-03-27 15:23:03,554 LT1-thread root DEBUG client.py                 82    logger_log                : Test function parameters: args=(), kwds={}
2026-03-27 15:23:03,554 LT1-thread root DEBUG client.py                 82    logger_log                : core_reg_svc_univ: gap_reg (GAP)
2026-03-27 15:23:03,554 LT1-thread root DEBUG client.py                 82    logger_log                : send, 0 3 255 '1'
2026-03-27 15:23:03,554 LT1-thread root DEBUG client.py                 82    logger_log                : sending frame '0003ff010001'
2026-03-27 15:23:03,555 LT1-thread root DEBUG client.py                 82    logger_log                : core_reg_svc_rsp_succ
2026-03-27 15:23:03,555 LT1-thread root DEBUG client.py                 82    logger_log                : read
2026-03-27 15:23:07,622 BTPWorkerThread-3327 (_rx_task) root DEBUG client.py                 82    logger_log                : Read 5 bytes
2026-03-27 15:23:07,633 BTPWorkerThread-3327 (_rx_task) root DEBUG client.py                 82    logger_log                : Received: hdr: Header(svc_id=0x00, op=0x03, ctrl_index=0xff, data_len=0x00) bytearray(b'\x00\x03\xff\x00\x00')
2026-03-27 15:23:07,639 BTPWorkerThread-3327 (_rx_task) root DEBUG client.py                 82    logger_log                : Received data: {''}, bytearray(b'')
2026-03-27 15:23:07,649 LT1-thread root DEBUG client.py                 82    logger_log                : received Header(svc_id=0, op=3, ctrl_index=255, data_len=0) (b'',)
2026-03-27 15:23:07,649 LT1-thread root DEBUG client.py                 82    logger_log                : expected ((0, 3, 255, 0), (b'',))
2026-03-27 15:23:07,649 LT1-thread root DEBUG client.py                 82    logger_log                : response is valid
2026-03-27 15:23:07,649 LT1-thread root DEBUG client.py                 82    logger_log                : Reading supported commands for service: GAP
2026-03-27 15:23:07,649 LT1-thread root DEBUG client.py                 82    logger_log                : send, 1 1 255 ''
2026-03-27 15:23:07,650 LT1-thread root DEBUG client.py                 82    logger_log                : sending frame '0101ff0000'
2026-03-27 15:23:07,650 LT1-thread root DEBUG client.py                 82    logger_log                : read
2026-03-27 15:23:07,688 BTPWorkerThread-3327 (_rx_task) root DEBUG client.py                 82    logger_log                : Read 5 bytes
2026-03-27 15:23:07,705 BTPWorkerThread-3327 (_rx_task) root DEBUG client.py                 82    logger_log                : Received: hdr: Header(svc_id=0x01, op=0x01, ctrl_index=0xff, data_len=0x07) bytearray(b'\x01\x01\xff\x07\x00')
2026-03-27 15:23:07,716 BTPWorkerThread-3327 (_rx_task) root DEBUG client.py                 82    logger_log                : Read 7 bytes data
2026-03-27 15:23:07,726 BTPWorkerThread-3327 (_rx_task) root DEBUG client.py                 82    logger_log                : Received data: {'6e ff 7f 1f fe f7 0e'}, bytearray(b'n\xff\x7f\x1f\xfe\xf7\x0e')
2026-03-27 15:23:07,743 LT1-thread root DEBUG client.py                 82    logger_log                : Starting test function: class=<class 'autopts.ptsprojects.testcase.TestFunc'>, func=<bound method Stack.gap_init of <autopts.ptsprojects.stack.stack.Stack object at 0x00000285DC63BA70>> start_wid=None stop_wid=None post_wid=None skip_call=None call_count=159 args=(b'Tester_08E44E',) kwds={}
2026-03-27 15:23:07,743 LT1-thread root DEBUG client.py                 82    logger_log                : Test function parameters: args=(b'Tester_08E44E',), kwds={}
2026-03-27 15:23:07,743 LT1-thread root DEBUG client.py                 82    logger_log                : Starting test function: class=<class 'autopts.ptsprojects.testcase.TestFunc'>, func=<function gap_read_ctrl_info at 0x00000285DA1428E0> start_wid=None stop_wid=None post_wid=None skip_call=None call_count=159 args=() kwds={}
2026-03-27 15:23:07,743 LT1-thread root DEBUG client.py                 82    logger_log                : Test function parameters: args=(), kwds={}
2026-03-27 15:23:07,743 LT1-thread root DEBUG client.py                 82    logger_log                : gap_read_ctrl_info
2026-03-27 15:23:07,744 LT1-thread root DEBUG client.py                 82    logger_log                : send, 1 3 0 ''
2026-03-27 15:23:07,744 LT1-thread root DEBUG client.py                 82    logger_log                : sending frame '0103000000'
2026-03-27 15:23:07,744 LT1-thread root DEBUG client.py                 82    logger_log                : read
2026-03-27 15:23:07,784 BTPWorkerThread-3327 (_rx_task) root DEBUG client.py                 82    logger_log                : Read 5 bytes
2026-03-27 15:23:07,795 BTPWorkerThread-3327 (_rx_task) root DEBUG client.py                 82    logger_log                : Received: hdr: Header(svc_id=0x01, op=0x03, ctrl_index=0x00, data_len=0x115) bytearray(b'\x01\x03\x00\x15\x01')
2026-03-27 15:23:07,815 BTPWorkerThread-3327 (_rx_task) root DEBUG client.py                 82    logger_log                : Read 277 bytes data
2026-03-27 15:23:07,825 BTPWorkerThread-3327 (_rx_task) root DEBUG client.py                 82    logger_log                : Received data: {'19 78 ee 69 17 d0 d3 06 02 00 13 02 00 00 00 00 00 62 74 70 5f 74 65 73 74 65 72 00 00 00 00 00 00 00 00 00 00 00 00 00 00 00 00 00 00 00 00 00 00 00 00 00 00 00 00 00 00 00 00 00 00 00 00 00 00 00 00 00 00 00 00 00 00 00 00 00 00 00 00 00 00 00 00 00 00 00 00 00 00 00 00 00 00 00 00 00 00 00 00 00 00 00 00 00 00 00 00 00 00 00 00 00 00 00 00 00 00 00 00 00 00 00 00 00 00 00 00 00 00 00 00 00 00 00 00 00 00 00 00 00 00 00 00 00 00 00 00 00 00 00 00 00 00 00 00 00 00 00 00 00 00 00 00 00 00 00 00 00 00 00 00 00 00 00 00 00 00 00 00 00 00 00 00 00 00 00 00 00 00 00 00 00 00 00 00 00 00 00 00 00 00 00 00 00 00 00 00 00 00 00 00 00 00 00 00 00 00 00 00 00 00 00 00 00 00 00 00 00 00 00 00 00 00 00 00 00 00 00 00 00 00 00 00 00 00 00 00 00 00 00 00 00 00 00 00 00 00 00 00 00 00 00 00 00 00 00 00 00 00 00 00 00 00 00 00 00 00'}, bytearray(b'\x19x\xeei\x17\xd0\xd3\x06\x02\x00\x13\x02\x00\x00\x00\x00\x00btp_tester\x00\x00\x00\x00\x00\x00\x00\x00\x00\x00\x00\x00\x00\x00\x00\x00\x00\x00\x00\x00\x00\x00\x00\x00\x00\x00\x00\x00\x00\x00\x00\x00\x00\x00\x00\x00\x00\x00\x00\x00\x00\x00\x00\x00\x00\x00\x00\x00\x00\x00\x00\x00\x00\x00\x00\x00\x00\x00\x00\x00\x00\x00\x00\x00\x00\x00\x00\x00\x00\x00\x00\x00\x00\x00\x00\x00\x00\x00\x00\x00\x00\x00\x00\x00\x00\x00\x00\x00\x00\x00\x00\x00\x00\x00\x00\x00\x00\x00\x00\x00\x00\x00\x00\x00\x00\x00\x00\x00\x00\x00\x00\x00\x00\x00\x00\x00\x00\x00\x00\x00\x00\x00\x00\x00\x00\x00\x00\x00\x00\x00\x00\x00\x00\x00\x00\x00\x00\x00\x00\x00\x00\x00\x00\x00\x00\x00\x00\x00\x00\x00\x00\x00\x00\x00\x00\x00\x00\x00\x00\x00\x00\x00\x00\x00\x00\x00\x00\x00\x00\x00\x00\x00\x00\x00\x00\x00\x00\x00\x00\x00\x00\x00\x00\x00\x00\x00\x00\x00\x00\x00\x00\x00\x00\x00\x00\x00\x00\x00\x00\x00\x00\x00\x00\x00\x00\x00\x00\x00\x00\x00\x00\x00\x00\x00\x00\x00\x00\x00\x00\x00\x00\x00\x00\x00\x00\x00\x00\x00\x00\x00\x00\x00\x00\x00\x00\x00\x00\x00\x00\x00\x00\x00\x00\x00\x00\x00\x00\x00\x00\x00')
2026-03-27 15:23:07,842 LT1-thread root DEBUG client.py                 82    logger_log                : received Header(svc_id=1, op=3, ctrl_index=0, data_len=277) (b'\x19x\xeei\x17\xd0\xd3\x06\x02\x00\x13\x02\x00\x00\x00\x00\x00btp_tester\x00\x00\x00\x00\x00\x00\x00\x00\x00\x00\x00\x00\x00\x00\x00\x00\x00\x00\x00\x00\x00\x00\x00\x00\x00\x00\x00\x00\x00\x00\x00\x00\x00\x00\x00\x00\x00\x00\x00\x00\x00\x00\x00\x00\x00\x00\x00\x00\x00\x00\x00\x00\x00\x00\x00\x00\x00\x00\x00\x00\x00\x00\x00\x00\x00\x00\x00\x00\x00\x00\x00\x00\x00\x00\x00\x00\x00\x00\x00\x00\x00\x00\x00\x00\x00\x00\x00\x00\x00\x00\x00\x00\x00\x00\x00\x00\x00\x00\x00\x00\x00\x00\x00\x00\x00\x00\x00\x00\x00\x00\x00\x00\x00\x00\x00\x00\x00\x00\x00\x00\x00\x00\x00\x00\x00\x00\x00\x00\x00\x00\x00\x00\x00\x00\x00\x00\x00\x00\x00\x00\x00\x00\x00\x00\x00\x00\x00\x00\x00\x00\x00\x00\x00\x00\x00\x00\x00\x00\x00\x00\x00\x00\x00\x00\x00\x00\x00\x00\x00\x00\x00\x00\x00\x00\x00\x00\x00\x00\x00\x00\x00\x00\x00\x00\x00\x00\x00\x00\x00\x00\x00\x00\x00\x00\x00\x00\x00\x00\x00\x00\x00\x00\x00\x00\x00\x00\x00\x00\x00\x00\x00\x00\x00\x00\x00\x00\x00\x00\x00\x00\x00\x00\x00\x00\x00\x00\x00\x00\x00\x00\x00\x00\x00\x00\x00\x00\x00\x00\x00\x00\x00\x00\x00\x00\x00\x00\x00\x00\x00\x00',)
2026-03-27 15:23:07,842 LT1-thread root DEBUG client.py                 82    logger_log                : IUT address 'd01769ee7819' 'public'
2026-03-27 15:23:07,842 LT1-thread root DEBUG client.py                 82    logger_log                : __gap_current_settings_update 531
2026-03-27 15:23:07,843 LT1-thread root DEBUG client.py                 82    logger_log                : Starting test function: class=<class 'autopts.ptsprojects.testcase.TestFunc'>, func=<function test_cases.<locals>.<lambda> at 0x00000285DCCB9620> start_wid=None stop_wid=None post_wid=None skip_call=None call_count=159 args=() kwds={}
2026-03-27 15:23:07,843 LT1-thread root DEBUG client.py                 82    logger_log                : Test function parameters: args=(), kwds={}
2026-03-27 15:23:07,846 LT1-thread root DEBUG client.py                 82    logger_log                : Starting test function: class=<class 'autopts.ptsprojects.testcase.TestFunc'>, func=<function set_pts_addr at 0x00000285DA0E36A0> start_wid=None stop_wid=None post_wid=None skip_call=None call_count=159 args=('00:1B:DC:08:E4:4E', 0) kwds={}
2026-03-27 15:23:07,846 LT1-thread root DEBUG client.py                 82    logger_log                : Test function parameters: args=('00:1B:DC:08:E4:4E', 0), kwds={}
2026-03-27 15:23:07,846 LT1-thread root DEBUG client.py                 82    logger_log                : Starting test function: class=<class 'autopts.ptsprojects.testcase.TestFunc'>, func=<function gap_set_conn at 0x00000285DA142200> start_wid=None stop_wid=None post_wid=None skip_call=None call_count=159 args=() kwds={}
2026-03-27 15:23:07,846 LT1-thread root DEBUG client.py                 82    logger_log                : Test function parameters: args=(), kwds={}
2026-03-27 15:23:07,846 LT1-thread root DEBUG client.py                 82    logger_log                : gap_set_conn
2026-03-27 15:23:07,846 LT1-thread root DEBUG client.py                 82    logger_log                : Starting test function: class=<class 'autopts.ptsprojects.testcase.TestFunc'>, func=<function gap_set_gendiscov at 0x00000285DA1423E0> start_wid=None stop_wid=None post_wid=None skip_call=None call_count=159 args=() kwds={}
2026-03-27 15:23:07,847 LT1-thread root DEBUG client.py                 82    logger_log                : Test function parameters: args=(), kwds={}
2026-03-27 15:23:07,847 LT1-thread root DEBUG client.py                 82    logger_log                : gap_set_gendiscov
2026-03-27 15:23:07,847 LT1-thread root DEBUG client.py                 82    logger_log                : send, 1 8 0 '1'
2026-03-27 15:23:07,847 LT1-thread root DEBUG client.py                 82    logger_log                : sending frame '010800010001'
2026-03-27 15:23:07,847 LT1-thread root DEBUG client.py                 82    logger_log                : gap_command_rsp_succ
2026-03-27 15:23:07,847 LT1-thread root DEBUG client.py                 82    logger_log                : read
2026-03-27 15:23:07,906 BTPWorkerThread-3327 (_rx_task) root DEBUG client.py                 82    logger_log                : Read 5 bytes
2026-03-27 15:23:07,917 BTPWorkerThread-3327 (_rx_task) root DEBUG client.py                 82    logger_log                : Received: hdr: Header(svc_id=0x01, op=0x08, ctrl_index=0x00, data_len=0x04) bytearray(b'\x01\x08\x00\x04\x00')
2026-03-27 15:23:07,933 BTPWorkerThread-3327 (_rx_task) root DEBUG client.py                 82    logger_log                : Read 4 bytes data
2026-03-27 15:23:07,939 BTPWorkerThread-3327 (_rx_task) root DEBUG client.py                 82    logger_log                : Received data: {'1b 02 00 00'}, bytearray(b'\x1b\x02\x00\x00')
2026-03-27 15:23:07,949 LT1-thread root DEBUG client.py                 82    logger_log                : received Header(svc_id=1, op=8, ctrl_index=0, data_len=4) (b'\x1b\x02\x00\x00',)
2026-03-27 15:23:07,949 LT1-thread root DEBUG client.py                 82    logger_log                : __gap_current_settings_update (b'\x1b\x02\x00\x00',)
2026-03-27 15:23:07,949 LT1-thread root DEBUG client.py                 82    logger_log                : Starting test function: class=<class 'autopts.ptsprojects.testcase.TestFunc'>, func=<function gap_set_io_cap at 0x00000285DA141DA0> start_wid=None stop_wid=None post_wid=None skip_call=None call_count=159 args=(3,) kwds={}
2026-03-27 15:23:07,950 LT1-thread root DEBUG client.py                 82    logger_log                : Test function parameters: args=(3,), kwds={}
2026-03-27 15:23:07,950 LT1-thread root DEBUG client.py                 82    logger_log                : gap_set_io_cap 3
2026-03-27 15:23:07,950 LT1-thread root DEBUG client.py                 82    logger_log                : send, 1 16 0 '\x03'
2026-03-27 15:23:07,950 LT1-thread root DEBUG client.py                 82    logger_log                : sending frame '011000010003'
2026-03-27 15:23:07,950 LT1-thread root DEBUG client.py                 82    logger_log                : gap_command_rsp_succ
2026-03-27 15:23:07,950 LT1-thread root DEBUG client.py                 82    logger_log                : read
2026-03-27 15:23:07,992 BTPWorkerThread-3327 (_rx_task) root DEBUG client.py                 82    logger_log                : Read 5 bytes
2026-03-27 15:23:08,003 BTPWorkerThread-3327 (_rx_task) root DEBUG client.py                 82    logger_log                : Received: hdr: Header(svc_id=0x01, op=0x10, ctrl_index=0x00, data_len=0x00) bytearray(b'\x01\x10\x00\x00\x00')
2026-03-27 15:23:08,014 BTPWorkerThread-3327 (_rx_task) root DEBUG client.py                 82    logger_log                : Received data: {''}, bytearray(b'')
2026-03-27 15:23:08,025 LT1-thread root DEBUG client.py                 82    logger_log                : received Header(svc_id=1, op=16, ctrl_index=0, data_len=0) (b'',)
2026-03-27 15:23:08,025 LT1-thread root DEBUG client.py                 82    logger_log                : Starting test function: class=<class 'autopts.ptsprojects.testcase.TestFunc'>, func=<function core_reg_svc_hfp_hf at 0x00000285DA109260> start_wid=None stop_wid=None post_wid=None skip_call=None call_count=9 args=() kwds={}
2026-03-27 15:23:08,025 LT1-thread root DEBUG client.py                 82    logger_log                : Test function parameters: args=(), kwds={}
2026-03-27 15:23:08,025 LT1-thread root DEBUG client.py                 82    logger_log                : core_reg_svc_univ: hfp_hf_reg (HFP_HF)
2026-03-27 15:23:08,025 LT1-thread root DEBUG client.py                 82    logger_log                : send, 0 3 255 '33'
2026-03-27 15:23:08,026 LT1-thread root DEBUG client.py                 82    logger_log                : sending frame '0003ff010021'
2026-03-27 15:23:08,026 LT1-thread root DEBUG client.py                 82    logger_log                : core_reg_svc_rsp_succ
2026-03-27 15:23:08,026 LT1-thread root DEBUG client.py                 82    logger_log                : read
2026-03-27 15:23:08,064 BTPWorkerThread-3327 (_rx_task) root DEBUG client.py                 82    logger_log                : Read 5 bytes
2026-03-27 15:23:08,074 BTPWorkerThread-3327 (_rx_task) root DEBUG client.py                 82    logger_log                : Received: hdr: Header(svc_id=0x00, op=0x03, ctrl_index=0xff, data_len=0x00) bytearray(b'\x00\x03\xff\x00\x00')
2026-03-27 15:23:08,080 BTPWorkerThread-3327 (_rx_task) root DEBUG client.py                 82    logger_log                : Received data: {''}, bytearray(b'')
2026-03-27 15:23:08,085 LT1-thread root DEBUG client.py                 82    logger_log                : received Header(svc_id=0, op=3, ctrl_index=255, data_len=0) (b'',)
2026-03-27 15:23:08,085 LT1-thread root DEBUG client.py                 82    logger_log                : expected ((0, 3, 255, 0), (b'',))
2026-03-27 15:23:08,085 LT1-thread root DEBUG client.py                 82    logger_log                : response is valid
2026-03-27 15:23:08,085 LT1-thread root DEBUG client.py                 82    logger_log                : Reading supported commands for service: HFP_HF
2026-03-27 15:23:08,086 LT1-thread root DEBUG client.py                 82    logger_log                : send, 33 1 255 ''
2026-03-27 15:23:08,086 LT1-thread root DEBUG client.py                 82    logger_log                : sending frame '2101ff0000'
2026-03-27 15:23:08,086 LT1-thread root DEBUG client.py                 82    logger_log                : read
2026-03-27 15:23:08,123 BTPWorkerThread-3327 (_rx_task) root DEBUG client.py                 82    logger_log                : Read 5 bytes
2026-03-27 15:23:08,133 BTPWorkerThread-3327 (_rx_task) root DEBUG client.py                 82    logger_log                : Received: hdr: Header(svc_id=0x21, op=0x01, ctrl_index=0xff, data_len=0x05) bytearray(b'!\x01\xff\x05\x00')
2026-03-27 15:23:08,139 BTPWorkerThread-3327 (_rx_task) root DEBUG client.py                 82    logger_log                : Read 5 bytes data
2026-03-27 15:23:08,151 BTPWorkerThread-3327 (_rx_task) root DEBUG client.py                 82    logger_log                : Received data: {'fe ff ff ff 7f'}, bytearray(b'\xfe\xff\xff\xff\x7f')
2026-03-27 15:23:08,151 LT1-thread root DEBUG client.py                 82    logger_log                : Starting test function: class=<class 'autopts.ptsprojects.testcase.TestFunc'>, func=<bound method Stack.hfp_hf_init of <autopts.ptsprojects.stack.stack.Stack object at 0x00000285DC63BA70>> start_wid=None stop_wid=None post_wid=None skip_call=None call_count=9 args=() kwds={}
2026-03-27 15:23:08,152 LT1-thread root DEBUG client.py                 82    logger_log                : Test function parameters: args=(), kwds={}
2026-03-27 15:23:08,154 LT1-thread root DEBUG client.py                 82    logger_log                : ClientCallback.get_result run_test_case
2026-03-27 15:23:13,132 BTPWorkerThread-3327 (_rx_task) root DEBUG client.py                 82    logger_log                : Read 5 bytes
2026-03-27 15:23:13,133 BTPWorkerThread-3327 (_rx_task) root DEBUG client.py                 82    logger_log                : Received: hdr: Header(svc_id=0x01, op=0x82, ctrl_index=0x00, data_len=0x0d) bytearray(b'\x01\x82\x00\r\x00')
2026-03-27 15:23:13,133 BTPWorkerThread-3327 (_rx_task) root DEBUG client.py                 82    logger_log                : Read 8 bytes data
2026-03-27 15:23:13,143 BTPWorkerThread-3327 (_rx_task) root DEBUG client.py                 82    logger_log                : Read 5 bytes data
2026-03-27 15:23:13,144 BTPWorkerThread-3327 (_rx_task) root DEBUG client.py                 82    logger_log                : Received data: {'e0 4e e4 08 dc 1b 00 00 00 00 00 00 00'}, bytearray(b'\xe0N\xe4\x08\xdc\x1b\x00\x00\x00\x00\x00\x00\x00')
2026-03-27 15:23:13,144 BTPWorkerThread-3327 (_rx_task) root DEBUG client.py                 82    logger_log                : event_handler Header(svc_id=1, op=130, ctrl_index=0, data_len=13) (b'\xe0N\xe4\x08\xdc\x1b\x00\x00\x00\x00\x00\x00\x00',)
2026-03-27 15:23:13,144 BTPWorkerThread-3327 (_rx_task) root DEBUG client.py                 82    logger_log                : gap_connected_ev_ b'\xe0N\xe4\x08\xdc\x1b\x00\x00\x00\x00\x00\x00\x00'
2026-03-27 15:23:13,144 BTPWorkerThread-3327 (_rx_task) root DEBUG client.py                 82    logger_log                : Read 5 bytes
2026-03-27 15:23:13,144 BTPWorkerThread-3327 (_rx_task) root DEBUG client.py                 82    logger_log                : Received: hdr: Header(svc_id=0x01, op=0x80, ctrl_index=0x00, data_len=0x04) bytearray(b'\x01\x80\x00\x04\x00')
2026-03-27 15:23:13,144 BTPWorkerThread-3327 (_rx_task) root DEBUG client.py                 82    logger_log                : Read 4 bytes data
2026-03-27 15:23:13,144 BTPWorkerThread-3327 (_rx_task) root DEBUG client.py                 82    logger_log                : Received data: {'1b 02 00 00'}, bytearray(b'\x1b\x02\x00\x00')
2026-03-27 15:23:13,144 BTPWorkerThread-3327 (_rx_task) root DEBUG client.py                 82    logger_log                : event_handler Header(svc_id=1, op=128, ctrl_index=0, data_len=4) (b'\x1b\x02\x00\x00',)
2026-03-27 15:23:13,145 BTPWorkerThread-3327 (_rx_task) root DEBUG client.py                 82    logger_log                : gap_new_settings_ev_ b'\x1b\x02\x00\x00'
2026-03-27 15:23:13,145 BTPWorkerThread-3327 (_rx_task) root DEBUG client.py                 82    logger_log                : __gap_current_settings_update 539
2026-03-27 15:23:14,959 BTPWorkerThread-3327 (_rx_task) root DEBUG client.py                 82    logger_log                : Read 5 bytes
2026-03-27 15:23:14,959 BTPWorkerThread-3327 (_rx_task) root DEBUG client.py                 82    logger_log                : Received: hdr: Header(svc_id=0x01, op=0x91, ctrl_index=0x00, data_len=0x09) bytearray(b'\x01\x91\x00\t\x00')
2026-03-27 15:23:14,960 BTPWorkerThread-3327 (_rx_task) root DEBUG client.py                 82    logger_log                : Read 9 bytes data
2026-03-27 15:23:14,960 BTPWorkerThread-3327 (_rx_task) root DEBUG client.py                 82    logger_log                : Received data: {'e0 4e e4 08 dc 1b 00 01 10'}, bytearray(b'\xe0N\xe4\x08\xdc\x1b\x00\x01\x10')
2026-03-27 15:23:14,960 BTPWorkerThread-3327 (_rx_task) root DEBUG client.py                 82    logger_log                : event_handler Header(svc_id=1, op=145, ctrl_index=0, data_len=9) (b'\xe0N\xe4\x08\xdc\x1b\x00\x01\x10',)
2026-03-27 15:23:14,960 BTPWorkerThread-3327 (_rx_task) root DEBUG client.py                 82    logger_log                : gap_encryption_change_ev_
2026-03-27 15:23:14,960 BTPWorkerThread-3327 (_rx_task) root DEBUG client.py                 82    logger_log                : enc change received b'\xe0N\xe4\x08\xdc\x1b\x00\x01\x10'
2026-03-27 15:23:14,960 BTPWorkerThread-3327 (_rx_task) root DEBUG client.py                 82    logger_log                : received (224, '001bdc08e44e', 1, 16)
2026-03-27 15:23:14,960 BTPWorkerThread-3327 (_rx_task) root DEBUG client.py                 82    logger_log                : Read 5 bytes
2026-03-27 15:23:14,960 BTPWorkerThread-3327 (_rx_task) root DEBUG client.py                 82    logger_log                : Received: hdr: Header(svc_id=0x01, op=0x89, ctrl_index=0x00, data_len=0x08) bytearray(b'\x01\x89\x00\x08\x00')
2026-03-27 15:23:14,960 BTPWorkerThread-3327 (_rx_task) root DEBUG client.py                 82    logger_log                : Read 8 bytes data
2026-03-27 15:23:14,960 BTPWorkerThread-3327 (_rx_task) root DEBUG client.py                 82    logger_log                : Received data: {'e0 4e e4 08 dc 1b 00 02'}, bytearray(b'\xe0N\xe4\x08\xdc\x1b\x00\x02')
2026-03-27 15:23:14,961 BTPWorkerThread-3327 (_rx_task) root DEBUG client.py                 82    logger_log                : event_handler Header(svc_id=1, op=137, ctrl_index=0, data_len=8) (b'\xe0N\xe4\x08\xdc\x1b\x00\x02',)
2026-03-27 15:23:14,961 BTPWorkerThread-3327 (_rx_task) root DEBUG client.py                 82    logger_log                : gap_sec_level_changed_ev_
2026-03-27 15:23:14,961 BTPWorkerThread-3327 (_rx_task) root DEBUG client.py                 82    logger_log                : received b'\xe0N\xe4\x08\xdc\x1b\x00\x02'
2026-03-27 15:23:14,961 BTPWorkerThread-3327 (_rx_task) root DEBUG client.py                 82    logger_log                : received (224, '001bdc08e44e', 2)
2026-03-27 15:23:15,218 BTPWorkerThread-3327 (_rx_task) root DEBUG client.py                 82    logger_log                : Read 5 bytes
2026-03-27 15:23:15,218 BTPWorkerThread-3327 (_rx_task) root DEBUG client.py                 82    logger_log                : Received: hdr: Header(svc_id=0x21, op=0x80, ctrl_index=0x00, data_len=0x07) bytearray(b'!\x80\x00\x07\x00')
2026-03-27 15:23:15,218 BTPWorkerThread-3327 (_rx_task) root DEBUG client.py                 82    logger_log                : Read 7 bytes data
2026-03-27 15:23:15,219 BTPWorkerThread-3327 (_rx_task) root DEBUG client.py                 82    logger_log                : Received data: {'e0 4e e4 08 dc 1b 00'}, bytearray(b'\xe0N\xe4\x08\xdc\x1b\x00')
2026-03-27 15:23:15,219 BTPWorkerThread-3327 (_rx_task) root DEBUG client.py                 82    logger_log                : event_handler Header(svc_id=33, op=128, ctrl_index=0, data_len=7) (b'\xe0N\xe4\x08\xdc\x1b\x00',)
2026-03-27 15:23:15,219 BTPWorkerThread-3327 (_rx_task) root DEBUG client.py                 82    logger_log                : hfp_hf_connected_ev b'\xe0N\xe4\x08\xdc\x1b\x00' 7
2026-03-27 15:23:15,220 BTPWorkerThread-3327 (_rx_task) root DEBUG client.py                 82    logger_log                : HFP HF connected to addr b'N\xe4\x08\xdc\x1b\x00'
2026-03-27 15:23:15,220 LT1-callback ClientCallback.on_implicit_send INFO client.py                 82    logger_log                : 
    ********************
    BEGIN OnImplicitSend:
    project_name: HFP
    wid: 260
    test_case_name: HFP/HF/TRS/BV-01-C
    description: Please confirm IUT successfully received 'Home/Roam Network' available indicator.

 Click Ok, if it is received, otherwise click Cancel.
    style: MMI_Style_Ok_Cancel1 0x11041
2026-03-27 15:23:15,220 LT1-callback ClientCallback.on_implicit_send INFO client.py                 82    logger_log                : Calling test cases on_implicit_send
2026-03-27 15:23:15,220 BTPWorkerThread-3327 (_rx_task) root DEBUG client.py                 82    logger_log                : Read 5 bytes
2026-03-27 15:23:15,221 LT1-callback ClientCallback.on_implicit_send INFO client.py                 82    logger_log                : 
    on_implicit_send returned response: WAIT
    END OnImplicitSend
    ********************
2026-03-27 15:23:15,221 BTPWorkerThread-3327 (_rx_task) root DEBUG client.py                 82    logger_log                : Received: hdr: Header(svc_id=0x21, op=0x84, ctrl_index=0x00, data_len=0x0b) bytearray(b'!\x84\x00\x0b\x00')
2026-03-27 15:23:15,221 BTPWorkerThread-3327 (_rx_task) root DEBUG client.py                 82    logger_log                : Read 11 bytes data
2026-03-27 15:23:15,222 BTPWorkerThread-3327 (_rx_task) root DEBUG client.py                 82    logger_log                : Received data: {'e0 4e e4 08 dc 1b 00 01 00 00 00'}, bytearray(b'\xe0N\xe4\x08\xdc\x1b\x00\x01\x00\x00\x00')
2026-03-27 15:23:15,222 BTPWorkerThread-3327 (_rx_task) root DEBUG client.py                 82    logger_log                : event_handler Header(svc_id=33, op=132, ctrl_index=0, data_len=11) (b'\xe0N\xe4\x08\xdc\x1b\x00\x01\x00\x00\x00',)
2026-03-27 15:23:15,222 BTPWorkerThread-3327 (_rx_task) root DEBUG client.py                 82    logger_log                : hfp_hf_service_ev b'\xe0N\xe4\x08\xdc\x1b\x00\x01\x00\x00\x00' 11
2026-03-27 15:23:15,222 BTPWorkerThread-3327 (_rx_task) root DEBUG client.py                 82    logger_log                : HFP HF service from addr b'N\xe4\x08\xdc\x1b\x00', value 1
2026-03-27 15:23:16,157 LT1-thread root DEBUG client.py                 82    logger_log                : HFP HFP/HF/TRS/BV-01-C on_implicit_send
2026-03-27 15:23:16,157 LT1-thread root DEBUG client.py                 82    logger_log                : hfp_hf_wid_hdl, 260, Please confirm IUT successfully received 'Home/Roam Network' available indicator.

 Click Ok, if it is received, otherwise click Cancel., HFP/HF/TRS/BV-01-C
2026-03-27 15:23:16,157 LT1-thread root DEBUG client.py                 82    logger_log                : Sending response 'OK' to wid 260 test case HFP/HF/TRS/BV-01-C
2026-03-27 15:23:16,159 LT1-thread root DEBUG client.py                 82    logger_log                : ClientCallback.get_result run_test_case
2026-03-27 15:23:16,165 LT1-callback ClientCallback.on_implicit_send INFO client.py                 82    logger_log                : 
    ********************
    BEGIN OnImplicitSend:
    project_name: HFP
    wid: 259
    test_case_name: HFP/HF/TRS/BV-01-C
    description: Please confirm IUT successfully received 'No Home/Roam Network' available indicator.

 Click Ok, if it is received, otherwise click Cancel.
    style: MMI_Style_Ok_Cancel1 0x11041
2026-03-27 15:23:16,165 LT1-callback ClientCallback.on_implicit_send INFO client.py                 82    logger_log                : Calling test cases on_implicit_send
2026-03-27 15:23:16,165 LT1-callback ClientCallback.on_implicit_send INFO client.py                 82    logger_log                : 
    on_implicit_send returned response: WAIT
    END OnImplicitSend
    ********************
2026-03-27 15:23:16,185 BTPWorkerThread-3327 (_rx_task) root DEBUG client.py                 82    logger_log                : Read 5 bytes
2026-03-27 15:23:16,185 BTPWorkerThread-3327 (_rx_task) root DEBUG client.py                 82    logger_log                : Received: hdr: Header(svc_id=0x21, op=0x84, ctrl_index=0x00, data_len=0x0b) bytearray(b'!\x84\x00\x0b\x00')
2026-03-27 15:23:16,185 BTPWorkerThread-3327 (_rx_task) root DEBUG client.py                 82    logger_log                : Read 11 bytes data
2026-03-27 15:23:16,185 BTPWorkerThread-3327 (_rx_task) root DEBUG client.py                 82    logger_log                : Received data: {'e0 4e e4 08 dc 1b 00 00 00 00 00'}, bytearray(b'\xe0N\xe4\x08\xdc\x1b\x00\x00\x00\x00\x00')
2026-03-27 15:23:16,185 BTPWorkerThread-3327 (_rx_task) root DEBUG client.py                 82    logger_log                : event_handler Header(svc_id=33, op=132, ctrl_index=0, data_len=11) (b'\xe0N\xe4\x08\xdc\x1b\x00\x00\x00\x00\x00',)
2026-03-27 15:23:16,185 BTPWorkerThread-3327 (_rx_task) root DEBUG client.py                 82    logger_log                : hfp_hf_service_ev b'\xe0N\xe4\x08\xdc\x1b\x00\x00\x00\x00\x00' 11
2026-03-27 15:23:16,185 BTPWorkerThread-3327 (_rx_task) root DEBUG client.py                 82    logger_log                : HFP HF service from addr b'N\xe4\x08\xdc\x1b\x00', value 0
2026-03-27 15:23:17,160 LT1-thread root DEBUG client.py                 82    logger_log                : HFP HFP/HF/TRS/BV-01-C on_implicit_send
2026-03-27 15:23:17,160 LT1-thread root DEBUG client.py                 82    logger_log                : hfp_hf_wid_hdl, 259, Please confirm IUT successfully received 'No Home/Roam Network' available indicator.

 Click Ok, if it is received, otherwise click Cancel., HFP/HF/TRS/BV-01-C
2026-03-27 15:23:17,160 LT1-thread root DEBUG client.py                 82    logger_log                : Sending response 'OK' to wid 259 test case HFP/HF/TRS/BV-01-C
2026-03-27 15:23:17,162 LT1-thread root DEBUG client.py                 82    logger_log                : ClientCallback.get_result run_test_case
2026-03-27 15:23:17,167 LT1-callback ClientCallback.on_implicit_send INFO client.py                 82    logger_log                : 
    ********************
    BEGIN OnImplicitSend:
    project_name: HFP
    wid: 606
    test_case_name: HFP/HF/TRS/BV-01-C
    description: Disable service level connection, then click Ok.
    style: MMI_Style_Ok_Cancel1 0x11041
2026-03-27 15:23:17,167 LT1-callback ClientCallback.on_implicit_send INFO client.py                 82    logger_log                : Calling test cases on_implicit_send
2026-03-27 15:23:17,167 LT1-callback ClientCallback.on_implicit_send INFO client.py                 82    logger_log                : 
    on_implicit_send returned response: WAIT
    END OnImplicitSend
    ********************
2026-03-27 15:23:18,162 LT1-thread root DEBUG client.py                 82    logger_log                : HFP HFP/HF/TRS/BV-01-C on_implicit_send
2026-03-27 15:23:18,162 LT1-thread root DEBUG client.py                 82    logger_log                : hfp_hf_wid_hdl, 606, Disable service level connection, then click Ok., HFP/HF/TRS/BV-01-C
2026-03-27 15:23:18,162 LT1-thread root DEBUG client.py                 82    logger_log                : hfp_hf_disconnect None 224
2026-03-27 15:23:18,162 LT1-thread root DEBUG client.py                 82    logger_log                : send, 33 3 0 "bytearray(b'\\xe0N\\xe4\\x08\\xdc\\x1b\\x00')"
2026-03-27 15:23:18,163 LT1-thread root DEBUG client.py                 82    logger_log                : sending frame '2103000700e04ee408dc1b00'
2026-03-27 15:23:18,163 LT1-thread root DEBUG client.py                 82    logger_log                : read
2026-03-27 15:23:18,192 BTPWorkerThread-3327 (_rx_task) root DEBUG client.py                 82    logger_log                : Read 5 bytes
2026-03-27 15:23:18,203 BTPWorkerThread-3327 (_rx_task) root DEBUG client.py                 82    logger_log                : Received: hdr: Header(svc_id=0x21, op=0x03, ctrl_index=0x00, data_len=0x00) bytearray(b'!\x03\x00\x00\x00')
2026-03-27 15:23:18,208 BTPWorkerThread-3327 (_rx_task) root DEBUG client.py                 82    logger_log                : Received data: {''}, bytearray(b'')
2026-03-27 15:23:18,214 LT1-thread root DEBUG client.py                 82    logger_log                : Sending response 'OK' to wid 606 test case HFP/HF/TRS/BV-01-C
2026-03-27 15:23:18,214 BTPWorkerThread-3327 (_rx_task) root DEBUG client.py                 82    logger_log                : Read 5 bytes
2026-03-27 15:23:18,215 BTPWorkerThread-3327 (_rx_task) root DEBUG client.py                 82    logger_log                : Received: hdr: Header(svc_id=0x21, op=0x81, ctrl_index=0x00, data_len=0x07) bytearray(b'!\x81\x00\x07\x00')
2026-03-27 15:23:18,215 BTPWorkerThread-3327 (_rx_task) root DEBUG client.py                 82    logger_log                : Read 7 bytes data
2026-03-27 15:23:18,216 BTPWorkerThread-3327 (_rx_task) root DEBUG client.py                 82    logger_log                : Received data: {'e0 4e e4 08 dc 1b 00'}, bytearray(b'\xe0N\xe4\x08\xdc\x1b\x00')
2026-03-27 15:23:18,216 BTPWorkerThread-3327 (_rx_task) root DEBUG client.py                 82    logger_log                : event_handler Header(svc_id=33, op=129, ctrl_index=0, data_len=7) (b'\xe0N\xe4\x08\xdc\x1b\x00',)
2026-03-27 15:23:18,217 LT1-thread root DEBUG client.py                 82    logger_log                : ClientCallback.get_result run_test_case
2026-03-27 15:23:18,217 BTPWorkerThread-3327 (_rx_task) root DEBUG client.py                 82    logger_log                : hfp_hf_disconnected_ev b'\xe0N\xe4\x08\xdc\x1b\x00' 7
2026-03-27 15:23:18,217 BTPWorkerThread-3327 (_rx_task) root DEBUG client.py                 82    logger_log                : HFP HF disconnected from addr b'N\xe4\x08\xdc\x1b\x00'
2026-03-27 15:23:19,232 BTPWorkerThread-3327 (_rx_task) root DEBUG client.py                 82    logger_log                : Read 5 bytes
2026-03-27 15:23:19,232 BTPWorkerThread-3327 (_rx_task) root DEBUG client.py                 82    logger_log                : Received: hdr: Header(svc_id=0x01, op=0x83, ctrl_index=0x00, data_len=0x07) bytearray(b'\x01\x83\x00\x07\x00')
2026-03-27 15:23:19,232 BTPWorkerThread-3327 (_rx_task) root DEBUG client.py                 82    logger_log                : Read 7 bytes data
2026-03-27 15:23:19,232 BTPWorkerThread-3327 (_rx_task) root DEBUG client.py                 82    logger_log                : Received data: {'e0 4e e4 08 dc 1b 00'}, bytearray(b'\xe0N\xe4\x08\xdc\x1b\x00')
2026-03-27 15:23:19,232 BTPWorkerThread-3327 (_rx_task) root DEBUG client.py                 82    logger_log                : event_handler Header(svc_id=1, op=131, ctrl_index=0, data_len=7) (b'\xe0N\xe4\x08\xdc\x1b\x00',)
2026-03-27 15:23:19,232 BTPWorkerThread-3327 (_rx_task) root DEBUG client.py                 82    logger_log                : gap_disconnected_ev_ b'\xe0N\xe4\x08\xdc\x1b\x00'
2026-03-27 15:23:21,945 LT1-callback ClientCallback.log INFO client.py                 82    logger_log                : PTS_LOGTYPE_START_TEST Start Test Case 

+1657 ms
 HFP/HF/TRS/BV-01-C HFP/HF/TRS/BV-01-C

2026-03-27 15:23:22,550 LT1-callback ClientCallback.log INFO client.py                 82    logger_log                : PTS_LOGTYPE_FINAL_VERDICT Final Verdict 

+12797 ms
 HFP/HF/TRS/BV-01-C PASS

2026-03-27 15:23:22,558 LT1-callback ClientCallback.log INFO client.py                 82    logger_log                : PTS_LOGTYPE_FINAL_VERDICT Encrypted Verdict 

+12797 ms
 HFP/HF/TRS/BV-01-C A1#MzU1YWZmODNhMjY1ZmNmZTdmZjg1N2JhYzFkMmZhNGM5ZTVjY2U4YmE3MTA5NDRiZGNkYWI0OGNhOGI0NGFhZA==#otRmd17Tc+j3LH08vtnkSWd8GEwHJSQIDv361NRsuTe7suHZ7zP0vY45TY03fkiu

2026-03-27 15:23:22,564 LT1-callback ClientCallback.log INFO client.py                 82    logger_log                : PTS_LOGTYPE_END_TEST Test Case Ended 

+12813 ms
 HFP/HF/TRS/BV-01-C HFP/HF/TRS/BV-01-C

2026-03-27 15:23:22,611 LT1-callback root DEBUG client.py                 82    logger_log                : ClientCallback, set_result, run_test_case, PASS
2026-03-27 15:23:22,612 LT1-thread root DEBUG client.py                 82    logger_log                : After run_test_case error_code=0 status='PASS'
2026-03-27 15:23:22,612 LT1-thread root DEBUG client.py                 82    logger_log                : post_run HFP HFP/HF/TRS/BV-01-C 0
2026-03-27 15:23:22,612 LT1-thread root DEBUG client.py                 82    logger_log                : Starting test function: class=<class 'autopts.ptsprojects.testcase.TestFuncCleanUp'>, func=<bound method Stack.cleanup of <autopts.ptsprojects.stack.stack.Stack object at 0x00000285DC63BA70>> start_wid=None stop_wid=None post_wid=None skip_call=None call_count=1 args=() kwds={}
2026-03-27 15:23:22,612 LT1-thread root DEBUG client.py                 82    logger_log                : Test function parameters: args=(), kwds={}
2026-03-27 15:23:22,613 LT1-thread root DEBUG client.py                 82    logger_log                : Starting test function: class=<class 'autopts.ptsprojects.testcase.TestFuncCleanUp'>, func=<bound method ZephyrCtl.stop of <autopts.ptsprojects.zephyr.iutctl.ZephyrCtl object at 0x00000285DC5B4CB0>> start_wid=None stop_wid=None post_wid=None skip_call=None call_count=1 args=() kwds={}
2026-03-27 15:23:22,613 LT1-thread root DEBUG client.py                 82    logger_log                : Test function parameters: args=(), kwds={}
2026-03-27 15:23:22,613 LT1-thread root DEBUG client.py                 82    logger_log                : <class 'autopts.ptsprojects.zephyr.iutctl.ZephyrCtl'>.stop
2026-03-27 15:23:22,613 LT1-thread root DEBUG client.py                 82    logger_log                : About to reset DUT: JLink -CommandFile reset.jlink -usb 1063214216 -device MIMXRT1176XXXA_M7
2026-03-27 15:23:23,007 BTPWorkerThread-3327 (_rx_task) root DEBUG client.py                 82    logger_log                : Read 5 bytes
2026-03-27 15:23:23,008 BTPWorkerThread-3327 (_rx_task) root DEBUG client.py                 82    logger_log                : Received: hdr: Header(svc_id=0x00, op=0x80, ctrl_index=0xff, data_len=0x00) bytearray(b'\x00\x80\xff\x00\x00')
2026-03-27 15:23:23,008 BTPWorkerThread-3327 (_rx_task) root DEBUG client.py                 82    logger_log                : Received data: {''}, bytearray(b'')
2026-03-27 15:23:23,008 BTPWorkerThread-3327 (_rx_task) root DEBUG client.py                 82    logger_log                : event_handler Header(svc_id=0, op=128, ctrl_index=255, data_len=0) (b'',)
2026-03-27 15:23:23,009 BTPWorkerThread-3327 (_rx_task) root DEBUG client.py                 82    logger_log                : core_iut_ready_ev
2026-03-27 15:23:23,505 LT1-thread root DEBUG client.py                 82    logger_log                : IUT ready event received OK
2026-03-27 15:23:23,505 LT1-thread root DEBUG client.py                 82    logger_log                : Waiting for _rx_worker to finish ...
2026-03-27 15:23:24,010 BTPWorkerThread-3327 (_rx_task) root DEBUG client.py                 82    logger_log                : BTPWorkerThread-3327 (_rx_task) finishing...
2026-03-27 15:23:27,018 LT1-thread root DEBUG client.py                 82    logger_log                : post_run, cleanup running post test case script
2026-03-27 15:23:27,018 LT1-thread root DEBUG client.py                 82    logger_log                : post_run, run post test case script
2026-03-27 15:23:27,117 LT1-thread root DEBUG client.py                 82    logger_log                : Done TestCase _run_test_case HFP HFP/HF/TRS/BV-01-C
