04:59:26:509    > BTP_CORE_CMD_READ_SUPPORTED_SERVICES (0x00|0x02|0xff)
                  raw data (0): 00 02 ff 00 00|
04:59:26:557    < BTP_CORE_CMD_READ_SUPPORTED_SERVICES (0x00|0x02|0xff)
                  raw data (6): 00 02 ff 06 00|0f 00 00 a0 ff 03
04:59:26:568    > BTP_CORE_CMD_REGISTER_SERVICE (0x00|0x03|0xff)
                  raw data (1): 00 03 ff 01 00|01
04:59:30:694    < BTP_CORE_CMD_REGISTER_SERVICE (0x00|0x03|0xff)
                  raw data (0): 00 03 ff 00 00|
04:59:30:699    > BTP_GAP_CMD_READ_SUPPORTED_COMMANDS (0x01|0x01|0xff)
                  raw data (0): 01 01 ff 00 00|
04:59:30:745    < BTP_GAP_CMD_READ_SUPPORTED_COMMANDS (0x01|0x01|0xff)
                  raw data (7): 01 01 ff 07 00|6e ff 7f 1f fe ff 2e
04:59:30:757    > BTP_GAP_CMD_READ_CONTROLLER_INFO (0x01|0x03|0x00)
                  raw data (0): 01 03 00 00 00|
04:59:30:809    < BTP_GAP_CMD_READ_CONTROLLER_INFO (0x01|0x03|0x00)
                  raw data (277): 
                  01 03 00 15 01|19 78 ee 69 17 d0 d3 06 02 00 13 
                  02 00 00 00 00 00 62 74 70 5f 74 65 73 74 65 72 
                  00 00 00 00 00 00 00 00 00 00 00 00 00 00 00 00 
                  00 00 00 00 00 00 00 00 00 00 00 00 00 00 00 00 
                  00 00 00 00 00 00 00 00 00 00 00 00 00 00 00 00 
                  00 00 00 00 00 00 00 00 00 00 00 00 00 00 00 00 
                  00 00 00 00 00 00 00 00 00 00 00 00 00 00 00 00 
                  00 00 00 00 00 00 00 00 00 00 00 00 00 00 00 00 
                  00 00 00 00 00 00 00 00 00 00 00 00 00 00 00 00 
                  00 00 00 00 00 00 00 00 00 00 00 00 00 00 00 00 
                  00 00 00 00 00 00 00 00 00 00 00 00 00 00 00 00 
                  00 00 00 00 00 00 00 00 00 00 00 00 00 00 00 00 
                  00 00 00 00 00 00 00 00 00 00 00 00 00 00 00 00 
                  00 00 00 00 00 00 00 00 00 00 00 00 00 00 00 00 
                  00 00 00 00 00 00 00 00 00 00 00 00 00 00 00 00 
                  00 00 00 00 00 00 00 00 00 00 00 00 00 00 00 00 
                  00 00 00 00 00 00 00 00 00 00 00 00 00 00 00 00 
                  00 00 00 00 00 00 00 00 00 00
04:59:30:825    > BTP_GAP_CMD_SET_DISCOVERABLE (0x01|0x08|0x00)
                  raw data (1): 01 08 00 01 00|01
04:59:30:902    < BTP_GAP_CMD_SET_DISCOVERABLE (0x01|0x08|0x00)
                  raw data (4): 01 08 00 04 00|1b 02 00 00
04:59:30:907    > BTP_GAP_CMD_SET_IO_CAP (0x01|0x10|0x00)
                  raw data (1): 01 10 00 01 00|03
04:59:30:950    < BTP_GAP_CMD_SET_IO_CAP (0x01|0x10|0x00)
                  raw data (0): 01 10 00 00 00|
04:59:30:955    > BTP_CORE_CMD_REGISTER_SERVICE (0x00|0x03|0xff)
                  raw data (33): 00 03 ff 01 00|21
04:59:31:015    < BTP_CORE_CMD_REGISTER_SERVICE (0x00|0x03|0xff)
                  raw data (0): 00 03 ff 00 00|
04:59:31:027    > BTP_HFP_HF_CMD_READ_SUPPORTED_COMMANDS (0x21|0x01|0xff)
                  raw data (0): 21 01 ff 00 00|
04:59:31:074    < BTP_HFP_HF_CMD_READ_SUPPORTED_COMMANDS (0x21|0x01|0xff)
                  raw data (5): 21 01 ff 05 00|fe ff ff ff 7f
04:59:33:548    < BTP_GAP_EV_DEVICE_CONNECTED (0x01|0x82|0x00)
                  raw data (13): 
                  01 82 00 0d 00|e0 4e e4 08 dc 1b 00 00 00 00 00 
                  00 00
04:59:33:559    < BTP_GAP_EV_NEW_SETTINGS (0x01|0x80|0x00)
                  raw data (4): 01 80 00 04 00|1b 02 00 00
04:59:35:261    < BTP_GAP_EV_ENCRYPTION_CHANGE (0x01|0x91|0x00)
                  raw data (9): 01 91 00 09 00|e0 4e e4 08 dc 1b 00 01 10
04:59:35:261    < BTP_GAP_EV_SEC_LEVEL_CHANGED (0x01|0x89|0x00)
                  raw data (8): 01 89 00 08 00|e0 4e e4 08 dc 1b 00 02
04:59:35:507    < BTP_HFP_HF_EV_CONNECTED (0x21|0x80|0x00)
                  raw data (7): 21 80 00 07 00|e0 4e e4 08 dc 1b 00
04:59:35:560    < BTP_HFP_HF_EV_INCOMING (0x21|0x87|0x00)
                  raw data (8): 21 87 00 08 00|e0 4e e4 08 dc 1b 00 00
04:59:35:561    < BTP_HFP_HF_EV_RING_INDICATION (0x21|0x91|0x00)
                  raw data (8): 21 91 00 08 00|e0 4e e4 08 dc 1b 00 00
04:59:35:572    < BTP_HFP_HF_EV_CLIP (0x21|0x93|0x00)
                  raw data (17): 
                  21 93 00 11 00|e0 4e e4 08 dc 1b 00 00 00 07 31 
                  32 33 34 35 36 37
04:59:36:080    > BTP_HFP_HF_CMD_CLI (0x21|0x04|0x00)
                  raw data (8): 21 04 00 08 00|e0 4e e4 08 dc 1b 00 01
04:59:36:127    < BTP_HFP_HF_CMD_CLI (0x21|0x04|0x00)
                  raw data (0): 21 04 00 00 00|
04:59:37:130    > BTP_HFP_HF_CMD_ACCEPT_CALL (0x21|0x08|0x00)
                  raw data (8): 21 08 00 08 00|e0 4e e4 08 dc 1b 00 00
04:59:37:187    < BTP_HFP_HF_CMD_ACCEPT_CALL (0x21|0x08|0x00)
                  raw data (0): 21 08 00 00 00|
04:59:37:188    < BTP_HFP_HF_EV_CALL_ACCEPTED (0x21|0x89|0x00)
                  raw data (8): 21 89 00 08 00|e0 4e e4 08 dc 1b 00 00
04:59:38:434    < BTP_HFP_HF_EV_SCO_CONNECTED (0x21|0x82|0x00)
                  raw data (7): 21 82 00 07 00|e0 4e e4 08 dc 1b 00
04:59:39:311    < BTP_HFP_HF_EV_CALL_TERMINATED (0x21|0x8b|0x00)
                  raw data (8): 21 8b 00 08 00|e0 4e e4 08 dc 1b 00 00
04:59:40:407    < BTP_HFP_HF_EV_SCO_DISCONNECTED (0x21|0x83|0x00)
                  raw data (8): 21 83 00 08 00|e0 4e e4 08 dc 1b 00 13
04:59:40:894    < BTP_HFP_HF_EV_DISCONNECTED (0x21|0x81|0x00)
                  raw data (7): 21 81 00 07 00|e0 4e e4 08 dc 1b 00
04:59:41:944    < BTP_GAP_EV_DEVICE_DISCONNECTED (0x01|0x83|0x00)
                  raw data (7): 01 83 00 07 00|e0 4e e4 08 dc 1b 00
04:59:45:716    < BTP_CORE_EV_IUT_READY (0x00|0x80|0xff)
                  raw data (0): 00 80 ff 00 00|
