16:10:02:655    > BTP_CORE_CMD_READ_SUPPORTED_SERVICES (0x00|0x02|0xff)
                  raw data (0): 00 02 ff 00 00|
16:10:02:703    < BTP_CORE_CMD_READ_SUPPORTED_SERVICES (0x00|0x02|0xff)
                  raw data (5): 00 02 ff 05 00|0f 00 00 a0 03
16:10:02:721    > BTP_CORE_CMD_REGISTER_SERVICE (0x00|0x03|0xff)
                  raw data (1): 00 03 ff 01 00|01
16:10:06:844    < BTP_CORE_CMD_REGISTER_SERVICE (0x00|0x03|0xff)
                  raw data (0): 00 03 ff 00 00|
16:10:06:855    > BTP_GAP_CMD_READ_SUPPORTED_COMMANDS (0x01|0x01|0xff)
                  raw data (0): 01 01 ff 00 00|
16:10:06:925    < BTP_GAP_CMD_READ_SUPPORTED_COMMANDS (0x01|0x01|0xff)
                  raw data (7): 01 01 ff 07 00|6e ff 7f 1f fe ff 0e
16:10:06:931    > BTP_GAP_CMD_READ_CONTROLLER_INFO (0x01|0x03|0x00)
                  raw data (0): 01 03 00 00 00|
16:10:07:011    < BTP_GAP_CMD_READ_CONTROLLER_INFO (0x01|0x03|0x00)
                  raw data (277): 
                  01 03 00 15 01|19 78 ee 69 17 d0 d3 06 02 00 13 
                  02 00 00 00 00 00 62 74 70 5f 74 65 73 74 65 72 
                  00 00 00 00 00 00 00 00 00 00 00 00 00 00 00 00 
                  00 00 00 00 00 00 00 00 00 00 00 00 00 00 00 00 
                  00 00 00 00 00 00 00 00 00 00 00 00 00 00 00 00 
                  00 00 00 00 00 00 00 00 00 00 00 00 00 00 00 00 
                  00 00 00 00 00 00 00 00 00 00 00 00 00 00 00 00 
                  00 00 00 00 00 00 00 00 00 00 00 00 00 00 00 00 
                  00 00 00 00 00 00 00 00 00 00 00 00 00 00 00 00 
                  00 00 00 00 00 00 00 00 00 00 00 00 00 00 00 00 
                  00 00 00 00 00 00 00 00 00 00 00 00 00 00 00 00 
                  00 00 00 00 00 00 00 00 00 00 00 00 00 00 00 00 
                  00 00 00 00 00 00 00 00 00 00 00 00 00 00 00 00 
                  00 00 00 00 00 00 00 00 00 00 00 00 00 00 00 00 
                  00 00 00 00 00 00 00 00 00 00 00 00 00 00 00 00 
                  00 00 00 00 00 00 00 00 00 00 00 00 00 00 00 00 
                  00 00 00 00 00 00 00 00 00 00 00 00 00 00 00 00 
                  00 00 00 00 00 00 00 00 00 00
16:10:07:032    > BTP_CORE_CMD_REGISTER_SERVICE (0x00|0x03|0xff)
                  raw data (2): 00 03 ff 01 00|02
16:10:07:089    < BTP_CORE_CMD_REGISTER_SERVICE (0x00|0x03|0xff)
                  raw data (0): 00 03 ff 00 00|
16:10:07:101    > BTP_GATT_CMD_READ_SUPPORTED_COMMANDS (0x02|0x01|0xff)
                  raw data (0): 02 01 ff 00 00|
16:10:07:172    < BTP_GATT_CMD_READ_SUPPORTED_COMMANDS (0x02|0x01|0xff)
                  raw data (5): 02 01 ff 05 00|fe fe bf fd 0f
16:10:07:183    > BTP_CORE_CMD_REGISTER_SERVICE (0x00|0x03|0xff)
                  raw data (33): 00 03 ff 01 00|21
16:10:07:230    < BTP_CORE_CMD_REGISTER_SERVICE (0x00|0x03|0xff)
                  raw data (0): 00 03 ff 00 00|
16:10:07:231    > BTP_BIP_CMD_READ_SUPPORTED_COMMANDS (0x21|0x01|0xff)
                  raw data (0): 21 01 ff 00 00|
16:10:07:317    < BTP_BIP_CMD_READ_SUPPORTED_COMMANDS (0x21|0x01|0xff)
                  raw data (10): 21 01 ff 0a 00|da fe ff ff ff ff ff ff ff 1f
16:10:07:366    > BTP_BIP_CMD_SERVER_REGISTER (0x21|0x0a|0x00)
                  raw data (8): 21 0a 00 08 00|e0 4e e4 08 dc 1b 00 00
16:10:07:426    < BTP_BIP_CMD_SERVER_REGISTER (0x21|0x0a|0x00)
                  raw data (0): 21 0a 00 00 00|
16:10:15:451    > BTP_GAP_CMD_SET_DISCOVERABLE (0x01|0x08|0x00)
                  raw data (1): 01 08 00 01 00|01
16:10:15:520    < BTP_GAP_CMD_SET_DISCOVERABLE (0x01|0x08|0x00)
                  raw data (4): 01 08 00 04 00|1b 02 00 00
16:10:19:448    < BTP_GAP_EV_DEVICE_CONNECTED (0x01|0x82|0x00)
                  raw data (13): 
                  01 82 00 0d 00|e0 4e e4 08 dc 1b 00 00 00 00 00 
                  00 00
16:10:19:449    < BTP_GAP_EV_NEW_SETTINGS (0x01|0x80|0x00)
                  raw data (4): 01 80 00 04 00|1b 02 00 00
16:10:21:104    < BTP_GAP_EV_ENCRYPTION_CHANGE (0x01|0x91|0x00)
                  raw data (9): 01 91 00 09 00|e0 4e e4 08 dc 1b 00 01 10
16:10:21:105    < BTP_GAP_EV_SEC_LEVEL_CHANGED (0x01|0x89|0x00)
                  raw data (8): 01 89 00 08 00|e0 4e e4 08 dc 1b 00 02
16:10:21:115    < BTP_BIP_EV_L2CAP_CONNECTED (0x21|0x82|0x00)
                  raw data (7): 21 82 00 07 00|e0 4e e4 08 dc 1b 00
16:10:21:221    < BTP_BIP_EV_SERVER_CONNECT_REQ (0x21|0x84|0x00)
                  raw data (31): 
                  21 84 00 1f 00|e0 4e e4 08 dc 1b 00 10 fe 06 13 
                  00 46 00 13 e3 3d 95 45 83 74 4a d7 9e c5 c1 6b 
                  e3 1e de 8e
16:10:22:147    > BTP_BIP_CMD_CONNECT_RSP (0x21|0x0f|0x00)
                  raw data (29): 
                  21 0f 00 1d 00|e0 4e e4 08 dc 1b 00 a0 13 00 4a 
                  00 13 e3 3d 95 45 83 74 4a d7 9e c5 c1 6b e3 1e 
                  de 8e
16:10:22:206    < BTP_BIP_CMD_CONNECT_RSP (0x21|0x0f|0x00)
                  raw data (0): 21 0f 00 00 00|
16:10:22:597    < BTP_BIP_EV_SERVER_DISCONNECT_REQ (0x21|0x85|0x00)
                  raw data (14): 
                  21 85 00 0e 00|e0 4e e4 08 dc 1b 00 05 00 cb 00 
                  00 00 01
16:10:52:593    < BTP_BIP_EV_L2CAP_DISCONNECTED (0x21|0x83|0x00)
                  raw data (7): 21 83 00 07 00|e0 4e e4 08 dc 1b 00
16:10:52:594    < BTP_GAP_EV_DEVICE_DISCONNECTED (0x01|0x83|0x00)
                  raw data (7): 01 83 00 07 00|e0 4e e4 08 dc 1b 00
16:10:56:995    < BTP_CORE_EV_IUT_READY (0x00|0x80|0xff)
                  raw data (0): 00 80 ff 00 00|
