22:27:15:821    > BTP_CORE_CMD_READ_SUPPORTED_SERVICES (0x00|0x02|0xff)
                  raw data (0): 00 02 ff 00 00|
22:27:15:869    < BTP_CORE_CMD_READ_SUPPORTED_SERVICES (0x00|0x02|0xff)
                  raw data (6): 00 02 ff 06 00|0f 00 00 a0 ff 03
22:27:15:870    > BTP_CORE_CMD_REGISTER_SERVICE (0x00|0x03|0xff)
                  raw data (1): 00 03 ff 01 00|01
22:27:20:010    < BTP_CORE_CMD_REGISTER_SERVICE (0x00|0x03|0xff)
                  raw data (0): 00 03 ff 00 00|
22:27:20:028    > BTP_GAP_CMD_READ_SUPPORTED_COMMANDS (0x01|0x01|0xff)
                  raw data (0): 01 01 ff 00 00|
22:27:20:098    < BTP_GAP_CMD_READ_SUPPORTED_COMMANDS (0x01|0x01|0xff)
                  raw data (7): 01 01 ff 07 00|6e ff 7f 1f fe ff 2e
22:27:20:117    > BTP_GAP_CMD_READ_CONTROLLER_INFO (0x01|0x03|0x00)
                  raw data (0): 01 03 00 00 00|
22:27:20:191    < BTP_GAP_CMD_READ_CONTROLLER_INFO (0x01|0x03|0x00)
                  raw data (277): 
                  01 03 00 15 01|19 78 ee 69 17 d0 d3 06 02 00 13 
                  02 00 00 00 00 00 62 74 70 5f 74 65 73 74 65 72 
                  00 00 00 00 00 00 00 00 00 00 00 00 00 00 00 00 
                  00 00 00 00 00 00 00 00 00 00 00 00 00 00 00 00 
                  00 00 00 00 00 00 00 00 00 00 00 00 00 00 00 00 
                  00 00 00 00 00 00 00 00 00 00 00 00 00 00 00 00 
                  00 00 00 00 00 00 00 00 00 00 00 00 00 00 00 00 
                  00 00 00 00 00 00 00 00 00 00 00 00 00 00 00 00 
                  00 00 00 00 00 00 00 00 00 00 00 00 00 00 00 00 
                  00 00 00 00 00 00 00 00 00 00 00 00 00 00 00 00 
                  00 00 00 00 00 00 00 00 00 00 00 00 00 00 00 00 
                  00 00 00 00 00 00 00 00 00 00 00 00 00 00 00 00 
                  00 00 00 00 00 00 00 00 00 00 00 00 00 00 00 00 
                  00 00 00 00 00 00 00 00 00 00 00 00 00 00 00 00 
                  00 00 00 00 00 00 00 00 00 00 00 00 00 00 00 00 
                  00 00 00 00 00 00 00 00 00 00 00 00 00 00 00 00 
                  00 00 00 00 00 00 00 00 00 00 00 00 00 00 00 00 
                  00 00 00 00 00 00 00 00 00 00
22:27:20:237    > BTP_CORE_CMD_REGISTER_SERVICE (0x00|0x03|0xff)
                  raw data (2): 00 03 ff 01 00|02
22:27:20:297    < BTP_CORE_CMD_REGISTER_SERVICE (0x00|0x03|0xff)
                  raw data (0): 00 03 ff 00 00|
22:27:20:314    > BTP_GATT_CMD_READ_SUPPORTED_COMMANDS (0x02|0x01|0xff)
                  raw data (0): 02 01 ff 00 00|
22:27:20:389    < BTP_GATT_CMD_READ_SUPPORTED_COMMANDS (0x02|0x01|0xff)
                  raw data (5): 02 01 ff 05 00|fe fe bf fd 0f
22:27:20:401    > BTP_GAP_CMD_SET_IO_CAP (0x01|0x10|0x00)
                  raw data (1): 01 10 00 01 00|04
22:27:20:448    < BTP_GAP_CMD_SET_IO_CAP (0x01|0x10|0x00)
                  raw data (0): 01 10 00 00 00|
22:27:20:460    > BTP_GATT_CMD_ADD_SERVICE (0x02|0x02|0x00)
                  raw data (4): 02 02 00 04 00|00 02 51 aa
22:27:20:539    < BTP_GATT_CMD_ADD_SERVICE (0x02|0x02|0x00)
                  raw data (2): 02 02 00 02 00|00 00
22:27:20:553    > BTP_GATT_CMD_ADD_CHARACTERISTIC (0x02|0x03|0x00)
                  raw data (7): 02 03 00 07 00|00 00 02 11 02 52 aa
22:27:20:628    < BTP_GATT_CMD_ADD_CHARACTERISTIC (0x02|0x03|0x00)
                  raw data (2): 02 03 00 02 00|00 00
22:27:20:646    > BTP_GATT_CMD_SET_VALUE (0x02|0x06|0x00)
                  raw data (5): 02 06 00 05 00|00 00 01 00 01
22:27:20:710    < BTP_GATT_CMD_SET_VALUE (0x02|0x06|0x00)
                  raw data (0): 02 06 00 00 00|
22:27:20:727    > BTP_GATT_CMD_ADD_CHARACTERISTIC (0x02|0x03|0x00)
                  raw data (7): 02 03 00 07 00|00 00 02 05 02 53 aa
22:27:20:806    < BTP_GATT_CMD_ADD_CHARACTERISTIC (0x02|0x03|0x00)
                  raw data (2): 02 03 00 02 00|00 00
22:27:20:823    > BTP_GATT_CMD_SET_VALUE (0x02|0x06|0x00)
                  raw data (5): 02 06 00 05 00|00 00 01 00 02
22:27:20:886    < BTP_GATT_CMD_SET_VALUE (0x02|0x06|0x00)
                  raw data (0): 02 06 00 00 00|
22:27:20:904    > BTP_GATT_CMD_ADD_CHARACTERISTIC (0x02|0x03|0x00)
                  raw data (7): 02 03 00 07 00|00 00 0a 30 02 55 aa
22:27:20:985    < BTP_GATT_CMD_ADD_CHARACTERISTIC (0x02|0x03|0x00)
                  raw data (2): 02 03 00 02 00|00 00
22:27:21:001    > BTP_GATT_CMD_SET_VALUE (0x02|0x06|0x00)
                  raw data (5): 02 06 00 05 00|00 00 01 00 04
22:27:21:063    < BTP_GATT_CMD_SET_VALUE (0x02|0x06|0x00)
                  raw data (0): 02 06 00 00 00|
22:27:21:074    > BTP_GATT_CMD_START_SERVER (0x02|0x07|0x00)
                  raw data (0): 02 07 00 00 00|
22:27:21:151    < BTP_GATT_CMD_START_SERVER (0x02|0x07|0x00)
                  raw data (3): 02 07 00 03 00|00 00 00
22:27:24:173    > BTP_GAP_CMD_SET_CONNECTABLE (0x01|0x06|0x00)
                  raw data (0): 01 06 00 01 00|00
22:27:24:237    < BTP_GAP_CMD_SET_CONNECTABLE (0x01|0x06|0x00)
                  raw data (4): 01 06 00 04 00|11 02 00 00
22:27:24:243    > BTP_GAP_CMD_SET_DISCOVERABLE (0x01|0x08|0x00)
                  raw data (2): 01 08 00 01 00|02
22:27:24:330    < BTP_GAP_CMD_SET_DISCOVERABLE (0x01|0x08|0x00)
                  raw data (4): 01 08 00 04 00|19 02 00 00
22:27:24:335    > BTP_GAP_CMD_START_ADVERTISING (0x01|0x0a|0x00)
                  raw data (22): 
                  01 0a 00 16 00|0f 00 09 0d 54 65 73 74 65 72 5f 
                  30 38 45 34 34 45 ff ff ff ff 00
22:27:24:391    < BTP_GAP_CMD_START_ADVERTISING (0x01|0x0a|0x00)
                  raw data (4): 01 0a 00 04 00|19 06 00 00
22:27:26:399    > BTP_GAP_CMD_STOP_ADVERTISING (0x01|0x0b|0x00)
                  raw data (0): 01 0b 00 00 00|
22:27:26:476    < BTP_GAP_CMD_STOP_ADVERTISING (0x01|0x0b|0x00)
                  raw data (4): 01 0b 00 04 00|19 02 00 00
22:27:26:482    > BTP_GAP_CMD_SET_DISCOVERABLE (0x01|0x08|0x00)
                  raw data (2): 01 08 00 01 00|02
22:27:26:608    < BTP_GAP_CMD_SET_DISCOVERABLE (0x01|0x08|0x00)
                  raw data (4): 01 08 00 04 00|19 02 00 00
22:27:26:614    > BTP_GAP_CMD_SET_CONNECTABLE (0x01|0x06|0x00)
                  raw data (1): 01 06 00 01 00|01
22:27:26:661    < BTP_GAP_CMD_SET_CONNECTABLE (0x01|0x06|0x00)
                  raw data (4): 01 06 00 04 00|1b 02 00 00
22:27:26:678    > BTP_GAP_CMD_START_ADVERTISING (0x01|0x0a|0x00)
                  raw data (22): 
                  01 0a 00 16 00|0f 00 09 0d 54 65 73 74 65 72 5f 
                  30 38 45 34 34 45 ff ff ff ff 00
22:27:26:739    < BTP_GAP_CMD_START_ADVERTISING (0x01|0x0a|0x00)
                  raw data (4): 01 0a 00 04 00|1b 06 00 00
22:27:30:229    < BTP_CORE_EV_IUT_READY (0x00|0x80|0xff)
                  raw data (0): 00 80 ff 00 00|
