2026-09-24 19:29:37,850 LT1-thread root DEBUG client.py                 1099  _run_test_case            : Starting TestCase _run_test_case GATT GATT/SR/GAS/BV-01-C
2026-09-24 19:29:37,850 LT1-thread root DEBUG testcase.py               727   pre_run                   : pre_run GATT GATT/SR/GAS/BV-01-C
2026-09-24 19:29:37,850 LT1-thread root DEBUG testcase.py               729   pre_run                   : About to run test case GATT GATT/SR/GAS/BV-01-C with commands:
2026-09-24 19:29:37,850 LT1-thread root DEBUG testcase.py               731   pre_run                   : 0) class=<class 'autopts.ptsprojects.testcase.TestFunc'>, func=<bound method ZTestCase._test_case_start of <autopts.ptsprojects.zephyr.ztestcase.ZTestCase object at 0x000002622B3A5100>> start_wid=None stop_wid=None post_wid=None skip_call=None call_count=0 args=() kwds={}
2026-09-24 19:29:37,851 LT1-thread root DEBUG testcase.py               731   pre_run                   : 1) class=<class 'autopts.ptsprojects.testcase.TestFunc'>, func=<function core_reg_svc_gap at 0x0000026227D2E160> start_wid=None stop_wid=None post_wid=None skip_call=None call_count=77 args=() kwds={}
2026-09-24 19:29:37,851 LT1-thread root DEBUG testcase.py               731   pre_run                   : 2) class=<class 'autopts.ptsprojects.testcase.TestFunc'>, func=<bound method Stack.gap_init of <autopts.ptsprojects.stack.stack.Stack object at 0x000002622ACA1670>> start_wid=None stop_wid=None post_wid=None skip_call=None call_count=77 args=(b'Tester_08E44E',) kwds={}
2026-09-24 19:29:37,851 LT1-thread root DEBUG testcase.py               731   pre_run                   : 3) class=<class 'autopts.ptsprojects.testcase.TestFunc'>, func=<function core_reg_svc_gatt at 0x0000026227D2E2A0> start_wid=None stop_wid=None post_wid=None skip_call=None call_count=77 args=() kwds={}
2026-09-24 19:29:37,851 LT1-thread root DEBUG testcase.py               731   pre_run                   : 4) class=<class 'autopts.ptsprojects.testcase.TestFunc'>, func=<function gap_read_controller_info at 0x0000026227D6EB60> start_wid=None stop_wid=None post_wid=None skip_call=None call_count=77 args=() kwds={}
2026-09-24 19:29:37,851 LT1-thread root DEBUG testcase.py               731   pre_run                   : 5) class=<class 'autopts.ptsprojects.testcase.TestFunc'>, func=<function test_cases_server.<locals>.<lambda> at 0x000002622B3909A0> start_wid=None stop_wid=None post_wid=None skip_call=None call_count=77 args=() kwds={}
2026-09-24 19:29:37,851 LT1-thread root DEBUG testcase.py               731   pre_run                   : 6) class=<class 'autopts.ptsprojects.testcase.TestFunc'>, func=<function test_cases_server.<locals>.<lambda> at 0x000002622B390AE0> start_wid=None stop_wid=None post_wid=None skip_call=None call_count=77 args=() kwds={}
2026-09-24 19:29:37,851 LT1-thread root DEBUG testcase.py               731   pre_run                   : 7) class=<class 'autopts.ptsprojects.testcase.TestFunc'>, func=<function gap_set_io_capability at 0x0000026227D6E020> start_wid=None stop_wid=None post_wid=None skip_call=None call_count=77 args=(0,) kwds={}
2026-09-24 19:29:37,851 LT1-thread root DEBUG testcase.py               731   pre_run                   : 8) class=<class 'autopts.ptsprojects.testcase.TestFunc'>, func=<function set_pts_addr at 0x0000026227D2DD00> start_wid=None stop_wid=None post_wid=None skip_call=None call_count=77 args=('00:1B:DC:08:E4:4E', 0) kwds={}
2026-09-24 19:29:37,851 LT1-thread root DEBUG testcase.py               731   pre_run                   : 9) class=<class 'autopts.ptsprojects.testcase.TestFunc'>, func=<bound method Stack.gatt_init of <autopts.ptsprojects.stack.stack.Stack object at 0x000002622ACA1670>> start_wid=None stop_wid=None post_wid=None skip_call=None call_count=77 args=() kwds={}
2026-09-24 19:29:37,851 LT1-thread root DEBUG testcase.py               731   pre_run                   : 10) class=<class 'autopts.ptsprojects.testcase.TestFunc'>, func=<function update_service_gatt_sr_gas_bv_01_c at 0x000002622AD6B6A0> start_wid=None stop_wid=None post_wid=96 skip_call=None call_count=0 args=() kwds={}
2026-09-24 19:29:37,852 LT1-thread root DEBUG testcase.py               731   pre_run                   : 11) class=<class 'autopts.ptsprojects.testcase.TestFuncCleanUp'>, func=<bound method ZTestCase._test_case_cleanup of <autopts.ptsprojects.zephyr.ztestcase.ZTestCase object at 0x000002622B3A5100>> start_wid=None stop_wid=None post_wid=None skip_call=None call_count=0 args=() kwds={}
2026-09-24 19:29:37,852 LT1-thread root DEBUG testcase.py               738   pre_run                   : pre_run, run pre test case script
2026-09-24 19:29:37,859 LT1-thread root DEBUG testcase.py               254   start                     : Starting test function: class=<class 'autopts.ptsprojects.testcase.TestFunc'>, func=<bound method ZTestCase._test_case_start of <autopts.ptsprojects.zephyr.ztestcase.ZTestCase object at 0x000002622B3A5100>> start_wid=None stop_wid=None post_wid=None skip_call=None call_count=1 args=() kwds={}
2026-09-24 19:29:37,859 LT1-thread root DEBUG testcase.py               266   start                     : Test function parameters: args=(), kwds={}
2026-09-24 19:29:37,859 LT1-thread root DEBUG iutctl.py                 172   start                     : <class 'autopts.ptsprojects.zephyr.iutctl.create_zephyr_ctl_class.<locals>.ZephyrCtl'>.start
2026-09-24 19:29:37,859 LT1-thread root DEBUG iutctl.py                 325   flush_serial              : <class 'autopts.ptsprojects.zephyr.iutctl.create_zephyr_ctl_class.<locals>.ZephyrCtl'>.flush_serial
2026-09-24 19:29:39,074 LT1-thread root DEBUG iutctl.py                 249   _start_tty_mode           : Starting socat process: socat.exe -x -v tcp:10.17.12.9:56090,retry=100,interval=1 /dev/ttyS2,raw,b115200,
2026-09-24 19:29:39,082 LT1-thread root DEBUG iutctl_common.py          402   accept                    : 
2026-09-24 19:29:39,165 BTPWorkerThread-20820 (_rx_task) root DEBUG iutctl_common.py          299   _rx_task                  : BTPWorkerThread-20820 (_rx_task) started
2026-09-24 19:29:39,165 LT1-thread root DEBUG iutctl.py                 395   wait_iut_ready_event      : IUT ready event received OK
2026-09-24 19:29:39,166 LT1-thread root DEBUG btp.py                    51    read_supp_svcs            : 
2026-09-24 19:29:39,166 LT1-thread root DEBUG iutctl_common.py          161   send                      : 0 2 255 ''
2026-09-24 19:29:39,166 LT1-thread root DEBUG iutctl_common.py          166   send                      : sending frame '0002ff0000'
2026-09-24 19:29:39,166 LT1-thread root DEBUG iutctl_common.py          339   read                      : 
2026-09-24 19:29:39,176 BTPWorkerThread-20820 (_rx_task) root DEBUG iutctl_common.py          123   read                      : Read 5 bytes
2026-09-24 19:29:39,187 BTPWorkerThread-20820 (_rx_task) root DEBUG iutctl_common.py          131   read                      : Received: hdr: Header(svc_id=0x00, op=0x02, ctrl_index=0xff, data_len=0x06) bytearray(b'\x00\x02\xff\x06\x00')
2026-09-24 19:29:39,210 BTPWorkerThread-20820 (_rx_task) root DEBUG iutctl_common.py          139   read                      : Read 6 bytes data
2026-09-24 19:29:39,216 BTPWorkerThread-20820 (_rx_task) root DEBUG iutctl_common.py          154   read                      : Received data: {'0f 00 00 a0 ff 03'}, bytearray(b'\x0f\x00\x00\xa0\xff\x03')
2026-09-24 19:29:39,221 LT1-thread root DEBUG btp.py                    62    read_supp_svcs            : received Header(svc_id=0, op=2, ctrl_index=255, data_len=6) (b'\x0f\x00\x00\xa0\xff\x03',)
2026-09-24 19:29:39,221 LT1-thread root DEBUG testcase.py               254   start                     : Starting test function: class=<class 'autopts.ptsprojects.testcase.TestFunc'>, func=<function core_reg_svc_gap at 0x0000026227D2E160> start_wid=None stop_wid=None post_wid=None skip_call=None call_count=78 args=() kwds={}
2026-09-24 19:29:39,221 LT1-thread root DEBUG testcase.py               266   start                     : Test function parameters: args=(), kwds={}
2026-09-24 19:29:39,221 LT1-thread root DEBUG btp.py                    117   core_reg_svc_univ         : core_reg_svc_univ: gap_reg (GAP)
2026-09-24 19:29:39,221 LT1-thread root DEBUG iutctl_common.py          161   send                      : 0 3 255 '1'
2026-09-24 19:29:39,221 LT1-thread root DEBUG iutctl_common.py          166   send                      : sending frame '0003ff010001'
2026-09-24 19:29:39,221 LT1-thread root DEBUG btp.py                    654   core_reg_svc_rsp_succ     : 
2026-09-24 19:29:39,222 LT1-thread root DEBUG iutctl_common.py          339   read                      : 
2026-09-24 19:29:43,330 BTPWorkerThread-20820 (_rx_task) root DEBUG iutctl_common.py          123   read                      : Read 5 bytes
2026-09-24 19:29:43,336 BTPWorkerThread-20820 (_rx_task) root DEBUG iutctl_common.py          131   read                      : Received: hdr: Header(svc_id=0x00, op=0x03, ctrl_index=0xff, data_len=0x00) bytearray(b'\x00\x03\xff\x00\x00')
2026-09-24 19:29:43,342 BTPWorkerThread-20820 (_rx_task) root DEBUG iutctl_common.py          154   read                      : Received data: {''}, bytearray(b'')
2026-09-24 19:29:43,348 LT1-thread root DEBUG btp.py                    665   core_reg_svc_rsp_succ     : received Header(svc_id=0, op=3, ctrl_index=255, data_len=0) (b'',)
2026-09-24 19:29:43,348 LT1-thread root DEBUG btp.py                    666   core_reg_svc_rsp_succ     : expected ((0, 3, 255, 0), (b'',))
2026-09-24 19:29:43,348 LT1-thread root DEBUG btp.py                    671   core_reg_svc_rsp_succ     : response is valid
2026-09-24 19:29:43,348 LT1-thread root DEBUG btp.py                    674   core_reg_svc_rsp_succ     : Reading supported commands for service: GAP
2026-09-24 19:29:43,348 LT1-thread root DEBUG iutctl_common.py          161   send                      : 1 1 255 ''
2026-09-24 19:29:43,348 LT1-thread root DEBUG iutctl_common.py          166   send                      : sending frame '0101ff0000'
2026-09-24 19:29:43,348 LT1-thread root DEBUG iutctl_common.py          339   read                      : 
2026-09-24 19:29:43,380 BTPWorkerThread-20820 (_rx_task) root DEBUG iutctl_common.py          123   read                      : Read 5 bytes
2026-09-24 19:29:43,385 BTPWorkerThread-20820 (_rx_task) root DEBUG iutctl_common.py          131   read                      : Received: hdr: Header(svc_id=0x01, op=0x01, ctrl_index=0xff, data_len=0x07) bytearray(b'\x01\x01\xff\x07\x00')
2026-09-24 19:29:43,397 BTPWorkerThread-20820 (_rx_task) root DEBUG iutctl_common.py          139   read                      : Read 7 bytes data
2026-09-24 19:29:43,402 BTPWorkerThread-20820 (_rx_task) root DEBUG iutctl_common.py          154   read                      : Received data: {'6e ff 7f 1f fe ff 2e'}, bytearray(b'n\xff\x7f\x1f\xfe\xff.')
2026-09-24 19:29:43,407 LT1-thread root DEBUG testcase.py               254   start                     : Starting test function: class=<class 'autopts.ptsprojects.testcase.TestFunc'>, func=<bound method Stack.gap_init of <autopts.ptsprojects.stack.stack.Stack object at 0x000002622ACA1670>> start_wid=None stop_wid=None post_wid=None skip_call=None call_count=78 args=(b'Tester_08E44E',) kwds={}
2026-09-24 19:29:43,407 LT1-thread root DEBUG testcase.py               266   start                     : Test function parameters: args=(b'Tester_08E44E',), kwds={}
2026-09-24 19:29:43,407 LT1-thread root DEBUG testcase.py               254   start                     : Starting test function: class=<class 'autopts.ptsprojects.testcase.TestFunc'>, func=<function core_reg_svc_gatt at 0x0000026227D2E2A0> start_wid=None stop_wid=None post_wid=None skip_call=None call_count=78 args=() kwds={}
2026-09-24 19:29:43,407 LT1-thread root DEBUG testcase.py               266   start                     : Test function parameters: args=(), kwds={}
2026-09-24 19:29:43,407 LT1-thread root DEBUG btp.py                    117   core_reg_svc_univ         : core_reg_svc_univ: gatt_reg (GATT)
2026-09-24 19:29:43,407 LT1-thread root DEBUG iutctl_common.py          161   send                      : 0 3 255 '2'
2026-09-24 19:29:43,408 LT1-thread root DEBUG iutctl_common.py          166   send                      : sending frame '0003ff010002'
2026-09-24 19:29:43,408 LT1-thread root DEBUG btp.py                    654   core_reg_svc_rsp_succ     : 
2026-09-24 19:29:43,408 LT1-thread root DEBUG iutctl_common.py          339   read                      : 
2026-09-24 19:29:43,446 BTPWorkerThread-20820 (_rx_task) root DEBUG iutctl_common.py          123   read                      : Read 5 bytes
2026-09-24 19:29:43,457 BTPWorkerThread-20820 (_rx_task) root DEBUG iutctl_common.py          131   read                      : Received: hdr: Header(svc_id=0x00, op=0x03, ctrl_index=0xff, data_len=0x00) bytearray(b'\x00\x03\xff\x00\x00')
2026-09-24 19:29:43,457 BTPWorkerThread-20820 (_rx_task) root DEBUG iutctl_common.py          154   read                      : Received data: {''}, bytearray(b'')
2026-09-24 19:29:43,457 LT1-thread root DEBUG btp.py                    665   core_reg_svc_rsp_succ     : received Header(svc_id=0, op=3, ctrl_index=255, data_len=0) (b'',)
2026-09-24 19:29:43,457 LT1-thread root DEBUG btp.py                    666   core_reg_svc_rsp_succ     : expected ((0, 3, 255, 0), (b'',))
2026-09-24 19:29:43,457 LT1-thread root DEBUG btp.py                    671   core_reg_svc_rsp_succ     : response is valid
2026-09-24 19:29:43,458 LT1-thread root DEBUG btp.py                    674   core_reg_svc_rsp_succ     : Reading supported commands for service: GATT
2026-09-24 19:29:43,458 LT1-thread root DEBUG iutctl_common.py          161   send                      : 2 1 255 ''
2026-09-24 19:29:43,458 LT1-thread root DEBUG iutctl_common.py          166   send                      : sending frame '0201ff0000'
2026-09-24 19:29:43,458 LT1-thread root DEBUG iutctl_common.py          339   read                      : 
2026-09-24 19:29:43,489 BTPWorkerThread-20820 (_rx_task) root DEBUG iutctl_common.py          123   read                      : Read 5 bytes
2026-09-24 19:29:43,500 BTPWorkerThread-20820 (_rx_task) root DEBUG iutctl_common.py          131   read                      : Received: hdr: Header(svc_id=0x02, op=0x01, ctrl_index=0xff, data_len=0x05) bytearray(b'\x02\x01\xff\x05\x00')
2026-09-24 19:29:43,511 BTPWorkerThread-20820 (_rx_task) root DEBUG iutctl_common.py          139   read                      : Read 5 bytes data
2026-09-24 19:29:43,523 BTPWorkerThread-20820 (_rx_task) root DEBUG iutctl_common.py          154   read                      : Received data: {'fe fe bf fd 0f'}, bytearray(b'\xfe\xfe\xbf\xfd\x0f')
2026-09-24 19:29:43,534 LT1-thread root DEBUG testcase.py               254   start                     : Starting test function: class=<class 'autopts.ptsprojects.testcase.TestFunc'>, func=<function gap_read_controller_info at 0x0000026227D6EB60> start_wid=None stop_wid=None post_wid=None skip_call=None call_count=78 args=() kwds={}
2026-09-24 19:29:43,534 LT1-thread root DEBUG testcase.py               266   start                     : Test function parameters: args=(), kwds={}
2026-09-24 19:29:43,534 LT1-thread root DEBUG gap.py                    1163  gap_read_controller_info  : 
2026-09-24 19:29:43,534 LT1-thread root DEBUG iutctl_common.py          161   send                      : 1 3 0 ''
2026-09-24 19:29:43,534 LT1-thread root DEBUG iutctl_common.py          166   send                      : sending frame '0103000000'
2026-09-24 19:29:43,534 LT1-thread root DEBUG iutctl_common.py          339   read                      : 
2026-09-24 19:29:43,572 BTPWorkerThread-20820 (_rx_task) root DEBUG iutctl_common.py          123   read                      : Read 5 bytes
2026-09-24 19:29:43,584 BTPWorkerThread-20820 (_rx_task) root DEBUG iutctl_common.py          131   read                      : Received: hdr: Header(svc_id=0x01, op=0x03, ctrl_index=0x00, data_len=0x115) bytearray(b'\x01\x03\x00\x15\x01')
2026-09-24 19:29:43,606 BTPWorkerThread-20820 (_rx_task) root DEBUG iutctl_common.py          139   read                      : Read 277 bytes data
2026-09-24 19:29:43,617 BTPWorkerThread-20820 (_rx_task) root DEBUG iutctl_common.py          154   read                      : Received data: {'19 78 ee 69 17 d0 d3 06 02 00 13 02 00 00 00 00 00 62 74 70 5f 74 65 73 74 65 72 00 00 00 00 00 00 00 00 00 00 00 00 00 00 00 00 00 00 00 00 00 00 00 00 00 00 00 00 00 00 00 00 00 00 00 00 00 00 00 00 00 00 00 00 00 00 00 00 00 00 00 00 00 00 00 00 00 00 00 00 00 00 00 00 00 00 00 00 00 00 00 00 00 00 00 00 00 00 00 00 00 00 00 00 00 00 00 00 00 00 00 00 00 00 00 00 00 00 00 00 00 00 00 00 00 00 00 00 00 00 00 00 00 00 00 00 00 00 00 00 00 00 00 00 00 00 00 00 00 00 00 00 00 00 00 00 00 00 00 00 00 00 00 00 00 00 00 00 00 00 00 00 00 00 00 00 00 00 00 00 00 00 00 00 00 00 00 00 00 00 00 00 00 00 00 00 00 00 00 00 00 00 00 00 00 00 00 00 00 00 00 00 00 00 00 00 00 00 00 00 00 00 00 00 00 00 00 00 00 00 00 00 00 00 00 00 00 00 00 00 00 00 00 00 00 00 00 00 00 00 00 00 00 00 00 00 00 00 00 00 00 00 00 00 00 00 00 00 00 00'}, bytearray(b'\x19x\xeei\x17\xd0\xd3\x06\x02\x00\x13\x02\x00\x00\x00\x00\x00btp_tester\x00\x00\x00\x00\x00\x00\x00\x00\x00\x00\x00\x00\x00\x00\x00\x00\x00\x00\x00\x00\x00\x00\x00\x00\x00\x00\x00\x00\x00\x00\x00\x00\x00\x00\x00\x00\x00\x00\x00\x00\x00\x00\x00\x00\x00\x00\x00\x00\x00\x00\x00\x00\x00\x00\x00\x00\x00\x00\x00\x00\x00\x00\x00\x00\x00\x00\x00\x00\x00\x00\x00\x00\x00\x00\x00\x00\x00\x00\x00\x00\x00\x00\x00\x00\x00\x00\x00\x00\x00\x00\x00\x00\x00\x00\x00\x00\x00\x00\x00\x00\x00\x00\x00\x00\x00\x00\x00\x00\x00\x00\x00\x00\x00\x00\x00\x00\x00\x00\x00\x00\x00\x00\x00\x00\x00\x00\x00\x00\x00\x00\x00\x00\x00\x00\x00\x00\x00\x00\x00\x00\x00\x00\x00\x00\x00\x00\x00\x00\x00\x00\x00\x00\x00\x00\x00\x00\x00\x00\x00\x00\x00\x00\x00\x00\x00\x00\x00\x00\x00\x00\x00\x00\x00\x00\x00\x00\x00\x00\x00\x00\x00\x00\x00\x00\x00\x00\x00\x00\x00\x00\x00\x00\x00\x00\x00\x00\x00\x00\x00\x00\x00\x00\x00\x00\x00\x00\x00\x00\x00\x00\x00\x00\x00\x00\x00\x00\x00\x00\x00\x00\x00\x00\x00\x00\x00\x00\x00\x00\x00\x00\x00\x00\x00\x00\x00\x00\x00\x00\x00\x00\x00\x00\x00\x00\x00\x00\x00\x00\x00\x00')
2026-09-24 19:29:43,623 LT1-thread root DEBUG gap.py                    1170  gap_read_controller_info  : received Header(svc_id=1, op=3, ctrl_index=0, data_len=277) (b'\x19x\xeei\x17\xd0\xd3\x06\x02\x00\x13\x02\x00\x00\x00\x00\x00btp_tester\x00\x00\x00\x00\x00\x00\x00\x00\x00\x00\x00\x00\x00\x00\x00\x00\x00\x00\x00\x00\x00\x00\x00\x00\x00\x00\x00\x00\x00\x00\x00\x00\x00\x00\x00\x00\x00\x00\x00\x00\x00\x00\x00\x00\x00\x00\x00\x00\x00\x00\x00\x00\x00\x00\x00\x00\x00\x00\x00\x00\x00\x00\x00\x00\x00\x00\x00\x00\x00\x00\x00\x00\x00\x00\x00\x00\x00\x00\x00\x00\x00\x00\x00\x00\x00\x00\x00\x00\x00\x00\x00\x00\x00\x00\x00\x00\x00\x00\x00\x00\x00\x00\x00\x00\x00\x00\x00\x00\x00\x00\x00\x00\x00\x00\x00\x00\x00\x00\x00\x00\x00\x00\x00\x00\x00\x00\x00\x00\x00\x00\x00\x00\x00\x00\x00\x00\x00\x00\x00\x00\x00\x00\x00\x00\x00\x00\x00\x00\x00\x00\x00\x00\x00\x00\x00\x00\x00\x00\x00\x00\x00\x00\x00\x00\x00\x00\x00\x00\x00\x00\x00\x00\x00\x00\x00\x00\x00\x00\x00\x00\x00\x00\x00\x00\x00\x00\x00\x00\x00\x00\x00\x00\x00\x00\x00\x00\x00\x00\x00\x00\x00\x00\x00\x00\x00\x00\x00\x00\x00\x00\x00\x00\x00\x00\x00\x00\x00\x00\x00\x00\x00\x00\x00\x00\x00\x00\x00\x00\x00\x00\x00\x00\x00\x00\x00\x00\x00\x00\x00\x00\x00\x00\x00\x00\x00\x00\x00\x00\x00\x00',)
2026-09-24 19:29:43,623 LT1-thread root DEBUG gap.py                    1191  gap_read_controller_info  : IUT address 'd01769ee7819' 'public'
2026-09-24 19:29:43,623 LT1-thread root DEBUG gap.py                    596   __gap_current_settings_update : 531
2026-09-24 19:29:43,623 LT1-thread root DEBUG testcase.py               254   start                     : Starting test function: class=<class 'autopts.ptsprojects.testcase.TestFunc'>, func=<function test_cases_server.<locals>.<lambda> at 0x000002622B3909A0> start_wid=None stop_wid=None post_wid=None skip_call=None call_count=78 args=() kwds={}
2026-09-24 19:29:43,623 LT1-thread root DEBUG testcase.py               266   start                     : Test function parameters: args=(), kwds={}
2026-09-24 19:29:43,627 LT1-thread root DEBUG testcase.py               254   start                     : Starting test function: class=<class 'autopts.ptsprojects.testcase.TestFunc'>, func=<function test_cases_server.<locals>.<lambda> at 0x000002622B390AE0> start_wid=None stop_wid=None post_wid=None skip_call=None call_count=78 args=() kwds={}
2026-09-24 19:29:43,627 LT1-thread root DEBUG testcase.py               266   start                     : Test function parameters: args=(), kwds={}
2026-09-24 19:29:43,627 LT1-thread root DEBUG testcase.py               254   start                     : Starting test function: class=<class 'autopts.ptsprojects.testcase.TestFunc'>, func=<function gap_set_io_capability at 0x0000026227D6E020> start_wid=None stop_wid=None post_wid=None skip_call=None call_count=78 args=(0,) kwds={}
2026-09-24 19:29:43,627 LT1-thread root DEBUG testcase.py               266   start                     : Test function parameters: args=(0,), kwds={}
2026-09-24 19:29:43,628 LT1-thread root DEBUG gap.py                    861   gap_set_io_capability     : 0
2026-09-24 19:29:43,628 LT1-thread root DEBUG iutctl_common.py          161   send                      : 1 16 0 '\x00'
2026-09-24 19:29:43,628 LT1-thread root DEBUG iutctl_common.py          166   send                      : sending frame '011000010000'
2026-09-24 19:29:43,628 LT1-thread root DEBUG gap.py                    1229  gap_command_rsp_succ      : 
2026-09-24 19:29:43,628 LT1-thread root DEBUG iutctl_common.py          339   read                      : 
2026-09-24 19:29:43,664 BTPWorkerThread-20820 (_rx_task) root DEBUG iutctl_common.py          123   read                      : Read 5 bytes
2026-09-24 19:29:43,674 BTPWorkerThread-20820 (_rx_task) root DEBUG iutctl_common.py          131   read                      : Received: hdr: Header(svc_id=0x01, op=0x10, ctrl_index=0x00, data_len=0x00) bytearray(b'\x01\x10\x00\x00\x00')
2026-09-24 19:29:43,680 BTPWorkerThread-20820 (_rx_task) root DEBUG iutctl_common.py          154   read                      : Received data: {''}, bytearray(b'')
2026-09-24 19:29:43,690 LT1-thread root DEBUG gap.py                    1234  gap_command_rsp_succ      : received Header(svc_id=1, op=16, ctrl_index=0, data_len=0) (b'',)
2026-09-24 19:29:43,690 LT1-thread root DEBUG testcase.py               254   start                     : Starting test function: class=<class 'autopts.ptsprojects.testcase.TestFunc'>, func=<function set_pts_addr at 0x0000026227D2DD00> start_wid=None stop_wid=None post_wid=None skip_call=None call_count=78 args=('00:1B:DC:08:E4:4E', 0) kwds={}
2026-09-24 19:29:43,690 LT1-thread root DEBUG testcase.py               266   start                     : Test function parameters: args=('00:1B:DC:08:E4:4E', 0), kwds={}
2026-09-24 19:29:43,690 LT1-thread root DEBUG testcase.py               254   start                     : Starting test function: class=<class 'autopts.ptsprojects.testcase.TestFunc'>, func=<bound method Stack.gatt_init of <autopts.ptsprojects.stack.stack.Stack object at 0x000002622ACA1670>> start_wid=None stop_wid=None post_wid=None skip_call=None call_count=78 args=() kwds={}
2026-09-24 19:29:43,690 LT1-thread root DEBUG testcase.py               266   start                     : Test function parameters: args=(), kwds={}
2026-09-24 19:29:43,692 LT1-thread root DEBUG client.py                 276   get_result                : ClientCallback.get_result run_test_case
2026-09-24 19:29:47,557 LT1-callback ClientCallback.on_implicit_send INFO client.py                 223   on_implicit_send          : 
    ********************
    BEGIN OnImplicitSend:
    project_name: GATT
    wid: 1
    test_case_name: GATT/SR/GAS/BV-01-C
    description: Please prepare IUT into a connectable mode.

Description: Verify that the Implementation Under Test (IUT) can accept GATT connect request from PTS.
    style: MMI_Style_Ok_Cancel2 0x11141
2026-09-24 19:29:47,557 LT1-callback ClientCallback.on_implicit_send INFO client.py                 236   on_implicit_send          : Calling test cases on_implicit_send
2026-09-24 19:29:47,557 LT1-callback ClientCallback.on_implicit_send INFO client.py                 249   on_implicit_send          : 
    on_implicit_send returned response: WAIT
    END OnImplicitSend
    ********************
2026-09-24 19:29:47,695 LT1-thread root DEBUG testcase.py               679   run_wid                   : GATT GATT/SR/GAS/BV-01-C on_implicit_send
2026-09-24 19:29:47,695 LT1-thread root DEBUG gatt_wid.py               24    gatt_wid_hdl              : gatt_wid_hdl, 1, Please prepare IUT into a connectable mode.

Description: Verify that the Implementation Under Test (IUT) can accept GATT connect request from PTS., GATT/SR/GAS/BV-01-C
2026-09-24 19:29:47,695 LT1-thread root DEBUG gap.py                    984   gap_set_connectable       : 
2026-09-24 19:29:47,695 LT1-thread root DEBUG gap.py                    1035  gap_set_general_discoverable : 
2026-09-24 19:29:47,695 LT1-thread root DEBUG iutctl_common.py          161   send                      : 1 8 0 '1'
2026-09-24 19:29:47,695 LT1-thread root DEBUG iutctl_common.py          166   send                      : sending frame '010800010001'
2026-09-24 19:29:47,695 LT1-thread root DEBUG gap.py                    1229  gap_command_rsp_succ      : 
2026-09-24 19:29:47,696 LT1-thread root DEBUG iutctl_common.py          339   read                      : 
2026-09-24 19:29:47,761 BTPWorkerThread-20820 (_rx_task) root DEBUG iutctl_common.py          123   read                      : Read 5 bytes
2026-09-24 19:29:47,772 BTPWorkerThread-20820 (_rx_task) root DEBUG iutctl_common.py          131   read                      : Received: hdr: Header(svc_id=0x01, op=0x08, ctrl_index=0x00, data_len=0x04) bytearray(b'\x01\x08\x00\x04\x00')
2026-09-24 19:29:47,778 BTPWorkerThread-20820 (_rx_task) root DEBUG iutctl_common.py          139   read                      : Read 4 bytes data
2026-09-24 19:29:47,789 BTPWorkerThread-20820 (_rx_task) root DEBUG iutctl_common.py          154   read                      : Received data: {'1b 02 00 00'}, bytearray(b'\x1b\x02\x00\x00')
2026-09-24 19:29:47,794 LT1-thread root DEBUG gap.py                    1234  gap_command_rsp_succ      : received Header(svc_id=1, op=8, ctrl_index=0, data_len=4) (b'\x1b\x02\x00\x00',)
2026-09-24 19:29:47,794 LT1-thread root DEBUG gap.py                    596   __gap_current_settings_update : (b'\x1b\x02\x00\x00',)
2026-09-24 19:29:47,794 LT1-thread root DEBUG gap.py                    650   gap_start_advertising     : {9: b'Tester_08E44E'} None
2026-09-24 19:29:47,794 LT1-thread root DEBUG iutctl_common.py          161   send                      : 1 10 0 "bytearray(b'\\x0f\\x00\\t\\rTester_08E44E\\xff\\xff\\xff\\xff\\x00')"
2026-09-24 19:29:47,794 LT1-thread root DEBUG iutctl_common.py          166   send                      : sending frame '010a0016000f00090d5465737465725f303845343445ffffffff00'
2026-09-24 19:29:47,794 LT1-thread root DEBUG gap.py                    1229  gap_command_rsp_succ      : 
2026-09-24 19:29:47,795 LT1-thread root DEBUG iutctl_common.py          339   read                      : 
2026-09-24 19:29:47,821 BTPWorkerThread-20820 (_rx_task) root DEBUG iutctl_common.py          123   read                      : Read 5 bytes
2026-09-24 19:29:47,827 BTPWorkerThread-20820 (_rx_task) root DEBUG iutctl_common.py          131   read                      : Received: hdr: Header(svc_id=0x01, op=0x0a, ctrl_index=0x00, data_len=0x04) bytearray(b'\x01\n\x00\x04\x00')
2026-09-24 19:29:47,843 BTPWorkerThread-20820 (_rx_task) root DEBUG iutctl_common.py          139   read                      : Read 4 bytes data
2026-09-24 19:29:47,854 BTPWorkerThread-20820 (_rx_task) root DEBUG iutctl_common.py          154   read                      : Received data: {'1b 06 00 00'}, bytearray(b'\x1b\x06\x00\x00')
2026-09-24 19:29:47,860 LT1-thread root DEBUG gap.py                    1234  gap_command_rsp_succ      : received Header(svc_id=1, op=10, ctrl_index=0, data_len=4) (b'\x1b\x06\x00\x00',)
2026-09-24 19:29:47,860 LT1-thread root DEBUG gap.py                    596   __gap_current_settings_update : (b'\x1b\x06\x00\x00',)
2026-09-24 19:29:48,186 BTPWorkerThread-20820 (_rx_task) root DEBUG iutctl_common.py          123   read                      : Read 5 bytes
2026-09-24 19:29:48,186 BTPWorkerThread-20820 (_rx_task) root DEBUG iutctl_common.py          131   read                      : Received: hdr: Header(svc_id=0x01, op=0x82, ctrl_index=0x00, data_len=0x0d) bytearray(b'\x01\x82\x00\r\x00')
2026-09-24 19:29:48,186 BTPWorkerThread-20820 (_rx_task) root DEBUG iutctl_common.py          139   read                      : Read 13 bytes data
2026-09-24 19:29:48,186 BTPWorkerThread-20820 (_rx_task) root DEBUG iutctl_common.py          154   read                      : Received data: {'00 4e e4 08 dc 1b 00 3c 00 00 00 d0 07'}, bytearray(b'\x00N\xe4\x08\xdc\x1b\x00<\x00\x00\x00\xd0\x07')
2026-09-24 19:29:48,187 BTPWorkerThread-20820 (_rx_task) root DEBUG btp.py                    736   event_handler             : Header(svc_id=1, op=130, ctrl_index=0, data_len=13) (b'\x00N\xe4\x08\xdc\x1b\x00<\x00\x00\x00\xd0\x07',)
2026-09-24 19:29:48,187 BTPWorkerThread-20820 (_rx_task) root DEBUG gap.py                    215   gap_connected_ev_         : b'\x00N\xe4\x08\xdc\x1b\x00<\x00\x00\x00\xd0\x07'
2026-09-24 19:29:48,187 BTPWorkerThread-20820 (_rx_task) root DEBUG iutctl_common.py          123   read                      : Read 5 bytes
2026-09-24 19:29:48,187 BTPWorkerThread-20820 (_rx_task) root DEBUG iutctl_common.py          131   read                      : Received: hdr: Header(svc_id=0x01, op=0x80, ctrl_index=0x00, data_len=0x04) bytearray(b'\x01\x80\x00\x04\x00')
2026-09-24 19:29:48,187 BTPWorkerThread-20820 (_rx_task) root DEBUG iutctl_common.py          139   read                      : Read 4 bytes data
2026-09-24 19:29:48,187 BTPWorkerThread-20820 (_rx_task) root DEBUG iutctl_common.py          154   read                      : Received data: {'1b 02 00 00'}, bytearray(b'\x1b\x02\x00\x00')
2026-09-24 19:29:48,187 BTPWorkerThread-20820 (_rx_task) root DEBUG btp.py                    736   event_handler             : Header(svc_id=1, op=128, ctrl_index=0, data_len=4) (b'\x1b\x02\x00\x00',)
2026-09-24 19:29:48,188 BTPWorkerThread-20820 (_rx_task) root DEBUG gap.py                    183   gap_new_settings_ev_      : b'\x1b\x02\x00\x00'
2026-09-24 19:29:48,188 BTPWorkerThread-20820 (_rx_task) root DEBUG gap.py                    596   __gap_current_settings_update : 539
2026-09-24 19:29:48,262 LT1-thread root DEBUG testcase.py               722   run_wid                   : Sending response 'OK' to wid 1 test case GATT/SR/GAS/BV-01-C
2026-09-24 19:29:48,264 LT1-thread root DEBUG client.py                 276   get_result                : ClientCallback.get_result run_test_case
2026-09-24 19:29:56,453 LT1-callback ClientCallback.on_implicit_send INFO client.py                 223   on_implicit_send          : 
    ********************
    BEGIN OnImplicitSend:
    project_name: GATT
    wid: 400
    test_case_name: GATT/SR/GAS/BV-01-C
    description: Please prepare IUT into an L2CAP Credit Based Connection connectable mode using LE signaling channel.

Description: Verify that the Implementation Under Test (IUT) can accept L2CAP_CREDIT_BASED_CONNECTION_REQ from PTS.
    style: MMI_Style_Ok_Cancel2 0x11141
2026-09-24 19:29:56,453 LT1-callback ClientCallback.on_implicit_send INFO client.py                 236   on_implicit_send          : Calling test cases on_implicit_send
2026-09-24 19:29:56,453 LT1-callback ClientCallback.on_implicit_send INFO client.py                 249   on_implicit_send          : 
    on_implicit_send returned response: WAIT
    END OnImplicitSend
    ********************
2026-09-24 19:29:56,625 BTPWorkerThread-20820 (_rx_task) root DEBUG iutctl_common.py          123   read                      : Read 5 bytes
2026-09-24 19:29:56,625 BTPWorkerThread-20820 (_rx_task) root DEBUG iutctl_common.py          131   read                      : Received: hdr: Header(svc_id=0x01, op=0x91, ctrl_index=0x00, data_len=0x09) bytearray(b'\x01\x91\x00\t\x00')
2026-09-24 19:29:56,625 BTPWorkerThread-20820 (_rx_task) root DEBUG iutctl_common.py          139   read                      : Read 9 bytes data
2026-09-24 19:29:56,625 BTPWorkerThread-20820 (_rx_task) root DEBUG iutctl_common.py          154   read                      : Received data: {'00 4e e4 08 dc 1b 00 01 10'}, bytearray(b'\x00N\xe4\x08\xdc\x1b\x00\x01\x10')
2026-09-24 19:29:56,626 BTPWorkerThread-20820 (_rx_task) root DEBUG btp.py                    736   event_handler             : Header(svc_id=1, op=145, ctrl_index=0, data_len=9) (b'\x00N\xe4\x08\xdc\x1b\x00\x01\x10',)
2026-09-24 19:29:56,626 BTPWorkerThread-20820 (_rx_task) root DEBUG gap.py                    494   gap_encryption_change_ev_ : 
2026-09-24 19:29:56,626 BTPWorkerThread-20820 (_rx_task) root DEBUG gap.py                    496   gap_encryption_change_ev_ : enc change received b'\x00N\xe4\x08\xdc\x1b\x00\x01\x10'
2026-09-24 19:29:56,626 BTPWorkerThread-20820 (_rx_task) root DEBUG gap.py                    505   gap_encryption_change_ev_ : received (0, '001bdc08e44e', 1, 16)
2026-09-24 19:29:56,626 BTPWorkerThread-20820 (_rx_task) root DEBUG iutctl_common.py          123   read                      : Read 5 bytes
2026-09-24 19:29:56,626 BTPWorkerThread-20820 (_rx_task) root DEBUG iutctl_common.py          131   read                      : Received: hdr: Header(svc_id=0x01, op=0x89, ctrl_index=0x00, data_len=0x08) bytearray(b'\x01\x89\x00\x08\x00')
2026-09-24 19:29:56,626 BTPWorkerThread-20820 (_rx_task) root DEBUG iutctl_common.py          139   read                      : Read 8 bytes data
2026-09-24 19:29:56,626 BTPWorkerThread-20820 (_rx_task) root DEBUG iutctl_common.py          154   read                      : Received data: {'00 4e e4 08 dc 1b 00 02'}, bytearray(b'\x00N\xe4\x08\xdc\x1b\x00\x02')
2026-09-24 19:29:56,626 BTPWorkerThread-20820 (_rx_task) root DEBUG btp.py                    736   event_handler             : Header(svc_id=1, op=137, ctrl_index=0, data_len=8) (b'\x00N\xe4\x08\xdc\x1b\x00\x02',)
2026-09-24 19:29:56,626 BTPWorkerThread-20820 (_rx_task) root DEBUG gap.py                    300   gap_sec_level_changed_ev_ : 
2026-09-24 19:29:56,626 BTPWorkerThread-20820 (_rx_task) root DEBUG gap.py                    302   gap_sec_level_changed_ev_ : received b'\x00N\xe4\x08\xdc\x1b\x00\x02'
2026-09-24 19:29:56,626 BTPWorkerThread-20820 (_rx_task) root DEBUG gap.py                    313   gap_sec_level_changed_ev_ : received (0, '001bdc08e44e', 2)
2026-09-24 19:29:56,757 BTPWorkerThread-20820 (_rx_task) root DEBUG iutctl_common.py          123   read                      : Read 5 bytes
2026-09-24 19:29:56,757 BTPWorkerThread-20820 (_rx_task) root DEBUG iutctl_common.py          131   read                      : Received: hdr: Header(svc_id=0x01, op=0x98, ctrl_index=0x00, data_len=0x08) bytearray(b'\x01\x98\x00\x08\x00')
2026-09-24 19:29:56,757 BTPWorkerThread-20820 (_rx_task) root DEBUG iutctl_common.py          139   read                      : Read 8 bytes data
2026-09-24 19:29:56,758 BTPWorkerThread-20820 (_rx_task) root DEBUG iutctl_common.py          154   read                      : Received data: {'00 4e e4 08 dc 1b 00 00'}, bytearray(b'\x00N\xe4\x08\xdc\x1b\x00\x00')
2026-09-24 19:29:56,758 BTPWorkerThread-20820 (_rx_task) root DEBUG btp.py                    736   event_handler             : Header(svc_id=1, op=152, ctrl_index=0, data_len=8) (b'\x00N\xe4\x08\xdc\x1b\x00\x00',)
2026-09-24 19:29:56,758 BTPWorkerThread-20820 (_rx_task) root DEBUG gap.py                    511   gap_peer_car_status_ev_   : 
2026-09-24 19:29:56,758 BTPWorkerThread-20820 (_rx_task) root DEBUG gap.py                    518   gap_peer_car_status_ev_   : received (0, '001bdc08e44e', 0)
2026-09-24 19:29:57,269 LT1-thread root DEBUG testcase.py               679   run_wid                   : GATT GATT/SR/GAS/BV-01-C on_implicit_send
2026-09-24 19:29:57,269 LT1-thread root DEBUG gatt_wid.py               24    gatt_wid_hdl              : gatt_wid_hdl, 400, Please prepare IUT into an L2CAP Credit Based Connection connectable mode using LE signaling channel.

Description: Verify that the Implementation Under Test (IUT) can accept L2CAP_CREDIT_BASED_CONNECTION_REQ from PTS., GATT/SR/GAS/BV-01-C
2026-09-24 19:29:57,269 LT1-thread root DEBUG testcase.py               722   run_wid                   : Sending response 'OK' to wid 400 test case GATT/SR/GAS/BV-01-C
2026-09-24 19:29:57,271 LT1-thread root DEBUG client.py                 276   get_result                : ClientCallback.get_result run_test_case
2026-09-24 19:30:01,275 LT1-callback ClientCallback.on_implicit_send INFO client.py                 223   on_implicit_send          : 
    ********************
    BEGIN OnImplicitSend:
    project_name: GATT
    wid: 96
    test_case_name: GATT/SR/GAS/BV-01-C
    description: Prepare IUT send service changed handle value indication to the PTS. Click OK if ready, otherwise Cancel.

Description: Verify that the Implementation Under Test (IUT) can send handle value indication of service changed to the PTS.
    style: MMI_Style_Ok_Cancel1 0x11041
2026-09-24 19:30:01,276 LT1-callback ClientCallback.on_implicit_send INFO client.py                 236   on_implicit_send          : Calling test cases on_implicit_send
2026-09-24 19:30:01,276 LT1-callback ClientCallback.on_implicit_send INFO client.py                 249   on_implicit_send          : 
    on_implicit_send returned response: WAIT
    END OnImplicitSend
    ********************
2026-09-24 19:30:02,272 LT1-thread root DEBUG testcase.py               679   run_wid                   : GATT GATT/SR/GAS/BV-01-C on_implicit_send
2026-09-24 19:30:02,272 LT1-thread root DEBUG gatt_wid.py               24    gatt_wid_hdl              : gatt_wid_hdl, 96, Prepare IUT send service changed handle value indication to the PTS. Click OK if ready, otherwise Cancel.

Description: Verify that the Implementation Under Test (IUT) can send handle value indication of service changed to the PTS., GATT/SR/GAS/BV-01-C
2026-09-24 19:30:02,272 LT1-thread root DEBUG testcase.py               711   run_wid                   : Running post_wid test functions
2026-09-24 19:30:02,272 LT1-thread root DEBUG testcase.py               722   run_wid                   : Sending response 'OK' to wid 96 test case GATT/SR/GAS/BV-01-C
2026-09-24 19:30:02,274 LT1-thread root DEBUG client.py                 276   get_result                : ClientCallback.get_result run_test_case
2026-09-24 19:30:02,275 LT1-thread root DEBUG testcase.py               588   run_post_wid_cmds         : GATT GATT/SR/GAS/BV-01-C run_post_wid_cmds
2026-09-24 19:30:02,275 LT1-thread root DEBUG testcase.py               591   run_post_wid_cmds         : 0) class=<class 'autopts.ptsprojects.testcase.TestFunc'>, func=<function update_service_gatt_sr_gas_bv_01_c at 0x000002622AD6B6A0> start_wid=None stop_wid=None post_wid=96 skip_call=None call_count=0 args=() kwds={}
2026-09-24 19:30:02,275 LT1-thread root DEBUG testcase.py               254   start                     : Starting test function: class=<class 'autopts.ptsprojects.testcase.TestFunc'>, func=<function update_service_gatt_sr_gas_bv_01_c at 0x000002622AD6B6A0> start_wid=None stop_wid=None post_wid=96 skip_call=None call_count=1 args=() kwds={}
2026-09-24 19:30:02,275 LT1-thread root DEBUG testcase.py               266   start                     : Test function parameters: args=(), kwds={}
2026-09-24 19:30:11,300 LT1-callback ClientCallback.on_implicit_send INFO client.py                 223   on_implicit_send          : 
    ********************
    BEGIN OnImplicitSend:
    project_name: GATT
    wid: 96
    test_case_name: GATT/SR/GAS/BV-01-C
    description: Prepare IUT send service changed handle value indication to the PTS. Click OK if ready, otherwise Cancel.

Description: Verify that the Implementation Under Test (IUT) can send handle value indication of service changed to the PTS.
    style: MMI_Style_Ok_Cancel1 0x11041
2026-09-24 19:30:11,300 LT1-callback ClientCallback.on_implicit_send INFO client.py                 236   on_implicit_send          : Calling test cases on_implicit_send
2026-09-24 19:30:11,300 LT1-callback ClientCallback.on_implicit_send INFO client.py                 249   on_implicit_send          : 
    on_implicit_send returned response: WAIT
    END OnImplicitSend
    ********************
2026-09-24 19:30:32,276 EventTimerThread-20832 root ERROR common.py                 44    timeout_cb                : Timeout after 30 seconds while waiting for event <threading.Event at 0x2622baa98b0: set> with condition         return wait_for_event(timeout, lambda: not self.is_connected(addr=addr))

2026-09-24 19:30:32,308 LT1-thread root DEBUG gatt.py                   263   gatts_change_database     : 0 0 2
2026-09-24 19:30:32,308 LT1-thread root DEBUG iutctl_common.py          161   send                      : 2 30 0 "bytearray(b'\\x00\\x00\\x00\\x00\\x02')"
2026-09-24 19:30:32,308 LT1-thread root DEBUG iutctl_common.py          166   send                      : sending frame '021e0005000000000002'
2026-09-24 19:30:32,309 LT1-thread root DEBUG gatt.py                   1190  gatt_command_rsp_succ     : 
2026-09-24 19:30:32,309 LT1-thread root DEBUG iutctl_common.py          339   read                      : 
2026-09-24 19:30:32,347 BTPWorkerThread-20820 (_rx_task) root DEBUG iutctl_common.py          123   read                      : Read 5 bytes
2026-09-24 19:30:32,359 BTPWorkerThread-20820 (_rx_task) root DEBUG iutctl_common.py          131   read                      : Received: hdr: Header(svc_id=0x02, op=0x1e, ctrl_index=0x00, data_len=0x00) bytearray(b'\x02\x1e\x00\x00\x00')
2026-09-24 19:30:32,365 BTPWorkerThread-20820 (_rx_task) root DEBUG iutctl_common.py          154   read                      : Received data: {''}, bytearray(b'')
2026-09-24 19:30:32,376 LT1-thread root DEBUG gatt.py                   1195  gatt_command_rsp_succ     : received Header(svc_id=2, op=30, ctrl_index=0, data_len=0) (b'',)
2026-09-24 19:30:32,376 LT1-thread root DEBUG client.py                 276   get_result                : ClientCallback.get_result run_test_case
2026-09-24 19:30:32,376 LT1-thread root DEBUG testcase.py               679   run_wid                   : GATT GATT/SR/GAS/BV-01-C on_implicit_send
2026-09-24 19:30:32,376 LT1-thread root DEBUG gatt_wid.py               24    gatt_wid_hdl              : gatt_wid_hdl, 96, Prepare IUT send service changed handle value indication to the PTS. Click OK if ready, otherwise Cancel.

Description: Verify that the Implementation Under Test (IUT) can send handle value indication of service changed to the PTS., GATT/SR/GAS/BV-01-C
2026-09-24 19:30:32,376 LT1-thread root DEBUG testcase.py               711   run_wid                   : Running post_wid test functions
2026-09-24 19:30:32,376 LT1-thread root DEBUG testcase.py               722   run_wid                   : Sending response 'OK' to wid 96 test case GATT/SR/GAS/BV-01-C
2026-09-24 19:30:32,378 LT1-thread root DEBUG client.py                 276   get_result                : ClientCallback.get_result run_test_case
2026-09-24 19:30:32,379 LT1-thread root DEBUG testcase.py               588   run_post_wid_cmds         : GATT GATT/SR/GAS/BV-01-C run_post_wid_cmds
2026-09-24 19:30:32,379 LT1-thread root DEBUG testcase.py               591   run_post_wid_cmds         : 0) class=<class 'autopts.ptsprojects.testcase.TestFunc'>, func=<function update_service_gatt_sr_gas_bv_01_c at 0x000002622AD6B6A0> start_wid=None stop_wid=None post_wid=96 skip_call=None call_count=1 args=() kwds={}
2026-09-24 19:30:32,379 LT1-thread root DEBUG testcase.py               254   start                     : Starting test function: class=<class 'autopts.ptsprojects.testcase.TestFunc'>, func=<function update_service_gatt_sr_gas_bv_01_c at 0x000002622AD6B6A0> start_wid=None stop_wid=None post_wid=96 skip_call=None call_count=2 args=() kwds={}
2026-09-24 19:30:32,379 LT1-thread root DEBUG testcase.py               266   start                     : Test function parameters: args=(), kwds={}
2026-09-24 19:30:33,727 BTPWorkerThread-20820 (_rx_task) root DEBUG iutctl_common.py          123   read                      : Read 5 bytes
2026-09-24 19:30:33,727 BTPWorkerThread-20820 (_rx_task) root DEBUG iutctl_common.py          131   read                      : Received: hdr: Header(svc_id=0x01, op=0x83, ctrl_index=0x00, data_len=0x07) bytearray(b'\x01\x83\x00\x07\x00')
2026-09-24 19:30:33,727 BTPWorkerThread-20820 (_rx_task) root DEBUG iutctl_common.py          139   read                      : Read 7 bytes data
2026-09-24 19:30:33,728 BTPWorkerThread-20820 (_rx_task) root DEBUG iutctl_common.py          154   read                      : Received data: {'00 4e e4 08 dc 1b 00'}, bytearray(b'\x00N\xe4\x08\xdc\x1b\x00')
2026-09-24 19:30:33,728 BTPWorkerThread-20820 (_rx_task) root DEBUG btp.py                    736   event_handler             : Header(svc_id=1, op=131, ctrl_index=0, data_len=7) (b'\x00N\xe4\x08\xdc\x1b\x00',)
2026-09-24 19:30:33,728 BTPWorkerThread-20820 (_rx_task) root DEBUG gap.py                    228   gap_disconnected_ev_      : b'\x00N\xe4\x08\xdc\x1b\x00'
2026-09-24 19:30:33,786 LT1-thread root DEBUG gatt.py                   263   gatts_change_database     : 0 0 2
2026-09-24 19:30:33,786 LT1-thread root DEBUG iutctl_common.py          161   send                      : 2 30 0 "bytearray(b'\\x00\\x00\\x00\\x00\\x02')"
2026-09-24 19:30:33,786 LT1-thread root DEBUG iutctl_common.py          166   send                      : sending frame '021e0005000000000002'
2026-09-24 19:30:33,786 LT1-thread root DEBUG gatt.py                   1190  gatt_command_rsp_succ     : 
2026-09-24 19:30:33,786 LT1-thread root DEBUG iutctl_common.py          339   read                      : 
2026-09-24 19:30:33,826 BTPWorkerThread-20820 (_rx_task) root DEBUG iutctl_common.py          123   read                      : Read 5 bytes
2026-09-24 19:30:33,837 BTPWorkerThread-20820 (_rx_task) root DEBUG iutctl_common.py          131   read                      : Received: hdr: Header(svc_id=0x02, op=0x1e, ctrl_index=0x00, data_len=0x00) bytearray(b'\x02\x1e\x00\x00\x00')
2026-09-24 19:30:33,847 BTPWorkerThread-20820 (_rx_task) root DEBUG iutctl_common.py          154   read                      : Received data: {''}, bytearray(b'')
2026-09-24 19:30:33,858 LT1-thread root DEBUG gatt.py                   1195  gatt_command_rsp_succ     : received Header(svc_id=2, op=30, ctrl_index=0, data_len=0) (b'',)
2026-09-24 19:30:33,858 LT1-thread root DEBUG client.py                 276   get_result                : ClientCallback.get_result run_test_case
2026-09-24 19:30:37,366 LT1-callback ClientCallback.log INFO client.py                 200   log                       : PTS_LOGTYPE_START_TEST Start Test Case 

+2140 ms
 GATT/SR/GAS/BV-01-C GATT/SR/GAS/BV-01-C

2026-09-24 19:30:38,180 LT1-callback ClientCallback.log INFO client.py                 200   log                       : PTS_LOGTYPE_FINAL_VERDICT Final Verdict 

+53125 ms
 GATT/SR/GAS/BV-01-C PASS

2026-09-24 19:30:38,184 LT1-callback ClientCallback.log INFO client.py                 200   log                       : PTS_LOGTYPE_FINAL_VERDICT Encrypted Verdict 

+53125 ms
 GATT/SR/GAS/BV-01-C A1#ZWY4MzQ5MDg3MmQwNTIxOGQzMzQ5YjY2ODA5M2MzNjQ5ZDY4NmY0Yjc2MzIzM2VkNTUyNTFhNGU4Mjg1MjI0NA==#RZL+jKhtMN6w3zR0tdpt8IVaNb97m1YdXFRORZcfN2WBfbfjktI9k0dlyuY+cF1l

2026-09-24 19:30:38,189 LT1-callback ClientCallback.log INFO client.py                 200   log                       : PTS_LOGTYPE_END_TEST Test Case Ended 

+53140 ms
 GATT/SR/GAS/BV-01-C GATT/SR/GAS/BV-01-C

2026-09-24 19:30:38,239 LT1-callback root DEBUG client.py                 261   set_result                : ClientCallback, set_result, run_test_case, PASS
2026-09-24 19:30:38,240 LT1-thread root DEBUG client.py                 1186  _run_test_case            : After run_test_case error_code=0 status='PASS'
2026-09-24 19:30:38,240 LT1-thread root DEBUG testcase.py               766   post_run                  : post_run GATT GATT/SR/GAS/BV-01-C 0
2026-09-24 19:30:38,240 LT1-thread root DEBUG testcase.py               254   start                     : Starting test function: class=<class 'autopts.ptsprojects.testcase.TestFuncCleanUp'>, func=<bound method ZTestCase._test_case_cleanup of <autopts.ptsprojects.zephyr.ztestcase.ZTestCase object at 0x000002622B3A5100>> start_wid=None stop_wid=None post_wid=None skip_call=None call_count=1 args=() kwds={}
2026-09-24 19:30:38,240 LT1-thread root DEBUG testcase.py               266   start                     : Test function parameters: args=(), kwds={}
2026-09-24 19:30:38,241 LT1-thread root DEBUG iutctl.py                 415   stop                      : <class 'autopts.ptsprojects.zephyr.iutctl.create_zephyr_ctl_class.<locals>.ZephyrCtl'>.stop
2026-09-24 19:30:38,241 LT1-thread root DEBUG __init__.py               51    reset                     : About to reset DUT: JLink -CommandFile reset.jlink -usb 1063214216 -device MIMXRT1176XXXA_M7
2026-09-24 19:30:38,579 BTPWorkerThread-20820 (_rx_task) root DEBUG iutctl_common.py          123   read                      : Read 5 bytes
2026-09-24 19:30:38,579 BTPWorkerThread-20820 (_rx_task) root DEBUG iutctl_common.py          131   read                      : Received: hdr: Header(svc_id=0x00, op=0x80, ctrl_index=0xff, data_len=0x00) bytearray(b'\x00\x80\xff\x00\x00')
2026-09-24 19:30:38,580 BTPWorkerThread-20820 (_rx_task) root DEBUG iutctl_common.py          154   read                      : Received data: {''}, bytearray(b'')
2026-09-24 19:30:38,580 BTPWorkerThread-20820 (_rx_task) root DEBUG btp.py                    736   event_handler             : Header(svc_id=0, op=128, ctrl_index=255, data_len=0) (b'',)
2026-09-24 19:30:38,580 BTPWorkerThread-20820 (_rx_task) root DEBUG core.py                   23    core_iut_ready_ev         : 
2026-09-24 19:30:38,650 LT1-thread root DEBUG iutctl.py                 436   _stop_tty_mode            : IUT ready event received OK
2026-09-24 19:30:38,650 LT1-thread root DEBUG iutctl_common.py          416   close                     : Waiting for _rx_worker to finish ...
2026-09-24 19:30:39,581 BTPWorkerThread-20820 (_rx_task) root DEBUG iutctl_common.py          332   _rx_task                  : BTPWorkerThread-20820 (_rx_task) finishing...
2026-09-24 19:30:42,588 LT1-thread root DEBUG testcase.py               794   post_run                  : post_run, cleanup running post test case script
2026-09-24 19:30:42,588 LT1-thread root DEBUG testcase.py               802   post_run                  : post_run, run post test case script
2026-09-24 19:30:42,688 LT1-thread root DEBUG client.py                 1220  _run_test_case            : Done TestCase _run_test_case GATT GATT/SR/GAS/BV-01-C
