16:45:53:799    > BTP_CORE_CMD_READ_SUPPORTED_SERVICES (0x00|0x02|0xff)
                  raw data (0): 00 02 ff 00 00|
16:45:53:846    < BTP_CORE_CMD_READ_SUPPORTED_SERVICES (0x00|0x02|0xff)
                  raw data (5): 00 02 ff 05 00|0f 00 00 a0 01
16:45:53:857    > BTP_CORE_CMD_REGISTER_SERVICE (0x00|0x03|0xff)
                  raw data (1): 00 03 ff 01 00|01
16:45:57:998    < BTP_CORE_CMD_REGISTER_SERVICE (0x00|0x03|0xff)
                  raw data (0): 00 03 ff 00 00|
16:45:58:015    > BTP_GAP_CMD_READ_SUPPORTED_COMMANDS (0x01|0x01|0xff)
                  raw data (0): 01 01 ff 00 00|
16:45:58:065    < BTP_GAP_CMD_READ_SUPPORTED_COMMANDS (0x01|0x01|0xff)
                  raw data (7): 01 01 ff 07 00|6e ff 7f 1f fe ff 0e
16:45:58:076    > BTP_GAP_CMD_READ_CONTROLLER_INFO (0x01|0x03|0x00)
                  raw data (0): 01 03 00 00 00|
16:45:58:146    < BTP_GAP_CMD_READ_CONTROLLER_INFO (0x01|0x03|0x00)
                  raw data (277): 
                  01 03 00 15 01|19 78 ee 69 17 d0 d3 06 02 00 13 
                  02 00 00 00 00 00 62 74 70 5f 74 65 73 74 65 72 
                  00 00 00 00 00 00 00 00 00 00 00 00 00 00 00 00 
                  00 00 00 00 00 00 00 00 00 00 00 00 00 00 00 00 
                  00 00 00 00 00 00 00 00 00 00 00 00 00 00 00 00 
                  00 00 00 00 00 00 00 00 00 00 00 00 00 00 00 00 
                  00 00 00 00 00 00 00 00 00 00 00 00 00 00 00 00 
                  00 00 00 00 00 00 00 00 00 00 00 00 00 00 00 00 
                  00 00 00 00 00 00 00 00 00 00 00 00 00 00 00 00 
                  00 00 00 00 00 00 00 00 00 00 00 00 00 00 00 00 
                  00 00 00 00 00 00 00 00 00 00 00 00 00 00 00 00 
                  00 00 00 00 00 00 00 00 00 00 00 00 00 00 00 00 
                  00 00 00 00 00 00 00 00 00 00 00 00 00 00 00 00 
                  00 00 00 00 00 00 00 00 00 00 00 00 00 00 00 00 
                  00 00 00 00 00 00 00 00 00 00 00 00 00 00 00 00 
                  00 00 00 00 00 00 00 00 00 00 00 00 00 00 00 00 
                  00 00 00 00 00 00 00 00 00 00 00 00 00 00 00 00 
                  00 00 00 00 00 00 00 00 00 00
16:45:58:268    > BTP_CORE_CMD_REGISTER_SERVICE (0x00|0x03|0xff)
                  raw data (2): 00 03 ff 01 00|02
16:45:58:329    < BTP_CORE_CMD_REGISTER_SERVICE (0x00|0x03|0xff)
                  raw data (0): 00 03 ff 00 00|
16:45:58:341    > BTP_GATT_CMD_READ_SUPPORTED_COMMANDS (0x02|0x01|0xff)
                  raw data (0): 02 01 ff 00 00|
16:45:58:418    < BTP_GATT_CMD_READ_SUPPORTED_COMMANDS (0x02|0x01|0xff)
                  raw data (5): 02 01 ff 05 00|fe fe bf fd 0f
16:45:58:430    > BTP_GAP_CMD_SET_IO_CAP (0x01|0x10|0x00)
                  raw data (1): 01 10 00 01 00|04
16:45:58:479    < BTP_GAP_CMD_SET_IO_CAP (0x01|0x10|0x00)
                  raw data (0): 01 10 00 00 00|
16:45:58:568    > BTP_GAP_CMD_SET_IO_CAP (0x01|0x10|0x00)
                  raw data (1): 01 10 00 01 00|03
16:45:58:620    < BTP_GAP_CMD_SET_IO_CAP (0x01|0x10|0x00)
                  raw data (0): 01 10 00 00 00|
16:45:58:638    > BTP_GAP_CMD_SET_BONDABLE (0x01|0x09|0x00)
                  raw data (0): 01 09 00 01 00|00
16:45:58:714    < BTP_GAP_CMD_SET_BONDABLE (0x01|0x09|0x00)
                  raw data (4): 01 09 00 04 00|03 02 00 00
16:46:01:728    > BTP_GAP_CMD_SET_DISCOVERABLE (0x01|0x08|0x00)
                  raw data (1): 01 08 00 01 00|01
16:46:01:802    < BTP_GAP_CMD_SET_DISCOVERABLE (0x01|0x08|0x00)
                  raw data (4): 01 08 00 04 00|0b 02 00 00
16:46:04:578    < BTP_GAP_EV_DEVICE_CONNECTED (0x01|0x82|0x00)
                  raw data (13): 
                  01 82 00 0d 00|e0 4e e4 08 dc 1b 00 00 00 00 00 
                  00 00
16:46:04:578    < BTP_GAP_EV_NEW_SETTINGS (0x01|0x80|0x00)
                  raw data (4): 01 80 00 04 00|0b 02 00 00
16:46:04:622    < BTP_GAP_EV_PAIRING_FAILED (0x01|0x8c|0x00)
                  raw data (8): 01 8c 00 08 00|e0 4e e4 08 dc 1b 00 01
16:46:04:633    < BTP_GAP_EV_DEVICE_DISCONNECTED (0x01|0x83|0x00)
                  raw data (7): 01 83 00 07 00|e0 4e e4 08 dc 1b 00
16:46:08:833    < BTP_CORE_EV_IUT_READY (0x00|0x80|0xff)
                  raw data (0): 00 80 ff 00 00|
