2026-09-17 16:25:41,624 LT1-thread root DEBUG client.py                 1099  _run_test_case            : Starting TestCase _run_test_case GAP GAP/DM/LEP/BV-06-C
2026-09-17 16:25:41,626 LT1-thread root DEBUG testcase.py               727   pre_run                   : pre_run GAP GAP/DM/LEP/BV-06-C
2026-09-17 16:25:41,626 LT1-thread root DEBUG testcase.py               729   pre_run                   : About to run test case GAP GAP/DM/LEP/BV-06-C with commands:
2026-09-17 16:25:41,626 LT1-thread root DEBUG testcase.py               731   pre_run                   : 0) class=<class 'autopts.ptsprojects.testcase.TestFunc'>, func=<bound method ZTestCase._test_case_start of <autopts.ptsprojects.zephyr.ztestcase.ZTestCase object at 0x00000203DCD3EC60>> start_wid=None stop_wid=None post_wid=None skip_call=None call_count=0 args=() kwds={}
2026-09-17 16:25:41,626 LT1-thread root DEBUG testcase.py               731   pre_run                   : 1) class=<class 'autopts.ptsprojects.testcase.TestFunc'>, func=<function core_reg_svc_gap at 0x00000203DA228720> start_wid=None stop_wid=None post_wid=None skip_call=None call_count=209 args=() kwds={}
2026-09-17 16:25:41,626 LT1-thread root DEBUG testcase.py               731   pre_run                   : 2) class=<class 'autopts.ptsprojects.testcase.TestFunc'>, func=<bound method Stack.gap_init of <autopts.ptsprojects.stack.stack.Stack object at 0x00000203DA34D4F0>> start_wid=None stop_wid=None post_wid=None skip_call=None call_count=209 args=(b'Tester_08E44E', 'ABCD', '1111', '1111', '11', '1111', b'\x17github.com/auto-pts', (8, 'PADV_Tester'), 'FF') kwds={}
2026-09-17 16:25:41,626 LT1-thread root DEBUG testcase.py               731   pre_run                   : 3) class=<class 'autopts.ptsprojects.testcase.TestFunc'>, func=<function gap_read_controller_info at 0x00000203DA247560> start_wid=None stop_wid=None post_wid=None skip_call=None call_count=209 args=() kwds={}
2026-09-17 16:25:41,626 LT1-thread root DEBUG testcase.py               731   pre_run                   : 4) class=<class 'autopts.ptsprojects.testcase.TestFunc'>, func=<function test_cases.<locals>.<lambda> at 0x00000203DCC65BC0> start_wid=None stop_wid=None post_wid=None skip_call=None call_count=209 args=() kwds={}
2026-09-17 16:25:41,627 LT1-thread root DEBUG testcase.py               731   pre_run                   : 5) class=<class 'autopts.ptsprojects.testcase.TestFunc'>, func=<function test_cases.<locals>.<lambda> at 0x00000203DCC65C60> start_wid=None stop_wid=None post_wid=None skip_call=None call_count=209 args=() kwds={}
2026-09-17 16:25:41,627 LT1-thread root DEBUG testcase.py               731   pre_run                   : 6) class=<class 'autopts.ptsprojects.testcase.TestFunc'>, func=<function test_cases.<locals>.<lambda> at 0x00000203DCC65D00> start_wid=None stop_wid=None post_wid=None skip_call=None call_count=209 args=() kwds={}
2026-09-17 16:25:41,627 LT1-thread root DEBUG testcase.py               731   pre_run                   : 7) class=<class 'autopts.ptsprojects.testcase.TestFunc'>, func=<function test_cases.<locals>.<lambda> at 0x00000203DCC65DA0> start_wid=None stop_wid=None post_wid=None skip_call=None call_count=209 args=() kwds={}
2026-09-17 16:25:41,627 LT1-thread root DEBUG testcase.py               731   pre_run                   : 8) class=<class 'autopts.ptsprojects.testcase.TestFunc'>, func=<function test_cases.<locals>.<lambda> at 0x00000203DCCF5300> start_wid=None stop_wid=None post_wid=None skip_call=None call_count=209 args=() kwds={}
2026-09-17 16:25:41,627 LT1-thread root DEBUG testcase.py               731   pre_run                   : 9) class=<class 'autopts.ptsprojects.testcase.TestFunc'>, func=<function test_cases.<locals>.<lambda> at 0x00000203DCCF53A0> start_wid=None stop_wid=None post_wid=None skip_call=None call_count=209 args=() kwds={}
2026-09-17 16:25:41,627 LT1-thread root DEBUG testcase.py               731   pre_run                   : 10) class=<class 'autopts.ptsprojects.testcase.TestFunc'>, func=<function test_cases.<locals>.<lambda> at 0x00000203DCCF5440> start_wid=None stop_wid=None post_wid=None skip_call=None call_count=209 args=() kwds={}
2026-09-17 16:25:41,627 LT1-thread root DEBUG testcase.py               731   pre_run                   : 11) class=<class 'autopts.ptsprojects.testcase.TestFunc'>, func=<function test_cases.<locals>.<lambda> at 0x00000203DCCF54E0> start_wid=None stop_wid=None post_wid=None skip_call=None call_count=209 args=() kwds={}
2026-09-17 16:25:41,627 LT1-thread root DEBUG testcase.py               731   pre_run                   : 12) class=<class 'autopts.ptsprojects.testcase.TestFunc'>, func=<function test_cases.<locals>.<lambda> at 0x00000203DCCF5580> start_wid=None stop_wid=None post_wid=None skip_call=None call_count=209 args=() kwds={}
2026-09-17 16:25:41,627 LT1-thread root DEBUG testcase.py               731   pre_run                   : 13) class=<class 'autopts.ptsprojects.testcase.TestFunc'>, func=<function test_cases.<locals>.<lambda> at 0x00000203DCCF5620> start_wid=None stop_wid=None post_wid=None skip_call=None call_count=209 args=() kwds={}
2026-09-17 16:25:41,627 LT1-thread root DEBUG testcase.py               731   pre_run                   : 14) class=<class 'autopts.ptsprojects.testcase.TestFunc'>, func=<function core_reg_svc_gatt at 0x00000203DA228860> start_wid=None stop_wid=None post_wid=None skip_call=None call_count=209 args=() kwds={}
2026-09-17 16:25:41,627 LT1-thread root DEBUG testcase.py               731   pre_run                   : 15) class=<class 'autopts.ptsprojects.testcase.TestFunc'>, func=<bound method Stack.gatt_init of <autopts.ptsprojects.stack.stack.Stack object at 0x00000203DA34D4F0>> start_wid=None stop_wid=None post_wid=None skip_call=None call_count=209 args=() kwds={}
2026-09-17 16:25:41,628 LT1-thread root DEBUG testcase.py               731   pre_run                   : 16) class=<class 'autopts.ptsprojects.testcase.TestFunc'>, func=<function gap_set_io_capability at 0x00000203DA246A20> start_wid=None stop_wid=None post_wid=None skip_call=None call_count=209 args=(4,) kwds={}
2026-09-17 16:25:41,628 LT1-thread root DEBUG testcase.py               731   pre_run                   : 17) class=<class 'autopts.ptsprojects.testcase.TestFunc'>, func=<function gap_set_broadcast_code at 0x00000203DA26CC20> start_wid=None stop_wid=None post_wid=None skip_call=None call_count=209 args=('0102680553F1415AA265BBAFC6EA03B8',) kwds={}
2026-09-17 16:25:41,628 LT1-thread root DEBUG testcase.py               731   pre_run                   : 18) class=<class 'autopts.ptsprojects.testcase.TestFunc'>, func=<function set_pts_addr at 0x00000203DA2282C0> start_wid=None stop_wid=None post_wid=None skip_call=None call_count=209 args=('00:1B:DC:08:E4:4E', 0) kwds={}
2026-09-17 16:25:41,628 LT1-thread root DEBUG testcase.py               731   pre_run                   : 19) class=<class 'autopts.ptsprojects.testcase.TestFunc'>, func=<function gatts_add_svc at 0x00000203DA2722A0> start_wid=None stop_wid=None post_wid=None skip_call=None call_count=168 args=(0, 'AA51') kwds={}
2026-09-17 16:25:41,628 LT1-thread root DEBUG testcase.py               731   pre_run                   : 20) class=<class 'autopts.ptsprojects.testcase.TestFunc'>, func=<function gatts_add_char at 0x00000203DA2723E0> start_wid=None stop_wid=None post_wid=None skip_call=None call_count=168 args=(0, 2, 17, 'AA52') kwds={}
2026-09-17 16:25:41,628 LT1-thread root DEBUG testcase.py               731   pre_run                   : 21) class=<class 'autopts.ptsprojects.testcase.TestFunc'>, func=<function gatts_set_val at 0x00000203DA272480> start_wid=None stop_wid=None post_wid=None skip_call=None call_count=168 args=(0, '01') kwds={}
2026-09-17 16:25:41,628 LT1-thread root DEBUG testcase.py               731   pre_run                   : 22) class=<class 'autopts.ptsprojects.testcase.TestFunc'>, func=<function gatts_add_char at 0x00000203DA2723E0> start_wid=None stop_wid=None post_wid=None skip_call=None call_count=168 args=(0, 2, 5, 'AA53') kwds={}
2026-09-17 16:25:41,628 LT1-thread root DEBUG testcase.py               731   pre_run                   : 23) class=<class 'autopts.ptsprojects.testcase.TestFunc'>, func=<function gatts_set_val at 0x00000203DA272480> start_wid=None stop_wid=None post_wid=None skip_call=None call_count=168 args=(0, '02') kwds={}
2026-09-17 16:25:41,628 LT1-thread root DEBUG testcase.py               731   pre_run                   : 24) class=<class 'autopts.ptsprojects.testcase.TestFunc'>, func=<function gatts_add_char at 0x00000203DA2723E0> start_wid=None stop_wid=None post_wid=None skip_call=None call_count=168 args=(0, 10, 48, 'AA55') kwds={}
2026-09-17 16:25:41,628 LT1-thread root DEBUG testcase.py               731   pre_run                   : 25) class=<class 'autopts.ptsprojects.testcase.TestFunc'>, func=<function gatts_set_val at 0x00000203DA272480> start_wid=None stop_wid=None post_wid=None skip_call=None call_count=168 args=(0, '04') kwds={}
2026-09-17 16:25:41,628 LT1-thread root DEBUG testcase.py               731   pre_run                   : 26) class=<class 'autopts.ptsprojects.testcase.TestFunc'>, func=<function gatts_start_server at 0x00000203DA272700> start_wid=None stop_wid=None post_wid=None skip_call=None call_count=168 args=() kwds={}
2026-09-17 16:25:41,628 LT1-thread root DEBUG testcase.py               731   pre_run                   : 27) class=<class 'autopts.ptsprojects.testcase.TestFuncCleanUp'>, func=<bound method ZTestCase._test_case_cleanup of <autopts.ptsprojects.zephyr.ztestcase.ZTestCase object at 0x00000203DCD3EC60>> start_wid=None stop_wid=None post_wid=None skip_call=None call_count=0 args=() kwds={}
2026-09-17 16:25:41,629 LT1-thread root DEBUG testcase.py               738   pre_run                   : pre_run, run pre test case script
2026-09-17 16:25:41,638 LT1-thread root DEBUG testcase.py               254   start                     : Starting test function: class=<class 'autopts.ptsprojects.testcase.TestFunc'>, func=<bound method ZTestCase._test_case_start of <autopts.ptsprojects.zephyr.ztestcase.ZTestCase object at 0x00000203DCD3EC60>> start_wid=None stop_wid=None post_wid=None skip_call=None call_count=1 args=() kwds={}
2026-09-17 16:25:41,638 LT1-thread root DEBUG testcase.py               266   start                     : Test function parameters: args=(), kwds={}
2026-09-17 16:25:41,638 LT1-thread root DEBUG iutctl.py                 172   start                     : <class 'autopts.ptsprojects.zephyr.iutctl.create_zephyr_ctl_class.<locals>.ZephyrCtl'>.start
2026-09-17 16:25:41,638 LT1-thread root DEBUG iutctl.py                 325   flush_serial              : <class 'autopts.ptsprojects.zephyr.iutctl.create_zephyr_ctl_class.<locals>.ZephyrCtl'>.flush_serial
2026-09-17 16:25:42,837 LT1-thread root DEBUG iutctl.py                 249   _start_tty_mode           : Starting socat process: socat.exe -x -v tcp:10.17.12.9:59953,retry=100,interval=1 /dev/ttyS2,raw,b115200,
2026-09-17 16:25:42,844 LT1-thread root DEBUG iutctl_common.py          402   accept                    : 
2026-09-17 16:25:42,924 BTPWorkerThread-5102 (_rx_task) root DEBUG iutctl_common.py          299   _rx_task                  : BTPWorkerThread-5102 (_rx_task) started
2026-09-17 16:25:42,924 LT1-thread root DEBUG iutctl.py                 395   wait_iut_ready_event      : IUT ready event received OK
2026-09-17 16:25:42,925 LT1-thread root DEBUG btp.py                    51    read_supp_svcs            : 
2026-09-17 16:25:42,925 LT1-thread root DEBUG iutctl_common.py          161   send                      : 0 2 255 ''
2026-09-17 16:25:42,925 LT1-thread root DEBUG iutctl_common.py          166   send                      : sending frame '0002ff0000'
2026-09-17 16:25:42,925 LT1-thread root DEBUG iutctl_common.py          339   read                      : 
2026-09-17 16:25:42,942 BTPWorkerThread-5102 (_rx_task) root DEBUG iutctl_common.py          123   read                      : Read 5 bytes
2026-09-17 16:25:42,953 BTPWorkerThread-5102 (_rx_task) root DEBUG iutctl_common.py          131   read                      : Received: hdr: Header(svc_id=0x00, op=0x02, ctrl_index=0xff, data_len=0x05) bytearray(b'\x00\x02\xff\x05\x00')
2026-09-17 16:25:42,976 BTPWorkerThread-5102 (_rx_task) root DEBUG iutctl_common.py          139   read                      : Read 5 bytes data
2026-09-17 16:25:42,981 BTPWorkerThread-5102 (_rx_task) root DEBUG iutctl_common.py          154   read                      : Received data: {'0f 00 00 a0 01'}, bytearray(b'\x0f\x00\x00\xa0\x01')
2026-09-17 16:25:42,987 LT1-thread root DEBUG btp.py                    62    read_supp_svcs            : received Header(svc_id=0, op=2, ctrl_index=255, data_len=5) (b'\x0f\x00\x00\xa0\x01',)
2026-09-17 16:25:42,987 LT1-thread root DEBUG testcase.py               254   start                     : Starting test function: class=<class 'autopts.ptsprojects.testcase.TestFunc'>, func=<function core_reg_svc_gap at 0x00000203DA228720> start_wid=None stop_wid=None post_wid=None skip_call=None call_count=210 args=() kwds={}
2026-09-17 16:25:42,987 LT1-thread root DEBUG testcase.py               266   start                     : Test function parameters: args=(), kwds={}
2026-09-17 16:25:42,987 LT1-thread root DEBUG btp.py                    117   core_reg_svc_univ         : core_reg_svc_univ: gap_reg (GAP)
2026-09-17 16:25:42,987 LT1-thread root DEBUG iutctl_common.py          161   send                      : 0 3 255 '1'
2026-09-17 16:25:42,987 LT1-thread root DEBUG iutctl_common.py          166   send                      : sending frame '0003ff010001'
2026-09-17 16:25:42,988 LT1-thread root DEBUG btp.py                    618   core_reg_svc_rsp_succ     : 
2026-09-17 16:25:42,988 LT1-thread root DEBUG iutctl_common.py          339   read                      : 
2026-09-17 16:25:47,100 BTPWorkerThread-5102 (_rx_task) root DEBUG iutctl_common.py          123   read                      : Read 5 bytes
2026-09-17 16:25:47,106 BTPWorkerThread-5102 (_rx_task) root DEBUG iutctl_common.py          131   read                      : Received: hdr: Header(svc_id=0x00, op=0x03, ctrl_index=0xff, data_len=0x00) bytearray(b'\x00\x03\xff\x00\x00')
2026-09-17 16:25:47,106 BTPWorkerThread-5102 (_rx_task) root DEBUG iutctl_common.py          154   read                      : Received data: {''}, bytearray(b'')
2026-09-17 16:25:47,106 LT1-thread root DEBUG btp.py                    629   core_reg_svc_rsp_succ     : received Header(svc_id=0, op=3, ctrl_index=255, data_len=0) (b'',)
2026-09-17 16:25:47,107 LT1-thread root DEBUG btp.py                    630   core_reg_svc_rsp_succ     : expected ((0, 3, 255, 0), (b'',))
2026-09-17 16:25:47,107 LT1-thread root DEBUG btp.py                    635   core_reg_svc_rsp_succ     : response is valid
2026-09-17 16:25:47,107 LT1-thread root DEBUG btp.py                    638   core_reg_svc_rsp_succ     : Reading supported commands for service: GAP
2026-09-17 16:25:47,107 LT1-thread root DEBUG iutctl_common.py          161   send                      : 1 1 255 ''
2026-09-17 16:25:47,107 LT1-thread root DEBUG iutctl_common.py          166   send                      : sending frame '0101ff0000'
2026-09-17 16:25:47,107 LT1-thread root DEBUG iutctl_common.py          339   read                      : 
2026-09-17 16:25:47,155 BTPWorkerThread-5102 (_rx_task) root DEBUG iutctl_common.py          123   read                      : Read 5 bytes
2026-09-17 16:25:47,161 BTPWorkerThread-5102 (_rx_task) root DEBUG iutctl_common.py          131   read                      : Received: hdr: Header(svc_id=0x01, op=0x01, ctrl_index=0xff, data_len=0x07) bytearray(b'\x01\x01\xff\x07\x00')
2026-09-17 16:25:47,166 BTPWorkerThread-5102 (_rx_task) root DEBUG iutctl_common.py          139   read                      : Read 7 bytes data
2026-09-17 16:25:47,166 BTPWorkerThread-5102 (_rx_task) root DEBUG iutctl_common.py          154   read                      : Received data: {'6e ff 7f 1f fe ff 0e'}, bytearray(b'n\xff\x7f\x1f\xfe\xff\x0e')
2026-09-17 16:25:47,166 LT1-thread root DEBUG testcase.py               254   start                     : Starting test function: class=<class 'autopts.ptsprojects.testcase.TestFunc'>, func=<bound method Stack.gap_init of <autopts.ptsprojects.stack.stack.Stack object at 0x00000203DA34D4F0>> start_wid=None stop_wid=None post_wid=None skip_call=None call_count=210 args=(b'Tester_08E44E', 'ABCD', '1111', '1111', '11', '1111', b'\x17github.com/auto-pts', (8, 'PADV_Tester'), 'FF') kwds={}
2026-09-17 16:25:47,166 LT1-thread root DEBUG testcase.py               266   start                     : Test function parameters: args=(b'Tester_08E44E', 'ABCD', '1111', '1111', '11', '1111', b'\x17github.com/auto-pts', (8, 'PADV_Tester'), 'FF'), kwds={}
2026-09-17 16:25:47,167 LT1-thread root DEBUG testcase.py               254   start                     : Starting test function: class=<class 'autopts.ptsprojects.testcase.TestFunc'>, func=<function gap_read_controller_info at 0x00000203DA247560> start_wid=None stop_wid=None post_wid=None skip_call=None call_count=210 args=() kwds={}
2026-09-17 16:25:47,167 LT1-thread root DEBUG testcase.py               266   start                     : Test function parameters: args=(), kwds={}
2026-09-17 16:25:47,167 LT1-thread root DEBUG gap.py                    1161  gap_read_controller_info  : 
2026-09-17 16:25:47,167 LT1-thread root DEBUG iutctl_common.py          161   send                      : 1 3 0 ''
2026-09-17 16:25:47,167 LT1-thread root DEBUG iutctl_common.py          166   send                      : sending frame '0103000000'
2026-09-17 16:25:47,167 LT1-thread root DEBUG iutctl_common.py          339   read                      : 
2026-09-17 16:25:47,203 BTPWorkerThread-5102 (_rx_task) root DEBUG iutctl_common.py          123   read                      : Read 5 bytes
2026-09-17 16:25:47,214 BTPWorkerThread-5102 (_rx_task) root DEBUG iutctl_common.py          131   read                      : Received: hdr: Header(svc_id=0x01, op=0x03, ctrl_index=0x00, data_len=0x115) bytearray(b'\x01\x03\x00\x15\x01')
2026-09-17 16:25:47,225 BTPWorkerThread-5102 (_rx_task) root DEBUG iutctl_common.py          139   read                      : Read 277 bytes data
2026-09-17 16:25:47,230 BTPWorkerThread-5102 (_rx_task) root DEBUG iutctl_common.py          154   read                      : Received data: {'19 78 ee 69 17 d0 d3 06 02 00 13 02 00 00 00 00 00 62 74 70 5f 74 65 73 74 65 72 00 00 00 00 00 00 00 00 00 00 00 00 00 00 00 00 00 00 00 00 00 00 00 00 00 00 00 00 00 00 00 00 00 00 00 00 00 00 00 00 00 00 00 00 00 00 00 00 00 00 00 00 00 00 00 00 00 00 00 00 00 00 00 00 00 00 00 00 00 00 00 00 00 00 00 00 00 00 00 00 00 00 00 00 00 00 00 00 00 00 00 00 00 00 00 00 00 00 00 00 00 00 00 00 00 00 00 00 00 00 00 00 00 00 00 00 00 00 00 00 00 00 00 00 00 00 00 00 00 00 00 00 00 00 00 00 00 00 00 00 00 00 00 00 00 00 00 00 00 00 00 00 00 00 00 00 00 00 00 00 00 00 00 00 00 00 00 00 00 00 00 00 00 00 00 00 00 00 00 00 00 00 00 00 00 00 00 00 00 00 00 00 00 00 00 00 00 00 00 00 00 00 00 00 00 00 00 00 00 00 00 00 00 00 00 00 00 00 00 00 00 00 00 00 00 00 00 00 00 00 00 00 00 00 00 00 00 00 00 00 00 00 00 00 00 00 00 00 00 00'}, bytearray(b'\x19x\xeei\x17\xd0\xd3\x06\x02\x00\x13\x02\x00\x00\x00\x00\x00btp_tester\x00\x00\x00\x00\x00\x00\x00\x00\x00\x00\x00\x00\x00\x00\x00\x00\x00\x00\x00\x00\x00\x00\x00\x00\x00\x00\x00\x00\x00\x00\x00\x00\x00\x00\x00\x00\x00\x00\x00\x00\x00\x00\x00\x00\x00\x00\x00\x00\x00\x00\x00\x00\x00\x00\x00\x00\x00\x00\x00\x00\x00\x00\x00\x00\x00\x00\x00\x00\x00\x00\x00\x00\x00\x00\x00\x00\x00\x00\x00\x00\x00\x00\x00\x00\x00\x00\x00\x00\x00\x00\x00\x00\x00\x00\x00\x00\x00\x00\x00\x00\x00\x00\x00\x00\x00\x00\x00\x00\x00\x00\x00\x00\x00\x00\x00\x00\x00\x00\x00\x00\x00\x00\x00\x00\x00\x00\x00\x00\x00\x00\x00\x00\x00\x00\x00\x00\x00\x00\x00\x00\x00\x00\x00\x00\x00\x00\x00\x00\x00\x00\x00\x00\x00\x00\x00\x00\x00\x00\x00\x00\x00\x00\x00\x00\x00\x00\x00\x00\x00\x00\x00\x00\x00\x00\x00\x00\x00\x00\x00\x00\x00\x00\x00\x00\x00\x00\x00\x00\x00\x00\x00\x00\x00\x00\x00\x00\x00\x00\x00\x00\x00\x00\x00\x00\x00\x00\x00\x00\x00\x00\x00\x00\x00\x00\x00\x00\x00\x00\x00\x00\x00\x00\x00\x00\x00\x00\x00\x00\x00\x00\x00\x00\x00\x00\x00\x00\x00\x00\x00\x00\x00\x00\x00\x00\x00\x00\x00\x00\x00\x00')
2026-09-17 16:25:47,235 LT1-thread root DEBUG gap.py                    1168  gap_read_controller_info  : received Header(svc_id=1, op=3, ctrl_index=0, data_len=277) (b'\x19x\xeei\x17\xd0\xd3\x06\x02\x00\x13\x02\x00\x00\x00\x00\x00btp_tester\x00\x00\x00\x00\x00\x00\x00\x00\x00\x00\x00\x00\x00\x00\x00\x00\x00\x00\x00\x00\x00\x00\x00\x00\x00\x00\x00\x00\x00\x00\x00\x00\x00\x00\x00\x00\x00\x00\x00\x00\x00\x00\x00\x00\x00\x00\x00\x00\x00\x00\x00\x00\x00\x00\x00\x00\x00\x00\x00\x00\x00\x00\x00\x00\x00\x00\x00\x00\x00\x00\x00\x00\x00\x00\x00\x00\x00\x00\x00\x00\x00\x00\x00\x00\x00\x00\x00\x00\x00\x00\x00\x00\x00\x00\x00\x00\x00\x00\x00\x00\x00\x00\x00\x00\x00\x00\x00\x00\x00\x00\x00\x00\x00\x00\x00\x00\x00\x00\x00\x00\x00\x00\x00\x00\x00\x00\x00\x00\x00\x00\x00\x00\x00\x00\x00\x00\x00\x00\x00\x00\x00\x00\x00\x00\x00\x00\x00\x00\x00\x00\x00\x00\x00\x00\x00\x00\x00\x00\x00\x00\x00\x00\x00\x00\x00\x00\x00\x00\x00\x00\x00\x00\x00\x00\x00\x00\x00\x00\x00\x00\x00\x00\x00\x00\x00\x00\x00\x00\x00\x00\x00\x00\x00\x00\x00\x00\x00\x00\x00\x00\x00\x00\x00\x00\x00\x00\x00\x00\x00\x00\x00\x00\x00\x00\x00\x00\x00\x00\x00\x00\x00\x00\x00\x00\x00\x00\x00\x00\x00\x00\x00\x00\x00\x00\x00\x00\x00\x00\x00\x00\x00\x00\x00\x00\x00\x00\x00\x00\x00\x00',)
2026-09-17 16:25:47,235 LT1-thread root DEBUG gap.py                    1189  gap_read_controller_info  : IUT address 'd01769ee7819' 'public'
2026-09-17 16:25:47,235 LT1-thread root DEBUG gap.py                    594   __gap_current_settings_update : 531
2026-09-17 16:25:47,236 LT1-thread root DEBUG testcase.py               254   start                     : Starting test function: class=<class 'autopts.ptsprojects.testcase.TestFunc'>, func=<function test_cases.<locals>.<lambda> at 0x00000203DCC65BC0> start_wid=None stop_wid=None post_wid=None skip_call=None call_count=210 args=() kwds={}
2026-09-17 16:25:47,236 LT1-thread root DEBUG testcase.py               266   start                     : Test function parameters: args=(), kwds={}
2026-09-17 16:25:47,245 LT1-thread root DEBUG testcase.py               254   start                     : Starting test function: class=<class 'autopts.ptsprojects.testcase.TestFunc'>, func=<function test_cases.<locals>.<lambda> at 0x00000203DCC65C60> start_wid=None stop_wid=None post_wid=None skip_call=None call_count=210 args=() kwds={}
2026-09-17 16:25:47,245 LT1-thread root DEBUG testcase.py               266   start                     : Test function parameters: args=(), kwds={}
2026-09-17 16:25:47,255 LT1-thread root DEBUG testcase.py               254   start                     : Starting test function: class=<class 'autopts.ptsprojects.testcase.TestFunc'>, func=<function test_cases.<locals>.<lambda> at 0x00000203DCC65D00> start_wid=None stop_wid=None post_wid=None skip_call=None call_count=210 args=() kwds={}
2026-09-17 16:25:47,256 LT1-thread root DEBUG testcase.py               266   start                     : Test function parameters: args=(), kwds={}
2026-09-17 16:25:47,266 LT1-thread root DEBUG testcase.py               254   start                     : Starting test function: class=<class 'autopts.ptsprojects.testcase.TestFunc'>, func=<function test_cases.<locals>.<lambda> at 0x00000203DCC65DA0> start_wid=None stop_wid=None post_wid=None skip_call=None call_count=210 args=() kwds={}
2026-09-17 16:25:47,266 LT1-thread root DEBUG testcase.py               266   start                     : Test function parameters: args=(), kwds={}
2026-09-17 16:25:47,276 LT1-thread root DEBUG testcase.py               254   start                     : Starting test function: class=<class 'autopts.ptsprojects.testcase.TestFunc'>, func=<function test_cases.<locals>.<lambda> at 0x00000203DCCF5300> start_wid=None stop_wid=None post_wid=None skip_call=None call_count=210 args=() kwds={}
2026-09-17 16:25:47,276 LT1-thread root DEBUG testcase.py               266   start                     : Test function parameters: args=(), kwds={}
2026-09-17 16:25:47,287 LT1-thread root DEBUG testcase.py               254   start                     : Starting test function: class=<class 'autopts.ptsprojects.testcase.TestFunc'>, func=<function test_cases.<locals>.<lambda> at 0x00000203DCCF53A0> start_wid=None stop_wid=None post_wid=None skip_call=None call_count=210 args=() kwds={}
2026-09-17 16:25:47,287 LT1-thread root DEBUG testcase.py               266   start                     : Test function parameters: args=(), kwds={}
2026-09-17 16:25:47,297 LT1-thread root DEBUG testcase.py               254   start                     : Starting test function: class=<class 'autopts.ptsprojects.testcase.TestFunc'>, func=<function test_cases.<locals>.<lambda> at 0x00000203DCCF5440> start_wid=None stop_wid=None post_wid=None skip_call=None call_count=210 args=() kwds={}
2026-09-17 16:25:47,297 LT1-thread root DEBUG testcase.py               266   start                     : Test function parameters: args=(), kwds={}
2026-09-17 16:25:47,307 LT1-thread root DEBUG testcase.py               254   start                     : Starting test function: class=<class 'autopts.ptsprojects.testcase.TestFunc'>, func=<function test_cases.<locals>.<lambda> at 0x00000203DCCF54E0> start_wid=None stop_wid=None post_wid=None skip_call=None call_count=210 args=() kwds={}
2026-09-17 16:25:47,307 LT1-thread root DEBUG testcase.py               266   start                     : Test function parameters: args=(), kwds={}
2026-09-17 16:25:47,317 LT1-thread root DEBUG testcase.py               254   start                     : Starting test function: class=<class 'autopts.ptsprojects.testcase.TestFunc'>, func=<function test_cases.<locals>.<lambda> at 0x00000203DCCF5580> start_wid=None stop_wid=None post_wid=None skip_call=None call_count=210 args=() kwds={}
2026-09-17 16:25:47,318 LT1-thread root DEBUG testcase.py               266   start                     : Test function parameters: args=(), kwds={}
2026-09-17 16:25:47,327 LT1-thread root DEBUG testcase.py               254   start                     : Starting test function: class=<class 'autopts.ptsprojects.testcase.TestFunc'>, func=<function test_cases.<locals>.<lambda> at 0x00000203DCCF5620> start_wid=None stop_wid=None post_wid=None skip_call=None call_count=210 args=() kwds={}
2026-09-17 16:25:47,328 LT1-thread root DEBUG testcase.py               266   start                     : Test function parameters: args=(), kwds={}
2026-09-17 16:25:47,337 LT1-thread root DEBUG testcase.py               254   start                     : Starting test function: class=<class 'autopts.ptsprojects.testcase.TestFunc'>, func=<function core_reg_svc_gatt at 0x00000203DA228860> start_wid=None stop_wid=None post_wid=None skip_call=None call_count=210 args=() kwds={}
2026-09-17 16:25:47,338 LT1-thread root DEBUG testcase.py               266   start                     : Test function parameters: args=(), kwds={}
2026-09-17 16:25:47,338 LT1-thread root DEBUG btp.py                    117   core_reg_svc_univ         : core_reg_svc_univ: gatt_reg (GATT)
2026-09-17 16:25:47,338 LT1-thread root DEBUG iutctl_common.py          161   send                      : 0 3 255 '2'
2026-09-17 16:25:47,338 LT1-thread root DEBUG iutctl_common.py          166   send                      : sending frame '0003ff010002'
2026-09-17 16:25:47,338 LT1-thread root DEBUG btp.py                    618   core_reg_svc_rsp_succ     : 
2026-09-17 16:25:47,338 LT1-thread root DEBUG iutctl_common.py          339   read                      : 
2026-09-17 16:25:47,377 BTPWorkerThread-5102 (_rx_task) root DEBUG iutctl_common.py          123   read                      : Read 5 bytes
2026-09-17 16:25:47,377 BTPWorkerThread-5102 (_rx_task) root DEBUG iutctl_common.py          131   read                      : Received: hdr: Header(svc_id=0x00, op=0x03, ctrl_index=0xff, data_len=0x00) bytearray(b'\x00\x03\xff\x00\x00')
2026-09-17 16:25:47,383 BTPWorkerThread-5102 (_rx_task) root DEBUG iutctl_common.py          154   read                      : Received data: {''}, bytearray(b'')
2026-09-17 16:25:47,383 LT1-thread root DEBUG btp.py                    629   core_reg_svc_rsp_succ     : received Header(svc_id=0, op=3, ctrl_index=255, data_len=0) (b'',)
2026-09-17 16:25:47,383 LT1-thread root DEBUG btp.py                    630   core_reg_svc_rsp_succ     : expected ((0, 3, 255, 0), (b'',))
2026-09-17 16:25:47,383 LT1-thread root DEBUG btp.py                    635   core_reg_svc_rsp_succ     : response is valid
2026-09-17 16:25:47,384 LT1-thread root DEBUG btp.py                    638   core_reg_svc_rsp_succ     : Reading supported commands for service: GATT
2026-09-17 16:25:47,384 LT1-thread root DEBUG iutctl_common.py          161   send                      : 2 1 255 ''
2026-09-17 16:25:47,384 LT1-thread root DEBUG iutctl_common.py          166   send                      : sending frame '0201ff0000'
2026-09-17 16:25:47,384 LT1-thread root DEBUG iutctl_common.py          339   read                      : 
2026-09-17 16:25:47,426 BTPWorkerThread-5102 (_rx_task) root DEBUG iutctl_common.py          123   read                      : Read 5 bytes
2026-09-17 16:25:47,437 BTPWorkerThread-5102 (_rx_task) root DEBUG iutctl_common.py          131   read                      : Received: hdr: Header(svc_id=0x02, op=0x01, ctrl_index=0xff, data_len=0x05) bytearray(b'\x02\x01\xff\x05\x00')
2026-09-17 16:25:47,455 BTPWorkerThread-5102 (_rx_task) root DEBUG iutctl_common.py          139   read                      : Read 5 bytes data
2026-09-17 16:25:47,465 BTPWorkerThread-5102 (_rx_task) root DEBUG iutctl_common.py          154   read                      : Received data: {'fe fe bf fd 0f'}, bytearray(b'\xfe\xfe\xbf\xfd\x0f')
2026-09-17 16:25:47,481 LT1-thread root DEBUG testcase.py               254   start                     : Starting test function: class=<class 'autopts.ptsprojects.testcase.TestFunc'>, func=<bound method Stack.gatt_init of <autopts.ptsprojects.stack.stack.Stack object at 0x00000203DA34D4F0>> start_wid=None stop_wid=None post_wid=None skip_call=None call_count=210 args=() kwds={}
2026-09-17 16:25:47,481 LT1-thread root DEBUG testcase.py               266   start                     : Test function parameters: args=(), kwds={}
2026-09-17 16:25:47,481 LT1-thread root DEBUG testcase.py               254   start                     : Starting test function: class=<class 'autopts.ptsprojects.testcase.TestFunc'>, func=<function gap_set_io_capability at 0x00000203DA246A20> start_wid=None stop_wid=None post_wid=None skip_call=None call_count=210 args=(4,) kwds={}
2026-09-17 16:25:47,481 LT1-thread root DEBUG testcase.py               266   start                     : Test function parameters: args=(4,), kwds={}
2026-09-17 16:25:47,482 LT1-thread root DEBUG gap.py                    859   gap_set_io_capability     : 4
2026-09-17 16:25:47,482 LT1-thread root DEBUG iutctl_common.py          161   send                      : 1 16 0 '\x04'
2026-09-17 16:25:47,482 LT1-thread root DEBUG iutctl_common.py          166   send                      : sending frame '011000010004'
2026-09-17 16:25:47,482 LT1-thread root DEBUG gap.py                    1227  gap_command_rsp_succ      : 
2026-09-17 16:25:47,482 LT1-thread root DEBUG iutctl_common.py          339   read                      : 
2026-09-17 16:25:47,518 BTPWorkerThread-5102 (_rx_task) root DEBUG iutctl_common.py          123   read                      : Read 5 bytes
2026-09-17 16:25:47,528 BTPWorkerThread-5102 (_rx_task) root DEBUG iutctl_common.py          131   read                      : Received: hdr: Header(svc_id=0x01, op=0x10, ctrl_index=0x00, data_len=0x00) bytearray(b'\x01\x10\x00\x00\x00')
2026-09-17 16:25:47,534 BTPWorkerThread-5102 (_rx_task) root DEBUG iutctl_common.py          154   read                      : Received data: {''}, bytearray(b'')
2026-09-17 16:25:47,540 LT1-thread root DEBUG gap.py                    1232  gap_command_rsp_succ      : received Header(svc_id=1, op=16, ctrl_index=0, data_len=0) (b'',)
2026-09-17 16:25:47,540 LT1-thread root DEBUG testcase.py               254   start                     : Starting test function: class=<class 'autopts.ptsprojects.testcase.TestFunc'>, func=<function gap_set_broadcast_code at 0x00000203DA26CC20> start_wid=None stop_wid=None post_wid=None skip_call=None call_count=210 args=('0102680553F1415AA265BBAFC6EA03B8',) kwds={}
2026-09-17 16:25:47,540 LT1-thread root DEBUG testcase.py               266   start                     : Test function parameters: args=('0102680553F1415AA265BBAFC6EA03B8',), kwds={}
2026-09-17 16:25:47,540 LT1-thread root DEBUG gap.py                    1889  gap_set_broadcast_code    : '0102680553F1415AA265BBAFC6EA03B8'
2026-09-17 16:25:47,540 LT1-thread root DEBUG testcase.py               254   start                     : Starting test function: class=<class 'autopts.ptsprojects.testcase.TestFunc'>, func=<function set_pts_addr at 0x00000203DA2282C0> start_wid=None stop_wid=None post_wid=None skip_call=None call_count=210 args=('00:1B:DC:08:E4:4E', 0) kwds={}
2026-09-17 16:25:47,540 LT1-thread root DEBUG testcase.py               266   start                     : Test function parameters: args=('00:1B:DC:08:E4:4E', 0), kwds={}
2026-09-17 16:25:47,540 LT1-thread root DEBUG testcase.py               254   start                     : Starting test function: class=<class 'autopts.ptsprojects.testcase.TestFunc'>, func=<function gatts_add_svc at 0x00000203DA2722A0> start_wid=None stop_wid=None post_wid=None skip_call=None call_count=169 args=(0, 'AA51') kwds={}
2026-09-17 16:25:47,540 LT1-thread root DEBUG testcase.py               266   start                     : Test function parameters: args=(0, 'AA51'), kwds={}
2026-09-17 16:25:47,540 LT1-thread root DEBUG gatt.py                   143   gatts_add_svc             : 0 'AA51'
2026-09-17 16:25:47,540 LT1-thread root DEBUG iutctl_common.py          161   send                      : 2 2 0 "bytearray(b'\\x00\\x02Q\\xaa')"
2026-09-17 16:25:47,540 LT1-thread root DEBUG iutctl_common.py          166   send                      : sending frame '0202000400000251aa'
2026-09-17 16:25:47,541 LT1-thread root DEBUG gatt.py                   1190  gatt_command_rsp_succ     : 
2026-09-17 16:25:47,541 LT1-thread root DEBUG iutctl_common.py          339   read                      : 
2026-09-17 16:25:47,578 BTPWorkerThread-5102 (_rx_task) root DEBUG iutctl_common.py          123   read                      : Read 5 bytes
2026-09-17 16:25:47,590 BTPWorkerThread-5102 (_rx_task) root DEBUG iutctl_common.py          131   read                      : Received: hdr: Header(svc_id=0x02, op=0x02, ctrl_index=0x00, data_len=0x02) bytearray(b'\x02\x02\x00\x02\x00')
2026-09-17 16:25:47,606 BTPWorkerThread-5102 (_rx_task) root DEBUG iutctl_common.py          139   read                      : Read 2 bytes data
2026-09-17 16:25:47,616 BTPWorkerThread-5102 (_rx_task) root DEBUG iutctl_common.py          154   read                      : Received data: {'00 00'}, bytearray(b'\x00\x00')
2026-09-17 16:25:47,626 LT1-thread root DEBUG gatt.py                   1195  gatt_command_rsp_succ     : received Header(svc_id=2, op=2, ctrl_index=0, data_len=2) (b'\x00\x00',)
2026-09-17 16:25:47,626 LT1-thread root DEBUG testcase.py               254   start                     : Starting test function: class=<class 'autopts.ptsprojects.testcase.TestFunc'>, func=<function gatts_add_char at 0x00000203DA2723E0> start_wid=None stop_wid=None post_wid=None skip_call=None call_count=169 args=(0, 2, 17, 'AA52') kwds={}
2026-09-17 16:25:47,626 LT1-thread root DEBUG testcase.py               266   start                     : Test function parameters: args=(0, 2, 17, 'AA52'), kwds={}
2026-09-17 16:25:47,626 LT1-thread root DEBUG gatt.py                   177   gatts_add_char            : 0 2 17 'AA52'
2026-09-17 16:25:47,627 LT1-thread root DEBUG iutctl_common.py          161   send                      : 2 3 0 "bytearray(b'\\x00\\x00\\x02\\x11\\x02R\\xaa')"
2026-09-17 16:25:47,627 LT1-thread root DEBUG iutctl_common.py          166   send                      : sending frame '0203000700000002110252aa'
2026-09-17 16:25:47,627 LT1-thread root DEBUG gatt.py                   1190  gatt_command_rsp_succ     : 
2026-09-17 16:25:47,627 LT1-thread root DEBUG iutctl_common.py          339   read                      : 
2026-09-17 16:25:47,667 BTPWorkerThread-5102 (_rx_task) root DEBUG iutctl_common.py          123   read                      : Read 5 bytes
2026-09-17 16:25:47,679 BTPWorkerThread-5102 (_rx_task) root DEBUG iutctl_common.py          131   read                      : Received: hdr: Header(svc_id=0x02, op=0x03, ctrl_index=0x00, data_len=0x02) bytearray(b'\x02\x03\x00\x02\x00')
2026-09-17 16:25:47,697 BTPWorkerThread-5102 (_rx_task) root DEBUG iutctl_common.py          139   read                      : Read 2 bytes data
2026-09-17 16:25:47,707 BTPWorkerThread-5102 (_rx_task) root DEBUG iutctl_common.py          154   read                      : Received data: {'00 00'}, bytearray(b'\x00\x00')
2026-09-17 16:25:47,718 LT1-thread root DEBUG gatt.py                   1195  gatt_command_rsp_succ     : received Header(svc_id=2, op=3, ctrl_index=0, data_len=2) (b'\x00\x00',)
2026-09-17 16:25:47,718 LT1-thread root DEBUG testcase.py               254   start                     : Starting test function: class=<class 'autopts.ptsprojects.testcase.TestFunc'>, func=<function gatts_set_val at 0x00000203DA272480> start_wid=None stop_wid=None post_wid=None skip_call=None call_count=169 args=(0, '01') kwds={}
2026-09-17 16:25:47,718 LT1-thread root DEBUG testcase.py               266   start                     : Test function parameters: args=(0, '01'), kwds={}
2026-09-17 16:25:47,718 LT1-thread root DEBUG gatt.py                   209   gatts_set_val             : 0 '01' 
2026-09-17 16:25:47,719 LT1-thread root DEBUG iutctl_common.py          161   send                      : 2 6 0 "bytearray(b'\\x00\\x00\\x01\\x00\\x01')"
2026-09-17 16:25:47,719 LT1-thread root DEBUG iutctl_common.py          166   send                      : sending frame '02060005000000010001'
2026-09-17 16:25:47,719 LT1-thread root DEBUG gatt.py                   1190  gatt_command_rsp_succ     : 
2026-09-17 16:25:47,719 LT1-thread root DEBUG iutctl_common.py          339   read                      : 
2026-09-17 16:25:47,759 BTPWorkerThread-5102 (_rx_task) root DEBUG iutctl_common.py          123   read                      : Read 5 bytes
2026-09-17 16:25:47,764 BTPWorkerThread-5102 (_rx_task) root DEBUG iutctl_common.py          131   read                      : Received: hdr: Header(svc_id=0x02, op=0x06, ctrl_index=0x00, data_len=0x00) bytearray(b'\x02\x06\x00\x00\x00')
2026-09-17 16:25:47,775 BTPWorkerThread-5102 (_rx_task) root DEBUG iutctl_common.py          154   read                      : Received data: {''}, bytearray(b'')
2026-09-17 16:25:47,786 LT1-thread root DEBUG gatt.py                   1195  gatt_command_rsp_succ     : received Header(svc_id=2, op=6, ctrl_index=0, data_len=0) (b'',)
2026-09-17 16:25:47,786 LT1-thread root DEBUG testcase.py               254   start                     : Starting test function: class=<class 'autopts.ptsprojects.testcase.TestFunc'>, func=<function gatts_add_char at 0x00000203DA2723E0> start_wid=None stop_wid=None post_wid=None skip_call=None call_count=169 args=(0, 2, 5, 'AA53') kwds={}
2026-09-17 16:25:47,787 LT1-thread root DEBUG testcase.py               266   start                     : Test function parameters: args=(0, 2, 5, 'AA53'), kwds={}
2026-09-17 16:25:47,787 LT1-thread root DEBUG gatt.py                   177   gatts_add_char            : 0 2 5 'AA53'
2026-09-17 16:25:47,787 LT1-thread root DEBUG iutctl_common.py          161   send                      : 2 3 0 "bytearray(b'\\x00\\x00\\x02\\x05\\x02S\\xaa')"
2026-09-17 16:25:47,787 LT1-thread root DEBUG iutctl_common.py          166   send                      : sending frame '0203000700000002050253aa'
2026-09-17 16:25:47,787 LT1-thread root DEBUG gatt.py                   1190  gatt_command_rsp_succ     : 
2026-09-17 16:25:47,787 LT1-thread root DEBUG iutctl_common.py          339   read                      : 
2026-09-17 16:25:47,825 BTPWorkerThread-5102 (_rx_task) root DEBUG iutctl_common.py          123   read                      : Read 5 bytes
2026-09-17 16:25:47,835 BTPWorkerThread-5102 (_rx_task) root DEBUG iutctl_common.py          131   read                      : Received: hdr: Header(svc_id=0x02, op=0x03, ctrl_index=0x00, data_len=0x02) bytearray(b'\x02\x03\x00\x02\x00')
2026-09-17 16:25:47,845 BTPWorkerThread-5102 (_rx_task) root DEBUG iutctl_common.py          139   read                      : Read 2 bytes data
2026-09-17 16:25:47,857 BTPWorkerThread-5102 (_rx_task) root DEBUG iutctl_common.py          154   read                      : Received data: {'00 00'}, bytearray(b'\x00\x00')
2026-09-17 16:25:47,873 LT1-thread root DEBUG gatt.py                   1195  gatt_command_rsp_succ     : received Header(svc_id=2, op=3, ctrl_index=0, data_len=2) (b'\x00\x00',)
2026-09-17 16:25:47,873 LT1-thread root DEBUG testcase.py               254   start                     : Starting test function: class=<class 'autopts.ptsprojects.testcase.TestFunc'>, func=<function gatts_set_val at 0x00000203DA272480> start_wid=None stop_wid=None post_wid=None skip_call=None call_count=169 args=(0, '02') kwds={}
2026-09-17 16:25:47,873 LT1-thread root DEBUG testcase.py               266   start                     : Test function parameters: args=(0, '02'), kwds={}
2026-09-17 16:25:47,873 LT1-thread root DEBUG gatt.py                   209   gatts_set_val             : 0 '02' 
2026-09-17 16:25:47,874 LT1-thread root DEBUG iutctl_common.py          161   send                      : 2 6 0 "bytearray(b'\\x00\\x00\\x01\\x00\\x02')"
2026-09-17 16:25:47,874 LT1-thread root DEBUG iutctl_common.py          166   send                      : sending frame '02060005000000010002'
2026-09-17 16:25:47,874 LT1-thread root DEBUG gatt.py                   1190  gatt_command_rsp_succ     : 
2026-09-17 16:25:47,874 LT1-thread root DEBUG iutctl_common.py          339   read                      : 
2026-09-17 16:25:47,911 BTPWorkerThread-5102 (_rx_task) root DEBUG iutctl_common.py          123   read                      : Read 5 bytes
2026-09-17 16:25:47,916 BTPWorkerThread-5102 (_rx_task) root DEBUG iutctl_common.py          131   read                      : Received: hdr: Header(svc_id=0x02, op=0x06, ctrl_index=0x00, data_len=0x00) bytearray(b'\x02\x06\x00\x00\x00')
2026-09-17 16:25:47,921 BTPWorkerThread-5102 (_rx_task) root DEBUG iutctl_common.py          154   read                      : Received data: {''}, bytearray(b'')
2026-09-17 16:25:47,921 LT1-thread root DEBUG gatt.py                   1195  gatt_command_rsp_succ     : received Header(svc_id=2, op=6, ctrl_index=0, data_len=0) (b'',)
2026-09-17 16:25:47,921 LT1-thread root DEBUG testcase.py               254   start                     : Starting test function: class=<class 'autopts.ptsprojects.testcase.TestFunc'>, func=<function gatts_add_char at 0x00000203DA2723E0> start_wid=None stop_wid=None post_wid=None skip_call=None call_count=169 args=(0, 10, 48, 'AA55') kwds={}
2026-09-17 16:25:47,921 LT1-thread root DEBUG testcase.py               266   start                     : Test function parameters: args=(0, 10, 48, 'AA55'), kwds={}
2026-09-17 16:25:47,922 LT1-thread root DEBUG gatt.py                   177   gatts_add_char            : 0 10 48 'AA55'
2026-09-17 16:25:47,922 LT1-thread root DEBUG iutctl_common.py          161   send                      : 2 3 0 "bytearray(b'\\x00\\x00\\n0\\x02U\\xaa')"
2026-09-17 16:25:47,922 LT1-thread root DEBUG iutctl_common.py          166   send                      : sending frame '020300070000000a300255aa'
2026-09-17 16:25:47,922 LT1-thread root DEBUG gatt.py                   1190  gatt_command_rsp_succ     : 
2026-09-17 16:25:47,922 LT1-thread root DEBUG iutctl_common.py          339   read                      : 
2026-09-17 16:25:47,967 BTPWorkerThread-5102 (_rx_task) root DEBUG iutctl_common.py          123   read                      : Read 5 bytes
2026-09-17 16:25:47,978 BTPWorkerThread-5102 (_rx_task) root DEBUG iutctl_common.py          131   read                      : Received: hdr: Header(svc_id=0x02, op=0x03, ctrl_index=0x00, data_len=0x02) bytearray(b'\x02\x03\x00\x02\x00')
2026-09-17 16:25:47,998 BTPWorkerThread-5102 (_rx_task) root DEBUG iutctl_common.py          139   read                      : Read 2 bytes data
2026-09-17 16:25:48,010 BTPWorkerThread-5102 (_rx_task) root DEBUG iutctl_common.py          154   read                      : Received data: {'00 00'}, bytearray(b'\x00\x00')
2026-09-17 16:25:48,026 LT1-thread root DEBUG gatt.py                   1195  gatt_command_rsp_succ     : received Header(svc_id=2, op=3, ctrl_index=0, data_len=2) (b'\x00\x00',)
2026-09-17 16:25:48,026 LT1-thread root DEBUG testcase.py               254   start                     : Starting test function: class=<class 'autopts.ptsprojects.testcase.TestFunc'>, func=<function gatts_set_val at 0x00000203DA272480> start_wid=None stop_wid=None post_wid=None skip_call=None call_count=169 args=(0, '04') kwds={}
2026-09-17 16:25:48,026 LT1-thread root DEBUG testcase.py               266   start                     : Test function parameters: args=(0, '04'), kwds={}
2026-09-17 16:25:48,026 LT1-thread root DEBUG gatt.py                   209   gatts_set_val             : 0 '04' 
2026-09-17 16:25:48,026 LT1-thread root DEBUG iutctl_common.py          161   send                      : 2 6 0 "bytearray(b'\\x00\\x00\\x01\\x00\\x04')"
2026-09-17 16:25:48,026 LT1-thread root DEBUG iutctl_common.py          166   send                      : sending frame '02060005000000010004'
2026-09-17 16:25:48,026 LT1-thread root DEBUG gatt.py                   1190  gatt_command_rsp_succ     : 
2026-09-17 16:25:48,026 LT1-thread root DEBUG iutctl_common.py          339   read                      : 
2026-09-17 16:25:48,064 BTPWorkerThread-5102 (_rx_task) root DEBUG iutctl_common.py          123   read                      : Read 5 bytes
2026-09-17 16:25:48,075 BTPWorkerThread-5102 (_rx_task) root DEBUG iutctl_common.py          131   read                      : Received: hdr: Header(svc_id=0x02, op=0x06, ctrl_index=0x00, data_len=0x00) bytearray(b'\x02\x06\x00\x00\x00')
2026-09-17 16:25:48,075 BTPWorkerThread-5102 (_rx_task) root DEBUG iutctl_common.py          154   read                      : Received data: {''}, bytearray(b'')
2026-09-17 16:25:48,086 LT1-thread root DEBUG gatt.py                   1195  gatt_command_rsp_succ     : received Header(svc_id=2, op=6, ctrl_index=0, data_len=0) (b'',)
2026-09-17 16:25:48,086 LT1-thread root DEBUG testcase.py               254   start                     : Starting test function: class=<class 'autopts.ptsprojects.testcase.TestFunc'>, func=<function gatts_start_server at 0x00000203DA272700> start_wid=None stop_wid=None post_wid=None skip_call=None call_count=169 args=() kwds={}
2026-09-17 16:25:48,086 LT1-thread root DEBUG testcase.py               266   start                     : Test function parameters: args=(), kwds={}
2026-09-17 16:25:48,087 LT1-thread root DEBUG gatt.py                   306   gatts_start_server        : 
2026-09-17 16:25:48,087 LT1-thread root DEBUG iutctl_common.py          161   send                      : 2 7 0 ''
2026-09-17 16:25:48,087 LT1-thread root DEBUG iutctl_common.py          166   send                      : sending frame '0207000000'
2026-09-17 16:25:48,087 LT1-thread root DEBUG gatt.py                   1190  gatt_command_rsp_succ     : 
2026-09-17 16:25:48,088 LT1-thread root DEBUG iutctl_common.py          339   read                      : 
2026-09-17 16:25:48,130 BTPWorkerThread-5102 (_rx_task) root DEBUG iutctl_common.py          123   read                      : Read 5 bytes
2026-09-17 16:25:48,141 BTPWorkerThread-5102 (_rx_task) root DEBUG iutctl_common.py          131   read                      : Received: hdr: Header(svc_id=0x02, op=0x07, ctrl_index=0x00, data_len=0x03) bytearray(b'\x02\x07\x00\x03\x00')
2026-09-17 16:25:48,151 BTPWorkerThread-5102 (_rx_task) root DEBUG iutctl_common.py          139   read                      : Read 3 bytes data
2026-09-17 16:25:48,161 BTPWorkerThread-5102 (_rx_task) root DEBUG iutctl_common.py          154   read                      : Received data: {'00 00 00'}, bytearray(b'\x00\x00\x00')
2026-09-17 16:25:48,167 LT1-thread root DEBUG gatt.py                   1195  gatt_command_rsp_succ     : received Header(svc_id=2, op=7, ctrl_index=0, data_len=3) (b'\x00\x00\x00',)
2026-09-17 16:25:48,169 LT1-thread root DEBUG client.py                 276   get_result                : ClientCallback.get_result run_test_case
2026-09-17 16:25:53,061 LT1-callback ClientCallback.log INFO client.py                 200   log                       : PTS_LOGTYPE_START_TEST Start Test Case 

+141 ms
 GAP/DM/LEP/BV-06-C GAP/DM/LEP/BV-06-C

2026-09-17 16:25:53,283 LT1-callback ClientCallback.log INFO client.py                 200   log                       : PTS_LOGTYPE_FINAL_VERDICT Final Verdict 

+3969 ms
 GAP/DM/LEP/BV-06-C INDCSV

2026-09-17 16:25:53,288 LT1-callback ClientCallback.log INFO client.py                 200   log                       : PTS_LOGTYPE_FINAL_VERDICT Encrypted Verdict 

+3969 ms
 GAP/DM/LEP/BV-06-C A1#ZWY4MzQ5MDg3MmQwNTIxOGQzMzQ5YjY2ODA5M2MzNjQ5ZDY4NmY0Yjc2MzIzM2VkNTUyNTFhNGU4Mjg1MjI0NA==#ZtVDbgy8SUnBSgWqpdBVCeqd1as2o2MSI2Jv4i8gm/y1frQByFpZLYsciyoEF2TC

2026-09-17 16:25:53,292 LT1-callback ClientCallback.log INFO client.py                 200   log                       : PTS_LOGTYPE_END_TEST Test Case Ended 

+3969 ms
 GAP/DM/LEP/BV-06-C GAP/DM/LEP/BV-06-C

2026-09-17 16:25:53,389 LT1-callback root DEBUG client.py                 261   set_result                : ClientCallback, set_result, run_test_case, INDCSV
2026-09-17 16:25:53,389 LT1-thread root DEBUG client.py                 1186  _run_test_case            : After run_test_case error_code=0 status='INDCSV'
2026-09-17 16:25:53,390 LT1-thread root DEBUG testcase.py               766   post_run                  : post_run GAP GAP/DM/LEP/BV-06-C 0
2026-09-17 16:25:53,390 MainThread root DEBUG client.py                 1313  run_test_case             : Interrupting GAP GAP/DM/LEP/BV-06-C test case of thread LT1-thread
2026-09-17 16:25:53,390 LT1-thread root DEBUG testcase.py               254   start                     : Starting test function: class=<class 'autopts.ptsprojects.testcase.TestFuncCleanUp'>, func=<bound method ZTestCase._test_case_cleanup of <autopts.ptsprojects.zephyr.ztestcase.ZTestCase object at 0x00000203DCD3EC60>> start_wid=None stop_wid=None post_wid=None skip_call=None call_count=1 args=() kwds={}
2026-09-17 16:25:53,390 LT1-thread root DEBUG testcase.py               266   start                     : Test function parameters: args=(), kwds={}
2026-09-17 16:25:53,390 LT1-thread root DEBUG iutctl.py                 415   stop                      : <class 'autopts.ptsprojects.zephyr.iutctl.create_zephyr_ctl_class.<locals>.ZephyrCtl'>.stop
2026-09-17 16:25:53,390 LT1-thread root DEBUG __init__.py               51    reset                     : About to reset DUT: JLink -CommandFile reset.jlink -usb 1063214216 -device MIMXRT1176XXXA_M7
2026-09-17 16:25:53,700 BTPWorkerThread-5102 (_rx_task) root DEBUG iutctl_common.py          123   read                      : Read 5 bytes
2026-09-17 16:25:53,701 BTPWorkerThread-5102 (_rx_task) root DEBUG iutctl_common.py          131   read                      : Received: hdr: Header(svc_id=0x00, op=0x80, ctrl_index=0xff, data_len=0x00) bytearray(b'\x00\x80\xff\x00\x00')
2026-09-17 16:25:53,701 BTPWorkerThread-5102 (_rx_task) root DEBUG iutctl_common.py          154   read                      : Received data: {''}, bytearray(b'')
2026-09-17 16:25:53,701 BTPWorkerThread-5102 (_rx_task) root DEBUG btp.py                    700   event_handler             : Header(svc_id=0, op=128, ctrl_index=255, data_len=0) (b'',)
2026-09-17 16:25:53,701 BTPWorkerThread-5102 (_rx_task) root DEBUG core.py                   23    core_iut_ready_ev         : 
2026-09-17 16:25:53,771 LT1-thread root DEBUG iutctl.py                 436   _stop_tty_mode            : IUT ready event received OK
2026-09-17 16:25:53,771 LT1-thread root DEBUG iutctl_common.py          416   close                     : Waiting for _rx_worker to finish ...
2026-09-17 16:25:54,701 BTPWorkerThread-5102 (_rx_task) root DEBUG iutctl_common.py          332   _rx_task                  : BTPWorkerThread-5102 (_rx_task) finishing...
2026-09-17 16:25:57,709 LT1-thread root DEBUG testcase.py               794   post_run                  : post_run, cleanup running post test case script
2026-09-17 16:25:57,709 LT1-thread root DEBUG testcase.py               802   post_run                  : post_run, run post test case script
2026-09-17 16:25:57,785 LT1-thread root DEBUG client.py                 1220  _run_test_case            : Done TestCase _run_test_case GAP GAP/DM/LEP/BV-06-C
