21:46:37:370    > BTP_CORE_CMD_READ_SUPPORTED_SERVICES (0x00|0x02|0xff)
                  raw data (0): 00 02 ff 00 00|
21:46:37:396    < BTP_CORE_CMD_READ_SUPPORTED_SERVICES (0x00|0x02|0xff)
                  raw data (6): 00 02 ff 06 00|0f 00 00 a0 ff 03
21:46:37:413    > BTP_CORE_CMD_REGISTER_SERVICE (0x00|0x03|0xff)
                  raw data (1): 00 03 ff 01 00|01
21:46:41:536    < BTP_CORE_CMD_REGISTER_SERVICE (0x00|0x03|0xff)
                  raw data (0): 00 03 ff 00 00|
21:46:41:541    > BTP_GAP_CMD_READ_SUPPORTED_COMMANDS (0x01|0x01|0xff)
                  raw data (0): 01 01 ff 00 00|
21:46:41:595    < BTP_GAP_CMD_READ_SUPPORTED_COMMANDS (0x01|0x01|0xff)
                  raw data (7): 01 01 ff 07 00|6e ff 7f 1f fe ff 2e
21:46:41:606    > BTP_GAP_CMD_READ_CONTROLLER_INFO (0x01|0x03|0x00)
                  raw data (0): 01 03 00 00 00|
21:46:41:673    < BTP_GAP_CMD_READ_CONTROLLER_INFO (0x01|0x03|0x00)
                  raw data (277): 
                  01 03 00 15 01|19 78 ee 69 17 d0 d3 06 02 00 13 
                  02 00 00 00 00 00 62 74 70 5f 74 65 73 74 65 72 
                  00 00 00 00 00 00 00 00 00 00 00 00 00 00 00 00 
                  00 00 00 00 00 00 00 00 00 00 00 00 00 00 00 00 
                  00 00 00 00 00 00 00 00 00 00 00 00 00 00 00 00 
                  00 00 00 00 00 00 00 00 00 00 00 00 00 00 00 00 
                  00 00 00 00 00 00 00 00 00 00 00 00 00 00 00 00 
                  00 00 00 00 00 00 00 00 00 00 00 00 00 00 00 00 
                  00 00 00 00 00 00 00 00 00 00 00 00 00 00 00 00 
                  00 00 00 00 00 00 00 00 00 00 00 00 00 00 00 00 
                  00 00 00 00 00 00 00 00 00 00 00 00 00 00 00 00 
                  00 00 00 00 00 00 00 00 00 00 00 00 00 00 00 00 
                  00 00 00 00 00 00 00 00 00 00 00 00 00 00 00 00 
                  00 00 00 00 00 00 00 00 00 00 00 00 00 00 00 00 
                  00 00 00 00 00 00 00 00 00 00 00 00 00 00 00 00 
                  00 00 00 00 00 00 00 00 00 00 00 00 00 00 00 00 
                  00 00 00 00 00 00 00 00 00 00 00 00 00 00 00 00 
                  00 00 00 00 00 00 00 00 00 00
21:46:41:689    > BTP_CORE_CMD_REGISTER_SERVICE (0x00|0x03|0xff)
                  raw data (37): 00 03 ff 01 00|25
21:46:41:744    < BTP_CORE_CMD_REGISTER_SERVICE (0x00|0x03|0xff)
                  raw data (0): 00 03 ff 00 00|
21:46:41:755    > BTP_AVRCP_CMD_READ_SUPPORTED_COMMANDS (0x25|0x01|0xff)
                  raw data (0): 25 01 ff 00 00|
21:46:41:821    < BTP_AVRCP_CMD_READ_SUPPORTED_COMMANDS (0x25|0x01|0xff)
                  raw data (5): 25 01 ff 05 00|fe ff ff ff 1f
21:46:45:825    > BTP_GAP_CMD_SET_DISCOVERABLE (0x01|0x08|0x00)
                  raw data (1): 01 08 00 01 00|01
21:46:45:897    < BTP_GAP_CMD_SET_DISCOVERABLE (0x01|0x08|0x00)
                  raw data (4): 01 08 00 04 00|1b 02 00 00
21:46:45:902    > BTP_GAP_CMD_START_ADVERTISING (0x01|0x0a|0x00)
                  raw data (22): 
                  01 0a 00 16 00|0f 00 09 0d 54 65 73 74 65 72 5f 
                  30 38 45 34 34 45 ff ff ff ff 00
21:46:45:940    < BTP_GAP_CMD_START_ADVERTISING (0x01|0x0a|0x00)
                  raw data (4): 01 0a 00 04 00|1b 06 00 00
21:46:48:544    < BTP_GAP_EV_DEVICE_CONNECTED (0x01|0x82|0x00)
                  raw data (13): 
                  01 82 00 0d 00|e0 4e e4 08 dc 1b 00 00 00 00 00 
                  00 00
21:46:48:545    < BTP_GAP_EV_NEW_SETTINGS (0x01|0x80|0x00)
                  raw data (4): 01 80 00 04 00|1b 02 00 00
21:46:48:944    > BTP_AVRCP_CMD_CONTROL_CONNECT (0x25|0x02|0x00)
                  raw data (7): 25 02 00 07 00|e0 4e e4 08 dc 1b 00
21:46:48:999    < BTP_AVRCP_CMD_CONTROL_CONNECT (0x25|0x02|0x00)
                  raw data (0): 25 02 00 00 00|
21:46:50:520    < BTP_GAP_EV_ENCRYPTION_CHANGE (0x01|0x91|0x00)
                  raw data (9): 01 91 00 09 00|e0 4e e4 08 dc 1b 00 01 10
21:46:50:521    < BTP_GAP_EV_SEC_LEVEL_CHANGED (0x01|0x89|0x00)
                  raw data (8): 01 89 00 08 00|e0 4e e4 08 dc 1b 00 02
21:46:50:542    < BTP_AVRCP_EV_CONTROL_CONNECTED (0x25|0x80|0x00)
                  raw data (7): 25 80 00 07 00|e0 4e e4 08 dc 1b 00
21:46:50:542    < BTP_AVRCP_EV_CONTROL_CONNECTED (0x25|0x80|0x00)
                  raw data (7): 25 80 00 07 00|e0 4e e4 08 dc 1b 00
21:46:51:611    > BTP_AVRCP_CMD_BROWSING_CONNECT (0x25|0x04|0x00)
                  raw data (7): 25 04 00 07 00|e0 4e e4 08 dc 1b 00
21:46:51:666    < BTP_AVRCP_CMD_BROWSING_CONNECT (0x25|0x04|0x00)
                  raw data (0): 25 04 00 00 00|
21:46:51:671    < BTP_AVRCP_EV_BROWSING_CONNECTED (0x25|0x82|0x00)
                  raw data (7): 25 82 00 07 00|e0 4e e4 08 dc 1b 00
21:46:51:672    < BTP_AVRCP_EV_BROWSING_CONNECTED (0x25|0x82|0x00)
                  raw data (7): 25 82 00 07 00|e0 4e e4 08 dc 1b 00
21:46:51:682    < BTP_AVRCP_EV_BROWSING_DISCONNECTED (0x25|0x83|0x00)
                  raw data (7): 25 83 00 07 00|e0 4e e4 08 dc 1b 00
21:46:51:683    < BTP_AVRCP_EV_BROWSING_DISCONNECTED (0x25|0x83|0x00)
                  raw data (7): 25 83 00 07 00|e0 4e e4 08 dc 1b 00
21:46:51:694    < BTP_AVRCP_EV_BROWSING_CONNECTED (0x25|0x82|0x00)
                  raw data (7): 25 82 00 07 00|e0 4e e4 08 dc 1b 00
21:46:51:704    < BTP_AVRCP_EV_BROWSING_CONNECTED (0x25|0x82|0x00)
                  raw data (7): 25 82 00 07 00|e0 4e e4 08 dc 1b 00
21:46:52:705    < BTP_AVRCP_EV_CONTROL_DISCONNECTED (0x25|0x81|0x00)
                  raw data (7): 25 81 00 07 00|e0 4e e4 08 dc 1b 00
21:46:52:706    < BTP_AVRCP_EV_CONTROL_DISCONNECTED (0x25|0x81|0x00)
                  raw data (7): 25 81 00 07 00|e0 12 d8 1b 60 a1 76
21:46:59:576    < BTP_CORE_EV_IUT_READY (0x00|0x80|0xff)
                  raw data (0): 00 80 ff 00 00|
