08:31:27:211    > BTP_CORE_CMD_READ_SUPPORTED_SERVICES (0x00|0x02|0xff)
                  raw data (0): 00 02 ff 00 00|
08:31:27:248    < BTP_CORE_CMD_READ_SUPPORTED_SERVICES (0x00|0x02|0xff)
                  raw data (6): 00 02 ff 06 00|0f 00 00 a0 ff 03
08:31:27:253    > BTP_CORE_CMD_REGISTER_SERVICE (0x00|0x03|0xff)
                  raw data (1): 00 03 ff 01 00|01
08:31:31:373    < BTP_CORE_CMD_REGISTER_SERVICE (0x00|0x03|0xff)
                  raw data (0): 00 03 ff 00 00|
08:31:31:379    > BTP_GAP_CMD_READ_SUPPORTED_COMMANDS (0x01|0x01|0xff)
                  raw data (0): 01 01 ff 00 00|
08:31:31:427    < BTP_GAP_CMD_READ_SUPPORTED_COMMANDS (0x01|0x01|0xff)
                  raw data (7): 01 01 ff 07 00|6e ff 7f 1f fe ff 2e
08:31:31:432    > BTP_GAP_CMD_READ_CONTROLLER_INFO (0x01|0x03|0x00)
                  raw data (0): 01 03 00 00 00|
08:31:31:485    < BTP_GAP_CMD_READ_CONTROLLER_INFO (0x01|0x03|0x00)
                  raw data (277): 
                  01 03 00 15 01|19 78 ee 69 17 d0 d3 06 02 00 13 
                  02 00 00 00 00 00 62 74 70 5f 74 65 73 74 65 72 
                  00 00 00 00 00 00 00 00 00 00 00 00 00 00 00 00 
                  00 00 00 00 00 00 00 00 00 00 00 00 00 00 00 00 
                  00 00 00 00 00 00 00 00 00 00 00 00 00 00 00 00 
                  00 00 00 00 00 00 00 00 00 00 00 00 00 00 00 00 
                  00 00 00 00 00 00 00 00 00 00 00 00 00 00 00 00 
                  00 00 00 00 00 00 00 00 00 00 00 00 00 00 00 00 
                  00 00 00 00 00 00 00 00 00 00 00 00 00 00 00 00 
                  00 00 00 00 00 00 00 00 00 00 00 00 00 00 00 00 
                  00 00 00 00 00 00 00 00 00 00 00 00 00 00 00 00 
                  00 00 00 00 00 00 00 00 00 00 00 00 00 00 00 00 
                  00 00 00 00 00 00 00 00 00 00 00 00 00 00 00 00 
                  00 00 00 00 00 00 00 00 00 00 00 00 00 00 00 00 
                  00 00 00 00 00 00 00 00 00 00 00 00 00 00 00 00 
                  00 00 00 00 00 00 00 00 00 00 00 00 00 00 00 00 
                  00 00 00 00 00 00 00 00 00 00 00 00 00 00 00 00 
                  00 00 00 00 00 00 00 00 00 00
08:31:31:495    > BTP_CORE_CMD_REGISTER_SERVICE (0x00|0x03|0xff)
                  raw data (41): 00 03 ff 01 00|29
08:31:31:558    < BTP_CORE_CMD_REGISTER_SERVICE (0x00|0x03|0xff)
                  raw data (0): 00 03 ff 00 00|
08:31:31:570    > BTP_MAP_CMD_READ_SUPPORTED_COMMANDS (0x29|0x01|0xff)
                  raw data (0): 29 01 ff 00 00|
08:31:31:647    < BTP_MAP_CMD_READ_SUPPORTED_COMMANDS (0x29|0x01|0xff)
                  raw data (7): 29 01 ff 07 00|fe ff ff ff ff ff 7f
08:31:34:651    > BTP_GAP_CMD_SET_DISCOVERABLE (0x01|0x08|0x00)
                  raw data (1): 01 08 00 01 00|01
08:31:34:748    < BTP_GAP_CMD_SET_DISCOVERABLE (0x01|0x08|0x00)
                  raw data (4): 01 08 00 04 00|1b 02 00 00
08:31:36:094    < BTP_GAP_EV_DEVICE_CONNECTED (0x01|0x82|0x00)
                  raw data (13): 
                  01 82 00 0d 00|e0 4e e4 08 dc 1b 00 00 00 00 00 
                  00 00
08:31:36:094    < BTP_GAP_EV_NEW_SETTINGS (0x01|0x80|0x00)
                  raw data (4): 01 80 00 04 00|1b 02 00 00
08:31:37:850    < BTP_GAP_EV_ENCRYPTION_CHANGE (0x01|0x91|0x00)
                  raw data (9): 01 91 00 09 00|e0 4e e4 08 dc 1b 00 01 10
08:31:37:850    < BTP_GAP_EV_SEC_LEVEL_CHANGED (0x01|0x89|0x00)
                  raw data (8): 01 89 00 08 00|e0 4e e4 08 dc 1b 00 02
08:31:37:861    < BTP_MAP_EV_MSE_MAS_L2CAP_CONNECTED (0x29|0x9e|0x00)
                  raw data (8): 29 9e 00 08 00|e0 4e e4 08 dc 1b 00 00
08:31:37:967    < BTP_MAP_EV_MSE_MAS_CONNECT (0x29|0xa0|0x00)
                  raw data (41): 
                  29 a0 00 29 00|e0 4e e4 08 dc 1b 00 00 10 ff 00 
                  1c 00 46 00 13 bb 58 2b 40 42 0c 11 db b0 de 08 
                  00 20 0c 9a 66 4c 00 09 29 04 00 7f ff ff
08:31:37:968    > BTP_MAP_CMD_MSE_MAS_CONNECT (0x29|0x1e|0x00)
                  raw data (9): 29 1e 00 09 00|e0 4e e4 08 dc 1b 00 00 a0
08:31:38:026    < BTP_MAP_CMD_MSE_MAS_CONNECT (0x29|0x1e|0x00)
                  raw data (0): 29 1e 00 00 00|
08:31:38:028    < BTP_MAP_EV_MSE_MAS_SET_FOLDER (0x29|0xa4|0x00)
                  raw data (19): 
                  29 a4 00 13 00|e0 4e e4 08 dc 1b 00 00 02 08 00 
                  01 00 03 cb 00 00 00 04
08:31:38:031    > BTP_MAP_CMD_MSE_MAS_SET_FOLDER (0x29|0x21|0x00)
                  raw data (11): 29 21 00 0b 00|e0 4e e4 08 dc 1b 00 00 a0 00 00
08:31:38:086    < BTP_MAP_CMD_MSE_MAS_SET_FOLDER (0x29|0x21|0x00)
                  raw data (0): 29 21 00 00 00|
08:31:38:091    < BTP_MAP_EV_MSE_MAS_SET_FOLDER (0x29|0xa4|0x00)
                  raw data (35): 
                  29 a4 00 23 00|e0 4e e4 08 dc 1b 00 00 02 18 00 
                  01 00 13 00 74 00 65 00 6c 00 65 00 63 00 6f 00 
                  6d 00 00 cb 00 00 00 04
08:31:38:092    > BTP_MAP_CMD_MSE_MAS_SET_FOLDER (0x29|0x21|0x00)
                  raw data (11): 29 21 00 0b 00|e0 4e e4 08 dc 1b 00 00 a0 00 00
08:31:38:136    < BTP_MAP_CMD_MSE_MAS_SET_FOLDER (0x29|0x21|0x00)
                  raw data (0): 29 21 00 00 00|
08:31:38:137    < BTP_MAP_EV_MSE_MAS_SET_FOLDER (0x29|0xa4|0x00)
                  raw data (27): 
                  29 a4 00 1b 00|e0 4e e4 08 dc 1b 00 00 02 10 00 
                  01 00 0b 00 6d 00 73 00 67 00 00 cb 00 00 00 04
08:31:38:138    > BTP_MAP_CMD_MSE_MAS_SET_FOLDER (0x29|0x21|0x00)
                  raw data (11): 29 21 00 0b 00|e0 4e e4 08 dc 1b 00 00 a0 00 00
08:31:38:165    < BTP_MAP_CMD_MSE_MAS_SET_FOLDER (0x29|0x21|0x00)
                  raw data (0): 29 21 00 00 00|
08:31:38:166    < BTP_MAP_EV_MSE_MAS_GET_MSG_LISTING (0x29|0xa6|0x00)
                  raw data (64): 
                  29 a6 00 40 00|e0 4e e4 08 dc 1b 00 00 01 35 00 
                  01 00 0f 00 69 00 6e 00 62 00 6f 00 78 00 00 42 
                  00 18 78 2d 62 74 2f 4d 41 50 2d 6d 73 67 2d 6c 
                  69 73 74 69 6e 67 00 4c 00 07 01 02 00 00 97 01 
                  cb 00 00 00 04
08:31:38:167    > BTP_MAP_CMD_MSE_MAS_GET_MSG_LISTING (0x29|0x24|0x00)
                  raw data (117): 
                  29 24 00 75 00|e0 4e e4 08 dc 1b 00 00 a0 6a 00 
                  97 01 4c 00 64 0d 01 01 19 14 32 30 32 36 31 30 
                  30 39 54 30 38 33 31 33 38 2b 30 38 30 30 12 02 
                  00 0a 23 20 30 30 30 30 30 30 30 30 30 30 30 30 
                  30 30 30 30 30 30 30 30 30 30 30 30 30 30 30 30 
                  30 30 30 41 1a 20 34 37 38 34 38 34 33 42 45 46 
                  32 33 34 37 33 35 38 32 41 35 34 46 36 41 45 42 
                  31 36 35 35 35 33 49 00 04 30
08:31:38:231    < BTP_MAP_CMD_MSE_MAS_GET_MSG_LISTING (0x29|0x24|0x00)
                  raw data (0): 29 24 00 00 00|
08:31:40:783    < BTP_MAP_EV_MSE_MAS_GET_MSG_LISTING (0x29|0xa6|0x00)
                  raw data (64): 
                  29 a6 00 40 00|e0 4e e4 08 dc 1b 00 00 01 35 00 
                  01 00 0f 00 69 00 6e 00 62 00 6f 00 78 00 00 42 
                  00 18 78 2d 62 74 2f 4d 41 50 2d 6d 73 67 2d 6c 
                  69 73 74 69 6e 67 00 4c 00 07 01 02 00 00 97 01 
                  cb 00 00 00 04
08:31:40:784    > BTP_MAP_CMD_MSE_MAS_GET_MSG_LISTING (0x29|0x24|0x00)
                  raw data (117): 
                  29 24 00 75 00|e0 4e e4 08 dc 1b 00 00 a0 6a 00 
                  97 01 4c 00 64 0d 01 01 19 14 32 30 32 36 31 30 
                  30 39 54 30 38 33 31 34 30 2b 30 38 30 30 12 02 
                  00 0b 23 20 30 30 30 30 30 30 30 30 30 30 30 30 
                  30 30 30 30 30 30 30 30 30 30 30 30 30 30 30 30 
                  30 30 30 42 1a 20 34 37 38 34 38 34 33 42 45 46 
                  32 33 34 37 33 35 38 32 41 35 34 46 36 41 45 42 
                  31 36 35 35 35 33 49 00 04 30
08:31:40:848    < BTP_MAP_CMD_MSE_MAS_GET_MSG_LISTING (0x29|0x24|0x00)
                  raw data (0): 29 24 00 00 00|
08:31:40:850    < BTP_MAP_EV_MSE_MAS_DISCONNECT (0x29|0xa1|0x00)
                  raw data (15): 
                  29 a1 00 0f 00|e0 4e e4 08 dc 1b 00 00 05 00 cb 
                  00 00 00 04
08:31:40:851    > BTP_MAP_CMD_MSE_MAS_DISCONNECT (0x29|0x1f|0x00)
                  raw data (9): 29 1f 00 09 00|e0 4e e4 08 dc 1b 00 00 a0
08:31:40:896    < BTP_MAP_CMD_MSE_MAS_DISCONNECT (0x29|0x1f|0x00)
                  raw data (0): 29 1f 00 00 00|
08:31:40:897    < BTP_MAP_EV_MSE_MAS_L2CAP_DISCONNECTED (0x29|0x9f|0x00)
                  raw data (8): 29 9f 00 08 00|e0 4e e4 08 dc 1b 00 00
08:31:40:898    < BTP_GAP_EV_DEVICE_DISCONNECTED (0x01|0x83|0x00)
                  raw data (7): 01 83 00 07 00|e0 4e e4 08 dc 1b 00
08:31:44:462    < BTP_CORE_EV_IUT_READY (0x00|0x80|0xff)
                  raw data (0): 00 80 ff 00 00|
