14:35:06:512    > BTP_CORE_CMD_REGISTER_SERVICE (0x00|0x03|0xff)
                  raw data (1): 00 03 ff 01 00|01
14:35:10:598    < BTP_CORE_CMD_REGISTER_SERVICE (0x00|0x03|0xff)
                  raw data (0): 00 03 ff 00 00|
14:35:10:615    > BTP_GAP_CMD_READ_SUPPORTED_COMMANDS (0x01|0x01|0xff)
                  raw data (0): 01 01 ff 00 00|
14:35:10:697    < BTP_GAP_CMD_READ_SUPPORTED_COMMANDS (0x01|0x01|0xff)
                  raw data (7): 01 01 ff 07 00|6e ff 7f 1f fe f7 0e
14:35:10:708    > BTP_GAP_CMD_READ_CONTROLLER_INFO (0x01|0x03|0x00)
                  raw data (0): 01 03 00 00 00|
14:35:10:795    < BTP_GAP_CMD_READ_CONTROLLER_INFO (0x01|0x03|0x00)
                  raw data (277): 
                  01 03 00 15 01|19 78 ee 69 17 d0 d3 06 02 00 13 
                  02 00 00 00 00 00 62 74 70 5f 74 65 73 74 65 72 
                  00 00 00 00 00 00 00 00 00 00 00 00 00 00 00 00 
                  00 00 00 00 00 00 00 00 00 00 00 00 00 00 00 00 
                  00 00 00 00 00 00 00 00 00 00 00 00 00 00 00 00 
                  00 00 00 00 00 00 00 00 00 00 00 00 00 00 00 00 
                  00 00 00 00 00 00 00 00 00 00 00 00 00 00 00 00 
                  00 00 00 00 00 00 00 00 00 00 00 00 00 00 00 00 
                  00 00 00 00 00 00 00 00 00 00 00 00 00 00 00 00 
                  00 00 00 00 00 00 00 00 00 00 00 00 00 00 00 00 
                  00 00 00 00 00 00 00 00 00 00 00 00 00 00 00 00 
                  00 00 00 00 00 00 00 00 00 00 00 00 00 00 00 00 
                  00 00 00 00 00 00 00 00 00 00 00 00 00 00 00 00 
                  00 00 00 00 00 00 00 00 00 00 00 00 00 00 00 00 
                  00 00 00 00 00 00 00 00 00 00 00 00 00 00 00 00 
                  00 00 00 00 00 00 00 00 00 00 00 00 00 00 00 00 
                  00 00 00 00 00 00 00 00 00 00 00 00 00 00 00 00 
                  00 00 00 00 00 00 00 00 00 00
14:35:10:811    > BTP_GAP_CMD_SET_DISCOVERABLE (0x01|0x08|0x00)
                  raw data (1): 01 08 00 01 00|01
14:35:10:913    < BTP_GAP_CMD_SET_DISCOVERABLE (0x01|0x08|0x00)
                  raw data (4): 01 08 00 04 00|1b 02 00 00
14:35:10:930    > BTP_GAP_CMD_SET_IO_CAP (0x01|0x10|0x00)
                  raw data (1): 01 10 00 01 00|03
14:35:10:988    < BTP_GAP_CMD_SET_IO_CAP (0x01|0x10|0x00)
                  raw data (0): 01 10 00 00 00|
14:35:10:999    > BTP_CORE_CMD_REGISTER_SERVICE (0x00|0x03|0xff)
                  raw data (34): 00 03 ff 01 00|22
14:35:11:065    < BTP_CORE_CMD_REGISTER_SERVICE (0x00|0x03|0xff)
                  raw data (0): 00 03 ff 00 00|
14:35:11:083    > BTP_HFP_AG_CMD_READ_SUPPORTED_COMMANDS (0x22|0x01|0xff)
                  raw data (0): 22 01 ff 00 00|
14:35:11:150    < BTP_HFP_AG_CMD_READ_SUPPORTED_COMMANDS (0x22|0x01|0xff)
                  raw data (5): 22 01 ff 05 00|fe ff ff ff 1f
14:35:11:167    > BTP_HFP_AG_CMD_SET_DEFAULT_INDICATOR_VALUE (0x22|0x21|0x00)
                  raw data (4): 22 21 00 04 00|01 05 00 05
14:35:11:228    < BTP_HFP_AG_CMD_SET_DEFAULT_INDICATOR_VALUE (0x22|0x21|0x00)
                  raw data (0): 22 21 00 00 00|
14:35:11:244    > BTP_HFP_AG_CMD_SET_MEMORY_DIAL_MAPPING (0x22|0x22|0x00)
                  raw data (10): 22 22 00 0a 00|01 07 31 31 32 33 34 35 36 37
14:35:11:302    < BTP_HFP_AG_CMD_SET_MEMORY_DIAL_MAPPING (0x22|0x22|0x00)
                  raw data (0): 22 22 00 00 00|
14:35:11:313    > BTP_HFP_AG_CMD_SET_VOICE_TAG_NUMBER (0x22|0x24|0x00)
                  raw data (8): 22 24 00 08 00|07 31 32 33 34 35 36 37
14:35:11:373    < BTP_HFP_AG_CMD_SET_VOICE_TAG_NUMBER (0x22|0x24|0x00)
                  raw data (0): 22 24 00 00 00|
14:35:14:387    > BTP_GAP_CMD_CONNECT (0x01|0x0e|0x00)
                  raw data (8): 01 0e 00 08 00|e0 4e e4 08 dc 1b 00 00
14:35:14:427    < BTP_GAP_CMD_CONNECT (0x01|0x0e|0x00)
                  raw data (0): 01 0e 00 00 00|
14:35:18:011    < BTP_GAP_EV_DEVICE_CONNECTED (0x01|0x82|0x00)
                  raw data (13): 
                  01 82 00 0d 00|e0 4e e4 08 dc 1b 00 00 00 00 00 
                  00 00
14:35:18:051    > BTP_GAP_CMD_PAIR (0x01|0x11|0x00)
                  raw data (7): 01 11 00 07 00|e0 4e e4 08 dc 1b 00
14:35:18:111    < BTP_GAP_CMD_PAIR (0x01|0x11|0x00)
                  raw data (0): 01 11 00 00 00|
14:35:18:128    > BTP_HFP_AG_CMD_CONNECT (0x22|0x02|0x00)
                  raw data (8): 22 02 00 08 00|e0 4e e4 08 dc 1b 00 01
14:35:18:187    < BTP_HFP_AG_CMD_CONNECT (0x22|0x02|0x00)
                  raw data (0): 22 02 00 00 00|
14:35:19:109    < BTP_GAP_EV_ENCRYPTION_CHANGE (0x01|0x91|0x00)
                  raw data (9): 01 91 00 09 00|e0 4e e4 08 dc 1b 00 01 10
14:35:19:109    < BTP_GAP_EV_SEC_LEVEL_CHANGED (0x01|0x89|0x00)
                  raw data (8): 01 89 00 08 00|e0 4e e4 08 dc 1b 00 02
14:35:19:197    < BTP_HFP_AG_EV_CONNECTED (0x22|0x80|0x00)
                  raw data (7): 22 80 00 07 00|e0 4e e4 08 dc 1b 00
14:35:19:219    < BTP_HFP_AG_EV_VOICE_RECOGNITION (0x22|0x94|0x00)
                  raw data (8): 22 94 00 08 00|e0 4e e4 08 dc 1b 00 01
14:35:19:220    < BTP_HFP_AG_EV_READY_ACCEPT_AUDIO (0x22|0x95|0x00)
                  raw data (7): 22 95 00 07 00|e0 4e e4 08 dc 1b 00
14:35:25:213    > BTP_HFP_AG_CMD_AUDIO_CONNECT (0x22|0x11|0x00)
                  raw data (8): 22 11 00 08 00|e0 4e e4 08 dc 1b 00 01
14:35:25:261    < BTP_HFP_AG_CMD_AUDIO_CONNECT (0x22|0x11|0x00)
                  raw data (0): 22 11 00 00 00|
14:35:25:339    < BTP_HFP_AG_EV_SCO_CONNECTED (0x22|0x82|0x00)
                  raw data (7): 22 82 00 07 00|e0 4e e4 08 dc 1b 00
14:35:26:308    < BTP_HFP_AG_EV_VOICE_RECOGNITION (0x22|0x94|0x00)
                  raw data (8): 22 94 00 08 00|e0 4e e4 08 dc 1b 00 00
14:35:27:272    > BTP_HFP_AG_CMD_AUDIO_DISCONNECT (0x22|0x12|0x00)
                  raw data (7): 22 12 00 07 00|e0 4e e4 08 dc 1b 00
14:35:27:330    < BTP_HFP_AG_CMD_AUDIO_DISCONNECT (0x22|0x12|0x00)
                  raw data (0): 22 12 00 00 00|
14:35:27:336    < BTP_HFP_AG_EV_SCO_DISCONNECTED (0x22|0x83|0x00)
                  raw data (8): 22 83 00 08 00|e0 4e e4 08 dc 1b 00 16
14:35:28:334    > BTP_HFP_AG_CMD_DISCONNECT (0x22|0x03|0x00)
                  raw data (7): 22 03 00 07 00|e0 4e e4 08 dc 1b 00
14:35:28:379    < BTP_HFP_AG_CMD_DISCONNECT (0x22|0x03|0x00)
                  raw data (0): 22 03 00 00 00|
14:35:28:381    < BTP_HFP_AG_EV_DISCONNECTED (0x22|0x81|0x00)
                  raw data (7): 22 81 00 07 00|e0 4e e4 08 dc 1b 00
14:35:29:390    < BTP_GAP_EV_DEVICE_DISCONNECTED (0x01|0x83|0x00)
                  raw data (7): 01 83 00 07 00|e0 4e e4 08 dc 1b 00
14:35:33:249    < BTP_CORE_EV_IUT_READY (0x00|0x80|0xff)
                  raw data (0): 00 80 ff 00 00|
