2026-03-27 14:35:05,097 LT1-thread root DEBUG client.py                 82    logger_log                : Starting TestCase _run_test_case HFP HFP/AG/VRA/BV-04-C
2026-03-27 14:35:05,097 LT1-thread root DEBUG client.py                 82    logger_log                : pre_run HFP HFP/AG/VRA/BV-04-C
2026-03-27 14:35:05,097 LT1-thread root DEBUG client.py                 82    logger_log                : About to run test case HFP HFP/AG/VRA/BV-04-C with commands:
2026-03-27 14:35:05,098 LT1-thread root DEBUG client.py                 82    logger_log                : 0) class=<class 'autopts.ptsprojects.testcase.TestFunc'>, func=<bound method Stack.core_init of <autopts.ptsprojects.stack.stack.Stack object at 0x00000285DC63BA70>> start_wid=None stop_wid=None post_wid=None skip_call=None call_count=0 args=() kwds={}
2026-03-27 14:35:05,098 LT1-thread root DEBUG client.py                 82    logger_log                : 1) class=<class 'autopts.ptsprojects.testcase.TestFunc'>, func=<bound method IutCtl.start of <autopts.ptsprojects.zephyr.iutctl.ZephyrCtl object at 0x00000285DC5B4CB0>> start_wid=None stop_wid=None post_wid=None skip_call=None call_count=0 args=(<autopts.ptsprojects.zephyr.ztestcase.ZTestCase object at 0x00000285DCD1F3B0>,) kwds={}
2026-03-27 14:35:05,098 LT1-thread root DEBUG client.py                 82    logger_log                : 2) class=<class 'autopts.ptsprojects.testcase.TestFunc'>, func=<bound method IutCtl.wait_iut_ready_event of <autopts.ptsprojects.zephyr.iutctl.ZephyrCtl object at 0x00000285DC5B4CB0>> start_wid=None stop_wid=None post_wid=None skip_call=None call_count=0 args=(False,) kwds={}
2026-03-27 14:35:05,098 LT1-thread root DEBUG client.py                 82    logger_log                : 3) class=<class 'autopts.ptsprojects.testcase.TestFunc'>, func=<function core_reg_svc_gap at 0x00000285DA0E3B00> start_wid=None stop_wid=None post_wid=None skip_call=None call_count=73 args=() kwds={}
2026-03-27 14:35:05,098 LT1-thread root DEBUG client.py                 82    logger_log                : 4) class=<class 'autopts.ptsprojects.testcase.TestFunc'>, func=<bound method Stack.gap_init of <autopts.ptsprojects.stack.stack.Stack object at 0x00000285DC63BA70>> start_wid=None stop_wid=None post_wid=None skip_call=None call_count=69 args=(b'Tester_08E44E',) kwds={}
2026-03-27 14:35:05,098 LT1-thread root DEBUG client.py                 82    logger_log                : 5) class=<class 'autopts.ptsprojects.testcase.TestFunc'>, func=<function gap_read_ctrl_info at 0x00000285DA1428E0> start_wid=None stop_wid=None post_wid=None skip_call=None call_count=69 args=() kwds={}
2026-03-27 14:35:05,098 LT1-thread root DEBUG client.py                 82    logger_log                : 6) class=<class 'autopts.ptsprojects.testcase.TestFunc'>, func=<function test_cases.<locals>.<lambda> at 0x00000285DCCB9620> start_wid=None stop_wid=None post_wid=None skip_call=None call_count=69 args=() kwds={}
2026-03-27 14:35:05,098 LT1-thread root DEBUG client.py                 82    logger_log                : 7) class=<class 'autopts.ptsprojects.testcase.TestFunc'>, func=<function set_pts_addr at 0x00000285DA0E36A0> start_wid=None stop_wid=None post_wid=None skip_call=None call_count=69 args=('00:1B:DC:08:E4:4E', 0) kwds={}
2026-03-27 14:35:05,098 LT1-thread root DEBUG client.py                 82    logger_log                : 8) class=<class 'autopts.ptsprojects.testcase.TestFunc'>, func=<function gap_set_conn at 0x00000285DA142200> start_wid=None stop_wid=None post_wid=None skip_call=None call_count=69 args=() kwds={}
2026-03-27 14:35:05,098 LT1-thread root DEBUG client.py                 82    logger_log                : 9) class=<class 'autopts.ptsprojects.testcase.TestFunc'>, func=<function gap_set_gendiscov at 0x00000285DA1423E0> start_wid=None stop_wid=None post_wid=None skip_call=None call_count=69 args=() kwds={}
2026-03-27 14:35:05,099 LT1-thread root DEBUG client.py                 82    logger_log                : 10) class=<class 'autopts.ptsprojects.testcase.TestFunc'>, func=<function gap_set_io_cap at 0x00000285DA141DA0> start_wid=None stop_wid=None post_wid=None skip_call=None call_count=69 args=(3,) kwds={}
2026-03-27 14:35:05,099 LT1-thread root DEBUG client.py                 82    logger_log                : 11) class=<class 'autopts.ptsprojects.testcase.TestFunc'>, func=<function core_reg_svc_hfp_ag at 0x00000285DA109300> start_wid=None stop_wid=None post_wid=None skip_call=None call_count=69 args=() kwds={}
2026-03-27 14:35:05,099 LT1-thread root DEBUG client.py                 82    logger_log                : 12) class=<class 'autopts.ptsprojects.testcase.TestFunc'>, func=<bound method Stack.hfp_ag_init of <autopts.ptsprojects.stack.stack.Stack object at 0x00000285DC63BA70>> start_wid=None stop_wid=None post_wid=None skip_call=None call_count=69 args=() kwds={}
2026-03-27 14:35:05,099 LT1-thread root DEBUG client.py                 82    logger_log                : 13) class=<class 'autopts.ptsprojects.testcase.TestFunc'>, func=<function hfp_ag_set_default_indicator_value at 0x00000285DA283C40> start_wid=None stop_wid=None post_wid=None skip_call=None call_count=69 args=(1, 5, 0, 5) kwds={}
2026-03-27 14:35:05,099 LT1-thread root DEBUG client.py                 82    logger_log                : 14) class=<class 'autopts.ptsprojects.testcase.TestFunc'>, func=<function hfp_ag_set_memory_dial_mapping at 0x00000285DA283CE0> start_wid=None stop_wid=None post_wid=None skip_call=None call_count=69 args=('1', '1234567') kwds={}
2026-03-27 14:35:05,099 LT1-thread root DEBUG client.py                 82    logger_log                : 15) class=<class 'autopts.ptsprojects.testcase.TestFunc'>, func=<function hfp_ag_set_voice_tag_number at 0x00000285DA283E20> start_wid=None stop_wid=None post_wid=None skip_call=None call_count=69 args=('1234567',) kwds={}
2026-03-27 14:35:05,099 LT1-thread root DEBUG client.py                 82    logger_log                : 16) class=<class 'autopts.ptsprojects.testcase.TestFuncCleanUp'>, func=<bound method Stack.cleanup of <autopts.ptsprojects.stack.stack.Stack object at 0x00000285DC63BA70>> start_wid=None stop_wid=None post_wid=None skip_call=None call_count=0 args=() kwds={}
2026-03-27 14:35:05,099 LT1-thread root DEBUG client.py                 82    logger_log                : 17) class=<class 'autopts.ptsprojects.testcase.TestFuncCleanUp'>, func=<bound method ZephyrCtl.stop of <autopts.ptsprojects.zephyr.iutctl.ZephyrCtl object at 0x00000285DC5B4CB0>> start_wid=None stop_wid=None post_wid=None skip_call=None call_count=0 args=() kwds={}
2026-03-27 14:35:05,099 LT1-thread root DEBUG client.py                 82    logger_log                : pre_run, run pre test case script
2026-03-27 14:35:05,126 LT1-thread root DEBUG client.py                 82    logger_log                : Starting test function: class=<class 'autopts.ptsprojects.testcase.TestFunc'>, func=<bound method Stack.core_init of <autopts.ptsprojects.stack.stack.Stack object at 0x00000285DC63BA70>> start_wid=None stop_wid=None post_wid=None skip_call=None call_count=1 args=() kwds={}
2026-03-27 14:35:05,126 LT1-thread root DEBUG client.py                 82    logger_log                : Test function parameters: args=(), kwds={}
2026-03-27 14:35:05,126 LT1-thread root DEBUG client.py                 82    logger_log                : Starting test function: class=<class 'autopts.ptsprojects.testcase.TestFunc'>, func=<bound method IutCtl.start of <autopts.ptsprojects.zephyr.iutctl.ZephyrCtl object at 0x00000285DC5B4CB0>> start_wid=None stop_wid=None post_wid=None skip_call=None call_count=1 args=(<autopts.ptsprojects.zephyr.ztestcase.ZTestCase object at 0x00000285DCD1F3B0>,) kwds={}
2026-03-27 14:35:05,126 LT1-thread root DEBUG client.py                 82    logger_log                : Test function parameters: args=(<autopts.ptsprojects.zephyr.ztestcase.ZTestCase object at 0x00000285DCD1F3B0>,), kwds={}
2026-03-27 14:35:05,126 LT1-thread root DEBUG client.py                 82    logger_log                : <class 'autopts.ptsprojects.zephyr.iutctl.ZephyrCtl'>.start
2026-03-27 14:35:05,127 LT1-thread root DEBUG client.py                 82    logger_log                : <class 'autopts.ptsprojects.zephyr.iutctl.ZephyrCtl'>.flush_serial
2026-03-27 14:35:06,409 LT1-thread root DEBUG client.py                 82    logger_log                : Starting socat process: socat.exe -x -v tcp:10.17.12.9:58759,retry=100,interval=1 /dev/ttyS2,raw,b115200,
2026-03-27 14:35:06,431 LT1-thread root DEBUG client.py                 82    logger_log                : accept
2026-03-27 14:35:06,510 BTPWorkerThread-1459 (_rx_task) root DEBUG client.py                 82    logger_log                : BTPWorkerThread-1459 (_rx_task) started
2026-03-27 14:35:06,511 LT1-thread root DEBUG client.py                 82    logger_log                : Starting test function: class=<class 'autopts.ptsprojects.testcase.TestFunc'>, func=<bound method IutCtl.wait_iut_ready_event of <autopts.ptsprojects.zephyr.iutctl.ZephyrCtl object at 0x00000285DC5B4CB0>> start_wid=None stop_wid=None post_wid=None skip_call=None call_count=1 args=(False,) kwds={}
2026-03-27 14:35:06,511 LT1-thread root DEBUG client.py                 82    logger_log                : Test function parameters: args=(False,), kwds={}
2026-03-27 14:35:06,512 LT1-thread root DEBUG client.py                 82    logger_log                : IUT ready event received OK
2026-03-27 14:35:06,512 LT1-thread root DEBUG client.py                 82    logger_log                : Starting test function: class=<class 'autopts.ptsprojects.testcase.TestFunc'>, func=<function core_reg_svc_gap at 0x00000285DA0E3B00> start_wid=None stop_wid=None post_wid=None skip_call=None call_count=74 args=() kwds={}
2026-03-27 14:35:06,512 LT1-thread root DEBUG client.py                 82    logger_log                : Test function parameters: args=(), kwds={}
2026-03-27 14:35:06,512 LT1-thread root DEBUG client.py                 82    logger_log                : core_reg_svc_univ: gap_reg (GAP)
2026-03-27 14:35:06,512 LT1-thread root DEBUG client.py                 82    logger_log                : send, 0 3 255 '1'
2026-03-27 14:35:06,512 LT1-thread root DEBUG client.py                 82    logger_log                : sending frame '0003ff010001'
2026-03-27 14:35:06,512 LT1-thread root DEBUG client.py                 82    logger_log                : core_reg_svc_rsp_succ
2026-03-27 14:35:06,512 LT1-thread root DEBUG client.py                 82    logger_log                : read
2026-03-27 14:35:10,577 BTPWorkerThread-1459 (_rx_task) root DEBUG client.py                 82    logger_log                : Read 5 bytes
2026-03-27 14:35:10,588 BTPWorkerThread-1459 (_rx_task) root DEBUG client.py                 82    logger_log                : Received: hdr: Header(svc_id=0x00, op=0x03, ctrl_index=0xff, data_len=0x00) bytearray(b'\x00\x03\xff\x00\x00')
2026-03-27 14:35:10,598 BTPWorkerThread-1459 (_rx_task) root DEBUG client.py                 82    logger_log                : Received data: {''}, bytearray(b'')
2026-03-27 14:35:10,615 LT1-thread root DEBUG client.py                 82    logger_log                : received Header(svc_id=0, op=3, ctrl_index=255, data_len=0) (b'',)
2026-03-27 14:35:10,615 LT1-thread root DEBUG client.py                 82    logger_log                : expected ((0, 3, 255, 0), (b'',))
2026-03-27 14:35:10,615 LT1-thread root DEBUG client.py                 82    logger_log                : response is valid
2026-03-27 14:35:10,615 LT1-thread root DEBUG client.py                 82    logger_log                : Reading supported commands for service: GAP
2026-03-27 14:35:10,615 LT1-thread root DEBUG client.py                 82    logger_log                : send, 1 1 255 ''
2026-03-27 14:35:10,615 LT1-thread root DEBUG client.py                 82    logger_log                : sending frame '0101ff0000'
2026-03-27 14:35:10,615 LT1-thread root DEBUG client.py                 82    logger_log                : read
2026-03-27 14:35:10,653 BTPWorkerThread-1459 (_rx_task) root DEBUG client.py                 82    logger_log                : Read 5 bytes
2026-03-27 14:35:10,664 BTPWorkerThread-1459 (_rx_task) root DEBUG client.py                 82    logger_log                : Received: hdr: Header(svc_id=0x01, op=0x01, ctrl_index=0xff, data_len=0x07) bytearray(b'\x01\x01\xff\x07\x00')
2026-03-27 14:35:10,686 BTPWorkerThread-1459 (_rx_task) root DEBUG client.py                 82    logger_log                : Read 7 bytes data
2026-03-27 14:35:10,697 BTPWorkerThread-1459 (_rx_task) root DEBUG client.py                 82    logger_log                : Received data: {'6e ff 7f 1f fe f7 0e'}, bytearray(b'n\xff\x7f\x1f\xfe\xf7\x0e')
2026-03-27 14:35:10,707 LT1-thread root DEBUG client.py                 82    logger_log                : Starting test function: class=<class 'autopts.ptsprojects.testcase.TestFunc'>, func=<bound method Stack.gap_init of <autopts.ptsprojects.stack.stack.Stack object at 0x00000285DC63BA70>> start_wid=None stop_wid=None post_wid=None skip_call=None call_count=70 args=(b'Tester_08E44E',) kwds={}
2026-03-27 14:35:10,707 LT1-thread root DEBUG client.py                 82    logger_log                : Test function parameters: args=(b'Tester_08E44E',), kwds={}
2026-03-27 14:35:10,707 LT1-thread root DEBUG client.py                 82    logger_log                : Starting test function: class=<class 'autopts.ptsprojects.testcase.TestFunc'>, func=<function gap_read_ctrl_info at 0x00000285DA1428E0> start_wid=None stop_wid=None post_wid=None skip_call=None call_count=70 args=() kwds={}
2026-03-27 14:35:10,707 LT1-thread root DEBUG client.py                 82    logger_log                : Test function parameters: args=(), kwds={}
2026-03-27 14:35:10,708 LT1-thread root DEBUG client.py                 82    logger_log                : gap_read_ctrl_info
2026-03-27 14:35:10,708 LT1-thread root DEBUG client.py                 82    logger_log                : send, 1 3 0 ''
2026-03-27 14:35:10,708 LT1-thread root DEBUG client.py                 82    logger_log                : sending frame '0103000000'
2026-03-27 14:35:10,708 LT1-thread root DEBUG client.py                 82    logger_log                : read
2026-03-27 14:35:10,750 BTPWorkerThread-1459 (_rx_task) root DEBUG client.py                 82    logger_log                : Read 5 bytes
2026-03-27 14:35:10,761 BTPWorkerThread-1459 (_rx_task) root DEBUG client.py                 82    logger_log                : Received: hdr: Header(svc_id=0x01, op=0x03, ctrl_index=0x00, data_len=0x115) bytearray(b'\x01\x03\x00\x15\x01')
2026-03-27 14:35:10,784 BTPWorkerThread-1459 (_rx_task) root DEBUG client.py                 82    logger_log                : Read 277 bytes data
2026-03-27 14:35:10,795 BTPWorkerThread-1459 (_rx_task) root DEBUG client.py                 82    logger_log                : Received data: {'19 78 ee 69 17 d0 d3 06 02 00 13 02 00 00 00 00 00 62 74 70 5f 74 65 73 74 65 72 00 00 00 00 00 00 00 00 00 00 00 00 00 00 00 00 00 00 00 00 00 00 00 00 00 00 00 00 00 00 00 00 00 00 00 00 00 00 00 00 00 00 00 00 00 00 00 00 00 00 00 00 00 00 00 00 00 00 00 00 00 00 00 00 00 00 00 00 00 00 00 00 00 00 00 00 00 00 00 00 00 00 00 00 00 00 00 00 00 00 00 00 00 00 00 00 00 00 00 00 00 00 00 00 00 00 00 00 00 00 00 00 00 00 00 00 00 00 00 00 00 00 00 00 00 00 00 00 00 00 00 00 00 00 00 00 00 00 00 00 00 00 00 00 00 00 00 00 00 00 00 00 00 00 00 00 00 00 00 00 00 00 00 00 00 00 00 00 00 00 00 00 00 00 00 00 00 00 00 00 00 00 00 00 00 00 00 00 00 00 00 00 00 00 00 00 00 00 00 00 00 00 00 00 00 00 00 00 00 00 00 00 00 00 00 00 00 00 00 00 00 00 00 00 00 00 00 00 00 00 00 00 00 00 00 00 00 00 00 00 00 00 00 00 00 00 00 00 00 00'}, bytearray(b'\x19x\xeei\x17\xd0\xd3\x06\x02\x00\x13\x02\x00\x00\x00\x00\x00btp_tester\x00\x00\x00\x00\x00\x00\x00\x00\x00\x00\x00\x00\x00\x00\x00\x00\x00\x00\x00\x00\x00\x00\x00\x00\x00\x00\x00\x00\x00\x00\x00\x00\x00\x00\x00\x00\x00\x00\x00\x00\x00\x00\x00\x00\x00\x00\x00\x00\x00\x00\x00\x00\x00\x00\x00\x00\x00\x00\x00\x00\x00\x00\x00\x00\x00\x00\x00\x00\x00\x00\x00\x00\x00\x00\x00\x00\x00\x00\x00\x00\x00\x00\x00\x00\x00\x00\x00\x00\x00\x00\x00\x00\x00\x00\x00\x00\x00\x00\x00\x00\x00\x00\x00\x00\x00\x00\x00\x00\x00\x00\x00\x00\x00\x00\x00\x00\x00\x00\x00\x00\x00\x00\x00\x00\x00\x00\x00\x00\x00\x00\x00\x00\x00\x00\x00\x00\x00\x00\x00\x00\x00\x00\x00\x00\x00\x00\x00\x00\x00\x00\x00\x00\x00\x00\x00\x00\x00\x00\x00\x00\x00\x00\x00\x00\x00\x00\x00\x00\x00\x00\x00\x00\x00\x00\x00\x00\x00\x00\x00\x00\x00\x00\x00\x00\x00\x00\x00\x00\x00\x00\x00\x00\x00\x00\x00\x00\x00\x00\x00\x00\x00\x00\x00\x00\x00\x00\x00\x00\x00\x00\x00\x00\x00\x00\x00\x00\x00\x00\x00\x00\x00\x00\x00\x00\x00\x00\x00\x00\x00\x00\x00\x00\x00\x00\x00\x00\x00\x00\x00\x00\x00\x00\x00\x00\x00\x00\x00\x00\x00\x00')
2026-03-27 14:35:10,805 LT1-thread root DEBUG client.py                 82    logger_log                : received Header(svc_id=1, op=3, ctrl_index=0, data_len=277) (b'\x19x\xeei\x17\xd0\xd3\x06\x02\x00\x13\x02\x00\x00\x00\x00\x00btp_tester\x00\x00\x00\x00\x00\x00\x00\x00\x00\x00\x00\x00\x00\x00\x00\x00\x00\x00\x00\x00\x00\x00\x00\x00\x00\x00\x00\x00\x00\x00\x00\x00\x00\x00\x00\x00\x00\x00\x00\x00\x00\x00\x00\x00\x00\x00\x00\x00\x00\x00\x00\x00\x00\x00\x00\x00\x00\x00\x00\x00\x00\x00\x00\x00\x00\x00\x00\x00\x00\x00\x00\x00\x00\x00\x00\x00\x00\x00\x00\x00\x00\x00\x00\x00\x00\x00\x00\x00\x00\x00\x00\x00\x00\x00\x00\x00\x00\x00\x00\x00\x00\x00\x00\x00\x00\x00\x00\x00\x00\x00\x00\x00\x00\x00\x00\x00\x00\x00\x00\x00\x00\x00\x00\x00\x00\x00\x00\x00\x00\x00\x00\x00\x00\x00\x00\x00\x00\x00\x00\x00\x00\x00\x00\x00\x00\x00\x00\x00\x00\x00\x00\x00\x00\x00\x00\x00\x00\x00\x00\x00\x00\x00\x00\x00\x00\x00\x00\x00\x00\x00\x00\x00\x00\x00\x00\x00\x00\x00\x00\x00\x00\x00\x00\x00\x00\x00\x00\x00\x00\x00\x00\x00\x00\x00\x00\x00\x00\x00\x00\x00\x00\x00\x00\x00\x00\x00\x00\x00\x00\x00\x00\x00\x00\x00\x00\x00\x00\x00\x00\x00\x00\x00\x00\x00\x00\x00\x00\x00\x00\x00\x00\x00\x00\x00\x00\x00\x00\x00\x00\x00\x00\x00\x00\x00\x00\x00\x00\x00\x00\x00',)
2026-03-27 14:35:10,805 LT1-thread root DEBUG client.py                 82    logger_log                : IUT address 'd01769ee7819' 'public'
2026-03-27 14:35:10,805 LT1-thread root DEBUG client.py                 82    logger_log                : __gap_current_settings_update 531
2026-03-27 14:35:10,805 LT1-thread root DEBUG client.py                 82    logger_log                : Starting test function: class=<class 'autopts.ptsprojects.testcase.TestFunc'>, func=<function test_cases.<locals>.<lambda> at 0x00000285DCCB9620> start_wid=None stop_wid=None post_wid=None skip_call=None call_count=70 args=() kwds={}
2026-03-27 14:35:10,805 LT1-thread root DEBUG client.py                 82    logger_log                : Test function parameters: args=(), kwds={}
2026-03-27 14:35:10,810 LT1-thread root DEBUG client.py                 82    logger_log                : Starting test function: class=<class 'autopts.ptsprojects.testcase.TestFunc'>, func=<function set_pts_addr at 0x00000285DA0E36A0> start_wid=None stop_wid=None post_wid=None skip_call=None call_count=70 args=('00:1B:DC:08:E4:4E', 0) kwds={}
2026-03-27 14:35:10,811 LT1-thread root DEBUG client.py                 82    logger_log                : Test function parameters: args=('00:1B:DC:08:E4:4E', 0), kwds={}
2026-03-27 14:35:10,811 LT1-thread root DEBUG client.py                 82    logger_log                : Starting test function: class=<class 'autopts.ptsprojects.testcase.TestFunc'>, func=<function gap_set_conn at 0x00000285DA142200> start_wid=None stop_wid=None post_wid=None skip_call=None call_count=70 args=() kwds={}
2026-03-27 14:35:10,811 LT1-thread root DEBUG client.py                 82    logger_log                : Test function parameters: args=(), kwds={}
2026-03-27 14:35:10,811 LT1-thread root DEBUG client.py                 82    logger_log                : gap_set_conn
2026-03-27 14:35:10,811 LT1-thread root DEBUG client.py                 82    logger_log                : Starting test function: class=<class 'autopts.ptsprojects.testcase.TestFunc'>, func=<function gap_set_gendiscov at 0x00000285DA1423E0> start_wid=None stop_wid=None post_wid=None skip_call=None call_count=70 args=() kwds={}
2026-03-27 14:35:10,811 LT1-thread root DEBUG client.py                 82    logger_log                : Test function parameters: args=(), kwds={}
2026-03-27 14:35:10,811 LT1-thread root DEBUG client.py                 82    logger_log                : gap_set_gendiscov
2026-03-27 14:35:10,811 LT1-thread root DEBUG client.py                 82    logger_log                : send, 1 8 0 '1'
2026-03-27 14:35:10,811 LT1-thread root DEBUG client.py                 82    logger_log                : sending frame '010800010001'
2026-03-27 14:35:10,812 LT1-thread root DEBUG client.py                 82    logger_log                : gap_command_rsp_succ
2026-03-27 14:35:10,812 LT1-thread root DEBUG client.py                 82    logger_log                : read
2026-03-27 14:35:10,870 BTPWorkerThread-1459 (_rx_task) root DEBUG client.py                 82    logger_log                : Read 5 bytes
2026-03-27 14:35:10,881 BTPWorkerThread-1459 (_rx_task) root DEBUG client.py                 82    logger_log                : Received: hdr: Header(svc_id=0x01, op=0x08, ctrl_index=0x00, data_len=0x04) bytearray(b'\x01\x08\x00\x04\x00')
2026-03-27 14:35:10,902 BTPWorkerThread-1459 (_rx_task) root DEBUG client.py                 82    logger_log                : Read 4 bytes data
2026-03-27 14:35:10,913 BTPWorkerThread-1459 (_rx_task) root DEBUG client.py                 82    logger_log                : Received data: {'1b 02 00 00'}, bytearray(b'\x1b\x02\x00\x00')
2026-03-27 14:35:10,929 LT1-thread root DEBUG client.py                 82    logger_log                : received Header(svc_id=1, op=8, ctrl_index=0, data_len=4) (b'\x1b\x02\x00\x00',)
2026-03-27 14:35:10,929 LT1-thread root DEBUG client.py                 82    logger_log                : __gap_current_settings_update (b'\x1b\x02\x00\x00',)
2026-03-27 14:35:10,929 LT1-thread root DEBUG client.py                 82    logger_log                : Starting test function: class=<class 'autopts.ptsprojects.testcase.TestFunc'>, func=<function gap_set_io_cap at 0x00000285DA141DA0> start_wid=None stop_wid=None post_wid=None skip_call=None call_count=70 args=(3,) kwds={}
2026-03-27 14:35:10,929 LT1-thread root DEBUG client.py                 82    logger_log                : Test function parameters: args=(3,), kwds={}
2026-03-27 14:35:10,929 LT1-thread root DEBUG client.py                 82    logger_log                : gap_set_io_cap 3
2026-03-27 14:35:10,929 LT1-thread root DEBUG client.py                 82    logger_log                : send, 1 16 0 '\x03'
2026-03-27 14:35:10,930 LT1-thread root DEBUG client.py                 82    logger_log                : sending frame '011000010003'
2026-03-27 14:35:10,930 LT1-thread root DEBUG client.py                 82    logger_log                : gap_command_rsp_succ
2026-03-27 14:35:10,930 LT1-thread root DEBUG client.py                 82    logger_log                : read
2026-03-27 14:35:10,968 BTPWorkerThread-1459 (_rx_task) root DEBUG client.py                 82    logger_log                : Read 5 bytes
2026-03-27 14:35:10,978 BTPWorkerThread-1459 (_rx_task) root DEBUG client.py                 82    logger_log                : Received: hdr: Header(svc_id=0x01, op=0x10, ctrl_index=0x00, data_len=0x00) bytearray(b'\x01\x10\x00\x00\x00')
2026-03-27 14:35:10,988 BTPWorkerThread-1459 (_rx_task) root DEBUG client.py                 82    logger_log                : Received data: {''}, bytearray(b'')
2026-03-27 14:35:10,998 LT1-thread root DEBUG client.py                 82    logger_log                : received Header(svc_id=1, op=16, ctrl_index=0, data_len=0) (b'',)
2026-03-27 14:35:10,998 LT1-thread root DEBUG client.py                 82    logger_log                : Starting test function: class=<class 'autopts.ptsprojects.testcase.TestFunc'>, func=<function core_reg_svc_hfp_ag at 0x00000285DA109300> start_wid=None stop_wid=None post_wid=None skip_call=None call_count=70 args=() kwds={}
2026-03-27 14:35:10,998 LT1-thread root DEBUG client.py                 82    logger_log                : Test function parameters: args=(), kwds={}
2026-03-27 14:35:10,998 LT1-thread root DEBUG client.py                 82    logger_log                : core_reg_svc_univ: hfp_ag_reg (HFP_AG)
2026-03-27 14:35:10,998 LT1-thread root DEBUG client.py                 82    logger_log                : send, 0 3 255 '34'
2026-03-27 14:35:10,999 LT1-thread root DEBUG client.py                 82    logger_log                : sending frame '0003ff010022'
2026-03-27 14:35:10,999 LT1-thread root DEBUG client.py                 82    logger_log                : core_reg_svc_rsp_succ
2026-03-27 14:35:10,999 LT1-thread root DEBUG client.py                 82    logger_log                : read
2026-03-27 14:35:11,042 BTPWorkerThread-1459 (_rx_task) root DEBUG client.py                 82    logger_log                : Read 5 bytes
2026-03-27 14:35:11,053 BTPWorkerThread-1459 (_rx_task) root DEBUG client.py                 82    logger_log                : Received: hdr: Header(svc_id=0x00, op=0x03, ctrl_index=0xff, data_len=0x00) bytearray(b'\x00\x03\xff\x00\x00')
2026-03-27 14:35:11,065 BTPWorkerThread-1459 (_rx_task) root DEBUG client.py                 82    logger_log                : Received data: {''}, bytearray(b'')
2026-03-27 14:35:11,082 LT1-thread root DEBUG client.py                 82    logger_log                : received Header(svc_id=0, op=3, ctrl_index=255, data_len=0) (b'',)
2026-03-27 14:35:11,082 LT1-thread root DEBUG client.py                 82    logger_log                : expected ((0, 3, 255, 0), (b'',))
2026-03-27 14:35:11,082 LT1-thread root DEBUG client.py                 82    logger_log                : response is valid
2026-03-27 14:35:11,082 LT1-thread root DEBUG client.py                 82    logger_log                : Reading supported commands for service: HFP_AG
2026-03-27 14:35:11,082 LT1-thread root DEBUG client.py                 82    logger_log                : send, 34 1 255 ''
2026-03-27 14:35:11,082 LT1-thread root DEBUG client.py                 82    logger_log                : sending frame '2201ff0000'
2026-03-27 14:35:11,083 LT1-thread root DEBUG client.py                 82    logger_log                : read
2026-03-27 14:35:11,118 BTPWorkerThread-1459 (_rx_task) root DEBUG client.py                 82    logger_log                : Read 5 bytes
2026-03-27 14:35:11,129 BTPWorkerThread-1459 (_rx_task) root DEBUG client.py                 82    logger_log                : Received: hdr: Header(svc_id=0x22, op=0x01, ctrl_index=0xff, data_len=0x05) bytearray(b'"\x01\xff\x05\x00')
2026-03-27 14:35:11,139 BTPWorkerThread-1459 (_rx_task) root DEBUG client.py                 82    logger_log                : Read 5 bytes data
2026-03-27 14:35:11,150 BTPWorkerThread-1459 (_rx_task) root DEBUG client.py                 82    logger_log                : Received data: {'fe ff ff ff 1f'}, bytearray(b'\xfe\xff\xff\xff\x1f')
2026-03-27 14:35:11,166 LT1-thread root DEBUG client.py                 82    logger_log                : Starting test function: class=<class 'autopts.ptsprojects.testcase.TestFunc'>, func=<bound method Stack.hfp_ag_init of <autopts.ptsprojects.stack.stack.Stack object at 0x00000285DC63BA70>> start_wid=None stop_wid=None post_wid=None skip_call=None call_count=70 args=() kwds={}
2026-03-27 14:35:11,166 LT1-thread root DEBUG client.py                 82    logger_log                : Test function parameters: args=(), kwds={}
2026-03-27 14:35:11,166 LT1-thread root DEBUG client.py                 82    logger_log                : Starting test function: class=<class 'autopts.ptsprojects.testcase.TestFunc'>, func=<function hfp_ag_set_default_indicator_value at 0x00000285DA283C40> start_wid=None stop_wid=None post_wid=None skip_call=None call_count=70 args=(1, 5, 0, 5) kwds={}
2026-03-27 14:35:11,166 LT1-thread root DEBUG client.py                 82    logger_log                : Test function parameters: args=(1, 5, 0, 5), kwds={}
2026-03-27 14:35:11,166 LT1-thread root DEBUG client.py                 82    logger_log                : hfp_ag_set_default_indicator_value 1 5 0 5
2026-03-27 14:35:11,166 LT1-thread root DEBUG client.py                 82    logger_log                : send, 34 33 0 "bytearray(b'\\x01\\x05\\x00\\x05')"
2026-03-27 14:35:11,166 LT1-thread root DEBUG client.py                 82    logger_log                : sending frame '222100040001050005'
2026-03-27 14:35:11,167 LT1-thread root DEBUG client.py                 82    logger_log                : read
2026-03-27 14:35:11,205 BTPWorkerThread-1459 (_rx_task) root DEBUG client.py                 82    logger_log                : Read 5 bytes
2026-03-27 14:35:11,216 BTPWorkerThread-1459 (_rx_task) root DEBUG client.py                 82    logger_log                : Received: hdr: Header(svc_id=0x22, op=0x21, ctrl_index=0x00, data_len=0x00) bytearray(b'"!\x00\x00\x00')
2026-03-27 14:35:11,228 BTPWorkerThread-1459 (_rx_task) root DEBUG client.py                 82    logger_log                : Received data: {''}, bytearray(b'')
2026-03-27 14:35:11,244 LT1-thread root DEBUG client.py                 82    logger_log                : Starting test function: class=<class 'autopts.ptsprojects.testcase.TestFunc'>, func=<function hfp_ag_set_memory_dial_mapping at 0x00000285DA283CE0> start_wid=None stop_wid=None post_wid=None skip_call=None call_count=70 args=('1', '1234567') kwds={}
2026-03-27 14:35:11,244 LT1-thread root DEBUG client.py                 82    logger_log                : Test function parameters: args=('1', '1234567'), kwds={}
2026-03-27 14:35:11,244 LT1-thread root DEBUG client.py                 82    logger_log                : hfp_ag_set_memory_dial_mapping '1' '1234567'
2026-03-27 14:35:11,244 LT1-thread root DEBUG client.py                 82    logger_log                : send, 34 34 0 "bytearray(b'\\x01\\x0711234567')"
2026-03-27 14:35:11,244 LT1-thread root DEBUG client.py                 82    logger_log                : sending frame '2222000a0001073131323334353637'
2026-03-27 14:35:11,245 LT1-thread root DEBUG client.py                 82    logger_log                : read
2026-03-27 14:35:11,281 BTPWorkerThread-1459 (_rx_task) root DEBUG client.py                 82    logger_log                : Read 5 bytes
2026-03-27 14:35:11,292 BTPWorkerThread-1459 (_rx_task) root DEBUG client.py                 82    logger_log                : Received: hdr: Header(svc_id=0x22, op=0x22, ctrl_index=0x00, data_len=0x00) bytearray(b'""\x00\x00\x00')
2026-03-27 14:35:11,302 BTPWorkerThread-1459 (_rx_task) root DEBUG client.py                 82    logger_log                : Received data: {''}, bytearray(b'')
2026-03-27 14:35:11,313 LT1-thread root DEBUG client.py                 82    logger_log                : Starting test function: class=<class 'autopts.ptsprojects.testcase.TestFunc'>, func=<function hfp_ag_set_voice_tag_number at 0x00000285DA283E20> start_wid=None stop_wid=None post_wid=None skip_call=None call_count=70 args=('1234567',) kwds={}
2026-03-27 14:35:11,313 LT1-thread root DEBUG client.py                 82    logger_log                : Test function parameters: args=('1234567',), kwds={}
2026-03-27 14:35:11,313 LT1-thread root DEBUG client.py                 82    logger_log                : hfp_ag_set_voice_tag_number '1234567'
2026-03-27 14:35:11,313 LT1-thread root DEBUG client.py                 82    logger_log                : send, 34 36 0 "bytearray(b'\\x071234567')"
2026-03-27 14:35:11,313 LT1-thread root DEBUG client.py                 82    logger_log                : sending frame '22240008000731323334353637'
2026-03-27 14:35:11,314 LT1-thread root DEBUG client.py                 82    logger_log                : read
2026-03-27 14:35:11,352 BTPWorkerThread-1459 (_rx_task) root DEBUG client.py                 82    logger_log                : Read 5 bytes
2026-03-27 14:35:11,362 BTPWorkerThread-1459 (_rx_task) root DEBUG client.py                 82    logger_log                : Received: hdr: Header(svc_id=0x22, op=0x24, ctrl_index=0x00, data_len=0x00) bytearray(b'"$\x00\x00\x00')
2026-03-27 14:35:11,373 BTPWorkerThread-1459 (_rx_task) root DEBUG client.py                 82    logger_log                : Received data: {''}, bytearray(b'')
2026-03-27 14:35:11,386 LT1-thread root DEBUG client.py                 82    logger_log                : ClientCallback.get_result run_test_case
2026-03-27 14:35:14,086 LT1-callback ClientCallback.on_implicit_send INFO client.py                 82    logger_log                : 
    ********************
    BEGIN OnImplicitSend:
    project_name: HFP
    wid: 121
    test_case_name: HFP/AG/VRA/BV-04-C
    description: Click Ok, then make a connection request to the PTS from the Implementation Under Test (IUT).
    style: MMI_Style_Ok_Cancel1 0x11041
2026-03-27 14:35:14,086 LT1-callback ClientCallback.on_implicit_send INFO client.py                 82    logger_log                : Calling test cases on_implicit_send
2026-03-27 14:35:14,086 LT1-callback ClientCallback.on_implicit_send INFO client.py                 82    logger_log                : 
    on_implicit_send returned response: WAIT
    END OnImplicitSend
    ********************
2026-03-27 14:35:14,387 LT1-thread root DEBUG client.py                 82    logger_log                : HFP HFP/AG/VRA/BV-04-C on_implicit_send
2026-03-27 14:35:14,387 LT1-thread root DEBUG client.py                 82    logger_log                : hfp_ag_wid_hdl, 121, Click Ok, then make a connection request to the PTS from the Implementation Under Test (IUT)., HFP/AG/VRA/BV-04-C
2026-03-27 14:35:14,387 LT1-thread root DEBUG client.py                 82    logger_log                : gap_conn None 224
2026-03-27 14:35:14,387 LT1-thread root DEBUG client.py                 82    logger_log                : send, 1 14 0 "bytearray(b'\\xe0N\\xe4\\x08\\xdc\\x1b\\x00\\x00')"
2026-03-27 14:35:14,387 LT1-thread root DEBUG client.py                 82    logger_log                : sending frame '010e000800e04ee408dc1b0000'
2026-03-27 14:35:14,387 LT1-thread root DEBUG client.py                 82    logger_log                : read
2026-03-27 14:35:14,422 BTPWorkerThread-1459 (_rx_task) root DEBUG client.py                 82    logger_log                : Read 5 bytes
2026-03-27 14:35:14,427 BTPWorkerThread-1459 (_rx_task) root DEBUG client.py                 82    logger_log                : Received: hdr: Header(svc_id=0x01, op=0x0e, ctrl_index=0x00, data_len=0x00) bytearray(b'\x01\x0e\x00\x00\x00')
2026-03-27 14:35:14,427 BTPWorkerThread-1459 (_rx_task) root DEBUG client.py                 82    logger_log                : Received data: {''}, bytearray(b'')
2026-03-27 14:35:17,967 BTPWorkerThread-1459 (_rx_task) root DEBUG client.py                 82    logger_log                : Read 5 bytes
2026-03-27 14:35:17,979 BTPWorkerThread-1459 (_rx_task) root DEBUG client.py                 82    logger_log                : Received: hdr: Header(svc_id=0x01, op=0x82, ctrl_index=0x00, data_len=0x0d) bytearray(b'\x01\x82\x00\r\x00')
2026-03-27 14:35:18,001 BTPWorkerThread-1459 (_rx_task) root DEBUG client.py                 82    logger_log                : Read 13 bytes data
2026-03-27 14:35:18,011 BTPWorkerThread-1459 (_rx_task) root DEBUG client.py                 82    logger_log                : Received data: {'e0 4e e4 08 dc 1b 00 00 00 00 00 00 00'}, bytearray(b'\xe0N\xe4\x08\xdc\x1b\x00\x00\x00\x00\x00\x00\x00')
2026-03-27 14:35:18,028 BTPWorkerThread-1459 (_rx_task) root DEBUG client.py                 82    logger_log                : event_handler Header(svc_id=1, op=130, ctrl_index=0, data_len=13) (b'\xe0N\xe4\x08\xdc\x1b\x00\x00\x00\x00\x00\x00\x00',)
2026-03-27 14:35:18,040 BTPWorkerThread-1459 (_rx_task) root DEBUG client.py                 82    logger_log                : gap_connected_ev_ b'\xe0N\xe4\x08\xdc\x1b\x00\x00\x00\x00\x00\x00\x00'
2026-03-27 14:35:18,050 LT1-thread root DEBUG client.py                 82    logger_log                : gap_pair None 224
2026-03-27 14:35:18,050 LT1-thread root DEBUG client.py                 82    logger_log                : send, 1 17 0 "bytearray(b'\\xe0N\\xe4\\x08\\xdc\\x1b\\x00')"
2026-03-27 14:35:18,050 LT1-thread root DEBUG client.py                 82    logger_log                : sending frame '0111000700e04ee408dc1b00'
2026-03-27 14:35:18,051 LT1-thread root DEBUG client.py                 82    logger_log                : gap_command_rsp_succ
2026-03-27 14:35:18,051 LT1-thread root DEBUG client.py                 82    logger_log                : read
2026-03-27 14:35:18,089 BTPWorkerThread-1459 (_rx_task) root DEBUG client.py                 82    logger_log                : Read 5 bytes
2026-03-27 14:35:18,100 BTPWorkerThread-1459 (_rx_task) root DEBUG client.py                 82    logger_log                : Received: hdr: Header(svc_id=0x01, op=0x11, ctrl_index=0x00, data_len=0x00) bytearray(b'\x01\x11\x00\x00\x00')
2026-03-27 14:35:18,111 BTPWorkerThread-1459 (_rx_task) root DEBUG client.py                 82    logger_log                : Received data: {''}, bytearray(b'')
2026-03-27 14:35:18,127 LT1-thread root DEBUG client.py                 82    logger_log                : received Header(svc_id=1, op=17, ctrl_index=0, data_len=0) (b'',)
2026-03-27 14:35:18,127 LT1-thread root DEBUG client.py                 82    logger_log                : hfp_ag_connect None 224 1
2026-03-27 14:35:18,128 LT1-thread root DEBUG client.py                 82    logger_log                : send, 34 2 0 "bytearray(b'\\xe0N\\xe4\\x08\\xdc\\x1b\\x00\\x01')"
2026-03-27 14:35:18,128 LT1-thread root DEBUG client.py                 82    logger_log                : sending frame '2202000800e04ee408dc1b0001'
2026-03-27 14:35:18,129 LT1-thread root DEBUG client.py                 82    logger_log                : read
2026-03-27 14:35:18,165 BTPWorkerThread-1459 (_rx_task) root DEBUG client.py                 82    logger_log                : Read 5 bytes
2026-03-27 14:35:18,175 BTPWorkerThread-1459 (_rx_task) root DEBUG client.py                 82    logger_log                : Received: hdr: Header(svc_id=0x22, op=0x02, ctrl_index=0x00, data_len=0x00) bytearray(b'"\x02\x00\x00\x00')
2026-03-27 14:35:18,187 BTPWorkerThread-1459 (_rx_task) root DEBUG client.py                 82    logger_log                : Received data: {''}, bytearray(b'')
2026-03-27 14:35:18,202 LT1-thread root DEBUG client.py                 82    logger_log                : Sending response 'OK' to wid 121 test case HFP/AG/VRA/BV-04-C
2026-03-27 14:35:18,205 LT1-thread root DEBUG client.py                 82    logger_log                : ClientCallback.get_result run_test_case
2026-03-27 14:35:19,108 BTPWorkerThread-1459 (_rx_task) root DEBUG client.py                 82    logger_log                : Read 5 bytes
2026-03-27 14:35:19,108 BTPWorkerThread-1459 (_rx_task) root DEBUG client.py                 82    logger_log                : Received: hdr: Header(svc_id=0x01, op=0x91, ctrl_index=0x00, data_len=0x09) bytearray(b'\x01\x91\x00\t\x00')
2026-03-27 14:35:19,109 BTPWorkerThread-1459 (_rx_task) root DEBUG client.py                 82    logger_log                : Read 9 bytes data
2026-03-27 14:35:19,109 BTPWorkerThread-1459 (_rx_task) root DEBUG client.py                 82    logger_log                : Received data: {'e0 4e e4 08 dc 1b 00 01 10'}, bytearray(b'\xe0N\xe4\x08\xdc\x1b\x00\x01\x10')
2026-03-27 14:35:19,109 BTPWorkerThread-1459 (_rx_task) root DEBUG client.py                 82    logger_log                : event_handler Header(svc_id=1, op=145, ctrl_index=0, data_len=9) (b'\xe0N\xe4\x08\xdc\x1b\x00\x01\x10',)
2026-03-27 14:35:19,109 BTPWorkerThread-1459 (_rx_task) root DEBUG client.py                 82    logger_log                : gap_encryption_change_ev_
2026-03-27 14:35:19,109 BTPWorkerThread-1459 (_rx_task) root DEBUG client.py                 82    logger_log                : enc change received b'\xe0N\xe4\x08\xdc\x1b\x00\x01\x10'
2026-03-27 14:35:19,109 BTPWorkerThread-1459 (_rx_task) root DEBUG client.py                 82    logger_log                : received (224, '001bdc08e44e', 1, 16)
2026-03-27 14:35:19,109 BTPWorkerThread-1459 (_rx_task) root DEBUG client.py                 82    logger_log                : Read 5 bytes
2026-03-27 14:35:19,109 BTPWorkerThread-1459 (_rx_task) root DEBUG client.py                 82    logger_log                : Received: hdr: Header(svc_id=0x01, op=0x89, ctrl_index=0x00, data_len=0x08) bytearray(b'\x01\x89\x00\x08\x00')
2026-03-27 14:35:19,109 BTPWorkerThread-1459 (_rx_task) root DEBUG client.py                 82    logger_log                : Read 8 bytes data
2026-03-27 14:35:19,109 BTPWorkerThread-1459 (_rx_task) root DEBUG client.py                 82    logger_log                : Received data: {'e0 4e e4 08 dc 1b 00 02'}, bytearray(b'\xe0N\xe4\x08\xdc\x1b\x00\x02')
2026-03-27 14:35:19,110 BTPWorkerThread-1459 (_rx_task) root DEBUG client.py                 82    logger_log                : event_handler Header(svc_id=1, op=137, ctrl_index=0, data_len=8) (b'\xe0N\xe4\x08\xdc\x1b\x00\x02',)
2026-03-27 14:35:19,110 BTPWorkerThread-1459 (_rx_task) root DEBUG client.py                 82    logger_log                : gap_sec_level_changed_ev_
2026-03-27 14:35:19,110 BTPWorkerThread-1459 (_rx_task) root DEBUG client.py                 82    logger_log                : received b'\xe0N\xe4\x08\xdc\x1b\x00\x02'
2026-03-27 14:35:19,110 BTPWorkerThread-1459 (_rx_task) root DEBUG client.py                 82    logger_log                : received (224, '001bdc08e44e', 2)
2026-03-27 14:35:19,192 LT1-callback ClientCallback.on_implicit_send INFO client.py                 82    logger_log                : 
    ********************
    BEGIN OnImplicitSend:
    project_name: HFP
    wid: 86
    test_case_name: HFP/AG/VRA/BV-04-C
    description: Place the Implementation Under Test (IUT) in a state which will allow a request from the PTS to activate voice recognition, then click Ok.
    style: MMI_Style_Ok_Cancel1 0x11041
2026-03-27 14:35:19,192 LT1-callback ClientCallback.on_implicit_send INFO client.py                 82    logger_log                : Calling test cases on_implicit_send
2026-03-27 14:35:19,192 LT1-callback ClientCallback.on_implicit_send INFO client.py                 82    logger_log                : 
    on_implicit_send returned response: WAIT
    END OnImplicitSend
    ********************
2026-03-27 14:35:19,197 BTPWorkerThread-1459 (_rx_task) root DEBUG client.py                 82    logger_log                : Read 5 bytes
2026-03-27 14:35:19,197 BTPWorkerThread-1459 (_rx_task) root DEBUG client.py                 82    logger_log                : Received: hdr: Header(svc_id=0x22, op=0x80, ctrl_index=0x00, data_len=0x07) bytearray(b'"\x80\x00\x07\x00')
2026-03-27 14:35:19,197 BTPWorkerThread-1459 (_rx_task) root DEBUG client.py                 82    logger_log                : Read 7 bytes data
2026-03-27 14:35:19,198 BTPWorkerThread-1459 (_rx_task) root DEBUG client.py                 82    logger_log                : Received data: {'e0 4e e4 08 dc 1b 00'}, bytearray(b'\xe0N\xe4\x08\xdc\x1b\x00')
2026-03-27 14:35:19,198 BTPWorkerThread-1459 (_rx_task) root DEBUG client.py                 82    logger_log                : event_handler Header(svc_id=34, op=128, ctrl_index=0, data_len=7) (b'\xe0N\xe4\x08\xdc\x1b\x00',)
2026-03-27 14:35:19,198 BTPWorkerThread-1459 (_rx_task) root DEBUG client.py                 82    logger_log                : hfp_ag_connected_ev b'\xe0N\xe4\x08\xdc\x1b\x00' 7
2026-03-27 14:35:19,198 BTPWorkerThread-1459 (_rx_task) root DEBUG client.py                 82    logger_log                : HFP AG connected to addr b'N\xe4\x08\xdc\x1b\x00'
2026-03-27 14:35:19,205 LT1-thread root DEBUG client.py                 82    logger_log                : HFP HFP/AG/VRA/BV-04-C on_implicit_send
2026-03-27 14:35:19,206 LT1-thread root DEBUG client.py                 82    logger_log                : hfp_ag_wid_hdl, 86, Place the Implementation Under Test (IUT) in a state which will allow a request from the PTS to activate voice recognition, then click Ok., HFP/AG/VRA/BV-04-C
2026-03-27 14:35:19,206 LT1-thread root DEBUG client.py                 82    logger_log                : Sending response 'OK' to wid 86 test case HFP/AG/VRA/BV-04-C
2026-03-27 14:35:19,208 LT1-thread root DEBUG client.py                 82    logger_log                : ClientCallback.get_result run_test_case
2026-03-27 14:35:19,218 BTPWorkerThread-1459 (_rx_task) root DEBUG client.py                 82    logger_log                : Read 5 bytes
2026-03-27 14:35:19,219 BTPWorkerThread-1459 (_rx_task) root DEBUG client.py                 82    logger_log                : Received: hdr: Header(svc_id=0x22, op=0x94, ctrl_index=0x00, data_len=0x08) bytearray(b'"\x94\x00\x08\x00')
2026-03-27 14:35:19,219 BTPWorkerThread-1459 (_rx_task) root DEBUG client.py                 82    logger_log                : Read 8 bytes data
2026-03-27 14:35:19,219 BTPWorkerThread-1459 (_rx_task) root DEBUG client.py                 82    logger_log                : Received data: {'e0 4e e4 08 dc 1b 00 01'}, bytearray(b'\xe0N\xe4\x08\xdc\x1b\x00\x01')
2026-03-27 14:35:19,219 BTPWorkerThread-1459 (_rx_task) root DEBUG client.py                 82    logger_log                : event_handler Header(svc_id=34, op=148, ctrl_index=0, data_len=8) (b'\xe0N\xe4\x08\xdc\x1b\x00\x01',)
2026-03-27 14:35:19,219 BTPWorkerThread-1459 (_rx_task) root DEBUG client.py                 82    logger_log                : hfp_ag_voice_recognition_ev b'\xe0N\xe4\x08\xdc\x1b\x00\x01' 8
2026-03-27 14:35:19,219 BTPWorkerThread-1459 (_rx_task) root DEBUG client.py                 82    logger_log                : HFP AG voice recognition from addr b'N\xe4\x08\xdc\x1b\x00', activate 1
2026-03-27 14:35:19,219 BTPWorkerThread-1459 (_rx_task) root DEBUG client.py                 82    logger_log                : Read 5 bytes
2026-03-27 14:35:19,220 BTPWorkerThread-1459 (_rx_task) root DEBUG client.py                 82    logger_log                : Received: hdr: Header(svc_id=0x22, op=0x95, ctrl_index=0x00, data_len=0x07) bytearray(b'"\x95\x00\x07\x00')
2026-03-27 14:35:19,220 BTPWorkerThread-1459 (_rx_task) root DEBUG client.py                 82    logger_log                : Read 7 bytes data
2026-03-27 14:35:19,220 BTPWorkerThread-1459 (_rx_task) root DEBUG client.py                 82    logger_log                : Received data: {'e0 4e e4 08 dc 1b 00'}, bytearray(b'\xe0N\xe4\x08\xdc\x1b\x00')
2026-03-27 14:35:19,220 BTPWorkerThread-1459 (_rx_task) root DEBUG client.py                 82    logger_log                : event_handler Header(svc_id=34, op=149, ctrl_index=0, data_len=7) (b'\xe0N\xe4\x08\xdc\x1b\x00',)
2026-03-27 14:35:19,220 BTPWorkerThread-1459 (_rx_task) root DEBUG client.py                 82    logger_log                : hfp_ag_ready_accept_audio_ev b'\xe0N\xe4\x08\xdc\x1b\x00' 7
2026-03-27 14:35:19,221 BTPWorkerThread-1459 (_rx_task) root DEBUG client.py                 82    logger_log                : HFP AG ready to accept audio from addr b'N\xe4\x08\xdc\x1b\x00'
2026-03-27 14:35:20,214 LT1-callback ClientCallback.on_implicit_send INFO client.py                 82    logger_log                : 
    ********************
    BEGIN OnImplicitSend:
    project_name: HFP
    wid: 153
    test_case_name: HFP/AG/VRA/BV-04-C
    description: Verify that at least one of the following statements are true:
1. An audio notification, alerting the user that Voice Recognition is activated and waiting for voice input was heard on the Implementation Under Test (IUT).
2. An audio connection is present.
Click OK to continue.
    style: MMI_Style_Ok_Cancel1 0x11041
2026-03-27 14:35:20,214 LT1-callback ClientCallback.on_implicit_send INFO client.py                 82    logger_log                : Calling test cases on_implicit_send
2026-03-27 14:35:20,214 LT1-callback ClientCallback.on_implicit_send INFO client.py                 82    logger_log                : 
    on_implicit_send returned response: WAIT
    END OnImplicitSend
    ********************
2026-03-27 14:35:21,209 LT1-thread root DEBUG client.py                 82    logger_log                : HFP HFP/AG/VRA/BV-04-C on_implicit_send
2026-03-27 14:35:21,209 LT1-thread root DEBUG client.py                 82    logger_log                : hfp_ag_wid_hdl, 153, Verify that at least one of the following statements are true:
1. An audio notification, alerting the user that Voice Recognition is activated and waiting for voice input was heard on the Implementation Under Test (IUT).
2. An audio connection is present.
Click OK to continue., HFP/AG/VRA/BV-04-C
2026-03-27 14:35:21,209 LT1-thread root DEBUG client.py                 82    logger_log                : Sending response 'OK' to wid 153 test case HFP/AG/VRA/BV-04-C
2026-03-27 14:35:21,211 LT1-thread root DEBUG client.py                 82    logger_log                : ClientCallback.get_result run_test_case
2026-03-27 14:35:24,217 LT1-callback ClientCallback.on_implicit_send INFO client.py                 82    logger_log                : 
    ********************
    BEGIN OnImplicitSend:
    project_name: HFP
    wid: 3
    test_case_name: HFP/AG/VRA/BV-04-C
    description: Click Ok, then initiate an audio connection (SCO) from the Implementation Under Test (IUT) to the PTS.
    style: MMI_Style_Ok_Cancel1 0x11041
2026-03-27 14:35:24,217 LT1-callback ClientCallback.on_implicit_send INFO client.py                 82    logger_log                : Calling test cases on_implicit_send
2026-03-27 14:35:24,217 LT1-callback ClientCallback.on_implicit_send INFO client.py                 82    logger_log                : 
    on_implicit_send returned response: WAIT
    END OnImplicitSend
    ********************
2026-03-27 14:35:25,213 LT1-thread root DEBUG client.py                 82    logger_log                : HFP HFP/AG/VRA/BV-04-C on_implicit_send
2026-03-27 14:35:25,213 LT1-thread root DEBUG client.py                 82    logger_log                : hfp_ag_wid_hdl, 3, Click Ok, then initiate an audio connection (SCO) from the Implementation Under Test (IUT) to the PTS., HFP/AG/VRA/BV-04-C
2026-03-27 14:35:25,213 LT1-thread root DEBUG client.py                 82    logger_log                : hfp_ag_audio_connect None 224 1
2026-03-27 14:35:25,213 LT1-thread root DEBUG client.py                 82    logger_log                : send, 34 17 0 "bytearray(b'\\xe0N\\xe4\\x08\\xdc\\x1b\\x00\\x01')"
2026-03-27 14:35:25,213 LT1-thread root DEBUG client.py                 82    logger_log                : sending frame '2211000800e04ee408dc1b0001'
2026-03-27 14:35:25,213 LT1-thread root DEBUG client.py                 82    logger_log                : read
2026-03-27 14:35:25,246 BTPWorkerThread-1459 (_rx_task) root DEBUG client.py                 82    logger_log                : Read 5 bytes
2026-03-27 14:35:25,256 BTPWorkerThread-1459 (_rx_task) root DEBUG client.py                 82    logger_log                : Received: hdr: Header(svc_id=0x22, op=0x11, ctrl_index=0x00, data_len=0x00) bytearray(b'"\x11\x00\x00\x00')
2026-03-27 14:35:25,261 BTPWorkerThread-1459 (_rx_task) root DEBUG client.py                 82    logger_log                : Received data: {''}, bytearray(b'')
2026-03-27 14:35:25,266 LT1-thread root DEBUG client.py                 82    logger_log                : Sending response 'OK' to wid 3 test case HFP/AG/VRA/BV-04-C
2026-03-27 14:35:25,268 LT1-thread root DEBUG client.py                 82    logger_log                : ClientCallback.get_result run_test_case
2026-03-27 14:35:25,287 LT1-callback ClientCallback.on_implicit_send INFO client.py                 82    logger_log                : 
    ********************
    BEGIN OnImplicitSend:
    project_name: HFP
    wid: 219
    test_case_name: HFP/AG/VRA/BV-04-C
    description: Place the Implementation Under Test (IUT) in a state which will allow a voice recognition deactivation from PTS, then click Ok.
    style: MMI_Style_Ok_Cancel1 0x11041
2026-03-27 14:35:25,287 LT1-callback ClientCallback.on_implicit_send INFO client.py                 82    logger_log                : Calling test cases on_implicit_send
2026-03-27 14:35:25,287 LT1-callback ClientCallback.on_implicit_send INFO client.py                 82    logger_log                : 
    on_implicit_send returned response: WAIT
    END OnImplicitSend
    ********************
2026-03-27 14:35:25,337 BTPWorkerThread-1459 (_rx_task) root DEBUG client.py                 82    logger_log                : Read 5 bytes
2026-03-27 14:35:25,337 BTPWorkerThread-1459 (_rx_task) root DEBUG client.py                 82    logger_log                : Received: hdr: Header(svc_id=0x22, op=0x82, ctrl_index=0x00, data_len=0x07) bytearray(b'"\x82\x00\x07\x00')
2026-03-27 14:35:25,339 BTPWorkerThread-1459 (_rx_task) root DEBUG client.py                 82    logger_log                : Read 7 bytes data
2026-03-27 14:35:25,339 BTPWorkerThread-1459 (_rx_task) root DEBUG client.py                 82    logger_log                : Received data: {'e0 4e e4 08 dc 1b 00'}, bytearray(b'\xe0N\xe4\x08\xdc\x1b\x00')
2026-03-27 14:35:25,339 BTPWorkerThread-1459 (_rx_task) root DEBUG client.py                 82    logger_log                : event_handler Header(svc_id=34, op=130, ctrl_index=0, data_len=7) (b'\xe0N\xe4\x08\xdc\x1b\x00',)
2026-03-27 14:35:25,339 BTPWorkerThread-1459 (_rx_task) root DEBUG client.py                 82    logger_log                : hfp_ag_sco_connected_ev b'\xe0N\xe4\x08\xdc\x1b\x00' 7
2026-03-27 14:35:25,339 BTPWorkerThread-1459 (_rx_task) root DEBUG client.py                 82    logger_log                : HFP AG SCO connected to addr b'N\xe4\x08\xdc\x1b\x00'
2026-03-27 14:35:26,269 LT1-thread root DEBUG client.py                 82    logger_log                : HFP HFP/AG/VRA/BV-04-C on_implicit_send
2026-03-27 14:35:26,269 LT1-thread root DEBUG client.py                 82    logger_log                : hfp_ag_wid_hdl, 219, Place the Implementation Under Test (IUT) in a state which will allow a voice recognition deactivation from PTS, then click Ok., HFP/AG/VRA/BV-04-C
2026-03-27 14:35:26,269 LT1-thread root DEBUG client.py                 82    logger_log                : Sending response 'OK' to wid 219 test case HFP/AG/VRA/BV-04-C
2026-03-27 14:35:26,271 LT1-thread root DEBUG client.py                 82    logger_log                : ClientCallback.get_result run_test_case
2026-03-27 14:35:26,306 BTPWorkerThread-1459 (_rx_task) root DEBUG client.py                 82    logger_log                : Read 5 bytes
2026-03-27 14:35:26,307 LT1-callback ClientCallback.on_implicit_send INFO client.py                 82    logger_log                : 
    ********************
    BEGIN OnImplicitSend:
    project_name: HFP
    wid: 4
    test_case_name: HFP/AG/VRA/BV-04-C
    description: Click Ok, then close the audio connection (SCO) between the Implementation Under Test (IUT) and the PTS.  Do not close the service level connection (SLC) or power-off the IUT.
    style: MMI_Style_Ok_Cancel1 0x11041
2026-03-27 14:35:26,307 LT1-callback ClientCallback.on_implicit_send INFO client.py                 82    logger_log                : Calling test cases on_implicit_send
2026-03-27 14:35:26,307 LT1-callback ClientCallback.on_implicit_send INFO client.py                 82    logger_log                : 
    on_implicit_send returned response: WAIT
    END OnImplicitSend
    ********************
2026-03-27 14:35:26,307 BTPWorkerThread-1459 (_rx_task) root DEBUG client.py                 82    logger_log                : Received: hdr: Header(svc_id=0x22, op=0x94, ctrl_index=0x00, data_len=0x08) bytearray(b'"\x94\x00\x08\x00')
2026-03-27 14:35:26,307 BTPWorkerThread-1459 (_rx_task) root DEBUG client.py                 82    logger_log                : Read 8 bytes data
2026-03-27 14:35:26,308 BTPWorkerThread-1459 (_rx_task) root DEBUG client.py                 82    logger_log                : Received data: {'e0 4e e4 08 dc 1b 00 00'}, bytearray(b'\xe0N\xe4\x08\xdc\x1b\x00\x00')
2026-03-27 14:35:26,308 BTPWorkerThread-1459 (_rx_task) root DEBUG client.py                 82    logger_log                : event_handler Header(svc_id=34, op=148, ctrl_index=0, data_len=8) (b'\xe0N\xe4\x08\xdc\x1b\x00\x00',)
2026-03-27 14:35:26,308 BTPWorkerThread-1459 (_rx_task) root DEBUG client.py                 82    logger_log                : hfp_ag_voice_recognition_ev b'\xe0N\xe4\x08\xdc\x1b\x00\x00' 8
2026-03-27 14:35:26,308 BTPWorkerThread-1459 (_rx_task) root DEBUG client.py                 82    logger_log                : HFP AG voice recognition from addr b'N\xe4\x08\xdc\x1b\x00', activate 0
2026-03-27 14:35:27,272 LT1-thread root DEBUG client.py                 82    logger_log                : HFP HFP/AG/VRA/BV-04-C on_implicit_send
2026-03-27 14:35:27,272 LT1-thread root DEBUG client.py                 82    logger_log                : hfp_ag_wid_hdl, 4, Click Ok, then close the audio connection (SCO) between the Implementation Under Test (IUT) and the PTS.  Do not close the service level connection (SLC) or power-off the IUT., HFP/AG/VRA/BV-04-C
2026-03-27 14:35:27,272 LT1-thread root DEBUG client.py                 82    logger_log                : hfp_ag_audio_disconnect None 224
2026-03-27 14:35:27,272 LT1-thread root DEBUG client.py                 82    logger_log                : send, 34 18 0 "bytearray(b'\\xe0N\\xe4\\x08\\xdc\\x1b\\x00')"
2026-03-27 14:35:27,272 LT1-thread root DEBUG client.py                 82    logger_log                : sending frame '2212000700e04ee408dc1b00'
2026-03-27 14:35:27,273 LT1-thread root DEBUG client.py                 82    logger_log                : read
2026-03-27 14:35:27,313 BTPWorkerThread-1459 (_rx_task) root DEBUG client.py                 82    logger_log                : Read 5 bytes
2026-03-27 14:35:27,325 BTPWorkerThread-1459 (_rx_task) root DEBUG client.py                 82    logger_log                : Received: hdr: Header(svc_id=0x22, op=0x12, ctrl_index=0x00, data_len=0x00) bytearray(b'"\x12\x00\x00\x00')
2026-03-27 14:35:27,330 BTPWorkerThread-1459 (_rx_task) root DEBUG client.py                 82    logger_log                : Received data: {''}, bytearray(b'')
2026-03-27 14:35:27,330 LT1-thread root DEBUG client.py                 82    logger_log                : Sending response 'OK' to wid 4 test case HFP/AG/VRA/BV-04-C
2026-03-27 14:35:27,332 LT1-thread root DEBUG client.py                 82    logger_log                : ClientCallback.get_result run_test_case
2026-03-27 14:35:27,334 LT1-callback ClientCallback.on_implicit_send INFO client.py                 82    logger_log                : 
    ********************
    BEGIN OnImplicitSend:
    project_name: HFP
    wid: 2
    test_case_name: HFP/AG/VRA/BV-04-C
    description: Click Ok, then disable the service level connection using the Implementation Under Test (IUT).
    style: MMI_Style_Ok 0x11040
2026-03-27 14:35:27,334 LT1-callback ClientCallback.on_implicit_send INFO client.py                 82    logger_log                : Calling test cases on_implicit_send
2026-03-27 14:35:27,334 LT1-callback ClientCallback.on_implicit_send INFO client.py                 82    logger_log                : 
    on_implicit_send returned response: WAIT
    END OnImplicitSend
    ********************
2026-03-27 14:35:27,336 BTPWorkerThread-1459 (_rx_task) root DEBUG client.py                 82    logger_log                : Read 5 bytes
2026-03-27 14:35:27,336 BTPWorkerThread-1459 (_rx_task) root DEBUG client.py                 82    logger_log                : Received: hdr: Header(svc_id=0x22, op=0x83, ctrl_index=0x00, data_len=0x08) bytearray(b'"\x83\x00\x08\x00')
2026-03-27 14:35:27,336 BTPWorkerThread-1459 (_rx_task) root DEBUG client.py                 82    logger_log                : Read 8 bytes data
2026-03-27 14:35:27,336 BTPWorkerThread-1459 (_rx_task) root DEBUG client.py                 82    logger_log                : Received data: {'e0 4e e4 08 dc 1b 00 16'}, bytearray(b'\xe0N\xe4\x08\xdc\x1b\x00\x16')
2026-03-27 14:35:27,336 BTPWorkerThread-1459 (_rx_task) root DEBUG client.py                 82    logger_log                : event_handler Header(svc_id=34, op=131, ctrl_index=0, data_len=8) (b'\xe0N\xe4\x08\xdc\x1b\x00\x16',)
2026-03-27 14:35:27,336 BTPWorkerThread-1459 (_rx_task) root DEBUG client.py                 82    logger_log                : hfp_ag_sco_disconnected_ev b'\xe0N\xe4\x08\xdc\x1b\x00\x16' 8
2026-03-27 14:35:27,336 BTPWorkerThread-1459 (_rx_task) root DEBUG client.py                 82    logger_log                : HFP AG SCO disconnected from addr b'N\xe4\x08\xdc\x1b\x00', reason 22
2026-03-27 14:35:28,333 LT1-thread root DEBUG client.py                 82    logger_log                : HFP HFP/AG/VRA/BV-04-C on_implicit_send
2026-03-27 14:35:28,333 LT1-thread root DEBUG client.py                 82    logger_log                : hfp_ag_wid_hdl, 2, Click Ok, then disable the service level connection using the Implementation Under Test (IUT)., HFP/AG/VRA/BV-04-C
2026-03-27 14:35:28,334 LT1-thread root DEBUG client.py                 82    logger_log                : hfp_ag_disconnect None 224
2026-03-27 14:35:28,334 LT1-thread root DEBUG client.py                 82    logger_log                : send, 34 3 0 "bytearray(b'\\xe0N\\xe4\\x08\\xdc\\x1b\\x00')"
2026-03-27 14:35:28,334 LT1-thread root DEBUG client.py                 82    logger_log                : sending frame '2203000700e04ee408dc1b00'
2026-03-27 14:35:28,334 LT1-thread root DEBUG client.py                 82    logger_log                : read
2026-03-27 14:35:28,369 BTPWorkerThread-1459 (_rx_task) root DEBUG client.py                 82    logger_log                : Read 5 bytes
2026-03-27 14:35:28,379 BTPWorkerThread-1459 (_rx_task) root DEBUG client.py                 82    logger_log                : Received: hdr: Header(svc_id=0x22, op=0x03, ctrl_index=0x00, data_len=0x00) bytearray(b'"\x03\x00\x00\x00')
2026-03-27 14:35:28,379 BTPWorkerThread-1459 (_rx_task) root DEBUG client.py                 82    logger_log                : Received data: {''}, bytearray(b'')
2026-03-27 14:35:28,380 LT1-thread root DEBUG client.py                 82    logger_log                : Sending response 'Ok' to wid 2 test case HFP/AG/VRA/BV-04-C
2026-03-27 14:35:28,380 BTPWorkerThread-1459 (_rx_task) root DEBUG client.py                 82    logger_log                : Read 5 bytes
2026-03-27 14:35:28,380 BTPWorkerThread-1459 (_rx_task) root DEBUG client.py                 82    logger_log                : Received: hdr: Header(svc_id=0x22, op=0x81, ctrl_index=0x00, data_len=0x07) bytearray(b'"\x81\x00\x07\x00')
2026-03-27 14:35:28,381 BTPWorkerThread-1459 (_rx_task) root DEBUG client.py                 82    logger_log                : Read 7 bytes data
2026-03-27 14:35:28,381 BTPWorkerThread-1459 (_rx_task) root DEBUG client.py                 82    logger_log                : Received data: {'e0 4e e4 08 dc 1b 00'}, bytearray(b'\xe0N\xe4\x08\xdc\x1b\x00')
2026-03-27 14:35:28,381 BTPWorkerThread-1459 (_rx_task) root DEBUG client.py                 82    logger_log                : event_handler Header(svc_id=34, op=129, ctrl_index=0, data_len=7) (b'\xe0N\xe4\x08\xdc\x1b\x00',)
2026-03-27 14:35:28,381 BTPWorkerThread-1459 (_rx_task) root DEBUG client.py                 82    logger_log                : hfp_ag_disconnected_ev b'\xe0N\xe4\x08\xdc\x1b\x00' 7
2026-03-27 14:35:28,381 BTPWorkerThread-1459 (_rx_task) root DEBUG client.py                 82    logger_log                : HFP AG disconnected from addr b'N\xe4\x08\xdc\x1b\x00'
2026-03-27 14:35:28,382 LT1-thread root DEBUG client.py                 82    logger_log                : ClientCallback.get_result run_test_case
2026-03-27 14:35:29,389 BTPWorkerThread-1459 (_rx_task) root DEBUG client.py                 82    logger_log                : Read 5 bytes
2026-03-27 14:35:29,389 BTPWorkerThread-1459 (_rx_task) root DEBUG client.py                 82    logger_log                : Received: hdr: Header(svc_id=0x01, op=0x83, ctrl_index=0x00, data_len=0x07) bytearray(b'\x01\x83\x00\x07\x00')
2026-03-27 14:35:29,390 BTPWorkerThread-1459 (_rx_task) root DEBUG client.py                 82    logger_log                : Read 7 bytes data
2026-03-27 14:35:29,390 BTPWorkerThread-1459 (_rx_task) root DEBUG client.py                 82    logger_log                : Received data: {'e0 4e e4 08 dc 1b 00'}, bytearray(b'\xe0N\xe4\x08\xdc\x1b\x00')
2026-03-27 14:35:29,390 BTPWorkerThread-1459 (_rx_task) root DEBUG client.py                 82    logger_log                : event_handler Header(svc_id=1, op=131, ctrl_index=0, data_len=7) (b'\xe0N\xe4\x08\xdc\x1b\x00',)
2026-03-27 14:35:29,390 BTPWorkerThread-1459 (_rx_task) root DEBUG client.py                 82    logger_log                : gap_disconnected_ev_ b'\xe0N\xe4\x08\xdc\x1b\x00'
2026-03-27 14:35:32,169 LT1-callback ClientCallback.log INFO client.py                 82    logger_log                : PTS_LOGTYPE_START_TEST Start Test Case 

+140 ms
 HFP/AG/VRA/BV-04-C HFP/AG/VRA/BV-04-C

2026-03-27 14:35:32,763 LT1-callback ClientCallback.log INFO client.py                 82    logger_log                : PTS_LOGTYPE_FINAL_VERDICT Final Verdict 

+19453 ms
 HFP/AG/VRA/BV-04-C PASS

2026-03-27 14:35:32,768 LT1-callback ClientCallback.log INFO client.py                 82    logger_log                : PTS_LOGTYPE_FINAL_VERDICT Encrypted Verdict 

+19453 ms
 HFP/AG/VRA/BV-04-C A1#ZWY4MzQ5MDg3MmQwNTIxOGQzMzQ5YjY2ODA5M2MzNjQ5ZDY4NmY0Yjc2MzIzM2VkNTUyNTFhNGU4Mjg1MjI0NA==#anuBtxXY/fT6ugilHdUCKJq8R2DNyzlrTNcJRuhTqZzVFSPXRm8aZ9Jq3fJVTyop

2026-03-27 14:35:32,773 LT1-callback ClientCallback.log INFO client.py                 82    logger_log                : PTS_LOGTYPE_END_TEST Test Case Ended 

+19453 ms
 HFP/AG/VRA/BV-04-C HFP/AG/VRA/BV-04-C

2026-03-27 14:35:32,878 LT1-callback root DEBUG client.py                 82    logger_log                : ClientCallback, set_result, run_test_case, PASS
2026-03-27 14:35:32,879 LT1-thread root DEBUG client.py                 82    logger_log                : After run_test_case error_code=0 status='PASS'
2026-03-27 14:35:32,879 LT1-thread root DEBUG client.py                 82    logger_log                : post_run HFP HFP/AG/VRA/BV-04-C 0
2026-03-27 14:35:32,879 LT1-thread root DEBUG client.py                 82    logger_log                : Starting test function: class=<class 'autopts.ptsprojects.testcase.TestFuncCleanUp'>, func=<bound method Stack.cleanup of <autopts.ptsprojects.stack.stack.Stack object at 0x00000285DC63BA70>> start_wid=None stop_wid=None post_wid=None skip_call=None call_count=1 args=() kwds={}
2026-03-27 14:35:32,879 LT1-thread root DEBUG client.py                 82    logger_log                : Test function parameters: args=(), kwds={}
2026-03-27 14:35:32,879 LT1-thread root DEBUG client.py                 82    logger_log                : Starting test function: class=<class 'autopts.ptsprojects.testcase.TestFuncCleanUp'>, func=<bound method ZephyrCtl.stop of <autopts.ptsprojects.zephyr.iutctl.ZephyrCtl object at 0x00000285DC5B4CB0>> start_wid=None stop_wid=None post_wid=None skip_call=None call_count=1 args=() kwds={}
2026-03-27 14:35:32,879 LT1-thread root DEBUG client.py                 82    logger_log                : Test function parameters: args=(), kwds={}
2026-03-27 14:35:32,880 LT1-thread root DEBUG client.py                 82    logger_log                : <class 'autopts.ptsprojects.zephyr.iutctl.ZephyrCtl'>.stop
2026-03-27 14:35:32,880 LT1-thread root DEBUG client.py                 82    logger_log                : About to reset DUT: JLink -CommandFile reset.jlink -usb 1063214216 -device MIMXRT1176XXXA_M7
2026-03-27 14:35:33,248 BTPWorkerThread-1459 (_rx_task) root DEBUG client.py                 82    logger_log                : Read 5 bytes
2026-03-27 14:35:33,249 BTPWorkerThread-1459 (_rx_task) root DEBUG client.py                 82    logger_log                : Received: hdr: Header(svc_id=0x00, op=0x80, ctrl_index=0xff, data_len=0x00) bytearray(b'\x00\x80\xff\x00\x00')
2026-03-27 14:35:33,249 BTPWorkerThread-1459 (_rx_task) root DEBUG client.py                 82    logger_log                : Received data: {''}, bytearray(b'')
2026-03-27 14:35:33,249 BTPWorkerThread-1459 (_rx_task) root DEBUG client.py                 82    logger_log                : event_handler Header(svc_id=0, op=128, ctrl_index=255, data_len=0) (b'',)
2026-03-27 14:35:33,249 BTPWorkerThread-1459 (_rx_task) root DEBUG client.py                 82    logger_log                : core_iut_ready_ev
2026-03-27 14:35:33,723 LT1-thread root DEBUG client.py                 82    logger_log                : IUT ready event received OK
2026-03-27 14:35:33,723 LT1-thread root DEBUG client.py                 82    logger_log                : Waiting for _rx_worker to finish ...
2026-03-27 14:35:34,250 BTPWorkerThread-1459 (_rx_task) root DEBUG client.py                 82    logger_log                : BTPWorkerThread-1459 (_rx_task) finishing...
2026-03-27 14:35:37,258 LT1-thread root DEBUG client.py                 82    logger_log                : post_run, cleanup running post test case script
2026-03-27 14:35:37,258 LT1-thread root DEBUG client.py                 82    logger_log                : post_run, run post test case script
2026-03-27 14:35:37,351 LT1-thread root DEBUG client.py                 82    logger_log                : Done TestCase _run_test_case HFP HFP/AG/VRA/BV-04-C
