12:33:21:632    > BTP_CORE_CMD_READ_SUPPORTED_SERVICES (0x00|0x02|0xff)
                  raw data (0): 00 02 ff 00 00|
12:33:21:712    < BTP_CORE_CMD_READ_SUPPORTED_SERVICES (0x00|0x02|0xff)
                  raw data (6): 00 02 ff 06 00|0f 00 00 a0 ff 03
12:33:21:713    > BTP_CORE_CMD_REGISTER_SERVICE (0x00|0x03|0xff)
                  raw data (1): 00 03 ff 01 00|01
12:33:25:840    < BTP_CORE_CMD_REGISTER_SERVICE (0x00|0x03|0xff)
                  raw data (0): 00 03 ff 00 00|
12:33:25:847    > BTP_GAP_CMD_READ_SUPPORTED_COMMANDS (0x01|0x01|0xff)
                  raw data (0): 01 01 ff 00 00|
12:33:25:932    < BTP_GAP_CMD_READ_SUPPORTED_COMMANDS (0x01|0x01|0xff)
                  raw data (7): 01 01 ff 07 00|6e ff 7f 1f fe ff 2e
12:33:25:954    > BTP_GAP_CMD_READ_CONTROLLER_INFO (0x01|0x03|0x00)
                  raw data (0): 01 03 00 00 00|
12:33:26:075    < BTP_GAP_CMD_READ_CONTROLLER_INFO (0x01|0x03|0x00)
                  raw data (277): 
                  01 03 00 15 01|19 78 ee 69 17 d0 d3 06 02 00 13 
                  02 00 00 00 00 00 62 74 70 5f 74 65 73 74 65 72 
                  00 00 00 00 00 00 00 00 00 00 00 00 00 00 00 00 
                  00 00 00 00 00 00 00 00 00 00 00 00 00 00 00 00 
                  00 00 00 00 00 00 00 00 00 00 00 00 00 00 00 00 
                  00 00 00 00 00 00 00 00 00 00 00 00 00 00 00 00 
                  00 00 00 00 00 00 00 00 00 00 00 00 00 00 00 00 
                  00 00 00 00 00 00 00 00 00 00 00 00 00 00 00 00 
                  00 00 00 00 00 00 00 00 00 00 00 00 00 00 00 00 
                  00 00 00 00 00 00 00 00 00 00 00 00 00 00 00 00 
                  00 00 00 00 00 00 00 00 00 00 00 00 00 00 00 00 
                  00 00 00 00 00 00 00 00 00 00 00 00 00 00 00 00 
                  00 00 00 00 00 00 00 00 00 00 00 00 00 00 00 00 
                  00 00 00 00 00 00 00 00 00 00 00 00 00 00 00 00 
                  00 00 00 00 00 00 00 00 00 00 00 00 00 00 00 00 
                  00 00 00 00 00 00 00 00 00 00 00 00 00 00 00 00 
                  00 00 00 00 00 00 00 00 00 00 00 00 00 00 00 00 
                  00 00 00 00 00 00 00 00 00 00
12:33:26:082    > BTP_CORE_CMD_REGISTER_SERVICE (0x00|0x03|0xff)
                  raw data (31): 00 03 ff 01 00|1f
12:33:26:116    < BTP_CORE_CMD_REGISTER_SERVICE (0x00|0x03|0xff)
                  raw data (0): 00 03 ff 00 00|
12:33:26:117    > BTP_SDP_CMD_READ_SUPPORTED_COMMANDS (0x1f|0x01|0xff)
                  raw data (0): 1f 01 ff 00 00|
12:33:26:365    < BTP_SDP_CMD_READ_SUPPORTED_COMMANDS (0x1f|0x01|0xff)
                  raw data (1): 1f 01 ff 01 00|1e
12:33:26:373    > BTP_GAP_CMD_SET_IO_CAP (0x01|0x10|0x00)
                  raw data (1): 01 10 00 01 00|03
12:33:26:468    < BTP_GAP_CMD_SET_IO_CAP (0x01|0x10|0x00)
                  raw data (0): 01 10 00 00 00|
12:33:26:480    > BTP_GAP_CMD_SET_DISCOVERABLE (0x01|0x08|0x00)
                  raw data (1): 01 08 00 01 00|01
12:33:26:580    < BTP_GAP_CMD_SET_DISCOVERABLE (0x01|0x08|0x00)
                  raw data (4): 01 08 00 04 00|1b 02 00 00
12:33:28:590    > BTP_GAP_CMD_START_DISCOVERY (0x01|0x0c|0x00)
                  raw data (1): 01 0c 00 01 00|02
12:33:28:627    < BTP_GAP_CMD_START_DISCOVERY (0x01|0x0c|0x00)
                  raw data (0): 01 0c 00 00 00|
12:33:29:205    < BTP_GAP_EV_DEVICE_FOUND (0x01|0x81|0x00)
                  raw data (11): 01 81 00 0b 00|e0 53 00 4c 17 e5 44 ac 03 00 00
12:33:29:718    < BTP_GAP_EV_DEVICE_FOUND (0x01|0x81|0x00)
                  raw data (43): 
                  01 81 00 2b 00|e0 18 b5 40 f4 3a 74 a8 03 20 00 
                  0e 09 47 4f 50 4d 49 4e 49 4c 41 50 54 4f 50 02 
                  0a 0c 0d 03 0c 11 0a 11 0b 11 0e 11 1f 11 1e 11
12:33:30:450    < BTP_GAP_EV_DEVICE_FOUND (0x01|0x81|0x00)
                  raw data (11): 01 81 00 0b 00|e0 bd 14 87 4a b0 4c a8 03 00 00
12:33:30:869    < BTP_GAP_EV_DEVICE_FOUND (0x01|0x81|0x00)
                  raw data (11): 01 81 00 0b 00|e0 4e e4 08 dc 1b 00 ce 03 00 00
12:33:31:085    < BTP_GAP_EV_DEVICE_FOUND (0x01|0x81|0x00)
                  raw data (38): 
                  01 81 00 26 00|e0 53 00 4c 17 e5 44 ab 03 1b 00 
                  09 09 4e 58 4c 36 36 35 32 38 02 0a 0c 0d 03 0c 
                  11 0a 11 0b 11 0e 11 1f 11 1e 11
12:33:31:127    < BTP_GAP_EV_DEVICE_FOUND (0x01|0x81|0x00)
                  raw data (26): 
                  01 81 00 1a 00|e0 4e e4 08 dc 1b 00 d0 03 0f 00 
                  0e 09 50 54 53 2d 53 44 50 2d 45 34 34 45 00
12:33:31:913    < BTP_GAP_EV_DEVICE_FOUND (0x01|0x81|0x00)
                  raw data (42): 
                  01 81 00 2a 00|e0 95 83 06 dc 1b 00 ac 03 1f 00 
                  1e 09 48 46 50 20 41 47 20 44 65 6d 6f 20 30 30 
                  3a 31 42 3a 44 43 3a 30 36 3a 38 33 3a 39 35
12:33:32:151    < BTP_GAP_EV_DEVICE_FOUND (0x01|0x81|0x00)
                  raw data (11): 01 81 00 0b 00|e0 cd 83 06 dc 1b 00 ae 03 00 00
12:33:32:215    < BTP_GAP_EV_DEVICE_FOUND (0x01|0x81|0x00)
                  raw data (42): 
                  01 81 00 2a 00|e0 cd 83 06 dc 1b 00 a9 03 1f 00 
                  1e 09 41 32 44 50 20 53 6f 75 72 63 65 20 30 30 
                  3a 31 42 3a 44 43 3a 30 36 3a 38 33 3a 43 44
12:33:32:311    < BTP_GAP_EV_DEVICE_FOUND (0x01|0x81|0x00)
                  raw data (42): 
                  01 81 00 2a 00|e0 4d 65 9b 70 f3 5c a3 03 1f 00 
                  1e 09 48 46 50 20 41 47 20 44 65 6d 6f 20 35 43 
                  3a 46 33 3a 37 30 3a 39 42 3a 36 35 3a 34 44
12:33:32:512    < BTP_GAP_EV_DEVICE_FOUND (0x01|0x81|0x00)
                  raw data (42): 
                  01 81 00 2a 00|e0 95 83 06 dc 1b 00 aa 03 1f 00 
                  1e 09 48 46 50 20 41 47 20 44 65 6d 6f 20 30 30 
                  3a 31 42 3a 44 43 3a 30 36 3a 38 33 3a 39 35
12:33:32:543    < BTP_GAP_EV_DEVICE_FOUND (0x01|0x81|0x00)
                  raw data (11): 01 81 00 0b 00|e0 4d 65 9b 70 f3 5c a5 03 00 00
12:33:32:715    < BTP_GAP_EV_DEVICE_FOUND (0x01|0x81|0x00)
                  raw data (11): 01 81 00 0b 00|e0 95 83 06 dc 1b 00 ae 03 00 00
12:33:32:938    < BTP_GAP_EV_DEVICE_FOUND (0x01|0x81|0x00)
                  raw data (42): 
                  01 81 00 2a 00|e0 cd 83 06 dc 1b 00 ab 03 1f 00 
                  1e 09 41 32 44 50 20 53 6f 75 72 63 65 20 30 30 
                  3a 31 42 3a 44 43 3a 30 36 3a 38 33 3a 43 44
12:33:34:051    < BTP_GAP_EV_DEVICE_FOUND (0x01|0x81|0x00)
                  raw data (26): 
                  01 81 00 1a 00|e0 4e e4 08 dc 1b 00 ce 03 0f 00 
                  0e 09 50 54 53 2d 53 44 50 2d 45 34 34 45 00
12:33:34:168    < BTP_GAP_EV_DEVICE_FOUND (0x01|0x81|0x00)
                  raw data (11): 01 81 00 0b 00|e0 18 b5 40 f4 3a 74 a1 03 00 00
12:33:34:211    < BTP_GAP_EV_DEVICE_FOUND (0x01|0x81|0x00)
                  raw data (26): 
                  01 81 00 1a 00|e0 4e e4 08 dc 1b 00 cd 03 0f 00 
                  0e 09 50 54 53 2d 53 44 50 2d 45 34 34 45 00
12:33:34:284    < BTP_GAP_EV_DEVICE_FOUND (0x01|0x81|0x00)
                  raw data (39): 
                  01 81 00 27 00|e0 bd 14 87 4a b0 4c a7 03 1c 00 
                  0a 09 53 4d 57 30 31 34 33 33 35 02 0a 0c 0d 03 
                  0a 11 0c 11 0e 11 0b 11 1f 11 1e 11
12:33:34:466    < BTP_GAP_EV_DEVICE_FOUND (0x01|0x81|0x00)
                  raw data (39): 
                  01 81 00 27 00|e0 bd 14 87 4a b0 4c a8 03 1c 00 
                  0a 09 53 4d 57 30 31 34 33 33 35 02 0a 0c 0d 03 
                  0a 11 0c 11 0e 11 0b 11 1f 11 1e 11
12:33:34:657    < BTP_GAP_EV_DEVICE_FOUND (0x01|0x81|0x00)
                  raw data (38): 
                  01 81 00 26 00|e0 53 00 4c 17 e5 44 b1 03 1b 00 
                  09 09 4e 58 4c 36 36 35 32 38 02 0a 0c 0d 03 0c 
                  11 0a 11 0b 11 0e 11 1f 11 1e 11
12:33:34:805    < BTP_GAP_EV_DEVICE_FOUND (0x01|0x81|0x00)
                  raw data (26): 
                  01 81 00 1a 00|e0 4e e4 08 dc 1b 00 cc 03 0f 00 
                  0e 09 50 54 53 2d 53 44 50 2d 45 34 34 45 00
12:33:36:016    < BTP_GAP_EV_DEVICE_FOUND (0x01|0x81|0x00)
                  raw data (11): 01 81 00 0b 00|e0 18 b5 40 f4 3a 74 a4 03 00 00
12:33:36:092    < BTP_GAP_EV_DEVICE_FOUND (0x01|0x81|0x00)
                  raw data (26): 
                  01 81 00 1a 00|e0 4e e4 08 dc 1b 00 cc 03 0f 00 
                  0e 09 50 54 53 2d 53 44 50 2d 45 34 34 45 00
12:33:36:155    < BTP_GAP_EV_DEVICE_FOUND (0x01|0x81|0x00)
                  raw data (11): 01 81 00 0b 00|e0 bd 14 87 4a b0 4c a4 03 00 00
12:33:36:437    < BTP_GAP_EV_DEVICE_FOUND (0x01|0x81|0x00)
                  raw data (11): 01 81 00 0b 00|e0 cd 83 06 dc 1b 00 ab 03 00 00
12:33:36:640    < BTP_GAP_EV_DEVICE_FOUND (0x01|0x81|0x00)
                  raw data (42): 
                  01 81 00 2a 00|e0 cd 83 06 dc 1b 00 ad 03 1f 00 
                  1e 09 41 32 44 50 20 53 6f 75 72 63 65 20 30 30 
                  3a 31 42 3a 44 43 3a 30 36 3a 38 33 3a 43 44
12:33:36:759    < BTP_GAP_EV_DEVICE_FOUND (0x01|0x81|0x00)
                  raw data (11): 01 81 00 0b 00|e0 18 b5 40 f4 3a 74 a4 03 00 00
12:33:36:835    < BTP_GAP_EV_DEVICE_FOUND (0x01|0x81|0x00)
                  raw data (11): 01 81 00 0b 00|e0 bd 14 87 4a b0 4c a3 03 00 00
12:33:37:090    < BTP_GAP_EV_DEVICE_FOUND (0x01|0x81|0x00)
                  raw data (43): 
                  01 81 00 2b 00|e0 18 b5 40 f4 3a 74 a3 03 20 00 
                  0e 09 47 4f 50 4d 49 4e 49 4c 41 50 54 4f 50 02 
                  0a 0c 0d 03 0c 11 0a 11 0b 11 0e 11 1f 11 1e 11
12:33:37:475    < BTP_GAP_EV_DEVICE_FOUND (0x01|0x81|0x00)
                  raw data (21): 
                  01 81 00 15 00|e0 9e 03 80 3d 90 ee cb 03 0a 00 
                  09 09 58 32 31 00 00 00 00 00
12:33:37:582    < BTP_GAP_EV_DEVICE_FOUND (0x01|0x81|0x00)
                  raw data (42): 
                  01 81 00 2a 00|e0 cd 83 06 dc 1b 00 b1 03 1f 00 
                  1e 09 41 32 44 50 20 53 6f 75 72 63 65 20 30 30 
                  3a 31 42 3a 44 43 3a 30 36 3a 38 33 3a 43 44
12:33:37:889    < BTP_GAP_EV_DEVICE_FOUND (0x01|0x81|0x00)
                  raw data (42): 
                  01 81 00 2a 00|e0 cd 83 06 dc 1b 00 a8 03 1f 00 
                  1e 09 41 32 44 50 20 53 6f 75 72 63 65 20 30 30 
                  3a 31 42 3a 44 43 3a 30 36 3a 38 33 3a 43 44
12:33:38:134    < BTP_GAP_EV_DEVICE_FOUND (0x01|0x81|0x00)
                  raw data (21): 
                  01 81 00 15 00|e0 9e 03 80 3d 90 ee cb 03 0a 00 
                  09 09 58 32 31 00 00 00 00 00
12:33:38:496    < BTP_GAP_EV_DEVICE_FOUND (0x01|0x81|0x00)
                  raw data (38): 
                  01 81 00 26 00|e0 53 00 4c 17 e5 44 ad 03 1b 00 
                  09 09 4e 58 4c 36 36 35 32 38 02 0a 0c 0d 03 0c 
                  11 0a 11 0b 11 0e 11 1f 11 1e 11
12:33:38:628    > BTP_GAP_CMD_STOP_DISCOVERY (0x01|0x0d|0x00)
                  raw data (0): 01 0d 00 00 00|
12:33:38:666    < BTP_GAP_CMD_STOP_DISCOVERY (0x01|0x0d|0x00)
                  raw data (0): 01 0d 00 00 00|
12:33:38:667    > BTP_GAP_CMD_CONNECT (0x01|0x0e|0x00)
                  raw data (8): 01 0e 00 08 00|e0 4e e4 08 dc 1b 00 00
12:33:38:725    < BTP_GAP_CMD_CONNECT (0x01|0x0e|0x00)
                  raw data (0): 01 0e 00 00 00|
12:33:39:341    < BTP_GAP_EV_DEVICE_CONNECTED (0x01|0x82|0x00)
                  raw data (13): 
                  01 82 00 0d 00|e0 4e e4 08 dc 1b 00 00 00 00 00 
                  00 00
12:33:39:439    > BTP_SDP_CMD_SEARCH_REQ (0x1f|0x02|0x00)
                  raw data (10): 1f 02 00 0a 00|e0 4e e4 08 dc 1b 00 02 00 01
12:33:39:491    < BTP_SDP_CMD_SEARCH_REQ (0x1f|0x02|0x00)
                  raw data (0): 1f 02 00 00 00|
12:33:39:503    < BTP_SDP_EV_SERVICE_RECORD_HANDLE (0x1f|0x80|0x00)
                  raw data (12): 
                  1f 80 00 0c 00|e0 4e e4 08 dc 1b 00 01 02 00 01 
                  00
12:33:40:607    > BTP_SDP_CMD_ATTR_REQ (0x1f|0x03|0x00)
                  raw data (11): 1f 03 00 0b 00|e0 4e e4 08 dc 1b 00 02 00 01 00
12:33:40:650    < BTP_SDP_CMD_ATTR_REQ (0x1f|0x03|0x00)
                  raw data (0): 1f 03 00 00 00|
12:33:44:673    < BTP_GAP_EV_DEVICE_DISCONNECTED (0x01|0x83|0x00)
                  raw data (7): 01 83 00 07 00|e0 4e e4 08 dc 1b 00
12:33:48:200    < BTP_CORE_EV_IUT_READY (0x00|0x80|0xff)
                  raw data (0): 00 80 ff 00 00|
