14:26:57:587    > BTP_CORE_CMD_READ_SUPPORTED_SERVICES (0x00|0x02|0xff)
                  raw data (0): 00 02 ff 00 00|
14:26:57:618    < BTP_CORE_CMD_READ_SUPPORTED_SERVICES (0x00|0x02|0xff)
                  raw data (6): 00 02 ff 06 00|0f 00 00 a0 ff 03
14:26:57:625    > BTP_CORE_CMD_REGISTER_SERVICE (0x00|0x03|0xff)
                  raw data (1): 00 03 ff 01 00|01
14:27:01:803    < BTP_CORE_CMD_REGISTER_SERVICE (0x00|0x03|0xff)
                  raw data (0): 00 03 ff 00 00|
14:27:01:818    > BTP_GAP_CMD_READ_SUPPORTED_COMMANDS (0x01|0x01|0xff)
                  raw data (0): 01 01 ff 00 00|
14:27:01:921    < BTP_GAP_CMD_READ_SUPPORTED_COMMANDS (0x01|0x01|0xff)
                  raw data (7): 01 01 ff 07 00|6e ff 7f 1f fe ff 2e
14:27:02:033    > BTP_GAP_CMD_READ_CONTROLLER_INFO (0x01|0x03|0x00)
                  raw data (0): 01 03 00 00 00|
14:27:02:107    < BTP_GAP_CMD_READ_CONTROLLER_INFO (0x01|0x03|0x00)
                  raw data (277): 
                  01 03 00 15 01|19 78 ee 69 17 d0 d3 06 02 00 13 
                  02 00 00 00 00 00 62 74 70 5f 74 65 73 74 65 72 
                  00 00 00 00 00 00 00 00 00 00 00 00 00 00 00 00 
                  00 00 00 00 00 00 00 00 00 00 00 00 00 00 00 00 
                  00 00 00 00 00 00 00 00 00 00 00 00 00 00 00 00 
                  00 00 00 00 00 00 00 00 00 00 00 00 00 00 00 00 
                  00 00 00 00 00 00 00 00 00 00 00 00 00 00 00 00 
                  00 00 00 00 00 00 00 00 00 00 00 00 00 00 00 00 
                  00 00 00 00 00 00 00 00 00 00 00 00 00 00 00 00 
                  00 00 00 00 00 00 00 00 00 00 00 00 00 00 00 00 
                  00 00 00 00 00 00 00 00 00 00 00 00 00 00 00 00 
                  00 00 00 00 00 00 00 00 00 00 00 00 00 00 00 00 
                  00 00 00 00 00 00 00 00 00 00 00 00 00 00 00 00 
                  00 00 00 00 00 00 00 00 00 00 00 00 00 00 00 00 
                  00 00 00 00 00 00 00 00 00 00 00 00 00 00 00 00 
                  00 00 00 00 00 00 00 00 00 00 00 00 00 00 00 00 
                  00 00 00 00 00 00 00 00 00 00 00 00 00 00 00 00 
                  00 00 00 00 00 00 00 00 00 00
14:27:02:215    > BTP_CORE_CMD_REGISTER_SERVICE (0x00|0x03|0xff)
                  raw data (2): 00 03 ff 01 00|02
14:27:02:286    < BTP_CORE_CMD_REGISTER_SERVICE (0x00|0x03|0xff)
                  raw data (0): 00 03 ff 00 00|
14:27:02:292    > BTP_GATT_CMD_READ_SUPPORTED_COMMANDS (0x02|0x01|0xff)
                  raw data (0): 02 01 ff 00 00|
14:27:02:355    < BTP_GATT_CMD_READ_SUPPORTED_COMMANDS (0x02|0x01|0xff)
                  raw data (5): 02 01 ff 05 00|fe fe bf fd 0f
14:27:02:360    > BTP_GAP_CMD_SET_IO_CAP (0x01|0x10|0x00)
                  raw data (1): 01 10 00 01 00|04
14:27:02:446    < BTP_GAP_CMD_SET_IO_CAP (0x01|0x10|0x00)
                  raw data (0): 01 10 00 00 00|
14:27:02:507    > BTP_GAP_CMD_SET_IO_CAP (0x01|0x10|0x00)
                  raw data (1): 01 10 00 01 00|03
14:27:02:555    < BTP_GAP_CMD_SET_IO_CAP (0x01|0x10|0x00)
                  raw data (0): 01 10 00 00 00|
14:27:02:572    > BTP_CORE_CMD_REGISTER_SERVICE (0x00|0x03|0xff)
                  raw data (3): 00 03 ff 01 00|03
14:27:02:621    < BTP_CORE_CMD_REGISTER_SERVICE (0x00|0x03|0xff)
                  raw data (0): 00 03 ff 00 00|
14:27:02:622    > BTP_L2CAP_CMD_READ_SUPPORTED_COMMANDS (0x03|0x01|0xff)
                  raw data (0): 03 01 ff 00 00|
14:27:02:665    < BTP_L2CAP_CMD_READ_SUPPORTED_COMMANDS (0x03|0x01|0xff)
                  raw data (2): 03 01 ff 02 00|be 1f
14:27:02:672    > BTP_GAP_CMD_SET_IO_CAP (0x01|0x10|0x00)
                  raw data (1): 01 10 00 01 00|01
14:27:02:735    < BTP_GAP_CMD_SET_IO_CAP (0x01|0x10|0x00)
                  raw data (0): 01 10 00 00 00|
14:27:05:745    > BTP_GAP_CMD_START_DISCOVERY (0x01|0x0c|0x00)
                  raw data (1): 01 0c 00 01 00|02
14:27:05:788    < BTP_GAP_CMD_START_DISCOVERY (0x01|0x0c|0x00)
                  raw data (0): 01 0c 00 00 00|
14:27:06:892    < BTP_GAP_EV_DEVICE_FOUND (0x01|0x81|0x00)
                  raw data (38): 
                  01 81 00 26 00|e0 53 00 4c 17 e5 44 ac 03 1b 00 
                  09 09 4e 58 4c 36 36 35 32 38 02 0a 0c 0d 03 0c 
                  11 0a 11 0b 11 0e 11 1f 11 1e 11
14:27:07:080    < BTP_GAP_EV_DEVICE_FOUND (0x01|0x81|0x00)
                  raw data (11): 01 81 00 0b 00|e0 bd 14 87 4a b0 4c a8 03 00 00
14:27:07:123    < BTP_GAP_EV_DEVICE_FOUND (0x01|0x81|0x00)
                  raw data (38): 
                  01 81 00 26 00|e0 53 00 4c 17 e5 44 ab 03 1b 00 
                  09 09 4e 58 4c 36 36 35 32 38 02 0a 0c 0d 03 0c 
                  11 0a 11 0b 11 0e 11 1f 11 1e 11
14:27:07:124    < BTP_GAP_EV_DEVICE_FOUND (0x01|0x81|0x00)
                  raw data (39): 
                  01 81 00 27 00|e0 bd 14 87 4a b0 4c a6 03 1c 00 
                  0a 09 53 4d 57 30 31 34 33 33 35 02 0a 0c 0d 03 
                  0a 11 0c 11 0e 11 0b 11 1f 11 1e 11
14:27:07:305    < BTP_GAP_EV_DEVICE_FOUND (0x01|0x81|0x00)
                  raw data (11): 01 81 00 0b 00|e0 bd 14 87 4a b0 4c a5 03 00 00
14:27:08:018    < BTP_GAP_EV_DEVICE_FOUND (0x01|0x81|0x00)
                  raw data (26): 
                  01 81 00 1a 00|e0 4e e4 08 dc 1b 00 ce 03 0f 00 
                  0e 09 50 54 53 2d 47 41 50 2d 45 34 34 45 00
14:27:08:168    < BTP_GAP_EV_DEVICE_FOUND (0x01|0x81|0x00)
                  raw data (38): 
                  01 81 00 26 00|e0 53 00 4c 17 e5 44 b1 03 1b 00 
                  09 09 4e 58 4c 36 36 35 32 38 02 0a 0c 0d 03 0c 
                  11 0a 11 0b 11 0e 11 1f 11 1e 11
14:27:08:263    < BTP_GAP_EV_DEVICE_FOUND (0x01|0x81|0x00)
                  raw data (42): 
                  01 81 00 2a 00|e0 cd 83 06 dc 1b 00 b0 03 1f 00 
                  1e 09 41 32 44 50 20 53 6f 75 72 63 65 20 30 30 
                  3a 31 42 3a 44 43 3a 30 36 3a 38 33 3a 43 44
14:27:08:564    < BTP_GAP_EV_DEVICE_FOUND (0x01|0x81|0x00)
                  raw data (38): 
                  01 81 00 26 00|e0 53 00 4c 17 e5 44 af 03 1b 00 
                  09 09 4e 58 4c 36 36 35 32 38 02 0a 0c 0d 03 0c 
                  11 0a 11 0b 11 0e 11 1f 11 1e 11
14:27:09:109    < BTP_GAP_EV_DEVICE_FOUND (0x01|0x81|0x00)
                  raw data (38): 
                  01 81 00 26 00|e0 53 00 4c 17 e5 44 ac 03 1b 00 
                  09 09 4e 58 4c 36 36 35 32 38 02 0a 0c 0d 03 0c 
                  11 0a 11 0b 11 0e 11 1f 11 1e 11
14:27:09:375    < BTP_GAP_EV_DEVICE_FOUND (0x01|0x81|0x00)
                  raw data (43): 
                  01 81 00 2b 00|e0 18 b5 40 f4 3a 74 a5 03 20 00 
                  0e 09 47 4f 50 4d 49 4e 49 4c 41 50 54 4f 50 02 
                  0a 0c 0d 03 0c 11 0a 11 0b 11 0e 11 1f 11 1e 11
14:27:09:407    < BTP_GAP_EV_DEVICE_FOUND (0x01|0x81|0x00)
                  raw data (38): 
                  01 81 00 26 00|e0 53 00 4c 17 e5 44 b0 03 1b 00 
                  09 09 4e 58 4c 36 36 35 32 38 02 0a 0c 0d 03 0c 
                  11 0a 11 0b 11 0e 11 1f 11 1e 11
14:27:09:676    < BTP_GAP_EV_DEVICE_FOUND (0x01|0x81|0x00)
                  raw data (38): 
                  01 81 00 26 00|e0 53 00 4c 17 e5 44 ad 03 1b 00 
                  09 09 4e 58 4c 36 36 35 32 38 02 0a 0c 0d 03 0c 
                  11 0a 11 0b 11 0e 11 1f 11 1e 11
14:27:09:804    < BTP_GAP_EV_DEVICE_FOUND (0x01|0x81|0x00)
                  raw data (11): 01 81 00 0b 00|e0 53 00 4c 17 e5 44 ad 03 00 00
14:27:09:816    < BTP_GAP_EV_DEVICE_FOUND (0x01|0x81|0x00)
                  raw data (11): 01 81 00 0b 00|e0 18 b5 40 f4 3a 74 a6 03 00 00
14:27:09:890    < BTP_GAP_EV_DEVICE_FOUND (0x01|0x81|0x00)
                  raw data (42): 
                  01 81 00 2a 00|e0 95 83 06 dc 1b 00 ae 03 1f 00 
                  1e 09 48 46 50 20 41 47 20 44 65 6d 6f 20 30 30 
                  3a 31 42 3a 44 43 3a 30 36 3a 38 33 3a 39 35
14:27:10:018    < BTP_GAP_EV_DEVICE_FOUND (0x01|0x81|0x00)
                  raw data (11): 01 81 00 0b 00|e0 53 00 4c 17 e5 44 a8 03 00 00
14:27:10:520    < BTP_GAP_EV_DEVICE_FOUND (0x01|0x81|0x00)
                  raw data (11): 01 81 00 0b 00|e0 53 00 4c 17 e5 44 aa 03 00 00
14:27:10:531    < BTP_GAP_EV_DEVICE_FOUND (0x01|0x81|0x00)
                  raw data (42): 
                  01 81 00 2a 00|e0 95 83 06 dc 1b 00 ae 03 1f 00 
                  1e 09 48 46 50 20 41 47 20 44 65 6d 6f 20 30 30 
                  3a 31 42 3a 44 43 3a 30 36 3a 38 33 3a 39 35
14:27:10:616    < BTP_GAP_EV_DEVICE_FOUND (0x01|0x81|0x00)
                  raw data (42): 
                  01 81 00 2a 00|e0 4d 65 9b 70 f3 5c a3 03 1f 00 
                  1e 09 48 46 50 20 41 47 20 44 65 6d 6f 20 35 43 
                  3a 46 33 3a 37 30 3a 39 42 3a 36 35 3a 34 44
14:27:10:658    < BTP_GAP_EV_DEVICE_FOUND (0x01|0x81|0x00)
                  raw data (11): 01 81 00 0b 00|e0 53 00 4c 17 e5 44 ab 03 00 00
14:27:10:713    < BTP_GAP_EV_DEVICE_FOUND (0x01|0x81|0x00)
                  raw data (38): 
                  01 81 00 26 00|e0 53 00 4c 17 e5 44 ac 03 1b 00 
                  09 09 4e 58 4c 36 36 35 32 38 02 0a 0c 0d 03 0c 
                  11 0a 11 0b 11 0e 11 1f 11 1e 11
14:27:10:853    < BTP_GAP_EV_DEVICE_FOUND (0x01|0x81|0x00)
                  raw data (11): 01 81 00 0b 00|e0 95 83 06 dc 1b 00 a9 03 00 00
14:27:10:883    < BTP_GAP_EV_DEVICE_FOUND (0x01|0x81|0x00)
                  raw data (42): 
                  01 81 00 2a 00|e0 95 83 06 dc 1b 00 ae 03 1f 00 
                  1e 09 48 46 50 20 41 47 20 44 65 6d 6f 20 30 30 
                  3a 31 42 3a 44 43 3a 30 36 3a 38 33 3a 39 35
14:27:10:896    < BTP_GAP_EV_DEVICE_FOUND (0x01|0x81|0x00)
                  raw data (38): 
                  01 81 00 26 00|e0 53 00 4c 17 e5 44 af 03 1b 00 
                  09 09 4e 58 4c 36 36 35 32 38 02 0a 0c 0d 03 0c 
                  11 0a 11 0b 11 0e 11 1f 11 1e 11
14:27:10:981    < BTP_GAP_EV_DEVICE_FOUND (0x01|0x81|0x00)
                  raw data (26): 
                  01 81 00 1a 00|e0 4e e4 08 dc 1b 00 cf 03 0f 00 
                  0e 09 50 54 53 2d 47 41 50 2d 45 34 34 45 00
14:27:11:182    < BTP_GAP_EV_DEVICE_FOUND (0x01|0x81|0x00)
                  raw data (26): 
                  01 81 00 1a 00|e0 4e e4 08 dc 1b 00 ce 03 0f 00 
                  0e 09 50 54 53 2d 47 41 50 2d 45 34 34 45 00
14:27:11:235    < BTP_GAP_EV_DEVICE_FOUND (0x01|0x81|0x00)
                  raw data (38): 
                  01 81 00 26 00|e0 53 00 4c 17 e5 44 aa 03 1b 00 
                  09 09 4e 58 4c 36 36 35 32 38 02 0a 0c 0d 03 0c 
                  11 0a 11 0b 11 0e 11 1f 11 1e 11
14:27:11:331    < BTP_GAP_EV_DEVICE_FOUND (0x01|0x81|0x00)
                  raw data (39): 
                  01 81 00 27 00|e0 bd 14 87 4a b0 4c a5 03 1c 00 
                  0a 09 53 4d 57 30 31 34 33 33 35 02 0a 0c 0d 03 
                  0a 11 0c 11 0e 11 0b 11 1f 11 1e 11
14:27:11:342    < BTP_GAP_EV_DEVICE_FOUND (0x01|0x81|0x00)
                  raw data (39): 
                  01 81 00 27 00|e0 bd 14 87 4a b0 4c a2 03 1c 00 
                  0a 09 53 4d 57 30 31 34 33 33 35 02 0a 0c 0d 03 
                  0a 11 0c 11 0e 11 0b 11 1f 11 1e 11
14:27:11:342    < BTP_GAP_EV_DEVICE_FOUND (0x01|0x81|0x00)
                  raw data (26): 
                  01 81 00 1a 00|e0 4e e4 08 dc 1b 00 cf 03 0f 00 
                  0e 09 50 54 53 2d 47 41 50 2d 45 34 34 45 00
14:27:11:384    < BTP_GAP_EV_DEVICE_FOUND (0x01|0x81|0x00)
                  raw data (26): 
                  01 81 00 1a 00|e0 4e e4 08 dc 1b 00 ce 03 0f 00 
                  0e 09 50 54 53 2d 47 41 50 2d 45 34 34 45 00
14:27:11:449    < BTP_GAP_EV_DEVICE_FOUND (0x01|0x81|0x00)
                  raw data (42): 
                  01 81 00 2a 00|e0 cd 83 06 dc 1b 00 b3 03 1f 00 
                  1e 09 41 32 44 50 20 53 6f 75 72 63 65 20 30 30 
                  3a 31 42 3a 44 43 3a 30 36 3a 38 33 3a 43 44
14:27:11:491    < BTP_GAP_EV_DEVICE_FOUND (0x01|0x81|0x00)
                  raw data (38): 
                  01 81 00 26 00|e0 53 00 4c 17 e5 44 aa 03 1b 00 
                  09 09 4e 58 4c 36 36 35 32 38 02 0a 0c 0d 03 0c 
                  11 0a 11 0b 11 0e 11 1f 11 1e 11
14:27:11:749    < BTP_GAP_EV_DEVICE_FOUND (0x01|0x81|0x00)
                  raw data (42): 
                  01 81 00 2a 00|e0 cd 83 06 dc 1b 00 ad 03 1f 00 
                  1e 09 41 32 44 50 20 53 6f 75 72 63 65 20 30 30 
                  3a 31 42 3a 44 43 3a 30 36 3a 38 33 3a 43 44
14:27:11:800    < BTP_GAP_EV_DEVICE_FOUND (0x01|0x81|0x00)
                  raw data (38): 
                  01 81 00 26 00|e0 53 00 4c 17 e5 44 b0 03 1b 00 
                  09 09 4e 58 4c 36 36 35 32 38 02 0a 0c 0d 03 0c 
                  11 0a 11 0b 11 0e 11 1f 11 1e 11
14:27:11:885    < BTP_GAP_EV_DEVICE_FOUND (0x01|0x81|0x00)
                  raw data (26): 
                  01 81 00 1a 00|e0 4e e4 08 dc 1b 00 ce 03 0f 00 
                  0e 09 50 54 53 2d 47 41 50 2d 45 34 34 45 00
14:27:12:023    < BTP_GAP_EV_DEVICE_FOUND (0x01|0x81|0x00)
                  raw data (42): 
                  01 81 00 2a 00|e0 cd 83 06 dc 1b 00 af 03 1f 00 
                  1e 09 41 32 44 50 20 53 6f 75 72 63 65 20 30 30 
                  3a 31 42 3a 44 43 3a 30 36 3a 38 33 3a 43 44
14:27:12:153    < BTP_GAP_EV_DEVICE_FOUND (0x01|0x81|0x00)
                  raw data (42): 
                  01 81 00 2a 00|e0 cd 83 06 dc 1b 00 a8 03 1f 00 
                  1e 09 41 32 44 50 20 53 6f 75 72 63 65 20 30 30 
                  3a 31 42 3a 44 43 3a 30 36 3a 38 33 3a 43 44
14:27:12:378    < BTP_GAP_EV_DEVICE_FOUND (0x01|0x81|0x00)
                  raw data (26): 
                  01 81 00 1a 00|e0 4e e4 08 dc 1b 00 cf 03 0f 00 
                  0e 09 50 54 53 2d 47 41 50 2d 45 34 34 45 00
14:27:12:486    < BTP_GAP_EV_DEVICE_FOUND (0x01|0x81|0x00)
                  raw data (26): 
                  01 81 00 1a 00|e0 4e e4 08 dc 1b 00 cf 03 0f 00 
                  0e 09 50 54 53 2d 47 41 50 2d 45 34 34 45 00
14:27:12:497    < BTP_GAP_EV_DEVICE_FOUND (0x01|0x81|0x00)
                  raw data (11): 01 81 00 0b 00|e0 cd 83 06 dc 1b 00 ad 03 00 00
14:27:12:785    < BTP_GAP_EV_DEVICE_FOUND (0x01|0x81|0x00)
                  raw data (38): 
                  01 81 00 26 00|e0 53 00 4c 17 e5 44 ad 03 1b 00 
                  09 09 4e 58 4c 36 36 35 32 38 02 0a 0c 0d 03 0c 
                  11 0a 11 0b 11 0e 11 1f 11 1e 11
14:27:12:955    < BTP_GAP_EV_DEVICE_FOUND (0x01|0x81|0x00)
                  raw data (26): 
                  01 81 00 1a 00|e0 4e e4 08 dc 1b 00 ce 03 0f 00 
                  0e 09 50 54 53 2d 47 41 50 2d 45 34 34 45 00
14:27:13:273    < BTP_GAP_EV_DEVICE_FOUND (0x01|0x81|0x00)
                  raw data (38): 
                  01 81 00 26 00|e0 53 00 4c 17 e5 44 b1 03 1b 00 
                  09 09 4e 58 4c 36 36 35 32 38 02 0a 0c 0d 03 0c 
                  11 0a 11 0b 11 0e 11 1f 11 1e 11
14:27:13:605    < BTP_GAP_EV_DEVICE_FOUND (0x01|0x81|0x00)
                  raw data (26): 
                  01 81 00 1a 00|e0 4e e4 08 dc 1b 00 cf 03 0f 00 
                  0e 09 50 54 53 2d 47 41 50 2d 45 34 34 45 00
14:27:13:798    < BTP_GAP_EV_DEVICE_FOUND (0x01|0x81|0x00)
                  raw data (42): 
                  01 81 00 2a 00|e0 95 83 06 dc 1b 00 ae 03 1f 00 
                  1e 09 48 46 50 20 41 47 20 44 65 6d 6f 20 30 30 
                  3a 31 42 3a 44 43 3a 30 36 3a 38 33 3a 39 35
14:27:13:861    < BTP_GAP_EV_DEVICE_FOUND (0x01|0x81|0x00)
                  raw data (26): 
                  01 81 00 1a 00|e0 4e e4 08 dc 1b 00 d1 03 0f 00 
                  0e 09 50 54 53 2d 47 41 50 2d 45 34 34 45 00
14:27:14:053    < BTP_GAP_EV_DEVICE_FOUND (0x01|0x81|0x00)
                  raw data (26): 
                  01 81 00 1a 00|e0 4e e4 08 dc 1b 00 cf 03 0f 00 
                  0e 09 50 54 53 2d 47 41 50 2d 45 34 34 45 00
14:27:14:601    < BTP_GAP_EV_DEVICE_FOUND (0x01|0x81|0x00)
                  raw data (26): 
                  01 81 00 1a 00|e0 4e e4 08 dc 1b 00 cf 03 0f 00 
                  0e 09 50 54 53 2d 47 41 50 2d 45 34 34 45 00
14:27:15:238    < BTP_GAP_EV_DEVICE_FOUND (0x01|0x81|0x00)
                  raw data (26): 
                  01 81 00 1a 00|e0 4e e4 08 dc 1b 00 d0 03 0f 00 
                  0e 09 50 54 53 2d 47 41 50 2d 45 34 34 45 00
14:27:15:272    < BTP_GAP_EV_DEVICE_FOUND (0x01|0x81|0x00)
                  raw data (11): 01 81 00 0b 00|e0 53 00 4c 17 e5 44 a8 03 00 00
14:27:15:474    < BTP_GAP_EV_DEVICE_FOUND (0x01|0x81|0x00)
                  raw data (11): 01 81 00 0b 00|e0 fa 8a a3 f1 50 4c a2 03 00 00
14:27:15:634    < BTP_GAP_EV_DEVICE_FOUND (0x01|0x81|0x00)
                  raw data (42): 
                  01 81 00 2a 00|e0 cd 83 06 dc 1b 00 a8 03 1f 00 
                  1e 09 41 32 44 50 20 53 6f 75 72 63 65 20 30 30 
                  3a 31 42 3a 44 43 3a 30 36 3a 38 33 3a 43 44
14:27:15:645    < BTP_GAP_EV_DEVICE_FOUND (0x01|0x81|0x00)
                  raw data (42): 
                  01 81 00 2a 00|e0 4d 65 9b 70 f3 5c a5 03 1f 00 
                  1e 09 48 46 50 20 41 47 20 44 65 6d 6f 20 35 43 
                  3a 46 33 3a 37 30 3a 39 42 3a 36 35 3a 34 44
14:27:15:709    < BTP_GAP_EV_DEVICE_FOUND (0x01|0x81|0x00)
                  raw data (26): 
                  01 81 00 1a 00|e0 4e e4 08 dc 1b 00 ce 03 0f 00 
                  0e 09 50 54 53 2d 47 41 50 2d 45 34 34 45 00
14:27:15:742    < BTP_GAP_EV_DEVICE_FOUND (0x01|0x81|0x00)
                  raw data (38): 
                  01 81 00 26 00|e0 53 00 4c 17 e5 44 ab 03 1b 00 
                  09 09 4e 58 4c 36 36 35 32 38 02 0a 0c 0d 03 0c 
                  11 0a 11 0b 11 0e 11 1f 11 1e 11
14:27:15:789    > BTP_GAP_CMD_STOP_DISCOVERY (0x01|0x0d|0x00)
                  raw data (0): 01 0d 00 00 00|
14:27:15:830    < BTP_GAP_EV_DEVICE_FOUND (0x01|0x81|0x00)
                  raw data (26): 
                  01 81 00 1a 00|e0 4e e4 08 dc 1b 00 d1 03 0f 00 
                  0e 09 50 54 53 2d 47 41 50 2d 45 34 34 45 00
14:27:15:857    < BTP_GAP_CMD_STOP_DISCOVERY (0x01|0x0d|0x00)
                  raw data (0): 01 0d 00 00 00|
14:27:15:863    > BTP_GAP_CMD_CONNECT (0x01|0x0e|0x00)
                  raw data (8): 01 0e 00 08 00|e0 4e e4 08 dc 1b 00 00
14:27:15:916    < BTP_GAP_CMD_CONNECT (0x01|0x0e|0x00)
                  raw data (0): 01 0e 00 00 00|
14:27:16:761    < BTP_GAP_EV_DEVICE_CONNECTED (0x01|0x82|0x00)
                  raw data (13): 
                  01 82 00 0d 00|e0 4e e4 08 dc 1b 00 00 00 00 00 
                  00 00
14:27:16:832    > BTP_GAP_CMD_PAIR (0x01|0x11|0x00)
                  raw data (7): 01 11 00 07 00|e0 4e e4 08 dc 1b 00
14:27:16:878    < BTP_GAP_CMD_PAIR (0x01|0x11|0x00)
                  raw data (0): 01 11 00 00 00|
14:27:17:122    < BTP_GAP_EV_PASSKEY_CONFIRM_REQ (0x01|0x86|0x00)
                  raw data (11): 01 86 00 0b 00|e0 4e e4 08 dc 1b 00 e3 3b 07 00
14:27:17:892    > BTP_GAP_CMD_PASSKEY_CONFIRM (0x01|0x14|0x00)
                  raw data (8): 01 14 00 08 00|e0 4e e4 08 dc 1b 00 01
14:27:17:932    < BTP_GAP_CMD_PASSKEY_CONFIRM (0x01|0x14|0x00)
                  raw data (0): 01 14 00 00 00|
14:27:17:970    < BTP_GAP_EV_PAIRING_FAILED (0x01|0x8c|0x00)
                  raw data (8): 01 8c 00 08 00|e0 4e e4 08 dc 1b 00 01
14:27:17:970    < BTP_GAP_EV_ENCRYPTION_CHANGE (0x01|0x91|0x00)
                  raw data (9): 01 91 00 09 00|e0 4e e4 08 dc 1b 00 00 00
14:27:18:002    < BTP_GAP_EV_DEVICE_DISCONNECTED (0x01|0x83|0x00)
                  raw data (7): 01 83 00 07 00|e0 4e e4 08 dc 1b 00
14:27:22:818    < BTP_CORE_EV_IUT_READY (0x00|0x80|0xff)
                  raw data (0): 00 80 ff 00 00|
