2026-09-24 19:52:38,317 LT1-thread root DEBUG client.py                 1099  _run_test_case            : Starting TestCase _run_test_case HFP HFP/AG/ICA/BV-04-C
2026-09-24 19:52:38,318 LT1-thread root DEBUG testcase.py               727   pre_run                   : pre_run HFP HFP/AG/ICA/BV-04-C
2026-09-24 19:52:38,318 LT1-thread root DEBUG testcase.py               729   pre_run                   : About to run test case HFP HFP/AG/ICA/BV-04-C with commands:
2026-09-24 19:52:38,318 LT1-thread root DEBUG testcase.py               731   pre_run                   : 0) class=<class 'autopts.ptsprojects.testcase.TestFunc'>, func=<bound method ZTestCase._test_case_start of <autopts.ptsprojects.zephyr.ztestcase.ZTestCase object at 0x000002622B26CDD0>> start_wid=None stop_wid=None post_wid=None skip_call=None call_count=0 args=() kwds={}
2026-09-24 19:52:38,318 LT1-thread root DEBUG testcase.py               731   pre_run                   : 1) class=<class 'autopts.ptsprojects.testcase.TestFunc'>, func=<function core_reg_svc_gap at 0x0000026227D2E160> start_wid=None stop_wid=None post_wid=None skip_call=None call_count=29 args=() kwds={}
2026-09-24 19:52:38,318 LT1-thread root DEBUG testcase.py               731   pre_run                   : 2) class=<class 'autopts.ptsprojects.testcase.TestFunc'>, func=<bound method Stack.gap_init of <autopts.ptsprojects.stack.stack.Stack object at 0x000002622ACA1670>> start_wid=None stop_wid=None post_wid=None skip_call=None call_count=29 args=(b'Tester_08E44E',) kwds={}
2026-09-24 19:52:38,318 LT1-thread root DEBUG testcase.py               731   pre_run                   : 3) class=<class 'autopts.ptsprojects.testcase.TestFunc'>, func=<function gap_read_controller_info at 0x0000026227D6EB60> start_wid=None stop_wid=None post_wid=None skip_call=None call_count=29 args=() kwds={}
2026-09-24 19:52:38,318 LT1-thread root DEBUG testcase.py               731   pre_run                   : 4) class=<class 'autopts.ptsprojects.testcase.TestFunc'>, func=<function test_cases.<locals>.<lambda> at 0x000002622B260CC0> start_wid=None stop_wid=None post_wid=None skip_call=None call_count=29 args=() kwds={}
2026-09-24 19:52:38,318 LT1-thread root DEBUG testcase.py               731   pre_run                   : 5) class=<class 'autopts.ptsprojects.testcase.TestFunc'>, func=<function set_pts_addr at 0x0000026227D2DD00> start_wid=None stop_wid=None post_wid=None skip_call=None call_count=29 args=('00:1B:DC:08:E4:4E', 0) kwds={}
2026-09-24 19:52:38,318 LT1-thread root DEBUG testcase.py               731   pre_run                   : 6) class=<class 'autopts.ptsprojects.testcase.TestFunc'>, func=<function gap_set_connectable at 0x0000026227D6E480> start_wid=None stop_wid=None post_wid=None skip_call=None call_count=29 args=() kwds={}
2026-09-24 19:52:38,319 LT1-thread root DEBUG testcase.py               731   pre_run                   : 7) class=<class 'autopts.ptsprojects.testcase.TestFunc'>, func=<function gap_set_general_discoverable at 0x0000026227D6E660> start_wid=None stop_wid=None post_wid=None skip_call=None call_count=29 args=() kwds={}
2026-09-24 19:52:38,319 LT1-thread root DEBUG testcase.py               731   pre_run                   : 8) class=<class 'autopts.ptsprojects.testcase.TestFunc'>, func=<function gap_set_io_capability at 0x0000026227D6E020> start_wid=None stop_wid=None post_wid=None skip_call=None call_count=29 args=(3,) kwds={}
2026-09-24 19:52:38,319 LT1-thread root DEBUG testcase.py               731   pre_run                   : 9) class=<class 'autopts.ptsprojects.testcase.TestFunc'>, func=<function core_reg_svc_hfp_ag at 0x0000026227D2F920> start_wid=None stop_wid=None post_wid=None skip_call=None call_count=29 args=() kwds={}
2026-09-24 19:52:38,319 LT1-thread root DEBUG testcase.py               731   pre_run                   : 10) class=<class 'autopts.ptsprojects.testcase.TestFunc'>, func=<bound method Stack.hfp_ag_init of <autopts.ptsprojects.stack.stack.Stack object at 0x000002622ACA1670>> start_wid=None stop_wid=None post_wid=None skip_call=None call_count=29 args=() kwds={}
2026-09-24 19:52:38,319 LT1-thread root DEBUG testcase.py               731   pre_run                   : 11) class=<class 'autopts.ptsprojects.testcase.TestFunc'>, func=<function hfp_ag_set_default_indicator_value at 0x0000026227DBE700> start_wid=None stop_wid=None post_wid=None skip_call=None call_count=29 args=(1, 5, 0, 5) kwds={}
2026-09-24 19:52:38,319 LT1-thread root DEBUG testcase.py               731   pre_run                   : 12) class=<class 'autopts.ptsprojects.testcase.TestFunc'>, func=<function hfp_ag_set_memory_dial_mapping at 0x0000026227DBE7A0> start_wid=None stop_wid=None post_wid=None skip_call=None call_count=29 args=('1', '1234567') kwds={}
2026-09-24 19:52:38,319 LT1-thread root DEBUG testcase.py               731   pre_run                   : 13) class=<class 'autopts.ptsprojects.testcase.TestFunc'>, func=<function hfp_ag_set_voice_tag_number at 0x0000026227DBE8E0> start_wid=None stop_wid=None post_wid=None skip_call=None call_count=29 args=('1234567',) kwds={}
2026-09-24 19:52:38,319 LT1-thread root DEBUG testcase.py               731   pre_run                   : 14) class=<class 'autopts.ptsprojects.testcase.TestFuncCleanUp'>, func=<bound method ZTestCase._test_case_cleanup of <autopts.ptsprojects.zephyr.ztestcase.ZTestCase object at 0x000002622B26CDD0>> start_wid=None stop_wid=None post_wid=None skip_call=None call_count=0 args=() kwds={}
2026-09-24 19:52:38,319 LT1-thread root DEBUG testcase.py               738   pre_run                   : pre_run, run pre test case script
2026-09-24 19:52:38,327 LT1-thread root DEBUG testcase.py               254   start                     : Starting test function: class=<class 'autopts.ptsprojects.testcase.TestFunc'>, func=<bound method ZTestCase._test_case_start of <autopts.ptsprojects.zephyr.ztestcase.ZTestCase object at 0x000002622B26CDD0>> start_wid=None stop_wid=None post_wid=None skip_call=None call_count=1 args=() kwds={}
2026-09-24 19:52:38,328 LT1-thread root DEBUG testcase.py               266   start                     : Test function parameters: args=(), kwds={}
2026-09-24 19:52:38,328 LT1-thread root DEBUG iutctl.py                 172   start                     : <class 'autopts.ptsprojects.zephyr.iutctl.create_zephyr_ctl_class.<locals>.ZephyrCtl'>.start
2026-09-24 19:52:38,328 LT1-thread root DEBUG iutctl.py                 325   flush_serial              : <class 'autopts.ptsprojects.zephyr.iutctl.create_zephyr_ctl_class.<locals>.ZephyrCtl'>.flush_serial
2026-09-24 19:52:39,515 LT1-thread root DEBUG iutctl.py                 249   _start_tty_mode           : Starting socat process: socat.exe -x -v tcp:10.17.12.9:58176,retry=100,interval=1 /dev/ttyS2,raw,b115200,
2026-09-24 19:52:39,524 LT1-thread root DEBUG iutctl_common.py          402   accept                    : 
2026-09-24 19:52:39,598 BTPWorkerThread-22114 (_rx_task) root DEBUG iutctl_common.py          299   _rx_task                  : BTPWorkerThread-22114 (_rx_task) started
2026-09-24 19:52:39,599 LT1-thread root DEBUG iutctl.py                 395   wait_iut_ready_event      : IUT ready event received OK
2026-09-24 19:52:39,599 LT1-thread root DEBUG btp.py                    51    read_supp_svcs            : 
2026-09-24 19:52:39,599 LT1-thread root DEBUG iutctl_common.py          161   send                      : 0 2 255 ''
2026-09-24 19:52:39,599 LT1-thread root DEBUG iutctl_common.py          166   send                      : sending frame '0002ff0000'
2026-09-24 19:52:39,599 LT1-thread root DEBUG iutctl_common.py          339   read                      : 
2026-09-24 19:52:39,618 BTPWorkerThread-22114 (_rx_task) root DEBUG iutctl_common.py          123   read                      : Read 5 bytes
2026-09-24 19:52:39,628 BTPWorkerThread-22114 (_rx_task) root DEBUG iutctl_common.py          131   read                      : Received: hdr: Header(svc_id=0x00, op=0x02, ctrl_index=0xff, data_len=0x06) bytearray(b'\x00\x02\xff\x06\x00')
2026-09-24 19:52:39,651 BTPWorkerThread-22114 (_rx_task) root DEBUG iutctl_common.py          139   read                      : Read 6 bytes data
2026-09-24 19:52:39,662 BTPWorkerThread-22114 (_rx_task) root DEBUG iutctl_common.py          154   read                      : Received data: {'0f 00 00 a0 ff 03'}, bytearray(b'\x0f\x00\x00\xa0\xff\x03')
2026-09-24 19:52:39,678 LT1-thread root DEBUG btp.py                    62    read_supp_svcs            : received Header(svc_id=0, op=2, ctrl_index=255, data_len=6) (b'\x0f\x00\x00\xa0\xff\x03',)
2026-09-24 19:52:39,678 LT1-thread root DEBUG testcase.py               254   start                     : Starting test function: class=<class 'autopts.ptsprojects.testcase.TestFunc'>, func=<function core_reg_svc_gap at 0x0000026227D2E160> start_wid=None stop_wid=None post_wid=None skip_call=None call_count=30 args=() kwds={}
2026-09-24 19:52:39,678 LT1-thread root DEBUG testcase.py               266   start                     : Test function parameters: args=(), kwds={}
2026-09-24 19:52:39,678 LT1-thread root DEBUG btp.py                    117   core_reg_svc_univ         : core_reg_svc_univ: gap_reg (GAP)
2026-09-24 19:52:39,678 LT1-thread root DEBUG iutctl_common.py          161   send                      : 0 3 255 '1'
2026-09-24 19:52:39,678 LT1-thread root DEBUG iutctl_common.py          166   send                      : sending frame '0003ff010001'
2026-09-24 19:52:39,678 LT1-thread root DEBUG btp.py                    654   core_reg_svc_rsp_succ     : 
2026-09-24 19:52:39,679 LT1-thread root DEBUG iutctl_common.py          339   read                      : 
2026-09-24 19:52:43,783 BTPWorkerThread-22114 (_rx_task) root DEBUG iutctl_common.py          123   read                      : Read 5 bytes
2026-09-24 19:52:43,795 BTPWorkerThread-22114 (_rx_task) root DEBUG iutctl_common.py          131   read                      : Received: hdr: Header(svc_id=0x00, op=0x03, ctrl_index=0xff, data_len=0x00) bytearray(b'\x00\x03\xff\x00\x00')
2026-09-24 19:52:43,801 BTPWorkerThread-22114 (_rx_task) root DEBUG iutctl_common.py          154   read                      : Received data: {''}, bytearray(b'')
2026-09-24 19:52:43,806 LT1-thread root DEBUG btp.py                    665   core_reg_svc_rsp_succ     : received Header(svc_id=0, op=3, ctrl_index=255, data_len=0) (b'',)
2026-09-24 19:52:43,806 LT1-thread root DEBUG btp.py                    666   core_reg_svc_rsp_succ     : expected ((0, 3, 255, 0), (b'',))
2026-09-24 19:52:43,806 LT1-thread root DEBUG btp.py                    671   core_reg_svc_rsp_succ     : response is valid
2026-09-24 19:52:43,806 LT1-thread root DEBUG btp.py                    674   core_reg_svc_rsp_succ     : Reading supported commands for service: GAP
2026-09-24 19:52:43,806 LT1-thread root DEBUG iutctl_common.py          161   send                      : 1 1 255 ''
2026-09-24 19:52:43,806 LT1-thread root DEBUG iutctl_common.py          166   send                      : sending frame '0101ff0000'
2026-09-24 19:52:43,807 LT1-thread root DEBUG iutctl_common.py          339   read                      : 
2026-09-24 19:52:43,840 BTPWorkerThread-22114 (_rx_task) root DEBUG iutctl_common.py          123   read                      : Read 5 bytes
2026-09-24 19:52:43,851 BTPWorkerThread-22114 (_rx_task) root DEBUG iutctl_common.py          131   read                      : Received: hdr: Header(svc_id=0x01, op=0x01, ctrl_index=0xff, data_len=0x07) bytearray(b'\x01\x01\xff\x07\x00')
2026-09-24 19:52:43,857 BTPWorkerThread-22114 (_rx_task) root DEBUG iutctl_common.py          139   read                      : Read 7 bytes data
2026-09-24 19:52:43,863 BTPWorkerThread-22114 (_rx_task) root DEBUG iutctl_common.py          154   read                      : Received data: {'6e ff 7f 1f fe ff 2e'}, bytearray(b'n\xff\x7f\x1f\xfe\xff.')
2026-09-24 19:52:43,875 LT1-thread root DEBUG testcase.py               254   start                     : Starting test function: class=<class 'autopts.ptsprojects.testcase.TestFunc'>, func=<bound method Stack.gap_init of <autopts.ptsprojects.stack.stack.Stack object at 0x000002622ACA1670>> start_wid=None stop_wid=None post_wid=None skip_call=None call_count=30 args=(b'Tester_08E44E',) kwds={}
2026-09-24 19:52:43,875 LT1-thread root DEBUG testcase.py               266   start                     : Test function parameters: args=(b'Tester_08E44E',), kwds={}
2026-09-24 19:52:43,875 LT1-thread root DEBUG testcase.py               254   start                     : Starting test function: class=<class 'autopts.ptsprojects.testcase.TestFunc'>, func=<function gap_read_controller_info at 0x0000026227D6EB60> start_wid=None stop_wid=None post_wid=None skip_call=None call_count=30 args=() kwds={}
2026-09-24 19:52:43,875 LT1-thread root DEBUG testcase.py               266   start                     : Test function parameters: args=(), kwds={}
2026-09-24 19:52:43,875 LT1-thread root DEBUG gap.py                    1163  gap_read_controller_info  : 
2026-09-24 19:52:43,875 LT1-thread root DEBUG iutctl_common.py          161   send                      : 1 3 0 ''
2026-09-24 19:52:43,875 LT1-thread root DEBUG iutctl_common.py          166   send                      : sending frame '0103000000'
2026-09-24 19:52:43,876 LT1-thread root DEBUG iutctl_common.py          339   read                      : 
2026-09-24 19:52:43,901 BTPWorkerThread-22114 (_rx_task) root DEBUG iutctl_common.py          123   read                      : Read 5 bytes
2026-09-24 19:52:43,901 BTPWorkerThread-22114 (_rx_task) root DEBUG iutctl_common.py          131   read                      : Received: hdr: Header(svc_id=0x01, op=0x03, ctrl_index=0x00, data_len=0x115) bytearray(b'\x01\x03\x00\x15\x01')
2026-09-24 19:52:43,907 BTPWorkerThread-22114 (_rx_task) root DEBUG iutctl_common.py          139   read                      : Read 107 bytes data
2026-09-24 19:52:43,918 BTPWorkerThread-22114 (_rx_task) root DEBUG iutctl_common.py          139   read                      : Read 128 bytes data
2026-09-24 19:52:43,940 BTPWorkerThread-22114 (_rx_task) root DEBUG iutctl_common.py          139   read                      : Read 42 bytes data
2026-09-24 19:52:43,946 BTPWorkerThread-22114 (_rx_task) root DEBUG iutctl_common.py          154   read                      : Received data: {'19 78 ee 69 17 d0 d3 06 02 00 13 02 00 00 00 00 00 62 74 70 5f 74 65 73 74 65 72 00 00 00 00 00 00 00 00 00 00 00 00 00 00 00 00 00 00 00 00 00 00 00 00 00 00 00 00 00 00 00 00 00 00 00 00 00 00 00 00 00 00 00 00 00 00 00 00 00 00 00 00 00 00 00 00 00 00 00 00 00 00 00 00 00 00 00 00 00 00 00 00 00 00 00 00 00 00 00 00 00 00 00 00 00 00 00 00 00 00 00 00 00 00 00 00 00 00 00 00 00 00 00 00 00 00 00 00 00 00 00 00 00 00 00 00 00 00 00 00 00 00 00 00 00 00 00 00 00 00 00 00 00 00 00 00 00 00 00 00 00 00 00 00 00 00 00 00 00 00 00 00 00 00 00 00 00 00 00 00 00 00 00 00 00 00 00 00 00 00 00 00 00 00 00 00 00 00 00 00 00 00 00 00 00 00 00 00 00 00 00 00 00 00 00 00 00 00 00 00 00 00 00 00 00 00 00 00 00 00 00 00 00 00 00 00 00 00 00 00 00 00 00 00 00 00 00 00 00 00 00 00 00 00 00 00 00 00 00 00 00 00 00 00 00 00 00 00 00 00'}, bytearray(b'\x19x\xeei\x17\xd0\xd3\x06\x02\x00\x13\x02\x00\x00\x00\x00\x00btp_tester\x00\x00\x00\x00\x00\x00\x00\x00\x00\x00\x00\x00\x00\x00\x00\x00\x00\x00\x00\x00\x00\x00\x00\x00\x00\x00\x00\x00\x00\x00\x00\x00\x00\x00\x00\x00\x00\x00\x00\x00\x00\x00\x00\x00\x00\x00\x00\x00\x00\x00\x00\x00\x00\x00\x00\x00\x00\x00\x00\x00\x00\x00\x00\x00\x00\x00\x00\x00\x00\x00\x00\x00\x00\x00\x00\x00\x00\x00\x00\x00\x00\x00\x00\x00\x00\x00\x00\x00\x00\x00\x00\x00\x00\x00\x00\x00\x00\x00\x00\x00\x00\x00\x00\x00\x00\x00\x00\x00\x00\x00\x00\x00\x00\x00\x00\x00\x00\x00\x00\x00\x00\x00\x00\x00\x00\x00\x00\x00\x00\x00\x00\x00\x00\x00\x00\x00\x00\x00\x00\x00\x00\x00\x00\x00\x00\x00\x00\x00\x00\x00\x00\x00\x00\x00\x00\x00\x00\x00\x00\x00\x00\x00\x00\x00\x00\x00\x00\x00\x00\x00\x00\x00\x00\x00\x00\x00\x00\x00\x00\x00\x00\x00\x00\x00\x00\x00\x00\x00\x00\x00\x00\x00\x00\x00\x00\x00\x00\x00\x00\x00\x00\x00\x00\x00\x00\x00\x00\x00\x00\x00\x00\x00\x00\x00\x00\x00\x00\x00\x00\x00\x00\x00\x00\x00\x00\x00\x00\x00\x00\x00\x00\x00\x00\x00\x00\x00\x00\x00\x00\x00\x00\x00\x00\x00\x00\x00\x00\x00\x00\x00')
2026-09-24 19:52:43,952 LT1-thread root DEBUG gap.py                    1170  gap_read_controller_info  : received Header(svc_id=1, op=3, ctrl_index=0, data_len=277) (b'\x19x\xeei\x17\xd0\xd3\x06\x02\x00\x13\x02\x00\x00\x00\x00\x00btp_tester\x00\x00\x00\x00\x00\x00\x00\x00\x00\x00\x00\x00\x00\x00\x00\x00\x00\x00\x00\x00\x00\x00\x00\x00\x00\x00\x00\x00\x00\x00\x00\x00\x00\x00\x00\x00\x00\x00\x00\x00\x00\x00\x00\x00\x00\x00\x00\x00\x00\x00\x00\x00\x00\x00\x00\x00\x00\x00\x00\x00\x00\x00\x00\x00\x00\x00\x00\x00\x00\x00\x00\x00\x00\x00\x00\x00\x00\x00\x00\x00\x00\x00\x00\x00\x00\x00\x00\x00\x00\x00\x00\x00\x00\x00\x00\x00\x00\x00\x00\x00\x00\x00\x00\x00\x00\x00\x00\x00\x00\x00\x00\x00\x00\x00\x00\x00\x00\x00\x00\x00\x00\x00\x00\x00\x00\x00\x00\x00\x00\x00\x00\x00\x00\x00\x00\x00\x00\x00\x00\x00\x00\x00\x00\x00\x00\x00\x00\x00\x00\x00\x00\x00\x00\x00\x00\x00\x00\x00\x00\x00\x00\x00\x00\x00\x00\x00\x00\x00\x00\x00\x00\x00\x00\x00\x00\x00\x00\x00\x00\x00\x00\x00\x00\x00\x00\x00\x00\x00\x00\x00\x00\x00\x00\x00\x00\x00\x00\x00\x00\x00\x00\x00\x00\x00\x00\x00\x00\x00\x00\x00\x00\x00\x00\x00\x00\x00\x00\x00\x00\x00\x00\x00\x00\x00\x00\x00\x00\x00\x00\x00\x00\x00\x00\x00\x00\x00\x00\x00\x00\x00\x00\x00\x00\x00\x00\x00\x00\x00\x00\x00',)
2026-09-24 19:52:43,952 LT1-thread root DEBUG gap.py                    1191  gap_read_controller_info  : IUT address 'd01769ee7819' 'public'
2026-09-24 19:52:43,952 LT1-thread root DEBUG gap.py                    596   __gap_current_settings_update : 531
2026-09-24 19:52:43,952 LT1-thread root DEBUG testcase.py               254   start                     : Starting test function: class=<class 'autopts.ptsprojects.testcase.TestFunc'>, func=<function test_cases.<locals>.<lambda> at 0x000002622B260CC0> start_wid=None stop_wid=None post_wid=None skip_call=None call_count=30 args=() kwds={}
2026-09-24 19:52:43,952 LT1-thread root DEBUG testcase.py               266   start                     : Test function parameters: args=(), kwds={}
2026-09-24 19:52:43,956 LT1-thread root DEBUG testcase.py               254   start                     : Starting test function: class=<class 'autopts.ptsprojects.testcase.TestFunc'>, func=<function set_pts_addr at 0x0000026227D2DD00> start_wid=None stop_wid=None post_wid=None skip_call=None call_count=30 args=('00:1B:DC:08:E4:4E', 0) kwds={}
2026-09-24 19:52:43,956 LT1-thread root DEBUG testcase.py               266   start                     : Test function parameters: args=('00:1B:DC:08:E4:4E', 0), kwds={}
2026-09-24 19:52:43,957 LT1-thread root DEBUG testcase.py               254   start                     : Starting test function: class=<class 'autopts.ptsprojects.testcase.TestFunc'>, func=<function gap_set_connectable at 0x0000026227D6E480> start_wid=None stop_wid=None post_wid=None skip_call=None call_count=30 args=() kwds={}
2026-09-24 19:52:43,957 LT1-thread root DEBUG testcase.py               266   start                     : Test function parameters: args=(), kwds={}
2026-09-24 19:52:43,957 LT1-thread root DEBUG gap.py                    984   gap_set_connectable       : 
2026-09-24 19:52:43,957 LT1-thread root DEBUG testcase.py               254   start                     : Starting test function: class=<class 'autopts.ptsprojects.testcase.TestFunc'>, func=<function gap_set_general_discoverable at 0x0000026227D6E660> start_wid=None stop_wid=None post_wid=None skip_call=None call_count=30 args=() kwds={}
2026-09-24 19:52:43,957 LT1-thread root DEBUG testcase.py               266   start                     : Test function parameters: args=(), kwds={}
2026-09-24 19:52:43,957 LT1-thread root DEBUG gap.py                    1035  gap_set_general_discoverable : 
2026-09-24 19:52:43,957 LT1-thread root DEBUG iutctl_common.py          161   send                      : 1 8 0 '1'
2026-09-24 19:52:43,957 LT1-thread root DEBUG iutctl_common.py          166   send                      : sending frame '010800010001'
2026-09-24 19:52:43,957 LT1-thread root DEBUG gap.py                    1229  gap_command_rsp_succ      : 
2026-09-24 19:52:43,957 LT1-thread root DEBUG iutctl_common.py          339   read                      : 
2026-09-24 19:52:44,015 BTPWorkerThread-22114 (_rx_task) root DEBUG iutctl_common.py          123   read                      : Read 5 bytes
2026-09-24 19:52:44,027 BTPWorkerThread-22114 (_rx_task) root DEBUG iutctl_common.py          131   read                      : Received: hdr: Header(svc_id=0x01, op=0x08, ctrl_index=0x00, data_len=0x04) bytearray(b'\x01\x08\x00\x04\x00')
2026-09-24 19:52:44,032 BTPWorkerThread-22114 (_rx_task) root DEBUG iutctl_common.py          139   read                      : Read 4 bytes data
2026-09-24 19:52:44,037 BTPWorkerThread-22114 (_rx_task) root DEBUG iutctl_common.py          154   read                      : Received data: {'1b 02 00 00'}, bytearray(b'\x1b\x02\x00\x00')
2026-09-24 19:52:44,048 LT1-thread root DEBUG gap.py                    1234  gap_command_rsp_succ      : received Header(svc_id=1, op=8, ctrl_index=0, data_len=4) (b'\x1b\x02\x00\x00',)
2026-09-24 19:52:44,048 LT1-thread root DEBUG gap.py                    596   __gap_current_settings_update : (b'\x1b\x02\x00\x00',)
2026-09-24 19:52:44,048 LT1-thread root DEBUG testcase.py               254   start                     : Starting test function: class=<class 'autopts.ptsprojects.testcase.TestFunc'>, func=<function gap_set_io_capability at 0x0000026227D6E020> start_wid=None stop_wid=None post_wid=None skip_call=None call_count=30 args=(3,) kwds={}
2026-09-24 19:52:44,048 LT1-thread root DEBUG testcase.py               266   start                     : Test function parameters: args=(3,), kwds={}
2026-09-24 19:52:44,048 LT1-thread root DEBUG gap.py                    861   gap_set_io_capability     : 3
2026-09-24 19:52:44,048 LT1-thread root DEBUG iutctl_common.py          161   send                      : 1 16 0 '\x03'
2026-09-24 19:52:44,048 LT1-thread root DEBUG iutctl_common.py          166   send                      : sending frame '011000010003'
2026-09-24 19:52:44,049 LT1-thread root DEBUG gap.py                    1229  gap_command_rsp_succ      : 
2026-09-24 19:52:44,049 LT1-thread root DEBUG iutctl_common.py          339   read                      : 
2026-09-24 19:52:44,081 BTPWorkerThread-22114 (_rx_task) root DEBUG iutctl_common.py          123   read                      : Read 5 bytes
2026-09-24 19:52:44,092 BTPWorkerThread-22114 (_rx_task) root DEBUG iutctl_common.py          131   read                      : Received: hdr: Header(svc_id=0x01, op=0x10, ctrl_index=0x00, data_len=0x00) bytearray(b'\x01\x10\x00\x00\x00')
2026-09-24 19:52:44,092 BTPWorkerThread-22114 (_rx_task) root DEBUG iutctl_common.py          154   read                      : Received data: {''}, bytearray(b'')
2026-09-24 19:52:44,097 LT1-thread root DEBUG gap.py                    1234  gap_command_rsp_succ      : received Header(svc_id=1, op=16, ctrl_index=0, data_len=0) (b'',)
2026-09-24 19:52:44,097 LT1-thread root DEBUG testcase.py               254   start                     : Starting test function: class=<class 'autopts.ptsprojects.testcase.TestFunc'>, func=<function core_reg_svc_hfp_ag at 0x0000026227D2F920> start_wid=None stop_wid=None post_wid=None skip_call=None call_count=30 args=() kwds={}
2026-09-24 19:52:44,097 LT1-thread root DEBUG testcase.py               266   start                     : Test function parameters: args=(), kwds={}
2026-09-24 19:52:44,097 LT1-thread root DEBUG btp.py                    117   core_reg_svc_univ         : core_reg_svc_univ: hfp_ag_reg (HFP_AG)
2026-09-24 19:52:44,097 LT1-thread root DEBUG iutctl_common.py          161   send                      : 0 3 255 '34'
2026-09-24 19:52:44,097 LT1-thread root DEBUG iutctl_common.py          166   send                      : sending frame '0003ff010022'
2026-09-24 19:52:44,097 LT1-thread root DEBUG btp.py                    654   core_reg_svc_rsp_succ     : 
2026-09-24 19:52:44,098 LT1-thread root DEBUG iutctl_common.py          339   read                      : 
2026-09-24 19:52:44,136 BTPWorkerThread-22114 (_rx_task) root DEBUG iutctl_common.py          123   read                      : Read 5 bytes
2026-09-24 19:52:44,146 BTPWorkerThread-22114 (_rx_task) root DEBUG iutctl_common.py          131   read                      : Received: hdr: Header(svc_id=0x00, op=0x03, ctrl_index=0xff, data_len=0x00) bytearray(b'\x00\x03\xff\x00\x00')
2026-09-24 19:52:44,146 BTPWorkerThread-22114 (_rx_task) root DEBUG iutctl_common.py          154   read                      : Received data: {''}, bytearray(b'')
2026-09-24 19:52:44,152 LT1-thread root DEBUG btp.py                    665   core_reg_svc_rsp_succ     : received Header(svc_id=0, op=3, ctrl_index=255, data_len=0) (b'',)
2026-09-24 19:52:44,152 LT1-thread root DEBUG btp.py                    666   core_reg_svc_rsp_succ     : expected ((0, 3, 255, 0), (b'',))
2026-09-24 19:52:44,152 LT1-thread root DEBUG btp.py                    671   core_reg_svc_rsp_succ     : response is valid
2026-09-24 19:52:44,152 LT1-thread root DEBUG btp.py                    674   core_reg_svc_rsp_succ     : Reading supported commands for service: HFP_AG
2026-09-24 19:52:44,152 LT1-thread root DEBUG iutctl_common.py          161   send                      : 34 1 255 ''
2026-09-24 19:52:44,152 LT1-thread root DEBUG iutctl_common.py          166   send                      : sending frame '2201ff0000'
2026-09-24 19:52:44,153 LT1-thread root DEBUG iutctl_common.py          339   read                      : 
2026-09-24 19:52:44,181 BTPWorkerThread-22114 (_rx_task) root DEBUG iutctl_common.py          123   read                      : Read 5 bytes
2026-09-24 19:52:44,193 BTPWorkerThread-22114 (_rx_task) root DEBUG iutctl_common.py          131   read                      : Received: hdr: Header(svc_id=0x22, op=0x01, ctrl_index=0xff, data_len=0x05) bytearray(b'"\x01\xff\x05\x00')
2026-09-24 19:52:44,210 BTPWorkerThread-22114 (_rx_task) root DEBUG iutctl_common.py          139   read                      : Read 5 bytes data
2026-09-24 19:52:44,210 BTPWorkerThread-22114 (_rx_task) root DEBUG iutctl_common.py          154   read                      : Received data: {'fe ff ff ff 1f'}, bytearray(b'\xfe\xff\xff\xff\x1f')
2026-09-24 19:52:44,210 LT1-thread root DEBUG testcase.py               254   start                     : Starting test function: class=<class 'autopts.ptsprojects.testcase.TestFunc'>, func=<bound method Stack.hfp_ag_init of <autopts.ptsprojects.stack.stack.Stack object at 0x000002622ACA1670>> start_wid=None stop_wid=None post_wid=None skip_call=None call_count=30 args=() kwds={}
2026-09-24 19:52:44,210 LT1-thread root DEBUG testcase.py               266   start                     : Test function parameters: args=(), kwds={}
2026-09-24 19:52:44,210 LT1-thread root DEBUG testcase.py               254   start                     : Starting test function: class=<class 'autopts.ptsprojects.testcase.TestFunc'>, func=<function hfp_ag_set_default_indicator_value at 0x0000026227DBE700> start_wid=None stop_wid=None post_wid=None skip_call=None call_count=30 args=(1, 5, 0, 5) kwds={}
2026-09-24 19:52:44,211 LT1-thread root DEBUG testcase.py               266   start                     : Test function parameters: args=(1, 5, 0, 5), kwds={}
2026-09-24 19:52:44,211 LT1-thread root DEBUG hfp_ag.py                 598   hfp_ag_set_default_indicator_value : hfp_ag_set_default_indicator_value 1 5 0 5
2026-09-24 19:52:44,211 LT1-thread root DEBUG iutctl_common.py          161   send                      : 34 33 0 "bytearray(b'\\x01\\x05\\x00\\x05')"
2026-09-24 19:52:44,211 LT1-thread root DEBUG iutctl_common.py          166   send                      : sending frame '222100040001050005'
2026-09-24 19:52:44,211 LT1-thread root DEBUG iutctl_common.py          339   read                      : 
2026-09-24 19:52:44,247 BTPWorkerThread-22114 (_rx_task) root DEBUG iutctl_common.py          123   read                      : Read 5 bytes
2026-09-24 19:52:44,258 BTPWorkerThread-22114 (_rx_task) root DEBUG iutctl_common.py          131   read                      : Received: hdr: Header(svc_id=0x22, op=0x21, ctrl_index=0x00, data_len=0x00) bytearray(b'"!\x00\x00\x00')
2026-09-24 19:52:44,264 BTPWorkerThread-22114 (_rx_task) root DEBUG iutctl_common.py          154   read                      : Received data: {''}, bytearray(b'')
2026-09-24 19:52:44,269 LT1-thread root DEBUG testcase.py               254   start                     : Starting test function: class=<class 'autopts.ptsprojects.testcase.TestFunc'>, func=<function hfp_ag_set_memory_dial_mapping at 0x0000026227DBE7A0> start_wid=None stop_wid=None post_wid=None skip_call=None call_count=30 args=('1', '1234567') kwds={}
2026-09-24 19:52:44,269 LT1-thread root DEBUG testcase.py               266   start                     : Test function parameters: args=('1', '1234567'), kwds={}
2026-09-24 19:52:44,269 LT1-thread root DEBUG hfp_ag.py                 612   hfp_ag_set_memory_dial_mapping : hfp_ag_set_memory_dial_mapping '1' '1234567'
2026-09-24 19:52:44,269 LT1-thread root DEBUG iutctl_common.py          161   send                      : 34 34 0 "bytearray(b'\\x01\\x0711234567')"
2026-09-24 19:52:44,269 LT1-thread root DEBUG iutctl_common.py          166   send                      : sending frame '2222000a0001073131323334353637'
2026-09-24 19:52:44,269 LT1-thread root DEBUG iutctl_common.py          339   read                      : 
2026-09-24 19:52:44,301 BTPWorkerThread-22114 (_rx_task) root DEBUG iutctl_common.py          123   read                      : Read 5 bytes
2026-09-24 19:52:44,312 BTPWorkerThread-22114 (_rx_task) root DEBUG iutctl_common.py          131   read                      : Received: hdr: Header(svc_id=0x22, op=0x22, ctrl_index=0x00, data_len=0x00) bytearray(b'""\x00\x00\x00')
2026-09-24 19:52:44,312 BTPWorkerThread-22114 (_rx_task) root DEBUG iutctl_common.py          154   read                      : Received data: {''}, bytearray(b'')
2026-09-24 19:52:44,318 LT1-thread root DEBUG testcase.py               254   start                     : Starting test function: class=<class 'autopts.ptsprojects.testcase.TestFunc'>, func=<function hfp_ag_set_voice_tag_number at 0x0000026227DBE8E0> start_wid=None stop_wid=None post_wid=None skip_call=None call_count=30 args=('1234567',) kwds={}
2026-09-24 19:52:44,318 LT1-thread root DEBUG testcase.py               266   start                     : Test function parameters: args=('1234567',), kwds={}
2026-09-24 19:52:44,318 LT1-thread root DEBUG hfp_ag.py                 659   hfp_ag_set_voice_tag_number : hfp_ag_set_voice_tag_number '1234567'
2026-09-24 19:52:44,318 LT1-thread root DEBUG iutctl_common.py          161   send                      : 34 36 0 "bytearray(b'\\x071234567')"
2026-09-24 19:52:44,318 LT1-thread root DEBUG iutctl_common.py          166   send                      : sending frame '22240008000731323334353637'
2026-09-24 19:52:44,318 LT1-thread root DEBUG iutctl_common.py          339   read                      : 
2026-09-24 19:52:44,362 BTPWorkerThread-22114 (_rx_task) root DEBUG iutctl_common.py          123   read                      : Read 5 bytes
2026-09-24 19:52:44,373 BTPWorkerThread-22114 (_rx_task) root DEBUG iutctl_common.py          131   read                      : Received: hdr: Header(svc_id=0x22, op=0x24, ctrl_index=0x00, data_len=0x00) bytearray(b'"$\x00\x00\x00')
2026-09-24 19:52:44,378 BTPWorkerThread-22114 (_rx_task) root DEBUG iutctl_common.py          154   read                      : Received data: {''}, bytearray(b'')
2026-09-24 19:52:44,379 LT1-thread root DEBUG client.py                 276   get_result                : ClientCallback.get_result run_test_case
2026-09-24 19:52:46,192 LT1-callback ClientCallback.on_implicit_send INFO client.py                 223   on_implicit_send          : 
    ********************
    BEGIN OnImplicitSend:
    project_name: HFP
    wid: 121
    test_case_name: HFP/AG/ICA/BV-04-C
    description: Click Ok, then make a connection request to the PTS from the Implementation Under Test (IUT).
    style: MMI_Style_Ok_Cancel1 0x11041
2026-09-24 19:52:46,192 LT1-callback ClientCallback.on_implicit_send INFO client.py                 236   on_implicit_send          : Calling test cases on_implicit_send
2026-09-24 19:52:46,192 LT1-callback ClientCallback.on_implicit_send INFO client.py                 249   on_implicit_send          : 
    on_implicit_send returned response: WAIT
    END OnImplicitSend
    ********************
2026-09-24 19:52:46,381 LT1-thread root DEBUG testcase.py               679   run_wid                   : HFP HFP/AG/ICA/BV-04-C on_implicit_send
2026-09-24 19:52:46,381 LT1-thread root DEBUG hfp_ag_wid.py             25    hfp_ag_wid_hdl            : hfp_ag_wid_hdl, 121, Click Ok, then make a connection request to the PTS from the Implementation Under Test (IUT)., HFP/AG/ICA/BV-04-C
2026-09-24 19:52:46,381 LT1-thread root DEBUG gap.py                    762   gap_connect               : None 224
2026-09-24 19:52:46,381 LT1-thread root DEBUG iutctl_common.py          161   send                      : 1 14 0 "bytearray(b'\\xe0N\\xe4\\x08\\xdc\\x1b\\x00\\x00')"
2026-09-24 19:52:46,382 LT1-thread root DEBUG iutctl_common.py          166   send                      : sending frame '010e000800e04ee408dc1b0000'
2026-09-24 19:52:46,382 LT1-thread root DEBUG iutctl_common.py          339   read                      : 
2026-09-24 19:52:46,419 BTPWorkerThread-22114 (_rx_task) root DEBUG iutctl_common.py          123   read                      : Read 5 bytes
2026-09-24 19:52:46,430 BTPWorkerThread-22114 (_rx_task) root DEBUG iutctl_common.py          131   read                      : Received: hdr: Header(svc_id=0x01, op=0x0e, ctrl_index=0x00, data_len=0x00) bytearray(b'\x01\x0e\x00\x00\x00')
2026-09-24 19:52:46,442 BTPWorkerThread-22114 (_rx_task) root DEBUG iutctl_common.py          154   read                      : Received data: {''}, bytearray(b'')
2026-09-24 19:52:50,065 BTPWorkerThread-22114 (_rx_task) root DEBUG iutctl_common.py          123   read                      : Read 5 bytes
2026-09-24 19:52:50,065 BTPWorkerThread-22114 (_rx_task) root DEBUG iutctl_common.py          131   read                      : Received: hdr: Header(svc_id=0x01, op=0x82, ctrl_index=0x00, data_len=0x0d) bytearray(b'\x01\x82\x00\r\x00')
2026-09-24 19:52:50,066 BTPWorkerThread-22114 (_rx_task) root DEBUG iutctl_common.py          139   read                      : Read 13 bytes data
2026-09-24 19:52:50,066 BTPWorkerThread-22114 (_rx_task) root DEBUG iutctl_common.py          154   read                      : Received data: {'e0 4e e4 08 dc 1b 00 00 00 00 00 00 00'}, bytearray(b'\xe0N\xe4\x08\xdc\x1b\x00\x00\x00\x00\x00\x00\x00')
2026-09-24 19:52:50,066 BTPWorkerThread-22114 (_rx_task) root DEBUG btp.py                    736   event_handler             : Header(svc_id=1, op=130, ctrl_index=0, data_len=13) (b'\xe0N\xe4\x08\xdc\x1b\x00\x00\x00\x00\x00\x00\x00',)
2026-09-24 19:52:50,066 BTPWorkerThread-22114 (_rx_task) root DEBUG gap.py                    215   gap_connected_ev_         : b'\xe0N\xe4\x08\xdc\x1b\x00\x00\x00\x00\x00\x00\x00'
2026-09-24 19:52:50,160 LT1-thread root DEBUG gap.py                    873   gap_pair                  : None 224
2026-09-24 19:52:50,160 LT1-thread root DEBUG iutctl_common.py          161   send                      : 1 17 0 "bytearray(b'\\xe0N\\xe4\\x08\\xdc\\x1b\\x00')"
2026-09-24 19:52:50,160 LT1-thread root DEBUG iutctl_common.py          166   send                      : sending frame '0111000700e04ee408dc1b00'
2026-09-24 19:52:50,160 LT1-thread root DEBUG gap.py                    1229  gap_command_rsp_succ      : 
2026-09-24 19:52:50,160 LT1-thread root DEBUG iutctl_common.py          339   read                      : 
2026-09-24 19:52:50,194 BTPWorkerThread-22114 (_rx_task) root DEBUG iutctl_common.py          123   read                      : Read 5 bytes
2026-09-24 19:52:50,205 BTPWorkerThread-22114 (_rx_task) root DEBUG iutctl_common.py          131   read                      : Received: hdr: Header(svc_id=0x01, op=0x11, ctrl_index=0x00, data_len=0x00) bytearray(b'\x01\x11\x00\x00\x00')
2026-09-24 19:52:50,216 BTPWorkerThread-22114 (_rx_task) root DEBUG iutctl_common.py          154   read                      : Received data: {''}, bytearray(b'')
2026-09-24 19:52:50,221 LT1-thread root DEBUG gap.py                    1234  gap_command_rsp_succ      : received Header(svc_id=1, op=17, ctrl_index=0, data_len=0) (b'',)
2026-09-24 19:52:50,221 LT1-thread root DEBUG hfp_ag.py                 81    hfp_ag_connect            : hfp_ag_connect None 224 1
2026-09-24 19:52:50,221 LT1-thread root DEBUG iutctl_common.py          161   send                      : 34 2 0 "bytearray(b'\\xe0N\\xe4\\x08\\xdc\\x1b\\x00\\x01')"
2026-09-24 19:52:50,221 LT1-thread root DEBUG iutctl_common.py          166   send                      : sending frame '2202000800e04ee408dc1b0001'
2026-09-24 19:52:50,222 LT1-thread root DEBUG iutctl_common.py          339   read                      : 
2026-09-24 19:52:50,262 BTPWorkerThread-22114 (_rx_task) root DEBUG iutctl_common.py          123   read                      : Read 5 bytes
2026-09-24 19:52:50,262 BTPWorkerThread-22114 (_rx_task) root DEBUG iutctl_common.py          131   read                      : Received: hdr: Header(svc_id=0x22, op=0x02, ctrl_index=0x00, data_len=0x00) bytearray(b'"\x02\x00\x00\x00')
2026-09-24 19:52:50,262 BTPWorkerThread-22114 (_rx_task) root DEBUG iutctl_common.py          154   read                      : Received data: {''}, bytearray(b'')
2026-09-24 19:52:50,263 LT1-thread root DEBUG testcase.py               722   run_wid                   : Sending response 'OK' to wid 121 test case HFP/AG/ICA/BV-04-C
2026-09-24 19:52:50,265 LT1-thread root DEBUG client.py                 276   get_result                : ClientCallback.get_result run_test_case
2026-09-24 19:52:51,164 BTPWorkerThread-22114 (_rx_task) root DEBUG iutctl_common.py          123   read                      : Read 5 bytes
2026-09-24 19:52:51,164 BTPWorkerThread-22114 (_rx_task) root DEBUG iutctl_common.py          131   read                      : Received: hdr: Header(svc_id=0x01, op=0x91, ctrl_index=0x00, data_len=0x09) bytearray(b'\x01\x91\x00\t\x00')
2026-09-24 19:52:51,164 BTPWorkerThread-22114 (_rx_task) root DEBUG iutctl_common.py          139   read                      : Read 9 bytes data
2026-09-24 19:52:51,164 BTPWorkerThread-22114 (_rx_task) root DEBUG iutctl_common.py          154   read                      : Received data: {'e0 4e e4 08 dc 1b 00 01 10'}, bytearray(b'\xe0N\xe4\x08\xdc\x1b\x00\x01\x10')
2026-09-24 19:52:51,165 BTPWorkerThread-22114 (_rx_task) root DEBUG btp.py                    736   event_handler             : Header(svc_id=1, op=145, ctrl_index=0, data_len=9) (b'\xe0N\xe4\x08\xdc\x1b\x00\x01\x10',)
2026-09-24 19:52:51,165 BTPWorkerThread-22114 (_rx_task) root DEBUG gap.py                    494   gap_encryption_change_ev_ : 
2026-09-24 19:52:51,165 BTPWorkerThread-22114 (_rx_task) root DEBUG gap.py                    496   gap_encryption_change_ev_ : enc change received b'\xe0N\xe4\x08\xdc\x1b\x00\x01\x10'
2026-09-24 19:52:51,165 BTPWorkerThread-22114 (_rx_task) root DEBUG gap.py                    505   gap_encryption_change_ev_ : received (224, '001bdc08e44e', 1, 16)
2026-09-24 19:52:51,165 BTPWorkerThread-22114 (_rx_task) root DEBUG iutctl_common.py          123   read                      : Read 5 bytes
2026-09-24 19:52:51,165 BTPWorkerThread-22114 (_rx_task) root DEBUG iutctl_common.py          131   read                      : Received: hdr: Header(svc_id=0x01, op=0x89, ctrl_index=0x00, data_len=0x08) bytearray(b'\x01\x89\x00\x08\x00')
2026-09-24 19:52:51,165 BTPWorkerThread-22114 (_rx_task) root DEBUG iutctl_common.py          139   read                      : Read 8 bytes data
2026-09-24 19:52:51,165 BTPWorkerThread-22114 (_rx_task) root DEBUG iutctl_common.py          154   read                      : Received data: {'e0 4e e4 08 dc 1b 00 02'}, bytearray(b'\xe0N\xe4\x08\xdc\x1b\x00\x02')
2026-09-24 19:52:51,165 BTPWorkerThread-22114 (_rx_task) root DEBUG btp.py                    736   event_handler             : Header(svc_id=1, op=137, ctrl_index=0, data_len=8) (b'\xe0N\xe4\x08\xdc\x1b\x00\x02',)
2026-09-24 19:52:51,165 BTPWorkerThread-22114 (_rx_task) root DEBUG gap.py                    300   gap_sec_level_changed_ev_ : 
2026-09-24 19:52:51,166 BTPWorkerThread-22114 (_rx_task) root DEBUG gap.py                    302   gap_sec_level_changed_ev_ : received b'\xe0N\xe4\x08\xdc\x1b\x00\x02'
2026-09-24 19:52:51,166 BTPWorkerThread-22114 (_rx_task) root DEBUG gap.py                    313   gap_sec_level_changed_ev_ : received (224, '001bdc08e44e', 2)
2026-09-24 19:52:51,261 BTPWorkerThread-22114 (_rx_task) root DEBUG iutctl_common.py          123   read                      : Read 5 bytes
2026-09-24 19:52:51,261 BTPWorkerThread-22114 (_rx_task) root DEBUG iutctl_common.py          131   read                      : Received: hdr: Header(svc_id=0x22, op=0x80, ctrl_index=0x00, data_len=0x07) bytearray(b'"\x80\x00\x07\x00')
2026-09-24 19:52:51,262 BTPWorkerThread-22114 (_rx_task) root DEBUG iutctl_common.py          139   read                      : Read 7 bytes data
2026-09-24 19:52:51,262 BTPWorkerThread-22114 (_rx_task) root DEBUG iutctl_common.py          154   read                      : Received data: {'e0 4e e4 08 dc 1b 00'}, bytearray(b'\xe0N\xe4\x08\xdc\x1b\x00')
2026-09-24 19:52:51,262 BTPWorkerThread-22114 (_rx_task) root DEBUG btp.py                    736   event_handler             : Header(svc_id=34, op=128, ctrl_index=0, data_len=7) (b'\xe0N\xe4\x08\xdc\x1b\x00',)
2026-09-24 19:52:51,262 BTPWorkerThread-22114 (_rx_task) root DEBUG hfp_ag.py                 672   hfp_ag_connected_ev       : hfp_ag_connected_ev b'\xe0N\xe4\x08\xdc\x1b\x00' 7
2026-09-24 19:52:51,262 BTPWorkerThread-22114 (_rx_task) root DEBUG hfp_ag.py                 677   hfp_ag_connected_ev       : HFP AG connected to addr b'N\xe4\x08\xdc\x1b\x00'
2026-09-24 19:52:51,262 BTPWorkerThread-22114 (_rx_task) root DEBUG iutctl_common.py          123   read                      : Read 5 bytes
2026-09-24 19:52:51,263 BTPWorkerThread-22114 (_rx_task) root DEBUG iutctl_common.py          131   read                      : Received: hdr: Header(svc_id=0x22, op=0x91, ctrl_index=0x00, data_len=0x08) bytearray(b'"\x91\x00\x08\x00')
2026-09-24 19:52:51,263 BTPWorkerThread-22114 (_rx_task) root DEBUG iutctl_common.py          139   read                      : Read 8 bytes data
2026-09-24 19:52:51,263 BTPWorkerThread-22114 (_rx_task) root DEBUG iutctl_common.py          154   read                      : Received data: {'e0 4e e4 08 dc 1b 00 09'}, bytearray(b'\xe0N\xe4\x08\xdc\x1b\x00\t')
2026-09-24 19:52:51,263 BTPWorkerThread-22114 (_rx_task) root DEBUG btp.py                    736   event_handler             : Header(svc_id=34, op=145, ctrl_index=0, data_len=8) (b'\xe0N\xe4\x08\xdc\x1b\x00\t',)
2026-09-24 19:52:51,264 BTPWorkerThread-22114 (_rx_task) root DEBUG hfp_ag.py                 883   hfp_ag_vgs_ev             : hfp_ag_vgs_ev b'\xe0N\xe4\x08\xdc\x1b\x00\t' 8
2026-09-24 19:52:51,264 BTPWorkerThread-22114 (_rx_task) root DEBUG hfp_ag.py                 888   hfp_ag_vgs_ev             : HFP AG VGS from addr b'N\xe4\x08\xdc\x1b\x00', gain 9
2026-09-24 19:52:51,271 BTPWorkerThread-22114 (_rx_task) root DEBUG iutctl_common.py          123   read                      : Read 5 bytes
2026-09-24 19:52:51,271 BTPWorkerThread-22114 (_rx_task) root DEBUG iutctl_common.py          131   read                      : Received: hdr: Header(svc_id=0x22, op=0x90, ctrl_index=0x00, data_len=0x08) bytearray(b'"\x90\x00\x08\x00')
2026-09-24 19:52:51,271 BTPWorkerThread-22114 (_rx_task) root DEBUG iutctl_common.py          139   read                      : Read 8 bytes data
2026-09-24 19:52:51,273 BTPWorkerThread-22114 (_rx_task) root DEBUG iutctl_common.py          154   read                      : Received data: {'e0 4e e4 08 dc 1b 00 09'}, bytearray(b'\xe0N\xe4\x08\xdc\x1b\x00\t')
2026-09-24 19:52:51,273 BTPWorkerThread-22114 (_rx_task) root DEBUG btp.py                    736   event_handler             : Header(svc_id=34, op=144, ctrl_index=0, data_len=8) (b'\xe0N\xe4\x08\xdc\x1b\x00\t',)
2026-09-24 19:52:51,273 BTPWorkerThread-22114 (_rx_task) root DEBUG hfp_ag.py                 872   hfp_ag_vgm_ev             : hfp_ag_vgm_ev b'\xe0N\xe4\x08\xdc\x1b\x00\t' 8
2026-09-24 19:52:51,273 BTPWorkerThread-22114 (_rx_task) root DEBUG hfp_ag.py                 877   hfp_ag_vgm_ev             : HFP AG VGM from addr b'N\xe4\x08\xdc\x1b\x00', gain 9
2026-09-24 19:52:51,292 LT1-callback ClientCallback.on_implicit_send INFO client.py                 223   on_implicit_send          : 
    ********************
    BEGIN OnImplicitSend:
    project_name: HFP
    wid: 33
    test_case_name: HFP/AG/ICA/BV-04-C
    description: Click Ok, then disable the in-band ringtone using the Implementation Under Test (IUT).
    style: MMI_Style_Ok_Cancel1 0x11041
2026-09-24 19:52:51,292 LT1-callback ClientCallback.on_implicit_send INFO client.py                 236   on_implicit_send          : Calling test cases on_implicit_send
2026-09-24 19:52:51,293 LT1-callback ClientCallback.on_implicit_send INFO client.py                 249   on_implicit_send          : 
    on_implicit_send returned response: WAIT
    END OnImplicitSend
    ********************
2026-09-24 19:52:52,266 LT1-thread root DEBUG testcase.py               679   run_wid                   : HFP HFP/AG/ICA/BV-04-C on_implicit_send
2026-09-24 19:52:52,266 LT1-thread root DEBUG hfp_ag_wid.py             25    hfp_ag_wid_hdl            : hfp_ag_wid_hdl, 33, Click Ok, then disable the in-band ringtone using the Implementation Under Test (IUT)., HFP/AG/ICA/BV-04-C
2026-09-24 19:52:52,266 LT1-thread root DEBUG hfp_ag.py                 402   hfp_ag_set_inband_ringtone : hfp_ag_set_inband_ringtone None 224 0
2026-09-24 19:52:52,266 LT1-thread root DEBUG iutctl_common.py          161   send                      : 34 22 0 "bytearray(b'\\xe0N\\xe4\\x08\\xdc\\x1b\\x00\\x00')"
2026-09-24 19:52:52,266 LT1-thread root DEBUG iutctl_common.py          166   send                      : sending frame '2216000800e04ee408dc1b0000'
2026-09-24 19:52:52,267 LT1-thread root DEBUG iutctl_common.py          339   read                      : 
2026-09-24 19:52:52,304 BTPWorkerThread-22114 (_rx_task) root DEBUG iutctl_common.py          123   read                      : Read 5 bytes
2026-09-24 19:52:52,314 BTPWorkerThread-22114 (_rx_task) root DEBUG iutctl_common.py          131   read                      : Received: hdr: Header(svc_id=0x22, op=0x16, ctrl_index=0x00, data_len=0x00) bytearray(b'"\x16\x00\x00\x00')
2026-09-24 19:52:52,320 BTPWorkerThread-22114 (_rx_task) root DEBUG iutctl_common.py          154   read                      : Received data: {''}, bytearray(b'')
2026-09-24 19:52:52,325 LT1-thread root DEBUG testcase.py               722   run_wid                   : Sending response 'OK' to wid 33 test case HFP/AG/ICA/BV-04-C
2026-09-24 19:52:52,327 LT1-thread root DEBUG client.py                 276   get_result                : ClientCallback.get_result run_test_case
2026-09-24 19:52:52,329 LT1-callback ClientCallback.on_implicit_send INFO client.py                 223   on_implicit_send          : 
    ********************
    BEGIN OnImplicitSend:
    project_name: HFP
    wid: 12
    test_case_name: HFP/AG/ICA/BV-04-C
    description: Click Ok, then place a call from an external line to the Implementation Under Test (IUT).  Do not answer the call unless prompted to do so.
    style: MMI_Style_Ok_Cancel1 0x11041
2026-09-24 19:52:52,330 LT1-callback ClientCallback.on_implicit_send INFO client.py                 236   on_implicit_send          : Calling test cases on_implicit_send
2026-09-24 19:52:52,330 LT1-callback ClientCallback.on_implicit_send INFO client.py                 249   on_implicit_send          : 
    on_implicit_send returned response: WAIT
    END OnImplicitSend
    ********************
2026-09-24 19:52:53,328 LT1-thread root DEBUG testcase.py               679   run_wid                   : HFP HFP/AG/ICA/BV-04-C on_implicit_send
2026-09-24 19:52:53,328 LT1-thread root DEBUG hfp_ag_wid.py             25    hfp_ag_wid_hdl            : hfp_ag_wid_hdl, 12, Click Ok, then place a call from an external line to the Implementation Under Test (IUT).  Do not answer the call unless prompted to do so., HFP/AG/ICA/BV-04-C
2026-09-24 19:52:53,328 LT1-thread root DEBUG hfp_ag.py                 112   hfp_ag_remote_incoming    : hfp_ag_remote_incoming None 224 '1234567'
2026-09-24 19:52:53,328 LT1-thread root DEBUG iutctl_common.py          161   send                      : 34 4 0 "bytearray(b'\\xe0N\\xe4\\x08\\xdc\\x1b\\x00\\x071234567')"
2026-09-24 19:52:53,328 LT1-thread root DEBUG iutctl_common.py          166   send                      : sending frame '2204000f00e04ee408dc1b000731323334353637'
2026-09-24 19:52:53,328 LT1-thread root DEBUG iutctl_common.py          339   read                      : 
2026-09-24 19:52:53,360 BTPWorkerThread-22114 (_rx_task) root DEBUG iutctl_common.py          123   read                      : Read 5 bytes
2026-09-24 19:52:53,366 BTPWorkerThread-22114 (_rx_task) root DEBUG iutctl_common.py          131   read                      : Received: hdr: Header(svc_id=0x22, op=0x04, ctrl_index=0x00, data_len=0x00) bytearray(b'"\x04\x00\x00\x00')
2026-09-24 19:52:53,372 BTPWorkerThread-22114 (_rx_task) root DEBUG iutctl_common.py          154   read                      : Received data: {''}, bytearray(b'')
2026-09-24 19:52:53,372 LT1-thread root DEBUG testcase.py               722   run_wid                   : Sending response 'OK' to wid 12 test case HFP/AG/ICA/BV-04-C
2026-09-24 19:52:53,373 BTPWorkerThread-22114 (_rx_task) root DEBUG iutctl_common.py          123   read                      : Read 5 bytes
2026-09-24 19:52:53,373 BTPWorkerThread-22114 (_rx_task) root DEBUG iutctl_common.py          131   read                      : Received: hdr: Header(svc_id=0x22, op=0x85, ctrl_index=0x00, data_len=0x10) bytearray(b'"\x85\x00\x10\x00')
2026-09-24 19:52:53,373 BTPWorkerThread-22114 (_rx_task) root DEBUG iutctl_common.py          139   read                      : Read 16 bytes data
2026-09-24 19:52:53,374 BTPWorkerThread-22114 (_rx_task) root DEBUG iutctl_common.py          154   read                      : Received data: {'e0 4e e4 08 dc 1b 00 00 07 31 32 33 34 35 36 37'}, bytearray(b'\xe0N\xe4\x08\xdc\x1b\x00\x00\x071234567')
2026-09-24 19:52:53,374 BTPWorkerThread-22114 (_rx_task) root DEBUG btp.py                    736   event_handler             : Header(svc_id=34, op=133, ctrl_index=0, data_len=16) (b'\xe0N\xe4\x08\xdc\x1b\x00\x00\x071234567',)
2026-09-24 19:52:53,374 BTPWorkerThread-22114 (_rx_task) root DEBUG hfp_ag.py                 735   hfp_ag_incoming_ev        : hfp_ag_incoming_ev b'\xe0N\xe4\x08\xdc\x1b\x00\x00\x071234567' 16
2026-09-24 19:52:53,374 BTPWorkerThread-22114 (_rx_task) root DEBUG hfp_ag.py                 743   hfp_ag_incoming_ev        : HFP AG incoming call from addr b'N\xe4\x08\xdc\x1b\x00', call_index 0, number '1234567'
2026-09-24 19:52:53,374 BTPWorkerThread-22114 (_rx_task) root DEBUG iutctl_common.py          123   read                      : Read 5 bytes
2026-09-24 19:52:53,375 LT1-thread root DEBUG client.py                 276   get_result                : ClientCallback.get_result run_test_case
2026-09-24 19:52:53,375 BTPWorkerThread-22114 (_rx_task) root DEBUG iutctl_common.py          131   read                      : Received: hdr: Header(svc_id=0x22, op=0x87, ctrl_index=0x00, data_len=0x09) bytearray(b'"\x87\x00\t\x00')
2026-09-24 19:52:53,375 BTPWorkerThread-22114 (_rx_task) root DEBUG iutctl_common.py          139   read                      : Read 9 bytes data
2026-09-24 19:52:53,376 BTPWorkerThread-22114 (_rx_task) root DEBUG iutctl_common.py          154   read                      : Received data: {'e0 4e e4 08 dc 1b 00 00 00'}, bytearray(b'\xe0N\xe4\x08\xdc\x1b\x00\x00\x00')
2026-09-24 19:52:53,376 BTPWorkerThread-22114 (_rx_task) root DEBUG btp.py                    736   event_handler             : Header(svc_id=34, op=135, ctrl_index=0, data_len=9) (b'\xe0N\xe4\x08\xdc\x1b\x00\x00\x00',)
2026-09-24 19:52:53,376 BTPWorkerThread-22114 (_rx_task) root DEBUG hfp_ag.py                 762   hfp_ag_ringing_ev         : hfp_ag_ringing_ev b'\xe0N\xe4\x08\xdc\x1b\x00\x00\x00' 9
2026-09-24 19:52:53,376 BTPWorkerThread-22114 (_rx_task) root DEBUG hfp_ag.py                 767   hfp_ag_ringing_ev         : HFP AG ringing from addr b'N\xe4\x08\xdc\x1b\x00', call_index 0, in_band 0
2026-09-24 19:52:53,377 BTPWorkerThread-22114 (_rx_task) root DEBUG iutctl_common.py          123   read                      : Read 5 bytes
2026-09-24 19:52:53,377 BTPWorkerThread-22114 (_rx_task) root DEBUG iutctl_common.py          131   read                      : Received: hdr: Header(svc_id=0x22, op=0x88, ctrl_index=0x00, data_len=0x08) bytearray(b'"\x88\x00\x08\x00')
2026-09-24 19:52:53,377 BTPWorkerThread-22114 (_rx_task) root DEBUG iutctl_common.py          139   read                      : Read 8 bytes data
2026-09-24 19:52:53,378 BTPWorkerThread-22114 (_rx_task) root DEBUG iutctl_common.py          154   read                      : Received data: {'e0 4e e4 08 dc 1b 00 00'}, bytearray(b'\xe0N\xe4\x08\xdc\x1b\x00\x00')
2026-09-24 19:52:53,378 BTPWorkerThread-22114 (_rx_task) root DEBUG btp.py                    736   event_handler             : Header(svc_id=34, op=136, ctrl_index=0, data_len=8) (b'\xe0N\xe4\x08\xdc\x1b\x00\x00',)
2026-09-24 19:52:53,378 BTPWorkerThread-22114 (_rx_task) root DEBUG hfp_ag.py                 785   hfp_ag_call_accepted_ev   : hfp_ag_call_accepted_ev b'\xe0N\xe4\x08\xdc\x1b\x00\x00' 8
2026-09-24 19:52:53,378 BTPWorkerThread-22114 (_rx_task) root DEBUG hfp_ag.py                 790   hfp_ag_call_accepted_ev   : HFP AG call accepted from addr b'N\xe4\x08\xdc\x1b\x00', call_index 0
2026-09-24 19:52:53,400 LT1-callback ClientCallback.on_implicit_send INFO client.py                 223   on_implicit_send          : 
    ********************
    BEGIN OnImplicitSend:
    project_name: HFP
    wid: 35
    test_case_name: HFP/AG/ICA/BV-04-C
    description: Verify the presence of an audio connection, then click Ok.
    style: MMI_Style_Ok_Cancel1 0x11041
2026-09-24 19:52:53,400 LT1-callback ClientCallback.on_implicit_send INFO client.py                 236   on_implicit_send          : Calling test cases on_implicit_send
2026-09-24 19:52:53,400 LT1-callback ClientCallback.on_implicit_send INFO client.py                 249   on_implicit_send          : 
    on_implicit_send returned response: WAIT
    END OnImplicitSend
    ********************
2026-09-24 19:52:53,442 BTPWorkerThread-22114 (_rx_task) root DEBUG iutctl_common.py          123   read                      : Read 5 bytes
2026-09-24 19:52:53,442 BTPWorkerThread-22114 (_rx_task) root DEBUG iutctl_common.py          131   read                      : Received: hdr: Header(svc_id=0x22, op=0x82, ctrl_index=0x00, data_len=0x07) bytearray(b'"\x82\x00\x07\x00')
2026-09-24 19:52:53,442 BTPWorkerThread-22114 (_rx_task) root DEBUG iutctl_common.py          139   read                      : Read 7 bytes data
2026-09-24 19:52:53,443 BTPWorkerThread-22114 (_rx_task) root DEBUG iutctl_common.py          154   read                      : Received data: {'e0 4e e4 08 dc 1b 00'}, bytearray(b'\xe0N\xe4\x08\xdc\x1b\x00')
2026-09-24 19:52:53,443 BTPWorkerThread-22114 (_rx_task) root DEBUG btp.py                    736   event_handler             : Header(svc_id=34, op=130, ctrl_index=0, data_len=7) (b'\xe0N\xe4\x08\xdc\x1b\x00',)
2026-09-24 19:52:53,443 BTPWorkerThread-22114 (_rx_task) root DEBUG hfp_ag.py                 696   hfp_ag_sco_connected_ev   : hfp_ag_sco_connected_ev b'\xe0N\xe4\x08\xdc\x1b\x00' 7
2026-09-24 19:52:53,443 BTPWorkerThread-22114 (_rx_task) root DEBUG hfp_ag.py                 701   hfp_ag_sco_connected_ev   : HFP AG SCO connected to addr b'N\xe4\x08\xdc\x1b\x00'
2026-09-24 19:52:54,375 LT1-thread root DEBUG testcase.py               679   run_wid                   : HFP HFP/AG/ICA/BV-04-C on_implicit_send
2026-09-24 19:52:54,376 LT1-thread root DEBUG hfp_ag_wid.py             25    hfp_ag_wid_hdl            : hfp_ag_wid_hdl, 35, Verify the presence of an audio connection, then click Ok., HFP/AG/ICA/BV-04-C
2026-09-24 19:52:54,376 LT1-thread root DEBUG testcase.py               722   run_wid                   : Sending response 'OK' to wid 35 test case HFP/AG/ICA/BV-04-C
2026-09-24 19:52:54,377 LT1-thread root DEBUG client.py                 276   get_result                : ClientCallback.get_result run_test_case
2026-09-24 19:52:54,384 LT1-callback ClientCallback.on_implicit_send INFO client.py                 223   on_implicit_send          : 
    ********************
    BEGIN OnImplicitSend:
    project_name: HFP
    wid: 15
    test_case_name: HFP/AG/ICA/BV-04-C
    description: Click Ok, then end the call using the external terminal.
    style: MMI_Style_Ok_Cancel1 0x11041
2026-09-24 19:52:54,384 LT1-callback ClientCallback.on_implicit_send INFO client.py                 236   on_implicit_send          : Calling test cases on_implicit_send
2026-09-24 19:52:54,384 LT1-callback ClientCallback.on_implicit_send INFO client.py                 249   on_implicit_send          : 
    on_implicit_send returned response: WAIT
    END OnImplicitSend
    ********************
2026-09-24 19:52:55,378 LT1-thread root DEBUG testcase.py               679   run_wid                   : HFP HFP/AG/ICA/BV-04-C on_implicit_send
2026-09-24 19:52:55,378 LT1-thread root DEBUG hfp_ag_wid.py             25    hfp_ag_wid_hdl            : hfp_ag_wid_hdl, 15, Click Ok, then end the call using the external terminal., HFP/AG/ICA/BV-04-C
2026-09-24 19:52:55,378 LT1-thread root DEBUG hfp_ag.py                 194   hfp_ag_remote_terminate   : hfp_ag_remote_terminate None 224 0
2026-09-24 19:52:55,378 LT1-thread root DEBUG iutctl_common.py          161   send                      : 34 9 0 "bytearray(b'\\xe0N\\xe4\\x08\\xdc\\x1b\\x00\\x00')"
2026-09-24 19:52:55,378 LT1-thread root DEBUG iutctl_common.py          166   send                      : sending frame '2209000800e04ee408dc1b0000'
2026-09-24 19:52:55,379 LT1-thread root DEBUG iutctl_common.py          339   read                      : 
2026-09-24 19:52:55,415 BTPWorkerThread-22114 (_rx_task) root DEBUG iutctl_common.py          123   read                      : Read 5 bytes
2026-09-24 19:52:55,426 BTPWorkerThread-22114 (_rx_task) root DEBUG iutctl_common.py          131   read                      : Received: hdr: Header(svc_id=0x22, op=0x8c, ctrl_index=0x00, data_len=0x08) bytearray(b'"\x8c\x00\x08\x00')
2026-09-24 19:52:55,432 BTPWorkerThread-22114 (_rx_task) root DEBUG iutctl_common.py          139   read                      : Read 8 bytes data
2026-09-24 19:52:55,438 BTPWorkerThread-22114 (_rx_task) root DEBUG iutctl_common.py          154   read                      : Received data: {'e0 4e e4 08 dc 1b 00 00'}, bytearray(b'\xe0N\xe4\x08\xdc\x1b\x00\x00')
2026-09-24 19:52:55,438 BTPWorkerThread-22114 (_rx_task) root DEBUG btp.py                    736   event_handler             : Header(svc_id=34, op=140, ctrl_index=0, data_len=8) (b'\xe0N\xe4\x08\xdc\x1b\x00\x00',)
2026-09-24 19:52:55,438 BTPWorkerThread-22114 (_rx_task) root DEBUG hfp_ag.py                 833   hfp_ag_call_terminated_ev : hfp_ag_call_terminated_ev b'\xe0N\xe4\x08\xdc\x1b\x00\x00' 8
2026-09-24 19:52:55,438 BTPWorkerThread-22114 (_rx_task) root DEBUG hfp_ag.py                 838   hfp_ag_call_terminated_ev : HFP AG call terminated from addr b'N\xe4\x08\xdc\x1b\x00', call_index 0
2026-09-24 19:52:55,448 BTPWorkerThread-22114 (_rx_task) root DEBUG iutctl_common.py          123   read                      : Read 5 bytes
2026-09-24 19:52:55,459 BTPWorkerThread-22114 (_rx_task) root DEBUG iutctl_common.py          131   read                      : Received: hdr: Header(svc_id=0x22, op=0x09, ctrl_index=0x00, data_len=0x00) bytearray(b'"\t\x00\x00\x00')
2026-09-24 19:52:55,459 BTPWorkerThread-22114 (_rx_task) root DEBUG iutctl_common.py          154   read                      : Received data: {''}, bytearray(b'')
2026-09-24 19:52:55,459 BTPWorkerThread-22114 (_rx_task) root DEBUG iutctl_common.py          123   read                      : Read 5 bytes
2026-09-24 19:52:55,460 LT1-thread root DEBUG testcase.py               722   run_wid                   : Sending response 'OK' to wid 15 test case HFP/AG/ICA/BV-04-C
2026-09-24 19:52:55,460 BTPWorkerThread-22114 (_rx_task) root DEBUG iutctl_common.py          131   read                      : Received: hdr: Header(svc_id=0x22, op=0x83, ctrl_index=0x00, data_len=0x08) bytearray(b'"\x83\x00\x08\x00')
2026-09-24 19:52:55,460 BTPWorkerThread-22114 (_rx_task) root DEBUG iutctl_common.py          139   read                      : Read 8 bytes data
2026-09-24 19:52:55,461 BTPWorkerThread-22114 (_rx_task) root DEBUG iutctl_common.py          154   read                      : Received data: {'e0 4e e4 08 dc 1b 00 16'}, bytearray(b'\xe0N\xe4\x08\xdc\x1b\x00\x16')
2026-09-24 19:52:55,461 BTPWorkerThread-22114 (_rx_task) root DEBUG btp.py                    736   event_handler             : Header(svc_id=34, op=131, ctrl_index=0, data_len=8) (b'\xe0N\xe4\x08\xdc\x1b\x00\x16',)
2026-09-24 19:52:55,461 BTPWorkerThread-22114 (_rx_task) root DEBUG hfp_ag.py                 708   hfp_ag_sco_disconnected_ev : hfp_ag_sco_disconnected_ev b'\xe0N\xe4\x08\xdc\x1b\x00\x16' 8
2026-09-24 19:52:55,461 BTPWorkerThread-22114 (_rx_task) root DEBUG hfp_ag.py                 713   hfp_ag_sco_disconnected_ev : HFP AG SCO disconnected from addr b'N\xe4\x08\xdc\x1b\x00', reason 22
2026-09-24 19:52:55,462 LT1-thread root DEBUG client.py                 276   get_result                : ClientCallback.get_result run_test_case
2026-09-24 19:52:55,464 LT1-callback ClientCallback.on_implicit_send INFO client.py                 223   on_implicit_send          : 
    ********************
    BEGIN OnImplicitSend:
    project_name: HFP
    wid: 4
    test_case_name: HFP/AG/ICA/BV-04-C
    description: Click Ok, then close the audio connection (SCO) between the Implementation Under Test (IUT) and the PTS.  Do not close the service level connection (SLC) or power-off the IUT.
    style: MMI_Style_Ok_Cancel1 0x11041
2026-09-24 19:52:55,464 LT1-callback ClientCallback.on_implicit_send INFO client.py                 236   on_implicit_send          : Calling test cases on_implicit_send
2026-09-24 19:52:55,464 LT1-callback ClientCallback.on_implicit_send INFO client.py                 249   on_implicit_send          : 
    on_implicit_send returned response: WAIT
    END OnImplicitSend
    ********************
2026-09-24 19:52:56,462 LT1-thread root DEBUG testcase.py               679   run_wid                   : HFP HFP/AG/ICA/BV-04-C on_implicit_send
2026-09-24 19:52:56,462 LT1-thread root DEBUG hfp_ag_wid.py             25    hfp_ag_wid_hdl            : hfp_ag_wid_hdl, 4, Click Ok, then close the audio connection (SCO) between the Implementation Under Test (IUT) and the PTS.  Do not close the service level connection (SLC) or power-off the IUT., HFP/AG/ICA/BV-04-C
2026-09-24 19:52:56,462 LT1-thread root DEBUG testcase.py               722   run_wid                   : Sending response 'OK' to wid 4 test case HFP/AG/ICA/BV-04-C
2026-09-24 19:52:56,464 LT1-thread root DEBUG client.py                 276   get_result                : ClientCallback.get_result run_test_case
2026-09-24 19:52:56,466 LT1-callback ClientCallback.on_implicit_send INFO client.py                 223   on_implicit_send          : 
    ********************
    BEGIN OnImplicitSend:
    project_name: HFP
    wid: 2
    test_case_name: HFP/AG/ICA/BV-04-C
    description: Click Ok, then disable the service level connection using the Implementation Under Test (IUT).
    style: MMI_Style_Ok 0x11040
2026-09-24 19:52:56,466 LT1-callback ClientCallback.on_implicit_send INFO client.py                 236   on_implicit_send          : Calling test cases on_implicit_send
2026-09-24 19:52:56,466 LT1-callback ClientCallback.on_implicit_send INFO client.py                 249   on_implicit_send          : 
    on_implicit_send returned response: WAIT
    END OnImplicitSend
    ********************
2026-09-24 19:52:57,464 LT1-thread root DEBUG testcase.py               679   run_wid                   : HFP HFP/AG/ICA/BV-04-C on_implicit_send
2026-09-24 19:52:57,465 LT1-thread root DEBUG hfp_ag_wid.py             25    hfp_ag_wid_hdl            : hfp_ag_wid_hdl, 2, Click Ok, then disable the service level connection using the Implementation Under Test (IUT)., HFP/AG/ICA/BV-04-C
2026-09-24 19:52:57,465 LT1-thread root DEBUG hfp_ag.py                 97    hfp_ag_disconnect         : hfp_ag_disconnect None 224
2026-09-24 19:52:57,465 LT1-thread root DEBUG iutctl_common.py          161   send                      : 34 3 0 "bytearray(b'\\xe0N\\xe4\\x08\\xdc\\x1b\\x00')"
2026-09-24 19:52:57,465 LT1-thread root DEBUG iutctl_common.py          166   send                      : sending frame '2203000700e04ee408dc1b00'
2026-09-24 19:52:57,465 LT1-thread root DEBUG iutctl_common.py          339   read                      : 
2026-09-24 19:52:57,500 BTPWorkerThread-22114 (_rx_task) root DEBUG iutctl_common.py          123   read                      : Read 5 bytes
2026-09-24 19:52:57,511 BTPWorkerThread-22114 (_rx_task) root DEBUG iutctl_common.py          131   read                      : Received: hdr: Header(svc_id=0x22, op=0x03, ctrl_index=0x00, data_len=0x00) bytearray(b'"\x03\x00\x00\x00')
2026-09-24 19:52:57,517 BTPWorkerThread-22114 (_rx_task) root DEBUG iutctl_common.py          154   read                      : Received data: {''}, bytearray(b'')
2026-09-24 19:52:57,517 LT1-thread root DEBUG testcase.py               722   run_wid                   : Sending response 'Ok' to wid 2 test case HFP/AG/ICA/BV-04-C
2026-09-24 19:52:57,518 BTPWorkerThread-22114 (_rx_task) root DEBUG iutctl_common.py          123   read                      : Read 5 bytes
2026-09-24 19:52:57,518 BTPWorkerThread-22114 (_rx_task) root DEBUG iutctl_common.py          131   read                      : Received: hdr: Header(svc_id=0x22, op=0x81, ctrl_index=0x00, data_len=0x07) bytearray(b'"\x81\x00\x07\x00')
2026-09-24 19:52:57,518 BTPWorkerThread-22114 (_rx_task) root DEBUG iutctl_common.py          139   read                      : Read 7 bytes data
2026-09-24 19:52:57,519 BTPWorkerThread-22114 (_rx_task) root DEBUG iutctl_common.py          154   read                      : Received data: {'e0 4e e4 08 dc 1b 00'}, bytearray(b'\xe0N\xe4\x08\xdc\x1b\x00')
2026-09-24 19:52:57,519 BTPWorkerThread-22114 (_rx_task) root DEBUG btp.py                    736   event_handler             : Header(svc_id=34, op=129, ctrl_index=0, data_len=7) (b'\xe0N\xe4\x08\xdc\x1b\x00',)
2026-09-24 19:52:57,519 BTPWorkerThread-22114 (_rx_task) root DEBUG hfp_ag.py                 684   hfp_ag_disconnected_ev    : hfp_ag_disconnected_ev b'\xe0N\xe4\x08\xdc\x1b\x00' 7
2026-09-24 19:52:57,519 BTPWorkerThread-22114 (_rx_task) root DEBUG hfp_ag.py                 689   hfp_ag_disconnected_ev    : HFP AG disconnected from addr b'N\xe4\x08\xdc\x1b\x00'
2026-09-24 19:52:57,520 LT1-thread root DEBUG client.py                 276   get_result                : ClientCallback.get_result run_test_case
2026-09-24 19:52:58,516 BTPWorkerThread-22114 (_rx_task) root DEBUG iutctl_common.py          123   read                      : Read 5 bytes
2026-09-24 19:52:58,516 BTPWorkerThread-22114 (_rx_task) root DEBUG iutctl_common.py          131   read                      : Received: hdr: Header(svc_id=0x01, op=0x83, ctrl_index=0x00, data_len=0x07) bytearray(b'\x01\x83\x00\x07\x00')
2026-09-24 19:52:58,516 BTPWorkerThread-22114 (_rx_task) root DEBUG iutctl_common.py          139   read                      : Read 7 bytes data
2026-09-24 19:52:58,516 BTPWorkerThread-22114 (_rx_task) root DEBUG iutctl_common.py          154   read                      : Received data: {'e0 4e e4 08 dc 1b 00'}, bytearray(b'\xe0N\xe4\x08\xdc\x1b\x00')
2026-09-24 19:52:58,516 BTPWorkerThread-22114 (_rx_task) root DEBUG btp.py                    736   event_handler             : Header(svc_id=1, op=131, ctrl_index=0, data_len=7) (b'\xe0N\xe4\x08\xdc\x1b\x00',)
2026-09-24 19:52:58,516 BTPWorkerThread-22114 (_rx_task) root DEBUG gap.py                    228   gap_disconnected_ev_      : b'\xe0N\xe4\x08\xdc\x1b\x00'
2026-09-24 19:53:01,292 LT1-callback ClientCallback.log INFO client.py                 200   log                       : PTS_LOGTYPE_START_TEST Start Test Case 

+141 ms
 HFP/AG/ICA/BV-04-C HFP/AG/ICA/BV-04-C

2026-09-24 19:53:01,931 LT1-callback ClientCallback.log INFO client.py                 200   log                       : PTS_LOGTYPE_FINAL_VERDICT Final Verdict 

+16453 ms
 HFP/AG/ICA/BV-04-C PASS

2026-09-24 19:53:01,935 LT1-callback ClientCallback.log INFO client.py                 200   log                       : PTS_LOGTYPE_FINAL_VERDICT Encrypted Verdict 

+16453 ms
 HFP/AG/ICA/BV-04-C A1#ZWY4MzQ5MDg3MmQwNTIxOGQzMzQ5YjY2ODA5M2MzNjQ5ZDY4NmY0Yjc2MzIzM2VkNTUyNTFhNGU4Mjg1MjI0NA==#RZL+jKhtMN7twbICfHy1sD+SNRE96QYKK/McAfr1yaHVFSPXRm8aZ9Jq3fJVTyop

2026-09-24 19:53:01,940 LT1-callback ClientCallback.log INFO client.py                 200   log                       : PTS_LOGTYPE_END_TEST Test Case Ended 

+16453 ms
 HFP/AG/ICA/BV-04-C HFP/AG/ICA/BV-04-C

2026-09-24 19:53:02,033 LT1-callback root DEBUG client.py                 261   set_result                : ClientCallback, set_result, run_test_case, PASS
2026-09-24 19:53:02,033 LT1-thread root DEBUG client.py                 1186  _run_test_case            : After run_test_case error_code=0 status='PASS'
2026-09-24 19:53:02,034 LT1-thread root DEBUG testcase.py               766   post_run                  : post_run HFP HFP/AG/ICA/BV-04-C 0
2026-09-24 19:53:02,034 LT1-thread root DEBUG testcase.py               254   start                     : Starting test function: class=<class 'autopts.ptsprojects.testcase.TestFuncCleanUp'>, func=<bound method ZTestCase._test_case_cleanup of <autopts.ptsprojects.zephyr.ztestcase.ZTestCase object at 0x000002622B26CDD0>> start_wid=None stop_wid=None post_wid=None skip_call=None call_count=1 args=() kwds={}
2026-09-24 19:53:02,034 LT1-thread root DEBUG testcase.py               266   start                     : Test function parameters: args=(), kwds={}
2026-09-24 19:53:02,034 LT1-thread root DEBUG iutctl.py                 415   stop                      : <class 'autopts.ptsprojects.zephyr.iutctl.create_zephyr_ctl_class.<locals>.ZephyrCtl'>.stop
2026-09-24 19:53:02,034 LT1-thread root DEBUG __init__.py               51    reset                     : About to reset DUT: JLink -CommandFile reset.jlink -usb 1063214216 -device MIMXRT1176XXXA_M7
2026-09-24 19:53:02,341 BTPWorkerThread-22114 (_rx_task) root DEBUG iutctl_common.py          123   read                      : Read 5 bytes
2026-09-24 19:53:02,341 BTPWorkerThread-22114 (_rx_task) root DEBUG iutctl_common.py          131   read                      : Received: hdr: Header(svc_id=0x00, op=0x80, ctrl_index=0xff, data_len=0x00) bytearray(b'\x00\x80\xff\x00\x00')
2026-09-24 19:53:02,341 BTPWorkerThread-22114 (_rx_task) root DEBUG iutctl_common.py          154   read                      : Received data: {''}, bytearray(b'')
2026-09-24 19:53:02,342 BTPWorkerThread-22114 (_rx_task) root DEBUG btp.py                    736   event_handler             : Header(svc_id=0, op=128, ctrl_index=255, data_len=0) (b'',)
2026-09-24 19:53:02,342 BTPWorkerThread-22114 (_rx_task) root DEBUG core.py                   23    core_iut_ready_ev         : 
2026-09-24 19:53:02,416 LT1-thread root DEBUG iutctl.py                 436   _stop_tty_mode            : IUT ready event received OK
2026-09-24 19:53:02,416 LT1-thread root DEBUG iutctl_common.py          416   close                     : Waiting for _rx_worker to finish ...
2026-09-24 19:53:03,343 BTPWorkerThread-22114 (_rx_task) root DEBUG iutctl_common.py          332   _rx_task                  : BTPWorkerThread-22114 (_rx_task) finishing...
2026-09-24 19:53:06,349 LT1-thread root DEBUG testcase.py               794   post_run                  : post_run, cleanup running post test case script
2026-09-24 19:53:06,349 LT1-thread root DEBUG testcase.py               802   post_run                  : post_run, run post test case script
2026-09-24 19:53:06,429 LT1-thread root DEBUG client.py                 1220  _run_test_case            : Done TestCase _run_test_case HFP HFP/AG/ICA/BV-04-C
