14:40:56:188    > BTP_CORE_CMD_REGISTER_SERVICE (0x00|0x03|0xff)
                  raw data (1): 00 03 ff 01 00|01
14:41:00:280    < BTP_CORE_CMD_REGISTER_SERVICE (0x00|0x03|0xff)
                  raw data (0): 00 03 ff 00 00|
14:41:00:291    > BTP_GAP_CMD_READ_SUPPORTED_COMMANDS (0x01|0x01|0xff)
                  raw data (0): 01 01 ff 00 00|
14:41:00:352    < BTP_GAP_CMD_READ_SUPPORTED_COMMANDS (0x01|0x01|0xff)
                  raw data (7): 01 01 ff 07 00|6e ff 7f 1f fe f7 0e
14:41:00:364    > BTP_GAP_CMD_READ_CONTROLLER_INFO (0x01|0x03|0x00)
                  raw data (0): 01 03 00 00 00|
14:41:00:420    < BTP_GAP_CMD_READ_CONTROLLER_INFO (0x01|0x03|0x00)
                  raw data (277): 
                  01 03 00 15 01|19 78 ee 69 17 d0 d3 06 02 00 13 
                  02 00 00 00 00 00 62 74 70 5f 74 65 73 74 65 72 
                  00 00 00 00 00 00 00 00 00 00 00 00 00 00 00 00 
                  00 00 00 00 00 00 00 00 00 00 00 00 00 00 00 00 
                  00 00 00 00 00 00 00 00 00 00 00 00 00 00 00 00 
                  00 00 00 00 00 00 00 00 00 00 00 00 00 00 00 00 
                  00 00 00 00 00 00 00 00 00 00 00 00 00 00 00 00 
                  00 00 00 00 00 00 00 00 00 00 00 00 00 00 00 00 
                  00 00 00 00 00 00 00 00 00 00 00 00 00 00 00 00 
                  00 00 00 00 00 00 00 00 00 00 00 00 00 00 00 00 
                  00 00 00 00 00 00 00 00 00 00 00 00 00 00 00 00 
                  00 00 00 00 00 00 00 00 00 00 00 00 00 00 00 00 
                  00 00 00 00 00 00 00 00 00 00 00 00 00 00 00 00 
                  00 00 00 00 00 00 00 00 00 00 00 00 00 00 00 00 
                  00 00 00 00 00 00 00 00 00 00 00 00 00 00 00 00 
                  00 00 00 00 00 00 00 00 00 00 00 00 00 00 00 00 
                  00 00 00 00 00 00 00 00 00 00 00 00 00 00 00 00 
                  00 00 00 00 00 00 00 00 00 00
14:41:00:432    > BTP_GAP_CMD_SET_DISCOVERABLE (0x01|0x08|0x00)
                  raw data (1): 01 08 00 01 00|01
14:41:00:521    < BTP_GAP_CMD_SET_DISCOVERABLE (0x01|0x08|0x00)
                  raw data (4): 01 08 00 04 00|1b 02 00 00
14:41:00:532    > BTP_GAP_CMD_SET_IO_CAP (0x01|0x10|0x00)
                  raw data (1): 01 10 00 01 00|03
14:41:00:584    < BTP_GAP_CMD_SET_IO_CAP (0x01|0x10|0x00)
                  raw data (0): 01 10 00 00 00|
14:41:00:596    > BTP_CORE_CMD_REGISTER_SERVICE (0x00|0x03|0xff)
                  raw data (34): 00 03 ff 01 00|22
14:41:00:654    < BTP_CORE_CMD_REGISTER_SERVICE (0x00|0x03|0xff)
                  raw data (0): 00 03 ff 00 00|
14:41:00:661    > BTP_HFP_AG_CMD_READ_SUPPORTED_COMMANDS (0x22|0x01|0xff)
                  raw data (0): 22 01 ff 00 00|
14:41:00:727    < BTP_HFP_AG_CMD_READ_SUPPORTED_COMMANDS (0x22|0x01|0xff)
                  raw data (5): 22 01 ff 05 00|fe ff ff ff 1f
14:41:00:729    > BTP_HFP_AG_CMD_SET_DEFAULT_INDICATOR_VALUE (0x22|0x21|0x00)
                  raw data (4): 22 21 00 04 00|01 05 00 05
14:41:00:776    < BTP_HFP_AG_CMD_SET_DEFAULT_INDICATOR_VALUE (0x22|0x21|0x00)
                  raw data (0): 22 21 00 00 00|
14:41:00:781    > BTP_HFP_AG_CMD_SET_MEMORY_DIAL_MAPPING (0x22|0x22|0x00)
                  raw data (10): 22 22 00 0a 00|01 07 31 31 32 33 34 35 36 37
14:41:00:824    < BTP_HFP_AG_CMD_SET_MEMORY_DIAL_MAPPING (0x22|0x22|0x00)
                  raw data (0): 22 22 00 00 00|
14:41:00:825    > BTP_HFP_AG_CMD_SET_VOICE_TAG_NUMBER (0x22|0x24|0x00)
                  raw data (8): 22 24 00 08 00|07 31 32 33 34 35 36 37
14:41:00:896    < BTP_HFP_AG_CMD_SET_VOICE_TAG_NUMBER (0x22|0x24|0x00)
                  raw data (0): 22 24 00 00 00|
14:41:03:905    > BTP_GAP_CMD_CONNECT (0x01|0x0e|0x00)
                  raw data (8): 01 0e 00 08 00|e0 4e e4 08 dc 1b 00 00
14:41:03:954    < BTP_GAP_CMD_CONNECT (0x01|0x0e|0x00)
                  raw data (0): 01 0e 00 00 00|
14:41:04:417    < BTP_GAP_EV_DEVICE_CONNECTED (0x01|0x82|0x00)
                  raw data (13): 
                  01 82 00 0d 00|e0 4e e4 08 dc 1b 00 00 00 00 00 
                  00 00
14:41:04:433    > BTP_GAP_CMD_PAIR (0x01|0x11|0x00)
                  raw data (7): 01 11 00 07 00|e0 4e e4 08 dc 1b 00
14:41:04:489    < BTP_GAP_CMD_PAIR (0x01|0x11|0x00)
                  raw data (0): 01 11 00 00 00|
14:41:04:504    > BTP_HFP_AG_CMD_CONNECT (0x22|0x02|0x00)
                  raw data (8): 22 02 00 08 00|e0 4e e4 08 dc 1b 00 01
14:41:04:558    < BTP_HFP_AG_CMD_CONNECT (0x22|0x02|0x00)
                  raw data (0): 22 02 00 00 00|
14:41:05:534    < BTP_GAP_EV_ENCRYPTION_CHANGE (0x01|0x91|0x00)
                  raw data (9): 01 91 00 09 00|e0 4e e4 08 dc 1b 00 01 10
14:41:05:534    < BTP_GAP_EV_SEC_LEVEL_CHANGED (0x01|0x89|0x00)
                  raw data (8): 01 89 00 08 00|e0 4e e4 08 dc 1b 00 02
14:41:05:643    < BTP_HFP_AG_EV_CONNECTED (0x22|0x80|0x00)
                  raw data (7): 22 80 00 07 00|e0 4e e4 08 dc 1b 00
14:41:05:655    < BTP_HFP_AG_EV_VGS (0x22|0x91|0x00)
                  raw data (8): 22 91 00 08 00|e0 4e e4 08 dc 1b 00 09
14:41:05:656    < BTP_HFP_AG_EV_VGM (0x22|0x90|0x00)
                  raw data (8): 22 90 00 08 00|e0 4e e4 08 dc 1b 00 09
14:41:06:578    > BTP_HFP_AG_CMD_REMOTE_INCOMING (0x22|0x04|0x00)
                  raw data (15): 
                  22 04 00 0f 00|e0 4e e4 08 dc 1b 00 07 31 32 33 
                  34 35 36 37
14:41:06:622    < BTP_HFP_AG_CMD_REMOTE_INCOMING (0x22|0x04|0x00)
                  raw data (0): 22 04 00 00 00|
14:41:06:624    < BTP_HFP_AG_EV_INCOMING (0x22|0x85|0x00)
                  raw data (16): 
                  22 85 00 10 00|e0 4e e4 08 dc 1b 00 00 07 31 32 
                  33 34 35 36 37
14:41:06:625    < BTP_HFP_AG_EV_RINGING (0x22|0x87|0x00)
                  raw data (9): 22 87 00 09 00|e0 4e e4 08 dc 1b 00 00 01
14:41:06:628    < BTP_HFP_AG_EV_RINGING (0x22|0x87|0x00)
                  raw data (9): 22 87 00 09 00|e0 4e e4 08 dc 1b 00 00 01
14:41:06:667    < BTP_HFP_AG_EV_SCO_CONNECTED (0x22|0x82|0x00)
                  raw data (7): 22 82 00 07 00|e0 4e e4 08 dc 1b 00
14:41:06:710    < BTP_HFP_AG_EV_CALL_ACCEPTED (0x22|0x88|0x00)
                  raw data (8): 22 88 00 08 00|e0 4e e4 08 dc 1b 00 00
14:41:08:630    > BTP_HFP_AG_CMD_REMOTE_INCOMING (0x22|0x04|0x00)
                  raw data (15): 
                  22 04 00 0f 00|e0 4e e4 08 dc 1b 00 07 37 36 35 
                  34 33 32 31
14:41:08:685    < BTP_HFP_AG_CMD_REMOTE_INCOMING (0x22|0x04|0x00)
                  raw data (0): 22 04 00 00 00|
14:41:08:692    < BTP_HFP_AG_EV_INCOMING (0x22|0x85|0x00)
                  raw data (16): 
                  22 85 00 10 00|e0 4e e4 08 dc 1b 00 01 07 37 36 
                  35 34 33 32 31
14:41:09:696    > BTP_HFP_AG_CMD_HOLD_CALL (0x22|0x0d|0x00)
                  raw data (8): 22 0d 00 08 00|e0 4e e4 08 dc 1b 00 00
14:41:09:758    < BTP_HFP_AG_EV_CALL_HELD (0x22|0x89|0x00)
                  raw data (8): 22 89 00 08 00|e0 4e e4 08 dc 1b 00 00
14:41:09:801    < BTP_HFP_AG_CMD_HOLD_CALL (0x22|0x0d|0x00)
                  raw data (0): 22 0d 00 00 00|
14:41:09:802    > BTP_HFP_AG_CMD_ACCEPT_CALL (0x22|0x0a|0x00)
                  raw data (8): 22 0a 00 08 00|e0 4e e4 08 dc 1b 00 01
14:41:09:848    < BTP_HFP_AG_CMD_ACCEPT_CALL (0x22|0x0a|0x00)
                  raw data (0): 22 0a 00 00 00|
14:41:09:849    < BTP_HFP_AG_EV_CALL_ACCEPTED (0x22|0x88|0x00)
                  raw data (8): 22 88 00 08 00|e0 4e e4 08 dc 1b 00 01
14:41:10:851    > BTP_HFP_AG_CMD_HOLD_CALL (0x22|0x0d|0x00)
                  raw data (8): 22 0d 00 08 00|e0 4e e4 08 dc 1b 00 01
14:41:10:908    < BTP_HFP_AG_EV_CALL_HELD (0x22|0x89|0x00)
                  raw data (8): 22 89 00 08 00|e0 4e e4 08 dc 1b 00 01
14:41:10:925    < BTP_HFP_AG_CMD_HOLD_CALL (0x22|0x0d|0x00)
                  raw data (0): 22 0d 00 00 00|
14:41:11:929    > BTP_HFP_AG_CMD_REMOTE_TERMINATE (0x22|0x09|0x00)
                  raw data (8): 22 09 00 08 00|e0 4e e4 08 dc 1b 00 00
14:41:11:993    < BTP_HFP_AG_EV_CALL_TERMINATED (0x22|0x8c|0x00)
                  raw data (8): 22 8c 00 08 00|e0 4e e4 08 dc 1b 00 00
14:41:12:027    < BTP_HFP_AG_CMD_REMOTE_TERMINATE (0x22|0x09|0x00)
                  raw data (0): 22 09 00 00 00|
14:41:12:028    > BTP_HFP_AG_CMD_REMOTE_TERMINATE (0x22|0x09|0x00)
                  raw data (8): 22 09 00 08 00|e0 4e e4 08 dc 1b 00 01
14:41:12:085    < BTP_HFP_AG_EV_CALL_TERMINATED (0x22|0x8c|0x00)
                  raw data (8): 22 8c 00 08 00|e0 4e e4 08 dc 1b 00 01
14:41:12:117    < BTP_HFP_AG_CMD_REMOTE_TERMINATE (0x22|0x09|0x00)
                  raw data (0): 22 09 00 00 00|
14:41:12:135    < BTP_HFP_AG_EV_SCO_DISCONNECTED (0x22|0x83|0x00)
                  raw data (8): 22 83 00 08 00|e0 4e e4 08 dc 1b 00 16
14:41:12:150    < BTP_HFP_AG_EV_DISCONNECTED (0x22|0x81|0x00)
                  raw data (7): 22 81 00 07 00|e0 4e e4 08 dc 1b 00
14:41:13:171    < BTP_GAP_EV_DEVICE_DISCONNECTED (0x01|0x83|0x00)
                  raw data (7): 01 83 00 07 00|e0 4e e4 08 dc 1b 00
14:41:17:850    < BTP_CORE_EV_IUT_READY (0x00|0x80|0xff)
                  raw data (0): 00 80 ff 00 00|
