2026-10-09 07:39:32,275 LT1-thread root DEBUG client.py                 1099  _run_test_case            : Starting TestCase _run_test_case L2CAP L2CAP/ECFC/BV-31-C
2026-10-09 07:39:32,275 LT1-thread root DEBUG testcase.py               727   pre_run                   : pre_run L2CAP L2CAP/ECFC/BV-31-C
2026-10-09 07:39:32,275 LT1-thread root DEBUG testcase.py               729   pre_run                   : About to run test case L2CAP L2CAP/ECFC/BV-31-C with commands:
2026-10-09 07:39:32,275 LT1-thread root DEBUG testcase.py               731   pre_run                   : 0) class=<class 'autopts.ptsprojects.testcase.TestFunc'>, func=<bound method ZTestCase._test_case_start of <autopts.ptsprojects.zephyr.ztestcase.ZTestCase object at 0x000002C687CC9280>> start_wid=None stop_wid=None post_wid=None skip_call=None call_count=0 args=() kwds={}
2026-10-09 07:39:32,276 LT1-thread root DEBUG testcase.py               731   pre_run                   : 1) class=<class 'autopts.ptsprojects.testcase.TestFunc'>, func=<function core_reg_svc_gap at 0x000002C684E2E160> start_wid=None stop_wid=None post_wid=None skip_call=None call_count=199 args=() kwds={}
2026-10-09 07:39:32,276 LT1-thread root DEBUG testcase.py               731   pre_run                   : 2) class=<class 'autopts.ptsprojects.testcase.TestFunc'>, func=<function core_reg_svc_l2cap at 0x000002C684E2E3E0> start_wid=None stop_wid=None post_wid=None skip_call=None call_count=199 args=() kwds={}
2026-10-09 07:39:32,276 LT1-thread root DEBUG testcase.py               731   pre_run                   : 3) class=<class 'autopts.ptsprojects.testcase.TestFunc'>, func=<function gap_read_controller_info at 0x000002C684E6EB60> start_wid=None stop_wid=None post_wid=None skip_call=None call_count=199 args=() kwds={}
2026-10-09 07:39:32,276 LT1-thread root DEBUG testcase.py               731   pre_run                   : 4) class=<class 'autopts.ptsprojects.testcase.TestFunc'>, func=<function test_cases.<locals>.<lambda> at 0x000002C687BC3380> start_wid=None stop_wid=None post_wid=None skip_call=None call_count=199 args=() kwds={}
2026-10-09 07:39:32,276 LT1-thread root DEBUG testcase.py               731   pre_run                   : 5) class=<class 'autopts.ptsprojects.testcase.TestFunc'>, func=<function test_cases.<locals>.<lambda> at 0x000002C687C134C0> start_wid=None stop_wid=None post_wid=None skip_call=None call_count=199 args=() kwds={}
2026-10-09 07:39:32,276 LT1-thread root DEBUG testcase.py               731   pre_run                   : 6) class=<class 'autopts.ptsprojects.testcase.TestFunc'>, func=<function test_cases.<locals>.<lambda> at 0x000002C687C13A60> start_wid=None stop_wid=None post_wid=None skip_call=None call_count=199 args=() kwds={}
2026-10-09 07:39:32,276 LT1-thread root DEBUG testcase.py               731   pre_run                   : 7) class=<class 'autopts.ptsprojects.testcase.TestFunc'>, func=<function test_cases.<locals>.<lambda> at 0x000002C687C13D80> start_wid=None stop_wid=None post_wid=None skip_call=None call_count=199 args=() kwds={}
2026-10-09 07:39:32,276 LT1-thread root DEBUG testcase.py               731   pre_run                   : 8) class=<class 'autopts.ptsprojects.testcase.TestFunc'>, func=<function test_cases.<locals>.<lambda> at 0x000002C687C322A0> start_wid=None stop_wid=None post_wid=None skip_call=None call_count=199 args=() kwds={}
2026-10-09 07:39:32,276 LT1-thread root DEBUG testcase.py               731   pre_run                   : 9) class=<class 'autopts.ptsprojects.testcase.TestFunc'>, func=<function test_cases.<locals>.<lambda> at 0x000002C687C31440> start_wid=None stop_wid=None post_wid=None skip_call=None call_count=199 args=() kwds={}
2026-10-09 07:39:32,276 LT1-thread root DEBUG testcase.py               731   pre_run                   : 10) class=<class 'autopts.ptsprojects.testcase.TestFunc'>, func=<function test_cases.<locals>.<lambda> at 0x000002C687C313A0> start_wid=None stop_wid=None post_wid=None skip_call=None call_count=199 args=() kwds={}
2026-10-09 07:39:32,276 LT1-thread root DEBUG testcase.py               731   pre_run                   : 11) class=<class 'autopts.ptsprojects.testcase.TestFunc'>, func=<function test_cases.<locals>.<lambda> at 0x000002C687C32F20> start_wid=None stop_wid=None post_wid=None skip_call=None call_count=199 args=() kwds={}
2026-10-09 07:39:32,277 LT1-thread root DEBUG testcase.py               731   pre_run                   : 12) class=<class 'autopts.ptsprojects.testcase.TestFunc'>, func=<function test_cases.<locals>.<lambda> at 0x000002C687C32FC0> start_wid=None stop_wid=None post_wid=None skip_call=None call_count=199 args=() kwds={}
2026-10-09 07:39:32,277 LT1-thread root DEBUG testcase.py               731   pre_run                   : 13) class=<class 'autopts.ptsprojects.testcase.TestFunc'>, func=<function test_cases.<locals>.<lambda> at 0x000002C687C33060> start_wid=None stop_wid=None post_wid=None skip_call=None call_count=199 args=() kwds={}
2026-10-09 07:39:32,277 LT1-thread root DEBUG testcase.py               731   pre_run                   : 14) class=<class 'autopts.ptsprojects.testcase.TestFunc'>, func=<function test_cases.<locals>.<lambda> at 0x000002C687C33100> start_wid=None stop_wid=None post_wid=None skip_call=None call_count=199 args=() kwds={}
2026-10-09 07:39:32,277 LT1-thread root DEBUG testcase.py               731   pre_run                   : 15) class=<class 'autopts.ptsprojects.testcase.TestFunc'>, func=<function set_pts_addr at 0x000002C684E2DD00> start_wid=None stop_wid=None post_wid=None skip_call=None call_count=199 args=('00:1B:DC:08:E4:4E', 0) kwds={}
2026-10-09 07:39:32,277 LT1-thread root DEBUG testcase.py               731   pre_run                   : 16) class=<class 'autopts.ptsprojects.testcase.TestFunc'>, func=<bound method Stack.l2cap_init of <autopts.ptsprojects.stack.stack.Stack object at 0x000002C6862F6F00>> start_wid=None stop_wid=None post_wid=None skip_call=None call_count=83 args=(128, 120) kwds={}
2026-10-09 07:39:32,277 LT1-thread root DEBUG testcase.py               731   pre_run                   : 17) class=<class 'autopts.ptsprojects.testcase.TestFunc'>, func=<function l2cap_le_listen at 0x000002C684ED4900> start_wid=None stop_wid=None post_wid=None skip_call=None call_count=83 args=(128, 120, 0) kwds={}
2026-10-09 07:39:32,277 LT1-thread root DEBUG testcase.py               731   pre_run                   : 18) class=<class 'autopts.ptsprojects.testcase.TestFuncCleanUp'>, func=<bound method ZTestCase._test_case_cleanup of <autopts.ptsprojects.zephyr.ztestcase.ZTestCase object at 0x000002C687CC9280>> start_wid=None stop_wid=None post_wid=None skip_call=None call_count=0 args=() kwds={}
2026-10-09 07:39:32,277 LT1-thread root DEBUG testcase.py               738   pre_run                   : pre_run, run pre test case script
2026-10-09 07:39:32,284 LT1-thread root DEBUG testcase.py               254   start                     : Starting test function: class=<class 'autopts.ptsprojects.testcase.TestFunc'>, func=<bound method ZTestCase._test_case_start of <autopts.ptsprojects.zephyr.ztestcase.ZTestCase object at 0x000002C687CC9280>> start_wid=None stop_wid=None post_wid=None skip_call=None call_count=1 args=() kwds={}
2026-10-09 07:39:32,284 LT1-thread root DEBUG testcase.py               266   start                     : Test function parameters: args=(), kwds={}
2026-10-09 07:39:32,284 LT1-thread root DEBUG iutctl.py                 172   start                     : <class 'autopts.ptsprojects.zephyr.iutctl.create_zephyr_ctl_class.<locals>.ZephyrCtl'>.start
2026-10-09 07:39:32,285 LT1-thread root DEBUG iutctl.py                 325   flush_serial              : <class 'autopts.ptsprojects.zephyr.iutctl.create_zephyr_ctl_class.<locals>.ZephyrCtl'>.flush_serial
2026-10-09 07:39:33,467 LT1-thread root DEBUG iutctl.py                 249   _start_tty_mode           : Starting socat process: socat.exe -x -v tcp:10.17.12.9:61266,retry=100,interval=1 /dev/ttyS2,raw,b115200,
2026-10-09 07:39:33,474 LT1-thread root DEBUG iutctl_common.py          402   accept                    : 
2026-10-09 07:39:33,546 BTPWorkerThread-30017 (_rx_task) root DEBUG iutctl_common.py          299   _rx_task                  : BTPWorkerThread-30017 (_rx_task) started
2026-10-09 07:39:33,546 LT1-thread root DEBUG iutctl.py                 395   wait_iut_ready_event      : IUT ready event received OK
2026-10-09 07:39:33,546 LT1-thread root DEBUG btp.py                    51    read_supp_svcs            : 
2026-10-09 07:39:33,547 LT1-thread root DEBUG iutctl_common.py          161   send                      : 0 2 255 ''
2026-10-09 07:39:33,547 LT1-thread root DEBUG iutctl_common.py          166   send                      : sending frame '0002ff0000'
2026-10-09 07:39:33,547 LT1-thread root DEBUG iutctl_common.py          339   read                      : 
2026-10-09 07:39:33,557 BTPWorkerThread-30017 (_rx_task) root DEBUG iutctl_common.py          123   read                      : Read 5 bytes
2026-10-09 07:39:33,562 BTPWorkerThread-30017 (_rx_task) root DEBUG iutctl_common.py          131   read                      : Received: hdr: Header(svc_id=0x00, op=0x02, ctrl_index=0xff, data_len=0x06) bytearray(b'\x00\x02\xff\x06\x00')
2026-10-09 07:39:33,568 BTPWorkerThread-30017 (_rx_task) root DEBUG iutctl_common.py          139   read                      : Read 6 bytes data
2026-10-09 07:39:33,579 BTPWorkerThread-30017 (_rx_task) root DEBUG iutctl_common.py          154   read                      : Received data: {'0f 00 00 a0 ff 03'}, bytearray(b'\x0f\x00\x00\xa0\xff\x03')
2026-10-09 07:39:33,590 LT1-thread root DEBUG btp.py                    62    read_supp_svcs            : received Header(svc_id=0, op=2, ctrl_index=255, data_len=6) (b'\x0f\x00\x00\xa0\xff\x03',)
2026-10-09 07:39:33,590 LT1-thread root DEBUG testcase.py               254   start                     : Starting test function: class=<class 'autopts.ptsprojects.testcase.TestFunc'>, func=<function core_reg_svc_gap at 0x000002C684E2E160> start_wid=None stop_wid=None post_wid=None skip_call=None call_count=200 args=() kwds={}
2026-10-09 07:39:33,590 LT1-thread root DEBUG testcase.py               266   start                     : Test function parameters: args=(), kwds={}
2026-10-09 07:39:33,590 LT1-thread root DEBUG btp.py                    117   core_reg_svc_univ         : core_reg_svc_univ: gap_reg (GAP)
2026-10-09 07:39:33,590 LT1-thread root DEBUG iutctl_common.py          161   send                      : 0 3 255 '1'
2026-10-09 07:39:33,590 LT1-thread root DEBUG iutctl_common.py          166   send                      : sending frame '0003ff010001'
2026-10-09 07:39:33,590 LT1-thread root DEBUG btp.py                    654   core_reg_svc_rsp_succ     : 
2026-10-09 07:39:33,590 LT1-thread root DEBUG iutctl_common.py          339   read                      : 
2026-10-09 07:39:37,695 BTPWorkerThread-30017 (_rx_task) root DEBUG iutctl_common.py          123   read                      : Read 5 bytes
2026-10-09 07:39:37,700 BTPWorkerThread-30017 (_rx_task) root DEBUG iutctl_common.py          131   read                      : Received: hdr: Header(svc_id=0x00, op=0x03, ctrl_index=0xff, data_len=0x00) bytearray(b'\x00\x03\xff\x00\x00')
2026-10-09 07:39:37,706 BTPWorkerThread-30017 (_rx_task) root DEBUG iutctl_common.py          154   read                      : Received data: {''}, bytearray(b'')
2026-10-09 07:39:37,711 LT1-thread root DEBUG btp.py                    665   core_reg_svc_rsp_succ     : received Header(svc_id=0, op=3, ctrl_index=255, data_len=0) (b'',)
2026-10-09 07:39:37,711 LT1-thread root DEBUG btp.py                    666   core_reg_svc_rsp_succ     : expected ((0, 3, 255, 0), (b'',))
2026-10-09 07:39:37,711 LT1-thread root DEBUG btp.py                    671   core_reg_svc_rsp_succ     : response is valid
2026-10-09 07:39:37,711 LT1-thread root DEBUG btp.py                    674   core_reg_svc_rsp_succ     : Reading supported commands for service: GAP
2026-10-09 07:39:37,711 LT1-thread root DEBUG iutctl_common.py          161   send                      : 1 1 255 ''
2026-10-09 07:39:37,711 LT1-thread root DEBUG iutctl_common.py          166   send                      : sending frame '0101ff0000'
2026-10-09 07:39:37,711 LT1-thread root DEBUG iutctl_common.py          339   read                      : 
2026-10-09 07:39:37,745 BTPWorkerThread-30017 (_rx_task) root DEBUG iutctl_common.py          123   read                      : Read 5 bytes
2026-10-09 07:39:37,756 BTPWorkerThread-30017 (_rx_task) root DEBUG iutctl_common.py          131   read                      : Received: hdr: Header(svc_id=0x01, op=0x01, ctrl_index=0xff, data_len=0x07) bytearray(b'\x01\x01\xff\x07\x00')
2026-10-09 07:39:37,761 BTPWorkerThread-30017 (_rx_task) root DEBUG iutctl_common.py          139   read                      : Read 7 bytes data
2026-10-09 07:39:37,766 BTPWorkerThread-30017 (_rx_task) root DEBUG iutctl_common.py          154   read                      : Received data: {'6e ff 7f 1f fe ff 2e'}, bytearray(b'n\xff\x7f\x1f\xfe\xff.')
2026-10-09 07:39:37,771 LT1-thread root DEBUG testcase.py               254   start                     : Starting test function: class=<class 'autopts.ptsprojects.testcase.TestFunc'>, func=<function core_reg_svc_l2cap at 0x000002C684E2E3E0> start_wid=None stop_wid=None post_wid=None skip_call=None call_count=200 args=() kwds={}
2026-10-09 07:39:37,771 LT1-thread root DEBUG testcase.py               266   start                     : Test function parameters: args=(), kwds={}
2026-10-09 07:39:37,771 LT1-thread root DEBUG btp.py                    117   core_reg_svc_univ         : core_reg_svc_univ: l2cap_reg (L2CAP)
2026-10-09 07:39:37,771 LT1-thread root DEBUG iutctl_common.py          161   send                      : 0 3 255 '3'
2026-10-09 07:39:37,771 LT1-thread root DEBUG iutctl_common.py          166   send                      : sending frame '0003ff010003'
2026-10-09 07:39:37,771 LT1-thread root DEBUG btp.py                    654   core_reg_svc_rsp_succ     : 
2026-10-09 07:39:37,771 LT1-thread root DEBUG iutctl_common.py          339   read                      : 
2026-10-09 07:39:37,805 BTPWorkerThread-30017 (_rx_task) root DEBUG iutctl_common.py          123   read                      : Read 5 bytes
2026-10-09 07:39:37,816 BTPWorkerThread-30017 (_rx_task) root DEBUG iutctl_common.py          131   read                      : Received: hdr: Header(svc_id=0x00, op=0x03, ctrl_index=0xff, data_len=0x00) bytearray(b'\x00\x03\xff\x00\x00')
2026-10-09 07:39:37,822 BTPWorkerThread-30017 (_rx_task) root DEBUG iutctl_common.py          154   read                      : Received data: {''}, bytearray(b'')
2026-10-09 07:39:37,827 LT1-thread root DEBUG btp.py                    665   core_reg_svc_rsp_succ     : received Header(svc_id=0, op=3, ctrl_index=255, data_len=0) (b'',)
2026-10-09 07:39:37,827 LT1-thread root DEBUG btp.py                    666   core_reg_svc_rsp_succ     : expected ((0, 3, 255, 0), (b'',))
2026-10-09 07:39:37,827 LT1-thread root DEBUG btp.py                    671   core_reg_svc_rsp_succ     : response is valid
2026-10-09 07:39:37,827 LT1-thread root DEBUG btp.py                    674   core_reg_svc_rsp_succ     : Reading supported commands for service: L2CAP
2026-10-09 07:39:37,827 LT1-thread root DEBUG iutctl_common.py          161   send                      : 3 1 255 ''
2026-10-09 07:39:37,827 LT1-thread root DEBUG iutctl_common.py          166   send                      : sending frame '0301ff0000'
2026-10-09 07:39:37,828 LT1-thread root DEBUG iutctl_common.py          339   read                      : 
2026-10-09 07:39:37,858 BTPWorkerThread-30017 (_rx_task) root DEBUG iutctl_common.py          123   read                      : Read 5 bytes
2026-10-09 07:39:37,863 BTPWorkerThread-30017 (_rx_task) root DEBUG iutctl_common.py          131   read                      : Received: hdr: Header(svc_id=0x03, op=0x01, ctrl_index=0xff, data_len=0x02) bytearray(b'\x03\x01\xff\x02\x00')
2026-10-09 07:39:37,869 BTPWorkerThread-30017 (_rx_task) root DEBUG iutctl_common.py          139   read                      : Read 2 bytes data
2026-10-09 07:39:37,874 BTPWorkerThread-30017 (_rx_task) root DEBUG iutctl_common.py          154   read                      : Received data: {'be 1f'}, bytearray(b'\xbe\x1f')
2026-10-09 07:39:37,880 LT1-thread root DEBUG testcase.py               254   start                     : Starting test function: class=<class 'autopts.ptsprojects.testcase.TestFunc'>, func=<function gap_read_controller_info at 0x000002C684E6EB60> start_wid=None stop_wid=None post_wid=None skip_call=None call_count=200 args=() kwds={}
2026-10-09 07:39:37,880 LT1-thread root DEBUG testcase.py               266   start                     : Test function parameters: args=(), kwds={}
2026-10-09 07:39:37,880 LT1-thread root DEBUG gap.py                    1163  gap_read_controller_info  : 
2026-10-09 07:39:37,880 LT1-thread root DEBUG iutctl_common.py          161   send                      : 1 3 0 ''
2026-10-09 07:39:37,880 LT1-thread root DEBUG iutctl_common.py          166   send                      : sending frame '0103000000'
2026-10-09 07:39:37,881 LT1-thread root DEBUG iutctl_common.py          339   read                      : 
2026-10-09 07:39:37,912 BTPWorkerThread-30017 (_rx_task) root DEBUG iutctl_common.py          123   read                      : Read 5 bytes
2026-10-09 07:39:37,922 BTPWorkerThread-30017 (_rx_task) root DEBUG iutctl_common.py          131   read                      : Received: hdr: Header(svc_id=0x01, op=0x03, ctrl_index=0x00, data_len=0x115) bytearray(b'\x01\x03\x00\x15\x01')
2026-10-09 07:39:37,928 BTPWorkerThread-30017 (_rx_task) root DEBUG iutctl_common.py          139   read                      : Read 232 bytes data
2026-10-09 07:39:37,950 BTPWorkerThread-30017 (_rx_task) root DEBUG iutctl_common.py          139   read                      : Read 45 bytes data
2026-10-09 07:39:37,955 BTPWorkerThread-30017 (_rx_task) root DEBUG iutctl_common.py          154   read                      : Received data: {'19 78 ee 69 17 d0 d3 06 02 00 13 02 00 00 00 00 00 62 74 70 5f 74 65 73 74 65 72 00 00 00 00 00 00 00 00 00 00 00 00 00 00 00 00 00 00 00 00 00 00 00 00 00 00 00 00 00 00 00 00 00 00 00 00 00 00 00 00 00 00 00 00 00 00 00 00 00 00 00 00 00 00 00 00 00 00 00 00 00 00 00 00 00 00 00 00 00 00 00 00 00 00 00 00 00 00 00 00 00 00 00 00 00 00 00 00 00 00 00 00 00 00 00 00 00 00 00 00 00 00 00 00 00 00 00 00 00 00 00 00 00 00 00 00 00 00 00 00 00 00 00 00 00 00 00 00 00 00 00 00 00 00 00 00 00 00 00 00 00 00 00 00 00 00 00 00 00 00 00 00 00 00 00 00 00 00 00 00 00 00 00 00 00 00 00 00 00 00 00 00 00 00 00 00 00 00 00 00 00 00 00 00 00 00 00 00 00 00 00 00 00 00 00 00 00 00 00 00 00 00 00 00 00 00 00 00 00 00 00 00 00 00 00 00 00 00 00 00 00 00 00 00 00 00 00 00 00 00 00 00 00 00 00 00 00 00 00 00 00 00 00 00 00 00 00 00 00 00'}, bytearray(b'\x19x\xeei\x17\xd0\xd3\x06\x02\x00\x13\x02\x00\x00\x00\x00\x00btp_tester\x00\x00\x00\x00\x00\x00\x00\x00\x00\x00\x00\x00\x00\x00\x00\x00\x00\x00\x00\x00\x00\x00\x00\x00\x00\x00\x00\x00\x00\x00\x00\x00\x00\x00\x00\x00\x00\x00\x00\x00\x00\x00\x00\x00\x00\x00\x00\x00\x00\x00\x00\x00\x00\x00\x00\x00\x00\x00\x00\x00\x00\x00\x00\x00\x00\x00\x00\x00\x00\x00\x00\x00\x00\x00\x00\x00\x00\x00\x00\x00\x00\x00\x00\x00\x00\x00\x00\x00\x00\x00\x00\x00\x00\x00\x00\x00\x00\x00\x00\x00\x00\x00\x00\x00\x00\x00\x00\x00\x00\x00\x00\x00\x00\x00\x00\x00\x00\x00\x00\x00\x00\x00\x00\x00\x00\x00\x00\x00\x00\x00\x00\x00\x00\x00\x00\x00\x00\x00\x00\x00\x00\x00\x00\x00\x00\x00\x00\x00\x00\x00\x00\x00\x00\x00\x00\x00\x00\x00\x00\x00\x00\x00\x00\x00\x00\x00\x00\x00\x00\x00\x00\x00\x00\x00\x00\x00\x00\x00\x00\x00\x00\x00\x00\x00\x00\x00\x00\x00\x00\x00\x00\x00\x00\x00\x00\x00\x00\x00\x00\x00\x00\x00\x00\x00\x00\x00\x00\x00\x00\x00\x00\x00\x00\x00\x00\x00\x00\x00\x00\x00\x00\x00\x00\x00\x00\x00\x00\x00\x00\x00\x00\x00\x00\x00\x00\x00\x00\x00\x00\x00\x00\x00\x00\x00\x00\x00\x00\x00\x00\x00')
2026-10-09 07:39:37,966 LT1-thread root DEBUG gap.py                    1170  gap_read_controller_info  : received Header(svc_id=1, op=3, ctrl_index=0, data_len=277) (b'\x19x\xeei\x17\xd0\xd3\x06\x02\x00\x13\x02\x00\x00\x00\x00\x00btp_tester\x00\x00\x00\x00\x00\x00\x00\x00\x00\x00\x00\x00\x00\x00\x00\x00\x00\x00\x00\x00\x00\x00\x00\x00\x00\x00\x00\x00\x00\x00\x00\x00\x00\x00\x00\x00\x00\x00\x00\x00\x00\x00\x00\x00\x00\x00\x00\x00\x00\x00\x00\x00\x00\x00\x00\x00\x00\x00\x00\x00\x00\x00\x00\x00\x00\x00\x00\x00\x00\x00\x00\x00\x00\x00\x00\x00\x00\x00\x00\x00\x00\x00\x00\x00\x00\x00\x00\x00\x00\x00\x00\x00\x00\x00\x00\x00\x00\x00\x00\x00\x00\x00\x00\x00\x00\x00\x00\x00\x00\x00\x00\x00\x00\x00\x00\x00\x00\x00\x00\x00\x00\x00\x00\x00\x00\x00\x00\x00\x00\x00\x00\x00\x00\x00\x00\x00\x00\x00\x00\x00\x00\x00\x00\x00\x00\x00\x00\x00\x00\x00\x00\x00\x00\x00\x00\x00\x00\x00\x00\x00\x00\x00\x00\x00\x00\x00\x00\x00\x00\x00\x00\x00\x00\x00\x00\x00\x00\x00\x00\x00\x00\x00\x00\x00\x00\x00\x00\x00\x00\x00\x00\x00\x00\x00\x00\x00\x00\x00\x00\x00\x00\x00\x00\x00\x00\x00\x00\x00\x00\x00\x00\x00\x00\x00\x00\x00\x00\x00\x00\x00\x00\x00\x00\x00\x00\x00\x00\x00\x00\x00\x00\x00\x00\x00\x00\x00\x00\x00\x00\x00\x00\x00\x00\x00\x00\x00\x00\x00\x00\x00',)
2026-10-09 07:39:37,966 LT1-thread root DEBUG gap.py                    1191  gap_read_controller_info  : IUT address 'd01769ee7819' 'public'
2026-10-09 07:39:37,966 LT1-thread root DEBUG gap.py                    596   __gap_current_settings_update : 531
2026-10-09 07:39:37,966 LT1-thread root DEBUG testcase.py               254   start                     : Starting test function: class=<class 'autopts.ptsprojects.testcase.TestFunc'>, func=<function test_cases.<locals>.<lambda> at 0x000002C687BC3380> start_wid=None stop_wid=None post_wid=None skip_call=None call_count=200 args=() kwds={}
2026-10-09 07:39:37,966 LT1-thread root DEBUG testcase.py               266   start                     : Test function parameters: args=(), kwds={}
2026-10-09 07:39:37,970 LT1-thread root DEBUG testcase.py               254   start                     : Starting test function: class=<class 'autopts.ptsprojects.testcase.TestFunc'>, func=<function test_cases.<locals>.<lambda> at 0x000002C687C134C0> start_wid=None stop_wid=None post_wid=None skip_call=None call_count=200 args=() kwds={}
2026-10-09 07:39:37,970 LT1-thread root DEBUG testcase.py               266   start                     : Test function parameters: args=(), kwds={}
2026-10-09 07:39:37,974 LT1-thread root DEBUG testcase.py               254   start                     : Starting test function: class=<class 'autopts.ptsprojects.testcase.TestFunc'>, func=<function test_cases.<locals>.<lambda> at 0x000002C687C13A60> start_wid=None stop_wid=None post_wid=None skip_call=None call_count=200 args=() kwds={}
2026-10-09 07:39:37,974 LT1-thread root DEBUG testcase.py               266   start                     : Test function parameters: args=(), kwds={}
2026-10-09 07:39:37,978 LT1-thread root DEBUG testcase.py               254   start                     : Starting test function: class=<class 'autopts.ptsprojects.testcase.TestFunc'>, func=<function test_cases.<locals>.<lambda> at 0x000002C687C13D80> start_wid=None stop_wid=None post_wid=None skip_call=None call_count=200 args=() kwds={}
2026-10-09 07:39:37,978 LT1-thread root DEBUG testcase.py               266   start                     : Test function parameters: args=(), kwds={}
2026-10-09 07:39:37,982 LT1-thread root DEBUG testcase.py               254   start                     : Starting test function: class=<class 'autopts.ptsprojects.testcase.TestFunc'>, func=<function test_cases.<locals>.<lambda> at 0x000002C687C322A0> start_wid=None stop_wid=None post_wid=None skip_call=None call_count=200 args=() kwds={}
2026-10-09 07:39:37,982 LT1-thread root DEBUG testcase.py               266   start                     : Test function parameters: args=(), kwds={}
2026-10-09 07:39:37,985 LT1-thread root DEBUG testcase.py               254   start                     : Starting test function: class=<class 'autopts.ptsprojects.testcase.TestFunc'>, func=<function test_cases.<locals>.<lambda> at 0x000002C687C31440> start_wid=None stop_wid=None post_wid=None skip_call=None call_count=200 args=() kwds={}
2026-10-09 07:39:37,985 LT1-thread root DEBUG testcase.py               266   start                     : Test function parameters: args=(), kwds={}
2026-10-09 07:39:37,988 LT1-thread root DEBUG testcase.py               254   start                     : Starting test function: class=<class 'autopts.ptsprojects.testcase.TestFunc'>, func=<function test_cases.<locals>.<lambda> at 0x000002C687C313A0> start_wid=None stop_wid=None post_wid=None skip_call=None call_count=200 args=() kwds={}
2026-10-09 07:39:37,988 LT1-thread root DEBUG testcase.py               266   start                     : Test function parameters: args=(), kwds={}
2026-10-09 07:39:37,991 LT1-thread root DEBUG testcase.py               254   start                     : Starting test function: class=<class 'autopts.ptsprojects.testcase.TestFunc'>, func=<function test_cases.<locals>.<lambda> at 0x000002C687C32F20> start_wid=None stop_wid=None post_wid=None skip_call=None call_count=200 args=() kwds={}
2026-10-09 07:39:37,992 LT1-thread root DEBUG testcase.py               266   start                     : Test function parameters: args=(), kwds={}
2026-10-09 07:39:37,995 LT1-thread root DEBUG testcase.py               254   start                     : Starting test function: class=<class 'autopts.ptsprojects.testcase.TestFunc'>, func=<function test_cases.<locals>.<lambda> at 0x000002C687C32FC0> start_wid=None stop_wid=None post_wid=None skip_call=None call_count=200 args=() kwds={}
2026-10-09 07:39:37,995 LT1-thread root DEBUG testcase.py               266   start                     : Test function parameters: args=(), kwds={}
2026-10-09 07:39:37,998 LT1-thread root DEBUG testcase.py               254   start                     : Starting test function: class=<class 'autopts.ptsprojects.testcase.TestFunc'>, func=<function test_cases.<locals>.<lambda> at 0x000002C687C33060> start_wid=None stop_wid=None post_wid=None skip_call=None call_count=200 args=() kwds={}
2026-10-09 07:39:37,998 LT1-thread root DEBUG testcase.py               266   start                     : Test function parameters: args=(), kwds={}
2026-10-09 07:39:38,001 LT1-thread root DEBUG testcase.py               254   start                     : Starting test function: class=<class 'autopts.ptsprojects.testcase.TestFunc'>, func=<function test_cases.<locals>.<lambda> at 0x000002C687C33100> start_wid=None stop_wid=None post_wid=None skip_call=None call_count=200 args=() kwds={}
2026-10-09 07:39:38,001 LT1-thread root DEBUG testcase.py               266   start                     : Test function parameters: args=(), kwds={}
2026-10-09 07:39:38,004 LT1-thread root DEBUG testcase.py               254   start                     : Starting test function: class=<class 'autopts.ptsprojects.testcase.TestFunc'>, func=<function set_pts_addr at 0x000002C684E2DD00> start_wid=None stop_wid=None post_wid=None skip_call=None call_count=200 args=('00:1B:DC:08:E4:4E', 0) kwds={}
2026-10-09 07:39:38,004 LT1-thread root DEBUG testcase.py               266   start                     : Test function parameters: args=('00:1B:DC:08:E4:4E', 0), kwds={}
2026-10-09 07:39:38,004 LT1-thread root DEBUG testcase.py               254   start                     : Starting test function: class=<class 'autopts.ptsprojects.testcase.TestFunc'>, func=<bound method Stack.l2cap_init of <autopts.ptsprojects.stack.stack.Stack object at 0x000002C6862F6F00>> start_wid=None stop_wid=None post_wid=None skip_call=None call_count=84 args=(128, 120) kwds={}
2026-10-09 07:39:38,005 LT1-thread root DEBUG testcase.py               266   start                     : Test function parameters: args=(128, 120), kwds={}
2026-10-09 07:39:38,005 LT1-thread root DEBUG testcase.py               254   start                     : Starting test function: class=<class 'autopts.ptsprojects.testcase.TestFunc'>, func=<function l2cap_le_listen at 0x000002C684ED4900> start_wid=None stop_wid=None post_wid=None skip_call=None call_count=84 args=(128, 120, 0) kwds={}
2026-10-09 07:39:38,005 LT1-thread root DEBUG testcase.py               266   start                     : Test function parameters: args=(128, 120, 0), kwds={}
2026-10-09 07:39:38,005 LT1-thread root DEBUG l2cap.py                  218   l2cap_listen              : 128 1 120 0
2026-10-09 07:39:38,005 LT1-thread root DEBUG iutctl_common.py          161   send                      : 3 5 0 "bytearray(b'\\x80\\x00\\x01x\\x00\\x00\\x00')"
2026-10-09 07:39:38,005 LT1-thread root DEBUG iutctl_common.py          166   send                      : sending frame '030500070080000178000000'
2026-10-09 07:39:38,005 LT1-thread root DEBUG l2cap.py                  56    l2cap_command_rsp_succ    : 
2026-10-09 07:39:38,005 LT1-thread root DEBUG iutctl_common.py          339   read                      : 
2026-10-09 07:39:38,043 BTPWorkerThread-30017 (_rx_task) root DEBUG iutctl_common.py          123   read                      : Read 5 bytes
2026-10-09 07:39:38,054 BTPWorkerThread-30017 (_rx_task) root DEBUG iutctl_common.py          131   read                      : Received: hdr: Header(svc_id=0x03, op=0x05, ctrl_index=0x00, data_len=0x00) bytearray(b'\x03\x05\x00\x00\x00')
2026-10-09 07:39:38,059 BTPWorkerThread-30017 (_rx_task) root DEBUG iutctl_common.py          154   read                      : Received data: {''}, bytearray(b'')
2026-10-09 07:39:38,070 LT1-thread root DEBUG l2cap.py                  61    l2cap_command_rsp_succ    : received Header(svc_id=3, op=5, ctrl_index=0, data_len=0) (b'',)
2026-10-09 07:39:38,071 LT1-thread root DEBUG client.py                 276   get_result                : ClientCallback.get_result run_test_case
2026-10-09 07:39:39,641 LT1-callback ClientCallback.on_implicit_send INFO client.py                 223   on_implicit_send          : 
    ********************
    BEGIN OnImplicitSend:
    project_name: L2CAP
    wid: 51
    test_case_name: L2CAP/ECFC/BV-31-C
    description: Initiate or create LE ACL connection to the PTS.
    style: MMI_Style_Ok_Cancel2 0x11141
2026-10-09 07:39:39,641 LT1-callback ClientCallback.on_implicit_send INFO client.py                 236   on_implicit_send          : Calling test cases on_implicit_send
2026-10-09 07:39:39,641 LT1-callback ClientCallback.on_implicit_send INFO client.py                 249   on_implicit_send          : 
    on_implicit_send returned response: WAIT
    END OnImplicitSend
    ********************
2026-10-09 07:39:40,073 LT1-thread root DEBUG testcase.py               679   run_wid                   : L2CAP L2CAP/ECFC/BV-31-C on_implicit_send
2026-10-09 07:39:40,073 LT1-thread root DEBUG l2cap.py                  30    l2cap_wid_hdl             : l2cap_wid_hdl, 51, Initiate or create LE ACL connection to the PTS., L2CAP/ECFC/BV-31-C
2026-10-09 07:39:40,073 LT1-thread root DEBUG gap.py                    762   gap_connect               : None None
2026-10-09 07:39:40,073 LT1-thread root DEBUG iutctl_common.py          161   send                      : 1 14 0 "bytearray(b'\\x00N\\xe4\\x08\\xdc\\x1b\\x00\\x00')"
2026-10-09 07:39:40,073 LT1-thread root DEBUG iutctl_common.py          166   send                      : sending frame '010e000800004ee408dc1b0000'
2026-10-09 07:39:40,073 LT1-thread root DEBUG iutctl_common.py          339   read                      : 
2026-10-09 07:39:40,114 BTPWorkerThread-30017 (_rx_task) root DEBUG iutctl_common.py          123   read                      : Read 5 bytes
2026-10-09 07:39:40,124 BTPWorkerThread-30017 (_rx_task) root DEBUG iutctl_common.py          131   read                      : Received: hdr: Header(svc_id=0x01, op=0x0e, ctrl_index=0x00, data_len=0x00) bytearray(b'\x01\x0e\x00\x00\x00')
2026-10-09 07:39:40,129 BTPWorkerThread-30017 (_rx_task) root DEBUG iutctl_common.py          154   read                      : Received data: {''}, bytearray(b'')
2026-10-09 07:39:40,135 LT1-thread root DEBUG testcase.py               722   run_wid                   : Sending response 'OK' to wid 51 test case L2CAP/ECFC/BV-31-C
2026-10-09 07:39:40,136 BTPWorkerThread-30017 (_rx_task) root DEBUG iutctl_common.py          123   read                      : Read 5 bytes
2026-10-09 07:39:40,136 BTPWorkerThread-30017 (_rx_task) root DEBUG iutctl_common.py          131   read                      : Received: hdr: Header(svc_id=0x01, op=0x82, ctrl_index=0x00, data_len=0x0d) bytearray(b'\x01\x82\x00\r\x00')
2026-10-09 07:39:40,136 BTPWorkerThread-30017 (_rx_task) root DEBUG iutctl_common.py          139   read                      : Read 13 bytes data
2026-10-09 07:39:40,137 BTPWorkerThread-30017 (_rx_task) root DEBUG iutctl_common.py          154   read                      : Received data: {'00 4e e4 08 dc 1b 00 24 00 00 00 90 01'}, bytearray(b'\x00N\xe4\x08\xdc\x1b\x00$\x00\x00\x00\x90\x01')
2026-10-09 07:39:40,137 BTPWorkerThread-30017 (_rx_task) root DEBUG btp.py                    736   event_handler             : Header(svc_id=1, op=130, ctrl_index=0, data_len=13) (b'\x00N\xe4\x08\xdc\x1b\x00$\x00\x00\x00\x90\x01',)
2026-10-09 07:39:40,137 BTPWorkerThread-30017 (_rx_task) root DEBUG gap.py                    215   gap_connected_ev_         : b'\x00N\xe4\x08\xdc\x1b\x00$\x00\x00\x00\x90\x01'
2026-10-09 07:39:40,137 LT1-thread root DEBUG client.py                 276   get_result                : ClientCallback.get_result run_test_case
2026-10-09 07:39:41,138 LT1-callback ClientCallback.on_implicit_send INFO client.py                 223   on_implicit_send          : 
    ********************
    BEGIN OnImplicitSend:
    project_name: L2CAP
    wid: 255
    test_case_name: L2CAP/ECFC/BV-31-C
    description: Please send L2CAP Credit Based Connection REQ to PTS.
    style: MMI_Style_Ok_Cancel2 0x11141
2026-10-09 07:39:41,138 LT1-callback ClientCallback.on_implicit_send INFO client.py                 236   on_implicit_send          : Calling test cases on_implicit_send
2026-10-09 07:39:41,139 LT1-callback ClientCallback.on_implicit_send INFO client.py                 249   on_implicit_send          : 
    on_implicit_send returned response: WAIT
    END OnImplicitSend
    ********************
2026-10-09 07:39:42,139 LT1-thread root DEBUG testcase.py               679   run_wid                   : L2CAP L2CAP/ECFC/BV-31-C on_implicit_send
2026-10-09 07:39:42,139 LT1-thread root DEBUG l2cap.py                  30    l2cap_wid_hdl             : l2cap_wid_hdl, 255, Please send L2CAP Credit Based Connection REQ to PTS., L2CAP/ECFC/BV-31-C
2026-10-09 07:39:42,139 LT1-thread root DEBUG l2cap.py                  67    l2cap_conn                : None None 128
2026-10-09 07:39:42,139 LT1-thread root DEBUG iutctl_common.py          161   send                      : 3 2 0 "bytearray(b'\\x00N\\xe4\\x08\\xdc\\x1b\\x00\\x80\\x00x\\x00\\x02\\x01')"
2026-10-09 07:39:42,139 LT1-thread root DEBUG iutctl_common.py          166   send                      : sending frame '0302000d00004ee408dc1b00800078000201'
2026-10-09 07:39:42,139 LT1-thread root DEBUG l2cap.py                  170   l2cap_conn_rsp            : 
2026-10-09 07:39:42,140 LT1-thread root DEBUG iutctl_common.py          339   read                      : 
2026-10-09 07:39:42,170 BTPWorkerThread-30017 (_rx_task) root DEBUG iutctl_common.py          123   read                      : Read 5 bytes
2026-10-09 07:39:42,170 BTPWorkerThread-30017 (_rx_task) root DEBUG iutctl_common.py          131   read                      : Received: hdr: Header(svc_id=0x03, op=0x02, ctrl_index=0x00, data_len=0x03) bytearray(b'\x03\x02\x00\x03\x00')
2026-10-09 07:39:42,180 BTPWorkerThread-30017 (_rx_task) root DEBUG iutctl_common.py          139   read                      : Read 3 bytes data
2026-10-09 07:39:42,180 BTPWorkerThread-30017 (_rx_task) root DEBUG iutctl_common.py          154   read                      : Received data: {'02 00 01'}, bytearray(b'\x02\x00\x01')
2026-10-09 07:39:42,185 LT1-thread root DEBUG l2cap.py                  175   l2cap_conn_rsp            : received Header(svc_id=3, op=2, ctrl_index=0, data_len=3) (b'\x02\x00\x01',)
2026-10-09 07:39:42,185 LT1-thread root DEBUG l2cap.py                  97    l2cap_conn                : id [0, 1]
2026-10-09 07:39:47,186 EventTimerThread-30028 root ERROR common.py                 44    timeout_cb                : Timeout after 5 seconds while waiting for event <threading.Event at 0x2c6885d2ae0: set> with condition     def is_connected(self, chan_id):
        """ Check if channel is connected """
        chan = self.chan_lookup_id(chan_id)
        if chan is None:
            return False

        return chan.is_connected()

2026-10-09 07:39:52,212 EventTimerThread-30029 root ERROR common.py                 44    timeout_cb                : Timeout after 5 seconds while waiting for event <threading.Event at 0x2c6885d2ae0: set> with condition     def is_connected(self, chan_id):
        """ Check if channel is connected """
        chan = self.chan_lookup_id(chan_id)
        if chan is None:
            return False

        return chan.is_connected()

2026-10-09 07:39:52,234 LT1-thread root DEBUG testcase.py               722   run_wid                   : Sending response 'OK' to wid 255 test case L2CAP/ECFC/BV-31-C
2026-10-09 07:39:52,236 LT1-thread root DEBUG client.py                 276   get_result                : ClientCallback.get_result run_test_case
2026-10-09 07:39:52,238 LT1-callback ClientCallback.on_implicit_send INFO client.py                 223   on_implicit_send          : 
    ********************
    BEGIN OnImplicitSend:
    project_name: L2CAP
    wid: 260
    test_case_name: L2CAP/ECFC/BV-31-C
    description: Did Implementation Under Test(IUT) receive L2CAP Credit Connection Response with result(0x0008)?

Click Yes if IUT received it, otherwise click No.

Description: Verify that after receiving the L2CAP Credit Based Connection Request with correct result from the Lower Tester, the IUT informs the Upper Tester.
    style: MMI_Style_Yes_No1 0x11044
2026-10-09 07:39:52,238 LT1-callback ClientCallback.on_implicit_send INFO client.py                 236   on_implicit_send          : Calling test cases on_implicit_send
2026-10-09 07:39:52,238 LT1-callback ClientCallback.on_implicit_send INFO client.py                 249   on_implicit_send          : 
    on_implicit_send returned response: WAIT
    END OnImplicitSend
    ********************
2026-10-09 07:39:53,237 LT1-thread root DEBUG testcase.py               679   run_wid                   : L2CAP L2CAP/ECFC/BV-31-C on_implicit_send
2026-10-09 07:39:53,237 LT1-thread root DEBUG l2cap.py                  30    l2cap_wid_hdl             : l2cap_wid_hdl, 260, Did Implementation Under Test(IUT) receive L2CAP Credit Connection Response with result(0x0008)?

Click Yes if IUT received it, otherwise click No.

Description: Verify that after receiving the L2CAP Credit Based Connection Request with correct result from the Lower Tester, the IUT informs the Upper Tester., L2CAP/ECFC/BV-31-C
2026-10-09 07:39:53,237 LT1-thread root DEBUG testcase.py               722   run_wid                   : Sending response 'Yes' to wid 260 test case L2CAP/ECFC/BV-31-C
2026-10-09 07:39:53,239 LT1-thread root DEBUG client.py                 276   get_result                : ClientCallback.get_result run_test_case
2026-10-09 07:39:53,525 BTPWorkerThread-30017 (_rx_task) root DEBUG iutctl_common.py          123   read                      : Read 5 bytes
2026-10-09 07:39:53,525 BTPWorkerThread-30017 (_rx_task) root DEBUG iutctl_common.py          131   read                      : Received: hdr: Header(svc_id=0x03, op=0x82, ctrl_index=0x00, data_len=0x0c) bytearray(b'\x03\x82\x00\x0c\x00')
2026-10-09 07:39:53,525 BTPWorkerThread-30017 (_rx_task) root DEBUG iutctl_common.py          139   read                      : Read 12 bytes data
2026-10-09 07:39:53,525 BTPWorkerThread-30017 (_rx_task) root DEBUG iutctl_common.py          154   read                      : Received data: {'00 00 00 00 00 00 4e e4 08 dc 1b 00'}, bytearray(b'\x00\x00\x00\x00\x00\x00N\xe4\x08\xdc\x1b\x00')
2026-10-09 07:39:53,525 BTPWorkerThread-30017 (_rx_task) root DEBUG btp.py                    736   event_handler             : Header(svc_id=3, op=130, ctrl_index=0, data_len=12) (b'\x00\x00\x00\x00\x00\x00N\xe4\x08\xdc\x1b\x00',)
2026-10-09 07:39:53,525 BTPWorkerThread-30017 (_rx_task) root DEBUG l2cap.py                  399   l2cap_disconnected_ev     : b'\x00\x00\x00\x00\x00\x00N\xe4\x08\xdc\x1b\x00' 12
2026-10-09 07:39:53,525 BTPWorkerThread-30017 (_rx_task) root WARNING l2cap.py                  193   disconnected              : Disconnect event for unregistered channel 0
2026-10-09 07:39:53,525 BTPWorkerThread-30017 (_rx_task) root DEBUG l2cap.py                  406   l2cap_disconnected_ev     : id:0 on psm:0, addr b'N\xe4\x08\xdc\x1b\x00' type 0, res 'Success'
2026-10-09 07:39:53,525 BTPWorkerThread-30017 (_rx_task) root DEBUG iutctl_common.py          123   read                      : Read 5 bytes
2026-10-09 07:39:53,525 BTPWorkerThread-30017 (_rx_task) root DEBUG iutctl_common.py          131   read                      : Received: hdr: Header(svc_id=0x01, op=0x91, ctrl_index=0x00, data_len=0x09) bytearray(b'\x01\x91\x00\t\x00')
2026-10-09 07:39:53,525 BTPWorkerThread-30017 (_rx_task) root DEBUG iutctl_common.py          139   read                      : Read 9 bytes data
2026-10-09 07:39:53,525 BTPWorkerThread-30017 (_rx_task) root DEBUG iutctl_common.py          154   read                      : Received data: {'00 4e e4 08 dc 1b 00 00 00'}, bytearray(b'\x00N\xe4\x08\xdc\x1b\x00\x00\x00')
2026-10-09 07:39:53,525 BTPWorkerThread-30017 (_rx_task) root DEBUG btp.py                    736   event_handler             : Header(svc_id=1, op=145, ctrl_index=0, data_len=9) (b'\x00N\xe4\x08\xdc\x1b\x00\x00\x00',)
2026-10-09 07:39:53,527 BTPWorkerThread-30017 (_rx_task) root DEBUG gap.py                    494   gap_encryption_change_ev_ : 
2026-10-09 07:39:53,527 BTPWorkerThread-30017 (_rx_task) root DEBUG gap.py                    496   gap_encryption_change_ev_ : enc change received b'\x00N\xe4\x08\xdc\x1b\x00\x00\x00'
2026-10-09 07:39:53,527 BTPWorkerThread-30017 (_rx_task) root DEBUG gap.py                    505   gap_encryption_change_ev_ : received (0, '001bdc08e44e', 0, 0)
2026-10-09 07:39:53,527 BTPWorkerThread-30017 (_rx_task) root DEBUG iutctl_common.py          123   read                      : Read 5 bytes
2026-10-09 07:39:53,527 BTPWorkerThread-30017 (_rx_task) root DEBUG iutctl_common.py          131   read                      : Received: hdr: Header(svc_id=0x01, op=0x8c, ctrl_index=0x00, data_len=0x08) bytearray(b'\x01\x8c\x00\x08\x00')
2026-10-09 07:39:53,527 BTPWorkerThread-30017 (_rx_task) root DEBUG iutctl_common.py          139   read                      : Read 8 bytes data
2026-10-09 07:39:53,527 BTPWorkerThread-30017 (_rx_task) root DEBUG iutctl_common.py          154   read                      : Received data: {'00 4e e4 08 dc 1b 00 09'}, bytearray(b'\x00N\xe4\x08\xdc\x1b\x00\t')
2026-10-09 07:39:53,527 BTPWorkerThread-30017 (_rx_task) root DEBUG btp.py                    736   event_handler             : Header(svc_id=1, op=140, ctrl_index=0, data_len=8) (b'\x00N\xe4\x08\xdc\x1b\x00\t',)
2026-10-09 07:39:53,527 BTPWorkerThread-30017 (_rx_task) root DEBUG gap.py                    333   gap_pairing_failed_ev_    : 
2026-10-09 07:39:53,527 BTPWorkerThread-30017 (_rx_task) root DEBUG gap.py                    335   gap_pairing_failed_ev_    : received b'\x00N\xe4\x08\xdc\x1b\x00\t'
2026-10-09 07:39:53,527 BTPWorkerThread-30017 (_rx_task) root DEBUG gap.py                    344   gap_pairing_failed_ev_    : received (0, '001bdc08e44e', 9)
2026-10-09 07:39:53,527 BTPWorkerThread-30017 (_rx_task) root DEBUG iutctl_common.py          123   read                      : Read 5 bytes
2026-10-09 07:39:53,528 BTPWorkerThread-30017 (_rx_task) root DEBUG iutctl_common.py          131   read                      : Received: hdr: Header(svc_id=0x03, op=0x82, ctrl_index=0x00, data_len=0x0c) bytearray(b'\x03\x82\x00\x0c\x00')
2026-10-09 07:39:53,528 BTPWorkerThread-30017 (_rx_task) root DEBUG iutctl_common.py          139   read                      : Read 12 bytes data
2026-10-09 07:39:53,528 BTPWorkerThread-30017 (_rx_task) root DEBUG iutctl_common.py          154   read                      : Received data: {'00 00 01 00 00 00 4e e4 08 dc 1b 00'}, bytearray(b'\x00\x00\x01\x00\x00\x00N\xe4\x08\xdc\x1b\x00')
2026-10-09 07:39:53,528 BTPWorkerThread-30017 (_rx_task) root DEBUG btp.py                    736   event_handler             : Header(svc_id=3, op=130, ctrl_index=0, data_len=12) (b'\x00\x00\x01\x00\x00\x00N\xe4\x08\xdc\x1b\x00',)
2026-10-09 07:39:53,528 BTPWorkerThread-30017 (_rx_task) root DEBUG l2cap.py                  399   l2cap_disconnected_ev     : b'\x00\x00\x01\x00\x00\x00N\xe4\x08\xdc\x1b\x00' 12
2026-10-09 07:39:53,528 BTPWorkerThread-30017 (_rx_task) root WARNING l2cap.py                  193   disconnected              : Disconnect event for unregistered channel 1
2026-10-09 07:39:53,528 BTPWorkerThread-30017 (_rx_task) root DEBUG l2cap.py                  406   l2cap_disconnected_ev     : id:1 on psm:0, addr b'N\xe4\x08\xdc\x1b\x00' type 0, res 'Success'
2026-10-09 07:39:53,528 BTPWorkerThread-30017 (_rx_task) root DEBUG iutctl_common.py          123   read                      : Read 5 bytes
2026-10-09 07:39:53,528 BTPWorkerThread-30017 (_rx_task) root DEBUG iutctl_common.py          131   read                      : Received: hdr: Header(svc_id=0x01, op=0x83, ctrl_index=0x00, data_len=0x07) bytearray(b'\x01\x83\x00\x07\x00')
2026-10-09 07:39:53,528 BTPWorkerThread-30017 (_rx_task) root DEBUG iutctl_common.py          139   read                      : Read 7 bytes data
2026-10-09 07:39:53,529 BTPWorkerThread-30017 (_rx_task) root DEBUG iutctl_common.py          154   read                      : Received data: {'00 4e e4 08 dc 1b 00'}, bytearray(b'\x00N\xe4\x08\xdc\x1b\x00')
2026-10-09 07:39:53,529 BTPWorkerThread-30017 (_rx_task) root DEBUG btp.py                    736   event_handler             : Header(svc_id=1, op=131, ctrl_index=0, data_len=7) (b'\x00N\xe4\x08\xdc\x1b\x00',)
2026-10-09 07:39:53,529 BTPWorkerThread-30017 (_rx_task) root DEBUG gap.py                    228   gap_disconnected_ev_      : b'\x00N\xe4\x08\xdc\x1b\x00'
2026-10-09 07:39:56,078 LT1-callback ClientCallback.log INFO client.py                 200   log                       : PTS_LOGTYPE_START_TEST Start Test Case 

+141 ms
 L2CAP/ECFC/BV-31-C L2CAP/ECFC/BV-31-C

2026-10-09 07:39:56,274 LT1-callback ClientCallback.log INFO client.py                 200   log                       : PTS_LOGTYPE_FINAL_VERDICT Final Verdict 

+17782 ms
 L2CAP/ECFC/BV-31-C PASS

2026-10-09 07:39:56,279 LT1-callback ClientCallback.log INFO client.py                 200   log                       : PTS_LOGTYPE_FINAL_VERDICT Encrypted Verdict 

+17782 ms
 L2CAP/ECFC/BV-31-C A1#ZWY4MzQ5MDg3MmQwNTIxOGQzMzQ5YjY2ODA5M2MzNjQ5ZDY4NmY0Yjc2MzIzM2VkNTUyNTFhNGU4Mjg1MjI0NA==#PhTZdfeT3XjXMPwCu7DsrLomHa+me2MeMWmCGqwThEWJ8bqlHX+rGtJq3fJVTyop

2026-10-09 07:39:56,327 LT1-callback ClientCallback.log INFO client.py                 200   log                       : PTS_LOGTYPE_END_TEST Test Case Ended 

+17782 ms
 L2CAP/ECFC/BV-31-C L2CAP/ECFC/BV-31-C

2026-10-09 07:39:56,457 LT1-callback root DEBUG client.py                 261   set_result                : ClientCallback, set_result, run_test_case, PASS
2026-10-09 07:39:56,457 LT1-thread root DEBUG client.py                 1186  _run_test_case            : After run_test_case error_code=0 status='PASS'
2026-10-09 07:39:56,457 LT1-thread root DEBUG testcase.py               766   post_run                  : post_run L2CAP L2CAP/ECFC/BV-31-C 0
2026-10-09 07:39:56,458 LT1-thread root DEBUG testcase.py               254   start                     : Starting test function: class=<class 'autopts.ptsprojects.testcase.TestFuncCleanUp'>, func=<bound method ZTestCase._test_case_cleanup of <autopts.ptsprojects.zephyr.ztestcase.ZTestCase object at 0x000002C687CC9280>> start_wid=None stop_wid=None post_wid=None skip_call=None call_count=1 args=() kwds={}
2026-10-09 07:39:56,458 LT1-thread root DEBUG testcase.py               266   start                     : Test function parameters: args=(), kwds={}
2026-10-09 07:39:56,458 LT1-thread root DEBUG iutctl.py                 415   stop                      : <class 'autopts.ptsprojects.zephyr.iutctl.create_zephyr_ctl_class.<locals>.ZephyrCtl'>.stop
2026-10-09 07:39:56,458 LT1-thread root DEBUG __init__.py               51    reset                     : About to reset DUT: JLink -CommandFile reset.jlink -usb 1063214216 -device MIMXRT1176XXXA_M7
2026-10-09 07:39:56,758 BTPWorkerThread-30017 (_rx_task) root DEBUG iutctl_common.py          123   read                      : Read 5 bytes
2026-10-09 07:39:56,759 BTPWorkerThread-30017 (_rx_task) root DEBUG iutctl_common.py          131   read                      : Received: hdr: Header(svc_id=0x00, op=0x80, ctrl_index=0xff, data_len=0x00) bytearray(b'\x00\x80\xff\x00\x00')
2026-10-09 07:39:56,759 BTPWorkerThread-30017 (_rx_task) root DEBUG iutctl_common.py          154   read                      : Received data: {''}, bytearray(b'')
2026-10-09 07:39:56,759 BTPWorkerThread-30017 (_rx_task) root DEBUG btp.py                    736   event_handler             : Header(svc_id=0, op=128, ctrl_index=255, data_len=0) (b'',)
2026-10-09 07:39:56,759 BTPWorkerThread-30017 (_rx_task) root DEBUG core.py                   23    core_iut_ready_ev         : 
2026-10-09 07:39:56,823 LT1-thread root DEBUG iutctl.py                 436   _stop_tty_mode            : IUT ready event received OK
2026-10-09 07:39:56,823 LT1-thread root DEBUG iutctl_common.py          416   close                     : Waiting for _rx_worker to finish ...
2026-10-09 07:39:57,759 BTPWorkerThread-30017 (_rx_task) root DEBUG iutctl_common.py          332   _rx_task                  : BTPWorkerThread-30017 (_rx_task) finishing...
2026-10-09 07:40:00,766 LT1-thread root DEBUG testcase.py               794   post_run                  : post_run, cleanup running post test case script
2026-10-09 07:40:00,766 LT1-thread root DEBUG testcase.py               802   post_run                  : post_run, run post test case script
2026-10-09 07:40:00,840 LT1-thread root DEBUG client.py                 1220  _run_test_case            : Done TestCase _run_test_case L2CAP L2CAP/ECFC/BV-31-C
