2026-10-08 19:56:02,118 LT1-thread root DEBUG client.py                 1099  _run_test_case            : Starting TestCase _run_test_case AVDTP AVDTP/SRC/INT/SIG/SMG/BV-13-C
2026-10-08 19:56:02,118 LT1-thread root DEBUG testcase.py               727   pre_run                   : pre_run AVDTP AVDTP/SRC/INT/SIG/SMG/BV-13-C
2026-10-08 19:56:02,118 LT1-thread root DEBUG testcase.py               729   pre_run                   : About to run test case AVDTP AVDTP/SRC/INT/SIG/SMG/BV-13-C with commands:
2026-10-08 19:56:02,118 LT1-thread root DEBUG testcase.py               731   pre_run                   : 0) class=<class 'autopts.ptsprojects.testcase.TestFunc'>, func=<bound method ZTestCase._test_case_start of <autopts.ptsprojects.zephyr.ztestcase.ZTestCase object at 0x000002C687D20C80>> start_wid=None stop_wid=None post_wid=None skip_call=None call_count=0 args=() kwds={}
2026-10-08 19:56:02,119 LT1-thread root DEBUG testcase.py               731   pre_run                   : 1) class=<class 'autopts.ptsprojects.testcase.TestFunc'>, func=<function test_cases.<locals>.<lambda> at 0x000002C687D059E0> start_wid=None stop_wid=None post_wid=None skip_call=None call_count=4 args=() kwds={}
2026-10-08 19:56:02,119 LT1-thread root DEBUG testcase.py               731   pre_run                   : 2) class=<class 'autopts.ptsprojects.testcase.TestFunc'>, func=<function core_reg_svc_gap at 0x000002C684E2E160> start_wid=None stop_wid=None post_wid=None skip_call=None call_count=4 args=() kwds={}
2026-10-08 19:56:02,119 LT1-thread root DEBUG testcase.py               731   pre_run                   : 3) class=<class 'autopts.ptsprojects.testcase.TestFunc'>, func=<bound method Stack.gap_init of <autopts.ptsprojects.stack.stack.Stack object at 0x000002C6862F6F00>> start_wid=None stop_wid=None post_wid=None skip_call=None call_count=4 args=(b'Tester_08E44E',) kwds={}
2026-10-08 19:56:02,119 LT1-thread root DEBUG testcase.py               731   pre_run                   : 4) class=<class 'autopts.ptsprojects.testcase.TestFunc'>, func=<function gap_read_controller_info at 0x000002C684E6EB60> start_wid=None stop_wid=None post_wid=None skip_call=None call_count=4 args=() kwds={}
2026-10-08 19:56:02,119 LT1-thread root DEBUG testcase.py               731   pre_run                   : 5) class=<class 'autopts.ptsprojects.testcase.TestFunc'>, func=<function test_cases.<locals>.<lambda> at 0x000002C687D05EE0> start_wid=None stop_wid=None post_wid=None skip_call=None call_count=4 args=() kwds={}
2026-10-08 19:56:02,119 LT1-thread root DEBUG testcase.py               731   pre_run                   : 6) class=<class 'autopts.ptsprojects.testcase.TestFunc'>, func=<function set_pts_addr at 0x000002C684E2DD00> start_wid=None stop_wid=None post_wid=None skip_call=None call_count=4 args=('00:1B:DC:08:E4:4E', 0) kwds={}
2026-10-08 19:56:02,120 LT1-thread root DEBUG testcase.py               731   pre_run                   : 7) class=<class 'autopts.ptsprojects.testcase.TestFunc'>, func=<function core_reg_svc_gatt at 0x000002C684E2E2A0> start_wid=None stop_wid=None post_wid=None skip_call=None call_count=4 args=() kwds={}
2026-10-08 19:56:02,120 LT1-thread root DEBUG testcase.py               731   pre_run                   : 8) class=<class 'autopts.ptsprojects.testcase.TestFunc'>, func=<bound method Stack.gatt_init of <autopts.ptsprojects.stack.stack.Stack object at 0x000002C6862F6F00>> start_wid=None stop_wid=None post_wid=None skip_call=None call_count=4 args=() kwds={}
2026-10-08 19:56:02,120 LT1-thread root DEBUG testcase.py               731   pre_run                   : 9) class=<class 'autopts.ptsprojects.testcase.TestFunc'>, func=<function core_reg_svc_avdtp at 0x000002C684E2FA60> start_wid=None stop_wid=None post_wid=None skip_call=None call_count=4 args=() kwds={}
2026-10-08 19:56:02,120 LT1-thread root DEBUG testcase.py               731   pre_run                   : 10) class=<class 'autopts.ptsprojects.testcase.TestFunc'>, func=<bound method Stack.avdtp_init of <autopts.ptsprojects.stack.stack.Stack object at 0x000002C6862F6F00>> start_wid=None stop_wid=None post_wid=None skip_call=None call_count=4 args=() kwds={}
2026-10-08 19:56:02,120 LT1-thread root DEBUG testcase.py               731   pre_run                   : 11) class=<class 'autopts.ptsprojects.testcase.TestFunc'>, func=<function core_reg_svc_a2dp at 0x000002C684E2F9C0> start_wid=None stop_wid=None post_wid=None skip_call=None call_count=4 args=() kwds={}
2026-10-08 19:56:02,120 LT1-thread root DEBUG testcase.py               731   pre_run                   : 12) class=<class 'autopts.ptsprojects.testcase.TestFunc'>, func=<bound method Stack.a2dp_init of <autopts.ptsprojects.stack.stack.Stack object at 0x000002C6862F6F00>> start_wid=None stop_wid=None post_wid=None skip_call=None call_count=4 args=() kwds={}
2026-10-08 19:56:02,120 LT1-thread root DEBUG testcase.py               731   pre_run                   : 13) class=<class 'autopts.ptsprojects.testcase.TestFunc'>, func=<function a2dp_register_endpoint at 0x000002C684E34400> start_wid=None stop_wid=None post_wid=None skip_call=None call_count=0 args=(0, 0, 0, 0, None) kwds={}
2026-10-08 19:56:02,120 LT1-thread root DEBUG testcase.py               731   pre_run                   : 14) class=<class 'autopts.ptsprojects.testcase.TestFuncCleanUp'>, func=<bound method ZTestCase._test_case_cleanup of <autopts.ptsprojects.zephyr.ztestcase.ZTestCase object at 0x000002C687D20C80>> start_wid=None stop_wid=None post_wid=None skip_call=None call_count=0 args=() kwds={}
2026-10-08 19:56:02,120 LT1-thread root DEBUG testcase.py               738   pre_run                   : pre_run, run pre test case script
2026-10-08 19:56:02,127 LT1-thread root DEBUG testcase.py               254   start                     : Starting test function: class=<class 'autopts.ptsprojects.testcase.TestFunc'>, func=<bound method ZTestCase._test_case_start of <autopts.ptsprojects.zephyr.ztestcase.ZTestCase object at 0x000002C687D20C80>> start_wid=None stop_wid=None post_wid=None skip_call=None call_count=1 args=() kwds={}
2026-10-08 19:56:02,127 LT1-thread root DEBUG testcase.py               266   start                     : Test function parameters: args=(), kwds={}
2026-10-08 19:56:02,127 LT1-thread root DEBUG iutctl.py                 172   start                     : <class 'autopts.ptsprojects.zephyr.iutctl.create_zephyr_ctl_class.<locals>.ZephyrCtl'>.start
2026-10-08 19:56:02,128 LT1-thread root DEBUG iutctl.py                 325   flush_serial              : <class 'autopts.ptsprojects.zephyr.iutctl.create_zephyr_ctl_class.<locals>.ZephyrCtl'>.flush_serial
2026-10-08 19:56:03,336 LT1-thread root DEBUG iutctl.py                 249   _start_tty_mode           : Starting socat process: socat.exe -x -v tcp:10.17.12.9:50465,retry=100,interval=1 /dev/ttyS2,raw,b115200,
2026-10-08 19:56:03,344 LT1-thread root DEBUG iutctl_common.py          402   accept                    : 
2026-10-08 19:56:03,421 BTPWorkerThread-1677 (_rx_task) root DEBUG iutctl_common.py          299   _rx_task                  : BTPWorkerThread-1677 (_rx_task) started
2026-10-08 19:56:03,422 LT1-thread root DEBUG iutctl.py                 395   wait_iut_ready_event      : IUT ready event received OK
2026-10-08 19:56:03,422 LT1-thread root DEBUG btp.py                    51    read_supp_svcs            : 
2026-10-08 19:56:03,422 LT1-thread root DEBUG iutctl_common.py          161   send                      : 0 2 255 ''
2026-10-08 19:56:03,422 LT1-thread root DEBUG iutctl_common.py          166   send                      : sending frame '0002ff0000'
2026-10-08 19:56:03,423 LT1-thread root DEBUG iutctl_common.py          339   read                      : 
2026-10-08 19:56:03,439 BTPWorkerThread-1677 (_rx_task) root DEBUG iutctl_common.py          123   read                      : Read 5 bytes
2026-10-08 19:56:03,449 BTPWorkerThread-1677 (_rx_task) root DEBUG iutctl_common.py          131   read                      : Received: hdr: Header(svc_id=0x00, op=0x02, ctrl_index=0xff, data_len=0x06) bytearray(b'\x00\x02\xff\x06\x00')
2026-10-08 19:56:03,472 BTPWorkerThread-1677 (_rx_task) root DEBUG iutctl_common.py          139   read                      : Read 6 bytes data
2026-10-08 19:56:03,483 BTPWorkerThread-1677 (_rx_task) root DEBUG iutctl_common.py          154   read                      : Received data: {'0f 00 00 a0 ff 03'}, bytearray(b'\x0f\x00\x00\xa0\xff\x03')
2026-10-08 19:56:03,500 LT1-thread root DEBUG btp.py                    62    read_supp_svcs            : received Header(svc_id=0, op=2, ctrl_index=255, data_len=6) (b'\x0f\x00\x00\xa0\xff\x03',)
2026-10-08 19:56:03,500 LT1-thread root DEBUG testcase.py               254   start                     : Starting test function: class=<class 'autopts.ptsprojects.testcase.TestFunc'>, func=<function test_cases.<locals>.<lambda> at 0x000002C687D059E0> start_wid=None stop_wid=None post_wid=None skip_call=None call_count=5 args=() kwds={}
2026-10-08 19:56:03,500 LT1-thread root DEBUG testcase.py               266   start                     : Test function parameters: args=(), kwds={}
2026-10-08 19:56:03,503 LT1-thread root DEBUG testcase.py               254   start                     : Starting test function: class=<class 'autopts.ptsprojects.testcase.TestFunc'>, func=<function core_reg_svc_gap at 0x000002C684E2E160> start_wid=None stop_wid=None post_wid=None skip_call=None call_count=5 args=() kwds={}
2026-10-08 19:56:03,503 LT1-thread root DEBUG testcase.py               266   start                     : Test function parameters: args=(), kwds={}
2026-10-08 19:56:03,503 LT1-thread root DEBUG btp.py                    117   core_reg_svc_univ         : core_reg_svc_univ: gap_reg (GAP)
2026-10-08 19:56:03,503 LT1-thread root DEBUG iutctl_common.py          161   send                      : 0 3 255 '1'
2026-10-08 19:56:03,503 LT1-thread root DEBUG iutctl_common.py          166   send                      : sending frame '0003ff010001'
2026-10-08 19:56:03,504 LT1-thread root DEBUG btp.py                    654   core_reg_svc_rsp_succ     : 
2026-10-08 19:56:03,504 LT1-thread root DEBUG iutctl_common.py          339   read                      : 
2026-10-08 19:56:07,623 BTPWorkerThread-1677 (_rx_task) root DEBUG iutctl_common.py          123   read                      : Read 5 bytes
2026-10-08 19:56:07,628 BTPWorkerThread-1677 (_rx_task) root DEBUG iutctl_common.py          131   read                      : Received: hdr: Header(svc_id=0x00, op=0x03, ctrl_index=0xff, data_len=0x00) bytearray(b'\x00\x03\xff\x00\x00')
2026-10-08 19:56:07,633 BTPWorkerThread-1677 (_rx_task) root DEBUG iutctl_common.py          154   read                      : Received data: {''}, bytearray(b'')
2026-10-08 19:56:07,639 LT1-thread root DEBUG btp.py                    665   core_reg_svc_rsp_succ     : received Header(svc_id=0, op=3, ctrl_index=255, data_len=0) (b'',)
2026-10-08 19:56:07,639 LT1-thread root DEBUG btp.py                    666   core_reg_svc_rsp_succ     : expected ((0, 3, 255, 0), (b'',))
2026-10-08 19:56:07,639 LT1-thread root DEBUG btp.py                    671   core_reg_svc_rsp_succ     : response is valid
2026-10-08 19:56:07,639 LT1-thread root DEBUG btp.py                    674   core_reg_svc_rsp_succ     : Reading supported commands for service: GAP
2026-10-08 19:56:07,639 LT1-thread root DEBUG iutctl_common.py          161   send                      : 1 1 255 ''
2026-10-08 19:56:07,639 LT1-thread root DEBUG iutctl_common.py          166   send                      : sending frame '0101ff0000'
2026-10-08 19:56:07,640 LT1-thread root DEBUG iutctl_common.py          339   read                      : 
2026-10-08 19:56:07,671 BTPWorkerThread-1677 (_rx_task) root DEBUG iutctl_common.py          123   read                      : Read 5 bytes
2026-10-08 19:56:07,676 BTPWorkerThread-1677 (_rx_task) root DEBUG iutctl_common.py          131   read                      : Received: hdr: Header(svc_id=0x01, op=0x01, ctrl_index=0xff, data_len=0x07) bytearray(b'\x01\x01\xff\x07\x00')
2026-10-08 19:56:07,676 BTPWorkerThread-1677 (_rx_task) root DEBUG iutctl_common.py          139   read                      : Read 7 bytes data
2026-10-08 19:56:07,687 BTPWorkerThread-1677 (_rx_task) root DEBUG iutctl_common.py          154   read                      : Received data: {'6e ff 7f 1f fe ff 2e'}, bytearray(b'n\xff\x7f\x1f\xfe\xff.')
2026-10-08 19:56:07,703 LT1-thread root DEBUG testcase.py               254   start                     : Starting test function: class=<class 'autopts.ptsprojects.testcase.TestFunc'>, func=<bound method Stack.gap_init of <autopts.ptsprojects.stack.stack.Stack object at 0x000002C6862F6F00>> start_wid=None stop_wid=None post_wid=None skip_call=None call_count=5 args=(b'Tester_08E44E',) kwds={}
2026-10-08 19:56:07,703 LT1-thread root DEBUG testcase.py               266   start                     : Test function parameters: args=(b'Tester_08E44E',), kwds={}
2026-10-08 19:56:07,703 LT1-thread root DEBUG testcase.py               254   start                     : Starting test function: class=<class 'autopts.ptsprojects.testcase.TestFunc'>, func=<function gap_read_controller_info at 0x000002C684E6EB60> start_wid=None stop_wid=None post_wid=None skip_call=None call_count=5 args=() kwds={}
2026-10-08 19:56:07,703 LT1-thread root DEBUG testcase.py               266   start                     : Test function parameters: args=(), kwds={}
2026-10-08 19:56:07,703 LT1-thread root DEBUG gap.py                    1163  gap_read_controller_info  : 
2026-10-08 19:56:07,703 LT1-thread root DEBUG iutctl_common.py          161   send                      : 1 3 0 ''
2026-10-08 19:56:07,703 LT1-thread root DEBUG iutctl_common.py          166   send                      : sending frame '0103000000'
2026-10-08 19:56:07,703 LT1-thread root DEBUG iutctl_common.py          339   read                      : 
2026-10-08 19:56:07,743 BTPWorkerThread-1677 (_rx_task) root DEBUG iutctl_common.py          123   read                      : Read 5 bytes
2026-10-08 19:56:07,748 BTPWorkerThread-1677 (_rx_task) root DEBUG iutctl_common.py          131   read                      : Received: hdr: Header(svc_id=0x01, op=0x03, ctrl_index=0x00, data_len=0x115) bytearray(b'\x01\x03\x00\x15\x01')
2026-10-08 19:56:07,753 BTPWorkerThread-1677 (_rx_task) root DEBUG iutctl_common.py          139   read                      : Read 240 bytes data
2026-10-08 19:56:07,759 BTPWorkerThread-1677 (_rx_task) root DEBUG iutctl_common.py          139   read                      : Read 37 bytes data
2026-10-08 19:56:07,765 BTPWorkerThread-1677 (_rx_task) root DEBUG iutctl_common.py          154   read                      : Received data: {'19 78 ee 69 17 d0 d3 06 02 00 13 02 00 00 00 00 00 62 74 70 5f 74 65 73 74 65 72 00 00 00 00 00 00 00 00 00 00 00 00 00 00 00 00 00 00 00 00 00 00 00 00 00 00 00 00 00 00 00 00 00 00 00 00 00 00 00 00 00 00 00 00 00 00 00 00 00 00 00 00 00 00 00 00 00 00 00 00 00 00 00 00 00 00 00 00 00 00 00 00 00 00 00 00 00 00 00 00 00 00 00 00 00 00 00 00 00 00 00 00 00 00 00 00 00 00 00 00 00 00 00 00 00 00 00 00 00 00 00 00 00 00 00 00 00 00 00 00 00 00 00 00 00 00 00 00 00 00 00 00 00 00 00 00 00 00 00 00 00 00 00 00 00 00 00 00 00 00 00 00 00 00 00 00 00 00 00 00 00 00 00 00 00 00 00 00 00 00 00 00 00 00 00 00 00 00 00 00 00 00 00 00 00 00 00 00 00 00 00 00 00 00 00 00 00 00 00 00 00 00 00 00 00 00 00 00 00 00 00 00 00 00 00 00 00 00 00 00 00 00 00 00 00 00 00 00 00 00 00 00 00 00 00 00 00 00 00 00 00 00 00 00 00 00 00 00 00 00'}, bytearray(b'\x19x\xeei\x17\xd0\xd3\x06\x02\x00\x13\x02\x00\x00\x00\x00\x00btp_tester\x00\x00\x00\x00\x00\x00\x00\x00\x00\x00\x00\x00\x00\x00\x00\x00\x00\x00\x00\x00\x00\x00\x00\x00\x00\x00\x00\x00\x00\x00\x00\x00\x00\x00\x00\x00\x00\x00\x00\x00\x00\x00\x00\x00\x00\x00\x00\x00\x00\x00\x00\x00\x00\x00\x00\x00\x00\x00\x00\x00\x00\x00\x00\x00\x00\x00\x00\x00\x00\x00\x00\x00\x00\x00\x00\x00\x00\x00\x00\x00\x00\x00\x00\x00\x00\x00\x00\x00\x00\x00\x00\x00\x00\x00\x00\x00\x00\x00\x00\x00\x00\x00\x00\x00\x00\x00\x00\x00\x00\x00\x00\x00\x00\x00\x00\x00\x00\x00\x00\x00\x00\x00\x00\x00\x00\x00\x00\x00\x00\x00\x00\x00\x00\x00\x00\x00\x00\x00\x00\x00\x00\x00\x00\x00\x00\x00\x00\x00\x00\x00\x00\x00\x00\x00\x00\x00\x00\x00\x00\x00\x00\x00\x00\x00\x00\x00\x00\x00\x00\x00\x00\x00\x00\x00\x00\x00\x00\x00\x00\x00\x00\x00\x00\x00\x00\x00\x00\x00\x00\x00\x00\x00\x00\x00\x00\x00\x00\x00\x00\x00\x00\x00\x00\x00\x00\x00\x00\x00\x00\x00\x00\x00\x00\x00\x00\x00\x00\x00\x00\x00\x00\x00\x00\x00\x00\x00\x00\x00\x00\x00\x00\x00\x00\x00\x00\x00\x00\x00\x00\x00\x00\x00\x00\x00\x00\x00\x00\x00\x00\x00')
2026-10-08 19:56:07,771 LT1-thread root DEBUG gap.py                    1170  gap_read_controller_info  : received Header(svc_id=1, op=3, ctrl_index=0, data_len=277) (b'\x19x\xeei\x17\xd0\xd3\x06\x02\x00\x13\x02\x00\x00\x00\x00\x00btp_tester\x00\x00\x00\x00\x00\x00\x00\x00\x00\x00\x00\x00\x00\x00\x00\x00\x00\x00\x00\x00\x00\x00\x00\x00\x00\x00\x00\x00\x00\x00\x00\x00\x00\x00\x00\x00\x00\x00\x00\x00\x00\x00\x00\x00\x00\x00\x00\x00\x00\x00\x00\x00\x00\x00\x00\x00\x00\x00\x00\x00\x00\x00\x00\x00\x00\x00\x00\x00\x00\x00\x00\x00\x00\x00\x00\x00\x00\x00\x00\x00\x00\x00\x00\x00\x00\x00\x00\x00\x00\x00\x00\x00\x00\x00\x00\x00\x00\x00\x00\x00\x00\x00\x00\x00\x00\x00\x00\x00\x00\x00\x00\x00\x00\x00\x00\x00\x00\x00\x00\x00\x00\x00\x00\x00\x00\x00\x00\x00\x00\x00\x00\x00\x00\x00\x00\x00\x00\x00\x00\x00\x00\x00\x00\x00\x00\x00\x00\x00\x00\x00\x00\x00\x00\x00\x00\x00\x00\x00\x00\x00\x00\x00\x00\x00\x00\x00\x00\x00\x00\x00\x00\x00\x00\x00\x00\x00\x00\x00\x00\x00\x00\x00\x00\x00\x00\x00\x00\x00\x00\x00\x00\x00\x00\x00\x00\x00\x00\x00\x00\x00\x00\x00\x00\x00\x00\x00\x00\x00\x00\x00\x00\x00\x00\x00\x00\x00\x00\x00\x00\x00\x00\x00\x00\x00\x00\x00\x00\x00\x00\x00\x00\x00\x00\x00\x00\x00\x00\x00\x00\x00\x00\x00\x00\x00\x00\x00\x00\x00\x00\x00',)
2026-10-08 19:56:07,771 LT1-thread root DEBUG gap.py                    1191  gap_read_controller_info  : IUT address 'd01769ee7819' 'public'
2026-10-08 19:56:07,771 LT1-thread root DEBUG gap.py                    596   __gap_current_settings_update : 531
2026-10-08 19:56:07,771 LT1-thread root DEBUG testcase.py               254   start                     : Starting test function: class=<class 'autopts.ptsprojects.testcase.TestFunc'>, func=<function test_cases.<locals>.<lambda> at 0x000002C687D05EE0> start_wid=None stop_wid=None post_wid=None skip_call=None call_count=5 args=() kwds={}
2026-10-08 19:56:07,771 LT1-thread root DEBUG testcase.py               266   start                     : Test function parameters: args=(), kwds={}
2026-10-08 19:56:07,774 LT1-thread root DEBUG testcase.py               254   start                     : Starting test function: class=<class 'autopts.ptsprojects.testcase.TestFunc'>, func=<function set_pts_addr at 0x000002C684E2DD00> start_wid=None stop_wid=None post_wid=None skip_call=None call_count=5 args=('00:1B:DC:08:E4:4E', 0) kwds={}
2026-10-08 19:56:07,774 LT1-thread root DEBUG testcase.py               266   start                     : Test function parameters: args=('00:1B:DC:08:E4:4E', 0), kwds={}
2026-10-08 19:56:07,774 LT1-thread root DEBUG testcase.py               254   start                     : Starting test function: class=<class 'autopts.ptsprojects.testcase.TestFunc'>, func=<function core_reg_svc_gatt at 0x000002C684E2E2A0> start_wid=None stop_wid=None post_wid=None skip_call=None call_count=5 args=() kwds={}
2026-10-08 19:56:07,774 LT1-thread root DEBUG testcase.py               266   start                     : Test function parameters: args=(), kwds={}
2026-10-08 19:56:07,774 LT1-thread root DEBUG btp.py                    117   core_reg_svc_univ         : core_reg_svc_univ: gatt_reg (GATT)
2026-10-08 19:56:07,775 LT1-thread root DEBUG iutctl_common.py          161   send                      : 0 3 255 '2'
2026-10-08 19:56:07,775 LT1-thread root DEBUG iutctl_common.py          166   send                      : sending frame '0003ff010002'
2026-10-08 19:56:07,775 LT1-thread root DEBUG btp.py                    654   core_reg_svc_rsp_succ     : 
2026-10-08 19:56:07,775 LT1-thread root DEBUG iutctl_common.py          339   read                      : 
2026-10-08 19:56:07,814 BTPWorkerThread-1677 (_rx_task) root DEBUG iutctl_common.py          123   read                      : Read 5 bytes
2026-10-08 19:56:07,826 BTPWorkerThread-1677 (_rx_task) root DEBUG iutctl_common.py          131   read                      : Received: hdr: Header(svc_id=0x00, op=0x03, ctrl_index=0xff, data_len=0x00) bytearray(b'\x00\x03\xff\x00\x00')
2026-10-08 19:56:07,831 BTPWorkerThread-1677 (_rx_task) root DEBUG iutctl_common.py          154   read                      : Received data: {''}, bytearray(b'')
2026-10-08 19:56:07,836 LT1-thread root DEBUG btp.py                    665   core_reg_svc_rsp_succ     : received Header(svc_id=0, op=3, ctrl_index=255, data_len=0) (b'',)
2026-10-08 19:56:07,836 LT1-thread root DEBUG btp.py                    666   core_reg_svc_rsp_succ     : expected ((0, 3, 255, 0), (b'',))
2026-10-08 19:56:07,836 LT1-thread root DEBUG btp.py                    671   core_reg_svc_rsp_succ     : response is valid
2026-10-08 19:56:07,836 LT1-thread root DEBUG btp.py                    674   core_reg_svc_rsp_succ     : Reading supported commands for service: GATT
2026-10-08 19:56:07,836 LT1-thread root DEBUG iutctl_common.py          161   send                      : 2 1 255 ''
2026-10-08 19:56:07,836 LT1-thread root DEBUG iutctl_common.py          166   send                      : sending frame '0201ff0000'
2026-10-08 19:56:07,837 LT1-thread root DEBUG iutctl_common.py          339   read                      : 
2026-10-08 19:56:07,869 BTPWorkerThread-1677 (_rx_task) root DEBUG iutctl_common.py          123   read                      : Read 5 bytes
2026-10-08 19:56:07,881 BTPWorkerThread-1677 (_rx_task) root DEBUG iutctl_common.py          131   read                      : Received: hdr: Header(svc_id=0x02, op=0x01, ctrl_index=0xff, data_len=0x05) bytearray(b'\x02\x01\xff\x05\x00')
2026-10-08 19:56:07,897 BTPWorkerThread-1677 (_rx_task) root DEBUG iutctl_common.py          139   read                      : Read 5 bytes data
2026-10-08 19:56:07,909 BTPWorkerThread-1677 (_rx_task) root DEBUG iutctl_common.py          154   read                      : Received data: {'fe fe bf fd 0f'}, bytearray(b'\xfe\xfe\xbf\xfd\x0f')
2026-10-08 19:56:07,926 LT1-thread root DEBUG testcase.py               254   start                     : Starting test function: class=<class 'autopts.ptsprojects.testcase.TestFunc'>, func=<bound method Stack.gatt_init of <autopts.ptsprojects.stack.stack.Stack object at 0x000002C6862F6F00>> start_wid=None stop_wid=None post_wid=None skip_call=None call_count=5 args=() kwds={}
2026-10-08 19:56:07,926 LT1-thread root DEBUG testcase.py               266   start                     : Test function parameters: args=(), kwds={}
2026-10-08 19:56:07,926 LT1-thread root DEBUG testcase.py               254   start                     : Starting test function: class=<class 'autopts.ptsprojects.testcase.TestFunc'>, func=<function core_reg_svc_avdtp at 0x000002C684E2FA60> start_wid=None stop_wid=None post_wid=None skip_call=None call_count=5 args=() kwds={}
2026-10-08 19:56:07,926 LT1-thread root DEBUG testcase.py               266   start                     : Test function parameters: args=(), kwds={}
2026-10-08 19:56:07,926 LT1-thread root DEBUG btp.py                    117   core_reg_svc_univ         : core_reg_svc_univ: avdtp_reg (AVDTP)
2026-10-08 19:56:07,926 LT1-thread root DEBUG iutctl_common.py          161   send                      : 0 3 255 '36'
2026-10-08 19:56:07,926 LT1-thread root DEBUG iutctl_common.py          166   send                      : sending frame '0003ff010024'
2026-10-08 19:56:07,926 LT1-thread root DEBUG btp.py                    654   core_reg_svc_rsp_succ     : 
2026-10-08 19:56:07,927 LT1-thread root DEBUG iutctl_common.py          339   read                      : 
2026-10-08 19:56:07,957 BTPWorkerThread-1677 (_rx_task) root DEBUG iutctl_common.py          123   read                      : Read 5 bytes
2026-10-08 19:56:07,968 BTPWorkerThread-1677 (_rx_task) root DEBUG iutctl_common.py          131   read                      : Received: hdr: Header(svc_id=0x00, op=0x03, ctrl_index=0xff, data_len=0x00) bytearray(b'\x00\x03\xff\x00\x00')
2026-10-08 19:56:07,980 BTPWorkerThread-1677 (_rx_task) root DEBUG iutctl_common.py          154   read                      : Received data: {''}, bytearray(b'')
2026-10-08 19:56:07,985 LT1-thread root DEBUG btp.py                    665   core_reg_svc_rsp_succ     : received Header(svc_id=0, op=3, ctrl_index=255, data_len=0) (b'',)
2026-10-08 19:56:07,985 LT1-thread root DEBUG btp.py                    666   core_reg_svc_rsp_succ     : expected ((0, 3, 255, 0), (b'',))
2026-10-08 19:56:07,985 LT1-thread root DEBUG btp.py                    671   core_reg_svc_rsp_succ     : response is valid
2026-10-08 19:56:07,985 LT1-thread root DEBUG btp.py                    674   core_reg_svc_rsp_succ     : Reading supported commands for service: AVDTP
2026-10-08 19:56:07,985 LT1-thread root DEBUG iutctl_common.py          161   send                      : 36 1 255 ''
2026-10-08 19:56:07,985 LT1-thread root DEBUG iutctl_common.py          166   send                      : sending frame '2401ff0000'
2026-10-08 19:56:07,986 LT1-thread root DEBUG iutctl_common.py          339   read                      : 
2026-10-08 19:56:08,029 BTPWorkerThread-1677 (_rx_task) root DEBUG iutctl_common.py          123   read                      : Read 5 bytes
2026-10-08 19:56:08,034 BTPWorkerThread-1677 (_rx_task) root DEBUG iutctl_common.py          131   read                      : Received: hdr: Header(svc_id=0x24, op=0x01, ctrl_index=0xff, data_len=0x01) bytearray(b'$\x01\xff\x01\x00')
2026-10-08 19:56:08,040 BTPWorkerThread-1677 (_rx_task) root DEBUG iutctl_common.py          139   read                      : Read 1 bytes data
2026-10-08 19:56:08,051 BTPWorkerThread-1677 (_rx_task) root DEBUG iutctl_common.py          154   read                      : Received data: {'02'}, bytearray(b'\x02')
2026-10-08 19:56:08,062 LT1-thread root DEBUG testcase.py               254   start                     : Starting test function: class=<class 'autopts.ptsprojects.testcase.TestFunc'>, func=<bound method Stack.avdtp_init of <autopts.ptsprojects.stack.stack.Stack object at 0x000002C6862F6F00>> start_wid=None stop_wid=None post_wid=None skip_call=None call_count=5 args=() kwds={}
2026-10-08 19:56:08,062 LT1-thread root DEBUG testcase.py               266   start                     : Test function parameters: args=(), kwds={}
2026-10-08 19:56:08,062 LT1-thread root DEBUG testcase.py               254   start                     : Starting test function: class=<class 'autopts.ptsprojects.testcase.TestFunc'>, func=<function core_reg_svc_a2dp at 0x000002C684E2F9C0> start_wid=None stop_wid=None post_wid=None skip_call=None call_count=5 args=() kwds={}
2026-10-08 19:56:08,062 LT1-thread root DEBUG testcase.py               266   start                     : Test function parameters: args=(), kwds={}
2026-10-08 19:56:08,062 LT1-thread root DEBUG btp.py                    117   core_reg_svc_univ         : core_reg_svc_univ: a2dp_reg (A2DP)
2026-10-08 19:56:08,062 LT1-thread root DEBUG iutctl_common.py          161   send                      : 0 3 255 '35'
2026-10-08 19:56:08,062 LT1-thread root DEBUG iutctl_common.py          166   send                      : sending frame '0003ff010023'
2026-10-08 19:56:08,062 LT1-thread root DEBUG btp.py                    654   core_reg_svc_rsp_succ     : 
2026-10-08 19:56:08,063 LT1-thread root DEBUG iutctl_common.py          339   read                      : 
2026-10-08 19:56:08,101 BTPWorkerThread-1677 (_rx_task) root DEBUG iutctl_common.py          123   read                      : Read 5 bytes
2026-10-08 19:56:08,106 BTPWorkerThread-1677 (_rx_task) root DEBUG iutctl_common.py          131   read                      : Received: hdr: Header(svc_id=0x00, op=0x03, ctrl_index=0xff, data_len=0x00) bytearray(b'\x00\x03\xff\x00\x00')
2026-10-08 19:56:08,117 BTPWorkerThread-1677 (_rx_task) root DEBUG iutctl_common.py          154   read                      : Received data: {''}, bytearray(b'')
2026-10-08 19:56:08,128 LT1-thread root DEBUG btp.py                    665   core_reg_svc_rsp_succ     : received Header(svc_id=0, op=3, ctrl_index=255, data_len=0) (b'',)
2026-10-08 19:56:08,128 LT1-thread root DEBUG btp.py                    666   core_reg_svc_rsp_succ     : expected ((0, 3, 255, 0), (b'',))
2026-10-08 19:56:08,128 LT1-thread root DEBUG btp.py                    671   core_reg_svc_rsp_succ     : response is valid
2026-10-08 19:56:08,128 LT1-thread root DEBUG btp.py                    674   core_reg_svc_rsp_succ     : Reading supported commands for service: A2DP
2026-10-08 19:56:08,128 LT1-thread root DEBUG iutctl_common.py          161   send                      : 35 1 255 ''
2026-10-08 19:56:08,128 LT1-thread root DEBUG iutctl_common.py          166   send                      : sending frame '2301ff0000'
2026-10-08 19:56:08,129 LT1-thread root DEBUG iutctl_common.py          339   read                      : 
2026-10-08 19:56:08,166 BTPWorkerThread-1677 (_rx_task) root DEBUG iutctl_common.py          123   read                      : Read 5 bytes
2026-10-08 19:56:08,177 BTPWorkerThread-1677 (_rx_task) root DEBUG iutctl_common.py          131   read                      : Received: hdr: Header(svc_id=0x23, op=0x01, ctrl_index=0xff, data_len=0x03) bytearray(b'#\x01\xff\x03\x00')
2026-10-08 19:56:08,194 BTPWorkerThread-1677 (_rx_task) root DEBUG iutctl_common.py          139   read                      : Read 3 bytes data
2026-10-08 19:56:08,206 BTPWorkerThread-1677 (_rx_task) root DEBUG iutctl_common.py          154   read                      : Received data: {'fe ff 01'}, bytearray(b'\xfe\xff\x01')
2026-10-08 19:56:08,217 LT1-thread root DEBUG testcase.py               254   start                     : Starting test function: class=<class 'autopts.ptsprojects.testcase.TestFunc'>, func=<bound method Stack.a2dp_init of <autopts.ptsprojects.stack.stack.Stack object at 0x000002C6862F6F00>> start_wid=None stop_wid=None post_wid=None skip_call=None call_count=5 args=() kwds={}
2026-10-08 19:56:08,217 LT1-thread root DEBUG testcase.py               266   start                     : Test function parameters: args=(), kwds={}
2026-10-08 19:56:08,217 LT1-thread root DEBUG testcase.py               254   start                     : Starting test function: class=<class 'autopts.ptsprojects.testcase.TestFunc'>, func=<function a2dp_register_endpoint at 0x000002C684E34400> start_wid=None stop_wid=None post_wid=None skip_call=None call_count=1 args=(0, 0, 0, 0, None) kwds={}
2026-10-08 19:56:08,217 LT1-thread root DEBUG testcase.py               266   start                     : Test function parameters: args=(0, 0, 0, 0, None), kwds={}
2026-10-08 19:56:08,217 LT1-thread root DEBUG a2dp.py                   90    a2dp_register_endpoint    : a2dp_register_endpoint 0 0 0 0 None
2026-10-08 19:56:08,217 LT1-thread root DEBUG iutctl_common.py          161   send                      : 35 4 0 "bytearray(b'\\x00\\x00\\x00\\x00\\x00\\x00')"
2026-10-08 19:56:08,217 LT1-thread root DEBUG iutctl_common.py          166   send                      : sending frame '2304000600000000000000'
2026-10-08 19:56:08,218 LT1-thread root DEBUG iutctl_common.py          339   read                      : 
2026-10-08 19:56:08,255 BTPWorkerThread-1677 (_rx_task) root DEBUG iutctl_common.py          123   read                      : Read 5 bytes
2026-10-08 19:56:08,267 BTPWorkerThread-1677 (_rx_task) root DEBUG iutctl_common.py          131   read                      : Received: hdr: Header(svc_id=0x23, op=0x04, ctrl_index=0x00, data_len=0x00) bytearray(b'#\x04\x00\x00\x00')
2026-10-08 19:56:08,272 BTPWorkerThread-1677 (_rx_task) root DEBUG iutctl_common.py          154   read                      : Received data: {''}, bytearray(b'')
2026-10-08 19:56:08,274 LT1-thread root DEBUG client.py                 276   get_result                : ClientCallback.get_result run_test_case
2026-10-08 19:56:09,829 LT1-callback ClientCallback.on_implicit_send INFO client.py                 223   on_implicit_send          : 
    ********************
    BEGIN OnImplicitSend:
    project_name: AVDTP
    wid: 1047
    test_case_name: AVDTP/SRC/INT/SIG/SMG/BV-13-C
    description: Action: Place the IUT in connectable mode.

Description : PTS requires that the IUT be in connectable mode.The PTS will attempt to establish an ACL connection.
    style: MMI_Style_Ok_Cancel2 0x11141
2026-10-08 19:56:09,829 LT1-callback ClientCallback.on_implicit_send INFO client.py                 236   on_implicit_send          : Calling test cases on_implicit_send
2026-10-08 19:56:09,829 LT1-callback ClientCallback.on_implicit_send INFO client.py                 249   on_implicit_send          : 
    on_implicit_send returned response: WAIT
    END OnImplicitSend
    ********************
2026-10-08 19:56:10,275 LT1-thread root DEBUG testcase.py               679   run_wid                   : AVDTP AVDTP/SRC/INT/SIG/SMG/BV-13-C on_implicit_send
2026-10-08 19:56:10,275 LT1-thread root DEBUG avdtp_wid.py              25    avdtp_wid_hdl             : avdtp_wid_hdl, 1047, Action: Place the IUT in connectable mode.

Description : PTS requires that the IUT be in connectable mode.The PTS will attempt to establish an ACL connection., AVDTP/SRC/INT/SIG/SMG/BV-13-C
2026-10-08 19:56:10,275 LT1-thread root DEBUG gap.py                    984   gap_set_connectable       : 
2026-10-08 19:56:10,275 LT1-thread root DEBUG gap.py                    1035  gap_set_general_discoverable : 
2026-10-08 19:56:10,275 LT1-thread root DEBUG iutctl_common.py          161   send                      : 1 8 0 '1'
2026-10-08 19:56:10,275 LT1-thread root DEBUG iutctl_common.py          166   send                      : sending frame '010800010001'
2026-10-08 19:56:10,275 LT1-thread root DEBUG gap.py                    1229  gap_command_rsp_succ      : 
2026-10-08 19:56:10,276 LT1-thread root DEBUG iutctl_common.py          339   read                      : 
2026-10-08 19:56:10,335 BTPWorkerThread-1677 (_rx_task) root DEBUG iutctl_common.py          123   read                      : Read 5 bytes
2026-10-08 19:56:10,341 BTPWorkerThread-1677 (_rx_task) root DEBUG iutctl_common.py          131   read                      : Received: hdr: Header(svc_id=0x01, op=0x08, ctrl_index=0x00, data_len=0x04) bytearray(b'\x01\x08\x00\x04\x00')
2026-10-08 19:56:10,346 BTPWorkerThread-1677 (_rx_task) root DEBUG iutctl_common.py          139   read                      : Read 4 bytes data
2026-10-08 19:56:10,346 BTPWorkerThread-1677 (_rx_task) root DEBUG iutctl_common.py          154   read                      : Received data: {'1b 02 00 00'}, bytearray(b'\x1b\x02\x00\x00')
2026-10-08 19:56:10,346 LT1-thread root DEBUG gap.py                    1234  gap_command_rsp_succ      : received Header(svc_id=1, op=8, ctrl_index=0, data_len=4) (b'\x1b\x02\x00\x00',)
2026-10-08 19:56:10,346 LT1-thread root DEBUG gap.py                    596   __gap_current_settings_update : (b'\x1b\x02\x00\x00',)
2026-10-08 19:56:10,346 LT1-thread root DEBUG testcase.py               722   run_wid                   : Sending response 'OK' to wid 1047 test case AVDTP/SRC/INT/SIG/SMG/BV-13-C
2026-10-08 19:56:10,348 LT1-thread root DEBUG client.py                 276   get_result                : ClientCallback.get_result run_test_case
2026-10-08 19:56:10,446 BTPWorkerThread-1677 (_rx_task) root DEBUG iutctl_common.py          123   read                      : Read 5 bytes
2026-10-08 19:56:10,446 BTPWorkerThread-1677 (_rx_task) root DEBUG iutctl_common.py          131   read                      : Received: hdr: Header(svc_id=0x01, op=0x82, ctrl_index=0x00, data_len=0x0d) bytearray(b'\x01\x82\x00\r\x00')
2026-10-08 19:56:10,447 BTPWorkerThread-1677 (_rx_task) root DEBUG iutctl_common.py          139   read                      : Read 13 bytes data
2026-10-08 19:56:10,447 LT1-callback ClientCallback.on_implicit_send INFO client.py                 223   on_implicit_send          : 
    ********************
    BEGIN OnImplicitSend:
    project_name: AVDTP
    wid: 1002
    test_case_name: AVDTP/SRC/INT/SIG/SMG/BV-13-C
    description: If necessary, take action to accept the AVDTP Signaling Channel Connection initiated by the tester.

Description: Make sure the IUT (Implementation Under Test) is in a state to accept incoming Bluetooth connections.  Some devices may need to be on a specific screen, like a Bluetooth settings screen, in order to pair with PTS.  If the IUT is still having problems pairing with PTS, try running a test case where the IUT connects to PTS to establish pairing.
    style: MMI_Style_Ok_Cancel2 0x11141
2026-10-08 19:56:10,447 LT1-callback ClientCallback.on_implicit_send INFO client.py                 236   on_implicit_send          : Calling test cases on_implicit_send
2026-10-08 19:56:10,447 LT1-callback ClientCallback.on_implicit_send INFO client.py                 249   on_implicit_send          : 
    on_implicit_send returned response: WAIT
    END OnImplicitSend
    ********************
2026-10-08 19:56:10,447 BTPWorkerThread-1677 (_rx_task) root DEBUG iutctl_common.py          154   read                      : Received data: {'e0 4e e4 08 dc 1b 00 00 00 00 00 00 00'}, bytearray(b'\xe0N\xe4\x08\xdc\x1b\x00\x00\x00\x00\x00\x00\x00')
2026-10-08 19:56:10,448 BTPWorkerThread-1677 (_rx_task) root DEBUG btp.py                    736   event_handler             : Header(svc_id=1, op=130, ctrl_index=0, data_len=13) (b'\xe0N\xe4\x08\xdc\x1b\x00\x00\x00\x00\x00\x00\x00',)
2026-10-08 19:56:10,448 BTPWorkerThread-1677 (_rx_task) root DEBUG gap.py                    215   gap_connected_ev_         : b'\xe0N\xe4\x08\xdc\x1b\x00\x00\x00\x00\x00\x00\x00'
2026-10-08 19:56:10,448 BTPWorkerThread-1677 (_rx_task) root DEBUG iutctl_common.py          123   read                      : Read 5 bytes
2026-10-08 19:56:10,448 BTPWorkerThread-1677 (_rx_task) root DEBUG iutctl_common.py          131   read                      : Received: hdr: Header(svc_id=0x01, op=0x80, ctrl_index=0x00, data_len=0x04) bytearray(b'\x01\x80\x00\x04\x00')
2026-10-08 19:56:10,448 BTPWorkerThread-1677 (_rx_task) root DEBUG iutctl_common.py          139   read                      : Read 4 bytes data
2026-10-08 19:56:10,448 BTPWorkerThread-1677 (_rx_task) root DEBUG iutctl_common.py          154   read                      : Received data: {'1b 02 00 00'}, bytearray(b'\x1b\x02\x00\x00')
2026-10-08 19:56:10,449 BTPWorkerThread-1677 (_rx_task) root DEBUG btp.py                    736   event_handler             : Header(svc_id=1, op=128, ctrl_index=0, data_len=4) (b'\x1b\x02\x00\x00',)
2026-10-08 19:56:10,449 BTPWorkerThread-1677 (_rx_task) root DEBUG gap.py                    183   gap_new_settings_ev_      : b'\x1b\x02\x00\x00'
2026-10-08 19:56:10,449 BTPWorkerThread-1677 (_rx_task) root DEBUG gap.py                    596   __gap_current_settings_update : 539
2026-10-08 19:56:11,348 LT1-thread root DEBUG testcase.py               679   run_wid                   : AVDTP AVDTP/SRC/INT/SIG/SMG/BV-13-C on_implicit_send
2026-10-08 19:56:11,349 LT1-thread root DEBUG avdtp_wid.py              25    avdtp_wid_hdl             : avdtp_wid_hdl, 1002, If necessary, take action to accept the AVDTP Signaling Channel Connection initiated by the tester.

Description: Make sure the IUT (Implementation Under Test) is in a state to accept incoming Bluetooth connections.  Some devices may need to be on a specific screen, like a Bluetooth settings screen, in order to pair with PTS.  If the IUT is still having problems pairing with PTS, try running a test case where the IUT connects to PTS to establish pairing., AVDTP/SRC/INT/SIG/SMG/BV-13-C
2026-10-08 19:56:11,349 LT1-thread root DEBUG testcase.py               722   run_wid                   : Sending response 'OK' to wid 1002 test case AVDTP/SRC/INT/SIG/SMG/BV-13-C
2026-10-08 19:56:11,350 LT1-thread root DEBUG client.py                 276   get_result                : ClientCallback.get_result run_test_case
2026-10-08 19:56:12,060 BTPWorkerThread-1677 (_rx_task) root DEBUG iutctl_common.py          123   read                      : Read 5 bytes
2026-10-08 19:56:12,060 BTPWorkerThread-1677 (_rx_task) root DEBUG iutctl_common.py          131   read                      : Received: hdr: Header(svc_id=0x01, op=0x91, ctrl_index=0x00, data_len=0x09) bytearray(b'\x01\x91\x00\t\x00')
2026-10-08 19:56:12,061 BTPWorkerThread-1677 (_rx_task) root DEBUG iutctl_common.py          139   read                      : Read 9 bytes data
2026-10-08 19:56:12,061 BTPWorkerThread-1677 (_rx_task) root DEBUG iutctl_common.py          154   read                      : Received data: {'e0 4e e4 08 dc 1b 00 01 10'}, bytearray(b'\xe0N\xe4\x08\xdc\x1b\x00\x01\x10')
2026-10-08 19:56:12,061 BTPWorkerThread-1677 (_rx_task) root DEBUG btp.py                    736   event_handler             : Header(svc_id=1, op=145, ctrl_index=0, data_len=9) (b'\xe0N\xe4\x08\xdc\x1b\x00\x01\x10',)
2026-10-08 19:56:12,061 BTPWorkerThread-1677 (_rx_task) root DEBUG gap.py                    494   gap_encryption_change_ev_ : 
2026-10-08 19:56:12,061 BTPWorkerThread-1677 (_rx_task) root DEBUG gap.py                    496   gap_encryption_change_ev_ : enc change received b'\xe0N\xe4\x08\xdc\x1b\x00\x01\x10'
2026-10-08 19:56:12,061 BTPWorkerThread-1677 (_rx_task) root DEBUG gap.py                    505   gap_encryption_change_ev_ : received (224, '001bdc08e44e', 1, 16)
2026-10-08 19:56:12,061 BTPWorkerThread-1677 (_rx_task) root DEBUG iutctl_common.py          123   read                      : Read 5 bytes
2026-10-08 19:56:12,061 BTPWorkerThread-1677 (_rx_task) root DEBUG iutctl_common.py          131   read                      : Received: hdr: Header(svc_id=0x01, op=0x89, ctrl_index=0x00, data_len=0x08) bytearray(b'\x01\x89\x00\x08\x00')
2026-10-08 19:56:12,061 BTPWorkerThread-1677 (_rx_task) root DEBUG iutctl_common.py          139   read                      : Read 8 bytes data
2026-10-08 19:56:12,061 BTPWorkerThread-1677 (_rx_task) root DEBUG iutctl_common.py          154   read                      : Received data: {'e0 4e e4 08 dc 1b 00 02'}, bytearray(b'\xe0N\xe4\x08\xdc\x1b\x00\x02')
2026-10-08 19:56:12,062 BTPWorkerThread-1677 (_rx_task) root DEBUG btp.py                    736   event_handler             : Header(svc_id=1, op=137, ctrl_index=0, data_len=8) (b'\xe0N\xe4\x08\xdc\x1b\x00\x02',)
2026-10-08 19:56:12,062 BTPWorkerThread-1677 (_rx_task) root DEBUG gap.py                    300   gap_sec_level_changed_ev_ : 
2026-10-08 19:56:12,062 BTPWorkerThread-1677 (_rx_task) root DEBUG gap.py                    302   gap_sec_level_changed_ev_ : received b'\xe0N\xe4\x08\xdc\x1b\x00\x02'
2026-10-08 19:56:12,062 BTPWorkerThread-1677 (_rx_task) root DEBUG gap.py                    313   gap_sec_level_changed_ev_ : received (224, '001bdc08e44e', 2)
2026-10-08 19:56:12,071 LT1-callback ClientCallback.on_implicit_send INFO client.py                 223   on_implicit_send          : 
    ********************
    BEGIN OnImplicitSend:
    project_name: AVDTP
    wid: 1018
    test_case_name: AVDTP/SRC/INT/SIG/SMG/BV-13-C
    description: Send a discover command to PTS.

Action: If the IUT (Implementation Under Test) is already connected to PTS, attempting to send or receive streaming media should trigger this action.  If the IUT is not connected to PTS, attempting to connect may trigger this action.
    style: MMI_Style_Ok_Cancel2 0x11141
2026-10-08 19:56:12,071 LT1-callback ClientCallback.on_implicit_send INFO client.py                 236   on_implicit_send          : Calling test cases on_implicit_send
2026-10-08 19:56:12,072 LT1-callback ClientCallback.on_implicit_send INFO client.py                 249   on_implicit_send          : 
    on_implicit_send returned response: WAIT
    END OnImplicitSend
    ********************
2026-10-08 19:56:12,072 BTPWorkerThread-1677 (_rx_task) root DEBUG iutctl_common.py          123   read                      : Read 5 bytes
2026-10-08 19:56:12,072 BTPWorkerThread-1677 (_rx_task) root DEBUG iutctl_common.py          131   read                      : Received: hdr: Header(svc_id=0x23, op=0x80, ctrl_index=0x00, data_len=0x08) bytearray(b'#\x80\x00\x08\x00')
2026-10-08 19:56:12,072 BTPWorkerThread-1677 (_rx_task) root DEBUG iutctl_common.py          139   read                      : Read 8 bytes data
2026-10-08 19:56:12,073 BTPWorkerThread-1677 (_rx_task) root DEBUG iutctl_common.py          154   read                      : Received data: {'e0 4e e4 08 dc 1b 00 00'}, bytearray(b'\xe0N\xe4\x08\xdc\x1b\x00\x00')
2026-10-08 19:56:12,073 BTPWorkerThread-1677 (_rx_task) root DEBUG btp.py                    736   event_handler             : Header(svc_id=35, op=128, ctrl_index=0, data_len=8) (b'\xe0N\xe4\x08\xdc\x1b\x00\x00',)
2026-10-08 19:56:12,073 BTPWorkerThread-1677 (_rx_task) root DEBUG a2dp.py                   328   a2dp_connected_ev         : a2dp_connected_ev b'\xe0N\xe4\x08\xdc\x1b\x00\x00' 8
2026-10-08 19:56:12,073 BTPWorkerThread-1677 (_rx_task) root DEBUG a2dp.py                   333   a2dp_connected_ev         : A2DP connected to addr b'N\xe4\x08\xdc\x1b\x00', result 0
2026-10-08 19:56:12,351 LT1-thread root DEBUG testcase.py               679   run_wid                   : AVDTP AVDTP/SRC/INT/SIG/SMG/BV-13-C on_implicit_send
2026-10-08 19:56:12,351 LT1-thread root DEBUG avdtp_wid.py              25    avdtp_wid_hdl             : avdtp_wid_hdl, 1018, Send a discover command to PTS.

Action: If the IUT (Implementation Under Test) is already connected to PTS, attempting to send or receive streaming media should trigger this action.  If the IUT is not connected to PTS, attempting to connect may trigger this action., AVDTP/SRC/INT/SIG/SMG/BV-13-C
2026-10-08 19:56:12,351 LT1-thread root DEBUG a2dp.py                   111   a2dp_discover             : a2dp_discover None 224
2026-10-08 19:56:12,351 LT1-thread root DEBUG iutctl_common.py          161   send                      : 35 5 0 "bytearray(b'\\xe0N\\xe4\\x08\\xdc\\x1b\\x00')"
2026-10-08 19:56:12,351 LT1-thread root DEBUG iutctl_common.py          166   send                      : sending frame '2305000700e04ee408dc1b00'
2026-10-08 19:56:12,352 LT1-thread root DEBUG iutctl_common.py          339   read                      : 
2026-10-08 19:56:12,386 BTPWorkerThread-1677 (_rx_task) root DEBUG iutctl_common.py          123   read                      : Read 5 bytes
2026-10-08 19:56:12,386 BTPWorkerThread-1677 (_rx_task) root DEBUG iutctl_common.py          131   read                      : Received: hdr: Header(svc_id=0x23, op=0x05, ctrl_index=0x00, data_len=0x00) bytearray(b'#\x05\x00\x00\x00')
2026-10-08 19:56:12,386 BTPWorkerThread-1677 (_rx_task) root DEBUG iutctl_common.py          154   read                      : Received data: {''}, bytearray(b'')
2026-10-08 19:56:12,387 LT1-thread root DEBUG a2dp.py                   795   a2dp_wait_for_discovered  : a2dp_wait_for_discovered None
2026-10-08 19:56:12,543 BTPWorkerThread-1677 (_rx_task) root DEBUG iutctl_common.py          123   read                      : Read 5 bytes
2026-10-08 19:56:12,543 BTPWorkerThread-1677 (_rx_task) root DEBUG iutctl_common.py          131   read                      : Received: hdr: Header(svc_id=0x23, op=0x83, ctrl_index=0x00, data_len=0x10) bytearray(b'#\x83\x00\x10\x00')
2026-10-08 19:56:12,543 BTPWorkerThread-1677 (_rx_task) root DEBUG iutctl_common.py          139   read                      : Read 16 bytes data
2026-10-08 19:56:12,544 BTPWorkerThread-1677 (_rx_task) root DEBUG iutctl_common.py          154   read                      : Received data: {'e0 4e e4 08 dc 1b 00 01 07 06 00 00 ff ff 02 fa'}, bytearray(b'\xe0N\xe4\x08\xdc\x1b\x00\x01\x07\x06\x00\x00\xff\xff\x02\xfa')
2026-10-08 19:56:12,544 BTPWorkerThread-1677 (_rx_task) root DEBUG btp.py                    736   event_handler             : Header(svc_id=35, op=131, ctrl_index=0, data_len=16) (b'\xe0N\xe4\x08\xdc\x1b\x00\x01\x07\x06\x00\x00\xff\xff\x02\xfa',)
2026-10-08 19:56:12,544 BTPWorkerThread-1677 (_rx_task) root DEBUG a2dp.py                   408   a2dp_get_capabilities_ev  : a2dp_get_capabilities_ev b'\xe0N\xe4\x08\xdc\x1b\x00\x01\x07\x06\x00\x00\xff\xff\x02\xfa' 16
2026-10-08 19:56:12,544 BTPWorkerThread-1677 (_rx_task) root DEBUG a2dp.py                   423   a2dp_get_capabilities_ev  : A2DP endpoint discovered: addr b'N\xe4\x08\xdc\x1b\x00', ep_id 1
2026-10-08 19:56:12,544 BTPWorkerThread-1677 (_rx_task) root DEBUG a2dp.py                   448   a2dp_get_capabilities_ev  :   Capability: category=7, losc=6
2026-10-08 19:56:12,619 BTPWorkerThread-1677 (_rx_task) root DEBUG iutctl_common.py          123   read                      : Read 5 bytes
2026-10-08 19:56:12,619 BTPWorkerThread-1677 (_rx_task) root DEBUG iutctl_common.py          131   read                      : Received: hdr: Header(svc_id=0x23, op=0x83, ctrl_index=0x00, data_len=0x12) bytearray(b'#\x83\x00\x12\x00')
2026-10-08 19:56:12,619 BTPWorkerThread-1677 (_rx_task) root DEBUG iutctl_common.py          139   read                      : Read 7 bytes data
2026-10-08 19:56:12,630 BTPWorkerThread-1677 (_rx_task) root DEBUG iutctl_common.py          139   read                      : Read 11 bytes data
2026-10-08 19:56:12,631 BTPWorkerThread-1677 (_rx_task) root DEBUG iutctl_common.py          154   read                      : Received data: {'e0 4e e4 08 dc 1b 00 02 07 08 00 02 fe 01 8c 80 00 00'}, bytearray(b'\xe0N\xe4\x08\xdc\x1b\x00\x02\x07\x08\x00\x02\xfe\x01\x8c\x80\x00\x00')
2026-10-08 19:56:12,631 BTPWorkerThread-1677 (_rx_task) root DEBUG btp.py                    736   event_handler             : Header(svc_id=35, op=131, ctrl_index=0, data_len=18) (b'\xe0N\xe4\x08\xdc\x1b\x00\x02\x07\x08\x00\x02\xfe\x01\x8c\x80\x00\x00',)
2026-10-08 19:56:12,631 BTPWorkerThread-1677 (_rx_task) root DEBUG a2dp.py                   408   a2dp_get_capabilities_ev  : a2dp_get_capabilities_ev b'\xe0N\xe4\x08\xdc\x1b\x00\x02\x07\x08\x00\x02\xfe\x01\x8c\x80\x00\x00' 18
2026-10-08 19:56:12,631 BTPWorkerThread-1677 (_rx_task) root DEBUG a2dp.py                   423   a2dp_get_capabilities_ev  : A2DP endpoint discovered: addr b'N\xe4\x08\xdc\x1b\x00', ep_id 2
2026-10-08 19:56:12,631 BTPWorkerThread-1677 (_rx_task) root DEBUG a2dp.py                   448   a2dp_get_capabilities_ev  :   Capability: category=7, losc=8
2026-10-08 19:56:12,684 BTPWorkerThread-1677 (_rx_task) root DEBUG iutctl_common.py          123   read                      : Read 5 bytes
2026-10-08 19:56:12,684 BTPWorkerThread-1677 (_rx_task) root DEBUG iutctl_common.py          131   read                      : Received: hdr: Header(svc_id=0x23, op=0x83, ctrl_index=0x00, data_len=0x13) bytearray(b'#\x83\x00\x13\x00')
2026-10-08 19:56:12,684 BTPWorkerThread-1677 (_rx_task) root DEBUG iutctl_common.py          139   read                      : Read 19 bytes data
2026-10-08 19:56:12,685 BTPWorkerThread-1677 (_rx_task) root DEBUG iutctl_common.py          154   read                      : Received data: {'e0 4e e4 08 dc 1b 00 03 07 09 00 03 80 00 0c 0c 80 00 00'}, bytearray(b'\xe0N\xe4\x08\xdc\x1b\x00\x03\x07\t\x00\x03\x80\x00\x0c\x0c\x80\x00\x00')
2026-10-08 19:56:12,685 BTPWorkerThread-1677 (_rx_task) root DEBUG btp.py                    736   event_handler             : Header(svc_id=35, op=131, ctrl_index=0, data_len=19) (b'\xe0N\xe4\x08\xdc\x1b\x00\x03\x07\t\x00\x03\x80\x00\x0c\x0c\x80\x00\x00',)
2026-10-08 19:56:12,685 BTPWorkerThread-1677 (_rx_task) root DEBUG a2dp.py                   408   a2dp_get_capabilities_ev  : a2dp_get_capabilities_ev b'\xe0N\xe4\x08\xdc\x1b\x00\x03\x07\t\x00\x03\x80\x00\x0c\x0c\x80\x00\x00' 19
2026-10-08 19:56:12,685 BTPWorkerThread-1677 (_rx_task) root DEBUG a2dp.py                   423   a2dp_get_capabilities_ev  : A2DP endpoint discovered: addr b'N\xe4\x08\xdc\x1b\x00', ep_id 3
2026-10-08 19:56:12,685 BTPWorkerThread-1677 (_rx_task) root DEBUG a2dp.py                   448   a2dp_get_capabilities_ev  :   Capability: category=7, losc=9
2026-10-08 19:56:12,759 BTPWorkerThread-1677 (_rx_task) root DEBUG iutctl_common.py          123   read                      : Read 5 bytes
2026-10-08 19:56:12,759 BTPWorkerThread-1677 (_rx_task) root DEBUG iutctl_common.py          131   read                      : Received: hdr: Header(svc_id=0x23, op=0x83, ctrl_index=0x00, data_len=0x10) bytearray(b'#\x83\x00\x10\x00')
2026-10-08 19:56:12,759 BTPWorkerThread-1677 (_rx_task) root DEBUG iutctl_common.py          139   read                      : Read 16 bytes data
2026-10-08 19:56:12,760 BTPWorkerThread-1677 (_rx_task) root DEBUG iutctl_common.py          154   read                      : Received data: {'e0 4e e4 08 dc 1b 00 04 07 06 00 00 ff ff 02 fa'}, bytearray(b'\xe0N\xe4\x08\xdc\x1b\x00\x04\x07\x06\x00\x00\xff\xff\x02\xfa')
2026-10-08 19:56:12,760 BTPWorkerThread-1677 (_rx_task) root DEBUG btp.py                    736   event_handler             : Header(svc_id=35, op=131, ctrl_index=0, data_len=16) (b'\xe0N\xe4\x08\xdc\x1b\x00\x04\x07\x06\x00\x00\xff\xff\x02\xfa',)
2026-10-08 19:56:12,760 BTPWorkerThread-1677 (_rx_task) root DEBUG a2dp.py                   408   a2dp_get_capabilities_ev  : a2dp_get_capabilities_ev b'\xe0N\xe4\x08\xdc\x1b\x00\x04\x07\x06\x00\x00\xff\xff\x02\xfa' 16
2026-10-08 19:56:12,760 BTPWorkerThread-1677 (_rx_task) root DEBUG a2dp.py                   423   a2dp_get_capabilities_ev  : A2DP endpoint discovered: addr b'N\xe4\x08\xdc\x1b\x00', ep_id 4
2026-10-08 19:56:12,760 BTPWorkerThread-1677 (_rx_task) root DEBUG a2dp.py                   448   a2dp_get_capabilities_ev  :   Capability: category=7, losc=6
2026-10-08 19:56:12,760 BTPWorkerThread-1677 (_rx_task) root DEBUG iutctl_common.py          123   read                      : Read 5 bytes
2026-10-08 19:56:12,760 BTPWorkerThread-1677 (_rx_task) root DEBUG iutctl_common.py          131   read                      : Received: hdr: Header(svc_id=0x23, op=0x82, ctrl_index=0x00, data_len=0x11) bytearray(b'#\x82\x00\x11\x00')
2026-10-08 19:56:12,760 BTPWorkerThread-1677 (_rx_task) root DEBUG iutctl_common.py          139   read                      : Read 17 bytes data
2026-10-08 19:56:12,761 BTPWorkerThread-1677 (_rx_task) root DEBUG iutctl_common.py          154   read                      : Received data: {'e0 4e e4 08 dc 1b 00 00 08 01 10 02 10 03 10 04 10'}, bytearray(b'\xe0N\xe4\x08\xdc\x1b\x00\x00\x08\x01\x10\x02\x10\x03\x10\x04\x10')
2026-10-08 19:56:12,761 BTPWorkerThread-1677 (_rx_task) root DEBUG btp.py                    736   event_handler             : Header(svc_id=35, op=130, ctrl_index=0, data_len=17) (b'\xe0N\xe4\x08\xdc\x1b\x00\x00\x08\x01\x10\x02\x10\x03\x10\x04\x10',)
2026-10-08 19:56:12,761 BTPWorkerThread-1677 (_rx_task) root DEBUG a2dp.py                   353   a2dp_discovered_ev        : a2dp_discovered_ev b'\xe0N\xe4\x08\xdc\x1b\x00\x00\x08\x01\x10\x02\x10\x03\x10\x04\x10' 17
2026-10-08 19:56:12,761 BTPWorkerThread-1677 (_rx_task) root DEBUG a2dp.py                   362   a2dp_discovered_ev        : A2DP discovered: addr b'N\xe4\x08\xdc\x1b\x00', result 0, sep_len 8
2026-10-08 19:56:12,761 BTPWorkerThread-1677 (_rx_task) root DEBUG a2dp.py                   393   a2dp_discovered_ev        :   SEP 0: ep_id=1, in_use=0, media_type=0, tsep=1
2026-10-08 19:56:12,761 BTPWorkerThread-1677 (_rx_task) root DEBUG a2dp.py                   393   a2dp_discovered_ev        :   SEP 1: ep_id=2, in_use=0, media_type=0, tsep=1
2026-10-08 19:56:12,761 BTPWorkerThread-1677 (_rx_task) root DEBUG a2dp.py                   393   a2dp_discovered_ev        :   SEP 2: ep_id=3, in_use=0, media_type=0, tsep=1
2026-10-08 19:56:12,761 BTPWorkerThread-1677 (_rx_task) root DEBUG a2dp.py                   393   a2dp_discovered_ev        :   SEP 3: ep_id=4, in_use=0, media_type=0, tsep=1
2026-10-08 19:56:12,789 LT1-thread root DEBUG testcase.py               722   run_wid                   : Sending response 'OK' to wid 1018 test case AVDTP/SRC/INT/SIG/SMG/BV-13-C
2026-10-08 19:56:12,791 LT1-thread root DEBUG client.py                 276   get_result                : ClientCallback.get_result run_test_case
2026-10-08 19:56:12,793 LT1-callback ClientCallback.on_implicit_send INFO client.py                 223   on_implicit_send          : 
    ********************
    BEGIN OnImplicitSend:
    project_name: AVDTP
    wid: 1031
    test_case_name: AVDTP/SRC/INT/SIG/SMG/BV-13-C
    description: Send a set configuration command to PTS.

Action: If the IUT (Implementation Under Test) is already connected to PTS, attempting to send or receive streaming media should trigger this action.  If the IUT is not connected to PTS, attempting to connect may trigger this action.
    style: MMI_Style_Ok_Cancel2 0x11141
2026-10-08 19:56:12,793 LT1-callback ClientCallback.on_implicit_send INFO client.py                 236   on_implicit_send          : Calling test cases on_implicit_send
2026-10-08 19:56:12,793 LT1-callback ClientCallback.on_implicit_send INFO client.py                 249   on_implicit_send          : 
    on_implicit_send returned response: WAIT
    END OnImplicitSend
    ********************
2026-10-08 19:56:13,791 LT1-thread root DEBUG testcase.py               679   run_wid                   : AVDTP AVDTP/SRC/INT/SIG/SMG/BV-13-C on_implicit_send
2026-10-08 19:56:13,791 LT1-thread root DEBUG avdtp_wid.py              25    avdtp_wid_hdl             : avdtp_wid_hdl, 1031, Send a set configuration command to PTS.

Action: If the IUT (Implementation Under Test) is already connected to PTS, attempting to send or receive streaming media should trigger this action.  If the IUT is not connected to PTS, attempting to connect may trigger this action., AVDTP/SRC/INT/SIG/SMG/BV-13-C
2026-10-08 19:56:13,791 LT1-thread root DEBUG a2dp.py                   160   a2dp_stream_config        : a2dp_stream_config None 224 1 1 0 None
2026-10-08 19:56:13,792 LT1-thread root DEBUG iutctl_common.py          161   send                      : 35 8 0 "bytearray(b'\\xe0N\\xe4\\x08\\xdc\\x1b\\x00\\x01\\x01\\x00\\x00\\x00')"
2026-10-08 19:56:13,792 LT1-thread root DEBUG iutctl_common.py          166   send                      : sending frame '2308000c00e04ee408dc1b000101000000'
2026-10-08 19:56:13,792 LT1-thread root DEBUG iutctl_common.py          339   read                      : 
2026-10-08 19:56:13,826 BTPWorkerThread-1677 (_rx_task) root DEBUG iutctl_common.py          123   read                      : Read 5 bytes
2026-10-08 19:56:13,826 BTPWorkerThread-1677 (_rx_task) root DEBUG iutctl_common.py          131   read                      : Received: hdr: Header(svc_id=0x23, op=0x08, ctrl_index=0x00, data_len=0x00) bytearray(b'#\x08\x00\x00\x00')
2026-10-08 19:56:13,826 BTPWorkerThread-1677 (_rx_task) root DEBUG iutctl_common.py          154   read                      : Received data: {''}, bytearray(b'')
2026-10-08 19:56:13,831 LT1-thread root DEBUG a2dp.py                   769   a2dp_wait_for_stream_state : a2dp_wait_for_stream_state None 0 'configured'
2026-10-08 19:56:13,869 BTPWorkerThread-1677 (_rx_task) root DEBUG iutctl_common.py          123   read                      : Read 5 bytes
2026-10-08 19:56:13,869 BTPWorkerThread-1677 (_rx_task) root DEBUG iutctl_common.py          131   read                      : Received: hdr: Header(svc_id=0x23, op=0x86, ctrl_index=0x00, data_len=0x09) bytearray(b'#\x86\x00\t\x00')
2026-10-08 19:56:13,869 BTPWorkerThread-1677 (_rx_task) root DEBUG iutctl_common.py          139   read                      : Read 9 bytes data
2026-10-08 19:56:13,870 BTPWorkerThread-1677 (_rx_task) root DEBUG iutctl_common.py          154   read                      : Received data: {'e0 4e e4 08 dc 1b 00 00 00'}, bytearray(b'\xe0N\xe4\x08\xdc\x1b\x00\x00\x00')
2026-10-08 19:56:13,870 BTPWorkerThread-1677 (_rx_task) root DEBUG btp.py                    736   event_handler             : Header(svc_id=35, op=134, ctrl_index=0, data_len=9) (b'\xe0N\xe4\x08\xdc\x1b\x00\x00\x00',)
2026-10-08 19:56:13,870 BTPWorkerThread-1677 (_rx_task) root DEBUG a2dp.py                   522   a2dp_config_rsp_ev        : a2dp_config_rsp_ev b'\xe0N\xe4\x08\xdc\x1b\x00\x00\x00' 9
2026-10-08 19:56:13,870 BTPWorkerThread-1677 (_rx_task) root DEBUG a2dp.py                   527   a2dp_config_rsp_ev        : A2DP config response: addr b'N\xe4\x08\xdc\x1b\x00', stream_id 0, err 0
2026-10-08 19:56:13,932 LT1-thread root DEBUG testcase.py               722   run_wid                   : Sending response 'OK' to wid 1031 test case AVDTP/SRC/INT/SIG/SMG/BV-13-C
2026-10-08 19:56:13,933 LT1-thread root DEBUG client.py                 276   get_result                : ClientCallback.get_result run_test_case
2026-10-08 19:56:13,935 LT1-callback ClientCallback.on_implicit_send INFO client.py                 223   on_implicit_send          : 
    ********************
    BEGIN OnImplicitSend:
    project_name: AVDTP
    wid: 1020
    test_case_name: AVDTP/SRC/INT/SIG/SMG/BV-13-C
    description: Open a streaming media channel.

Action: If the IUT (Implementation Under Test) is already connected to PTS, attempting to send or receive streaming media should trigger this action.  If the IUT is not connected to PTS, attempting to connect may trigger this action.
    style: MMI_Style_Ok_Cancel2 0x11141
2026-10-08 19:56:13,935 LT1-callback ClientCallback.on_implicit_send INFO client.py                 236   on_implicit_send          : Calling test cases on_implicit_send
2026-10-08 19:56:13,936 LT1-callback ClientCallback.on_implicit_send INFO client.py                 249   on_implicit_send          : 
    on_implicit_send returned response: WAIT
    END OnImplicitSend
    ********************
2026-10-08 19:56:14,934 LT1-thread root DEBUG testcase.py               679   run_wid                   : AVDTP AVDTP/SRC/INT/SIG/SMG/BV-13-C on_implicit_send
2026-10-08 19:56:14,934 LT1-thread root DEBUG avdtp_wid.py              25    avdtp_wid_hdl             : avdtp_wid_hdl, 1020, Open a streaming media channel.

Action: If the IUT (Implementation Under Test) is already connected to PTS, attempting to send or receive streaming media should trigger this action.  If the IUT is not connected to PTS, attempting to connect may trigger this action., AVDTP/SRC/INT/SIG/SMG/BV-13-C
2026-10-08 19:56:14,934 LT1-thread root DEBUG a2dp.py                   185   a2dp_stream_establish     : a2dp_stream_establish None 224 0
2026-10-08 19:56:14,934 LT1-thread root DEBUG iutctl_common.py          161   send                      : 35 9 0 "bytearray(b'\\xe0N\\xe4\\x08\\xdc\\x1b\\x00\\x00')"
2026-10-08 19:56:14,934 LT1-thread root DEBUG iutctl_common.py          166   send                      : sending frame '2309000800e04ee408dc1b0000'
2026-10-08 19:56:14,935 LT1-thread root DEBUG iutctl_common.py          339   read                      : 
2026-10-08 19:56:14,968 BTPWorkerThread-1677 (_rx_task) root DEBUG iutctl_common.py          123   read                      : Read 5 bytes
2026-10-08 19:56:14,980 BTPWorkerThread-1677 (_rx_task) root DEBUG iutctl_common.py          131   read                      : Received: hdr: Header(svc_id=0x23, op=0x09, ctrl_index=0x00, data_len=0x00) bytearray(b'#\t\x00\x00\x00')
2026-10-08 19:56:14,980 BTPWorkerThread-1677 (_rx_task) root DEBUG iutctl_common.py          154   read                      : Received data: {''}, bytearray(b'')
2026-10-08 19:56:14,980 LT1-thread root DEBUG a2dp.py                   769   a2dp_wait_for_stream_state : a2dp_wait_for_stream_state None 0 'established'
2026-10-08 19:56:15,034 BTPWorkerThread-1677 (_rx_task) root DEBUG iutctl_common.py          123   read                      : Read 5 bytes
2026-10-08 19:56:15,034 BTPWorkerThread-1677 (_rx_task) root DEBUG iutctl_common.py          131   read                      : Received: hdr: Header(svc_id=0x23, op=0x89, ctrl_index=0x00, data_len=0x09) bytearray(b'#\x89\x00\t\x00')
2026-10-08 19:56:15,034 BTPWorkerThread-1677 (_rx_task) root DEBUG iutctl_common.py          139   read                      : Read 9 bytes data
2026-10-08 19:56:15,035 BTPWorkerThread-1677 (_rx_task) root DEBUG iutctl_common.py          154   read                      : Received data: {'e0 4e e4 08 dc 1b 00 00 00'}, bytearray(b'\xe0N\xe4\x08\xdc\x1b\x00\x00\x00')
2026-10-08 19:56:15,035 BTPWorkerThread-1677 (_rx_task) root DEBUG btp.py                    736   event_handler             : Header(svc_id=35, op=137, ctrl_index=0, data_len=9) (b'\xe0N\xe4\x08\xdc\x1b\x00\x00\x00',)
2026-10-08 19:56:15,035 BTPWorkerThread-1677 (_rx_task) root DEBUG a2dp.py                   563   a2dp_establish_rsp_ev     : a2dp_establish_rsp_ev b'\xe0N\xe4\x08\xdc\x1b\x00\x00\x00' 9
2026-10-08 19:56:15,035 BTPWorkerThread-1677 (_rx_task) root DEBUG a2dp.py                   568   a2dp_establish_rsp_ev     : A2DP establish response: addr b'N\xe4\x08\xdc\x1b\x00', stream_id 0, err 0
2026-10-08 19:56:15,082 LT1-thread root DEBUG testcase.py               722   run_wid                   : Sending response 'OK' to wid 1020 test case AVDTP/SRC/INT/SIG/SMG/BV-13-C
2026-10-08 19:56:15,083 LT1-thread root DEBUG client.py                 276   get_result                : ClientCallback.get_result run_test_case
2026-10-08 19:56:15,085 LT1-callback ClientCallback.on_implicit_send INFO client.py                 223   on_implicit_send          : 
    ********************
    BEGIN OnImplicitSend:
    project_name: AVDTP
    wid: 1042
    test_case_name: AVDTP/SRC/INT/SIG/SMG/BV-13-C
    description: Take action to accept transport channels for the recently configured media stream.
    style: MMI_Style_Ok_Cancel2 0x11141
2026-10-08 19:56:15,085 LT1-callback ClientCallback.on_implicit_send INFO client.py                 236   on_implicit_send          : Calling test cases on_implicit_send
2026-10-08 19:56:15,085 LT1-callback ClientCallback.on_implicit_send INFO client.py                 249   on_implicit_send          : 
    on_implicit_send returned response: WAIT
    END OnImplicitSend
    ********************
2026-10-08 19:56:16,085 LT1-thread root DEBUG testcase.py               679   run_wid                   : AVDTP AVDTP/SRC/INT/SIG/SMG/BV-13-C on_implicit_send
2026-10-08 19:56:16,085 LT1-thread root DEBUG avdtp_wid.py              25    avdtp_wid_hdl             : avdtp_wid_hdl, 1042, Take action to accept transport channels for the recently configured media stream., AVDTP/SRC/INT/SIG/SMG/BV-13-C
2026-10-08 19:56:16,085 LT1-thread root DEBUG testcase.py               722   run_wid                   : Sending response 'OK' to wid 1042 test case AVDTP/SRC/INT/SIG/SMG/BV-13-C
2026-10-08 19:56:16,087 LT1-thread root DEBUG client.py                 276   get_result                : ClientCallback.get_result run_test_case
2026-10-08 19:56:16,089 LT1-callback ClientCallback.on_implicit_send INFO client.py                 223   on_implicit_send          : 
    ********************
    BEGIN OnImplicitSend:
    project_name: AVDTP
    wid: 1042
    test_case_name: AVDTP/SRC/INT/SIG/SMG/BV-13-C
    description: Take action to accept transport channels for the recently configured media stream.
    style: MMI_Style_Ok_Cancel2 0x11141
2026-10-08 19:56:16,089 LT1-callback ClientCallback.on_implicit_send INFO client.py                 236   on_implicit_send          : Calling test cases on_implicit_send
2026-10-08 19:56:16,089 LT1-callback ClientCallback.on_implicit_send INFO client.py                 249   on_implicit_send          : 
    on_implicit_send returned response: WAIT
    END OnImplicitSend
    ********************
2026-10-08 19:56:17,088 LT1-thread root DEBUG testcase.py               679   run_wid                   : AVDTP AVDTP/SRC/INT/SIG/SMG/BV-13-C on_implicit_send
2026-10-08 19:56:17,088 LT1-thread root DEBUG avdtp_wid.py              25    avdtp_wid_hdl             : avdtp_wid_hdl, 1042, Take action to accept transport channels for the recently configured media stream., AVDTP/SRC/INT/SIG/SMG/BV-13-C
2026-10-08 19:56:17,088 LT1-thread root DEBUG testcase.py               722   run_wid                   : Sending response 'OK' to wid 1042 test case AVDTP/SRC/INT/SIG/SMG/BV-13-C
2026-10-08 19:56:17,089 LT1-thread root DEBUG client.py                 276   get_result                : ClientCallback.get_result run_test_case
2026-10-08 19:56:17,091 LT1-callback ClientCallback.on_implicit_send INFO client.py                 223   on_implicit_send          : 
    ********************
    BEGIN OnImplicitSend:
    project_name: AVDTP
    wid: 1032
    test_case_name: AVDTP/SRC/INT/SIG/SMG/BV-13-C
    description: Send a start command to PTS.

Action: If the IUT (Implementation Under Test) is already connected to PTS, attempting to send or receive streaming media should trigger this action.  If the IUT is not connected to PTS, attempting to connect may trigger this action.
    style: MMI_Style_Ok_Cancel2 0x11141
2026-10-08 19:56:17,091 LT1-callback ClientCallback.on_implicit_send INFO client.py                 236   on_implicit_send          : Calling test cases on_implicit_send
2026-10-08 19:56:17,091 LT1-callback ClientCallback.on_implicit_send INFO client.py                 249   on_implicit_send          : 
    on_implicit_send returned response: WAIT
    END OnImplicitSend
    ********************
2026-10-08 19:56:18,090 LT1-thread root DEBUG testcase.py               679   run_wid                   : AVDTP AVDTP/SRC/INT/SIG/SMG/BV-13-C on_implicit_send
2026-10-08 19:56:18,090 LT1-thread root DEBUG avdtp_wid.py              25    avdtp_wid_hdl             : avdtp_wid_hdl, 1032, Send a start command to PTS.

Action: If the IUT (Implementation Under Test) is already connected to PTS, attempting to send or receive streaming media should trigger this action.  If the IUT is not connected to PTS, attempting to connect may trigger this action., AVDTP/SRC/INT/SIG/SMG/BV-13-C
2026-10-08 19:56:18,090 LT1-thread root DEBUG a2dp.py                   217   a2dp_stream_start         : a2dp_stream_start None 224 0
2026-10-08 19:56:18,090 LT1-thread root DEBUG iutctl_common.py          161   send                      : 35 11 0 "bytearray(b'\\xe0N\\xe4\\x08\\xdc\\x1b\\x00\\x00')"
2026-10-08 19:56:18,090 LT1-thread root DEBUG iutctl_common.py          166   send                      : sending frame '230b000800e04ee408dc1b0000'
2026-10-08 19:56:18,091 LT1-thread root DEBUG iutctl_common.py          339   read                      : 
2026-10-08 19:56:18,125 BTPWorkerThread-1677 (_rx_task) root DEBUG iutctl_common.py          123   read                      : Read 5 bytes
2026-10-08 19:56:18,136 BTPWorkerThread-1677 (_rx_task) root DEBUG iutctl_common.py          131   read                      : Received: hdr: Header(svc_id=0x23, op=0x0b, ctrl_index=0x00, data_len=0x00) bytearray(b'#\x0b\x00\x00\x00')
2026-10-08 19:56:18,147 BTPWorkerThread-1677 (_rx_task) root DEBUG iutctl_common.py          154   read                      : Received data: {''}, bytearray(b'')
2026-10-08 19:56:18,159 LT1-thread root DEBUG a2dp.py                   769   a2dp_wait_for_stream_state : a2dp_wait_for_stream_state None 0 'started'
2026-10-08 19:56:18,173 BTPWorkerThread-1677 (_rx_task) root DEBUG iutctl_common.py          123   read                      : Read 5 bytes
2026-10-08 19:56:18,173 BTPWorkerThread-1677 (_rx_task) root DEBUG iutctl_common.py          131   read                      : Received: hdr: Header(svc_id=0x23, op=0x8d, ctrl_index=0x00, data_len=0x09) bytearray(b'#\x8d\x00\t\x00')
2026-10-08 19:56:18,173 BTPWorkerThread-1677 (_rx_task) root DEBUG iutctl_common.py          139   read                      : Read 9 bytes data
2026-10-08 19:56:18,175 BTPWorkerThread-1677 (_rx_task) root DEBUG iutctl_common.py          154   read                      : Received data: {'e0 4e e4 08 dc 1b 00 00 00'}, bytearray(b'\xe0N\xe4\x08\xdc\x1b\x00\x00\x00')
2026-10-08 19:56:18,175 BTPWorkerThread-1677 (_rx_task) root DEBUG btp.py                    736   event_handler             : Header(svc_id=35, op=141, ctrl_index=0, data_len=9) (b'\xe0N\xe4\x08\xdc\x1b\x00\x00\x00',)
2026-10-08 19:56:18,175 BTPWorkerThread-1677 (_rx_task) root DEBUG a2dp.py                   613   a2dp_start_rsp_ev         : a2dp_start_rsp_ev b'\xe0N\xe4\x08\xdc\x1b\x00\x00\x00' 9
2026-10-08 19:56:18,175 BTPWorkerThread-1677 (_rx_task) root DEBUG a2dp.py                   618   a2dp_start_rsp_ev         : A2DP start response: addr b'N\xe4\x08\xdc\x1b\x00', stream_id 0, err 0
2026-10-08 19:56:18,260 LT1-thread root DEBUG testcase.py               722   run_wid                   : Sending response 'OK' to wid 1032 test case AVDTP/SRC/INT/SIG/SMG/BV-13-C
2026-10-08 19:56:18,262 LT1-thread root DEBUG client.py                 276   get_result                : ClientCallback.get_result run_test_case
2026-10-08 19:56:18,265 LT1-callback ClientCallback.on_implicit_send INFO client.py                 223   on_implicit_send          : 
    ********************
    BEGIN OnImplicitSend:
    project_name: AVDTP
    wid: 1034
    test_case_name: AVDTP/SRC/INT/SIG/SMG/BV-13-C
    description: Suspend the streaming channel.
    style: MMI_Style_Ok_Cancel2 0x11141
2026-10-08 19:56:18,265 LT1-callback ClientCallback.on_implicit_send INFO client.py                 236   on_implicit_send          : Calling test cases on_implicit_send
2026-10-08 19:56:18,265 LT1-callback ClientCallback.on_implicit_send INFO client.py                 249   on_implicit_send          : 
    on_implicit_send returned response: WAIT
    END OnImplicitSend
    ********************
2026-10-08 19:56:19,263 LT1-thread root DEBUG testcase.py               679   run_wid                   : AVDTP AVDTP/SRC/INT/SIG/SMG/BV-13-C on_implicit_send
2026-10-08 19:56:19,263 LT1-thread root DEBUG avdtp_wid.py              25    avdtp_wid_hdl             : avdtp_wid_hdl, 1034, Suspend the streaming channel., AVDTP/SRC/INT/SIG/SMG/BV-13-C
2026-10-08 19:56:19,263 LT1-thread root DEBUG a2dp.py                   233   a2dp_stream_suspend       : a2dp_stream_suspend None 224 0
2026-10-08 19:56:19,263 LT1-thread root DEBUG iutctl_common.py          161   send                      : 35 12 0 "bytearray(b'\\xe0N\\xe4\\x08\\xdc\\x1b\\x00\\x00')"
2026-10-08 19:56:19,263 LT1-thread root DEBUG iutctl_common.py          166   send                      : sending frame '230c000800e04ee408dc1b0000'
2026-10-08 19:56:19,263 LT1-thread root DEBUG iutctl_common.py          339   read                      : 
2026-10-08 19:56:19,301 BTPWorkerThread-1677 (_rx_task) root DEBUG iutctl_common.py          123   read                      : Read 5 bytes
2026-10-08 19:56:19,306 BTPWorkerThread-1677 (_rx_task) root DEBUG iutctl_common.py          131   read                      : Received: hdr: Header(svc_id=0x23, op=0x0c, ctrl_index=0x00, data_len=0x00) bytearray(b'#\x0c\x00\x00\x00')
2026-10-08 19:56:19,312 BTPWorkerThread-1677 (_rx_task) root DEBUG iutctl_common.py          154   read                      : Received data: {''}, bytearray(b'')
2026-10-08 19:56:19,312 LT1-thread root DEBUG a2dp.py                   769   a2dp_wait_for_stream_state : a2dp_wait_for_stream_state None 0 'suspended'
2026-10-08 19:56:19,382 BTPWorkerThread-1677 (_rx_task) root DEBUG iutctl_common.py          123   read                      : Read 5 bytes
2026-10-08 19:56:19,382 BTPWorkerThread-1677 (_rx_task) root DEBUG iutctl_common.py          131   read                      : Received: hdr: Header(svc_id=0x23, op=0x8f, ctrl_index=0x00, data_len=0x09) bytearray(b'#\x8f\x00\t\x00')
2026-10-08 19:56:19,382 BTPWorkerThread-1677 (_rx_task) root DEBUG iutctl_common.py          139   read                      : Read 9 bytes data
2026-10-08 19:56:19,383 BTPWorkerThread-1677 (_rx_task) root DEBUG iutctl_common.py          154   read                      : Received data: {'e0 4e e4 08 dc 1b 00 00 00'}, bytearray(b'\xe0N\xe4\x08\xdc\x1b\x00\x00\x00')
2026-10-08 19:56:19,383 BTPWorkerThread-1677 (_rx_task) root DEBUG btp.py                    736   event_handler             : Header(svc_id=35, op=143, ctrl_index=0, data_len=9) (b'\xe0N\xe4\x08\xdc\x1b\x00\x00\x00',)
2026-10-08 19:56:19,383 BTPWorkerThread-1677 (_rx_task) root DEBUG a2dp.py                   638   a2dp_suspend_rsp_ev       : a2dp_suspend_rsp_ev b'\xe0N\xe4\x08\xdc\x1b\x00\x00\x00' 9
2026-10-08 19:56:19,383 BTPWorkerThread-1677 (_rx_task) root DEBUG a2dp.py                   643   a2dp_suspend_rsp_ev       : A2DP suspend response: addr b'N\xe4\x08\xdc\x1b\x00', stream_id 0, err 0
2026-10-08 19:56:19,414 LT1-thread root DEBUG testcase.py               722   run_wid                   : Sending response 'OK' to wid 1034 test case AVDTP/SRC/INT/SIG/SMG/BV-13-C
2026-10-08 19:56:19,416 LT1-thread root DEBUG client.py                 276   get_result                : ClientCallback.get_result run_test_case
2026-10-08 19:56:19,418 LT1-callback ClientCallback.on_implicit_send INFO client.py                 223   on_implicit_send          : 
    ********************
    BEGIN OnImplicitSend:
    project_name: AVDTP
    wid: 1030
    test_case_name: AVDTP/SRC/INT/SIG/SMG/BV-13-C
    description: Send a reconfigure command to PTS.
    style: MMI_Style_Ok_Cancel2 0x11141
2026-10-08 19:56:19,418 LT1-callback ClientCallback.on_implicit_send INFO client.py                 236   on_implicit_send          : Calling test cases on_implicit_send
2026-10-08 19:56:19,418 LT1-callback ClientCallback.on_implicit_send INFO client.py                 249   on_implicit_send          : 
    on_implicit_send returned response: WAIT
    END OnImplicitSend
    ********************
2026-10-08 19:56:20,416 LT1-thread root DEBUG testcase.py               679   run_wid                   : AVDTP AVDTP/SRC/INT/SIG/SMG/BV-13-C on_implicit_send
2026-10-08 19:56:20,416 LT1-thread root DEBUG avdtp_wid.py              25    avdtp_wid_hdl             : avdtp_wid_hdl, 1030, Send a reconfigure command to PTS., AVDTP/SRC/INT/SIG/SMG/BV-13-C
2026-10-08 19:56:20,416 LT1-thread root DEBUG a2dp.py                   250   a2dp_stream_reconfig      : a2dp_stream_reconfig None 224 0 0 None
2026-10-08 19:56:20,416 LT1-thread root DEBUG iutctl_common.py          161   send                      : 35 13 0 "bytearray(b'\\xe0N\\xe4\\x08\\xdc\\x1b\\x00\\x00\\x00\\x00\\x00')"
2026-10-08 19:56:20,416 LT1-thread root DEBUG iutctl_common.py          166   send                      : sending frame '230d000b00e04ee408dc1b0000000000'
2026-10-08 19:56:20,417 LT1-thread root DEBUG iutctl_common.py          339   read                      : 
2026-10-08 19:56:20,452 BTPWorkerThread-1677 (_rx_task) root DEBUG iutctl_common.py          123   read                      : Read 5 bytes
2026-10-08 19:56:20,464 BTPWorkerThread-1677 (_rx_task) root DEBUG iutctl_common.py          131   read                      : Received: hdr: Header(svc_id=0x23, op=0x0d, ctrl_index=0x00, data_len=0x00) bytearray(b'#\r\x00\x00\x00')
2026-10-08 19:56:20,469 BTPWorkerThread-1677 (_rx_task) root DEBUG iutctl_common.py          154   read                      : Received data: {''}, bytearray(b'')
2026-10-08 19:56:20,484 LT1-thread root DEBUG a2dp.py                   769   a2dp_wait_for_stream_state : a2dp_wait_for_stream_state None 0 'configured'
2026-10-08 19:56:20,496 BTPWorkerThread-1677 (_rx_task) root DEBUG iutctl_common.py          123   read                      : Read 5 bytes
2026-10-08 19:56:20,496 BTPWorkerThread-1677 (_rx_task) root DEBUG iutctl_common.py          131   read                      : Received: hdr: Header(svc_id=0x23, op=0x86, ctrl_index=0x00, data_len=0x09) bytearray(b'#\x86\x00\t\x00')
2026-10-08 19:56:20,496 BTPWorkerThread-1677 (_rx_task) root DEBUG iutctl_common.py          139   read                      : Read 9 bytes data
2026-10-08 19:56:20,497 BTPWorkerThread-1677 (_rx_task) root DEBUG iutctl_common.py          154   read                      : Received data: {'e0 4e e4 08 dc 1b 00 00 00'}, bytearray(b'\xe0N\xe4\x08\xdc\x1b\x00\x00\x00')
2026-10-08 19:56:20,497 BTPWorkerThread-1677 (_rx_task) root DEBUG btp.py                    736   event_handler             : Header(svc_id=35, op=134, ctrl_index=0, data_len=9) (b'\xe0N\xe4\x08\xdc\x1b\x00\x00\x00',)
2026-10-08 19:56:20,497 BTPWorkerThread-1677 (_rx_task) root DEBUG a2dp.py                   522   a2dp_config_rsp_ev        : a2dp_config_rsp_ev b'\xe0N\xe4\x08\xdc\x1b\x00\x00\x00' 9
2026-10-08 19:56:20,497 BTPWorkerThread-1677 (_rx_task) root DEBUG a2dp.py                   527   a2dp_config_rsp_ev        : A2DP config response: addr b'N\xe4\x08\xdc\x1b\x00', stream_id 0, err 0
2026-10-08 19:56:20,585 LT1-thread root DEBUG testcase.py               722   run_wid                   : Sending response 'OK' to wid 1030 test case AVDTP/SRC/INT/SIG/SMG/BV-13-C
2026-10-08 19:56:20,587 LT1-thread root DEBUG client.py                 276   get_result                : ClientCallback.get_result run_test_case
2026-10-08 19:56:21,494 BTPWorkerThread-1677 (_rx_task) root DEBUG iutctl_common.py          123   read                      : Read 5 bytes
2026-10-08 19:56:21,494 BTPWorkerThread-1677 (_rx_task) root DEBUG iutctl_common.py          131   read                      : Received: hdr: Header(svc_id=0x23, op=0x81, ctrl_index=0x00, data_len=0x07) bytearray(b'#\x81\x00\x07\x00')
2026-10-08 19:56:21,494 BTPWorkerThread-1677 (_rx_task) root DEBUG iutctl_common.py          139   read                      : Read 7 bytes data
2026-10-08 19:56:21,495 BTPWorkerThread-1677 (_rx_task) root DEBUG iutctl_common.py          154   read                      : Received data: {'e0 4e e4 08 dc 1b 00'}, bytearray(b'\xe0N\xe4\x08\xdc\x1b\x00')
2026-10-08 19:56:21,495 BTPWorkerThread-1677 (_rx_task) root DEBUG btp.py                    736   event_handler             : Header(svc_id=35, op=129, ctrl_index=0, data_len=7) (b'\xe0N\xe4\x08\xdc\x1b\x00',)
2026-10-08 19:56:21,495 BTPWorkerThread-1677 (_rx_task) root DEBUG a2dp.py                   341   a2dp_disconnected_ev      : a2dp_disconnected_ev b'\xe0N\xe4\x08\xdc\x1b\x00' 7
2026-10-08 19:56:21,495 BTPWorkerThread-1677 (_rx_task) root DEBUG a2dp.py                   346   a2dp_disconnected_ev      : A2DP disconnected from addr b'N\xe4\x08\xdc\x1b\x00'
2026-10-08 19:56:21,495 BTPWorkerThread-1677 (_rx_task) root DEBUG iutctl_common.py          123   read                      : Read 5 bytes
2026-10-08 19:56:21,495 BTPWorkerThread-1677 (_rx_task) root DEBUG iutctl_common.py          131   read                      : Received: hdr: Header(svc_id=0x01, op=0x83, ctrl_index=0x00, data_len=0x07) bytearray(b'\x01\x83\x00\x07\x00')
2026-10-08 19:56:21,495 BTPWorkerThread-1677 (_rx_task) root DEBUG iutctl_common.py          139   read                      : Read 7 bytes data
2026-10-08 19:56:21,495 BTPWorkerThread-1677 (_rx_task) root DEBUG iutctl_common.py          154   read                      : Received data: {'e0 4e e4 08 dc 1b 00'}, bytearray(b'\xe0N\xe4\x08\xdc\x1b\x00')
2026-10-08 19:56:21,496 BTPWorkerThread-1677 (_rx_task) root DEBUG btp.py                    736   event_handler             : Header(svc_id=1, op=131, ctrl_index=0, data_len=7) (b'\xe0N\xe4\x08\xdc\x1b\x00',)
2026-10-08 19:56:21,496 BTPWorkerThread-1677 (_rx_task) root DEBUG gap.py                    228   gap_disconnected_ev_      : b'\xe0N\xe4\x08\xdc\x1b\x00'
2026-10-08 19:56:24,200 LT1-callback ClientCallback.log INFO client.py                 200   log                       : PTS_LOGTYPE_START_TEST Start Test Case 

+141 ms
 AVDTP/SRC/INT/SIG/SMG/BV-13-C AVDTP/SRC/INT/SIG/SMG/BV-13-C

2026-10-08 19:56:24,707 LT1-callback ClientCallback.log INFO client.py                 200   log                       : PTS_LOGTYPE_FINAL_VERDICT Final Verdict 

+15719 ms
 AVDTP/SRC/INT/SIG/SMG/BV-13-C PASS

2026-10-08 19:56:24,712 LT1-callback ClientCallback.log INFO client.py                 200   log                       : PTS_LOGTYPE_FINAL_VERDICT Encrypted Verdict 

+15719 ms
 AVDTP/SRC/INT/SIG/SMG/BV-13-C A1#ZWY4MzQ5MDg3MmQwNTIxOGQzMzQ5YjY2ODA5M2MzNjQ5ZDY4NmY0Yjc2MzIzM2VkNTUyNTFhNGU4Mjg1MjI0NA==#PhTZdfeT3Xhd2v1KrGY0fGrX2cUIJnhdY448/8p0Izn3dQjarZ9oNcvmvLNcytZRYG6+otVzlJ4=

2026-10-08 19:56:24,716 LT1-callback ClientCallback.log INFO client.py                 200   log                       : PTS_LOGTYPE_END_TEST Test Case Ended 

+15719 ms
 AVDTP/SRC/INT/SIG/SMG/BV-13-C AVDTP/SRC/INT/SIG/SMG/BV-13-C

2026-10-08 19:56:24,820 LT1-callback root DEBUG client.py                 261   set_result                : ClientCallback, set_result, run_test_case, PASS
2026-10-08 19:56:24,821 LT1-thread root DEBUG client.py                 1186  _run_test_case            : After run_test_case error_code=0 status='PASS'
2026-10-08 19:56:24,821 LT1-thread root DEBUG testcase.py               766   post_run                  : post_run AVDTP AVDTP/SRC/INT/SIG/SMG/BV-13-C 0
2026-10-08 19:56:24,821 LT1-thread root DEBUG testcase.py               254   start                     : Starting test function: class=<class 'autopts.ptsprojects.testcase.TestFuncCleanUp'>, func=<bound method ZTestCase._test_case_cleanup of <autopts.ptsprojects.zephyr.ztestcase.ZTestCase object at 0x000002C687D20C80>> start_wid=None stop_wid=None post_wid=None skip_call=None call_count=1 args=() kwds={}
2026-10-08 19:56:24,821 LT1-thread root DEBUG testcase.py               266   start                     : Test function parameters: args=(), kwds={}
2026-10-08 19:56:24,821 LT1-thread root DEBUG iutctl.py                 415   stop                      : <class 'autopts.ptsprojects.zephyr.iutctl.create_zephyr_ctl_class.<locals>.ZephyrCtl'>.stop
2026-10-08 19:56:24,821 LT1-thread root DEBUG __init__.py               51    reset                     : About to reset DUT: JLink -CommandFile reset.jlink -usb 1063214216 -device MIMXRT1176XXXA_M7
2026-10-08 19:56:25,112 BTPWorkerThread-1677 (_rx_task) root DEBUG iutctl_common.py          123   read                      : Read 5 bytes
2026-10-08 19:56:25,112 BTPWorkerThread-1677 (_rx_task) root DEBUG iutctl_common.py          131   read                      : Received: hdr: Header(svc_id=0x00, op=0x80, ctrl_index=0xff, data_len=0x00) bytearray(b'\x00\x80\xff\x00\x00')
2026-10-08 19:56:25,112 BTPWorkerThread-1677 (_rx_task) root DEBUG iutctl_common.py          154   read                      : Received data: {''}, bytearray(b'')
2026-10-08 19:56:25,112 BTPWorkerThread-1677 (_rx_task) root DEBUG btp.py                    736   event_handler             : Header(svc_id=0, op=128, ctrl_index=255, data_len=0) (b'',)
2026-10-08 19:56:25,112 BTPWorkerThread-1677 (_rx_task) root DEBUG core.py                   23    core_iut_ready_ev         : 
2026-10-08 19:56:25,175 LT1-thread root DEBUG iutctl.py                 436   _stop_tty_mode            : IUT ready event received OK
2026-10-08 19:56:25,175 LT1-thread root DEBUG iutctl_common.py          416   close                     : Waiting for _rx_worker to finish ...
2026-10-08 19:56:26,113 BTPWorkerThread-1677 (_rx_task) root DEBUG iutctl_common.py          332   _rx_task                  : BTPWorkerThread-1677 (_rx_task) finishing...
2026-10-08 19:56:29,119 LT1-thread root DEBUG testcase.py               794   post_run                  : post_run, cleanup running post test case script
2026-10-08 19:56:29,119 LT1-thread root DEBUG testcase.py               802   post_run                  : post_run, run post test case script
2026-10-08 19:56:29,192 LT1-thread root DEBUG client.py                 1220  _run_test_case            : Done TestCase _run_test_case AVDTP AVDTP/SRC/INT/SIG/SMG/BV-13-C
