2026-09-16 23:23:22,258 LT1-thread root DEBUG client.py                 1099  _run_test_case            : Starting TestCase _run_test_case GAP GAP/SEC/SEM/BV-61-C
2026-09-16 23:23:22,259 LT1-thread root DEBUG testcase.py               727   pre_run                   : pre_run GAP GAP/SEC/SEM/BV-61-C
2026-09-16 23:23:22,259 LT1-thread root DEBUG testcase.py               729   pre_run                   : About to run test case GAP GAP/SEC/SEM/BV-61-C with commands:
2026-09-16 23:23:22,259 LT1-thread root DEBUG testcase.py               731   pre_run                   : 0) class=<class 'autopts.ptsprojects.testcase.TestFunc'>, func=<bound method ZTestCase._test_case_start of <autopts.ptsprojects.zephyr.ztestcase.ZTestCase object at 0x000002A76A542630>> start_wid=None stop_wid=None post_wid=None skip_call=None call_count=0 args=() kwds={}
2026-09-16 23:23:22,260 LT1-thread root DEBUG testcase.py               731   pre_run                   : 1) class=<class 'autopts.ptsprojects.testcase.TestFunc'>, func=<function core_reg_svc_gap at 0x000002A7673C8720> start_wid=None stop_wid=None post_wid=None skip_call=None call_count=14 args=() kwds={}
2026-09-16 23:23:22,260 LT1-thread root DEBUG testcase.py               731   pre_run                   : 2) class=<class 'autopts.ptsprojects.testcase.TestFunc'>, func=<bound method Stack.gap_init of <autopts.ptsprojects.stack.stack.Stack object at 0x000002A768AF7AD0>> start_wid=None stop_wid=None post_wid=None skip_call=None call_count=14 args=(b'Tester_08E44E', 'ABCD', '1111', '1111', '11', '1111', b'\x17github.com/auto-pts', (8, 'PADV_Tester'), 'FF') kwds={}
2026-09-16 23:23:22,260 LT1-thread root DEBUG testcase.py               731   pre_run                   : 3) class=<class 'autopts.ptsprojects.testcase.TestFunc'>, func=<function gap_read_controller_info at 0x000002A7673E7560> start_wid=None stop_wid=None post_wid=None skip_call=None call_count=14 args=() kwds={}
2026-09-16 23:23:22,260 LT1-thread root DEBUG testcase.py               731   pre_run                   : 4) class=<class 'autopts.ptsprojects.testcase.TestFunc'>, func=<function test_cases.<locals>.<lambda> at 0x000002A76A510E00> start_wid=None stop_wid=None post_wid=None skip_call=None call_count=14 args=() kwds={}
2026-09-16 23:23:22,260 LT1-thread root DEBUG testcase.py               731   pre_run                   : 5) class=<class 'autopts.ptsprojects.testcase.TestFunc'>, func=<function test_cases.<locals>.<lambda> at 0x000002A76A510EA0> start_wid=None stop_wid=None post_wid=None skip_call=None call_count=14 args=() kwds={}
2026-09-16 23:23:22,260 LT1-thread root DEBUG testcase.py               731   pre_run                   : 6) class=<class 'autopts.ptsprojects.testcase.TestFunc'>, func=<function test_cases.<locals>.<lambda> at 0x000002A76A510F40> start_wid=None stop_wid=None post_wid=None skip_call=None call_count=14 args=() kwds={}
2026-09-16 23:23:22,261 LT1-thread root DEBUG testcase.py               731   pre_run                   : 7) class=<class 'autopts.ptsprojects.testcase.TestFunc'>, func=<function test_cases.<locals>.<lambda> at 0x000002A76A510FE0> start_wid=None stop_wid=None post_wid=None skip_call=None call_count=14 args=() kwds={}
2026-09-16 23:23:22,261 LT1-thread root DEBUG testcase.py               731   pre_run                   : 8) class=<class 'autopts.ptsprojects.testcase.TestFunc'>, func=<function test_cases.<locals>.<lambda> at 0x000002A76A511080> start_wid=None stop_wid=None post_wid=None skip_call=None call_count=14 args=() kwds={}
2026-09-16 23:23:22,261 LT1-thread root DEBUG testcase.py               731   pre_run                   : 9) class=<class 'autopts.ptsprojects.testcase.TestFunc'>, func=<function test_cases.<locals>.<lambda> at 0x000002A76A511120> start_wid=None stop_wid=None post_wid=None skip_call=None call_count=14 args=() kwds={}
2026-09-16 23:23:22,261 LT1-thread root DEBUG testcase.py               731   pre_run                   : 10) class=<class 'autopts.ptsprojects.testcase.TestFunc'>, func=<function test_cases.<locals>.<lambda> at 0x000002A76A5111C0> start_wid=None stop_wid=None post_wid=None skip_call=None call_count=14 args=() kwds={}
2026-09-16 23:23:22,261 LT1-thread root DEBUG testcase.py               731   pre_run                   : 11) class=<class 'autopts.ptsprojects.testcase.TestFunc'>, func=<function test_cases.<locals>.<lambda> at 0x000002A76A511260> start_wid=None stop_wid=None post_wid=None skip_call=None call_count=14 args=() kwds={}
2026-09-16 23:23:22,261 LT1-thread root DEBUG testcase.py               731   pre_run                   : 12) class=<class 'autopts.ptsprojects.testcase.TestFunc'>, func=<function test_cases.<locals>.<lambda> at 0x000002A76A511300> start_wid=None stop_wid=None post_wid=None skip_call=None call_count=14 args=() kwds={}
2026-09-16 23:23:22,261 LT1-thread root DEBUG testcase.py               731   pre_run                   : 13) class=<class 'autopts.ptsprojects.testcase.TestFunc'>, func=<function test_cases.<locals>.<lambda> at 0x000002A76A5113A0> start_wid=None stop_wid=None post_wid=None skip_call=None call_count=14 args=() kwds={}
2026-09-16 23:23:22,261 LT1-thread root DEBUG testcase.py               731   pre_run                   : 14) class=<class 'autopts.ptsprojects.testcase.TestFunc'>, func=<function core_reg_svc_gatt at 0x000002A7673C8860> start_wid=None stop_wid=None post_wid=None skip_call=None call_count=14 args=() kwds={}
2026-09-16 23:23:22,261 LT1-thread root DEBUG testcase.py               731   pre_run                   : 15) class=<class 'autopts.ptsprojects.testcase.TestFunc'>, func=<bound method Stack.gatt_init of <autopts.ptsprojects.stack.stack.Stack object at 0x000002A768AF7AD0>> start_wid=None stop_wid=None post_wid=None skip_call=None call_count=14 args=() kwds={}
2026-09-16 23:23:22,261 LT1-thread root DEBUG testcase.py               731   pre_run                   : 16) class=<class 'autopts.ptsprojects.testcase.TestFunc'>, func=<function gap_set_io_capability at 0x000002A7673E6A20> start_wid=None stop_wid=None post_wid=None skip_call=None call_count=14 args=(4,) kwds={}
2026-09-16 23:23:22,261 LT1-thread root DEBUG testcase.py               731   pre_run                   : 17) class=<class 'autopts.ptsprojects.testcase.TestFunc'>, func=<function gap_set_broadcast_code at 0x000002A767408C20> start_wid=None stop_wid=None post_wid=None skip_call=None call_count=14 args=('0102680553F1415AA265BBAFC6EA03B8',) kwds={}
2026-09-16 23:23:22,262 LT1-thread root DEBUG testcase.py               731   pre_run                   : 18) class=<class 'autopts.ptsprojects.testcase.TestFunc'>, func=<function set_pts_addr at 0x000002A7673C82C0> start_wid=None stop_wid=None post_wid=None skip_call=None call_count=14 args=('00:1B:DC:08:E4:4E', 0) kwds={}
2026-09-16 23:23:22,262 LT1-thread root DEBUG testcase.py               731   pre_run                   : 19) class=<class 'autopts.ptsprojects.testcase.TestFunc'>, func=<function gatts_add_svc at 0x000002A7674122A0> start_wid=None stop_wid=None post_wid=None skip_call=None call_count=190 args=(0, 'AA51') kwds={}
2026-09-16 23:23:22,262 LT1-thread root DEBUG testcase.py               731   pre_run                   : 20) class=<class 'autopts.ptsprojects.testcase.TestFunc'>, func=<function gatts_add_char at 0x000002A7674123E0> start_wid=None stop_wid=None post_wid=None skip_call=None call_count=190 args=(0, 2, 17, 'AA52') kwds={}
2026-09-16 23:23:22,262 LT1-thread root DEBUG testcase.py               731   pre_run                   : 21) class=<class 'autopts.ptsprojects.testcase.TestFunc'>, func=<function gatts_set_val at 0x000002A767412480> start_wid=None stop_wid=None post_wid=None skip_call=None call_count=190 args=(0, '01') kwds={}
2026-09-16 23:23:22,262 LT1-thread root DEBUG testcase.py               731   pre_run                   : 22) class=<class 'autopts.ptsprojects.testcase.TestFunc'>, func=<function gatts_add_char at 0x000002A7674123E0> start_wid=None stop_wid=None post_wid=None skip_call=None call_count=190 args=(0, 2, 5, 'AA53') kwds={}
2026-09-16 23:23:22,262 LT1-thread root DEBUG testcase.py               731   pre_run                   : 23) class=<class 'autopts.ptsprojects.testcase.TestFunc'>, func=<function gatts_set_val at 0x000002A767412480> start_wid=None stop_wid=None post_wid=None skip_call=None call_count=190 args=(0, '02') kwds={}
2026-09-16 23:23:22,262 LT1-thread root DEBUG testcase.py               731   pre_run                   : 24) class=<class 'autopts.ptsprojects.testcase.TestFunc'>, func=<function gatts_add_char at 0x000002A7674123E0> start_wid=None stop_wid=None post_wid=None skip_call=None call_count=190 args=(0, 10, 48, 'AA55') kwds={}
2026-09-16 23:23:22,262 LT1-thread root DEBUG testcase.py               731   pre_run                   : 25) class=<class 'autopts.ptsprojects.testcase.TestFunc'>, func=<function gatts_set_val at 0x000002A767412480> start_wid=None stop_wid=None post_wid=None skip_call=None call_count=190 args=(0, '04') kwds={}
2026-09-16 23:23:22,262 LT1-thread root DEBUG testcase.py               731   pre_run                   : 26) class=<class 'autopts.ptsprojects.testcase.TestFunc'>, func=<function gatts_start_server at 0x000002A767412700> start_wid=None stop_wid=None post_wid=None skip_call=None call_count=190 args=() kwds={}
2026-09-16 23:23:22,262 LT1-thread root DEBUG testcase.py               731   pre_run                   : 27) class=<class 'autopts.ptsprojects.testcase.TestFuncCleanUp'>, func=<bound method ZTestCase._test_case_cleanup of <autopts.ptsprojects.zephyr.ztestcase.ZTestCase object at 0x000002A76A542630>> start_wid=None stop_wid=None post_wid=None skip_call=None call_count=0 args=() kwds={}
2026-09-16 23:23:22,263 LT1-thread root DEBUG testcase.py               738   pre_run                   : pre_run, run pre test case script
2026-09-16 23:23:22,273 LT1-thread root DEBUG testcase.py               254   start                     : Starting test function: class=<class 'autopts.ptsprojects.testcase.TestFunc'>, func=<bound method ZTestCase._test_case_start of <autopts.ptsprojects.zephyr.ztestcase.ZTestCase object at 0x000002A76A542630>> start_wid=None stop_wid=None post_wid=None skip_call=None call_count=1 args=() kwds={}
2026-09-16 23:23:22,273 LT1-thread root DEBUG testcase.py               266   start                     : Test function parameters: args=(), kwds={}
2026-09-16 23:23:22,273 LT1-thread root DEBUG iutctl.py                 172   start                     : <class 'autopts.ptsprojects.zephyr.iutctl.create_zephyr_ctl_class.<locals>.ZephyrCtl'>.start
2026-09-16 23:23:22,273 LT1-thread root DEBUG iutctl.py                 325   flush_serial              : <class 'autopts.ptsprojects.zephyr.iutctl.create_zephyr_ctl_class.<locals>.ZephyrCtl'>.flush_serial
2026-09-16 23:23:23,453 LT1-thread root DEBUG iutctl.py                 249   _start_tty_mode           : Starting socat process: socat.exe -x -v tcp:10.17.12.9:55899,retry=100,interval=1 /dev/ttyS2,raw,b115200,
2026-09-16 23:23:23,460 LT1-thread root DEBUG iutctl_common.py          402   accept                    : 
2026-09-16 23:23:24,006 BTPWorkerThread-6066 (_rx_task) root DEBUG iutctl_common.py          299   _rx_task                  : BTPWorkerThread-6066 (_rx_task) started
2026-09-16 23:23:24,007 LT1-thread root DEBUG iutctl.py                 395   wait_iut_ready_event      : IUT ready event received OK
2026-09-16 23:23:24,007 LT1-thread root DEBUG btp.py                    51    read_supp_svcs            : 
2026-09-16 23:23:24,007 LT1-thread root DEBUG iutctl_common.py          161   send                      : 0 2 255 ''
2026-09-16 23:23:24,007 LT1-thread root DEBUG iutctl_common.py          166   send                      : sending frame '0002ff0000'
2026-09-16 23:23:24,008 LT1-thread root DEBUG iutctl_common.py          339   read                      : 
2026-09-16 23:23:24,019 BTPWorkerThread-6066 (_rx_task) root DEBUG iutctl_common.py          123   read                      : Read 3 bytes
2026-09-16 23:23:24,030 BTPWorkerThread-6066 (_rx_task) root DEBUG iutctl_common.py          123   read                      : Read 2 bytes
2026-09-16 23:23:24,040 BTPWorkerThread-6066 (_rx_task) root DEBUG iutctl_common.py          131   read                      : Received: hdr: Header(svc_id=0x00, op=0x02, ctrl_index=0xff, data_len=0x05) bytearray(b'\x00\x02\xff\x05\x00')
2026-09-16 23:23:24,045 BTPWorkerThread-6066 (_rx_task) root DEBUG iutctl_common.py          139   read                      : Read 5 bytes data
2026-09-16 23:23:24,051 BTPWorkerThread-6066 (_rx_task) root DEBUG iutctl_common.py          154   read                      : Received data: {'0f 00 00 a0 01'}, bytearray(b'\x0f\x00\x00\xa0\x01')
2026-09-16 23:23:24,063 LT1-thread root DEBUG btp.py                    62    read_supp_svcs            : received Header(svc_id=0, op=2, ctrl_index=255, data_len=5) (b'\x0f\x00\x00\xa0\x01',)
2026-09-16 23:23:24,063 LT1-thread root DEBUG testcase.py               254   start                     : Starting test function: class=<class 'autopts.ptsprojects.testcase.TestFunc'>, func=<function core_reg_svc_gap at 0x000002A7673C8720> start_wid=None stop_wid=None post_wid=None skip_call=None call_count=15 args=() kwds={}
2026-09-16 23:23:24,063 LT1-thread root DEBUG testcase.py               266   start                     : Test function parameters: args=(), kwds={}
2026-09-16 23:23:24,063 LT1-thread root DEBUG btp.py                    117   core_reg_svc_univ         : core_reg_svc_univ: gap_reg (GAP)
2026-09-16 23:23:24,063 LT1-thread root DEBUG iutctl_common.py          161   send                      : 0 3 255 '1'
2026-09-16 23:23:24,063 LT1-thread root DEBUG iutctl_common.py          166   send                      : sending frame '0003ff010001'
2026-09-16 23:23:24,064 LT1-thread root DEBUG btp.py                    618   core_reg_svc_rsp_succ     : 
2026-09-16 23:23:24,064 LT1-thread root DEBUG iutctl_common.py          339   read                      : 
2026-09-16 23:23:28,207 BTPWorkerThread-6066 (_rx_task) root DEBUG iutctl_common.py          123   read                      : Read 5 bytes
2026-09-16 23:23:28,218 BTPWorkerThread-6066 (_rx_task) root DEBUG iutctl_common.py          131   read                      : Received: hdr: Header(svc_id=0x00, op=0x03, ctrl_index=0xff, data_len=0x00) bytearray(b'\x00\x03\xff\x00\x00')
2026-09-16 23:23:28,229 BTPWorkerThread-6066 (_rx_task) root DEBUG iutctl_common.py          154   read                      : Received data: {''}, bytearray(b'')
2026-09-16 23:23:28,246 LT1-thread root DEBUG btp.py                    629   core_reg_svc_rsp_succ     : received Header(svc_id=0, op=3, ctrl_index=255, data_len=0) (b'',)
2026-09-16 23:23:28,246 LT1-thread root DEBUG btp.py                    630   core_reg_svc_rsp_succ     : expected ((0, 3, 255, 0), (b'',))
2026-09-16 23:23:28,246 LT1-thread root DEBUG btp.py                    635   core_reg_svc_rsp_succ     : response is valid
2026-09-16 23:23:28,246 LT1-thread root DEBUG btp.py                    638   core_reg_svc_rsp_succ     : Reading supported commands for service: GAP
2026-09-16 23:23:28,246 LT1-thread root DEBUG iutctl_common.py          161   send                      : 1 1 255 ''
2026-09-16 23:23:28,246 LT1-thread root DEBUG iutctl_common.py          166   send                      : sending frame '0101ff0000'
2026-09-16 23:23:28,247 LT1-thread root DEBUG iutctl_common.py          339   read                      : 
2026-09-16 23:23:28,283 BTPWorkerThread-6066 (_rx_task) root DEBUG iutctl_common.py          123   read                      : Read 5 bytes
2026-09-16 23:23:28,294 BTPWorkerThread-6066 (_rx_task) root DEBUG iutctl_common.py          131   read                      : Received: hdr: Header(svc_id=0x01, op=0x01, ctrl_index=0xff, data_len=0x07) bytearray(b'\x01\x01\xff\x07\x00')
2026-09-16 23:23:28,312 BTPWorkerThread-6066 (_rx_task) root DEBUG iutctl_common.py          139   read                      : Read 7 bytes data
2026-09-16 23:23:28,317 BTPWorkerThread-6066 (_rx_task) root DEBUG iutctl_common.py          154   read                      : Received data: {'6e ff 7f 1f fe ff 0e'}, bytearray(b'n\xff\x7f\x1f\xfe\xff\x0e')
2026-09-16 23:23:28,323 LT1-thread root DEBUG testcase.py               254   start                     : Starting test function: class=<class 'autopts.ptsprojects.testcase.TestFunc'>, func=<bound method Stack.gap_init of <autopts.ptsprojects.stack.stack.Stack object at 0x000002A768AF7AD0>> start_wid=None stop_wid=None post_wid=None skip_call=None call_count=15 args=(b'Tester_08E44E', 'ABCD', '1111', '1111', '11', '1111', b'\x17github.com/auto-pts', (8, 'PADV_Tester'), 'FF') kwds={}
2026-09-16 23:23:28,323 LT1-thread root DEBUG testcase.py               266   start                     : Test function parameters: args=(b'Tester_08E44E', 'ABCD', '1111', '1111', '11', '1111', b'\x17github.com/auto-pts', (8, 'PADV_Tester'), 'FF'), kwds={}
2026-09-16 23:23:28,323 LT1-thread root DEBUG testcase.py               254   start                     : Starting test function: class=<class 'autopts.ptsprojects.testcase.TestFunc'>, func=<function gap_read_controller_info at 0x000002A7673E7560> start_wid=None stop_wid=None post_wid=None skip_call=None call_count=15 args=() kwds={}
2026-09-16 23:23:28,323 LT1-thread root DEBUG testcase.py               266   start                     : Test function parameters: args=(), kwds={}
2026-09-16 23:23:28,323 LT1-thread root DEBUG gap.py                    1161  gap_read_controller_info  : 
2026-09-16 23:23:28,323 LT1-thread root DEBUG iutctl_common.py          161   send                      : 1 3 0 ''
2026-09-16 23:23:28,323 LT1-thread root DEBUG iutctl_common.py          166   send                      : sending frame '0103000000'
2026-09-16 23:23:28,324 LT1-thread root DEBUG iutctl_common.py          339   read                      : 
2026-09-16 23:23:28,360 BTPWorkerThread-6066 (_rx_task) root DEBUG iutctl_common.py          123   read                      : Read 5 bytes
2026-09-16 23:23:28,371 BTPWorkerThread-6066 (_rx_task) root DEBUG iutctl_common.py          131   read                      : Received: hdr: Header(svc_id=0x01, op=0x03, ctrl_index=0x00, data_len=0x115) bytearray(b'\x01\x03\x00\x15\x01')
2026-09-16 23:23:28,387 BTPWorkerThread-6066 (_rx_task) root DEBUG iutctl_common.py          139   read                      : Read 277 bytes data
2026-09-16 23:23:28,398 BTPWorkerThread-6066 (_rx_task) root DEBUG iutctl_common.py          154   read                      : Received data: {'19 78 ee 69 17 d0 d3 06 02 00 13 02 00 00 00 00 00 62 74 70 5f 74 65 73 74 65 72 00 00 00 00 00 00 00 00 00 00 00 00 00 00 00 00 00 00 00 00 00 00 00 00 00 00 00 00 00 00 00 00 00 00 00 00 00 00 00 00 00 00 00 00 00 00 00 00 00 00 00 00 00 00 00 00 00 00 00 00 00 00 00 00 00 00 00 00 00 00 00 00 00 00 00 00 00 00 00 00 00 00 00 00 00 00 00 00 00 00 00 00 00 00 00 00 00 00 00 00 00 00 00 00 00 00 00 00 00 00 00 00 00 00 00 00 00 00 00 00 00 00 00 00 00 00 00 00 00 00 00 00 00 00 00 00 00 00 00 00 00 00 00 00 00 00 00 00 00 00 00 00 00 00 00 00 00 00 00 00 00 00 00 00 00 00 00 00 00 00 00 00 00 00 00 00 00 00 00 00 00 00 00 00 00 00 00 00 00 00 00 00 00 00 00 00 00 00 00 00 00 00 00 00 00 00 00 00 00 00 00 00 00 00 00 00 00 00 00 00 00 00 00 00 00 00 00 00 00 00 00 00 00 00 00 00 00 00 00 00 00 00 00 00 00 00 00 00 00 00'}, bytearray(b'\x19x\xeei\x17\xd0\xd3\x06\x02\x00\x13\x02\x00\x00\x00\x00\x00btp_tester\x00\x00\x00\x00\x00\x00\x00\x00\x00\x00\x00\x00\x00\x00\x00\x00\x00\x00\x00\x00\x00\x00\x00\x00\x00\x00\x00\x00\x00\x00\x00\x00\x00\x00\x00\x00\x00\x00\x00\x00\x00\x00\x00\x00\x00\x00\x00\x00\x00\x00\x00\x00\x00\x00\x00\x00\x00\x00\x00\x00\x00\x00\x00\x00\x00\x00\x00\x00\x00\x00\x00\x00\x00\x00\x00\x00\x00\x00\x00\x00\x00\x00\x00\x00\x00\x00\x00\x00\x00\x00\x00\x00\x00\x00\x00\x00\x00\x00\x00\x00\x00\x00\x00\x00\x00\x00\x00\x00\x00\x00\x00\x00\x00\x00\x00\x00\x00\x00\x00\x00\x00\x00\x00\x00\x00\x00\x00\x00\x00\x00\x00\x00\x00\x00\x00\x00\x00\x00\x00\x00\x00\x00\x00\x00\x00\x00\x00\x00\x00\x00\x00\x00\x00\x00\x00\x00\x00\x00\x00\x00\x00\x00\x00\x00\x00\x00\x00\x00\x00\x00\x00\x00\x00\x00\x00\x00\x00\x00\x00\x00\x00\x00\x00\x00\x00\x00\x00\x00\x00\x00\x00\x00\x00\x00\x00\x00\x00\x00\x00\x00\x00\x00\x00\x00\x00\x00\x00\x00\x00\x00\x00\x00\x00\x00\x00\x00\x00\x00\x00\x00\x00\x00\x00\x00\x00\x00\x00\x00\x00\x00\x00\x00\x00\x00\x00\x00\x00\x00\x00\x00\x00\x00\x00\x00\x00\x00\x00\x00\x00\x00')
2026-09-16 23:23:28,414 LT1-thread root DEBUG gap.py                    1168  gap_read_controller_info  : received Header(svc_id=1, op=3, ctrl_index=0, data_len=277) (b'\x19x\xeei\x17\xd0\xd3\x06\x02\x00\x13\x02\x00\x00\x00\x00\x00btp_tester\x00\x00\x00\x00\x00\x00\x00\x00\x00\x00\x00\x00\x00\x00\x00\x00\x00\x00\x00\x00\x00\x00\x00\x00\x00\x00\x00\x00\x00\x00\x00\x00\x00\x00\x00\x00\x00\x00\x00\x00\x00\x00\x00\x00\x00\x00\x00\x00\x00\x00\x00\x00\x00\x00\x00\x00\x00\x00\x00\x00\x00\x00\x00\x00\x00\x00\x00\x00\x00\x00\x00\x00\x00\x00\x00\x00\x00\x00\x00\x00\x00\x00\x00\x00\x00\x00\x00\x00\x00\x00\x00\x00\x00\x00\x00\x00\x00\x00\x00\x00\x00\x00\x00\x00\x00\x00\x00\x00\x00\x00\x00\x00\x00\x00\x00\x00\x00\x00\x00\x00\x00\x00\x00\x00\x00\x00\x00\x00\x00\x00\x00\x00\x00\x00\x00\x00\x00\x00\x00\x00\x00\x00\x00\x00\x00\x00\x00\x00\x00\x00\x00\x00\x00\x00\x00\x00\x00\x00\x00\x00\x00\x00\x00\x00\x00\x00\x00\x00\x00\x00\x00\x00\x00\x00\x00\x00\x00\x00\x00\x00\x00\x00\x00\x00\x00\x00\x00\x00\x00\x00\x00\x00\x00\x00\x00\x00\x00\x00\x00\x00\x00\x00\x00\x00\x00\x00\x00\x00\x00\x00\x00\x00\x00\x00\x00\x00\x00\x00\x00\x00\x00\x00\x00\x00\x00\x00\x00\x00\x00\x00\x00\x00\x00\x00\x00\x00\x00\x00\x00\x00\x00\x00\x00\x00\x00\x00\x00\x00\x00\x00',)
2026-09-16 23:23:28,414 LT1-thread root DEBUG gap.py                    1189  gap_read_controller_info  : IUT address 'd01769ee7819' 'public'
2026-09-16 23:23:28,414 LT1-thread root DEBUG gap.py                    594   __gap_current_settings_update : 531
2026-09-16 23:23:28,414 LT1-thread root DEBUG testcase.py               254   start                     : Starting test function: class=<class 'autopts.ptsprojects.testcase.TestFunc'>, func=<function test_cases.<locals>.<lambda> at 0x000002A76A510E00> start_wid=None stop_wid=None post_wid=None skip_call=None call_count=15 args=() kwds={}
2026-09-16 23:23:28,414 LT1-thread root DEBUG testcase.py               266   start                     : Test function parameters: args=(), kwds={}
2026-09-16 23:23:28,417 LT1-thread root DEBUG testcase.py               254   start                     : Starting test function: class=<class 'autopts.ptsprojects.testcase.TestFunc'>, func=<function test_cases.<locals>.<lambda> at 0x000002A76A510EA0> start_wid=None stop_wid=None post_wid=None skip_call=None call_count=15 args=() kwds={}
2026-09-16 23:23:28,417 LT1-thread root DEBUG testcase.py               266   start                     : Test function parameters: args=(), kwds={}
2026-09-16 23:23:28,420 LT1-thread root DEBUG testcase.py               254   start                     : Starting test function: class=<class 'autopts.ptsprojects.testcase.TestFunc'>, func=<function test_cases.<locals>.<lambda> at 0x000002A76A510F40> start_wid=None stop_wid=None post_wid=None skip_call=None call_count=15 args=() kwds={}
2026-09-16 23:23:28,420 LT1-thread root DEBUG testcase.py               266   start                     : Test function parameters: args=(), kwds={}
2026-09-16 23:23:28,423 LT1-thread root DEBUG testcase.py               254   start                     : Starting test function: class=<class 'autopts.ptsprojects.testcase.TestFunc'>, func=<function test_cases.<locals>.<lambda> at 0x000002A76A510FE0> start_wid=None stop_wid=None post_wid=None skip_call=None call_count=15 args=() kwds={}
2026-09-16 23:23:28,423 LT1-thread root DEBUG testcase.py               266   start                     : Test function parameters: args=(), kwds={}
2026-09-16 23:23:28,426 LT1-thread root DEBUG testcase.py               254   start                     : Starting test function: class=<class 'autopts.ptsprojects.testcase.TestFunc'>, func=<function test_cases.<locals>.<lambda> at 0x000002A76A511080> start_wid=None stop_wid=None post_wid=None skip_call=None call_count=15 args=() kwds={}
2026-09-16 23:23:28,426 LT1-thread root DEBUG testcase.py               266   start                     : Test function parameters: args=(), kwds={}
2026-09-16 23:23:28,429 LT1-thread root DEBUG testcase.py               254   start                     : Starting test function: class=<class 'autopts.ptsprojects.testcase.TestFunc'>, func=<function test_cases.<locals>.<lambda> at 0x000002A76A511120> start_wid=None stop_wid=None post_wid=None skip_call=None call_count=15 args=() kwds={}
2026-09-16 23:23:28,430 LT1-thread root DEBUG testcase.py               266   start                     : Test function parameters: args=(), kwds={}
2026-09-16 23:23:28,433 LT1-thread root DEBUG testcase.py               254   start                     : Starting test function: class=<class 'autopts.ptsprojects.testcase.TestFunc'>, func=<function test_cases.<locals>.<lambda> at 0x000002A76A5111C0> start_wid=None stop_wid=None post_wid=None skip_call=None call_count=15 args=() kwds={}
2026-09-16 23:23:28,433 LT1-thread root DEBUG testcase.py               266   start                     : Test function parameters: args=(), kwds={}
2026-09-16 23:23:28,436 LT1-thread root DEBUG testcase.py               254   start                     : Starting test function: class=<class 'autopts.ptsprojects.testcase.TestFunc'>, func=<function test_cases.<locals>.<lambda> at 0x000002A76A511260> start_wid=None stop_wid=None post_wid=None skip_call=None call_count=15 args=() kwds={}
2026-09-16 23:23:28,437 LT1-thread root DEBUG testcase.py               266   start                     : Test function parameters: args=(), kwds={}
2026-09-16 23:23:28,440 LT1-thread root DEBUG testcase.py               254   start                     : Starting test function: class=<class 'autopts.ptsprojects.testcase.TestFunc'>, func=<function test_cases.<locals>.<lambda> at 0x000002A76A511300> start_wid=None stop_wid=None post_wid=None skip_call=None call_count=15 args=() kwds={}
2026-09-16 23:23:28,440 LT1-thread root DEBUG testcase.py               266   start                     : Test function parameters: args=(), kwds={}
2026-09-16 23:23:28,443 LT1-thread root DEBUG testcase.py               254   start                     : Starting test function: class=<class 'autopts.ptsprojects.testcase.TestFunc'>, func=<function test_cases.<locals>.<lambda> at 0x000002A76A5113A0> start_wid=None stop_wid=None post_wid=None skip_call=None call_count=15 args=() kwds={}
2026-09-16 23:23:28,443 LT1-thread root DEBUG testcase.py               266   start                     : Test function parameters: args=(), kwds={}
2026-09-16 23:23:28,446 LT1-thread root DEBUG testcase.py               254   start                     : Starting test function: class=<class 'autopts.ptsprojects.testcase.TestFunc'>, func=<function core_reg_svc_gatt at 0x000002A7673C8860> start_wid=None stop_wid=None post_wid=None skip_call=None call_count=15 args=() kwds={}
2026-09-16 23:23:28,446 LT1-thread root DEBUG testcase.py               266   start                     : Test function parameters: args=(), kwds={}
2026-09-16 23:23:28,446 LT1-thread root DEBUG btp.py                    117   core_reg_svc_univ         : core_reg_svc_univ: gatt_reg (GATT)
2026-09-16 23:23:28,446 LT1-thread root DEBUG iutctl_common.py          161   send                      : 0 3 255 '2'
2026-09-16 23:23:28,447 LT1-thread root DEBUG iutctl_common.py          166   send                      : sending frame '0003ff010002'
2026-09-16 23:23:28,447 LT1-thread root DEBUG btp.py                    618   core_reg_svc_rsp_succ     : 
2026-09-16 23:23:28,447 LT1-thread root DEBUG iutctl_common.py          339   read                      : 
2026-09-16 23:23:28,481 BTPWorkerThread-6066 (_rx_task) root DEBUG iutctl_common.py          123   read                      : Read 5 bytes
2026-09-16 23:23:28,486 BTPWorkerThread-6066 (_rx_task) root DEBUG iutctl_common.py          131   read                      : Received: hdr: Header(svc_id=0x00, op=0x03, ctrl_index=0xff, data_len=0x00) bytearray(b'\x00\x03\xff\x00\x00')
2026-09-16 23:23:28,486 BTPWorkerThread-6066 (_rx_task) root DEBUG iutctl_common.py          154   read                      : Received data: {''}, bytearray(b'')
2026-09-16 23:23:28,492 LT1-thread root DEBUG btp.py                    629   core_reg_svc_rsp_succ     : received Header(svc_id=0, op=3, ctrl_index=255, data_len=0) (b'',)
2026-09-16 23:23:28,492 LT1-thread root DEBUG btp.py                    630   core_reg_svc_rsp_succ     : expected ((0, 3, 255, 0), (b'',))
2026-09-16 23:23:28,492 LT1-thread root DEBUG btp.py                    635   core_reg_svc_rsp_succ     : response is valid
2026-09-16 23:23:28,492 LT1-thread root DEBUG btp.py                    638   core_reg_svc_rsp_succ     : Reading supported commands for service: GATT
2026-09-16 23:23:28,492 LT1-thread root DEBUG iutctl_common.py          161   send                      : 2 1 255 ''
2026-09-16 23:23:28,492 LT1-thread root DEBUG iutctl_common.py          166   send                      : sending frame '0201ff0000'
2026-09-16 23:23:28,493 LT1-thread root DEBUG iutctl_common.py          339   read                      : 
2026-09-16 23:23:28,531 BTPWorkerThread-6066 (_rx_task) root DEBUG iutctl_common.py          123   read                      : Read 5 bytes
2026-09-16 23:23:28,541 BTPWorkerThread-6066 (_rx_task) root DEBUG iutctl_common.py          131   read                      : Received: hdr: Header(svc_id=0x02, op=0x01, ctrl_index=0xff, data_len=0x05) bytearray(b'\x02\x01\xff\x05\x00')
2026-09-16 23:23:28,547 BTPWorkerThread-6066 (_rx_task) root DEBUG iutctl_common.py          139   read                      : Read 5 bytes data
2026-09-16 23:23:28,547 BTPWorkerThread-6066 (_rx_task) root DEBUG iutctl_common.py          154   read                      : Received data: {'fe fe bf fd 0f'}, bytearray(b'\xfe\xfe\xbf\xfd\x0f')
2026-09-16 23:23:28,553 LT1-thread root DEBUG testcase.py               254   start                     : Starting test function: class=<class 'autopts.ptsprojects.testcase.TestFunc'>, func=<bound method Stack.gatt_init of <autopts.ptsprojects.stack.stack.Stack object at 0x000002A768AF7AD0>> start_wid=None stop_wid=None post_wid=None skip_call=None call_count=15 args=() kwds={}
2026-09-16 23:23:28,553 LT1-thread root DEBUG testcase.py               266   start                     : Test function parameters: args=(), kwds={}
2026-09-16 23:23:28,553 LT1-thread root DEBUG testcase.py               254   start                     : Starting test function: class=<class 'autopts.ptsprojects.testcase.TestFunc'>, func=<function gap_set_io_capability at 0x000002A7673E6A20> start_wid=None stop_wid=None post_wid=None skip_call=None call_count=15 args=(4,) kwds={}
2026-09-16 23:23:28,553 LT1-thread root DEBUG testcase.py               266   start                     : Test function parameters: args=(4,), kwds={}
2026-09-16 23:23:28,553 LT1-thread root DEBUG gap.py                    859   gap_set_io_capability     : 4
2026-09-16 23:23:28,553 LT1-thread root DEBUG iutctl_common.py          161   send                      : 1 16 0 '\x04'
2026-09-16 23:23:28,554 LT1-thread root DEBUG iutctl_common.py          166   send                      : sending frame '011000010004'
2026-09-16 23:23:28,554 LT1-thread root DEBUG gap.py                    1227  gap_command_rsp_succ      : 
2026-09-16 23:23:28,554 LT1-thread root DEBUG iutctl_common.py          339   read                      : 
2026-09-16 23:23:28,586 BTPWorkerThread-6066 (_rx_task) root DEBUG iutctl_common.py          123   read                      : Read 5 bytes
2026-09-16 23:23:28,596 BTPWorkerThread-6066 (_rx_task) root DEBUG iutctl_common.py          131   read                      : Received: hdr: Header(svc_id=0x01, op=0x10, ctrl_index=0x00, data_len=0x00) bytearray(b'\x01\x10\x00\x00\x00')
2026-09-16 23:23:28,596 BTPWorkerThread-6066 (_rx_task) root DEBUG iutctl_common.py          154   read                      : Received data: {''}, bytearray(b'')
2026-09-16 23:23:28,607 LT1-thread root DEBUG gap.py                    1232  gap_command_rsp_succ      : received Header(svc_id=1, op=16, ctrl_index=0, data_len=0) (b'',)
2026-09-16 23:23:28,607 LT1-thread root DEBUG testcase.py               254   start                     : Starting test function: class=<class 'autopts.ptsprojects.testcase.TestFunc'>, func=<function gap_set_broadcast_code at 0x000002A767408C20> start_wid=None stop_wid=None post_wid=None skip_call=None call_count=15 args=('0102680553F1415AA265BBAFC6EA03B8',) kwds={}
2026-09-16 23:23:28,607 LT1-thread root DEBUG testcase.py               266   start                     : Test function parameters: args=('0102680553F1415AA265BBAFC6EA03B8',), kwds={}
2026-09-16 23:23:28,607 LT1-thread root DEBUG gap.py                    1889  gap_set_broadcast_code    : '0102680553F1415AA265BBAFC6EA03B8'
2026-09-16 23:23:28,607 LT1-thread root DEBUG testcase.py               254   start                     : Starting test function: class=<class 'autopts.ptsprojects.testcase.TestFunc'>, func=<function set_pts_addr at 0x000002A7673C82C0> start_wid=None stop_wid=None post_wid=None skip_call=None call_count=15 args=('00:1B:DC:08:E4:4E', 0) kwds={}
2026-09-16 23:23:28,608 LT1-thread root DEBUG testcase.py               266   start                     : Test function parameters: args=('00:1B:DC:08:E4:4E', 0), kwds={}
2026-09-16 23:23:28,608 LT1-thread root DEBUG testcase.py               254   start                     : Starting test function: class=<class 'autopts.ptsprojects.testcase.TestFunc'>, func=<function gatts_add_svc at 0x000002A7674122A0> start_wid=None stop_wid=None post_wid=None skip_call=None call_count=191 args=(0, 'AA51') kwds={}
2026-09-16 23:23:28,608 LT1-thread root DEBUG testcase.py               266   start                     : Test function parameters: args=(0, 'AA51'), kwds={}
2026-09-16 23:23:28,608 LT1-thread root DEBUG gatt.py                   143   gatts_add_svc             : 0 'AA51'
2026-09-16 23:23:28,608 LT1-thread root DEBUG iutctl_common.py          161   send                      : 2 2 0 "bytearray(b'\\x00\\x02Q\\xaa')"
2026-09-16 23:23:28,608 LT1-thread root DEBUG iutctl_common.py          166   send                      : sending frame '0202000400000251aa'
2026-09-16 23:23:28,608 LT1-thread root DEBUG gatt.py                   1190  gatt_command_rsp_succ     : 
2026-09-16 23:23:28,608 LT1-thread root DEBUG iutctl_common.py          339   read                      : 
2026-09-16 23:23:28,640 BTPWorkerThread-6066 (_rx_task) root DEBUG iutctl_common.py          123   read                      : Read 5 bytes
2026-09-16 23:23:28,645 BTPWorkerThread-6066 (_rx_task) root DEBUG iutctl_common.py          131   read                      : Received: hdr: Header(svc_id=0x02, op=0x02, ctrl_index=0x00, data_len=0x02) bytearray(b'\x02\x02\x00\x02\x00')
2026-09-16 23:23:28,651 BTPWorkerThread-6066 (_rx_task) root DEBUG iutctl_common.py          139   read                      : Read 2 bytes data
2026-09-16 23:23:28,656 BTPWorkerThread-6066 (_rx_task) root DEBUG iutctl_common.py          154   read                      : Received data: {'00 00'}, bytearray(b'\x00\x00')
2026-09-16 23:23:28,662 LT1-thread root DEBUG gatt.py                   1195  gatt_command_rsp_succ     : received Header(svc_id=2, op=2, ctrl_index=0, data_len=2) (b'\x00\x00',)
2026-09-16 23:23:28,662 LT1-thread root DEBUG testcase.py               254   start                     : Starting test function: class=<class 'autopts.ptsprojects.testcase.TestFunc'>, func=<function gatts_add_char at 0x000002A7674123E0> start_wid=None stop_wid=None post_wid=None skip_call=None call_count=191 args=(0, 2, 17, 'AA52') kwds={}
2026-09-16 23:23:28,662 LT1-thread root DEBUG testcase.py               266   start                     : Test function parameters: args=(0, 2, 17, 'AA52'), kwds={}
2026-09-16 23:23:28,662 LT1-thread root DEBUG gatt.py                   177   gatts_add_char            : 0 2 17 'AA52'
2026-09-16 23:23:28,662 LT1-thread root DEBUG iutctl_common.py          161   send                      : 2 3 0 "bytearray(b'\\x00\\x00\\x02\\x11\\x02R\\xaa')"
2026-09-16 23:23:28,662 LT1-thread root DEBUG iutctl_common.py          166   send                      : sending frame '0203000700000002110252aa'
2026-09-16 23:23:28,663 LT1-thread root DEBUG gatt.py                   1190  gatt_command_rsp_succ     : 
2026-09-16 23:23:28,663 LT1-thread root DEBUG iutctl_common.py          339   read                      : 
2026-09-16 23:23:28,700 BTPWorkerThread-6066 (_rx_task) root DEBUG iutctl_common.py          123   read                      : Read 5 bytes
2026-09-16 23:23:28,706 BTPWorkerThread-6066 (_rx_task) root DEBUG iutctl_common.py          131   read                      : Received: hdr: Header(svc_id=0x02, op=0x03, ctrl_index=0x00, data_len=0x02) bytearray(b'\x02\x03\x00\x02\x00')
2026-09-16 23:23:28,706 BTPWorkerThread-6066 (_rx_task) root DEBUG iutctl_common.py          139   read                      : Read 2 bytes data
2026-09-16 23:23:28,718 BTPWorkerThread-6066 (_rx_task) root DEBUG iutctl_common.py          154   read                      : Received data: {'00 00'}, bytearray(b'\x00\x00')
2026-09-16 23:23:28,718 LT1-thread root DEBUG gatt.py                   1195  gatt_command_rsp_succ     : received Header(svc_id=2, op=3, ctrl_index=0, data_len=2) (b'\x00\x00',)
2026-09-16 23:23:28,718 LT1-thread root DEBUG testcase.py               254   start                     : Starting test function: class=<class 'autopts.ptsprojects.testcase.TestFunc'>, func=<function gatts_set_val at 0x000002A767412480> start_wid=None stop_wid=None post_wid=None skip_call=None call_count=191 args=(0, '01') kwds={}
2026-09-16 23:23:28,718 LT1-thread root DEBUG testcase.py               266   start                     : Test function parameters: args=(0, '01'), kwds={}
2026-09-16 23:23:28,718 LT1-thread root DEBUG gatt.py                   209   gatts_set_val             : 0 '01' 
2026-09-16 23:23:28,718 LT1-thread root DEBUG iutctl_common.py          161   send                      : 2 6 0 "bytearray(b'\\x00\\x00\\x01\\x00\\x01')"
2026-09-16 23:23:28,719 LT1-thread root DEBUG iutctl_common.py          166   send                      : sending frame '02060005000000010001'
2026-09-16 23:23:28,719 LT1-thread root DEBUG gatt.py                   1190  gatt_command_rsp_succ     : 
2026-09-16 23:23:28,719 LT1-thread root DEBUG iutctl_common.py          339   read                      : 
2026-09-16 23:23:28,757 BTPWorkerThread-6066 (_rx_task) root DEBUG iutctl_common.py          123   read                      : Read 5 bytes
2026-09-16 23:23:28,768 BTPWorkerThread-6066 (_rx_task) root DEBUG iutctl_common.py          131   read                      : Received: hdr: Header(svc_id=0x02, op=0x06, ctrl_index=0x00, data_len=0x00) bytearray(b'\x02\x06\x00\x00\x00')
2026-09-16 23:23:28,774 BTPWorkerThread-6066 (_rx_task) root DEBUG iutctl_common.py          154   read                      : Received data: {''}, bytearray(b'')
2026-09-16 23:23:28,785 LT1-thread root DEBUG gatt.py                   1195  gatt_command_rsp_succ     : received Header(svc_id=2, op=6, ctrl_index=0, data_len=0) (b'',)
2026-09-16 23:23:28,785 LT1-thread root DEBUG testcase.py               254   start                     : Starting test function: class=<class 'autopts.ptsprojects.testcase.TestFunc'>, func=<function gatts_add_char at 0x000002A7674123E0> start_wid=None stop_wid=None post_wid=None skip_call=None call_count=191 args=(0, 2, 5, 'AA53') kwds={}
2026-09-16 23:23:28,785 LT1-thread root DEBUG testcase.py               266   start                     : Test function parameters: args=(0, 2, 5, 'AA53'), kwds={}
2026-09-16 23:23:28,785 LT1-thread root DEBUG gatt.py                   177   gatts_add_char            : 0 2 5 'AA53'
2026-09-16 23:23:28,785 LT1-thread root DEBUG iutctl_common.py          161   send                      : 2 3 0 "bytearray(b'\\x00\\x00\\x02\\x05\\x02S\\xaa')"
2026-09-16 23:23:28,785 LT1-thread root DEBUG iutctl_common.py          166   send                      : sending frame '0203000700000002050253aa'
2026-09-16 23:23:28,786 LT1-thread root DEBUG gatt.py                   1190  gatt_command_rsp_succ     : 
2026-09-16 23:23:28,786 LT1-thread root DEBUG iutctl_common.py          339   read                      : 
2026-09-16 23:23:28,823 BTPWorkerThread-6066 (_rx_task) root DEBUG iutctl_common.py          123   read                      : Read 5 bytes
2026-09-16 23:23:28,829 BTPWorkerThread-6066 (_rx_task) root DEBUG iutctl_common.py          131   read                      : Received: hdr: Header(svc_id=0x02, op=0x03, ctrl_index=0x00, data_len=0x02) bytearray(b'\x02\x03\x00\x02\x00')
2026-09-16 23:23:28,845 BTPWorkerThread-6066 (_rx_task) root DEBUG iutctl_common.py          139   read                      : Read 2 bytes data
2026-09-16 23:23:28,851 BTPWorkerThread-6066 (_rx_task) root DEBUG iutctl_common.py          154   read                      : Received data: {'00 00'}, bytearray(b'\x00\x00')
2026-09-16 23:23:28,856 LT1-thread root DEBUG gatt.py                   1195  gatt_command_rsp_succ     : received Header(svc_id=2, op=3, ctrl_index=0, data_len=2) (b'\x00\x00',)
2026-09-16 23:23:28,857 LT1-thread root DEBUG testcase.py               254   start                     : Starting test function: class=<class 'autopts.ptsprojects.testcase.TestFunc'>, func=<function gatts_set_val at 0x000002A767412480> start_wid=None stop_wid=None post_wid=None skip_call=None call_count=191 args=(0, '02') kwds={}
2026-09-16 23:23:28,857 LT1-thread root DEBUG testcase.py               266   start                     : Test function parameters: args=(0, '02'), kwds={}
2026-09-16 23:23:28,857 LT1-thread root DEBUG gatt.py                   209   gatts_set_val             : 0 '02' 
2026-09-16 23:23:28,857 LT1-thread root DEBUG iutctl_common.py          161   send                      : 2 6 0 "bytearray(b'\\x00\\x00\\x01\\x00\\x02')"
2026-09-16 23:23:28,857 LT1-thread root DEBUG iutctl_common.py          166   send                      : sending frame '02060005000000010002'
2026-09-16 23:23:28,857 LT1-thread root DEBUG gatt.py                   1190  gatt_command_rsp_succ     : 
2026-09-16 23:23:28,857 LT1-thread root DEBUG iutctl_common.py          339   read                      : 
2026-09-16 23:23:28,899 BTPWorkerThread-6066 (_rx_task) root DEBUG iutctl_common.py          123   read                      : Read 5 bytes
2026-09-16 23:23:28,910 BTPWorkerThread-6066 (_rx_task) root DEBUG iutctl_common.py          131   read                      : Received: hdr: Header(svc_id=0x02, op=0x06, ctrl_index=0x00, data_len=0x00) bytearray(b'\x02\x06\x00\x00\x00')
2026-09-16 23:23:28,922 BTPWorkerThread-6066 (_rx_task) root DEBUG iutctl_common.py          154   read                      : Received data: {''}, bytearray(b'')
2026-09-16 23:23:28,932 LT1-thread root DEBUG gatt.py                   1195  gatt_command_rsp_succ     : received Header(svc_id=2, op=6, ctrl_index=0, data_len=0) (b'',)
2026-09-16 23:23:28,932 LT1-thread root DEBUG testcase.py               254   start                     : Starting test function: class=<class 'autopts.ptsprojects.testcase.TestFunc'>, func=<function gatts_add_char at 0x000002A7674123E0> start_wid=None stop_wid=None post_wid=None skip_call=None call_count=191 args=(0, 10, 48, 'AA55') kwds={}
2026-09-16 23:23:28,932 LT1-thread root DEBUG testcase.py               266   start                     : Test function parameters: args=(0, 10, 48, 'AA55'), kwds={}
2026-09-16 23:23:28,932 LT1-thread root DEBUG gatt.py                   177   gatts_add_char            : 0 10 48 'AA55'
2026-09-16 23:23:28,932 LT1-thread root DEBUG iutctl_common.py          161   send                      : 2 3 0 "bytearray(b'\\x00\\x00\\n0\\x02U\\xaa')"
2026-09-16 23:23:28,932 LT1-thread root DEBUG iutctl_common.py          166   send                      : sending frame '020300070000000a300255aa'
2026-09-16 23:23:28,933 LT1-thread root DEBUG gatt.py                   1190  gatt_command_rsp_succ     : 
2026-09-16 23:23:28,933 LT1-thread root DEBUG iutctl_common.py          339   read                      : 
2026-09-16 23:23:28,971 BTPWorkerThread-6066 (_rx_task) root DEBUG iutctl_common.py          123   read                      : Read 5 bytes
2026-09-16 23:23:28,982 BTPWorkerThread-6066 (_rx_task) root DEBUG iutctl_common.py          131   read                      : Received: hdr: Header(svc_id=0x02, op=0x03, ctrl_index=0x00, data_len=0x02) bytearray(b'\x02\x03\x00\x02\x00')
2026-09-16 23:23:28,993 BTPWorkerThread-6066 (_rx_task) root DEBUG iutctl_common.py          139   read                      : Read 2 bytes data
2026-09-16 23:23:29,004 BTPWorkerThread-6066 (_rx_task) root DEBUG iutctl_common.py          154   read                      : Received data: {'00 00'}, bytearray(b'\x00\x00')
2026-09-16 23:23:29,020 LT1-thread root DEBUG gatt.py                   1195  gatt_command_rsp_succ     : received Header(svc_id=2, op=3, ctrl_index=0, data_len=2) (b'\x00\x00',)
2026-09-16 23:23:29,020 LT1-thread root DEBUG testcase.py               254   start                     : Starting test function: class=<class 'autopts.ptsprojects.testcase.TestFunc'>, func=<function gatts_set_val at 0x000002A767412480> start_wid=None stop_wid=None post_wid=None skip_call=None call_count=191 args=(0, '04') kwds={}
2026-09-16 23:23:29,020 LT1-thread root DEBUG testcase.py               266   start                     : Test function parameters: args=(0, '04'), kwds={}
2026-09-16 23:23:29,020 LT1-thread root DEBUG gatt.py                   209   gatts_set_val             : 0 '04' 
2026-09-16 23:23:29,020 LT1-thread root DEBUG iutctl_common.py          161   send                      : 2 6 0 "bytearray(b'\\x00\\x00\\x01\\x00\\x04')"
2026-09-16 23:23:29,020 LT1-thread root DEBUG iutctl_common.py          166   send                      : sending frame '02060005000000010004'
2026-09-16 23:23:29,021 LT1-thread root DEBUG gatt.py                   1190  gatt_command_rsp_succ     : 
2026-09-16 23:23:29,021 LT1-thread root DEBUG iutctl_common.py          339   read                      : 
2026-09-16 23:23:29,064 BTPWorkerThread-6066 (_rx_task) root DEBUG iutctl_common.py          123   read                      : Read 5 bytes
2026-09-16 23:23:29,076 BTPWorkerThread-6066 (_rx_task) root DEBUG iutctl_common.py          131   read                      : Received: hdr: Header(svc_id=0x02, op=0x06, ctrl_index=0x00, data_len=0x00) bytearray(b'\x02\x06\x00\x00\x00')
2026-09-16 23:23:29,087 BTPWorkerThread-6066 (_rx_task) root DEBUG iutctl_common.py          154   read                      : Received data: {''}, bytearray(b'')
2026-09-16 23:23:29,093 LT1-thread root DEBUG gatt.py                   1195  gatt_command_rsp_succ     : received Header(svc_id=2, op=6, ctrl_index=0, data_len=0) (b'',)
2026-09-16 23:23:29,093 LT1-thread root DEBUG testcase.py               254   start                     : Starting test function: class=<class 'autopts.ptsprojects.testcase.TestFunc'>, func=<function gatts_start_server at 0x000002A767412700> start_wid=None stop_wid=None post_wid=None skip_call=None call_count=191 args=() kwds={}
2026-09-16 23:23:29,093 LT1-thread root DEBUG testcase.py               266   start                     : Test function parameters: args=(), kwds={}
2026-09-16 23:23:29,093 LT1-thread root DEBUG gatt.py                   306   gatts_start_server        : 
2026-09-16 23:23:29,093 LT1-thread root DEBUG iutctl_common.py          161   send                      : 2 7 0 ''
2026-09-16 23:23:29,093 LT1-thread root DEBUG iutctl_common.py          166   send                      : sending frame '0207000000'
2026-09-16 23:23:29,094 LT1-thread root DEBUG gatt.py                   1190  gatt_command_rsp_succ     : 
2026-09-16 23:23:29,094 LT1-thread root DEBUG iutctl_common.py          339   read                      : 
2026-09-16 23:23:29,130 BTPWorkerThread-6066 (_rx_task) root DEBUG iutctl_common.py          123   read                      : Read 5 bytes
2026-09-16 23:23:29,142 BTPWorkerThread-6066 (_rx_task) root DEBUG iutctl_common.py          131   read                      : Received: hdr: Header(svc_id=0x02, op=0x07, ctrl_index=0x00, data_len=0x03) bytearray(b'\x02\x07\x00\x03\x00')
2026-09-16 23:23:29,165 BTPWorkerThread-6066 (_rx_task) root DEBUG iutctl_common.py          139   read                      : Read 3 bytes data
2026-09-16 23:23:29,176 BTPWorkerThread-6066 (_rx_task) root DEBUG iutctl_common.py          154   read                      : Received data: {'00 00 00'}, bytearray(b'\x00\x00\x00')
2026-09-16 23:23:29,193 LT1-thread root DEBUG gatt.py                   1195  gatt_command_rsp_succ     : received Header(svc_id=2, op=7, ctrl_index=0, data_len=3) (b'\x00\x00\x00',)
2026-09-16 23:23:29,195 LT1-thread root DEBUG client.py                 276   get_result                : ClientCallback.get_result run_test_case
2026-09-16 23:23:31,920 LT1-callback ClientCallback.on_implicit_send INFO client.py                 223   on_implicit_send          : 
    ********************
    BEGIN OnImplicitSend:
    project_name: GAP
    wid: 226
    test_case_name: GAP/SEC/SEM/BV-61-C
    description: Please configures the IUT into LE Security: Mode 1 Level 4. Press OK to continue.
    style: MMI_Style_Ok_Cancel1 0x11041
2026-09-16 23:23:31,920 LT1-callback ClientCallback.on_implicit_send INFO client.py                 236   on_implicit_send          : Calling test cases on_implicit_send
2026-09-16 23:23:31,921 LT1-callback ClientCallback.on_implicit_send INFO client.py                 249   on_implicit_send          : 
    on_implicit_send returned response: WAIT
    END OnImplicitSend
    ********************
2026-09-16 23:23:32,197 LT1-thread root DEBUG testcase.py               679   run_wid                   : GAP GAP/SEC/SEM/BV-61-C on_implicit_send
2026-09-16 23:23:32,197 LT1-thread root DEBUG gap_wid.py                26    gap_wid_hdl               : gap_wid_hdl, 226, Please configures the IUT into LE Security: Mode 1 Level 4. Press OK to continue., GAP/SEC/SEM/BV-61-C
2026-09-16 23:23:32,197 LT1-thread root DEBUG testcase.py               722   run_wid                   : Sending response 'OK' to wid 226 test case GAP/SEC/SEM/BV-61-C
2026-09-16 23:23:32,199 LT1-thread root DEBUG client.py                 276   get_result                : ClientCallback.get_result run_test_case
2026-09-16 23:23:36,401 LT1-callback ClientCallback.on_implicit_send INFO client.py                 223   on_implicit_send          : 
    ********************
    BEGIN OnImplicitSend:
    project_name: GAP
    wid: 91
    test_case_name: GAP/SEC/SEM/BV-61-C
    description: Please send a connectable undirected advertising report.
    style: MMI_Style_Ok_Cancel2 0x11141
2026-09-16 23:23:36,401 LT1-callback ClientCallback.on_implicit_send INFO client.py                 236   on_implicit_send          : Calling test cases on_implicit_send
2026-09-16 23:23:36,402 LT1-callback ClientCallback.on_implicit_send INFO client.py                 249   on_implicit_send          : 
    on_implicit_send returned response: WAIT
    END OnImplicitSend
    ********************
2026-09-16 23:23:37,202 LT1-thread root DEBUG testcase.py               679   run_wid                   : GAP GAP/SEC/SEM/BV-61-C on_implicit_send
2026-09-16 23:23:37,202 LT1-thread root DEBUG gap_wid.py                26    gap_wid_hdl               : gap_wid_hdl, 91, Please send a connectable undirected advertising report., GAP/SEC/SEM/BV-61-C
2026-09-16 23:23:37,202 LT1-thread root DEBUG gap.py                    982   gap_set_connectable       : 
2026-09-16 23:23:37,202 LT1-thread root DEBUG gap.py                    648   gap_start_advertising     : {9: b'Tester_08E44E'} None
2026-09-16 23:23:37,202 LT1-thread root DEBUG iutctl_common.py          161   send                      : 1 10 0 "bytearray(b'\\x0f\\x00\\t\\rTester_08E44E\\xff\\xff\\xff\\xff\\x00')"
2026-09-16 23:23:37,202 LT1-thread root DEBUG iutctl_common.py          166   send                      : sending frame '010a0016000f00090d5465737465725f303845343445ffffffff00'
2026-09-16 23:23:37,202 LT1-thread root DEBUG gap.py                    1227  gap_command_rsp_succ      : 
2026-09-16 23:23:37,203 LT1-thread root DEBUG iutctl_common.py          339   read                      : 
2026-09-16 23:23:37,237 BTPWorkerThread-6066 (_rx_task) root DEBUG iutctl_common.py          123   read                      : Read 5 bytes
2026-09-16 23:23:37,247 BTPWorkerThread-6066 (_rx_task) root DEBUG iutctl_common.py          131   read                      : Received: hdr: Header(svc_id=0x01, op=0x0a, ctrl_index=0x00, data_len=0x04) bytearray(b'\x01\n\x00\x04\x00')
2026-09-16 23:23:37,264 BTPWorkerThread-6066 (_rx_task) root DEBUG iutctl_common.py          139   read                      : Read 4 bytes data
2026-09-16 23:23:37,275 BTPWorkerThread-6066 (_rx_task) root DEBUG iutctl_common.py          154   read                      : Received data: {'13 06 00 00'}, bytearray(b'\x13\x06\x00\x00')
2026-09-16 23:23:37,286 LT1-thread root DEBUG gap.py                    1232  gap_command_rsp_succ      : received Header(svc_id=1, op=10, ctrl_index=0, data_len=4) (b'\x13\x06\x00\x00',)
2026-09-16 23:23:37,286 LT1-thread root DEBUG gap.py                    594   __gap_current_settings_update : (b'\x13\x06\x00\x00',)
2026-09-16 23:23:37,286 LT1-thread root DEBUG testcase.py               722   run_wid                   : Sending response 'OK' to wid 91 test case GAP/SEC/SEM/BV-61-C
2026-09-16 23:23:37,288 LT1-thread root DEBUG client.py                 276   get_result                : ClientCallback.get_result run_test_case
2026-09-16 23:23:37,363 BTPWorkerThread-6066 (_rx_task) root DEBUG iutctl_common.py          123   read                      : Read 5 bytes
2026-09-16 23:23:37,364 BTPWorkerThread-6066 (_rx_task) root DEBUG iutctl_common.py          131   read                      : Received: hdr: Header(svc_id=0x01, op=0x82, ctrl_index=0x00, data_len=0x0d) bytearray(b'\x01\x82\x00\r\x00')
2026-09-16 23:23:37,364 BTPWorkerThread-6066 (_rx_task) root DEBUG iutctl_common.py          139   read                      : Read 13 bytes data
2026-09-16 23:23:37,364 BTPWorkerThread-6066 (_rx_task) root DEBUG iutctl_common.py          154   read                      : Received data: {'00 4e e4 08 dc 1b 00 3c 00 00 00 d0 07'}, bytearray(b'\x00N\xe4\x08\xdc\x1b\x00<\x00\x00\x00\xd0\x07')
2026-09-16 23:23:37,364 BTPWorkerThread-6066 (_rx_task) root DEBUG btp.py                    700   event_handler             : Header(svc_id=1, op=130, ctrl_index=0, data_len=13) (b'\x00N\xe4\x08\xdc\x1b\x00<\x00\x00\x00\xd0\x07',)
2026-09-16 23:23:37,364 BTPWorkerThread-6066 (_rx_task) root DEBUG gap.py                    213   gap_connected_ev_         : b'\x00N\xe4\x08\xdc\x1b\x00<\x00\x00\x00\xd0\x07'
2026-09-16 23:23:37,364 BTPWorkerThread-6066 (_rx_task) root DEBUG iutctl_common.py          123   read                      : Read 5 bytes
2026-09-16 23:23:37,365 BTPWorkerThread-6066 (_rx_task) root DEBUG iutctl_common.py          131   read                      : Received: hdr: Header(svc_id=0x01, op=0x80, ctrl_index=0x00, data_len=0x04) bytearray(b'\x01\x80\x00\x04\x00')
2026-09-16 23:23:37,365 BTPWorkerThread-6066 (_rx_task) root DEBUG iutctl_common.py          139   read                      : Read 4 bytes data
2026-09-16 23:23:37,365 BTPWorkerThread-6066 (_rx_task) root DEBUG iutctl_common.py          154   read                      : Received data: {'13 02 00 00'}, bytearray(b'\x13\x02\x00\x00')
2026-09-16 23:23:37,365 BTPWorkerThread-6066 (_rx_task) root DEBUG btp.py                    700   event_handler             : Header(svc_id=1, op=128, ctrl_index=0, data_len=4) (b'\x13\x02\x00\x00',)
2026-09-16 23:23:37,365 BTPWorkerThread-6066 (_rx_task) root DEBUG gap.py                    181   gap_new_settings_ev_      : b'\x13\x02\x00\x00'
2026-09-16 23:23:37,365 BTPWorkerThread-6066 (_rx_task) root DEBUG gap.py                    594   __gap_current_settings_update : 531
2026-09-16 23:23:37,933 LT1-callback ClientCallback.on_implicit_send INFO client.py                 223   on_implicit_send          : 
    ********************
    BEGIN OnImplicitSend:
    project_name: GAP
    wid: 242
    test_case_name: GAP/SEC/SEM/BV-61-C
    description: Please send a Security Request.
    style: MMI_Style_Ok_Cancel2 0x11141
2026-09-16 23:23:37,933 LT1-callback ClientCallback.on_implicit_send INFO client.py                 236   on_implicit_send          : Calling test cases on_implicit_send
2026-09-16 23:23:37,934 LT1-callback ClientCallback.on_implicit_send INFO client.py                 249   on_implicit_send          : 
    on_implicit_send returned response: WAIT
    END OnImplicitSend
    ********************
2026-09-16 23:23:38,289 LT1-thread root DEBUG testcase.py               679   run_wid                   : GAP GAP/SEC/SEM/BV-61-C on_implicit_send
2026-09-16 23:23:38,289 LT1-thread root DEBUG gap_wid.py                26    gap_wid_hdl               : gap_wid_hdl, 242, Please send a Security Request., GAP/SEC/SEM/BV-61-C
2026-09-16 23:23:38,289 LT1-thread root DEBUG testcase.py               722   run_wid                   : Sending response 'Cancel' to wid 242 test case GAP/SEC/SEM/BV-61-C
2026-09-16 23:23:38,291 LT1-thread root DEBUG client.py                 276   get_result                : ClientCallback.get_result run_test_case
2026-09-16 23:23:38,824 BTPWorkerThread-6066 (_rx_task) root DEBUG iutctl_common.py          123   read                      : Read 5 bytes
2026-09-16 23:23:38,825 BTPWorkerThread-6066 (_rx_task) root DEBUG iutctl_common.py          131   read                      : Received: hdr: Header(svc_id=0x01, op=0x91, ctrl_index=0x00, data_len=0x09) bytearray(b'\x01\x91\x00\t\x00')
2026-09-16 23:23:38,825 BTPWorkerThread-6066 (_rx_task) root DEBUG iutctl_common.py          139   read                      : Read 9 bytes data
2026-09-16 23:23:38,825 BTPWorkerThread-6066 (_rx_task) root DEBUG iutctl_common.py          154   read                      : Received data: {'00 4e e4 08 dc 1b 00 00 00'}, bytearray(b'\x00N\xe4\x08\xdc\x1b\x00\x00\x00')
2026-09-16 23:23:38,825 BTPWorkerThread-6066 (_rx_task) root DEBUG btp.py                    700   event_handler             : Header(svc_id=1, op=145, ctrl_index=0, data_len=9) (b'\x00N\xe4\x08\xdc\x1b\x00\x00\x00',)
2026-09-16 23:23:38,825 BTPWorkerThread-6066 (_rx_task) root DEBUG gap.py                    492   gap_encryption_change_ev_ : 
2026-09-16 23:23:38,825 BTPWorkerThread-6066 (_rx_task) root DEBUG gap.py                    494   gap_encryption_change_ev_ : enc change received b'\x00N\xe4\x08\xdc\x1b\x00\x00\x00'
2026-09-16 23:23:38,825 BTPWorkerThread-6066 (_rx_task) root DEBUG gap.py                    503   gap_encryption_change_ev_ : received (0, '001bdc08e44e', 0, 0)
2026-09-16 23:23:38,825 BTPWorkerThread-6066 (_rx_task) root DEBUG iutctl_common.py          123   read                      : Read 5 bytes
2026-09-16 23:23:38,825 BTPWorkerThread-6066 (_rx_task) root DEBUG iutctl_common.py          131   read                      : Received: hdr: Header(svc_id=0x01, op=0x8c, ctrl_index=0x00, data_len=0x08) bytearray(b'\x01\x8c\x00\x08\x00')
2026-09-16 23:23:38,825 BTPWorkerThread-6066 (_rx_task) root DEBUG iutctl_common.py          139   read                      : Read 8 bytes data
2026-09-16 23:23:38,826 BTPWorkerThread-6066 (_rx_task) root DEBUG iutctl_common.py          154   read                      : Received data: {'00 4e e4 08 dc 1b 00 09'}, bytearray(b'\x00N\xe4\x08\xdc\x1b\x00\t')
2026-09-16 23:23:38,826 BTPWorkerThread-6066 (_rx_task) root DEBUG btp.py                    700   event_handler             : Header(svc_id=1, op=140, ctrl_index=0, data_len=8) (b'\x00N\xe4\x08\xdc\x1b\x00\t',)
2026-09-16 23:23:38,826 BTPWorkerThread-6066 (_rx_task) root DEBUG gap.py                    331   gap_pairing_failed_ev_    : 
2026-09-16 23:23:38,826 BTPWorkerThread-6066 (_rx_task) root DEBUG gap.py                    333   gap_pairing_failed_ev_    : received b'\x00N\xe4\x08\xdc\x1b\x00\t'
2026-09-16 23:23:38,826 BTPWorkerThread-6066 (_rx_task) root DEBUG gap.py                    342   gap_pairing_failed_ev_    : received (0, '001bdc08e44e', 9)
2026-09-16 23:23:38,826 BTPWorkerThread-6066 (_rx_task) root DEBUG iutctl_common.py          123   read                      : Read 5 bytes
2026-09-16 23:23:38,826 BTPWorkerThread-6066 (_rx_task) root DEBUG iutctl_common.py          131   read                      : Received: hdr: Header(svc_id=0x01, op=0x83, ctrl_index=0x00, data_len=0x07) bytearray(b'\x01\x83\x00\x07\x00')
2026-09-16 23:23:38,826 BTPWorkerThread-6066 (_rx_task) root DEBUG iutctl_common.py          139   read                      : Read 7 bytes data
2026-09-16 23:23:38,826 BTPWorkerThread-6066 (_rx_task) root DEBUG iutctl_common.py          154   read                      : Received data: {'00 4e e4 08 dc 1b 00'}, bytearray(b'\x00N\xe4\x08\xdc\x1b\x00')
2026-09-16 23:23:38,826 BTPWorkerThread-6066 (_rx_task) root DEBUG btp.py                    700   event_handler             : Header(svc_id=1, op=131, ctrl_index=0, data_len=7) (b'\x00N\xe4\x08\xdc\x1b\x00',)
2026-09-16 23:23:38,827 BTPWorkerThread-6066 (_rx_task) root DEBUG gap.py                    226   gap_disconnected_ev_      : b'\x00N\xe4\x08\xdc\x1b\x00'
2026-09-16 23:23:41,479 LT1-callback ClientCallback.log INFO client.py                 200   log                       : PTS_LOGTYPE_START_TEST Start Test Case 

+1922 ms
 GAP/SEC/SEM/BV-61-C GAP/SEC/SEM/BV-61-C

2026-09-16 23:23:41,763 LT1-callback ClientCallback.log INFO client.py                 200   log                       : PTS_LOGTYPE_FINAL_VERDICT Final Verdict 

+11187 ms
 GAP/SEC/SEM/BV-61-C FAIL

2026-09-16 23:23:41,766 LT1-callback ClientCallback.log INFO client.py                 200   log                       : PTS_LOGTYPE_FINAL_VERDICT Encrypted Verdict 

+11187 ms
 GAP/SEC/SEM/BV-61-C A1#Mzc1YjIxNzg5OGY1MTkzZDdmOTRlMWI0NmNlZjU1NmIzNDM5MTAwOGFhMGQ4Mzk3OGRlNWNkYTExZWE0MzM5ZA==#oiAfb+O8TTiKsujUL01yMLJ/LIjA7tIrySmVWYGdBIxRn0m8mCoQBHjDaZYDxoh5

2026-09-16 23:23:41,770 LT1-callback ClientCallback.log INFO client.py                 200   log                       : PTS_LOGTYPE_END_TEST Test Case Ended 

+11187 ms
 GAP/SEC/SEM/BV-61-C GAP/SEC/SEM/BV-61-C

2026-09-16 23:23:41,886 LT1-callback root DEBUG client.py                 261   set_result                : ClientCallback, set_result, run_test_case, FAIL
2026-09-16 23:23:41,886 LT1-thread root DEBUG client.py                 1186  _run_test_case            : After run_test_case error_code=0 status='FAIL'
2026-09-16 23:23:41,887 LT1-thread root DEBUG testcase.py               766   post_run                  : post_run GAP GAP/SEC/SEM/BV-61-C 0
2026-09-16 23:23:41,887 LT1-thread root DEBUG testcase.py               254   start                     : Starting test function: class=<class 'autopts.ptsprojects.testcase.TestFuncCleanUp'>, func=<bound method ZTestCase._test_case_cleanup of <autopts.ptsprojects.zephyr.ztestcase.ZTestCase object at 0x000002A76A542630>> start_wid=None stop_wid=None post_wid=None skip_call=None call_count=1 args=() kwds={}
2026-09-16 23:23:41,887 LT1-thread root DEBUG testcase.py               266   start                     : Test function parameters: args=(), kwds={}
2026-09-16 23:23:41,887 MainThread root DEBUG client.py                 1313  run_test_case             : Interrupting GAP GAP/SEC/SEM/BV-61-C test case of thread LT1-thread
2026-09-16 23:23:41,887 LT1-thread root DEBUG iutctl.py                 415   stop                      : <class 'autopts.ptsprojects.zephyr.iutctl.create_zephyr_ctl_class.<locals>.ZephyrCtl'>.stop
2026-09-16 23:23:41,888 LT1-thread root DEBUG __init__.py               51    reset                     : About to reset DUT: JLink -CommandFile reset.jlink -usb 1063214216 -device MIMXRT1176XXXA_M7
2026-09-16 23:23:42,194 BTPWorkerThread-6066 (_rx_task) root DEBUG iutctl_common.py          123   read                      : Read 5 bytes
2026-09-16 23:23:42,194 BTPWorkerThread-6066 (_rx_task) root DEBUG iutctl_common.py          131   read                      : Received: hdr: Header(svc_id=0x00, op=0x80, ctrl_index=0xff, data_len=0x00) bytearray(b'\x00\x80\xff\x00\x00')
2026-09-16 23:23:42,195 BTPWorkerThread-6066 (_rx_task) root DEBUG iutctl_common.py          154   read                      : Received data: {''}, bytearray(b'')
2026-09-16 23:23:42,195 BTPWorkerThread-6066 (_rx_task) root DEBUG btp.py                    700   event_handler             : Header(svc_id=0, op=128, ctrl_index=255, data_len=0) (b'',)
2026-09-16 23:23:42,195 BTPWorkerThread-6066 (_rx_task) root DEBUG core.py                   23    core_iut_ready_ev         : 
2026-09-16 23:23:42,265 LT1-thread root DEBUG iutctl.py                 436   _stop_tty_mode            : IUT ready event received OK
2026-09-16 23:23:42,265 LT1-thread root DEBUG iutctl_common.py          416   close                     : Waiting for _rx_worker to finish ...
2026-09-16 23:23:43,195 BTPWorkerThread-6066 (_rx_task) root DEBUG iutctl_common.py          332   _rx_task                  : BTPWorkerThread-6066 (_rx_task) finishing...
2026-09-16 23:23:46,202 LT1-thread root DEBUG testcase.py               794   post_run                  : post_run, cleanup running post test case script
2026-09-16 23:23:46,202 LT1-thread root DEBUG testcase.py               802   post_run                  : post_run, run post test case script
2026-09-16 23:23:46,279 LT1-thread root DEBUG client.py                 1220  _run_test_case            : Done TestCase _run_test_case GAP GAP/SEC/SEM/BV-61-C
