08:27:00:095    > BTP_CORE_CMD_READ_SUPPORTED_SERVICES (0x00|0x02|0xff)
                  raw data (0): 00 02 ff 00 00|
08:27:00:133    < BTP_CORE_CMD_READ_SUPPORTED_SERVICES (0x00|0x02|0xff)
                  raw data (6): 00 02 ff 06 00|0f 00 00 a0 ff 03
08:27:00:139    > BTP_CORE_CMD_REGISTER_SERVICE (0x00|0x03|0xff)
                  raw data (1): 00 03 ff 01 00|01
08:27:04:262    < BTP_CORE_CMD_REGISTER_SERVICE (0x00|0x03|0xff)
                  raw data (0): 00 03 ff 00 00|
08:27:04:273    > BTP_GAP_CMD_READ_SUPPORTED_COMMANDS (0x01|0x01|0xff)
                  raw data (0): 01 01 ff 00 00|
08:27:04:321    < BTP_GAP_CMD_READ_SUPPORTED_COMMANDS (0x01|0x01|0xff)
                  raw data (7): 01 01 ff 07 00|6e ff 7f 1f fe ff 2e
08:27:04:332    > BTP_GAP_CMD_READ_CONTROLLER_INFO (0x01|0x03|0x00)
                  raw data (0): 01 03 00 00 00|
08:27:04:411    < BTP_GAP_CMD_READ_CONTROLLER_INFO (0x01|0x03|0x00)
                  raw data (277): 
                  01 03 00 15 01|19 78 ee 69 17 d0 d3 06 02 00 13 
                  02 00 00 00 00 00 62 74 70 5f 74 65 73 74 65 72 
                  00 00 00 00 00 00 00 00 00 00 00 00 00 00 00 00 
                  00 00 00 00 00 00 00 00 00 00 00 00 00 00 00 00 
                  00 00 00 00 00 00 00 00 00 00 00 00 00 00 00 00 
                  00 00 00 00 00 00 00 00 00 00 00 00 00 00 00 00 
                  00 00 00 00 00 00 00 00 00 00 00 00 00 00 00 00 
                  00 00 00 00 00 00 00 00 00 00 00 00 00 00 00 00 
                  00 00 00 00 00 00 00 00 00 00 00 00 00 00 00 00 
                  00 00 00 00 00 00 00 00 00 00 00 00 00 00 00 00 
                  00 00 00 00 00 00 00 00 00 00 00 00 00 00 00 00 
                  00 00 00 00 00 00 00 00 00 00 00 00 00 00 00 00 
                  00 00 00 00 00 00 00 00 00 00 00 00 00 00 00 00 
                  00 00 00 00 00 00 00 00 00 00 00 00 00 00 00 00 
                  00 00 00 00 00 00 00 00 00 00 00 00 00 00 00 00 
                  00 00 00 00 00 00 00 00 00 00 00 00 00 00 00 00 
                  00 00 00 00 00 00 00 00 00 00 00 00 00 00 00 00 
                  00 00 00 00 00 00 00 00 00 00
08:27:04:429    > BTP_CORE_CMD_REGISTER_SERVICE (0x00|0x03|0xff)
                  raw data (41): 00 03 ff 01 00|29
08:27:04:480    < BTP_CORE_CMD_REGISTER_SERVICE (0x00|0x03|0xff)
                  raw data (0): 00 03 ff 00 00|
08:27:04:486    > BTP_MAP_CMD_READ_SUPPORTED_COMMANDS (0x29|0x01|0xff)
                  raw data (0): 29 01 ff 00 00|
08:27:04:560    < BTP_MAP_CMD_READ_SUPPORTED_COMMANDS (0x29|0x01|0xff)
                  raw data (7): 29 01 ff 07 00|fe ff ff ff ff ff 7f
08:27:07:582    > BTP_GAP_CMD_SET_DISCOVERABLE (0x01|0x08|0x00)
                  raw data (1): 01 08 00 01 00|01
08:27:07:669    < BTP_GAP_CMD_SET_DISCOVERABLE (0x01|0x08|0x00)
                  raw data (4): 01 08 00 04 00|1b 02 00 00
08:27:11:583    < BTP_GAP_EV_DEVICE_CONNECTED (0x01|0x82|0x00)
                  raw data (13): 
                  01 82 00 0d 00|e0 4e e4 08 dc 1b 00 00 00 00 00 
                  00 00
08:27:11:584    < BTP_GAP_EV_NEW_SETTINGS (0x01|0x80|0x00)
                  raw data (4): 01 80 00 04 00|1b 02 00 00
08:27:13:317    < BTP_GAP_EV_ENCRYPTION_CHANGE (0x01|0x91|0x00)
                  raw data (9): 01 91 00 09 00|e0 4e e4 08 dc 1b 00 01 10
08:27:13:317    < BTP_GAP_EV_SEC_LEVEL_CHANGED (0x01|0x89|0x00)
                  raw data (8): 01 89 00 08 00|e0 4e e4 08 dc 1b 00 02
08:27:13:338    < BTP_MAP_EV_MSE_MAS_L2CAP_CONNECTED (0x29|0x9e|0x00)
                  raw data (8): 29 9e 00 08 00|e0 4e e4 08 dc 1b 00 00
08:27:13:447    < BTP_MAP_EV_MSE_MAS_CONNECT (0x29|0xa0|0x00)
                  raw data (41): 
                  29 a0 00 29 00|e0 4e e4 08 dc 1b 00 00 10 ff 00 
                  1c 00 46 00 13 bb 58 2b 40 42 0c 11 db b0 de 08 
                  00 20 0c 9a 66 4c 00 09 29 04 00 7f ff ff
08:27:13:448    > BTP_MAP_CMD_MSE_MAS_CONNECT (0x29|0x1e|0x00)
                  raw data (9): 29 1e 00 09 00|e0 4e e4 08 dc 1b 00 00 a0
08:27:13:473    < BTP_MAP_CMD_MSE_MAS_CONNECT (0x29|0x1e|0x00)
                  raw data (0): 29 1e 00 00 00|
08:27:13:487    < BTP_MAP_EV_MSE_MAS_SET_FOLDER (0x29|0xa4|0x00)
                  raw data (35): 
                  29 a4 00 23 00|e0 4e e4 08 dc 1b 00 00 02 18 00 
                  01 00 13 00 74 00 65 00 6c 00 65 00 63 00 6f 00 
                  6d 00 00 cb 00 00 00 04
08:27:13:489    > BTP_MAP_CMD_MSE_MAS_SET_FOLDER (0x29|0x21|0x00)
                  raw data (11): 29 21 00 0b 00|e0 4e e4 08 dc 1b 00 00 a0 00 00
08:27:13:534    < BTP_MAP_CMD_MSE_MAS_SET_FOLDER (0x29|0x21|0x00)
                  raw data (0): 29 21 00 00 00|
08:27:13:535    < BTP_MAP_EV_MSE_MAS_SET_FOLDER (0x29|0xa4|0x00)
                  raw data (27): 
                  29 a4 00 1b 00|e0 4e e4 08 dc 1b 00 00 02 10 00 
                  01 00 0b 00 6d 00 73 00 67 00 00 cb 00 00 00 04
08:27:13:536    > BTP_MAP_CMD_MSE_MAS_SET_FOLDER (0x29|0x21|0x00)
                  raw data (11): 29 21 00 0b 00|e0 4e e4 08 dc 1b 00 00 a0 00 00
08:27:13:594    < BTP_MAP_CMD_MSE_MAS_SET_FOLDER (0x29|0x21|0x00)
                  raw data (0): 29 21 00 00 00|
08:27:13:600    < BTP_MAP_EV_MSE_MAS_SET_FOLDER (0x29|0xa4|0x00)
                  raw data (31): 
                  29 a4 00 1f 00|e0 4e e4 08 dc 1b 00 00 02 14 00 
                  01 00 0f 00 69 00 6e 00 62 00 6f 00 78 00 00 cb 
                  00 00 00 04
08:27:13:601    > BTP_MAP_CMD_MSE_MAS_SET_FOLDER (0x29|0x21|0x00)
                  raw data (11): 29 21 00 0b 00|e0 4e e4 08 dc 1b 00 00 a0 00 00
08:27:13:654    < BTP_MAP_CMD_MSE_MAS_SET_FOLDER (0x29|0x21|0x00)
                  raw data (0): 29 21 00 00 00|
08:27:13:655    < BTP_MAP_EV_MSE_MAS_SET_FOLDER (0x29|0xa4|0x00)
                  raw data (19): 
                  29 a4 00 13 00|e0 4e e4 08 dc 1b 00 00 03 08 00 
                  01 00 03 cb 00 00 00 04
08:27:13:656    > BTP_MAP_CMD_MSE_MAS_SET_FOLDER (0x29|0x21|0x00)
                  raw data (11): 29 21 00 0b 00|e0 4e e4 08 dc 1b 00 00 a0 00 00
08:27:13:707    < BTP_MAP_CMD_MSE_MAS_SET_FOLDER (0x29|0x21|0x00)
                  raw data (0): 29 21 00 00 00|
08:27:13:717    < BTP_MAP_EV_MSE_MAS_DISCONNECT (0x29|0xa1|0x00)
                  raw data (15): 
                  29 a1 00 0f 00|e0 4e e4 08 dc 1b 00 00 05 00 cb 
                  00 00 00 04
08:27:13:718    > BTP_MAP_CMD_MSE_MAS_DISCONNECT (0x29|0x1f|0x00)
                  raw data (9): 29 1f 00 09 00|e0 4e e4 08 dc 1b 00 00 a0
08:27:13:762    < BTP_MAP_CMD_MSE_MAS_DISCONNECT (0x29|0x1f|0x00)
                  raw data (0): 29 1f 00 00 00|
08:27:13:763    < BTP_MAP_EV_MSE_MAS_L2CAP_DISCONNECTED (0x29|0x9f|0x00)
                  raw data (8): 29 9f 00 08 00|e0 4e e4 08 dc 1b 00 00
08:27:13:764    < BTP_GAP_EV_DEVICE_DISCONNECTED (0x01|0x83|0x00)
                  raw data (7): 01 83 00 07 00|e0 4e e4 08 dc 1b 00
08:27:17:293    < BTP_CORE_EV_IUT_READY (0x00|0x80|0xff)
                  raw data (0): 00 80 ff 00 00|
