07:19:20:127    > BTP_CORE_CMD_READ_SUPPORTED_SERVICES (0x00|0x02|0xff)
                  raw data (0): 00 02 ff 00 00|
07:19:20:161    < BTP_CORE_CMD_READ_SUPPORTED_SERVICES (0x00|0x02|0xff)
                  raw data (6): 00 02 ff 06 00|0f 00 00 a0 ff 03
07:19:20:173    > BTP_CORE_CMD_REGISTER_SERVICE (0x00|0x03|0xff)
                  raw data (1): 00 03 ff 01 00|01
07:19:24:286    < BTP_CORE_CMD_REGISTER_SERVICE (0x00|0x03|0xff)
                  raw data (0): 00 03 ff 00 00|
07:19:24:287    > BTP_GAP_CMD_READ_SUPPORTED_COMMANDS (0x01|0x01|0xff)
                  raw data (0): 01 01 ff 00 00|
07:19:24:337    < BTP_GAP_CMD_READ_SUPPORTED_COMMANDS (0x01|0x01|0xff)
                  raw data (7): 01 01 ff 07 00|6e ff 7f 1f fe ff 2e
07:19:24:337    > BTP_CORE_CMD_REGISTER_SERVICE (0x00|0x03|0xff)
                  raw data (3): 00 03 ff 01 00|03
07:19:24:379    < BTP_CORE_CMD_REGISTER_SERVICE (0x00|0x03|0xff)
                  raw data (0): 00 03 ff 00 00|
07:19:24:390    > BTP_L2CAP_CMD_READ_SUPPORTED_COMMANDS (0x03|0x01|0xff)
                  raw data (0): 03 01 ff 00 00|
07:19:24:450    < BTP_L2CAP_CMD_READ_SUPPORTED_COMMANDS (0x03|0x01|0xff)
                  raw data (2): 03 01 ff 02 00|be 1f
07:19:24:461    > BTP_GAP_CMD_READ_CONTROLLER_INFO (0x01|0x03|0x00)
                  raw data (0): 01 03 00 00 00|
07:19:24:514    < BTP_GAP_CMD_READ_CONTROLLER_INFO (0x01|0x03|0x00)
                  raw data (277): 
                  01 03 00 15 01|19 78 ee 69 17 d0 d3 06 02 00 13 
                  02 00 00 00 00 00 62 74 70 5f 74 65 73 74 65 72 
                  00 00 00 00 00 00 00 00 00 00 00 00 00 00 00 00 
                  00 00 00 00 00 00 00 00 00 00 00 00 00 00 00 00 
                  00 00 00 00 00 00 00 00 00 00 00 00 00 00 00 00 
                  00 00 00 00 00 00 00 00 00 00 00 00 00 00 00 00 
                  00 00 00 00 00 00 00 00 00 00 00 00 00 00 00 00 
                  00 00 00 00 00 00 00 00 00 00 00 00 00 00 00 00 
                  00 00 00 00 00 00 00 00 00 00 00 00 00 00 00 00 
                  00 00 00 00 00 00 00 00 00 00 00 00 00 00 00 00 
                  00 00 00 00 00 00 00 00 00 00 00 00 00 00 00 00 
                  00 00 00 00 00 00 00 00 00 00 00 00 00 00 00 00 
                  00 00 00 00 00 00 00 00 00 00 00 00 00 00 00 00 
                  00 00 00 00 00 00 00 00 00 00 00 00 00 00 00 00 
                  00 00 00 00 00 00 00 00 00 00 00 00 00 00 00 00 
                  00 00 00 00 00 00 00 00 00 00 00 00 00 00 00 00 
                  00 00 00 00 00 00 00 00 00 00 00 00 00 00 00 00 
                  00 00 00 00 00 00 00 00 00 00
07:19:24:572    > BTP_GAP_CMD_SET_IO_CAP (0x01|0x10|0x00)
                  raw data (1): 01 10 00 01 00|03
07:19:24:621    < BTP_GAP_CMD_SET_IO_CAP (0x01|0x10|0x00)
                  raw data (0): 01 10 00 00 00|
07:19:24:627    > BTP_L2CAP_CMD_LISTEN (0x03|0x05|0x00)
                  raw data (7): 03 05 00 07 00|01 10 00 78 00 04 00
07:19:24:672    < BTP_L2CAP_CMD_LISTEN (0x03|0x05|0x00)
                  raw data (0): 03 05 00 00 00|
07:19:24:682    > BTP_L2CAP_CMD_LISTEN (0x03|0x05|0x00)
                  raw data (7): 03 05 00 07 00|80 00 01 78 00 00 00
07:19:24:733    < BTP_L2CAP_CMD_LISTEN (0x03|0x05|0x00)
                  raw data (0): 03 05 00 00 00|
07:19:26:742    > BTP_GAP_CMD_SET_DISCOVERABLE (0x01|0x08|0x00)
                  raw data (1): 01 08 00 01 00|01
07:19:26:826    < BTP_GAP_CMD_SET_DISCOVERABLE (0x01|0x08|0x00)
                  raw data (4): 01 08 00 04 00|1b 02 00 00
07:19:26:837    > BTP_GAP_CMD_START_ADVERTISING (0x01|0x0a|0x00)
                  raw data (22): 
                  01 0a 00 16 00|0f 00 09 0d 54 65 73 74 65 72 5f 
                  30 38 45 34 34 45 ff ff ff ff 00
07:19:26:886    < BTP_GAP_CMD_START_ADVERTISING (0x01|0x0a|0x00)
                  raw data (4): 01 0a 00 04 00|1b 06 00 00
07:19:26:913    < BTP_GAP_EV_DEVICE_CONNECTED (0x01|0x82|0x00)
                  raw data (13): 
                  01 82 00 0d 00|e0 4e e4 08 dc 1b 00 00 00 00 00 
                  00 00
07:19:26:913    < BTP_GAP_EV_NEW_SETTINGS (0x01|0x80|0x00)
                  raw data (4): 01 80 00 04 00|1b 02 00 00
07:19:29:576    < BTP_GAP_EV_ENCRYPTION_CHANGE (0x01|0x91|0x00)
                  raw data (9): 01 91 00 09 00|e0 4e e4 08 dc 1b 00 01 10
07:19:29:586    < BTP_GAP_EV_SEC_LEVEL_CHANGED (0x01|0x89|0x00)
                  raw data (8): 01 89 00 08 00|e0 4e e4 08 dc 1b 00 02
07:19:29:730    < BTP_L2CAP_EV_CONNECTED (0x03|0x81|0x00)
                  raw data (18): 
                  03 81 00 12 00|02 15 01 30 00 30 00 c0 00 c0 00 
                  e0 4e e4 08 dc 1b 00
07:19:30:153    < BTP_GAP_EV_DEVICE_CONNECTED (0x01|0x82|0x00)
                  raw data (13): 
                  01 82 00 0d 00|00 4e e4 08 dc 1b 00 3c 00 00 00 
                  d0 09
07:19:30:154    < BTP_GAP_EV_NEW_SETTINGS (0x01|0x80|0x00)
                  raw data (4): 01 80 00 04 00|1b 02 00 00
07:19:30:218    < BTP_L2CAP_EV_CONNECTED (0x03|0x81|0x00)
                  raw data (18): 
                  03 81 00 12 00|00 bf 04 c0 00 40 00 c0 00 60 00 
                  00 4e e4 08 dc 1b 00
07:19:31:904    > BTP_GAP_CMD_SET_DISCOVERABLE (0x01|0x08|0x00)
                  raw data (1): 01 08 00 01 00|01
07:19:32:007    < BTP_GAP_CMD_SET_DISCOVERABLE (0x01|0x08|0x00)
                  raw data (4): 01 08 00 04 00|1b 02 00 00
07:19:32:012    > BTP_GAP_CMD_START_ADVERTISING (0x01|0x0a|0x00)
                  raw data (22): 
                  01 0a 00 16 00|0f 00 09 0d 54 65 73 74 65 72 5f 
                  30 38 45 34 34 45 ff ff ff ff 00
07:19:32:076    < BTP_GAP_CMD_START_ADVERTISING (0x01|0x0a|0x00)
                  raw data (4): 01 0a 00 04 00|1b 06 00 00
07:19:33:090    > BTP_L2CAP_CMD_SEND_DATA (0x03|0x04|0x00)
                  raw data (4): 03 04 00 04 00|02 01 00 00
07:19:33:132    < BTP_L2CAP_CMD_SEND_DATA (0x03|0x04|0x00)
                  raw data (0): 03 04 00 00 00|
07:19:34:145    > BTP_L2CAP_CMD_SEND_DATA (0x03|0x04|0x00)
                  raw data (67): 
                  03 04 00 43 00|00 40 00 ff ff ff ff ff ff ff ff 
                  ff ff ff ff ff ff ff ff ff ff ff ff ff ff ff ff 
                  ff ff ff ff ff ff ff ff ff ff ff ff ff ff ff ff 
                  ff ff ff ff ff ff ff ff ff ff ff ff ff ff ff ff 
                  ff ff ff ff ff ff ff ff
07:19:34:189    < BTP_L2CAP_CMD_SEND_DATA (0x03|0x04|0x00)
                  raw data (0): 03 04 00 00 00|
07:19:35:203    < BTP_L2CAP_EV_DISCONNECTED (0x03|0x82|0x00)
                  raw data (12): 
                  03 82 00 0c 00|00 00 02 00 00 e0 4e e4 08 dc 1b 
                  00
07:19:35:245    < BTP_L2CAP_EV_DISCONNECTED (0x03|0x82|0x00)
                  raw data (12): 
                  03 82 00 0c 00|00 00 00 00 00 00 4e e4 08 dc 1b 
                  00
07:19:35:532    < BTP_GAP_EV_DEVICE_DISCONNECTED (0x01|0x83|0x00)
                  raw data (7): 01 83 00 07 00|e0 4e e4 08 dc 1b 00
07:19:35:619    < BTP_GAP_EV_DEVICE_DISCONNECTED (0x01|0x83|0x00)
                  raw data (7): 01 83 00 07 00|00 4e e4 08 dc 1b 00
07:19:39:095    < BTP_CORE_EV_IUT_READY (0x00|0x80|0xff)
                  raw data (0): 00 80 ff 00 00|
