19:29:57:322    > BTP_CORE_CMD_READ_SUPPORTED_SERVICES (0x00|0x02|0xff)
                  raw data (0): 00 02 ff 00 00|
19:29:57:372    < BTP_CORE_CMD_READ_SUPPORTED_SERVICES (0x00|0x02|0xff)
                  raw data (5): 00 02 ff 05 00|0f 00 00 a0 01
19:29:57:378    > BTP_CORE_CMD_REGISTER_SERVICE (0x00|0x03|0xff)
                  raw data (1): 00 03 ff 01 00|01
19:30:01:523    < BTP_CORE_CMD_REGISTER_SERVICE (0x00|0x03|0xff)
                  raw data (0): 00 03 ff 00 00|
19:30:01:529    > BTP_GAP_CMD_READ_SUPPORTED_COMMANDS (0x01|0x01|0xff)
                  raw data (0): 01 01 ff 00 00|
19:30:01:593    < BTP_GAP_CMD_READ_SUPPORTED_COMMANDS (0x01|0x01|0xff)
                  raw data (7): 01 01 ff 07 00|6e ff 7f 1f fe ff 0e
19:30:01:611    > BTP_GAP_CMD_READ_CONTROLLER_INFO (0x01|0x03|0x00)
                  raw data (0): 01 03 00 00 00|
19:30:01:677    < BTP_GAP_CMD_READ_CONTROLLER_INFO (0x01|0x03|0x00)
                  raw data (277): 
                  01 03 00 15 01|19 78 ee 69 17 d0 d3 06 02 00 13 
                  02 00 00 00 00 00 62 74 70 5f 74 65 73 74 65 72 
                  00 00 00 00 00 00 00 00 00 00 00 00 00 00 00 00 
                  00 00 00 00 00 00 00 00 00 00 00 00 00 00 00 00 
                  00 00 00 00 00 00 00 00 00 00 00 00 00 00 00 00 
                  00 00 00 00 00 00 00 00 00 00 00 00 00 00 00 00 
                  00 00 00 00 00 00 00 00 00 00 00 00 00 00 00 00 
                  00 00 00 00 00 00 00 00 00 00 00 00 00 00 00 00 
                  00 00 00 00 00 00 00 00 00 00 00 00 00 00 00 00 
                  00 00 00 00 00 00 00 00 00 00 00 00 00 00 00 00 
                  00 00 00 00 00 00 00 00 00 00 00 00 00 00 00 00 
                  00 00 00 00 00 00 00 00 00 00 00 00 00 00 00 00 
                  00 00 00 00 00 00 00 00 00 00 00 00 00 00 00 00 
                  00 00 00 00 00 00 00 00 00 00 00 00 00 00 00 00 
                  00 00 00 00 00 00 00 00 00 00 00 00 00 00 00 00 
                  00 00 00 00 00 00 00 00 00 00 00 00 00 00 00 00 
                  00 00 00 00 00 00 00 00 00 00 00 00 00 00 00 00 
                  00 00 00 00 00 00 00 00 00 00
19:30:01:789    > BTP_CORE_CMD_REGISTER_SERVICE (0x00|0x03|0xff)
                  raw data (2): 00 03 ff 01 00|02
19:30:01:840    < BTP_CORE_CMD_REGISTER_SERVICE (0x00|0x03|0xff)
                  raw data (0): 00 03 ff 00 00|
19:30:01:852    > BTP_GATT_CMD_READ_SUPPORTED_COMMANDS (0x02|0x01|0xff)
                  raw data (0): 02 01 ff 00 00|
19:30:01:895    < BTP_GATT_CMD_READ_SUPPORTED_COMMANDS (0x02|0x01|0xff)
                  raw data (5): 02 01 ff 05 00|fe fe bf fd 0f
19:30:01:896    > BTP_GAP_CMD_SET_IO_CAP (0x01|0x10|0x00)
                  raw data (1): 01 10 00 01 00|04
19:30:01:956    < BTP_GAP_CMD_SET_IO_CAP (0x01|0x10|0x00)
                  raw data (0): 01 10 00 00 00|
19:30:02:017    > BTP_GAP_CMD_SET_IO_CAP (0x01|0x10|0x00)
                  raw data (1): 01 10 00 01 00|03
19:30:02:067    < BTP_GAP_CMD_SET_IO_CAP (0x01|0x10|0x00)
                  raw data (0): 01 10 00 00 00|
19:30:02:083    > BTP_CORE_CMD_REGISTER_SERVICE (0x00|0x03|0xff)
                  raw data (3): 00 03 ff 01 00|03
19:30:02:136    < BTP_CORE_CMD_REGISTER_SERVICE (0x00|0x03|0xff)
                  raw data (0): 00 03 ff 00 00|
19:30:02:141    > BTP_L2CAP_CMD_READ_SUPPORTED_COMMANDS (0x03|0x01|0xff)
                  raw data (0): 03 01 ff 00 00|
19:30:02:215    < BTP_L2CAP_CMD_READ_SUPPORTED_COMMANDS (0x03|0x01|0xff)
                  raw data (2): 03 01 ff 02 00|be 1f
19:30:09:238    > BTP_GAP_CMD_START_DISCOVERY (0x01|0x0c|0x00)
                  raw data (1): 01 0c 00 01 00|02
19:30:09:292    < BTP_GAP_CMD_START_DISCOVERY (0x01|0x0c|0x00)
                  raw data (0): 01 0c 00 00 00|
19:30:09:682    < BTP_GAP_EV_DEVICE_FOUND (0x01|0x81|0x00)
                  raw data (38): 
                  01 81 00 26 00|e0 53 00 4c 17 e5 44 b1 03 1b 00 
                  09 09 4e 58 4c 36 36 35 32 38 02 0a 0c 0d 03 0c 
                  11 0a 11 0b 11 0e 11 1f 11 1e 11
19:30:09:943    < BTP_GAP_EV_DEVICE_FOUND (0x01|0x81|0x00)
                  raw data (38): 
                  01 81 00 26 00|e0 53 00 4c 17 e5 44 b3 03 1b 00 
                  09 09 4e 58 4c 36 36 35 32 38 02 0a 0c 0d 03 0c 
                  11 0a 11 0b 11 0e 11 1f 11 1e 11
19:30:10:487    < BTP_GAP_EV_DEVICE_FOUND (0x01|0x81|0x00)
                  raw data (38): 
                  01 81 00 26 00|e0 53 00 4c 17 e5 44 b3 03 1b 00 
                  09 09 4e 58 4c 36 36 35 32 38 02 0a 0c 0d 03 0c 
                  11 0a 11 0b 11 0e 11 1f 11 1e 11
19:30:10:630    < BTP_GAP_EV_DEVICE_FOUND (0x01|0x81|0x00)
                  raw data (42): 
                  01 81 00 2a 00|e0 cd 83 06 dc 1b 00 b1 03 1f 00 
                  1e 09 41 32 44 50 20 53 6f 75 72 63 65 20 30 30 
                  3a 31 42 3a 44 43 3a 30 36 3a 38 33 3a 43 44
19:30:11:090    < BTP_GAP_EV_DEVICE_FOUND (0x01|0x81|0x00)
                  raw data (42): 
                  01 81 00 2a 00|e0 cd 83 06 dc 1b 00 a9 03 1f 00 
                  1e 09 41 32 44 50 20 53 6f 75 72 63 65 20 30 30 
                  3a 31 42 3a 44 43 3a 30 36 3a 38 33 3a 43 44
19:30:11:123    < BTP_GAP_EV_DEVICE_FOUND (0x01|0x81|0x00)
                  raw data (38): 
                  01 81 00 26 00|e0 53 00 4c 17 e5 44 b1 03 1b 00 
                  09 09 4e 58 4c 36 36 35 32 38 02 0a 0c 0d 03 0c 
                  11 0a 11 0b 11 0e 11 1f 11 1e 11
19:30:11:664    < BTP_GAP_EV_DEVICE_FOUND (0x01|0x81|0x00)
                  raw data (38): 
                  01 81 00 26 00|e0 53 00 4c 17 e5 44 ae 03 1b 00 
                  09 09 4e 58 4c 36 36 35 32 38 02 0a 0c 0d 03 0c 
                  11 0a 11 0b 11 0e 11 1f 11 1e 11
19:30:12:133    < BTP_GAP_EV_DEVICE_FOUND (0x01|0x81|0x00)
                  raw data (38): 
                  01 81 00 26 00|e0 53 00 4c 17 e5 44 a7 03 1b 00 
                  09 09 4e 58 4c 36 36 35 32 38 02 0a 0c 0d 03 0c 
                  11 0a 11 0b 11 0e 11 1f 11 1e 11
19:30:12:517    < BTP_GAP_EV_DEVICE_FOUND (0x01|0x81|0x00)
                  raw data (38): 
                  01 81 00 26 00|e0 53 00 4c 17 e5 44 b1 03 1b 00 
                  09 09 4e 58 4c 36 36 35 32 38 02 0a 0c 0d 03 0c 
                  11 0a 11 0b 11 0e 11 1f 11 1e 11
19:30:12:878    < BTP_GAP_EV_DEVICE_FOUND (0x01|0x81|0x00)
                  raw data (42): 
                  01 81 00 2a 00|e0 4d 65 9b 70 f3 5c a5 03 1f 00 
                  1e 09 48 46 50 20 41 47 20 44 65 6d 6f 20 35 43 
                  3a 46 33 3a 37 30 3a 39 42 3a 36 35 3a 34 44
19:30:12:922    < BTP_GAP_EV_DEVICE_FOUND (0x01|0x81|0x00)
                  raw data (42): 
                  01 81 00 2a 00|e0 95 83 06 dc 1b 00 a8 03 1f 00 
                  1e 09 48 46 50 20 41 47 20 44 65 6d 6f 20 30 30 
                  3a 31 42 3a 44 43 3a 30 36 3a 38 33 3a 39 35
19:30:13:138    < BTP_GAP_EV_DEVICE_FOUND (0x01|0x81|0x00)
                  raw data (42): 
                  01 81 00 2a 00|e0 eb b2 06 dc 1b 00 a6 03 1f 00 
                  1e 09 41 32 44 50 20 53 6f 75 72 63 65 20 30 30 
                  3a 31 42 3a 44 43 3a 30 36 3a 42 32 3a 45 42
19:30:13:639    < BTP_GAP_EV_DEVICE_FOUND (0x01|0x81|0x00)
                  raw data (11): 01 81 00 0b 00|e0 4d 65 9b 70 f3 5c a3 03 00 00
19:30:14:072    < BTP_GAP_EV_DEVICE_FOUND (0x01|0x81|0x00)
                  raw data (26): 
                  01 81 00 1a 00|e0 4e e4 08 dc 1b 00 d6 03 0f 00 
                  0e 09 50 54 53 2d 47 41 50 2d 45 34 34 45 00
19:30:14:083    < BTP_GAP_EV_DEVICE_FOUND (0x01|0x81|0x00)
                  raw data (42): 
                  01 81 00 2a 00|e0 eb b2 06 dc 1b 00 b3 03 1f 00 
                  1e 09 41 32 44 50 20 53 6f 75 72 63 65 20 30 30 
                  3a 31 42 3a 44 43 3a 30 36 3a 42 32 3a 45 42
19:30:14:278    < BTP_GAP_EV_DEVICE_FOUND (0x01|0x81|0x00)
                  raw data (42): 
                  01 81 00 2a 00|e0 eb b2 06 dc 1b 00 ae 03 1f 00 
                  1e 09 41 32 44 50 20 53 6f 75 72 63 65 20 30 30 
                  3a 31 42 3a 44 43 3a 30 36 3a 42 32 3a 45 42
19:30:14:419    < BTP_GAP_EV_DEVICE_FOUND (0x01|0x81|0x00)
                  raw data (38): 
                  01 81 00 26 00|e0 53 00 4c 17 e5 44 b4 03 1b 00 
                  09 09 4e 58 4c 36 36 35 32 38 02 0a 0c 0d 03 0c 
                  11 0a 11 0b 11 0e 11 1f 11 1e 11
19:30:14:517    < BTP_GAP_EV_DEVICE_FOUND (0x01|0x81|0x00)
                  raw data (38): 
                  01 81 00 26 00|e0 53 00 4c 17 e5 44 b2 03 1b 00 
                  09 09 4e 58 4c 36 36 35 32 38 02 0a 0c 0d 03 0c 
                  11 0a 11 0b 11 0e 11 1f 11 1e 11
19:30:15:084    < BTP_GAP_EV_DEVICE_FOUND (0x01|0x81|0x00)
                  raw data (38): 
                  01 81 00 26 00|e0 53 00 4c 17 e5 44 b3 03 1b 00 
                  09 09 4e 58 4c 36 36 35 32 38 02 0a 0c 0d 03 0c 
                  11 0a 11 0b 11 0e 11 1f 11 1e 11
19:30:15:476    < BTP_GAP_EV_DEVICE_FOUND (0x01|0x81|0x00)
                  raw data (38): 
                  01 81 00 26 00|e0 53 00 4c 17 e5 44 b1 03 1b 00 
                  09 09 4e 58 4c 36 36 35 32 38 02 0a 0c 0d 03 0c 
                  11 0a 11 0b 11 0e 11 1f 11 1e 11
19:30:16:074    < BTP_GAP_EV_DEVICE_FOUND (0x01|0x81|0x00)
                  raw data (38): 
                  01 81 00 26 00|e0 53 00 4c 17 e5 44 b3 03 1b 00 
                  09 09 4e 58 4c 36 36 35 32 38 02 0a 0c 0d 03 0c 
                  11 0a 11 0b 11 0e 11 1f 11 1e 11
19:30:16:822    < BTP_GAP_EV_DEVICE_FOUND (0x01|0x81|0x00)
                  raw data (38): 
                  01 81 00 26 00|e0 53 00 4c 17 e5 44 a7 03 1b 00 
                  09 09 4e 58 4c 36 36 35 32 38 02 0a 0c 0d 03 0c 
                  11 0a 11 0b 11 0e 11 1f 11 1e 11
19:30:16:998    < BTP_GAP_EV_DEVICE_FOUND (0x01|0x81|0x00)
                  raw data (26): 
                  01 81 00 1a 00|e0 4e e4 08 dc 1b 00 d3 03 0f 00 
                  0e 09 50 54 53 2d 47 41 50 2d 45 34 34 45 00
19:30:17:250    < BTP_GAP_EV_DEVICE_FOUND (0x01|0x81|0x00)
                  raw data (42): 
                  01 81 00 2a 00|e0 eb b2 06 dc 1b 00 a8 03 1f 00 
                  1e 09 41 32 44 50 20 53 6f 75 72 63 65 20 30 30 
                  3a 31 42 3a 44 43 3a 30 36 3a 42 32 3a 45 42
19:30:17:415    < BTP_GAP_EV_DEVICE_FOUND (0x01|0x81|0x00)
                  raw data (39): 
                  01 81 00 27 00|e0 5f ae 7d 39 b3 a0 a6 03 1c 00 
                  0a 09 53 4d 57 30 31 31 37 31 34 02 0a 0c 0d 03 
                  0a 11 0c 11 0e 11 0b 11 1f 11 1e 11
19:30:17:601    < BTP_GAP_EV_DEVICE_FOUND (0x01|0x81|0x00)
                  raw data (26): 
                  01 81 00 1a 00|e0 4e e4 08 dc 1b 00 d1 03 0f 00 
                  0e 09 50 54 53 2d 47 41 50 2d 45 34 34 45 00
19:30:17:688    < BTP_GAP_EV_DEVICE_FOUND (0x01|0x81|0x00)
                  raw data (42): 
                  01 81 00 2a 00|e0 eb b2 06 dc 1b 00 ad 03 1f 00 
                  1e 09 41 32 44 50 20 53 6f 75 72 63 65 20 30 30 
                  3a 31 42 3a 44 43 3a 30 36 3a 42 32 3a 45 42
19:30:17:744    < BTP_GAP_EV_DEVICE_FOUND (0x01|0x81|0x00)
                  raw data (42): 
                  01 81 00 2a 00|e0 eb b2 06 dc 1b 00 a6 03 1f 00 
                  1e 09 41 32 44 50 20 53 6f 75 72 63 65 20 30 30 
                  3a 31 42 3a 44 43 3a 30 36 3a 42 32 3a 45 42
19:30:18:157    < BTP_GAP_EV_DEVICE_FOUND (0x01|0x81|0x00)
                  raw data (26): 
                  01 81 00 1a 00|e0 4e e4 08 dc 1b 00 cf 03 0f 00 
                  0e 09 50 54 53 2d 47 41 50 2d 45 34 34 45 00
19:30:18:320    < BTP_GAP_EV_DEVICE_FOUND (0x01|0x81|0x00)
                  raw data (42): 
                  01 81 00 2a 00|e0 eb b2 06 dc 1b 00 b3 03 1f 00 
                  1e 09 41 32 44 50 20 53 6f 75 72 63 65 20 30 30 
                  3a 31 42 3a 44 43 3a 30 36 3a 42 32 3a 45 42
19:30:18:668    < BTP_GAP_EV_DEVICE_FOUND (0x01|0x81|0x00)
                  raw data (42): 
                  01 81 00 2a 00|e0 eb b2 06 dc 1b 00 ac 03 1f 00 
                  1e 09 41 32 44 50 20 53 6f 75 72 63 65 20 30 30 
                  3a 31 42 3a 44 43 3a 30 36 3a 42 32 3a 45 42
19:30:18:755    < BTP_GAP_EV_DEVICE_FOUND (0x01|0x81|0x00)
                  raw data (26): 
                  01 81 00 1a 00|e0 4e e4 08 dc 1b 00 cf 03 0f 00 
                  0e 09 50 54 53 2d 47 41 50 2d 45 34 34 45 00
19:30:19:040    < BTP_GAP_EV_DEVICE_FOUND (0x01|0x81|0x00)
                  raw data (26): 
                  01 81 00 1a 00|e0 4e e4 08 dc 1b 00 d1 03 0f 00 
                  0e 09 50 54 53 2d 47 41 50 2d 45 34 34 45 00
19:30:19:073    < BTP_GAP_EV_DEVICE_FOUND (0x01|0x81|0x00)
                  raw data (38): 
                  01 81 00 26 00|e0 53 00 4c 17 e5 44 b3 03 1b 00 
                  09 09 4e 58 4c 36 36 35 32 38 02 0a 0c 0d 03 0c 
                  11 0a 11 0b 11 0e 11 1f 11 1e 11
19:30:19:293    > BTP_GAP_CMD_STOP_DISCOVERY (0x01|0x0d|0x00)
                  raw data (0): 01 0d 00 00 00|
19:30:19:344    < BTP_GAP_CMD_STOP_DISCOVERY (0x01|0x0d|0x00)
                  raw data (0): 01 0d 00 00 00|
19:30:19:357    > BTP_GAP_CMD_CONNECT (0x01|0x0e|0x00)
                  raw data (8): 01 0e 00 08 00|e0 4e e4 08 dc 1b 00 00
19:30:19:422    < BTP_GAP_CMD_CONNECT (0x01|0x0e|0x00)
                  raw data (0): 01 0e 00 00 00|
19:30:20:359    < BTP_GAP_EV_DEVICE_CONNECTED (0x01|0x82|0x00)
                  raw data (13): 
                  01 82 00 0d 00|e0 4e e4 08 dc 1b 00 00 00 00 00 
                  00 00
19:30:20:445    > BTP_GAP_CMD_PAIR (0x01|0x11|0x00)
                  raw data (7): 01 11 00 07 00|e0 4e e4 08 dc 1b 00
19:30:20:495    < BTP_GAP_CMD_PAIR (0x01|0x11|0x00)
                  raw data (0): 01 11 00 00 00|
19:30:21:822    < BTP_CORE_EV_IUT_READY (0x00|0x80|0xff)
                  raw data (0): 00 80 ff 00 00|
