2026-10-08 19:32:23,774 LT1-thread root DEBUG client.py                 1099  _run_test_case            : Starting TestCase _run_test_case A2DP A2DP/SRC/REL/BV-02-C
2026-10-08 19:32:23,774 LT1-thread root DEBUG testcase.py               727   pre_run                   : pre_run A2DP A2DP/SRC/REL/BV-02-C
2026-10-08 19:32:23,774 LT1-thread root DEBUG testcase.py               729   pre_run                   : About to run test case A2DP A2DP/SRC/REL/BV-02-C with commands:
2026-10-08 19:32:23,775 LT1-thread root DEBUG testcase.py               731   pre_run                   : 0) class=<class 'autopts.ptsprojects.testcase.TestFunc'>, func=<bound method ZTestCase._test_case_start of <autopts.ptsprojects.zephyr.ztestcase.ZTestCase object at 0x000002C687BAFCE0>> start_wid=None stop_wid=None post_wid=None skip_call=None call_count=0 args=() kwds={}
2026-10-08 19:32:23,775 LT1-thread root DEBUG testcase.py               731   pre_run                   : 1) class=<class 'autopts.ptsprojects.testcase.TestFunc'>, func=<function test_cases.<locals>.<lambda> at 0x000002C687ABE8E0> start_wid=None stop_wid=None post_wid=None skip_call=None call_count=65 args=() kwds={}
2026-10-08 19:32:23,775 LT1-thread root DEBUG testcase.py               731   pre_run                   : 2) class=<class 'autopts.ptsprojects.testcase.TestFunc'>, func=<function core_reg_svc_gap at 0x000002C684E2E160> start_wid=None stop_wid=None post_wid=None skip_call=None call_count=65 args=() kwds={}
2026-10-08 19:32:23,775 LT1-thread root DEBUG testcase.py               731   pre_run                   : 3) class=<class 'autopts.ptsprojects.testcase.TestFunc'>, func=<bound method Stack.gap_init of <autopts.ptsprojects.stack.stack.Stack object at 0x000002C6862F6F00>> start_wid=None stop_wid=None post_wid=None skip_call=None call_count=65 args=(b'Tester_08E44E',) kwds={}
2026-10-08 19:32:23,775 LT1-thread root DEBUG testcase.py               731   pre_run                   : 4) class=<class 'autopts.ptsprojects.testcase.TestFunc'>, func=<function gap_read_controller_info at 0x000002C684E6EB60> start_wid=None stop_wid=None post_wid=None skip_call=None call_count=65 args=() kwds={}
2026-10-08 19:32:23,775 LT1-thread root DEBUG testcase.py               731   pre_run                   : 5) class=<class 'autopts.ptsprojects.testcase.TestFunc'>, func=<function test_cases.<locals>.<lambda> at 0x000002C687ABE980> start_wid=None stop_wid=None post_wid=None skip_call=None call_count=65 args=() kwds={}
2026-10-08 19:32:23,775 LT1-thread root DEBUG testcase.py               731   pre_run                   : 6) class=<class 'autopts.ptsprojects.testcase.TestFunc'>, func=<function set_pts_addr at 0x000002C684E2DD00> start_wid=None stop_wid=None post_wid=None skip_call=None call_count=65 args=('00:1B:DC:08:E4:4E', 0) kwds={}
2026-10-08 19:32:23,775 LT1-thread root DEBUG testcase.py               731   pre_run                   : 7) class=<class 'autopts.ptsprojects.testcase.TestFunc'>, func=<function core_reg_svc_gatt at 0x000002C684E2E2A0> start_wid=None stop_wid=None post_wid=None skip_call=None call_count=65 args=() kwds={}
2026-10-08 19:32:23,775 LT1-thread root DEBUG testcase.py               731   pre_run                   : 8) class=<class 'autopts.ptsprojects.testcase.TestFunc'>, func=<bound method Stack.gatt_init of <autopts.ptsprojects.stack.stack.Stack object at 0x000002C6862F6F00>> start_wid=None stop_wid=None post_wid=None skip_call=None call_count=65 args=() kwds={}
2026-10-08 19:32:23,775 LT1-thread root DEBUG testcase.py               731   pre_run                   : 9) class=<class 'autopts.ptsprojects.testcase.TestFunc'>, func=<function core_reg_svc_a2dp at 0x000002C684E2F9C0> start_wid=None stop_wid=None post_wid=None skip_call=None call_count=65 args=() kwds={}
2026-10-08 19:32:23,776 LT1-thread root DEBUG testcase.py               731   pre_run                   : 10) class=<class 'autopts.ptsprojects.testcase.TestFunc'>, func=<bound method Stack.a2dp_init of <autopts.ptsprojects.stack.stack.Stack object at 0x000002C6862F6F00>> start_wid=None stop_wid=None post_wid=None skip_call=None call_count=65 args=() kwds={}
2026-10-08 19:32:23,776 LT1-thread root DEBUG testcase.py               731   pre_run                   : 11) class=<class 'autopts.ptsprojects.testcase.TestFunc'>, func=<function a2dp_register_endpoint at 0x000002C684E34400> start_wid=None stop_wid=None post_wid=None skip_call=None call_count=0 args=(0, 0, 0, 0, None) kwds={}
2026-10-08 19:32:23,776 LT1-thread root DEBUG testcase.py               731   pre_run                   : 12) class=<class 'autopts.ptsprojects.testcase.TestFuncCleanUp'>, func=<bound method ZTestCase._test_case_cleanup of <autopts.ptsprojects.zephyr.ztestcase.ZTestCase object at 0x000002C687BAFCE0>> start_wid=None stop_wid=None post_wid=None skip_call=None call_count=0 args=() kwds={}
2026-10-08 19:32:23,776 LT1-thread root DEBUG testcase.py               738   pre_run                   : pre_run, run pre test case script
2026-10-08 19:32:23,783 LT1-thread root DEBUG testcase.py               254   start                     : Starting test function: class=<class 'autopts.ptsprojects.testcase.TestFunc'>, func=<bound method ZTestCase._test_case_start of <autopts.ptsprojects.zephyr.ztestcase.ZTestCase object at 0x000002C687BAFCE0>> start_wid=None stop_wid=None post_wid=None skip_call=None call_count=1 args=() kwds={}
2026-10-08 19:32:23,784 LT1-thread root DEBUG testcase.py               266   start                     : Test function parameters: args=(), kwds={}
2026-10-08 19:32:23,784 LT1-thread root DEBUG iutctl.py                 172   start                     : <class 'autopts.ptsprojects.zephyr.iutctl.create_zephyr_ctl_class.<locals>.ZephyrCtl'>.start
2026-10-08 19:32:23,784 LT1-thread root DEBUG iutctl.py                 325   flush_serial              : <class 'autopts.ptsprojects.zephyr.iutctl.create_zephyr_ctl_class.<locals>.ZephyrCtl'>.flush_serial
2026-10-08 19:32:24,962 LT1-thread root DEBUG iutctl.py                 249   _start_tty_mode           : Starting socat process: socat.exe -x -v tcp:10.17.12.9:52732,retry=100,interval=1 /dev/ttyS2,raw,b115200,
2026-10-08 19:32:24,969 LT1-thread root DEBUG iutctl_common.py          402   accept                    : 
2026-10-08 19:32:25,039 BTPWorkerThread-1018 (_rx_task) root DEBUG iutctl_common.py          299   _rx_task                  : BTPWorkerThread-1018 (_rx_task) started
2026-10-08 19:32:25,040 LT1-thread root DEBUG iutctl.py                 395   wait_iut_ready_event      : IUT ready event received OK
2026-10-08 19:32:25,040 LT1-thread root DEBUG btp.py                    51    read_supp_svcs            : 
2026-10-08 19:32:25,041 LT1-thread root DEBUG iutctl_common.py          161   send                      : 0 2 255 ''
2026-10-08 19:32:25,041 LT1-thread root DEBUG iutctl_common.py          166   send                      : sending frame '0002ff0000'
2026-10-08 19:32:25,041 LT1-thread root DEBUG iutctl_common.py          339   read                      : 
2026-10-08 19:32:25,050 BTPWorkerThread-1018 (_rx_task) root DEBUG iutctl_common.py          123   read                      : Read 5 bytes
2026-10-08 19:32:25,062 BTPWorkerThread-1018 (_rx_task) root DEBUG iutctl_common.py          131   read                      : Received: hdr: Header(svc_id=0x00, op=0x02, ctrl_index=0xff, data_len=0x06) bytearray(b'\x00\x02\xff\x06\x00')
2026-10-08 19:32:25,067 BTPWorkerThread-1018 (_rx_task) root DEBUG iutctl_common.py          139   read                      : Read 6 bytes data
2026-10-08 19:32:25,078 BTPWorkerThread-1018 (_rx_task) root DEBUG iutctl_common.py          154   read                      : Received data: {'0f 00 00 a0 ff 03'}, bytearray(b'\x0f\x00\x00\xa0\xff\x03')
2026-10-08 19:32:25,083 LT1-thread root DEBUG btp.py                    62    read_supp_svcs            : received Header(svc_id=0, op=2, ctrl_index=255, data_len=6) (b'\x0f\x00\x00\xa0\xff\x03',)
2026-10-08 19:32:25,083 LT1-thread root DEBUG testcase.py               254   start                     : Starting test function: class=<class 'autopts.ptsprojects.testcase.TestFunc'>, func=<function test_cases.<locals>.<lambda> at 0x000002C687ABE8E0> start_wid=None stop_wid=None post_wid=None skip_call=None call_count=66 args=() kwds={}
2026-10-08 19:32:25,083 LT1-thread root DEBUG testcase.py               266   start                     : Test function parameters: args=(), kwds={}
2026-10-08 19:32:25,086 LT1-thread root DEBUG testcase.py               254   start                     : Starting test function: class=<class 'autopts.ptsprojects.testcase.TestFunc'>, func=<function core_reg_svc_gap at 0x000002C684E2E160> start_wid=None stop_wid=None post_wid=None skip_call=None call_count=66 args=() kwds={}
2026-10-08 19:32:25,086 LT1-thread root DEBUG testcase.py               266   start                     : Test function parameters: args=(), kwds={}
2026-10-08 19:32:25,086 LT1-thread root DEBUG btp.py                    117   core_reg_svc_univ         : core_reg_svc_univ: gap_reg (GAP)
2026-10-08 19:32:25,086 LT1-thread root DEBUG iutctl_common.py          161   send                      : 0 3 255 '1'
2026-10-08 19:32:25,086 LT1-thread root DEBUG iutctl_common.py          166   send                      : sending frame '0003ff010001'
2026-10-08 19:32:25,087 LT1-thread root DEBUG btp.py                    654   core_reg_svc_rsp_succ     : 
2026-10-08 19:32:25,087 LT1-thread root DEBUG iutctl_common.py          339   read                      : 
2026-10-08 19:32:29,198 BTPWorkerThread-1018 (_rx_task) root DEBUG iutctl_common.py          123   read                      : Read 5 bytes
2026-10-08 19:32:29,210 BTPWorkerThread-1018 (_rx_task) root DEBUG iutctl_common.py          131   read                      : Received: hdr: Header(svc_id=0x00, op=0x03, ctrl_index=0xff, data_len=0x00) bytearray(b'\x00\x03\xff\x00\x00')
2026-10-08 19:32:29,215 BTPWorkerThread-1018 (_rx_task) root DEBUG iutctl_common.py          154   read                      : Received data: {''}, bytearray(b'')
2026-10-08 19:32:29,227 LT1-thread root DEBUG btp.py                    665   core_reg_svc_rsp_succ     : received Header(svc_id=0, op=3, ctrl_index=255, data_len=0) (b'',)
2026-10-08 19:32:29,227 LT1-thread root DEBUG btp.py                    666   core_reg_svc_rsp_succ     : expected ((0, 3, 255, 0), (b'',))
2026-10-08 19:32:29,227 LT1-thread root DEBUG btp.py                    671   core_reg_svc_rsp_succ     : response is valid
2026-10-08 19:32:29,227 LT1-thread root DEBUG btp.py                    674   core_reg_svc_rsp_succ     : Reading supported commands for service: GAP
2026-10-08 19:32:29,227 LT1-thread root DEBUG iutctl_common.py          161   send                      : 1 1 255 ''
2026-10-08 19:32:29,227 LT1-thread root DEBUG iutctl_common.py          166   send                      : sending frame '0101ff0000'
2026-10-08 19:32:29,227 LT1-thread root DEBUG iutctl_common.py          339   read                      : 
2026-10-08 19:32:29,259 BTPWorkerThread-1018 (_rx_task) root DEBUG iutctl_common.py          123   read                      : Read 5 bytes
2026-10-08 19:32:29,265 BTPWorkerThread-1018 (_rx_task) root DEBUG iutctl_common.py          131   read                      : Received: hdr: Header(svc_id=0x01, op=0x01, ctrl_index=0xff, data_len=0x07) bytearray(b'\x01\x01\xff\x07\x00')
2026-10-08 19:32:29,271 BTPWorkerThread-1018 (_rx_task) root DEBUG iutctl_common.py          139   read                      : Read 7 bytes data
2026-10-08 19:32:29,282 BTPWorkerThread-1018 (_rx_task) root DEBUG iutctl_common.py          154   read                      : Received data: {'6e ff 7f 1f fe ff 2e'}, bytearray(b'n\xff\x7f\x1f\xfe\xff.')
2026-10-08 19:32:29,298 LT1-thread root DEBUG testcase.py               254   start                     : Starting test function: class=<class 'autopts.ptsprojects.testcase.TestFunc'>, func=<bound method Stack.gap_init of <autopts.ptsprojects.stack.stack.Stack object at 0x000002C6862F6F00>> start_wid=None stop_wid=None post_wid=None skip_call=None call_count=66 args=(b'Tester_08E44E',) kwds={}
2026-10-08 19:32:29,298 LT1-thread root DEBUG testcase.py               266   start                     : Test function parameters: args=(b'Tester_08E44E',), kwds={}
2026-10-08 19:32:29,298 LT1-thread root DEBUG testcase.py               254   start                     : Starting test function: class=<class 'autopts.ptsprojects.testcase.TestFunc'>, func=<function gap_read_controller_info at 0x000002C684E6EB60> start_wid=None stop_wid=None post_wid=None skip_call=None call_count=66 args=() kwds={}
2026-10-08 19:32:29,298 LT1-thread root DEBUG testcase.py               266   start                     : Test function parameters: args=(), kwds={}
2026-10-08 19:32:29,298 LT1-thread root DEBUG gap.py                    1163  gap_read_controller_info  : 
2026-10-08 19:32:29,298 LT1-thread root DEBUG iutctl_common.py          161   send                      : 1 3 0 ''
2026-10-08 19:32:29,298 LT1-thread root DEBUG iutctl_common.py          166   send                      : sending frame '0103000000'
2026-10-08 19:32:29,299 LT1-thread root DEBUG iutctl_common.py          339   read                      : 
2026-10-08 19:32:29,336 BTPWorkerThread-1018 (_rx_task) root DEBUG iutctl_common.py          123   read                      : Read 5 bytes
2026-10-08 19:32:29,342 BTPWorkerThread-1018 (_rx_task) root DEBUG iutctl_common.py          131   read                      : Received: hdr: Header(svc_id=0x01, op=0x03, ctrl_index=0x00, data_len=0x115) bytearray(b'\x01\x03\x00\x15\x01')
2026-10-08 19:32:29,357 BTPWorkerThread-1018 (_rx_task) root DEBUG iutctl_common.py          139   read                      : Read 230 bytes data
2026-10-08 19:32:29,373 BTPWorkerThread-1018 (_rx_task) root DEBUG iutctl_common.py          139   read                      : Read 47 bytes data
2026-10-08 19:32:29,384 BTPWorkerThread-1018 (_rx_task) root DEBUG iutctl_common.py          154   read                      : Received data: {'19 78 ee 69 17 d0 d3 06 02 00 13 02 00 00 00 00 00 62 74 70 5f 74 65 73 74 65 72 00 00 00 00 00 00 00 00 00 00 00 00 00 00 00 00 00 00 00 00 00 00 00 00 00 00 00 00 00 00 00 00 00 00 00 00 00 00 00 00 00 00 00 00 00 00 00 00 00 00 00 00 00 00 00 00 00 00 00 00 00 00 00 00 00 00 00 00 00 00 00 00 00 00 00 00 00 00 00 00 00 00 00 00 00 00 00 00 00 00 00 00 00 00 00 00 00 00 00 00 00 00 00 00 00 00 00 00 00 00 00 00 00 00 00 00 00 00 00 00 00 00 00 00 00 00 00 00 00 00 00 00 00 00 00 00 00 00 00 00 00 00 00 00 00 00 00 00 00 00 00 00 00 00 00 00 00 00 00 00 00 00 00 00 00 00 00 00 00 00 00 00 00 00 00 00 00 00 00 00 00 00 00 00 00 00 00 00 00 00 00 00 00 00 00 00 00 00 00 00 00 00 00 00 00 00 00 00 00 00 00 00 00 00 00 00 00 00 00 00 00 00 00 00 00 00 00 00 00 00 00 00 00 00 00 00 00 00 00 00 00 00 00 00 00 00 00 00 00 00'}, bytearray(b'\x19x\xeei\x17\xd0\xd3\x06\x02\x00\x13\x02\x00\x00\x00\x00\x00btp_tester\x00\x00\x00\x00\x00\x00\x00\x00\x00\x00\x00\x00\x00\x00\x00\x00\x00\x00\x00\x00\x00\x00\x00\x00\x00\x00\x00\x00\x00\x00\x00\x00\x00\x00\x00\x00\x00\x00\x00\x00\x00\x00\x00\x00\x00\x00\x00\x00\x00\x00\x00\x00\x00\x00\x00\x00\x00\x00\x00\x00\x00\x00\x00\x00\x00\x00\x00\x00\x00\x00\x00\x00\x00\x00\x00\x00\x00\x00\x00\x00\x00\x00\x00\x00\x00\x00\x00\x00\x00\x00\x00\x00\x00\x00\x00\x00\x00\x00\x00\x00\x00\x00\x00\x00\x00\x00\x00\x00\x00\x00\x00\x00\x00\x00\x00\x00\x00\x00\x00\x00\x00\x00\x00\x00\x00\x00\x00\x00\x00\x00\x00\x00\x00\x00\x00\x00\x00\x00\x00\x00\x00\x00\x00\x00\x00\x00\x00\x00\x00\x00\x00\x00\x00\x00\x00\x00\x00\x00\x00\x00\x00\x00\x00\x00\x00\x00\x00\x00\x00\x00\x00\x00\x00\x00\x00\x00\x00\x00\x00\x00\x00\x00\x00\x00\x00\x00\x00\x00\x00\x00\x00\x00\x00\x00\x00\x00\x00\x00\x00\x00\x00\x00\x00\x00\x00\x00\x00\x00\x00\x00\x00\x00\x00\x00\x00\x00\x00\x00\x00\x00\x00\x00\x00\x00\x00\x00\x00\x00\x00\x00\x00\x00\x00\x00\x00\x00\x00\x00\x00\x00\x00\x00\x00\x00\x00\x00\x00\x00\x00\x00')
2026-10-08 19:32:29,395 LT1-thread root DEBUG gap.py                    1170  gap_read_controller_info  : received Header(svc_id=1, op=3, ctrl_index=0, data_len=277) (b'\x19x\xeei\x17\xd0\xd3\x06\x02\x00\x13\x02\x00\x00\x00\x00\x00btp_tester\x00\x00\x00\x00\x00\x00\x00\x00\x00\x00\x00\x00\x00\x00\x00\x00\x00\x00\x00\x00\x00\x00\x00\x00\x00\x00\x00\x00\x00\x00\x00\x00\x00\x00\x00\x00\x00\x00\x00\x00\x00\x00\x00\x00\x00\x00\x00\x00\x00\x00\x00\x00\x00\x00\x00\x00\x00\x00\x00\x00\x00\x00\x00\x00\x00\x00\x00\x00\x00\x00\x00\x00\x00\x00\x00\x00\x00\x00\x00\x00\x00\x00\x00\x00\x00\x00\x00\x00\x00\x00\x00\x00\x00\x00\x00\x00\x00\x00\x00\x00\x00\x00\x00\x00\x00\x00\x00\x00\x00\x00\x00\x00\x00\x00\x00\x00\x00\x00\x00\x00\x00\x00\x00\x00\x00\x00\x00\x00\x00\x00\x00\x00\x00\x00\x00\x00\x00\x00\x00\x00\x00\x00\x00\x00\x00\x00\x00\x00\x00\x00\x00\x00\x00\x00\x00\x00\x00\x00\x00\x00\x00\x00\x00\x00\x00\x00\x00\x00\x00\x00\x00\x00\x00\x00\x00\x00\x00\x00\x00\x00\x00\x00\x00\x00\x00\x00\x00\x00\x00\x00\x00\x00\x00\x00\x00\x00\x00\x00\x00\x00\x00\x00\x00\x00\x00\x00\x00\x00\x00\x00\x00\x00\x00\x00\x00\x00\x00\x00\x00\x00\x00\x00\x00\x00\x00\x00\x00\x00\x00\x00\x00\x00\x00\x00\x00\x00\x00\x00\x00\x00\x00\x00\x00\x00\x00\x00\x00\x00\x00\x00',)
2026-10-08 19:32:29,395 LT1-thread root DEBUG gap.py                    1191  gap_read_controller_info  : IUT address 'd01769ee7819' 'public'
2026-10-08 19:32:29,395 LT1-thread root DEBUG gap.py                    596   __gap_current_settings_update : 531
2026-10-08 19:32:29,395 LT1-thread root DEBUG testcase.py               254   start                     : Starting test function: class=<class 'autopts.ptsprojects.testcase.TestFunc'>, func=<function test_cases.<locals>.<lambda> at 0x000002C687ABE980> start_wid=None stop_wid=None post_wid=None skip_call=None call_count=66 args=() kwds={}
2026-10-08 19:32:29,395 LT1-thread root DEBUG testcase.py               266   start                     : Test function parameters: args=(), kwds={}
2026-10-08 19:32:29,398 LT1-thread root DEBUG testcase.py               254   start                     : Starting test function: class=<class 'autopts.ptsprojects.testcase.TestFunc'>, func=<function set_pts_addr at 0x000002C684E2DD00> start_wid=None stop_wid=None post_wid=None skip_call=None call_count=66 args=('00:1B:DC:08:E4:4E', 0) kwds={}
2026-10-08 19:32:29,398 LT1-thread root DEBUG testcase.py               266   start                     : Test function parameters: args=('00:1B:DC:08:E4:4E', 0), kwds={}
2026-10-08 19:32:29,398 LT1-thread root DEBUG testcase.py               254   start                     : Starting test function: class=<class 'autopts.ptsprojects.testcase.TestFunc'>, func=<function core_reg_svc_gatt at 0x000002C684E2E2A0> start_wid=None stop_wid=None post_wid=None skip_call=None call_count=66 args=() kwds={}
2026-10-08 19:32:29,399 LT1-thread root DEBUG testcase.py               266   start                     : Test function parameters: args=(), kwds={}
2026-10-08 19:32:29,399 LT1-thread root DEBUG btp.py                    117   core_reg_svc_univ         : core_reg_svc_univ: gatt_reg (GATT)
2026-10-08 19:32:29,399 LT1-thread root DEBUG iutctl_common.py          161   send                      : 0 3 255 '2'
2026-10-08 19:32:29,399 LT1-thread root DEBUG iutctl_common.py          166   send                      : sending frame '0003ff010002'
2026-10-08 19:32:29,399 LT1-thread root DEBUG btp.py                    654   core_reg_svc_rsp_succ     : 
2026-10-08 19:32:29,399 LT1-thread root DEBUG iutctl_common.py          339   read                      : 
2026-10-08 19:32:29,435 BTPWorkerThread-1018 (_rx_task) root DEBUG iutctl_common.py          123   read                      : Read 5 bytes
2026-10-08 19:32:29,446 BTPWorkerThread-1018 (_rx_task) root DEBUG iutctl_common.py          131   read                      : Received: hdr: Header(svc_id=0x00, op=0x03, ctrl_index=0xff, data_len=0x00) bytearray(b'\x00\x03\xff\x00\x00')
2026-10-08 19:32:29,452 BTPWorkerThread-1018 (_rx_task) root DEBUG iutctl_common.py          154   read                      : Received data: {''}, bytearray(b'')
2026-10-08 19:32:29,458 LT1-thread root DEBUG btp.py                    665   core_reg_svc_rsp_succ     : received Header(svc_id=0, op=3, ctrl_index=255, data_len=0) (b'',)
2026-10-08 19:32:29,458 LT1-thread root DEBUG btp.py                    666   core_reg_svc_rsp_succ     : expected ((0, 3, 255, 0), (b'',))
2026-10-08 19:32:29,458 LT1-thread root DEBUG btp.py                    671   core_reg_svc_rsp_succ     : response is valid
2026-10-08 19:32:29,458 LT1-thread root DEBUG btp.py                    674   core_reg_svc_rsp_succ     : Reading supported commands for service: GATT
2026-10-08 19:32:29,458 LT1-thread root DEBUG iutctl_common.py          161   send                      : 2 1 255 ''
2026-10-08 19:32:29,458 LT1-thread root DEBUG iutctl_common.py          166   send                      : sending frame '0201ff0000'
2026-10-08 19:32:29,458 LT1-thread root DEBUG iutctl_common.py          339   read                      : 
2026-10-08 19:32:29,489 BTPWorkerThread-1018 (_rx_task) root DEBUG iutctl_common.py          123   read                      : Read 5 bytes
2026-10-08 19:32:29,500 BTPWorkerThread-1018 (_rx_task) root DEBUG iutctl_common.py          131   read                      : Received: hdr: Header(svc_id=0x02, op=0x01, ctrl_index=0xff, data_len=0x05) bytearray(b'\x02\x01\xff\x05\x00')
2026-10-08 19:32:29,524 BTPWorkerThread-1018 (_rx_task) root DEBUG iutctl_common.py          139   read                      : Read 5 bytes data
2026-10-08 19:32:29,534 BTPWorkerThread-1018 (_rx_task) root DEBUG iutctl_common.py          154   read                      : Received data: {'fe fe bf fd 0f'}, bytearray(b'\xfe\xfe\xbf\xfd\x0f')
2026-10-08 19:32:29,550 LT1-thread root DEBUG testcase.py               254   start                     : Starting test function: class=<class 'autopts.ptsprojects.testcase.TestFunc'>, func=<bound method Stack.gatt_init of <autopts.ptsprojects.stack.stack.Stack object at 0x000002C6862F6F00>> start_wid=None stop_wid=None post_wid=None skip_call=None call_count=66 args=() kwds={}
2026-10-08 19:32:29,550 LT1-thread root DEBUG testcase.py               266   start                     : Test function parameters: args=(), kwds={}
2026-10-08 19:32:29,550 LT1-thread root DEBUG testcase.py               254   start                     : Starting test function: class=<class 'autopts.ptsprojects.testcase.TestFunc'>, func=<function core_reg_svc_a2dp at 0x000002C684E2F9C0> start_wid=None stop_wid=None post_wid=None skip_call=None call_count=66 args=() kwds={}
2026-10-08 19:32:29,550 LT1-thread root DEBUG testcase.py               266   start                     : Test function parameters: args=(), kwds={}
2026-10-08 19:32:29,550 LT1-thread root DEBUG btp.py                    117   core_reg_svc_univ         : core_reg_svc_univ: a2dp_reg (A2DP)
2026-10-08 19:32:29,550 LT1-thread root DEBUG iutctl_common.py          161   send                      : 0 3 255 '35'
2026-10-08 19:32:29,550 LT1-thread root DEBUG iutctl_common.py          166   send                      : sending frame '0003ff010023'
2026-10-08 19:32:29,551 LT1-thread root DEBUG btp.py                    654   core_reg_svc_rsp_succ     : 
2026-10-08 19:32:29,551 LT1-thread root DEBUG iutctl_common.py          339   read                      : 
2026-10-08 19:32:29,588 BTPWorkerThread-1018 (_rx_task) root DEBUG iutctl_common.py          123   read                      : Read 5 bytes
2026-10-08 19:32:29,594 BTPWorkerThread-1018 (_rx_task) root DEBUG iutctl_common.py          131   read                      : Received: hdr: Header(svc_id=0x00, op=0x03, ctrl_index=0xff, data_len=0x00) bytearray(b'\x00\x03\xff\x00\x00')
2026-10-08 19:32:29,600 BTPWorkerThread-1018 (_rx_task) root DEBUG iutctl_common.py          154   read                      : Received data: {''}, bytearray(b'')
2026-10-08 19:32:29,605 LT1-thread root DEBUG btp.py                    665   core_reg_svc_rsp_succ     : received Header(svc_id=0, op=3, ctrl_index=255, data_len=0) (b'',)
2026-10-08 19:32:29,605 LT1-thread root DEBUG btp.py                    666   core_reg_svc_rsp_succ     : expected ((0, 3, 255, 0), (b'',))
2026-10-08 19:32:29,605 LT1-thread root DEBUG btp.py                    671   core_reg_svc_rsp_succ     : response is valid
2026-10-08 19:32:29,605 LT1-thread root DEBUG btp.py                    674   core_reg_svc_rsp_succ     : Reading supported commands for service: A2DP
2026-10-08 19:32:29,605 LT1-thread root DEBUG iutctl_common.py          161   send                      : 35 1 255 ''
2026-10-08 19:32:29,605 LT1-thread root DEBUG iutctl_common.py          166   send                      : sending frame '2301ff0000'
2026-10-08 19:32:29,606 LT1-thread root DEBUG iutctl_common.py          339   read                      : 
2026-10-08 19:32:29,643 BTPWorkerThread-1018 (_rx_task) root DEBUG iutctl_common.py          123   read                      : Read 5 bytes
2026-10-08 19:32:29,655 BTPWorkerThread-1018 (_rx_task) root DEBUG iutctl_common.py          131   read                      : Received: hdr: Header(svc_id=0x23, op=0x01, ctrl_index=0xff, data_len=0x03) bytearray(b'#\x01\xff\x03\x00')
2026-10-08 19:32:29,660 BTPWorkerThread-1018 (_rx_task) root DEBUG iutctl_common.py          139   read                      : Read 3 bytes data
2026-10-08 19:32:29,671 BTPWorkerThread-1018 (_rx_task) root DEBUG iutctl_common.py          154   read                      : Received data: {'fe ff 01'}, bytearray(b'\xfe\xff\x01')
2026-10-08 19:32:29,682 LT1-thread root DEBUG testcase.py               254   start                     : Starting test function: class=<class 'autopts.ptsprojects.testcase.TestFunc'>, func=<bound method Stack.a2dp_init of <autopts.ptsprojects.stack.stack.Stack object at 0x000002C6862F6F00>> start_wid=None stop_wid=None post_wid=None skip_call=None call_count=66 args=() kwds={}
2026-10-08 19:32:29,682 LT1-thread root DEBUG testcase.py               266   start                     : Test function parameters: args=(), kwds={}
2026-10-08 19:32:29,682 LT1-thread root DEBUG testcase.py               254   start                     : Starting test function: class=<class 'autopts.ptsprojects.testcase.TestFunc'>, func=<function a2dp_register_endpoint at 0x000002C684E34400> start_wid=None stop_wid=None post_wid=None skip_call=None call_count=1 args=(0, 0, 0, 0, None) kwds={}
2026-10-08 19:32:29,682 LT1-thread root DEBUG testcase.py               266   start                     : Test function parameters: args=(0, 0, 0, 0, None), kwds={}
2026-10-08 19:32:29,682 LT1-thread root DEBUG a2dp.py                   90    a2dp_register_endpoint    : a2dp_register_endpoint 0 0 0 0 None
2026-10-08 19:32:29,682 LT1-thread root DEBUG iutctl_common.py          161   send                      : 35 4 0 "bytearray(b'\\x00\\x00\\x00\\x00\\x00\\x00')"
2026-10-08 19:32:29,682 LT1-thread root DEBUG iutctl_common.py          166   send                      : sending frame '2304000600000000000000'
2026-10-08 19:32:29,683 LT1-thread root DEBUG iutctl_common.py          339   read                      : 
2026-10-08 19:32:29,720 BTPWorkerThread-1018 (_rx_task) root DEBUG iutctl_common.py          123   read                      : Read 5 bytes
2026-10-08 19:32:29,720 BTPWorkerThread-1018 (_rx_task) root DEBUG iutctl_common.py          131   read                      : Received: hdr: Header(svc_id=0x23, op=0x04, ctrl_index=0x00, data_len=0x00) bytearray(b'#\x04\x00\x00\x00')
2026-10-08 19:32:29,720 BTPWorkerThread-1018 (_rx_task) root DEBUG iutctl_common.py          154   read                      : Received data: {''}, bytearray(b'')
2026-10-08 19:32:29,722 LT1-thread root DEBUG client.py                 276   get_result                : ClientCallback.get_result run_test_case
2026-10-08 19:33:12,353 LT1-callback ClientCallback.on_implicit_send INFO client.py                 223   on_implicit_send          : 
    ********************
    BEGIN OnImplicitSend:
    project_name: A2DP
    wid: 33
    test_case_name: A2DP/SRC/REL/BV-02-C
    description: Please make IUT general discoverable.
    style: MMI_Style_Ok_Cancel1 0x11041
2026-10-08 19:33:12,353 LT1-callback ClientCallback.on_implicit_send INFO client.py                 236   on_implicit_send          : Calling test cases on_implicit_send
2026-10-08 19:33:12,353 LT1-callback ClientCallback.on_implicit_send INFO client.py                 249   on_implicit_send          : 
    on_implicit_send returned response: WAIT
    END OnImplicitSend
    ********************
2026-10-08 19:33:12,743 LT1-thread root DEBUG testcase.py               679   run_wid                   : A2DP A2DP/SRC/REL/BV-02-C on_implicit_send
2026-10-08 19:33:12,743 LT1-thread root DEBUG a2dp_wid.py               25    a2dp_wid_hdl              : a2dp_wid_hdl, 33, Please make IUT general discoverable., A2DP/SRC/REL/BV-02-C
2026-10-08 19:33:12,743 LT1-thread root DEBUG gap.py                    984   gap_set_connectable       : 
2026-10-08 19:33:12,743 LT1-thread root DEBUG gap.py                    1035  gap_set_general_discoverable : 
2026-10-08 19:33:12,743 LT1-thread root DEBUG iutctl_common.py          161   send                      : 1 8 0 '1'
2026-10-08 19:33:12,743 LT1-thread root DEBUG iutctl_common.py          166   send                      : sending frame '010800010001'
2026-10-08 19:33:12,743 LT1-thread root DEBUG gap.py                    1229  gap_command_rsp_succ      : 
2026-10-08 19:33:12,743 LT1-thread root DEBUG iutctl_common.py          339   read                      : 
2026-10-08 19:33:12,805 BTPWorkerThread-1018 (_rx_task) root DEBUG iutctl_common.py          123   read                      : Read 5 bytes
2026-10-08 19:33:12,816 BTPWorkerThread-1018 (_rx_task) root DEBUG iutctl_common.py          131   read                      : Received: hdr: Header(svc_id=0x01, op=0x08, ctrl_index=0x00, data_len=0x04) bytearray(b'\x01\x08\x00\x04\x00')
2026-10-08 19:33:12,816 BTPWorkerThread-1018 (_rx_task) root DEBUG iutctl_common.py          139   read                      : Read 4 bytes data
2026-10-08 19:33:12,816 BTPWorkerThread-1018 (_rx_task) root DEBUG iutctl_common.py          154   read                      : Received data: {'1b 02 00 00'}, bytearray(b'\x1b\x02\x00\x00')
2026-10-08 19:33:12,822 LT1-thread root DEBUG gap.py                    1234  gap_command_rsp_succ      : received Header(svc_id=1, op=8, ctrl_index=0, data_len=4) (b'\x1b\x02\x00\x00',)
2026-10-08 19:33:12,822 LT1-thread root DEBUG gap.py                    596   __gap_current_settings_update : (b'\x1b\x02\x00\x00',)
2026-10-08 19:33:12,822 LT1-thread root DEBUG testcase.py               722   run_wid                   : Sending response 'OK' to wid 33 test case A2DP/SRC/REL/BV-02-C
2026-10-08 19:33:12,824 LT1-thread root DEBUG client.py                 276   get_result                : ClientCallback.get_result run_test_case
2026-10-08 19:33:12,906 BTPWorkerThread-1018 (_rx_task) root DEBUG iutctl_common.py          123   read                      : Read 5 bytes
2026-10-08 19:33:12,906 BTPWorkerThread-1018 (_rx_task) root DEBUG iutctl_common.py          131   read                      : Received: hdr: Header(svc_id=0x01, op=0x82, ctrl_index=0x00, data_len=0x0d) bytearray(b'\x01\x82\x00\r\x00')
2026-10-08 19:33:12,907 LT1-callback ClientCallback.on_implicit_send INFO client.py                 223   on_implicit_send          : 
    ********************
    BEGIN OnImplicitSend:
    project_name: A2DP
    wid: 1002
    test_case_name: A2DP/SRC/REL/BV-02-C
    description: If necessary, take action to accept the AVDTP Signaling Channel Connection initiated by the tester.

Description: Make sure the IUT (Implementation Under Test) is in a state to accept incoming Bluetooth connections.  Some devices may need to be on a specific screen, like a Bluetooth settings screen, in order to pair with PTS.  If the IUT is still having problems pairing with PTS, try running a test case where the IUT connects to PTS to establish pairing.
    style: MMI_Style_Ok_Cancel2 0x11141
2026-10-08 19:33:12,907 LT1-callback ClientCallback.on_implicit_send INFO client.py                 236   on_implicit_send          : Calling test cases on_implicit_send
2026-10-08 19:33:12,907 BTPWorkerThread-1018 (_rx_task) root DEBUG iutctl_common.py          139   read                      : Read 4 bytes data
2026-10-08 19:33:12,907 LT1-callback ClientCallback.on_implicit_send INFO client.py                 249   on_implicit_send          : 
    on_implicit_send returned response: WAIT
    END OnImplicitSend
    ********************
2026-10-08 19:33:12,917 BTPWorkerThread-1018 (_rx_task) root DEBUG iutctl_common.py          139   read                      : Read 9 bytes data
2026-10-08 19:33:12,917 BTPWorkerThread-1018 (_rx_task) root DEBUG iutctl_common.py          154   read                      : Received data: {'e0 4e e4 08 dc 1b 00 00 00 00 00 00 00'}, bytearray(b'\xe0N\xe4\x08\xdc\x1b\x00\x00\x00\x00\x00\x00\x00')
2026-10-08 19:33:12,917 BTPWorkerThread-1018 (_rx_task) root DEBUG btp.py                    736   event_handler             : Header(svc_id=1, op=130, ctrl_index=0, data_len=13) (b'\xe0N\xe4\x08\xdc\x1b\x00\x00\x00\x00\x00\x00\x00',)
2026-10-08 19:33:12,918 BTPWorkerThread-1018 (_rx_task) root DEBUG gap.py                    215   gap_connected_ev_         : b'\xe0N\xe4\x08\xdc\x1b\x00\x00\x00\x00\x00\x00\x00'
2026-10-08 19:33:12,918 BTPWorkerThread-1018 (_rx_task) root DEBUG iutctl_common.py          123   read                      : Read 5 bytes
2026-10-08 19:33:12,918 BTPWorkerThread-1018 (_rx_task) root DEBUG iutctl_common.py          131   read                      : Received: hdr: Header(svc_id=0x01, op=0x80, ctrl_index=0x00, data_len=0x04) bytearray(b'\x01\x80\x00\x04\x00')
2026-10-08 19:33:12,918 BTPWorkerThread-1018 (_rx_task) root DEBUG iutctl_common.py          139   read                      : Read 4 bytes data
2026-10-08 19:33:12,918 BTPWorkerThread-1018 (_rx_task) root DEBUG iutctl_common.py          154   read                      : Received data: {'1b 02 00 00'}, bytearray(b'\x1b\x02\x00\x00')
2026-10-08 19:33:12,918 BTPWorkerThread-1018 (_rx_task) root DEBUG btp.py                    736   event_handler             : Header(svc_id=1, op=128, ctrl_index=0, data_len=4) (b'\x1b\x02\x00\x00',)
2026-10-08 19:33:12,918 BTPWorkerThread-1018 (_rx_task) root DEBUG gap.py                    183   gap_new_settings_ev_      : b'\x1b\x02\x00\x00'
2026-10-08 19:33:12,918 BTPWorkerThread-1018 (_rx_task) root DEBUG gap.py                    596   __gap_current_settings_update : 539
2026-10-08 19:33:13,544 BTPWorkerThread-1018 (_rx_task) root DEBUG iutctl_common.py          123   read                      : Read 5 bytes
2026-10-08 19:33:13,544 BTPWorkerThread-1018 (_rx_task) root DEBUG iutctl_common.py          131   read                      : Received: hdr: Header(svc_id=0x01, op=0x91, ctrl_index=0x00, data_len=0x09) bytearray(b'\x01\x91\x00\t\x00')
2026-10-08 19:33:13,544 BTPWorkerThread-1018 (_rx_task) root DEBUG iutctl_common.py          139   read                      : Read 9 bytes data
2026-10-08 19:33:13,545 BTPWorkerThread-1018 (_rx_task) root DEBUG iutctl_common.py          154   read                      : Received data: {'e0 4e e4 08 dc 1b 00 01 10'}, bytearray(b'\xe0N\xe4\x08\xdc\x1b\x00\x01\x10')
2026-10-08 19:33:13,545 BTPWorkerThread-1018 (_rx_task) root DEBUG btp.py                    736   event_handler             : Header(svc_id=1, op=145, ctrl_index=0, data_len=9) (b'\xe0N\xe4\x08\xdc\x1b\x00\x01\x10',)
2026-10-08 19:33:13,545 BTPWorkerThread-1018 (_rx_task) root DEBUG gap.py                    494   gap_encryption_change_ev_ : 
2026-10-08 19:33:13,545 BTPWorkerThread-1018 (_rx_task) root DEBUG gap.py                    496   gap_encryption_change_ev_ : enc change received b'\xe0N\xe4\x08\xdc\x1b\x00\x01\x10'
2026-10-08 19:33:13,545 BTPWorkerThread-1018 (_rx_task) root DEBUG gap.py                    505   gap_encryption_change_ev_ : received (224, '001bdc08e44e', 1, 16)
2026-10-08 19:33:13,545 BTPWorkerThread-1018 (_rx_task) root DEBUG iutctl_common.py          123   read                      : Read 5 bytes
2026-10-08 19:33:13,545 BTPWorkerThread-1018 (_rx_task) root DEBUG iutctl_common.py          131   read                      : Received: hdr: Header(svc_id=0x01, op=0x89, ctrl_index=0x00, data_len=0x08) bytearray(b'\x01\x89\x00\x08\x00')
2026-10-08 19:33:13,545 BTPWorkerThread-1018 (_rx_task) root DEBUG iutctl_common.py          139   read                      : Read 8 bytes data
2026-10-08 19:33:13,545 BTPWorkerThread-1018 (_rx_task) root DEBUG iutctl_common.py          154   read                      : Received data: {'e0 4e e4 08 dc 1b 00 02'}, bytearray(b'\xe0N\xe4\x08\xdc\x1b\x00\x02')
2026-10-08 19:33:13,545 BTPWorkerThread-1018 (_rx_task) root DEBUG btp.py                    736   event_handler             : Header(svc_id=1, op=137, ctrl_index=0, data_len=8) (b'\xe0N\xe4\x08\xdc\x1b\x00\x02',)
2026-10-08 19:33:13,546 BTPWorkerThread-1018 (_rx_task) root DEBUG gap.py                    300   gap_sec_level_changed_ev_ : 
2026-10-08 19:33:13,546 BTPWorkerThread-1018 (_rx_task) root DEBUG gap.py                    302   gap_sec_level_changed_ev_ : received b'\xe0N\xe4\x08\xdc\x1b\x00\x02'
2026-10-08 19:33:13,546 BTPWorkerThread-1018 (_rx_task) root DEBUG gap.py                    313   gap_sec_level_changed_ev_ : received (224, '001bdc08e44e', 2)
2026-10-08 19:33:13,566 BTPWorkerThread-1018 (_rx_task) root DEBUG iutctl_common.py          123   read                      : Read 5 bytes
2026-10-08 19:33:13,566 BTPWorkerThread-1018 (_rx_task) root DEBUG iutctl_common.py          131   read                      : Received: hdr: Header(svc_id=0x23, op=0x80, ctrl_index=0x00, data_len=0x08) bytearray(b'#\x80\x00\x08\x00')
2026-10-08 19:33:13,567 BTPWorkerThread-1018 (_rx_task) root DEBUG iutctl_common.py          139   read                      : Read 8 bytes data
2026-10-08 19:33:13,567 BTPWorkerThread-1018 (_rx_task) root DEBUG iutctl_common.py          154   read                      : Received data: {'e0 4e e4 08 dc 1b 00 00'}, bytearray(b'\xe0N\xe4\x08\xdc\x1b\x00\x00')
2026-10-08 19:33:13,567 BTPWorkerThread-1018 (_rx_task) root DEBUG btp.py                    736   event_handler             : Header(svc_id=35, op=128, ctrl_index=0, data_len=8) (b'\xe0N\xe4\x08\xdc\x1b\x00\x00',)
2026-10-08 19:33:13,567 BTPWorkerThread-1018 (_rx_task) root DEBUG a2dp.py                   328   a2dp_connected_ev         : a2dp_connected_ev b'\xe0N\xe4\x08\xdc\x1b\x00\x00' 8
2026-10-08 19:33:13,567 BTPWorkerThread-1018 (_rx_task) root DEBUG a2dp.py                   333   a2dp_connected_ev         : A2DP connected to addr b'N\xe4\x08\xdc\x1b\x00', result 0
2026-10-08 19:33:13,825 LT1-thread root DEBUG testcase.py               679   run_wid                   : A2DP A2DP/SRC/REL/BV-02-C on_implicit_send
2026-10-08 19:33:13,825 LT1-thread root DEBUG a2dp_wid.py               25    a2dp_wid_hdl              : a2dp_wid_hdl, 1002, If necessary, take action to accept the AVDTP Signaling Channel Connection initiated by the tester.

Description: Make sure the IUT (Implementation Under Test) is in a state to accept incoming Bluetooth connections.  Some devices may need to be on a specific screen, like a Bluetooth settings screen, in order to pair with PTS.  If the IUT is still having problems pairing with PTS, try running a test case where the IUT connects to PTS to establish pairing., A2DP/SRC/REL/BV-02-C
2026-10-08 19:33:13,825 LT1-thread root DEBUG testcase.py               722   run_wid                   : Sending response 'OK' to wid 1002 test case A2DP/SRC/REL/BV-02-C
2026-10-08 19:33:13,827 LT1-thread root DEBUG client.py                 276   get_result                : ClientCallback.get_result run_test_case
2026-10-08 19:33:13,830 LT1-callback ClientCallback.on_implicit_send INFO client.py                 223   on_implicit_send          : 
    ********************
    BEGIN OnImplicitSend:
    project_name: A2DP
    wid: 1020
    test_case_name: A2DP/SRC/REL/BV-02-C
    description: Open a streaming media channel.

Action: If the IUT (Implementation Under Test) is already connected to PTS, attempting to send or receive streaming media should trigger this action.  If the IUT is not connected to PTS, attempting to connect may trigger this action.
    style: MMI_Style_Ok_Cancel2 0x11141
2026-10-08 19:33:13,830 LT1-callback ClientCallback.on_implicit_send INFO client.py                 236   on_implicit_send          : Calling test cases on_implicit_send
2026-10-08 19:33:13,830 LT1-callback ClientCallback.on_implicit_send INFO client.py                 249   on_implicit_send          : 
    on_implicit_send returned response: WAIT
    END OnImplicitSend
    ********************
2026-10-08 19:33:14,827 LT1-thread root DEBUG testcase.py               679   run_wid                   : A2DP A2DP/SRC/REL/BV-02-C on_implicit_send
2026-10-08 19:33:14,827 LT1-thread root DEBUG a2dp_wid.py               25    a2dp_wid_hdl              : a2dp_wid_hdl, 1020, Open a streaming media channel.

Action: If the IUT (Implementation Under Test) is already connected to PTS, attempting to send or receive streaming media should trigger this action.  If the IUT is not connected to PTS, attempting to connect may trigger this action., A2DP/SRC/REL/BV-02-C
2026-10-08 19:33:14,827 LT1-thread root DEBUG a2dp.py                   856   a2dp_get_mmi_round        : a2dp_get_mmi_round
2026-10-08 19:33:14,827 LT1-thread root DEBUG a2dp.py                   111   a2dp_discover             : a2dp_discover None 224
2026-10-08 19:33:14,827 LT1-thread root DEBUG iutctl_common.py          161   send                      : 35 5 0 "bytearray(b'\\xe0N\\xe4\\x08\\xdc\\x1b\\x00')"
2026-10-08 19:33:14,828 LT1-thread root DEBUG iutctl_common.py          166   send                      : sending frame '2305000700e04ee408dc1b00'
2026-10-08 19:33:14,828 LT1-thread root DEBUG iutctl_common.py          339   read                      : 
2026-10-08 19:33:14,864 BTPWorkerThread-1018 (_rx_task) root DEBUG iutctl_common.py          123   read                      : Read 5 bytes
2026-10-08 19:33:14,869 BTPWorkerThread-1018 (_rx_task) root DEBUG iutctl_common.py          131   read                      : Received: hdr: Header(svc_id=0x23, op=0x05, ctrl_index=0x00, data_len=0x00) bytearray(b'#\x05\x00\x00\x00')
2026-10-08 19:33:14,869 BTPWorkerThread-1018 (_rx_task) root DEBUG iutctl_common.py          154   read                      : Received data: {''}, bytearray(b'')
2026-10-08 19:33:14,869 LT1-thread root DEBUG a2dp.py                   795   a2dp_wait_for_discovered  : a2dp_wait_for_discovered None
2026-10-08 19:33:15,042 BTPWorkerThread-1018 (_rx_task) root DEBUG iutctl_common.py          123   read                      : Read 5 bytes
2026-10-08 19:33:15,042 BTPWorkerThread-1018 (_rx_task) root DEBUG iutctl_common.py          131   read                      : Received: hdr: Header(svc_id=0x23, op=0x83, ctrl_index=0x00, data_len=0x10) bytearray(b'#\x83\x00\x10\x00')
2026-10-08 19:33:15,042 BTPWorkerThread-1018 (_rx_task) root DEBUG iutctl_common.py          139   read                      : Read 16 bytes data
2026-10-08 19:33:15,043 BTPWorkerThread-1018 (_rx_task) root DEBUG iutctl_common.py          154   read                      : Received data: {'e0 4e e4 08 dc 1b 00 01 07 06 00 00 ff ff 02 fa'}, bytearray(b'\xe0N\xe4\x08\xdc\x1b\x00\x01\x07\x06\x00\x00\xff\xff\x02\xfa')
2026-10-08 19:33:15,043 BTPWorkerThread-1018 (_rx_task) root DEBUG btp.py                    736   event_handler             : Header(svc_id=35, op=131, ctrl_index=0, data_len=16) (b'\xe0N\xe4\x08\xdc\x1b\x00\x01\x07\x06\x00\x00\xff\xff\x02\xfa',)
2026-10-08 19:33:15,043 BTPWorkerThread-1018 (_rx_task) root DEBUG a2dp.py                   408   a2dp_get_capabilities_ev  : a2dp_get_capabilities_ev b'\xe0N\xe4\x08\xdc\x1b\x00\x01\x07\x06\x00\x00\xff\xff\x02\xfa' 16
2026-10-08 19:33:15,043 BTPWorkerThread-1018 (_rx_task) root DEBUG a2dp.py                   423   a2dp_get_capabilities_ev  : A2DP endpoint discovered: addr b'N\xe4\x08\xdc\x1b\x00', ep_id 1
2026-10-08 19:33:15,043 BTPWorkerThread-1018 (_rx_task) root DEBUG a2dp.py                   448   a2dp_get_capabilities_ev  :   Capability: category=7, losc=6
2026-10-08 19:33:15,043 BTPWorkerThread-1018 (_rx_task) root DEBUG iutctl_common.py          123   read                      : Read 5 bytes
2026-10-08 19:33:15,043 BTPWorkerThread-1018 (_rx_task) root DEBUG iutctl_common.py          131   read                      : Received: hdr: Header(svc_id=0x23, op=0x82, ctrl_index=0x00, data_len=0x0b) bytearray(b'#\x82\x00\x0b\x00')
2026-10-08 19:33:15,043 BTPWorkerThread-1018 (_rx_task) root DEBUG iutctl_common.py          139   read                      : Read 11 bytes data
2026-10-08 19:33:15,044 BTPWorkerThread-1018 (_rx_task) root DEBUG iutctl_common.py          154   read                      : Received data: {'e0 4e e4 08 dc 1b 00 00 02 01 10'}, bytearray(b'\xe0N\xe4\x08\xdc\x1b\x00\x00\x02\x01\x10')
2026-10-08 19:33:15,044 BTPWorkerThread-1018 (_rx_task) root DEBUG btp.py                    736   event_handler             : Header(svc_id=35, op=130, ctrl_index=0, data_len=11) (b'\xe0N\xe4\x08\xdc\x1b\x00\x00\x02\x01\x10',)
2026-10-08 19:33:15,044 BTPWorkerThread-1018 (_rx_task) root DEBUG a2dp.py                   353   a2dp_discovered_ev        : a2dp_discovered_ev b'\xe0N\xe4\x08\xdc\x1b\x00\x00\x02\x01\x10' 11
2026-10-08 19:33:15,044 BTPWorkerThread-1018 (_rx_task) root DEBUG a2dp.py                   362   a2dp_discovered_ev        : A2DP discovered: addr b'N\xe4\x08\xdc\x1b\x00', result 0, sep_len 2
2026-10-08 19:33:15,044 BTPWorkerThread-1018 (_rx_task) root DEBUG a2dp.py                   393   a2dp_discovered_ev        :   SEP 0: ep_id=1, in_use=0, media_type=0, tsep=1
2026-10-08 19:33:15,071 LT1-thread root DEBUG a2dp.py                   143   a2dp_get_all_capabilities : a2dp_get_all_capabilities None 224 1
2026-10-08 19:33:15,071 LT1-thread root DEBUG iutctl_common.py          161   send                      : 35 7 0 "bytearray(b'\\xe0N\\xe4\\x08\\xdc\\x1b\\x00\\x01')"
2026-10-08 19:33:15,071 LT1-thread root DEBUG iutctl_common.py          166   send                      : sending frame '2307000800e04ee408dc1b0001'
2026-10-08 19:33:15,072 LT1-thread root DEBUG iutctl_common.py          339   read                      : 
2026-10-08 19:33:15,101 BTPWorkerThread-1018 (_rx_task) root DEBUG iutctl_common.py          123   read                      : Read 5 bytes
2026-10-08 19:33:15,107 BTPWorkerThread-1018 (_rx_task) root DEBUG iutctl_common.py          131   read                      : Received: hdr: Header(svc_id=0x23, op=0x07, ctrl_index=0x00, data_len=0x00) bytearray(b'#\x07\x00\x00\x00')
2026-10-08 19:33:15,112 BTPWorkerThread-1018 (_rx_task) root DEBUG iutctl_common.py          154   read                      : Received data: {''}, bytearray(b'')
2026-10-08 19:33:15,112 LT1-thread root DEBUG a2dp.py                   803   a2dp_wait_for_get_capabilities_finished : a2dp_wait_for_get_capabilities_finished None
2026-10-08 19:33:15,112 LT1-thread root INFO a2dp.py                   524   wait_for_get_capabilities_finished : addr 001bdc08e44e, ep_id 1
2026-10-08 19:33:15,112 LT1-thread root DEBUG a2dp.py                   818   a2dp_get_endpoints        : a2dp_get_endpoints None
2026-10-08 19:33:15,112 LT1-thread root DEBUG a2dp.py                   827   a2dp_get_endpoints_media_type : a2dp_get_endpoints_media_type None 1
2026-10-08 19:33:15,112 LT1-thread root DEBUG a2dp.py                   160   a2dp_stream_config        : a2dp_stream_config None 224 1 1 0 None
2026-10-08 19:33:15,112 LT1-thread root DEBUG iutctl_common.py          161   send                      : 35 8 0 "bytearray(b'\\xe0N\\xe4\\x08\\xdc\\x1b\\x00\\x01\\x01\\x00\\x00\\x00')"
2026-10-08 19:33:15,113 LT1-thread root DEBUG iutctl_common.py          166   send                      : sending frame '2308000c00e04ee408dc1b000101000000'
2026-10-08 19:33:15,113 LT1-thread root DEBUG iutctl_common.py          339   read                      : 
2026-10-08 19:33:15,145 BTPWorkerThread-1018 (_rx_task) root DEBUG iutctl_common.py          123   read                      : Read 5 bytes
2026-10-08 19:33:15,151 BTPWorkerThread-1018 (_rx_task) root DEBUG iutctl_common.py          131   read                      : Received: hdr: Header(svc_id=0x23, op=0x08, ctrl_index=0x00, data_len=0x00) bytearray(b'#\x08\x00\x00\x00')
2026-10-08 19:33:15,151 BTPWorkerThread-1018 (_rx_task) root DEBUG iutctl_common.py          154   read                      : Received data: {''}, bytearray(b'')
2026-10-08 19:33:15,151 LT1-thread root DEBUG a2dp.py                   769   a2dp_wait_for_stream_state : a2dp_wait_for_stream_state None 0 'configured'
2026-10-08 19:33:15,194 BTPWorkerThread-1018 (_rx_task) root DEBUG iutctl_common.py          123   read                      : Read 5 bytes
2026-10-08 19:33:15,194 BTPWorkerThread-1018 (_rx_task) root DEBUG iutctl_common.py          131   read                      : Received: hdr: Header(svc_id=0x23, op=0x86, ctrl_index=0x00, data_len=0x09) bytearray(b'#\x86\x00\t\x00')
2026-10-08 19:33:15,194 BTPWorkerThread-1018 (_rx_task) root DEBUG iutctl_common.py          139   read                      : Read 9 bytes data
2026-10-08 19:33:15,195 BTPWorkerThread-1018 (_rx_task) root DEBUG iutctl_common.py          154   read                      : Received data: {'e0 4e e4 08 dc 1b 00 00 00'}, bytearray(b'\xe0N\xe4\x08\xdc\x1b\x00\x00\x00')
2026-10-08 19:33:15,195 BTPWorkerThread-1018 (_rx_task) root DEBUG btp.py                    736   event_handler             : Header(svc_id=35, op=134, ctrl_index=0, data_len=9) (b'\xe0N\xe4\x08\xdc\x1b\x00\x00\x00',)
2026-10-08 19:33:15,195 BTPWorkerThread-1018 (_rx_task) root DEBUG a2dp.py                   522   a2dp_config_rsp_ev        : a2dp_config_rsp_ev b'\xe0N\xe4\x08\xdc\x1b\x00\x00\x00' 9
2026-10-08 19:33:15,195 BTPWorkerThread-1018 (_rx_task) root DEBUG a2dp.py                   527   a2dp_config_rsp_ev        : A2DP config response: addr b'N\xe4\x08\xdc\x1b\x00', stream_id 0, err 0
2026-10-08 19:33:15,253 LT1-thread root DEBUG a2dp.py                   185   a2dp_stream_establish     : a2dp_stream_establish None 224 0
2026-10-08 19:33:15,254 LT1-thread root DEBUG iutctl_common.py          161   send                      : 35 9 0 "bytearray(b'\\xe0N\\xe4\\x08\\xdc\\x1b\\x00\\x00')"
2026-10-08 19:33:15,254 LT1-thread root DEBUG iutctl_common.py          166   send                      : sending frame '2309000800e04ee408dc1b0000'
2026-10-08 19:33:15,254 LT1-thread root DEBUG iutctl_common.py          339   read                      : 
2026-10-08 19:33:15,291 BTPWorkerThread-1018 (_rx_task) root DEBUG iutctl_common.py          123   read                      : Read 5 bytes
2026-10-08 19:33:15,302 BTPWorkerThread-1018 (_rx_task) root DEBUG iutctl_common.py          131   read                      : Received: hdr: Header(svc_id=0x23, op=0x09, ctrl_index=0x00, data_len=0x00) bytearray(b'#\t\x00\x00\x00')
2026-10-08 19:33:15,308 BTPWorkerThread-1018 (_rx_task) root DEBUG iutctl_common.py          154   read                      : Received data: {''}, bytearray(b'')
2026-10-08 19:33:15,308 LT1-thread root DEBUG a2dp.py                   769   a2dp_wait_for_stream_state : a2dp_wait_for_stream_state None 0 'established'
2026-10-08 19:33:15,398 BTPWorkerThread-1018 (_rx_task) root DEBUG iutctl_common.py          123   read                      : Read 5 bytes
2026-10-08 19:33:15,398 BTPWorkerThread-1018 (_rx_task) root DEBUG iutctl_common.py          131   read                      : Received: hdr: Header(svc_id=0x23, op=0x89, ctrl_index=0x00, data_len=0x09) bytearray(b'#\x89\x00\t\x00')
2026-10-08 19:33:15,398 BTPWorkerThread-1018 (_rx_task) root DEBUG iutctl_common.py          139   read                      : Read 9 bytes data
2026-10-08 19:33:15,399 BTPWorkerThread-1018 (_rx_task) root DEBUG iutctl_common.py          154   read                      : Received data: {'e0 4e e4 08 dc 1b 00 00 00'}, bytearray(b'\xe0N\xe4\x08\xdc\x1b\x00\x00\x00')
2026-10-08 19:33:15,399 BTPWorkerThread-1018 (_rx_task) root DEBUG btp.py                    736   event_handler             : Header(svc_id=35, op=137, ctrl_index=0, data_len=9) (b'\xe0N\xe4\x08\xdc\x1b\x00\x00\x00',)
2026-10-08 19:33:15,399 BTPWorkerThread-1018 (_rx_task) root DEBUG a2dp.py                   563   a2dp_establish_rsp_ev     : a2dp_establish_rsp_ev b'\xe0N\xe4\x08\xdc\x1b\x00\x00\x00' 9
2026-10-08 19:33:15,399 BTPWorkerThread-1018 (_rx_task) root DEBUG a2dp.py                   568   a2dp_establish_rsp_ev     : A2DP establish response: addr b'N\xe4\x08\xdc\x1b\x00', stream_id 0, err 0
2026-10-08 19:33:15,409 LT1-thread root DEBUG a2dp.py                   862   a2dp_increase_mmi_round   : a2dp_increase_mmi_round
2026-10-08 19:33:15,409 LT1-thread root DEBUG testcase.py               722   run_wid                   : Sending response 'OK' to wid 1020 test case A2DP/SRC/REL/BV-02-C
2026-10-08 19:33:15,411 LT1-thread root DEBUG client.py                 276   get_result                : ClientCallback.get_result run_test_case
2026-10-08 19:33:15,413 LT1-callback ClientCallback.on_implicit_send INFO client.py                 223   on_implicit_send          : 
    ********************
    BEGIN OnImplicitSend:
    project_name: A2DP
    wid: 1020
    test_case_name: A2DP/SRC/REL/BV-02-C
    description: Open a streaming media channel.

Action: If the IUT (Implementation Under Test) is already connected to PTS, attempting to send or receive streaming media should trigger this action.  If the IUT is not connected to PTS, attempting to connect may trigger this action.
    style: MMI_Style_Ok_Cancel2 0x11141
2026-10-08 19:33:15,413 LT1-callback ClientCallback.on_implicit_send INFO client.py                 236   on_implicit_send          : Calling test cases on_implicit_send
2026-10-08 19:33:15,414 LT1-callback ClientCallback.on_implicit_send INFO client.py                 249   on_implicit_send          : 
    on_implicit_send returned response: WAIT
    END OnImplicitSend
    ********************
2026-10-08 19:33:16,411 LT1-thread root DEBUG testcase.py               679   run_wid                   : A2DP A2DP/SRC/REL/BV-02-C on_implicit_send
2026-10-08 19:33:16,411 LT1-thread root DEBUG a2dp_wid.py               25    a2dp_wid_hdl              : a2dp_wid_hdl, 1020, Open a streaming media channel.

Action: If the IUT (Implementation Under Test) is already connected to PTS, attempting to send or receive streaming media should trigger this action.  If the IUT is not connected to PTS, attempting to connect may trigger this action., A2DP/SRC/REL/BV-02-C
2026-10-08 19:33:16,412 LT1-thread root DEBUG a2dp.py                   856   a2dp_get_mmi_round        : a2dp_get_mmi_round
2026-10-08 19:33:16,412 LT1-thread root DEBUG testcase.py               722   run_wid                   : Sending response 'OK' to wid 1020 test case A2DP/SRC/REL/BV-02-C
2026-10-08 19:33:16,413 LT1-thread root DEBUG client.py                 276   get_result                : ClientCallback.get_result run_test_case
2026-10-08 19:33:16,415 LT1-callback ClientCallback.on_implicit_send INFO client.py                 223   on_implicit_send          : 
    ********************
    BEGIN OnImplicitSend:
    project_name: A2DP
    wid: 1032
    test_case_name: A2DP/SRC/REL/BV-02-C
    description: Send a start command to PTS.

Action: If the IUT (Implementation Under Test) is already connected to PTS, attempting to send or receive streaming media should trigger this action.  If the IUT is not connected to PTS, attempting to connect may trigger this action.
    style: MMI_Style_Ok_Cancel2 0x11141
2026-10-08 19:33:16,415 LT1-callback ClientCallback.on_implicit_send INFO client.py                 236   on_implicit_send          : Calling test cases on_implicit_send
2026-10-08 19:33:16,415 LT1-callback ClientCallback.on_implicit_send INFO client.py                 249   on_implicit_send          : 
    on_implicit_send returned response: WAIT
    END OnImplicitSend
    ********************
2026-10-08 19:33:17,414 LT1-thread root DEBUG testcase.py               679   run_wid                   : A2DP A2DP/SRC/REL/BV-02-C on_implicit_send
2026-10-08 19:33:17,414 LT1-thread root DEBUG a2dp_wid.py               25    a2dp_wid_hdl              : a2dp_wid_hdl, 1032, Send a start command to PTS.

Action: If the IUT (Implementation Under Test) is already connected to PTS, attempting to send or receive streaming media should trigger this action.  If the IUT is not connected to PTS, attempting to connect may trigger this action., A2DP/SRC/REL/BV-02-C
2026-10-08 19:33:17,414 LT1-thread root DEBUG a2dp.py                   769   a2dp_wait_for_stream_state : a2dp_wait_for_stream_state None 0 'established'
2026-10-08 19:33:17,414 LT1-thread root DEBUG a2dp.py                   217   a2dp_stream_start         : a2dp_stream_start None 224 0
2026-10-08 19:33:17,414 LT1-thread root DEBUG iutctl_common.py          161   send                      : 35 11 0 "bytearray(b'\\xe0N\\xe4\\x08\\xdc\\x1b\\x00\\x00')"
2026-10-08 19:33:17,414 LT1-thread root DEBUG iutctl_common.py          166   send                      : sending frame '230b000800e04ee408dc1b0000'
2026-10-08 19:33:17,415 LT1-thread root DEBUG iutctl_common.py          339   read                      : 
2026-10-08 19:33:17,452 BTPWorkerThread-1018 (_rx_task) root DEBUG iutctl_common.py          123   read                      : Read 5 bytes
2026-10-08 19:33:17,464 BTPWorkerThread-1018 (_rx_task) root DEBUG iutctl_common.py          131   read                      : Received: hdr: Header(svc_id=0x23, op=0x0b, ctrl_index=0x00, data_len=0x00) bytearray(b'#\x0b\x00\x00\x00')
2026-10-08 19:33:17,475 BTPWorkerThread-1018 (_rx_task) root DEBUG iutctl_common.py          154   read                      : Received data: {''}, bytearray(b'')
2026-10-08 19:33:17,492 LT1-thread root DEBUG a2dp.py                   769   a2dp_wait_for_stream_state : a2dp_wait_for_stream_state None 0 'started'
2026-10-08 19:33:17,495 BTPWorkerThread-1018 (_rx_task) root DEBUG iutctl_common.py          123   read                      : Read 5 bytes
2026-10-08 19:33:17,495 BTPWorkerThread-1018 (_rx_task) root DEBUG iutctl_common.py          131   read                      : Received: hdr: Header(svc_id=0x23, op=0x8d, ctrl_index=0x00, data_len=0x09) bytearray(b'#\x8d\x00\t\x00')
2026-10-08 19:33:17,495 BTPWorkerThread-1018 (_rx_task) root DEBUG iutctl_common.py          139   read                      : Read 9 bytes data
2026-10-08 19:33:17,496 BTPWorkerThread-1018 (_rx_task) root DEBUG iutctl_common.py          154   read                      : Received data: {'e0 4e e4 08 dc 1b 00 00 00'}, bytearray(b'\xe0N\xe4\x08\xdc\x1b\x00\x00\x00')
2026-10-08 19:33:17,496 BTPWorkerThread-1018 (_rx_task) root DEBUG btp.py                    736   event_handler             : Header(svc_id=35, op=141, ctrl_index=0, data_len=9) (b'\xe0N\xe4\x08\xdc\x1b\x00\x00\x00',)
2026-10-08 19:33:17,496 BTPWorkerThread-1018 (_rx_task) root DEBUG a2dp.py                   613   a2dp_start_rsp_ev         : a2dp_start_rsp_ev b'\xe0N\xe4\x08\xdc\x1b\x00\x00\x00' 9
2026-10-08 19:33:17,496 BTPWorkerThread-1018 (_rx_task) root DEBUG a2dp.py                   618   a2dp_start_rsp_ev         : A2DP start response: addr b'N\xe4\x08\xdc\x1b\x00', stream_id 0, err 0
2026-10-08 19:33:17,593 LT1-thread root DEBUG testcase.py               722   run_wid                   : Sending response 'OK' to wid 1032 test case A2DP/SRC/REL/BV-02-C
2026-10-08 19:33:17,595 LT1-thread root DEBUG client.py                 276   get_result                : ClientCallback.get_result run_test_case
2026-10-08 19:33:19,028 LT1-callback ClientCallback.on_implicit_send INFO client.py                 223   on_implicit_send          : 
    ********************
    BEGIN OnImplicitSend:
    project_name: A2DP
    wid: 1001
    test_case_name: A2DP/SRC/REL/BV-02-C
    description: If necessary, take action to accept the AVDTP Close operation initiated by the tester.
    style: MMI_Style_Ok_Cancel2 0x11141
2026-10-08 19:33:19,028 LT1-callback ClientCallback.on_implicit_send INFO client.py                 236   on_implicit_send          : Calling test cases on_implicit_send
2026-10-08 19:33:19,028 LT1-callback ClientCallback.on_implicit_send INFO client.py                 249   on_implicit_send          : 
    on_implicit_send returned response: WAIT
    END OnImplicitSend
    ********************
2026-10-08 19:33:19,035 BTPWorkerThread-1018 (_rx_task) root DEBUG iutctl_common.py          123   read                      : Read 5 bytes
2026-10-08 19:33:19,035 BTPWorkerThread-1018 (_rx_task) root DEBUG iutctl_common.py          131   read                      : Received: hdr: Header(svc_id=0x23, op=0x8a, ctrl_index=0x00, data_len=0x09) bytearray(b'#\x8a\x00\t\x00')
2026-10-08 19:33:19,035 BTPWorkerThread-1018 (_rx_task) root DEBUG iutctl_common.py          139   read                      : Read 9 bytes data
2026-10-08 19:33:19,036 BTPWorkerThread-1018 (_rx_task) root DEBUG iutctl_common.py          154   read                      : Received data: {'e0 4e e4 08 dc 1b 00 00 00'}, bytearray(b'\xe0N\xe4\x08\xdc\x1b\x00\x00\x00')
2026-10-08 19:33:19,036 BTPWorkerThread-1018 (_rx_task) root DEBUG btp.py                    736   event_handler             : Header(svc_id=35, op=138, ctrl_index=0, data_len=9) (b'\xe0N\xe4\x08\xdc\x1b\x00\x00\x00',)
2026-10-08 19:33:19,036 BTPWorkerThread-1018 (_rx_task) root DEBUG a2dp.py                   576   a2dp_release_req_ev       : a2dp_release_req_ev b'\xe0N\xe4\x08\xdc\x1b\x00\x00\x00' 9
2026-10-08 19:33:19,036 BTPWorkerThread-1018 (_rx_task) root DEBUG a2dp.py                   581   a2dp_release_req_ev       : A2DP release request: addr b'N\xe4\x08\xdc\x1b\x00', stream_id 0
2026-10-08 19:33:19,596 LT1-thread root DEBUG testcase.py               679   run_wid                   : A2DP A2DP/SRC/REL/BV-02-C on_implicit_send
2026-10-08 19:33:19,596 LT1-thread root DEBUG a2dp_wid.py               25    a2dp_wid_hdl              : a2dp_wid_hdl, 1001, If necessary, take action to accept the AVDTP Close operation initiated by the tester., A2DP/SRC/REL/BV-02-C
2026-10-08 19:33:19,596 LT1-thread root DEBUG testcase.py               722   run_wid                   : Sending response 'OK' to wid 1001 test case A2DP/SRC/REL/BV-02-C
2026-10-08 19:33:19,598 LT1-thread root DEBUG client.py                 276   get_result                : ClientCallback.get_result run_test_case
2026-10-08 19:33:20,095 BTPWorkerThread-1018 (_rx_task) root DEBUG iutctl_common.py          123   read                      : Read 5 bytes
2026-10-08 19:33:20,095 BTPWorkerThread-1018 (_rx_task) root DEBUG iutctl_common.py          131   read                      : Received: hdr: Header(svc_id=0x23, op=0x81, ctrl_index=0x00, data_len=0x07) bytearray(b'#\x81\x00\x07\x00')
2026-10-08 19:33:20,095 BTPWorkerThread-1018 (_rx_task) root DEBUG iutctl_common.py          139   read                      : Read 7 bytes data
2026-10-08 19:33:20,096 BTPWorkerThread-1018 (_rx_task) root DEBUG iutctl_common.py          154   read                      : Received data: {'e0 4e e4 08 dc 1b 00'}, bytearray(b'\xe0N\xe4\x08\xdc\x1b\x00')
2026-10-08 19:33:20,096 BTPWorkerThread-1018 (_rx_task) root DEBUG btp.py                    736   event_handler             : Header(svc_id=35, op=129, ctrl_index=0, data_len=7) (b'\xe0N\xe4\x08\xdc\x1b\x00',)
2026-10-08 19:33:20,096 BTPWorkerThread-1018 (_rx_task) root DEBUG a2dp.py                   341   a2dp_disconnected_ev      : a2dp_disconnected_ev b'\xe0N\xe4\x08\xdc\x1b\x00' 7
2026-10-08 19:33:20,096 BTPWorkerThread-1018 (_rx_task) root DEBUG a2dp.py                   346   a2dp_disconnected_ev      : A2DP disconnected from addr b'N\xe4\x08\xdc\x1b\x00'
2026-10-08 19:33:20,096 BTPWorkerThread-1018 (_rx_task) root DEBUG iutctl_common.py          123   read                      : Read 5 bytes
2026-10-08 19:33:20,096 BTPWorkerThread-1018 (_rx_task) root DEBUG iutctl_common.py          131   read                      : Received: hdr: Header(svc_id=0x01, op=0x83, ctrl_index=0x00, data_len=0x07) bytearray(b'\x01\x83\x00\x07\x00')
2026-10-08 19:33:20,096 BTPWorkerThread-1018 (_rx_task) root DEBUG iutctl_common.py          139   read                      : Read 7 bytes data
2026-10-08 19:33:20,097 BTPWorkerThread-1018 (_rx_task) root DEBUG iutctl_common.py          154   read                      : Received data: {'e0 4e e4 08 dc 1b 00'}, bytearray(b'\xe0N\xe4\x08\xdc\x1b\x00')
2026-10-08 19:33:20,097 BTPWorkerThread-1018 (_rx_task) root DEBUG btp.py                    736   event_handler             : Header(svc_id=1, op=131, ctrl_index=0, data_len=7) (b'\xe0N\xe4\x08\xdc\x1b\x00',)
2026-10-08 19:33:20,097 BTPWorkerThread-1018 (_rx_task) root DEBUG gap.py                    228   gap_disconnected_ev_      : b'\xe0N\xe4\x08\xdc\x1b\x00'
2026-10-08 19:33:22,801 LT1-callback ClientCallback.log INFO client.py                 200   log                       : PTS_LOGTYPE_START_TEST Start Test Case 

+141 ms
 A2DP/SRC/REL/BV-02-C A2DP/SRC/REL/BV-02-C

2026-10-08 19:33:23,308 LT1-callback ClientCallback.log INFO client.py                 200   log                       : PTS_LOGTYPE_FINAL_VERDICT Final Verdict 

+52766 ms
 A2DP/SRC/REL/BV-02-C PASS

2026-10-08 19:33:23,313 LT1-callback ClientCallback.log INFO client.py                 200   log                       : PTS_LOGTYPE_FINAL_VERDICT Encrypted Verdict 

+52766 ms
 A2DP/SRC/REL/BV-02-C A1#ZWY4MzQ5MDg3MmQwNTIxOGQzMzQ5YjY2ODA5M2MzNjQ5ZDY4NmY0Yjc2MzIzM2VkNTUyNTFhNGU4Mjg1MjI0NA==#PhTZdfeT3XhhJxzKOgimzOmZ0LEFffwgITNgFj3nBwWabaYyhpJrWEdlyuY+cF1l

2026-10-08 19:33:23,316 LT1-callback ClientCallback.log INFO client.py                 200   log                       : PTS_LOGTYPE_END_TEST Test Case Ended 

+52766 ms
 A2DP/SRC/REL/BV-02-C A2DP/SRC/REL/BV-02-C

2026-10-08 19:33:23,387 LT1-callback root DEBUG client.py                 261   set_result                : ClientCallback, set_result, run_test_case, PASS
2026-10-08 19:33:23,387 LT1-thread root DEBUG client.py                 1186  _run_test_case            : After run_test_case error_code=0 status='PASS'
2026-10-08 19:33:23,387 LT1-thread root DEBUG testcase.py               766   post_run                  : post_run A2DP A2DP/SRC/REL/BV-02-C 0
2026-10-08 19:33:23,388 LT1-thread root DEBUG testcase.py               254   start                     : Starting test function: class=<class 'autopts.ptsprojects.testcase.TestFuncCleanUp'>, func=<bound method ZTestCase._test_case_cleanup of <autopts.ptsprojects.zephyr.ztestcase.ZTestCase object at 0x000002C687BAFCE0>> start_wid=None stop_wid=None post_wid=None skip_call=None call_count=1 args=() kwds={}
2026-10-08 19:33:23,388 LT1-thread root DEBUG testcase.py               266   start                     : Test function parameters: args=(), kwds={}
2026-10-08 19:33:23,388 LT1-thread root DEBUG iutctl.py                 415   stop                      : <class 'autopts.ptsprojects.zephyr.iutctl.create_zephyr_ctl_class.<locals>.ZephyrCtl'>.stop
2026-10-08 19:33:23,388 LT1-thread root DEBUG __init__.py               51    reset                     : About to reset DUT: JLink -CommandFile reset.jlink -usb 1063214216 -device MIMXRT1176XXXA_M7
2026-10-08 19:33:23,682 BTPWorkerThread-1018 (_rx_task) root DEBUG iutctl_common.py          123   read                      : Read 5 bytes
2026-10-08 19:33:23,682 BTPWorkerThread-1018 (_rx_task) root DEBUG iutctl_common.py          131   read                      : Received: hdr: Header(svc_id=0x00, op=0x80, ctrl_index=0xff, data_len=0x00) bytearray(b'\x00\x80\xff\x00\x00')
2026-10-08 19:33:23,682 BTPWorkerThread-1018 (_rx_task) root DEBUG iutctl_common.py          154   read                      : Received data: {''}, bytearray(b'')
2026-10-08 19:33:23,683 BTPWorkerThread-1018 (_rx_task) root DEBUG btp.py                    736   event_handler             : Header(svc_id=0, op=128, ctrl_index=255, data_len=0) (b'',)
2026-10-08 19:33:23,683 BTPWorkerThread-1018 (_rx_task) root DEBUG core.py                   23    core_iut_ready_ev         : 
2026-10-08 19:33:23,754 LT1-thread root DEBUG iutctl.py                 436   _stop_tty_mode            : IUT ready event received OK
2026-10-08 19:33:23,754 LT1-thread root DEBUG iutctl_common.py          416   close                     : Waiting for _rx_worker to finish ...
2026-10-08 19:33:24,683 BTPWorkerThread-1018 (_rx_task) root DEBUG iutctl_common.py          332   _rx_task                  : BTPWorkerThread-1018 (_rx_task) finishing...
2026-10-08 19:33:27,689 LT1-thread root DEBUG testcase.py               794   post_run                  : post_run, cleanup running post test case script
2026-10-08 19:33:27,689 LT1-thread root DEBUG testcase.py               802   post_run                  : post_run, run post test case script
2026-10-08 19:33:27,762 LT1-thread root DEBUG client.py                 1220  _run_test_case            : Done TestCase _run_test_case A2DP A2DP/SRC/REL/BV-02-C
