2026-09-17 11:53:37,959 LT1-thread root DEBUG client.py                 1099  _run_test_case            : Starting TestCase _run_test_case GAP GAP/IDLE/DNDIS/BV-01-C
2026-09-17 11:53:37,960 LT1-thread root DEBUG testcase.py               727   pre_run                   : pre_run GAP GAP/IDLE/DNDIS/BV-01-C
2026-09-17 11:53:37,960 LT1-thread root DEBUG testcase.py               729   pre_run                   : About to run test case GAP GAP/IDLE/DNDIS/BV-01-C with commands:
2026-09-17 11:53:37,960 LT1-thread root DEBUG testcase.py               731   pre_run                   : 0) class=<class 'autopts.ptsprojects.testcase.TestFunc'>, func=<bound method ZTestCase._test_case_start of <autopts.ptsprojects.zephyr.ztestcase.ZTestCase object at 0x0000022108965970>> start_wid=None stop_wid=None post_wid=None skip_call=None call_count=0 args=() kwds={}
2026-09-17 11:53:37,961 LT1-thread root DEBUG testcase.py               731   pre_run                   : 1) class=<class 'autopts.ptsprojects.testcase.TestFunc'>, func=<function core_reg_svc_gap at 0x0000022106F0C720> start_wid=None stop_wid=None post_wid=None skip_call=None call_count=0 args=() kwds={}
2026-09-17 11:53:37,961 LT1-thread root DEBUG testcase.py               731   pre_run                   : 2) class=<class 'autopts.ptsprojects.testcase.TestFunc'>, func=<bound method Stack.gap_init of <autopts.ptsprojects.stack.stack.Stack object at 0x0000022107F15F40>> start_wid=None stop_wid=None post_wid=None skip_call=None call_count=0 args=(b'Tester_08E44E', 'ABCD', '1111', '1111', '11', '1111', b'\x17github.com/auto-pts', (8, 'PADV_Tester'), 'FF') kwds={}
2026-09-17 11:53:37,961 LT1-thread root DEBUG testcase.py               731   pre_run                   : 3) class=<class 'autopts.ptsprojects.testcase.TestFunc'>, func=<function gap_read_controller_info at 0x0000022106F27560> start_wid=None stop_wid=None post_wid=None skip_call=None call_count=0 args=() kwds={}
2026-09-17 11:53:37,961 LT1-thread root DEBUG testcase.py               731   pre_run                   : 4) class=<class 'autopts.ptsprojects.testcase.TestFunc'>, func=<function test_cases.<locals>.<lambda> at 0x000002210893A160> start_wid=None stop_wid=None post_wid=None skip_call=None call_count=0 args=() kwds={}
2026-09-17 11:53:37,961 LT1-thread root DEBUG testcase.py               731   pre_run                   : 5) class=<class 'autopts.ptsprojects.testcase.TestFunc'>, func=<function test_cases.<locals>.<lambda> at 0x000002210893A200> start_wid=None stop_wid=None post_wid=None skip_call=None call_count=0 args=() kwds={}
2026-09-17 11:53:37,961 LT1-thread root DEBUG testcase.py               731   pre_run                   : 6) class=<class 'autopts.ptsprojects.testcase.TestFunc'>, func=<function test_cases.<locals>.<lambda> at 0x000002210893A2A0> start_wid=None stop_wid=None post_wid=None skip_call=None call_count=0 args=() kwds={}
2026-09-17 11:53:37,961 LT1-thread root DEBUG testcase.py               731   pre_run                   : 7) class=<class 'autopts.ptsprojects.testcase.TestFunc'>, func=<function test_cases.<locals>.<lambda> at 0x000002210893A340> start_wid=None stop_wid=None post_wid=None skip_call=None call_count=0 args=() kwds={}
2026-09-17 11:53:37,961 LT1-thread root DEBUG testcase.py               731   pre_run                   : 8) class=<class 'autopts.ptsprojects.testcase.TestFunc'>, func=<function test_cases.<locals>.<lambda> at 0x000002210893A3E0> start_wid=None stop_wid=None post_wid=None skip_call=None call_count=0 args=() kwds={}
2026-09-17 11:53:37,962 LT1-thread root DEBUG testcase.py               731   pre_run                   : 9) class=<class 'autopts.ptsprojects.testcase.TestFunc'>, func=<function test_cases.<locals>.<lambda> at 0x000002210893A480> start_wid=None stop_wid=None post_wid=None skip_call=None call_count=0 args=() kwds={}
2026-09-17 11:53:37,962 LT1-thread root DEBUG testcase.py               731   pre_run                   : 10) class=<class 'autopts.ptsprojects.testcase.TestFunc'>, func=<function test_cases.<locals>.<lambda> at 0x000002210893A520> start_wid=None stop_wid=None post_wid=None skip_call=None call_count=0 args=() kwds={}
2026-09-17 11:53:37,962 LT1-thread root DEBUG testcase.py               731   pre_run                   : 11) class=<class 'autopts.ptsprojects.testcase.TestFunc'>, func=<function test_cases.<locals>.<lambda> at 0x000002210893A5C0> start_wid=None stop_wid=None post_wid=None skip_call=None call_count=0 args=() kwds={}
2026-09-17 11:53:37,962 LT1-thread root DEBUG testcase.py               731   pre_run                   : 12) class=<class 'autopts.ptsprojects.testcase.TestFunc'>, func=<function test_cases.<locals>.<lambda> at 0x000002210893A660> start_wid=None stop_wid=None post_wid=None skip_call=None call_count=0 args=() kwds={}
2026-09-17 11:53:37,962 LT1-thread root DEBUG testcase.py               731   pre_run                   : 13) class=<class 'autopts.ptsprojects.testcase.TestFunc'>, func=<function test_cases.<locals>.<lambda> at 0x000002210893A700> start_wid=None stop_wid=None post_wid=None skip_call=None call_count=0 args=() kwds={}
2026-09-17 11:53:37,962 LT1-thread root DEBUG testcase.py               731   pre_run                   : 14) class=<class 'autopts.ptsprojects.testcase.TestFunc'>, func=<function core_reg_svc_gatt at 0x0000022106F0C860> start_wid=None stop_wid=None post_wid=None skip_call=None call_count=0 args=() kwds={}
2026-09-17 11:53:37,962 LT1-thread root DEBUG testcase.py               731   pre_run                   : 15) class=<class 'autopts.ptsprojects.testcase.TestFunc'>, func=<bound method Stack.gatt_init of <autopts.ptsprojects.stack.stack.Stack object at 0x0000022107F15F40>> start_wid=None stop_wid=None post_wid=None skip_call=None call_count=0 args=() kwds={}
2026-09-17 11:53:37,962 LT1-thread root DEBUG testcase.py               731   pre_run                   : 16) class=<class 'autopts.ptsprojects.testcase.TestFunc'>, func=<function gap_set_io_capability at 0x0000022106F26A20> start_wid=None stop_wid=None post_wid=None skip_call=None call_count=0 args=(4,) kwds={}
2026-09-17 11:53:37,962 LT1-thread root DEBUG testcase.py               731   pre_run                   : 17) class=<class 'autopts.ptsprojects.testcase.TestFunc'>, func=<function gap_set_broadcast_code at 0x0000022106F4CC20> start_wid=None stop_wid=None post_wid=None skip_call=None call_count=0 args=('0102680553F1415AA265BBAFC6EA03B8',) kwds={}
2026-09-17 11:53:37,962 LT1-thread root DEBUG testcase.py               731   pre_run                   : 18) class=<class 'autopts.ptsprojects.testcase.TestFunc'>, func=<function set_pts_addr at 0x0000022106F0C2C0> start_wid=None stop_wid=None post_wid=None skip_call=None call_count=0 args=('00:1B:DC:08:E4:4E', 0) kwds={}
2026-09-17 11:53:37,962 LT1-thread root DEBUG testcase.py               731   pre_run                   : 19) class=<class 'autopts.ptsprojects.testcase.TestFunc'>, func=<function gatts_add_svc at 0x0000022106F5E2A0> start_wid=None stop_wid=None post_wid=None skip_call=None call_count=0 args=(0, 'AA51') kwds={}
2026-09-17 11:53:37,962 LT1-thread root DEBUG testcase.py               731   pre_run                   : 20) class=<class 'autopts.ptsprojects.testcase.TestFunc'>, func=<function gatts_add_char at 0x0000022106F5E3E0> start_wid=None stop_wid=None post_wid=None skip_call=None call_count=0 args=(0, 2, 17, 'AA52') kwds={}
2026-09-17 11:53:37,963 LT1-thread root DEBUG testcase.py               731   pre_run                   : 21) class=<class 'autopts.ptsprojects.testcase.TestFunc'>, func=<function gatts_set_val at 0x0000022106F5E480> start_wid=None stop_wid=None post_wid=None skip_call=None call_count=0 args=(0, '01') kwds={}
2026-09-17 11:53:37,963 LT1-thread root DEBUG testcase.py               731   pre_run                   : 22) class=<class 'autopts.ptsprojects.testcase.TestFunc'>, func=<function gatts_add_char at 0x0000022106F5E3E0> start_wid=None stop_wid=None post_wid=None skip_call=None call_count=0 args=(0, 2, 5, 'AA53') kwds={}
2026-09-17 11:53:37,963 LT1-thread root DEBUG testcase.py               731   pre_run                   : 23) class=<class 'autopts.ptsprojects.testcase.TestFunc'>, func=<function gatts_set_val at 0x0000022106F5E480> start_wid=None stop_wid=None post_wid=None skip_call=None call_count=0 args=(0, '02') kwds={}
2026-09-17 11:53:37,963 LT1-thread root DEBUG testcase.py               731   pre_run                   : 24) class=<class 'autopts.ptsprojects.testcase.TestFunc'>, func=<function gatts_add_char at 0x0000022106F5E3E0> start_wid=None stop_wid=None post_wid=None skip_call=None call_count=0 args=(0, 10, 48, 'AA55') kwds={}
2026-09-17 11:53:37,963 LT1-thread root DEBUG testcase.py               731   pre_run                   : 25) class=<class 'autopts.ptsprojects.testcase.TestFunc'>, func=<function gatts_set_val at 0x0000022106F5E480> start_wid=None stop_wid=None post_wid=None skip_call=None call_count=0 args=(0, '04') kwds={}
2026-09-17 11:53:37,963 LT1-thread root DEBUG testcase.py               731   pre_run                   : 26) class=<class 'autopts.ptsprojects.testcase.TestFunc'>, func=<function gatts_start_server at 0x0000022106F5E700> start_wid=None stop_wid=None post_wid=None skip_call=None call_count=0 args=() kwds={}
2026-09-17 11:53:37,963 LT1-thread root DEBUG testcase.py               731   pre_run                   : 27) class=<class 'autopts.ptsprojects.testcase.TestFuncCleanUp'>, func=<bound method ZTestCase._test_case_cleanup of <autopts.ptsprojects.zephyr.ztestcase.ZTestCase object at 0x0000022108965970>> start_wid=None stop_wid=None post_wid=None skip_call=None call_count=0 args=() kwds={}
2026-09-17 11:53:37,964 LT1-thread root DEBUG testcase.py               738   pre_run                   : pre_run, run pre test case script
2026-09-17 11:53:37,970 LT1-thread root DEBUG testcase.py               254   start                     : Starting test function: class=<class 'autopts.ptsprojects.testcase.TestFunc'>, func=<bound method ZTestCase._test_case_start of <autopts.ptsprojects.zephyr.ztestcase.ZTestCase object at 0x0000022108965970>> start_wid=None stop_wid=None post_wid=None skip_call=None call_count=1 args=() kwds={}
2026-09-17 11:53:37,970 LT1-thread root DEBUG testcase.py               266   start                     : Test function parameters: args=(), kwds={}
2026-09-17 11:53:37,970 LT1-thread root DEBUG iutctl.py                 172   start                     : <class 'autopts.ptsprojects.zephyr.iutctl.create_zephyr_ctl_class.<locals>.ZephyrCtl'>.start
2026-09-17 11:53:37,971 LT1-thread root DEBUG __init__.py               51    reset                     : About to reset DUT: JLink -CommandFile reset.jlink -usb 1063214216 -device MIMXRT1176XXXA_M7
2026-09-17 11:53:38,215 LT1-thread root DEBUG iutctl.py                 325   flush_serial              : <class 'autopts.ptsprojects.zephyr.iutctl.create_zephyr_ctl_class.<locals>.ZephyrCtl'>.flush_serial
2026-09-17 11:53:39,300 LT1-thread root DEBUG iutctl.py                 249   _start_tty_mode           : Starting socat process: socat.exe -x -v tcp:10.17.12.9:51793,retry=100,interval=1 /dev/ttyS2,raw,b115200,
2026-09-17 11:53:39,303 LT1-thread root DEBUG iutctl_common.py          402   accept                    : 
2026-09-17 11:53:40,558 BTPWorkerThread-25 (_rx_task) root DEBUG iutctl_common.py          299   _rx_task                  : BTPWorkerThread-25 (_rx_task) started
2026-09-17 11:53:40,558 LT1-thread root DEBUG __init__.py               51    reset                     : About to reset DUT: JLink -CommandFile reset.jlink -usb 1063214216 -device MIMXRT1176XXXA_M7
2026-09-17 11:53:40,757 BTPWorkerThread-25 (_rx_task) root DEBUG iutctl_common.py          123   read                      : Read 5 bytes
2026-09-17 11:53:40,758 BTPWorkerThread-25 (_rx_task) root DEBUG iutctl_common.py          131   read                      : Received: hdr: Header(svc_id=0x00, op=0x80, ctrl_index=0xff, data_len=0x00) bytearray(b'\x00\x80\xff\x00\x00')
2026-09-17 11:53:40,758 BTPWorkerThread-25 (_rx_task) root DEBUG iutctl_common.py          154   read                      : Received data: {''}, bytearray(b'')
2026-09-17 11:53:40,758 BTPWorkerThread-25 (_rx_task) root DEBUG btp.py                    700   event_handler             : Header(svc_id=0, op=128, ctrl_index=255, data_len=0) (b'',)
2026-09-17 11:53:40,758 BTPWorkerThread-25 (_rx_task) root DEBUG core.py                   23    core_iut_ready_ev         : 
2026-09-17 11:53:40,822 LT1-thread root DEBUG iutctl.py                 395   wait_iut_ready_event      : IUT ready event received OK
2026-09-17 11:53:40,822 LT1-thread root DEBUG btp.py                    51    read_supp_svcs            : 
2026-09-17 11:53:40,822 LT1-thread root DEBUG iutctl_common.py          161   send                      : 0 2 255 ''
2026-09-17 11:53:40,822 LT1-thread root DEBUG iutctl_common.py          166   send                      : sending frame '0002ff0000'
2026-09-17 11:53:40,822 LT1-thread root DEBUG iutctl_common.py          339   read                      : 
2026-09-17 11:53:40,859 BTPWorkerThread-25 (_rx_task) root DEBUG iutctl_common.py          123   read                      : Read 5 bytes
2026-09-17 11:53:40,859 BTPWorkerThread-25 (_rx_task) root DEBUG iutctl_common.py          131   read                      : Received: hdr: Header(svc_id=0x00, op=0x02, ctrl_index=0xff, data_len=0x05) bytearray(b'\x00\x02\xff\x05\x00')
2026-09-17 11:53:40,864 BTPWorkerThread-25 (_rx_task) root DEBUG iutctl_common.py          139   read                      : Read 5 bytes data
2026-09-17 11:53:40,870 BTPWorkerThread-25 (_rx_task) root DEBUG iutctl_common.py          154   read                      : Received data: {'0f 00 00 a0 01'}, bytearray(b'\x0f\x00\x00\xa0\x01')
2026-09-17 11:53:40,880 LT1-thread root DEBUG btp.py                    62    read_supp_svcs            : received Header(svc_id=0, op=2, ctrl_index=255, data_len=5) (b'\x0f\x00\x00\xa0\x01',)
2026-09-17 11:53:40,880 LT1-thread root DEBUG testcase.py               254   start                     : Starting test function: class=<class 'autopts.ptsprojects.testcase.TestFunc'>, func=<function core_reg_svc_gap at 0x0000022106F0C720> start_wid=None stop_wid=None post_wid=None skip_call=None call_count=1 args=() kwds={}
2026-09-17 11:53:40,880 LT1-thread root DEBUG testcase.py               266   start                     : Test function parameters: args=(), kwds={}
2026-09-17 11:53:40,880 LT1-thread root DEBUG btp.py                    117   core_reg_svc_univ         : core_reg_svc_univ: gap_reg (GAP)
2026-09-17 11:53:40,880 LT1-thread root DEBUG iutctl_common.py          161   send                      : 0 3 255 '1'
2026-09-17 11:53:40,880 LT1-thread root DEBUG iutctl_common.py          166   send                      : sending frame '0003ff010001'
2026-09-17 11:53:40,880 LT1-thread root DEBUG btp.py                    618   core_reg_svc_rsp_succ     : 
2026-09-17 11:53:40,880 LT1-thread root DEBUG iutctl_common.py          339   read                      : 
2026-09-17 11:53:45,015 BTPWorkerThread-25 (_rx_task) root DEBUG iutctl_common.py          123   read                      : Read 5 bytes
2026-09-17 11:53:45,026 BTPWorkerThread-25 (_rx_task) root DEBUG iutctl_common.py          131   read                      : Received: hdr: Header(svc_id=0x00, op=0x03, ctrl_index=0xff, data_len=0x00) bytearray(b'\x00\x03\xff\x00\x00')
2026-09-17 11:53:45,026 BTPWorkerThread-25 (_rx_task) root DEBUG iutctl_common.py          154   read                      : Received data: {''}, bytearray(b'')
2026-09-17 11:53:45,032 LT1-thread root DEBUG btp.py                    629   core_reg_svc_rsp_succ     : received Header(svc_id=0, op=3, ctrl_index=255, data_len=0) (b'',)
2026-09-17 11:53:45,032 LT1-thread root DEBUG btp.py                    630   core_reg_svc_rsp_succ     : expected ((0, 3, 255, 0), (b'',))
2026-09-17 11:53:45,032 LT1-thread root DEBUG btp.py                    635   core_reg_svc_rsp_succ     : response is valid
2026-09-17 11:53:45,032 LT1-thread root DEBUG btp.py                    638   core_reg_svc_rsp_succ     : Reading supported commands for service: GAP
2026-09-17 11:53:45,032 LT1-thread root DEBUG iutctl_common.py          161   send                      : 1 1 255 ''
2026-09-17 11:53:45,032 LT1-thread root DEBUG iutctl_common.py          166   send                      : sending frame '0101ff0000'
2026-09-17 11:53:45,033 LT1-thread root DEBUG iutctl_common.py          339   read                      : 
2026-09-17 11:53:45,070 BTPWorkerThread-25 (_rx_task) root DEBUG iutctl_common.py          123   read                      : Read 5 bytes
2026-09-17 11:53:45,075 BTPWorkerThread-25 (_rx_task) root DEBUG iutctl_common.py          131   read                      : Received: hdr: Header(svc_id=0x01, op=0x01, ctrl_index=0xff, data_len=0x07) bytearray(b'\x01\x01\xff\x07\x00')
2026-09-17 11:53:45,081 BTPWorkerThread-25 (_rx_task) root DEBUG iutctl_common.py          139   read                      : Read 7 bytes data
2026-09-17 11:53:45,081 BTPWorkerThread-25 (_rx_task) root DEBUG iutctl_common.py          154   read                      : Received data: {'6e ff 7f 1f fe ff 0e'}, bytearray(b'n\xff\x7f\x1f\xfe\xff\x0e')
2026-09-17 11:53:45,081 LT1-thread root DEBUG testcase.py               254   start                     : Starting test function: class=<class 'autopts.ptsprojects.testcase.TestFunc'>, func=<bound method Stack.gap_init of <autopts.ptsprojects.stack.stack.Stack object at 0x0000022107F15F40>> start_wid=None stop_wid=None post_wid=None skip_call=None call_count=1 args=(b'Tester_08E44E', 'ABCD', '1111', '1111', '11', '1111', b'\x17github.com/auto-pts', (8, 'PADV_Tester'), 'FF') kwds={}
2026-09-17 11:53:45,081 LT1-thread root DEBUG testcase.py               266   start                     : Test function parameters: args=(b'Tester_08E44E', 'ABCD', '1111', '1111', '11', '1111', b'\x17github.com/auto-pts', (8, 'PADV_Tester'), 'FF'), kwds={}
2026-09-17 11:53:45,082 LT1-thread root DEBUG testcase.py               254   start                     : Starting test function: class=<class 'autopts.ptsprojects.testcase.TestFunc'>, func=<function gap_read_controller_info at 0x0000022106F27560> start_wid=None stop_wid=None post_wid=None skip_call=None call_count=1 args=() kwds={}
2026-09-17 11:53:45,082 LT1-thread root DEBUG testcase.py               266   start                     : Test function parameters: args=(), kwds={}
2026-09-17 11:53:45,082 LT1-thread root DEBUG gap.py                    1161  gap_read_controller_info  : 
2026-09-17 11:53:45,082 LT1-thread root DEBUG iutctl_common.py          161   send                      : 1 3 0 ''
2026-09-17 11:53:45,082 LT1-thread root DEBUG iutctl_common.py          166   send                      : sending frame '0103000000'
2026-09-17 11:53:45,082 LT1-thread root DEBUG iutctl_common.py          339   read                      : 
2026-09-17 11:53:45,124 BTPWorkerThread-25 (_rx_task) root DEBUG iutctl_common.py          123   read                      : Read 5 bytes
2026-09-17 11:53:45,134 BTPWorkerThread-25 (_rx_task) root DEBUG iutctl_common.py          131   read                      : Received: hdr: Header(svc_id=0x01, op=0x03, ctrl_index=0x00, data_len=0x115) bytearray(b'\x01\x03\x00\x15\x01')
2026-09-17 11:53:45,134 BTPWorkerThread-25 (_rx_task) root DEBUG iutctl_common.py          139   read                      : Read 245 bytes data
2026-09-17 11:53:45,153 BTPWorkerThread-25 (_rx_task) root DEBUG iutctl_common.py          139   read                      : Read 32 bytes data
2026-09-17 11:53:45,158 BTPWorkerThread-25 (_rx_task) root DEBUG iutctl_common.py          154   read                      : Received data: {'19 78 ee 69 17 d0 d3 06 02 00 13 02 00 00 00 00 00 62 74 70 5f 74 65 73 74 65 72 00 00 00 00 00 00 00 00 00 00 00 00 00 00 00 00 00 00 00 00 00 00 00 00 00 00 00 00 00 00 00 00 00 00 00 00 00 00 00 00 00 00 00 00 00 00 00 00 00 00 00 00 00 00 00 00 00 00 00 00 00 00 00 00 00 00 00 00 00 00 00 00 00 00 00 00 00 00 00 00 00 00 00 00 00 00 00 00 00 00 00 00 00 00 00 00 00 00 00 00 00 00 00 00 00 00 00 00 00 00 00 00 00 00 00 00 00 00 00 00 00 00 00 00 00 00 00 00 00 00 00 00 00 00 00 00 00 00 00 00 00 00 00 00 00 00 00 00 00 00 00 00 00 00 00 00 00 00 00 00 00 00 00 00 00 00 00 00 00 00 00 00 00 00 00 00 00 00 00 00 00 00 00 00 00 00 00 00 00 00 00 00 00 00 00 00 00 00 00 00 00 00 00 00 00 00 00 00 00 00 00 00 00 00 00 00 00 00 00 00 00 00 00 00 00 00 00 00 00 00 00 00 00 00 00 00 00 00 00 00 00 00 00 00 00 00 00 00 00 00'}, bytearray(b'\x19x\xeei\x17\xd0\xd3\x06\x02\x00\x13\x02\x00\x00\x00\x00\x00btp_tester\x00\x00\x00\x00\x00\x00\x00\x00\x00\x00\x00\x00\x00\x00\x00\x00\x00\x00\x00\x00\x00\x00\x00\x00\x00\x00\x00\x00\x00\x00\x00\x00\x00\x00\x00\x00\x00\x00\x00\x00\x00\x00\x00\x00\x00\x00\x00\x00\x00\x00\x00\x00\x00\x00\x00\x00\x00\x00\x00\x00\x00\x00\x00\x00\x00\x00\x00\x00\x00\x00\x00\x00\x00\x00\x00\x00\x00\x00\x00\x00\x00\x00\x00\x00\x00\x00\x00\x00\x00\x00\x00\x00\x00\x00\x00\x00\x00\x00\x00\x00\x00\x00\x00\x00\x00\x00\x00\x00\x00\x00\x00\x00\x00\x00\x00\x00\x00\x00\x00\x00\x00\x00\x00\x00\x00\x00\x00\x00\x00\x00\x00\x00\x00\x00\x00\x00\x00\x00\x00\x00\x00\x00\x00\x00\x00\x00\x00\x00\x00\x00\x00\x00\x00\x00\x00\x00\x00\x00\x00\x00\x00\x00\x00\x00\x00\x00\x00\x00\x00\x00\x00\x00\x00\x00\x00\x00\x00\x00\x00\x00\x00\x00\x00\x00\x00\x00\x00\x00\x00\x00\x00\x00\x00\x00\x00\x00\x00\x00\x00\x00\x00\x00\x00\x00\x00\x00\x00\x00\x00\x00\x00\x00\x00\x00\x00\x00\x00\x00\x00\x00\x00\x00\x00\x00\x00\x00\x00\x00\x00\x00\x00\x00\x00\x00\x00\x00\x00\x00\x00\x00\x00\x00\x00\x00\x00\x00\x00\x00\x00\x00')
2026-09-17 11:53:45,158 LT1-thread root DEBUG gap.py                    1168  gap_read_controller_info  : received Header(svc_id=1, op=3, ctrl_index=0, data_len=277) (b'\x19x\xeei\x17\xd0\xd3\x06\x02\x00\x13\x02\x00\x00\x00\x00\x00btp_tester\x00\x00\x00\x00\x00\x00\x00\x00\x00\x00\x00\x00\x00\x00\x00\x00\x00\x00\x00\x00\x00\x00\x00\x00\x00\x00\x00\x00\x00\x00\x00\x00\x00\x00\x00\x00\x00\x00\x00\x00\x00\x00\x00\x00\x00\x00\x00\x00\x00\x00\x00\x00\x00\x00\x00\x00\x00\x00\x00\x00\x00\x00\x00\x00\x00\x00\x00\x00\x00\x00\x00\x00\x00\x00\x00\x00\x00\x00\x00\x00\x00\x00\x00\x00\x00\x00\x00\x00\x00\x00\x00\x00\x00\x00\x00\x00\x00\x00\x00\x00\x00\x00\x00\x00\x00\x00\x00\x00\x00\x00\x00\x00\x00\x00\x00\x00\x00\x00\x00\x00\x00\x00\x00\x00\x00\x00\x00\x00\x00\x00\x00\x00\x00\x00\x00\x00\x00\x00\x00\x00\x00\x00\x00\x00\x00\x00\x00\x00\x00\x00\x00\x00\x00\x00\x00\x00\x00\x00\x00\x00\x00\x00\x00\x00\x00\x00\x00\x00\x00\x00\x00\x00\x00\x00\x00\x00\x00\x00\x00\x00\x00\x00\x00\x00\x00\x00\x00\x00\x00\x00\x00\x00\x00\x00\x00\x00\x00\x00\x00\x00\x00\x00\x00\x00\x00\x00\x00\x00\x00\x00\x00\x00\x00\x00\x00\x00\x00\x00\x00\x00\x00\x00\x00\x00\x00\x00\x00\x00\x00\x00\x00\x00\x00\x00\x00\x00\x00\x00\x00\x00\x00\x00\x00\x00\x00\x00\x00\x00\x00\x00',)
2026-09-17 11:53:45,159 LT1-thread root DEBUG gap.py                    1189  gap_read_controller_info  : IUT address 'd01769ee7819' 'public'
2026-09-17 11:53:45,159 LT1-thread root DEBUG gap.py                    594   __gap_current_settings_update : 531
2026-09-17 11:53:45,159 LT1-thread root DEBUG testcase.py               254   start                     : Starting test function: class=<class 'autopts.ptsprojects.testcase.TestFunc'>, func=<function test_cases.<locals>.<lambda> at 0x000002210893A160> start_wid=None stop_wid=None post_wid=None skip_call=None call_count=1 args=() kwds={}
2026-09-17 11:53:45,159 LT1-thread root DEBUG testcase.py               266   start                     : Test function parameters: args=(), kwds={}
2026-09-17 11:53:45,162 LT1-thread root DEBUG testcase.py               254   start                     : Starting test function: class=<class 'autopts.ptsprojects.testcase.TestFunc'>, func=<function test_cases.<locals>.<lambda> at 0x000002210893A200> start_wid=None stop_wid=None post_wid=None skip_call=None call_count=1 args=() kwds={}
2026-09-17 11:53:45,162 LT1-thread root DEBUG testcase.py               266   start                     : Test function parameters: args=(), kwds={}
2026-09-17 11:53:45,164 LT1-thread root DEBUG testcase.py               254   start                     : Starting test function: class=<class 'autopts.ptsprojects.testcase.TestFunc'>, func=<function test_cases.<locals>.<lambda> at 0x000002210893A2A0> start_wid=None stop_wid=None post_wid=None skip_call=None call_count=1 args=() kwds={}
2026-09-17 11:53:45,164 LT1-thread root DEBUG testcase.py               266   start                     : Test function parameters: args=(), kwds={}
2026-09-17 11:53:45,167 LT1-thread root DEBUG testcase.py               254   start                     : Starting test function: class=<class 'autopts.ptsprojects.testcase.TestFunc'>, func=<function test_cases.<locals>.<lambda> at 0x000002210893A340> start_wid=None stop_wid=None post_wid=None skip_call=None call_count=1 args=() kwds={}
2026-09-17 11:53:45,167 LT1-thread root DEBUG testcase.py               266   start                     : Test function parameters: args=(), kwds={}
2026-09-17 11:53:45,169 LT1-thread root DEBUG testcase.py               254   start                     : Starting test function: class=<class 'autopts.ptsprojects.testcase.TestFunc'>, func=<function test_cases.<locals>.<lambda> at 0x000002210893A3E0> start_wid=None stop_wid=None post_wid=None skip_call=None call_count=1 args=() kwds={}
2026-09-17 11:53:45,169 LT1-thread root DEBUG testcase.py               266   start                     : Test function parameters: args=(), kwds={}
2026-09-17 11:53:45,172 LT1-thread root DEBUG testcase.py               254   start                     : Starting test function: class=<class 'autopts.ptsprojects.testcase.TestFunc'>, func=<function test_cases.<locals>.<lambda> at 0x000002210893A480> start_wid=None stop_wid=None post_wid=None skip_call=None call_count=1 args=() kwds={}
2026-09-17 11:53:45,172 LT1-thread root DEBUG testcase.py               266   start                     : Test function parameters: args=(), kwds={}
2026-09-17 11:53:45,174 LT1-thread root DEBUG testcase.py               254   start                     : Starting test function: class=<class 'autopts.ptsprojects.testcase.TestFunc'>, func=<function test_cases.<locals>.<lambda> at 0x000002210893A520> start_wid=None stop_wid=None post_wid=None skip_call=None call_count=1 args=() kwds={}
2026-09-17 11:53:45,175 LT1-thread root DEBUG testcase.py               266   start                     : Test function parameters: args=(), kwds={}
2026-09-17 11:53:45,177 LT1-thread root DEBUG testcase.py               254   start                     : Starting test function: class=<class 'autopts.ptsprojects.testcase.TestFunc'>, func=<function test_cases.<locals>.<lambda> at 0x000002210893A5C0> start_wid=None stop_wid=None post_wid=None skip_call=None call_count=1 args=() kwds={}
2026-09-17 11:53:45,177 LT1-thread root DEBUG testcase.py               266   start                     : Test function parameters: args=(), kwds={}
2026-09-17 11:53:45,179 LT1-thread root DEBUG testcase.py               254   start                     : Starting test function: class=<class 'autopts.ptsprojects.testcase.TestFunc'>, func=<function test_cases.<locals>.<lambda> at 0x000002210893A660> start_wid=None stop_wid=None post_wid=None skip_call=None call_count=1 args=() kwds={}
2026-09-17 11:53:45,180 LT1-thread root DEBUG testcase.py               266   start                     : Test function parameters: args=(), kwds={}
2026-09-17 11:53:45,184 LT1-thread root DEBUG testcase.py               254   start                     : Starting test function: class=<class 'autopts.ptsprojects.testcase.TestFunc'>, func=<function test_cases.<locals>.<lambda> at 0x000002210893A700> start_wid=None stop_wid=None post_wid=None skip_call=None call_count=1 args=() kwds={}
2026-09-17 11:53:45,185 LT1-thread root DEBUG testcase.py               266   start                     : Test function parameters: args=(), kwds={}
2026-09-17 11:53:45,187 LT1-thread root DEBUG testcase.py               254   start                     : Starting test function: class=<class 'autopts.ptsprojects.testcase.TestFunc'>, func=<function core_reg_svc_gatt at 0x0000022106F0C860> start_wid=None stop_wid=None post_wid=None skip_call=None call_count=1 args=() kwds={}
2026-09-17 11:53:45,188 LT1-thread root DEBUG testcase.py               266   start                     : Test function parameters: args=(), kwds={}
2026-09-17 11:53:45,188 LT1-thread root DEBUG btp.py                    117   core_reg_svc_univ         : core_reg_svc_univ: gatt_reg (GATT)
2026-09-17 11:53:45,188 LT1-thread root DEBUG iutctl_common.py          161   send                      : 0 3 255 '2'
2026-09-17 11:53:45,188 LT1-thread root DEBUG iutctl_common.py          166   send                      : sending frame '0003ff010002'
2026-09-17 11:53:45,188 LT1-thread root DEBUG btp.py                    618   core_reg_svc_rsp_succ     : 
2026-09-17 11:53:45,188 LT1-thread root DEBUG iutctl_common.py          339   read                      : 
2026-09-17 11:53:45,225 BTPWorkerThread-25 (_rx_task) root DEBUG iutctl_common.py          123   read                      : Read 5 bytes
2026-09-17 11:53:45,235 BTPWorkerThread-25 (_rx_task) root DEBUG iutctl_common.py          131   read                      : Received: hdr: Header(svc_id=0x00, op=0x03, ctrl_index=0xff, data_len=0x00) bytearray(b'\x00\x03\xff\x00\x00')
2026-09-17 11:53:45,240 BTPWorkerThread-25 (_rx_task) root DEBUG iutctl_common.py          154   read                      : Received data: {''}, bytearray(b'')
2026-09-17 11:53:45,251 LT1-thread root DEBUG btp.py                    629   core_reg_svc_rsp_succ     : received Header(svc_id=0, op=3, ctrl_index=255, data_len=0) (b'',)
2026-09-17 11:53:45,251 LT1-thread root DEBUG btp.py                    630   core_reg_svc_rsp_succ     : expected ((0, 3, 255, 0), (b'',))
2026-09-17 11:53:45,251 LT1-thread root DEBUG btp.py                    635   core_reg_svc_rsp_succ     : response is valid
2026-09-17 11:53:45,252 LT1-thread root DEBUG btp.py                    638   core_reg_svc_rsp_succ     : Reading supported commands for service: GATT
2026-09-17 11:53:45,252 LT1-thread root DEBUG iutctl_common.py          161   send                      : 2 1 255 ''
2026-09-17 11:53:45,252 LT1-thread root DEBUG iutctl_common.py          166   send                      : sending frame '0201ff0000'
2026-09-17 11:53:45,252 LT1-thread root DEBUG iutctl_common.py          339   read                      : 
2026-09-17 11:53:45,295 BTPWorkerThread-25 (_rx_task) root DEBUG iutctl_common.py          123   read                      : Read 5 bytes
2026-09-17 11:53:45,301 BTPWorkerThread-25 (_rx_task) root DEBUG iutctl_common.py          131   read                      : Received: hdr: Header(svc_id=0x02, op=0x01, ctrl_index=0xff, data_len=0x05) bytearray(b'\x02\x01\xff\x05\x00')
2026-09-17 11:53:45,312 BTPWorkerThread-25 (_rx_task) root DEBUG iutctl_common.py          139   read                      : Read 5 bytes data
2026-09-17 11:53:45,317 BTPWorkerThread-25 (_rx_task) root DEBUG iutctl_common.py          154   read                      : Received data: {'fe fe bf fd 0f'}, bytearray(b'\xfe\xfe\xbf\xfd\x0f')
2026-09-17 11:53:45,322 LT1-thread root DEBUG testcase.py               254   start                     : Starting test function: class=<class 'autopts.ptsprojects.testcase.TestFunc'>, func=<bound method Stack.gatt_init of <autopts.ptsprojects.stack.stack.Stack object at 0x0000022107F15F40>> start_wid=None stop_wid=None post_wid=None skip_call=None call_count=1 args=() kwds={}
2026-09-17 11:53:45,322 LT1-thread root DEBUG testcase.py               266   start                     : Test function parameters: args=(), kwds={}
2026-09-17 11:53:45,322 LT1-thread root DEBUG testcase.py               254   start                     : Starting test function: class=<class 'autopts.ptsprojects.testcase.TestFunc'>, func=<function gap_set_io_capability at 0x0000022106F26A20> start_wid=None stop_wid=None post_wid=None skip_call=None call_count=1 args=(4,) kwds={}
2026-09-17 11:53:45,322 LT1-thread root DEBUG testcase.py               266   start                     : Test function parameters: args=(4,), kwds={}
2026-09-17 11:53:45,322 LT1-thread root DEBUG gap.py                    859   gap_set_io_capability     : 4
2026-09-17 11:53:45,323 LT1-thread root DEBUG iutctl_common.py          161   send                      : 1 16 0 '\x04'
2026-09-17 11:53:45,323 LT1-thread root DEBUG iutctl_common.py          166   send                      : sending frame '011000010004'
2026-09-17 11:53:45,323 LT1-thread root DEBUG gap.py                    1227  gap_command_rsp_succ      : 
2026-09-17 11:53:45,323 LT1-thread root DEBUG iutctl_common.py          339   read                      : 
2026-09-17 11:53:45,353 BTPWorkerThread-25 (_rx_task) root DEBUG iutctl_common.py          123   read                      : Read 5 bytes
2026-09-17 11:53:45,359 BTPWorkerThread-25 (_rx_task) root DEBUG iutctl_common.py          131   read                      : Received: hdr: Header(svc_id=0x01, op=0x10, ctrl_index=0x00, data_len=0x00) bytearray(b'\x01\x10\x00\x00\x00')
2026-09-17 11:53:45,369 BTPWorkerThread-25 (_rx_task) root DEBUG iutctl_common.py          154   read                      : Received data: {''}, bytearray(b'')
2026-09-17 11:53:45,386 LT1-thread root DEBUG gap.py                    1232  gap_command_rsp_succ      : received Header(svc_id=1, op=16, ctrl_index=0, data_len=0) (b'',)
2026-09-17 11:53:45,386 LT1-thread root DEBUG testcase.py               254   start                     : Starting test function: class=<class 'autopts.ptsprojects.testcase.TestFunc'>, func=<function gap_set_broadcast_code at 0x0000022106F4CC20> start_wid=None stop_wid=None post_wid=None skip_call=None call_count=1 args=('0102680553F1415AA265BBAFC6EA03B8',) kwds={}
2026-09-17 11:53:45,386 LT1-thread root DEBUG testcase.py               266   start                     : Test function parameters: args=('0102680553F1415AA265BBAFC6EA03B8',), kwds={}
2026-09-17 11:53:45,386 LT1-thread root DEBUG gap.py                    1889  gap_set_broadcast_code    : '0102680553F1415AA265BBAFC6EA03B8'
2026-09-17 11:53:45,386 LT1-thread root DEBUG testcase.py               254   start                     : Starting test function: class=<class 'autopts.ptsprojects.testcase.TestFunc'>, func=<function set_pts_addr at 0x0000022106F0C2C0> start_wid=None stop_wid=None post_wid=None skip_call=None call_count=1 args=('00:1B:DC:08:E4:4E', 0) kwds={}
2026-09-17 11:53:45,386 LT1-thread root DEBUG testcase.py               266   start                     : Test function parameters: args=('00:1B:DC:08:E4:4E', 0), kwds={}
2026-09-17 11:53:45,387 LT1-thread root DEBUG testcase.py               254   start                     : Starting test function: class=<class 'autopts.ptsprojects.testcase.TestFunc'>, func=<function gatts_add_svc at 0x0000022106F5E2A0> start_wid=None stop_wid=None post_wid=None skip_call=None call_count=1 args=(0, 'AA51') kwds={}
2026-09-17 11:53:45,387 LT1-thread root DEBUG testcase.py               266   start                     : Test function parameters: args=(0, 'AA51'), kwds={}
2026-09-17 11:53:45,387 LT1-thread root DEBUG gatt.py                   143   gatts_add_svc             : 0 'AA51'
2026-09-17 11:53:45,387 LT1-thread root DEBUG iutctl_common.py          161   send                      : 2 2 0 "bytearray(b'\\x00\\x02Q\\xaa')"
2026-09-17 11:53:45,387 LT1-thread root DEBUG iutctl_common.py          166   send                      : sending frame '0202000400000251aa'
2026-09-17 11:53:45,387 LT1-thread root DEBUG gatt.py                   1190  gatt_command_rsp_succ     : 
2026-09-17 11:53:45,387 LT1-thread root DEBUG iutctl_common.py          339   read                      : 
2026-09-17 11:53:45,418 BTPWorkerThread-25 (_rx_task) root DEBUG iutctl_common.py          123   read                      : Read 5 bytes
2026-09-17 11:53:45,429 BTPWorkerThread-25 (_rx_task) root DEBUG iutctl_common.py          131   read                      : Received: hdr: Header(svc_id=0x02, op=0x02, ctrl_index=0x00, data_len=0x02) bytearray(b'\x02\x02\x00\x02\x00')
2026-09-17 11:53:45,440 BTPWorkerThread-25 (_rx_task) root DEBUG iutctl_common.py          139   read                      : Read 2 bytes data
2026-09-17 11:53:45,451 BTPWorkerThread-25 (_rx_task) root DEBUG iutctl_common.py          154   read                      : Received data: {'00 00'}, bytearray(b'\x00\x00')
2026-09-17 11:53:45,461 LT1-thread root DEBUG gatt.py                   1195  gatt_command_rsp_succ     : received Header(svc_id=2, op=2, ctrl_index=0, data_len=2) (b'\x00\x00',)
2026-09-17 11:53:45,462 LT1-thread root DEBUG testcase.py               254   start                     : Starting test function: class=<class 'autopts.ptsprojects.testcase.TestFunc'>, func=<function gatts_add_char at 0x0000022106F5E3E0> start_wid=None stop_wid=None post_wid=None skip_call=None call_count=1 args=(0, 2, 17, 'AA52') kwds={}
2026-09-17 11:53:45,462 LT1-thread root DEBUG testcase.py               266   start                     : Test function parameters: args=(0, 2, 17, 'AA52'), kwds={}
2026-09-17 11:53:45,462 LT1-thread root DEBUG gatt.py                   177   gatts_add_char            : 0 2 17 'AA52'
2026-09-17 11:53:45,462 LT1-thread root DEBUG iutctl_common.py          161   send                      : 2 3 0 "bytearray(b'\\x00\\x00\\x02\\x11\\x02R\\xaa')"
2026-09-17 11:53:45,462 LT1-thread root DEBUG iutctl_common.py          166   send                      : sending frame '0203000700000002110252aa'
2026-09-17 11:53:45,462 LT1-thread root DEBUG gatt.py                   1190  gatt_command_rsp_succ     : 
2026-09-17 11:53:45,463 LT1-thread root DEBUG iutctl_common.py          339   read                      : 
2026-09-17 11:53:45,495 BTPWorkerThread-25 (_rx_task) root DEBUG iutctl_common.py          123   read                      : Read 5 bytes
2026-09-17 11:53:45,495 BTPWorkerThread-25 (_rx_task) root DEBUG iutctl_common.py          131   read                      : Received: hdr: Header(svc_id=0x02, op=0x03, ctrl_index=0x00, data_len=0x02) bytearray(b'\x02\x03\x00\x02\x00')
2026-09-17 11:53:45,515 BTPWorkerThread-25 (_rx_task) root DEBUG iutctl_common.py          139   read                      : Read 2 bytes data
2026-09-17 11:53:45,525 BTPWorkerThread-25 (_rx_task) root DEBUG iutctl_common.py          154   read                      : Received data: {'00 00'}, bytearray(b'\x00\x00')
2026-09-17 11:53:45,546 LT1-thread root DEBUG gatt.py                   1195  gatt_command_rsp_succ     : received Header(svc_id=2, op=3, ctrl_index=0, data_len=2) (b'\x00\x00',)
2026-09-17 11:53:45,546 LT1-thread root DEBUG testcase.py               254   start                     : Starting test function: class=<class 'autopts.ptsprojects.testcase.TestFunc'>, func=<function gatts_set_val at 0x0000022106F5E480> start_wid=None stop_wid=None post_wid=None skip_call=None call_count=1 args=(0, '01') kwds={}
2026-09-17 11:53:45,546 LT1-thread root DEBUG testcase.py               266   start                     : Test function parameters: args=(0, '01'), kwds={}
2026-09-17 11:53:45,546 LT1-thread root DEBUG gatt.py                   209   gatts_set_val             : 0 '01' 
2026-09-17 11:53:45,546 LT1-thread root DEBUG iutctl_common.py          161   send                      : 2 6 0 "bytearray(b'\\x00\\x00\\x01\\x00\\x01')"
2026-09-17 11:53:45,546 LT1-thread root DEBUG iutctl_common.py          166   send                      : sending frame '02060005000000010001'
2026-09-17 11:53:45,547 LT1-thread root DEBUG gatt.py                   1190  gatt_command_rsp_succ     : 
2026-09-17 11:53:45,547 LT1-thread root DEBUG iutctl_common.py          339   read                      : 
2026-09-17 11:53:45,588 BTPWorkerThread-25 (_rx_task) root DEBUG iutctl_common.py          123   read                      : Read 5 bytes
2026-09-17 11:53:45,594 BTPWorkerThread-25 (_rx_task) root DEBUG iutctl_common.py          131   read                      : Received: hdr: Header(svc_id=0x02, op=0x06, ctrl_index=0x00, data_len=0x00) bytearray(b'\x02\x06\x00\x00\x00')
2026-09-17 11:53:45,605 BTPWorkerThread-25 (_rx_task) root DEBUG iutctl_common.py          154   read                      : Received data: {''}, bytearray(b'')
2026-09-17 11:53:45,622 LT1-thread root DEBUG gatt.py                   1195  gatt_command_rsp_succ     : received Header(svc_id=2, op=6, ctrl_index=0, data_len=0) (b'',)
2026-09-17 11:53:45,622 LT1-thread root DEBUG testcase.py               254   start                     : Starting test function: class=<class 'autopts.ptsprojects.testcase.TestFunc'>, func=<function gatts_add_char at 0x0000022106F5E3E0> start_wid=None stop_wid=None post_wid=None skip_call=None call_count=1 args=(0, 2, 5, 'AA53') kwds={}
2026-09-17 11:53:45,622 LT1-thread root DEBUG testcase.py               266   start                     : Test function parameters: args=(0, 2, 5, 'AA53'), kwds={}
2026-09-17 11:53:45,622 LT1-thread root DEBUG gatt.py                   177   gatts_add_char            : 0 2 5 'AA53'
2026-09-17 11:53:45,622 LT1-thread root DEBUG iutctl_common.py          161   send                      : 2 3 0 "bytearray(b'\\x00\\x00\\x02\\x05\\x02S\\xaa')"
2026-09-17 11:53:45,622 LT1-thread root DEBUG iutctl_common.py          166   send                      : sending frame '0203000700000002050253aa'
2026-09-17 11:53:45,623 LT1-thread root DEBUG gatt.py                   1190  gatt_command_rsp_succ     : 
2026-09-17 11:53:45,623 LT1-thread root DEBUG iutctl_common.py          339   read                      : 
2026-09-17 11:53:45,665 BTPWorkerThread-25 (_rx_task) root DEBUG iutctl_common.py          123   read                      : Read 5 bytes
2026-09-17 11:53:45,676 BTPWorkerThread-25 (_rx_task) root DEBUG iutctl_common.py          131   read                      : Received: hdr: Header(svc_id=0x02, op=0x03, ctrl_index=0x00, data_len=0x02) bytearray(b'\x02\x03\x00\x02\x00')
2026-09-17 11:53:45,692 BTPWorkerThread-25 (_rx_task) root DEBUG iutctl_common.py          139   read                      : Read 2 bytes data
2026-09-17 11:53:45,703 BTPWorkerThread-25 (_rx_task) root DEBUG iutctl_common.py          154   read                      : Received data: {'00 00'}, bytearray(b'\x00\x00')
2026-09-17 11:53:45,719 LT1-thread root DEBUG gatt.py                   1195  gatt_command_rsp_succ     : received Header(svc_id=2, op=3, ctrl_index=0, data_len=2) (b'\x00\x00',)
2026-09-17 11:53:45,719 LT1-thread root DEBUG testcase.py               254   start                     : Starting test function: class=<class 'autopts.ptsprojects.testcase.TestFunc'>, func=<function gatts_set_val at 0x0000022106F5E480> start_wid=None stop_wid=None post_wid=None skip_call=None call_count=1 args=(0, '02') kwds={}
2026-09-17 11:53:45,719 LT1-thread root DEBUG testcase.py               266   start                     : Test function parameters: args=(0, '02'), kwds={}
2026-09-17 11:53:45,719 LT1-thread root DEBUG gatt.py                   209   gatts_set_val             : 0 '02' 
2026-09-17 11:53:45,719 LT1-thread root DEBUG iutctl_common.py          161   send                      : 2 6 0 "bytearray(b'\\x00\\x00\\x01\\x00\\x02')"
2026-09-17 11:53:45,719 LT1-thread root DEBUG iutctl_common.py          166   send                      : sending frame '02060005000000010002'
2026-09-17 11:53:45,720 LT1-thread root DEBUG gatt.py                   1190  gatt_command_rsp_succ     : 
2026-09-17 11:53:45,720 LT1-thread root DEBUG iutctl_common.py          339   read                      : 
2026-09-17 11:53:45,763 BTPWorkerThread-25 (_rx_task) root DEBUG iutctl_common.py          123   read                      : Read 5 bytes
2026-09-17 11:53:45,774 BTPWorkerThread-25 (_rx_task) root DEBUG iutctl_common.py          131   read                      : Received: hdr: Header(svc_id=0x02, op=0x06, ctrl_index=0x00, data_len=0x00) bytearray(b'\x02\x06\x00\x00\x00')
2026-09-17 11:53:45,785 BTPWorkerThread-25 (_rx_task) root DEBUG iutctl_common.py          154   read                      : Received data: {''}, bytearray(b'')
2026-09-17 11:53:45,785 LT1-thread root DEBUG gatt.py                   1195  gatt_command_rsp_succ     : received Header(svc_id=2, op=6, ctrl_index=0, data_len=0) (b'',)
2026-09-17 11:53:45,785 LT1-thread root DEBUG testcase.py               254   start                     : Starting test function: class=<class 'autopts.ptsprojects.testcase.TestFunc'>, func=<function gatts_add_char at 0x0000022106F5E3E0> start_wid=None stop_wid=None post_wid=None skip_call=None call_count=1 args=(0, 10, 48, 'AA55') kwds={}
2026-09-17 11:53:45,786 LT1-thread root DEBUG testcase.py               266   start                     : Test function parameters: args=(0, 10, 48, 'AA55'), kwds={}
2026-09-17 11:53:45,786 LT1-thread root DEBUG gatt.py                   177   gatts_add_char            : 0 10 48 'AA55'
2026-09-17 11:53:45,786 LT1-thread root DEBUG iutctl_common.py          161   send                      : 2 3 0 "bytearray(b'\\x00\\x00\\n0\\x02U\\xaa')"
2026-09-17 11:53:45,786 LT1-thread root DEBUG iutctl_common.py          166   send                      : sending frame '020300070000000a300255aa'
2026-09-17 11:53:45,786 LT1-thread root DEBUG gatt.py                   1190  gatt_command_rsp_succ     : 
2026-09-17 11:53:45,786 LT1-thread root DEBUG iutctl_common.py          339   read                      : 
2026-09-17 11:53:45,824 BTPWorkerThread-25 (_rx_task) root DEBUG iutctl_common.py          123   read                      : Read 5 bytes
2026-09-17 11:53:45,829 BTPWorkerThread-25 (_rx_task) root DEBUG iutctl_common.py          131   read                      : Received: hdr: Header(svc_id=0x02, op=0x03, ctrl_index=0x00, data_len=0x02) bytearray(b'\x02\x03\x00\x02\x00')
2026-09-17 11:53:45,829 BTPWorkerThread-25 (_rx_task) root DEBUG iutctl_common.py          139   read                      : Read 2 bytes data
2026-09-17 11:53:45,829 BTPWorkerThread-25 (_rx_task) root DEBUG iutctl_common.py          154   read                      : Received data: {'00 00'}, bytearray(b'\x00\x00')
2026-09-17 11:53:45,829 LT1-thread root DEBUG gatt.py                   1195  gatt_command_rsp_succ     : received Header(svc_id=2, op=3, ctrl_index=0, data_len=2) (b'\x00\x00',)
2026-09-17 11:53:45,830 LT1-thread root DEBUG testcase.py               254   start                     : Starting test function: class=<class 'autopts.ptsprojects.testcase.TestFunc'>, func=<function gatts_set_val at 0x0000022106F5E480> start_wid=None stop_wid=None post_wid=None skip_call=None call_count=1 args=(0, '04') kwds={}
2026-09-17 11:53:45,830 LT1-thread root DEBUG testcase.py               266   start                     : Test function parameters: args=(0, '04'), kwds={}
2026-09-17 11:53:45,830 LT1-thread root DEBUG gatt.py                   209   gatts_set_val             : 0 '04' 
2026-09-17 11:53:45,830 LT1-thread root DEBUG iutctl_common.py          161   send                      : 2 6 0 "bytearray(b'\\x00\\x00\\x01\\x00\\x04')"
2026-09-17 11:53:45,830 LT1-thread root DEBUG iutctl_common.py          166   send                      : sending frame '02060005000000010004'
2026-09-17 11:53:45,830 LT1-thread root DEBUG gatt.py                   1190  gatt_command_rsp_succ     : 
2026-09-17 11:53:45,830 LT1-thread root DEBUG iutctl_common.py          339   read                      : 
2026-09-17 11:53:45,883 BTPWorkerThread-25 (_rx_task) root DEBUG iutctl_common.py          123   read                      : Read 5 bytes
2026-09-17 11:53:45,883 BTPWorkerThread-25 (_rx_task) root DEBUG iutctl_common.py          131   read                      : Received: hdr: Header(svc_id=0x02, op=0x06, ctrl_index=0x00, data_len=0x00) bytearray(b'\x02\x06\x00\x00\x00')
2026-09-17 11:53:45,888 BTPWorkerThread-25 (_rx_task) root DEBUG iutctl_common.py          154   read                      : Received data: {''}, bytearray(b'')
2026-09-17 11:53:45,899 LT1-thread root DEBUG gatt.py                   1195  gatt_command_rsp_succ     : received Header(svc_id=2, op=6, ctrl_index=0, data_len=0) (b'',)
2026-09-17 11:53:45,899 LT1-thread root DEBUG testcase.py               254   start                     : Starting test function: class=<class 'autopts.ptsprojects.testcase.TestFunc'>, func=<function gatts_start_server at 0x0000022106F5E700> start_wid=None stop_wid=None post_wid=None skip_call=None call_count=1 args=() kwds={}
2026-09-17 11:53:45,899 LT1-thread root DEBUG testcase.py               266   start                     : Test function parameters: args=(), kwds={}
2026-09-17 11:53:45,900 LT1-thread root DEBUG gatt.py                   306   gatts_start_server        : 
2026-09-17 11:53:45,900 LT1-thread root DEBUG iutctl_common.py          161   send                      : 2 7 0 ''
2026-09-17 11:53:45,900 LT1-thread root DEBUG iutctl_common.py          166   send                      : sending frame '0207000000'
2026-09-17 11:53:45,901 LT1-thread root DEBUG gatt.py                   1190  gatt_command_rsp_succ     : 
2026-09-17 11:53:45,901 LT1-thread root DEBUG iutctl_common.py          339   read                      : 
2026-09-17 11:53:45,932 BTPWorkerThread-25 (_rx_task) root DEBUG iutctl_common.py          123   read                      : Read 5 bytes
2026-09-17 11:53:45,937 BTPWorkerThread-25 (_rx_task) root DEBUG iutctl_common.py          131   read                      : Received: hdr: Header(svc_id=0x02, op=0x07, ctrl_index=0x00, data_len=0x03) bytearray(b'\x02\x07\x00\x03\x00')
2026-09-17 11:53:45,942 BTPWorkerThread-25 (_rx_task) root DEBUG iutctl_common.py          139   read                      : Read 3 bytes data
2026-09-17 11:53:45,947 BTPWorkerThread-25 (_rx_task) root DEBUG iutctl_common.py          154   read                      : Received data: {'00 00 00'}, bytearray(b'\x00\x00\x00')
2026-09-17 11:53:45,952 LT1-thread root DEBUG gatt.py                   1195  gatt_command_rsp_succ     : received Header(svc_id=2, op=7, ctrl_index=0, data_len=3) (b'\x00\x00\x00',)
2026-09-17 11:53:45,954 LT1-thread root DEBUG client.py                 276   get_result                : ClientCallback.get_result run_test_case
2026-09-17 11:54:05,870 LT1-callback ClientCallback.log INFO client.py                 200   log                       : PTS_LOGTYPE_START_TEST Start Test Case 

+1641 ms
 GAP/IDLE/DNDIS/BV-01-C GAP/IDLE/DNDIS/BV-01-C

2026-09-17 11:54:06,340 LT1-callback ClientCallback.log INFO client.py                 200   log                       : PTS_LOGTYPE_FINAL_VERDICT Final Verdict 

+18734 ms
 GAP/IDLE/DNDIS/BV-01-C FAIL

2026-09-17 11:54:06,343 LT1-callback ClientCallback.log INFO client.py                 200   log                       : PTS_LOGTYPE_FINAL_VERDICT Encrypted Verdict 

+18734 ms
 GAP/IDLE/DNDIS/BV-01-C A1#NmE3ZDg5OTFkYjkzYjU4NzViNGNmMTJhNDEyMmZjYmY1Y2M5MjU5Njg3ZDYyNTVhMDE3MDg4NTQwNzNlYTE5MQ==#JP4KJr2nyY39NhLM2IugbvgHrKeDCDmWEqCIqpPm7SAgz7UTSlKG1uDyTOO53srZ

2026-09-17 11:54:06,348 LT1-callback ClientCallback.log INFO client.py                 200   log                       : PTS_LOGTYPE_END_TEST Test Case Ended 

+18734 ms
 GAP/IDLE/DNDIS/BV-01-C GAP/IDLE/DNDIS/BV-01-C

2026-09-17 11:54:06,523 LT1-callback root DEBUG client.py                 261   set_result                : ClientCallback, set_result, run_test_case, FAIL
2026-09-17 11:54:06,524 LT1-thread root DEBUG client.py                 1186  _run_test_case            : After run_test_case error_code=0 status='FAIL'
2026-09-17 11:54:06,524 LT1-thread root DEBUG testcase.py               766   post_run                  : post_run GAP GAP/IDLE/DNDIS/BV-01-C 0
2026-09-17 11:54:06,525 MainThread root DEBUG client.py                 1313  run_test_case             : Interrupting GAP GAP/IDLE/DNDIS/BV-01-C test case of thread LT1-thread
2026-09-17 11:54:06,526 LT1-thread root DEBUG testcase.py               254   start                     : Starting test function: class=<class 'autopts.ptsprojects.testcase.TestFuncCleanUp'>, func=<bound method ZTestCase._test_case_cleanup of <autopts.ptsprojects.zephyr.ztestcase.ZTestCase object at 0x0000022108965970>> start_wid=None stop_wid=None post_wid=None skip_call=None call_count=1 args=() kwds={}
2026-09-17 11:54:06,526 LT1-thread root DEBUG testcase.py               266   start                     : Test function parameters: args=(), kwds={}
2026-09-17 11:54:06,526 LT1-thread root DEBUG iutctl.py                 415   stop                      : <class 'autopts.ptsprojects.zephyr.iutctl.create_zephyr_ctl_class.<locals>.ZephyrCtl'>.stop
2026-09-17 11:54:06,526 LT1-thread root DEBUG __init__.py               51    reset                     : About to reset DUT: JLink -CommandFile reset.jlink -usb 1063214216 -device MIMXRT1176XXXA_M7
2026-09-17 11:54:06,763 BTPWorkerThread-25 (_rx_task) root DEBUG iutctl_common.py          123   read                      : Read 5 bytes
2026-09-17 11:54:06,764 BTPWorkerThread-25 (_rx_task) root DEBUG iutctl_common.py          131   read                      : Received: hdr: Header(svc_id=0x00, op=0x80, ctrl_index=0xff, data_len=0x00) bytearray(b'\x00\x80\xff\x00\x00')
2026-09-17 11:54:06,764 BTPWorkerThread-25 (_rx_task) root DEBUG iutctl_common.py          154   read                      : Received data: {''}, bytearray(b'')
2026-09-17 11:54:06,764 BTPWorkerThread-25 (_rx_task) root DEBUG btp.py                    700   event_handler             : Header(svc_id=0, op=128, ctrl_index=255, data_len=0) (b'',)
2026-09-17 11:54:06,764 BTPWorkerThread-25 (_rx_task) root DEBUG core.py                   23    core_iut_ready_ev         : 
2026-09-17 11:54:06,831 LT1-thread root DEBUG iutctl.py                 436   _stop_tty_mode            : IUT ready event received OK
2026-09-17 11:54:06,831 LT1-thread root DEBUG iutctl_common.py          416   close                     : Waiting for _rx_worker to finish ...
2026-09-17 11:54:07,765 BTPWorkerThread-25 (_rx_task) root DEBUG iutctl_common.py          332   _rx_task                  : BTPWorkerThread-25 (_rx_task) finishing...
2026-09-17 11:54:10,771 LT1-thread root DEBUG testcase.py               794   post_run                  : post_run, cleanup running post test case script
2026-09-17 11:54:10,771 LT1-thread root DEBUG testcase.py               802   post_run                  : post_run, run post test case script
2026-09-17 11:54:10,811 LT1-thread root DEBUG client.py                 1220  _run_test_case            : Done TestCase _run_test_case GAP GAP/IDLE/DNDIS/BV-01-C
