12:03:44:732    > BTP_CORE_CMD_READ_SUPPORTED_SERVICES (0x00|0x02|0xff)
                  raw data (0): 00 02 ff 00 00|
12:03:44:794    < BTP_CORE_CMD_READ_SUPPORTED_SERVICES (0x00|0x02|0xff)
                  raw data (5): 00 02 ff 05 00|0f 00 00 a0 03
12:03:44:813    > BTP_CORE_CMD_REGISTER_SERVICE (0x00|0x03|0xff)
                  raw data (1): 00 03 ff 01 00|01
12:03:48:958    < BTP_CORE_CMD_REGISTER_SERVICE (0x00|0x03|0xff)
                  raw data (0): 00 03 ff 00 00|
12:03:48:975    > BTP_GAP_CMD_READ_SUPPORTED_COMMANDS (0x01|0x01|0xff)
                  raw data (0): 01 01 ff 00 00|
12:03:49:056    < BTP_GAP_CMD_READ_SUPPORTED_COMMANDS (0x01|0x01|0xff)
                  raw data (7): 01 01 ff 07 00|6e ff 7f 1f fe ff 0e
12:03:49:069    > BTP_GAP_CMD_READ_CONTROLLER_INFO (0x01|0x03|0x00)
                  raw data (0): 01 03 00 00 00|
12:03:49:140    < BTP_GAP_CMD_READ_CONTROLLER_INFO (0x01|0x03|0x00)
                  raw data (277): 
                  01 03 00 15 01|19 78 ee 69 17 d0 d3 06 02 00 13 
                  02 00 00 00 00 00 62 74 70 5f 74 65 73 74 65 72 
                  00 00 00 00 00 00 00 00 00 00 00 00 00 00 00 00 
                  00 00 00 00 00 00 00 00 00 00 00 00 00 00 00 00 
                  00 00 00 00 00 00 00 00 00 00 00 00 00 00 00 00 
                  00 00 00 00 00 00 00 00 00 00 00 00 00 00 00 00 
                  00 00 00 00 00 00 00 00 00 00 00 00 00 00 00 00 
                  00 00 00 00 00 00 00 00 00 00 00 00 00 00 00 00 
                  00 00 00 00 00 00 00 00 00 00 00 00 00 00 00 00 
                  00 00 00 00 00 00 00 00 00 00 00 00 00 00 00 00 
                  00 00 00 00 00 00 00 00 00 00 00 00 00 00 00 00 
                  00 00 00 00 00 00 00 00 00 00 00 00 00 00 00 00 
                  00 00 00 00 00 00 00 00 00 00 00 00 00 00 00 00 
                  00 00 00 00 00 00 00 00 00 00 00 00 00 00 00 00 
                  00 00 00 00 00 00 00 00 00 00 00 00 00 00 00 00 
                  00 00 00 00 00 00 00 00 00 00 00 00 00 00 00 00 
                  00 00 00 00 00 00 00 00 00 00 00 00 00 00 00 00 
                  00 00 00 00 00 00 00 00 00 00
12:03:49:152    > BTP_CORE_CMD_REGISTER_SERVICE (0x00|0x03|0xff)
                  raw data (2): 00 03 ff 01 00|02
12:03:49:211    < BTP_CORE_CMD_REGISTER_SERVICE (0x00|0x03|0xff)
                  raw data (0): 00 03 ff 00 00|
12:03:49:228    > BTP_GATT_CMD_READ_SUPPORTED_COMMANDS (0x02|0x01|0xff)
                  raw data (0): 02 01 ff 00 00|
12:03:49:300    < BTP_GATT_CMD_READ_SUPPORTED_COMMANDS (0x02|0x01|0xff)
                  raw data (5): 02 01 ff 05 00|fe fe bf fd 0f
12:03:49:306    > BTP_CORE_CMD_REGISTER_SERVICE (0x00|0x03|0xff)
                  raw data (33): 00 03 ff 01 00|21
12:03:49:361    < BTP_CORE_CMD_REGISTER_SERVICE (0x00|0x03|0xff)
                  raw data (0): 00 03 ff 00 00|
12:03:49:367    > BTP_BIP_CMD_READ_SUPPORTED_COMMANDS (0x21|0x01|0xff)
                  raw data (0): 21 01 ff 00 00|
12:03:49:444    < BTP_BIP_CMD_READ_SUPPORTED_COMMANDS (0x21|0x01|0xff)
                  raw data (10): 21 01 ff 0a 00|da fe ff ff ff ff ff ff ff 1f
12:03:59:500    > BTP_GAP_CMD_CONNECT (0x01|0x0e|0x00)
                  raw data (8): 01 0e 00 08 00|e0 4e e4 08 dc 1b 00 00
12:03:59:559    < BTP_GAP_CMD_CONNECT (0x01|0x0e|0x00)
                  raw data (0): 01 0e 00 00 00|
12:03:59:777    < BTP_GAP_EV_DEVICE_CONNECTED (0x01|0x82|0x00)
                  raw data (13): 
                  01 82 00 0d 00|e0 4e e4 08 dc 1b 00 00 00 00 00 
                  00 00
12:03:59:878    > BTP_BIP_CMD_SDP_DISCOVER (0x21|0x09|0x00)
                  raw data (9): 21 09 00 09 00|e0 4e e4 08 dc 1b 00 1a 11
12:03:59:938    < BTP_BIP_CMD_SDP_DISCOVER (0x21|0x09|0x00)
                  raw data (0): 21 09 00 00 00|
12:03:59:958    < BTP_BIP_EV_SDP_DISCOVERED (0x21|0xaa|0x00)
                  raw data (17): 
                  21 aa 00 11 00|e0 4e e4 08 dc 1b 00 08 03 10 00 
                  00 00 0f 00 00 00
12:04:00:058    > BTP_BIP_CMD_CONNECT_L2CAP (0x21|0x06|0x00)
                  raw data (9): 21 06 00 09 00|e0 4e e4 08 dc 1b 00 03 10
12:04:00:116    < BTP_BIP_CMD_CONNECT_L2CAP (0x21|0x06|0x00)
                  raw data (0): 21 06 00 00 00|
12:04:01:835    < BTP_GAP_EV_ENCRYPTION_CHANGE (0x01|0x91|0x00)
                  raw data (9): 01 91 00 09 00|e0 4e e4 08 dc 1b 00 01 10
12:04:01:845    < BTP_GAP_EV_SEC_LEVEL_CHANGED (0x01|0x89|0x00)
                  raw data (8): 01 89 00 08 00|e0 4e e4 08 dc 1b 00 02
12:04:01:857    < BTP_BIP_EV_L2CAP_CONNECTED (0x21|0x82|0x00)
                  raw data (7): 21 82 00 07 00|e0 4e e4 08 dc 1b 00
12:04:02:948    > BTP_BIP_CMD_CLIENT_CONNECT (0x21|0x0c|0x00)
                  raw data (8): 21 0c 00 08 00|e0 4e e4 08 dc 1b 00 00
12:04:03:010    < BTP_BIP_CMD_CLIENT_CONNECT (0x21|0x0c|0x00)
                  raw data (0): 21 0c 00 00 00|
12:04:03:016    < BTP_BIP_EV_CLIENT_CONNECTED (0x21|0x97|0x00)
                  raw data (41): 
                  21 97 00 29 00|e0 4e e4 08 dc 1b 00 a0 10 fe 06 
                  5b 93 29 0b 18 00 4a 00 13 e3 3d 95 45 83 74 4a 
                  d7 9e c5 c1 6b e3 1e de 8e cb 0b 29 93 5b
12:04:08:009    < BTP_BIP_EV_L2CAP_DISCONNECTED (0x21|0x83|0x00)
                  raw data (7): 21 83 00 07 00|e0 4e e4 08 dc 1b 00
12:04:08:013    < BTP_GAP_EV_DEVICE_DISCONNECTED (0x01|0x83|0x00)
                  raw data (7): 01 83 00 07 00|e0 4e e4 08 dc 1b 00
12:04:14:043    < BTP_CORE_EV_IUT_READY (0x00|0x80|0xff)
                  raw data (0): 00 80 ff 00 00|
