2026-09-17 14:42:01,936 LT1-thread root DEBUG client.py                 1099  _run_test_case            : Starting TestCase _run_test_case GAP GAP/SEC/SEM/BI-03-C
2026-09-17 14:42:01,936 LT1-thread root DEBUG testcase.py               727   pre_run                   : pre_run GAP GAP/SEC/SEM/BI-03-C
2026-09-17 14:42:01,936 LT1-thread root DEBUG testcase.py               729   pre_run                   : About to run test case GAP GAP/SEC/SEM/BI-03-C with commands:
2026-09-17 14:42:01,937 LT1-thread root DEBUG testcase.py               731   pre_run                   : 0) class=<class 'autopts.ptsprojects.testcase.TestFunc'>, func=<bound method ZTestCase._test_case_start of <autopts.ptsprojects.zephyr.ztestcase.ZTestCase object at 0x00000203DCD02360>> start_wid=None stop_wid=None post_wid=None skip_call=None call_count=0 args=() kwds={}
2026-09-17 14:42:01,937 LT1-thread root DEBUG testcase.py               731   pre_run                   : 1) class=<class 'autopts.ptsprojects.testcase.TestFunc'>, func=<function core_reg_svc_gap at 0x00000203DA228720> start_wid=None stop_wid=None post_wid=None skip_call=None call_count=117 args=() kwds={}
2026-09-17 14:42:01,937 LT1-thread root DEBUG testcase.py               731   pre_run                   : 2) class=<class 'autopts.ptsprojects.testcase.TestFunc'>, func=<bound method Stack.gap_init of <autopts.ptsprojects.stack.stack.Stack object at 0x00000203DA34D4F0>> start_wid=None stop_wid=None post_wid=None skip_call=None call_count=117 args=(b'Tester_08E44E', 'ABCD', '1111', '1111', '11', '1111', b'\x17github.com/auto-pts', (8, 'PADV_Tester'), 'FF') kwds={}
2026-09-17 14:42:01,937 LT1-thread root DEBUG testcase.py               731   pre_run                   : 3) class=<class 'autopts.ptsprojects.testcase.TestFunc'>, func=<function gap_read_controller_info at 0x00000203DA247560> start_wid=None stop_wid=None post_wid=None skip_call=None call_count=117 args=() kwds={}
2026-09-17 14:42:01,937 LT1-thread root DEBUG testcase.py               731   pre_run                   : 4) class=<class 'autopts.ptsprojects.testcase.TestFunc'>, func=<function test_cases.<locals>.<lambda> at 0x00000203DCC65BC0> start_wid=None stop_wid=None post_wid=None skip_call=None call_count=117 args=() kwds={}
2026-09-17 14:42:01,937 LT1-thread root DEBUG testcase.py               731   pre_run                   : 5) class=<class 'autopts.ptsprojects.testcase.TestFunc'>, func=<function test_cases.<locals>.<lambda> at 0x00000203DCC65C60> start_wid=None stop_wid=None post_wid=None skip_call=None call_count=117 args=() kwds={}
2026-09-17 14:42:01,937 LT1-thread root DEBUG testcase.py               731   pre_run                   : 6) class=<class 'autopts.ptsprojects.testcase.TestFunc'>, func=<function test_cases.<locals>.<lambda> at 0x00000203DCC65D00> start_wid=None stop_wid=None post_wid=None skip_call=None call_count=117 args=() kwds={}
2026-09-17 14:42:01,937 LT1-thread root DEBUG testcase.py               731   pre_run                   : 7) class=<class 'autopts.ptsprojects.testcase.TestFunc'>, func=<function test_cases.<locals>.<lambda> at 0x00000203DCC65DA0> start_wid=None stop_wid=None post_wid=None skip_call=None call_count=117 args=() kwds={}
2026-09-17 14:42:01,937 LT1-thread root DEBUG testcase.py               731   pre_run                   : 8) class=<class 'autopts.ptsprojects.testcase.TestFunc'>, func=<function test_cases.<locals>.<lambda> at 0x00000203DCCF5300> start_wid=None stop_wid=None post_wid=None skip_call=None call_count=117 args=() kwds={}
2026-09-17 14:42:01,937 LT1-thread root DEBUG testcase.py               731   pre_run                   : 9) class=<class 'autopts.ptsprojects.testcase.TestFunc'>, func=<function test_cases.<locals>.<lambda> at 0x00000203DCCF53A0> start_wid=None stop_wid=None post_wid=None skip_call=None call_count=117 args=() kwds={}
2026-09-17 14:42:01,938 LT1-thread root DEBUG testcase.py               731   pre_run                   : 10) class=<class 'autopts.ptsprojects.testcase.TestFunc'>, func=<function test_cases.<locals>.<lambda> at 0x00000203DCCF5440> start_wid=None stop_wid=None post_wid=None skip_call=None call_count=117 args=() kwds={}
2026-09-17 14:42:01,938 LT1-thread root DEBUG testcase.py               731   pre_run                   : 11) class=<class 'autopts.ptsprojects.testcase.TestFunc'>, func=<function test_cases.<locals>.<lambda> at 0x00000203DCCF54E0> start_wid=None stop_wid=None post_wid=None skip_call=None call_count=117 args=() kwds={}
2026-09-17 14:42:01,938 LT1-thread root DEBUG testcase.py               731   pre_run                   : 12) class=<class 'autopts.ptsprojects.testcase.TestFunc'>, func=<function test_cases.<locals>.<lambda> at 0x00000203DCCF5580> start_wid=None stop_wid=None post_wid=None skip_call=None call_count=117 args=() kwds={}
2026-09-17 14:42:01,938 LT1-thread root DEBUG testcase.py               731   pre_run                   : 13) class=<class 'autopts.ptsprojects.testcase.TestFunc'>, func=<function test_cases.<locals>.<lambda> at 0x00000203DCCF5620> start_wid=None stop_wid=None post_wid=None skip_call=None call_count=117 args=() kwds={}
2026-09-17 14:42:01,938 LT1-thread root DEBUG testcase.py               731   pre_run                   : 14) class=<class 'autopts.ptsprojects.testcase.TestFunc'>, func=<function core_reg_svc_gatt at 0x00000203DA228860> start_wid=None stop_wid=None post_wid=None skip_call=None call_count=117 args=() kwds={}
2026-09-17 14:42:01,938 LT1-thread root DEBUG testcase.py               731   pre_run                   : 15) class=<class 'autopts.ptsprojects.testcase.TestFunc'>, func=<bound method Stack.gatt_init of <autopts.ptsprojects.stack.stack.Stack object at 0x00000203DA34D4F0>> start_wid=None stop_wid=None post_wid=None skip_call=None call_count=117 args=() kwds={}
2026-09-17 14:42:01,938 LT1-thread root DEBUG testcase.py               731   pre_run                   : 16) class=<class 'autopts.ptsprojects.testcase.TestFunc'>, func=<function gap_set_io_capability at 0x00000203DA246A20> start_wid=None stop_wid=None post_wid=None skip_call=None call_count=117 args=(4,) kwds={}
2026-09-17 14:42:01,938 LT1-thread root DEBUG testcase.py               731   pre_run                   : 17) class=<class 'autopts.ptsprojects.testcase.TestFunc'>, func=<function gap_set_broadcast_code at 0x00000203DA26CC20> start_wid=None stop_wid=None post_wid=None skip_call=None call_count=117 args=('0102680553F1415AA265BBAFC6EA03B8',) kwds={}
2026-09-17 14:42:01,938 LT1-thread root DEBUG testcase.py               731   pre_run                   : 18) class=<class 'autopts.ptsprojects.testcase.TestFunc'>, func=<function set_pts_addr at 0x00000203DA2282C0> start_wid=None stop_wid=None post_wid=None skip_call=None call_count=117 args=('00:1B:DC:08:E4:4E', 0) kwds={}
2026-09-17 14:42:01,938 LT1-thread root DEBUG testcase.py               731   pre_run                   : 19) class=<class 'autopts.ptsprojects.testcase.TestFunc'>, func=<function test_cases.<locals>.<lambda> at 0x00000203DCCF56C0> start_wid=None stop_wid=None post_wid=None skip_call=None call_count=26 args=() kwds={}
2026-09-17 14:42:01,938 LT1-thread root DEBUG testcase.py               731   pre_run                   : 20) class=<class 'autopts.ptsprojects.testcase.TestFunc'>, func=<function test_cases.<locals>.<lambda> at 0x00000203DCCF5760> start_wid=None stop_wid=None post_wid=None skip_call=None call_count=26 args=() kwds={}
2026-09-17 14:42:01,938 LT1-thread root DEBUG testcase.py               731   pre_run                   : 21) class=<class 'autopts.ptsprojects.testcase.TestFunc'>, func=<function test_cases.<locals>.<lambda> at 0x00000203DCCF5800> start_wid=None stop_wid=None post_wid=None skip_call=None call_count=26 args=() kwds={}
2026-09-17 14:42:01,938 LT1-thread root DEBUG testcase.py               731   pre_run                   : 22) class=<class 'autopts.ptsprojects.testcase.TestFunc'>, func=<function test_cases.<locals>.<lambda> at 0x00000203DCCF58A0> start_wid=None stop_wid=None post_wid=None skip_call=None call_count=26 args=() kwds={}
2026-09-17 14:42:01,938 LT1-thread root DEBUG testcase.py               731   pre_run                   : 23) class=<class 'autopts.ptsprojects.testcase.TestFunc'>, func=<function test_cases.<locals>.<lambda> at 0x00000203DCCF5940> start_wid=None stop_wid=None post_wid=None skip_call=None call_count=26 args=() kwds={}
2026-09-17 14:42:01,939 LT1-thread root DEBUG testcase.py               731   pre_run                   : 24) class=<class 'autopts.ptsprojects.testcase.TestFunc'>, func=<function test_cases.<locals>.<lambda> at 0x00000203DCCF59E0> start_wid=None stop_wid=None post_wid=None skip_call=None call_count=26 args=() kwds={}
2026-09-17 14:42:01,939 LT1-thread root DEBUG testcase.py               731   pre_run                   : 25) class=<class 'autopts.ptsprojects.testcase.TestFunc'>, func=<function test_cases.<locals>.<lambda> at 0x00000203DCCF5A80> start_wid=None stop_wid=None post_wid=None skip_call=None call_count=26 args=() kwds={}
2026-09-17 14:42:01,939 LT1-thread root DEBUG testcase.py               731   pre_run                   : 26) class=<class 'autopts.ptsprojects.testcase.TestFunc'>, func=<function gap_set_io_capability at 0x00000203DA246A20> start_wid=None stop_wid=None post_wid=None skip_call=None call_count=26 args=(3,) kwds={}
2026-09-17 14:42:01,939 LT1-thread root DEBUG testcase.py               731   pre_run                   : 27) class=<class 'autopts.ptsprojects.testcase.TestFunc'>, func=<function core_reg_svc_l2cap at 0x00000203DA2289A0> start_wid=None stop_wid=None post_wid=None skip_call=None call_count=25 args=() kwds={}
2026-09-17 14:42:01,939 LT1-thread root DEBUG testcase.py               731   pre_run                   : 28) class=<class 'autopts.ptsprojects.testcase.TestFunc'>, func=<bound method Stack.l2cap_init of <autopts.ptsprojects.stack.stack.Stack object at 0x00000203DA34D4F0>> start_wid=None stop_wid=None post_wid=None skip_call=None call_count=25 args=(4097, 120) kwds={}
2026-09-17 14:42:01,939 LT1-thread root DEBUG testcase.py               731   pre_run                   : 29) class=<class 'autopts.ptsprojects.testcase.TestFunc'>, func=<function l2cap_br_listen at 0x00000203DA2A0A40> start_wid=None stop_wid=None post_wid=None skip_call=None call_count=2 args=(4097, 120, 1) kwds={}
2026-09-17 14:42:01,939 LT1-thread root DEBUG testcase.py               731   pre_run                   : 30) class=<class 'autopts.ptsprojects.testcase.TestFunc'>, func=<function gap_set_io_capability at 0x00000203DA246A20> start_wid=None stop_wid=None post_wid=None skip_call=None call_count=0 args=(1,) kwds={}
2026-09-17 14:42:01,939 LT1-thread root DEBUG testcase.py               731   pre_run                   : 31) class=<class 'autopts.ptsprojects.testcase.TestFuncCleanUp'>, func=<bound method ZTestCase._test_case_cleanup of <autopts.ptsprojects.zephyr.ztestcase.ZTestCase object at 0x00000203DCD02360>> start_wid=None stop_wid=None post_wid=None skip_call=None call_count=0 args=() kwds={}
2026-09-17 14:42:01,939 LT1-thread root DEBUG testcase.py               738   pre_run                   : pre_run, run pre test case script
2026-09-17 14:42:01,947 LT1-thread root DEBUG testcase.py               254   start                     : Starting test function: class=<class 'autopts.ptsprojects.testcase.TestFunc'>, func=<bound method ZTestCase._test_case_start of <autopts.ptsprojects.zephyr.ztestcase.ZTestCase object at 0x00000203DCD02360>> start_wid=None stop_wid=None post_wid=None skip_call=None call_count=1 args=() kwds={}
2026-09-17 14:42:01,947 LT1-thread root DEBUG testcase.py               266   start                     : Test function parameters: args=(), kwds={}
2026-09-17 14:42:01,947 LT1-thread root DEBUG iutctl.py                 172   start                     : <class 'autopts.ptsprojects.zephyr.iutctl.create_zephyr_ctl_class.<locals>.ZephyrCtl'>.start
2026-09-17 14:42:01,947 LT1-thread root DEBUG iutctl.py                 325   flush_serial              : <class 'autopts.ptsprojects.zephyr.iutctl.create_zephyr_ctl_class.<locals>.ZephyrCtl'>.flush_serial
2026-09-17 14:42:03,128 LT1-thread root DEBUG iutctl.py                 249   _start_tty_mode           : Starting socat process: socat.exe -x -v tcp:10.17.12.9:65473,retry=100,interval=1 /dev/ttyS2,raw,b115200,
2026-09-17 14:42:03,136 LT1-thread root DEBUG iutctl_common.py          402   accept                    : 
2026-09-17 14:42:03,215 BTPWorkerThread-2644 (_rx_task) root DEBUG iutctl_common.py          299   _rx_task                  : BTPWorkerThread-2644 (_rx_task) started
2026-09-17 14:42:03,215 LT1-thread root DEBUG iutctl.py                 395   wait_iut_ready_event      : IUT ready event received OK
2026-09-17 14:42:03,216 LT1-thread root DEBUG btp.py                    51    read_supp_svcs            : 
2026-09-17 14:42:03,216 LT1-thread root DEBUG iutctl_common.py          161   send                      : 0 2 255 ''
2026-09-17 14:42:03,216 LT1-thread root DEBUG iutctl_common.py          166   send                      : sending frame '0002ff0000'
2026-09-17 14:42:03,216 LT1-thread root DEBUG iutctl_common.py          339   read                      : 
2026-09-17 14:42:03,231 BTPWorkerThread-2644 (_rx_task) root DEBUG iutctl_common.py          123   read                      : Read 5 bytes
2026-09-17 14:42:03,242 BTPWorkerThread-2644 (_rx_task) root DEBUG iutctl_common.py          131   read                      : Received: hdr: Header(svc_id=0x00, op=0x02, ctrl_index=0xff, data_len=0x05) bytearray(b'\x00\x02\xff\x05\x00')
2026-09-17 14:42:03,265 BTPWorkerThread-2644 (_rx_task) root DEBUG iutctl_common.py          139   read                      : Read 5 bytes data
2026-09-17 14:42:03,275 BTPWorkerThread-2644 (_rx_task) root DEBUG iutctl_common.py          154   read                      : Received data: {'0f 00 00 a0 01'}, bytearray(b'\x0f\x00\x00\xa0\x01')
2026-09-17 14:42:03,291 LT1-thread root DEBUG btp.py                    62    read_supp_svcs            : received Header(svc_id=0, op=2, ctrl_index=255, data_len=5) (b'\x0f\x00\x00\xa0\x01',)
2026-09-17 14:42:03,291 LT1-thread root DEBUG testcase.py               254   start                     : Starting test function: class=<class 'autopts.ptsprojects.testcase.TestFunc'>, func=<function core_reg_svc_gap at 0x00000203DA228720> start_wid=None stop_wid=None post_wid=None skip_call=None call_count=118 args=() kwds={}
2026-09-17 14:42:03,291 LT1-thread root DEBUG testcase.py               266   start                     : Test function parameters: args=(), kwds={}
2026-09-17 14:42:03,291 LT1-thread root DEBUG btp.py                    117   core_reg_svc_univ         : core_reg_svc_univ: gap_reg (GAP)
2026-09-17 14:42:03,291 LT1-thread root DEBUG iutctl_common.py          161   send                      : 0 3 255 '1'
2026-09-17 14:42:03,291 LT1-thread root DEBUG iutctl_common.py          166   send                      : sending frame '0003ff010001'
2026-09-17 14:42:03,292 LT1-thread root DEBUG btp.py                    618   core_reg_svc_rsp_succ     : 
2026-09-17 14:42:03,292 LT1-thread root DEBUG iutctl_common.py          339   read                      : 
2026-09-17 14:42:07,410 BTPWorkerThread-2644 (_rx_task) root DEBUG iutctl_common.py          123   read                      : Read 5 bytes
2026-09-17 14:42:07,422 BTPWorkerThread-2644 (_rx_task) root DEBUG iutctl_common.py          131   read                      : Received: hdr: Header(svc_id=0x00, op=0x03, ctrl_index=0xff, data_len=0x00) bytearray(b'\x00\x03\xff\x00\x00')
2026-09-17 14:42:07,428 BTPWorkerThread-2644 (_rx_task) root DEBUG iutctl_common.py          154   read                      : Received data: {''}, bytearray(b'')
2026-09-17 14:42:07,454 LT1-thread root DEBUG btp.py                    629   core_reg_svc_rsp_succ     : received Header(svc_id=0, op=3, ctrl_index=255, data_len=0) (b'',)
2026-09-17 14:42:07,454 LT1-thread root DEBUG btp.py                    630   core_reg_svc_rsp_succ     : expected ((0, 3, 255, 0), (b'',))
2026-09-17 14:42:07,455 LT1-thread root DEBUG btp.py                    635   core_reg_svc_rsp_succ     : response is valid
2026-09-17 14:42:07,455 LT1-thread root DEBUG btp.py                    638   core_reg_svc_rsp_succ     : Reading supported commands for service: GAP
2026-09-17 14:42:07,455 LT1-thread root DEBUG iutctl_common.py          161   send                      : 1 1 255 ''
2026-09-17 14:42:07,455 LT1-thread root DEBUG iutctl_common.py          166   send                      : sending frame '0101ff0000'
2026-09-17 14:42:07,455 LT1-thread root DEBUG iutctl_common.py          339   read                      : 
2026-09-17 14:42:07,492 BTPWorkerThread-2644 (_rx_task) root DEBUG iutctl_common.py          123   read                      : Read 5 bytes
2026-09-17 14:42:07,502 BTPWorkerThread-2644 (_rx_task) root DEBUG iutctl_common.py          131   read                      : Received: hdr: Header(svc_id=0x01, op=0x01, ctrl_index=0xff, data_len=0x07) bytearray(b'\x01\x01\xff\x07\x00')
2026-09-17 14:42:07,508 BTPWorkerThread-2644 (_rx_task) root DEBUG iutctl_common.py          139   read                      : Read 7 bytes data
2026-09-17 14:42:07,508 BTPWorkerThread-2644 (_rx_task) root DEBUG iutctl_common.py          154   read                      : Received data: {'6e ff 7f 1f fe ff 0e'}, bytearray(b'n\xff\x7f\x1f\xfe\xff\x0e')
2026-09-17 14:42:07,508 LT1-thread root DEBUG testcase.py               254   start                     : Starting test function: class=<class 'autopts.ptsprojects.testcase.TestFunc'>, func=<bound method Stack.gap_init of <autopts.ptsprojects.stack.stack.Stack object at 0x00000203DA34D4F0>> start_wid=None stop_wid=None post_wid=None skip_call=None call_count=118 args=(b'Tester_08E44E', 'ABCD', '1111', '1111', '11', '1111', b'\x17github.com/auto-pts', (8, 'PADV_Tester'), 'FF') kwds={}
2026-09-17 14:42:07,509 LT1-thread root DEBUG testcase.py               266   start                     : Test function parameters: args=(b'Tester_08E44E', 'ABCD', '1111', '1111', '11', '1111', b'\x17github.com/auto-pts', (8, 'PADV_Tester'), 'FF'), kwds={}
2026-09-17 14:42:07,509 LT1-thread root DEBUG testcase.py               254   start                     : Starting test function: class=<class 'autopts.ptsprojects.testcase.TestFunc'>, func=<function gap_read_controller_info at 0x00000203DA247560> start_wid=None stop_wid=None post_wid=None skip_call=None call_count=118 args=() kwds={}
2026-09-17 14:42:07,509 LT1-thread root DEBUG testcase.py               266   start                     : Test function parameters: args=(), kwds={}
2026-09-17 14:42:07,509 LT1-thread root DEBUG gap.py                    1161  gap_read_controller_info  : 
2026-09-17 14:42:07,509 LT1-thread root DEBUG iutctl_common.py          161   send                      : 1 3 0 ''
2026-09-17 14:42:07,509 LT1-thread root DEBUG iutctl_common.py          166   send                      : sending frame '0103000000'
2026-09-17 14:42:07,509 LT1-thread root DEBUG iutctl_common.py          339   read                      : 
2026-09-17 14:42:07,544 BTPWorkerThread-2644 (_rx_task) root DEBUG iutctl_common.py          123   read                      : Read 5 bytes
2026-09-17 14:42:07,550 BTPWorkerThread-2644 (_rx_task) root DEBUG iutctl_common.py          131   read                      : Received: hdr: Header(svc_id=0x01, op=0x03, ctrl_index=0x00, data_len=0x115) bytearray(b'\x01\x03\x00\x15\x01')
2026-09-17 14:42:07,555 BTPWorkerThread-2644 (_rx_task) root DEBUG iutctl_common.py          139   read                      : Read 257 bytes data
2026-09-17 14:42:07,574 BTPWorkerThread-2644 (_rx_task) root DEBUG iutctl_common.py          139   read                      : Read 20 bytes data
2026-09-17 14:42:07,585 BTPWorkerThread-2644 (_rx_task) root DEBUG iutctl_common.py          154   read                      : Received data: {'19 78 ee 69 17 d0 d3 06 02 00 13 02 00 00 00 00 00 62 74 70 5f 74 65 73 74 65 72 00 00 00 00 00 00 00 00 00 00 00 00 00 00 00 00 00 00 00 00 00 00 00 00 00 00 00 00 00 00 00 00 00 00 00 00 00 00 00 00 00 00 00 00 00 00 00 00 00 00 00 00 00 00 00 00 00 00 00 00 00 00 00 00 00 00 00 00 00 00 00 00 00 00 00 00 00 00 00 00 00 00 00 00 00 00 00 00 00 00 00 00 00 00 00 00 00 00 00 00 00 00 00 00 00 00 00 00 00 00 00 00 00 00 00 00 00 00 00 00 00 00 00 00 00 00 00 00 00 00 00 00 00 00 00 00 00 00 00 00 00 00 00 00 00 00 00 00 00 00 00 00 00 00 00 00 00 00 00 00 00 00 00 00 00 00 00 00 00 00 00 00 00 00 00 00 00 00 00 00 00 00 00 00 00 00 00 00 00 00 00 00 00 00 00 00 00 00 00 00 00 00 00 00 00 00 00 00 00 00 00 00 00 00 00 00 00 00 00 00 00 00 00 00 00 00 00 00 00 00 00 00 00 00 00 00 00 00 00 00 00 00 00 00 00 00 00 00 00 00'}, bytearray(b'\x19x\xeei\x17\xd0\xd3\x06\x02\x00\x13\x02\x00\x00\x00\x00\x00btp_tester\x00\x00\x00\x00\x00\x00\x00\x00\x00\x00\x00\x00\x00\x00\x00\x00\x00\x00\x00\x00\x00\x00\x00\x00\x00\x00\x00\x00\x00\x00\x00\x00\x00\x00\x00\x00\x00\x00\x00\x00\x00\x00\x00\x00\x00\x00\x00\x00\x00\x00\x00\x00\x00\x00\x00\x00\x00\x00\x00\x00\x00\x00\x00\x00\x00\x00\x00\x00\x00\x00\x00\x00\x00\x00\x00\x00\x00\x00\x00\x00\x00\x00\x00\x00\x00\x00\x00\x00\x00\x00\x00\x00\x00\x00\x00\x00\x00\x00\x00\x00\x00\x00\x00\x00\x00\x00\x00\x00\x00\x00\x00\x00\x00\x00\x00\x00\x00\x00\x00\x00\x00\x00\x00\x00\x00\x00\x00\x00\x00\x00\x00\x00\x00\x00\x00\x00\x00\x00\x00\x00\x00\x00\x00\x00\x00\x00\x00\x00\x00\x00\x00\x00\x00\x00\x00\x00\x00\x00\x00\x00\x00\x00\x00\x00\x00\x00\x00\x00\x00\x00\x00\x00\x00\x00\x00\x00\x00\x00\x00\x00\x00\x00\x00\x00\x00\x00\x00\x00\x00\x00\x00\x00\x00\x00\x00\x00\x00\x00\x00\x00\x00\x00\x00\x00\x00\x00\x00\x00\x00\x00\x00\x00\x00\x00\x00\x00\x00\x00\x00\x00\x00\x00\x00\x00\x00\x00\x00\x00\x00\x00\x00\x00\x00\x00\x00\x00\x00\x00\x00\x00\x00\x00\x00\x00\x00\x00\x00\x00\x00\x00')
2026-09-17 14:42:07,602 LT1-thread root DEBUG gap.py                    1168  gap_read_controller_info  : received Header(svc_id=1, op=3, ctrl_index=0, data_len=277) (b'\x19x\xeei\x17\xd0\xd3\x06\x02\x00\x13\x02\x00\x00\x00\x00\x00btp_tester\x00\x00\x00\x00\x00\x00\x00\x00\x00\x00\x00\x00\x00\x00\x00\x00\x00\x00\x00\x00\x00\x00\x00\x00\x00\x00\x00\x00\x00\x00\x00\x00\x00\x00\x00\x00\x00\x00\x00\x00\x00\x00\x00\x00\x00\x00\x00\x00\x00\x00\x00\x00\x00\x00\x00\x00\x00\x00\x00\x00\x00\x00\x00\x00\x00\x00\x00\x00\x00\x00\x00\x00\x00\x00\x00\x00\x00\x00\x00\x00\x00\x00\x00\x00\x00\x00\x00\x00\x00\x00\x00\x00\x00\x00\x00\x00\x00\x00\x00\x00\x00\x00\x00\x00\x00\x00\x00\x00\x00\x00\x00\x00\x00\x00\x00\x00\x00\x00\x00\x00\x00\x00\x00\x00\x00\x00\x00\x00\x00\x00\x00\x00\x00\x00\x00\x00\x00\x00\x00\x00\x00\x00\x00\x00\x00\x00\x00\x00\x00\x00\x00\x00\x00\x00\x00\x00\x00\x00\x00\x00\x00\x00\x00\x00\x00\x00\x00\x00\x00\x00\x00\x00\x00\x00\x00\x00\x00\x00\x00\x00\x00\x00\x00\x00\x00\x00\x00\x00\x00\x00\x00\x00\x00\x00\x00\x00\x00\x00\x00\x00\x00\x00\x00\x00\x00\x00\x00\x00\x00\x00\x00\x00\x00\x00\x00\x00\x00\x00\x00\x00\x00\x00\x00\x00\x00\x00\x00\x00\x00\x00\x00\x00\x00\x00\x00\x00\x00\x00\x00\x00\x00\x00\x00\x00\x00\x00\x00\x00\x00\x00',)
2026-09-17 14:42:07,602 LT1-thread root DEBUG gap.py                    1189  gap_read_controller_info  : IUT address 'd01769ee7819' 'public'
2026-09-17 14:42:07,602 LT1-thread root DEBUG gap.py                    594   __gap_current_settings_update : 531
2026-09-17 14:42:07,602 LT1-thread root DEBUG testcase.py               254   start                     : Starting test function: class=<class 'autopts.ptsprojects.testcase.TestFunc'>, func=<function test_cases.<locals>.<lambda> at 0x00000203DCC65BC0> start_wid=None stop_wid=None post_wid=None skip_call=None call_count=118 args=() kwds={}
2026-09-17 14:42:07,602 LT1-thread root DEBUG testcase.py               266   start                     : Test function parameters: args=(), kwds={}
2026-09-17 14:42:07,611 LT1-thread root DEBUG testcase.py               254   start                     : Starting test function: class=<class 'autopts.ptsprojects.testcase.TestFunc'>, func=<function test_cases.<locals>.<lambda> at 0x00000203DCC65C60> start_wid=None stop_wid=None post_wid=None skip_call=None call_count=118 args=() kwds={}
2026-09-17 14:42:07,611 LT1-thread root DEBUG testcase.py               266   start                     : Test function parameters: args=(), kwds={}
2026-09-17 14:42:07,619 LT1-thread root DEBUG testcase.py               254   start                     : Starting test function: class=<class 'autopts.ptsprojects.testcase.TestFunc'>, func=<function test_cases.<locals>.<lambda> at 0x00000203DCC65D00> start_wid=None stop_wid=None post_wid=None skip_call=None call_count=118 args=() kwds={}
2026-09-17 14:42:07,619 LT1-thread root DEBUG testcase.py               266   start                     : Test function parameters: args=(), kwds={}
2026-09-17 14:42:07,627 LT1-thread root DEBUG testcase.py               254   start                     : Starting test function: class=<class 'autopts.ptsprojects.testcase.TestFunc'>, func=<function test_cases.<locals>.<lambda> at 0x00000203DCC65DA0> start_wid=None stop_wid=None post_wid=None skip_call=None call_count=118 args=() kwds={}
2026-09-17 14:42:07,628 LT1-thread root DEBUG testcase.py               266   start                     : Test function parameters: args=(), kwds={}
2026-09-17 14:42:07,636 LT1-thread root DEBUG testcase.py               254   start                     : Starting test function: class=<class 'autopts.ptsprojects.testcase.TestFunc'>, func=<function test_cases.<locals>.<lambda> at 0x00000203DCCF5300> start_wid=None stop_wid=None post_wid=None skip_call=None call_count=118 args=() kwds={}
2026-09-17 14:42:07,636 LT1-thread root DEBUG testcase.py               266   start                     : Test function parameters: args=(), kwds={}
2026-09-17 14:42:07,645 LT1-thread root DEBUG testcase.py               254   start                     : Starting test function: class=<class 'autopts.ptsprojects.testcase.TestFunc'>, func=<function test_cases.<locals>.<lambda> at 0x00000203DCCF53A0> start_wid=None stop_wid=None post_wid=None skip_call=None call_count=118 args=() kwds={}
2026-09-17 14:42:07,645 LT1-thread root DEBUG testcase.py               266   start                     : Test function parameters: args=(), kwds={}
2026-09-17 14:42:07,653 LT1-thread root DEBUG testcase.py               254   start                     : Starting test function: class=<class 'autopts.ptsprojects.testcase.TestFunc'>, func=<function test_cases.<locals>.<lambda> at 0x00000203DCCF5440> start_wid=None stop_wid=None post_wid=None skip_call=None call_count=118 args=() kwds={}
2026-09-17 14:42:07,653 LT1-thread root DEBUG testcase.py               266   start                     : Test function parameters: args=(), kwds={}
2026-09-17 14:42:07,661 LT1-thread root DEBUG testcase.py               254   start                     : Starting test function: class=<class 'autopts.ptsprojects.testcase.TestFunc'>, func=<function test_cases.<locals>.<lambda> at 0x00000203DCCF54E0> start_wid=None stop_wid=None post_wid=None skip_call=None call_count=118 args=() kwds={}
2026-09-17 14:42:07,661 LT1-thread root DEBUG testcase.py               266   start                     : Test function parameters: args=(), kwds={}
2026-09-17 14:42:07,670 LT1-thread root DEBUG testcase.py               254   start                     : Starting test function: class=<class 'autopts.ptsprojects.testcase.TestFunc'>, func=<function test_cases.<locals>.<lambda> at 0x00000203DCCF5580> start_wid=None stop_wid=None post_wid=None skip_call=None call_count=118 args=() kwds={}
2026-09-17 14:42:07,670 LT1-thread root DEBUG testcase.py               266   start                     : Test function parameters: args=(), kwds={}
2026-09-17 14:42:07,679 LT1-thread root DEBUG testcase.py               254   start                     : Starting test function: class=<class 'autopts.ptsprojects.testcase.TestFunc'>, func=<function test_cases.<locals>.<lambda> at 0x00000203DCCF5620> start_wid=None stop_wid=None post_wid=None skip_call=None call_count=118 args=() kwds={}
2026-09-17 14:42:07,679 LT1-thread root DEBUG testcase.py               266   start                     : Test function parameters: args=(), kwds={}
2026-09-17 14:42:07,687 LT1-thread root DEBUG testcase.py               254   start                     : Starting test function: class=<class 'autopts.ptsprojects.testcase.TestFunc'>, func=<function core_reg_svc_gatt at 0x00000203DA228860> start_wid=None stop_wid=None post_wid=None skip_call=None call_count=118 args=() kwds={}
2026-09-17 14:42:07,687 LT1-thread root DEBUG testcase.py               266   start                     : Test function parameters: args=(), kwds={}
2026-09-17 14:42:07,687 LT1-thread root DEBUG btp.py                    117   core_reg_svc_univ         : core_reg_svc_univ: gatt_reg (GATT)
2026-09-17 14:42:07,687 LT1-thread root DEBUG iutctl_common.py          161   send                      : 0 3 255 '2'
2026-09-17 14:42:07,687 LT1-thread root DEBUG iutctl_common.py          166   send                      : sending frame '0003ff010002'
2026-09-17 14:42:07,687 LT1-thread root DEBUG btp.py                    618   core_reg_svc_rsp_succ     : 
2026-09-17 14:42:07,688 LT1-thread root DEBUG iutctl_common.py          339   read                      : 
2026-09-17 14:42:07,721 BTPWorkerThread-2644 (_rx_task) root DEBUG iutctl_common.py          123   read                      : Read 5 bytes
2026-09-17 14:42:07,732 BTPWorkerThread-2644 (_rx_task) root DEBUG iutctl_common.py          131   read                      : Received: hdr: Header(svc_id=0x00, op=0x03, ctrl_index=0xff, data_len=0x00) bytearray(b'\x00\x03\xff\x00\x00')
2026-09-17 14:42:07,732 BTPWorkerThread-2644 (_rx_task) root DEBUG iutctl_common.py          154   read                      : Received data: {''}, bytearray(b'')
2026-09-17 14:42:07,737 LT1-thread root DEBUG btp.py                    629   core_reg_svc_rsp_succ     : received Header(svc_id=0, op=3, ctrl_index=255, data_len=0) (b'',)
2026-09-17 14:42:07,737 LT1-thread root DEBUG btp.py                    630   core_reg_svc_rsp_succ     : expected ((0, 3, 255, 0), (b'',))
2026-09-17 14:42:07,737 LT1-thread root DEBUG btp.py                    635   core_reg_svc_rsp_succ     : response is valid
2026-09-17 14:42:07,737 LT1-thread root DEBUG btp.py                    638   core_reg_svc_rsp_succ     : Reading supported commands for service: GATT
2026-09-17 14:42:07,737 LT1-thread root DEBUG iutctl_common.py          161   send                      : 2 1 255 ''
2026-09-17 14:42:07,737 LT1-thread root DEBUG iutctl_common.py          166   send                      : sending frame '0201ff0000'
2026-09-17 14:42:07,737 LT1-thread root DEBUG iutctl_common.py          339   read                      : 
2026-09-17 14:42:07,766 BTPWorkerThread-2644 (_rx_task) root DEBUG iutctl_common.py          123   read                      : Read 5 bytes
2026-09-17 14:42:07,766 BTPWorkerThread-2644 (_rx_task) root DEBUG iutctl_common.py          131   read                      : Received: hdr: Header(svc_id=0x02, op=0x01, ctrl_index=0xff, data_len=0x05) bytearray(b'\x02\x01\xff\x05\x00')
2026-09-17 14:42:07,771 BTPWorkerThread-2644 (_rx_task) root DEBUG iutctl_common.py          139   read                      : Read 5 bytes data
2026-09-17 14:42:07,776 BTPWorkerThread-2644 (_rx_task) root DEBUG iutctl_common.py          154   read                      : Received data: {'fe fe bf fd 0f'}, bytearray(b'\xfe\xfe\xbf\xfd\x0f')
2026-09-17 14:42:07,776 LT1-thread root DEBUG testcase.py               254   start                     : Starting test function: class=<class 'autopts.ptsprojects.testcase.TestFunc'>, func=<bound method Stack.gatt_init of <autopts.ptsprojects.stack.stack.Stack object at 0x00000203DA34D4F0>> start_wid=None stop_wid=None post_wid=None skip_call=None call_count=118 args=() kwds={}
2026-09-17 14:42:07,776 LT1-thread root DEBUG testcase.py               266   start                     : Test function parameters: args=(), kwds={}
2026-09-17 14:42:07,776 LT1-thread root DEBUG testcase.py               254   start                     : Starting test function: class=<class 'autopts.ptsprojects.testcase.TestFunc'>, func=<function gap_set_io_capability at 0x00000203DA246A20> start_wid=None stop_wid=None post_wid=None skip_call=None call_count=118 args=(4,) kwds={}
2026-09-17 14:42:07,776 LT1-thread root DEBUG testcase.py               266   start                     : Test function parameters: args=(4,), kwds={}
2026-09-17 14:42:07,776 LT1-thread root DEBUG gap.py                    859   gap_set_io_capability     : 4
2026-09-17 14:42:07,777 LT1-thread root DEBUG iutctl_common.py          161   send                      : 1 16 0 '\x04'
2026-09-17 14:42:07,777 LT1-thread root DEBUG iutctl_common.py          166   send                      : sending frame '011000010004'
2026-09-17 14:42:07,777 LT1-thread root DEBUG gap.py                    1227  gap_command_rsp_succ      : 
2026-09-17 14:42:07,777 LT1-thread root DEBUG iutctl_common.py          339   read                      : 
2026-09-17 14:42:07,810 BTPWorkerThread-2644 (_rx_task) root DEBUG iutctl_common.py          123   read                      : Read 5 bytes
2026-09-17 14:42:07,822 BTPWorkerThread-2644 (_rx_task) root DEBUG iutctl_common.py          131   read                      : Received: hdr: Header(svc_id=0x01, op=0x10, ctrl_index=0x00, data_len=0x00) bytearray(b'\x01\x10\x00\x00\x00')
2026-09-17 14:42:07,827 BTPWorkerThread-2644 (_rx_task) root DEBUG iutctl_common.py          154   read                      : Received data: {''}, bytearray(b'')
2026-09-17 14:42:07,833 LT1-thread root DEBUG gap.py                    1232  gap_command_rsp_succ      : received Header(svc_id=1, op=16, ctrl_index=0, data_len=0) (b'',)
2026-09-17 14:42:07,833 LT1-thread root DEBUG testcase.py               254   start                     : Starting test function: class=<class 'autopts.ptsprojects.testcase.TestFunc'>, func=<function gap_set_broadcast_code at 0x00000203DA26CC20> start_wid=None stop_wid=None post_wid=None skip_call=None call_count=118 args=('0102680553F1415AA265BBAFC6EA03B8',) kwds={}
2026-09-17 14:42:07,833 LT1-thread root DEBUG testcase.py               266   start                     : Test function parameters: args=('0102680553F1415AA265BBAFC6EA03B8',), kwds={}
2026-09-17 14:42:07,833 LT1-thread root DEBUG gap.py                    1889  gap_set_broadcast_code    : '0102680553F1415AA265BBAFC6EA03B8'
2026-09-17 14:42:07,833 LT1-thread root DEBUG testcase.py               254   start                     : Starting test function: class=<class 'autopts.ptsprojects.testcase.TestFunc'>, func=<function set_pts_addr at 0x00000203DA2282C0> start_wid=None stop_wid=None post_wid=None skip_call=None call_count=118 args=('00:1B:DC:08:E4:4E', 0) kwds={}
2026-09-17 14:42:07,833 LT1-thread root DEBUG testcase.py               266   start                     : Test function parameters: args=('00:1B:DC:08:E4:4E', 0), kwds={}
2026-09-17 14:42:07,833 LT1-thread root DEBUG testcase.py               254   start                     : Starting test function: class=<class 'autopts.ptsprojects.testcase.TestFunc'>, func=<function test_cases.<locals>.<lambda> at 0x00000203DCCF56C0> start_wid=None stop_wid=None post_wid=None skip_call=None call_count=27 args=() kwds={}
2026-09-17 14:42:07,833 LT1-thread root DEBUG testcase.py               266   start                     : Test function parameters: args=(), kwds={}
2026-09-17 14:42:07,842 LT1-thread root DEBUG testcase.py               254   start                     : Starting test function: class=<class 'autopts.ptsprojects.testcase.TestFunc'>, func=<function test_cases.<locals>.<lambda> at 0x00000203DCCF5760> start_wid=None stop_wid=None post_wid=None skip_call=None call_count=27 args=() kwds={}
2026-09-17 14:42:07,842 LT1-thread root DEBUG testcase.py               266   start                     : Test function parameters: args=(), kwds={}
2026-09-17 14:42:07,850 LT1-thread root DEBUG testcase.py               254   start                     : Starting test function: class=<class 'autopts.ptsprojects.testcase.TestFunc'>, func=<function test_cases.<locals>.<lambda> at 0x00000203DCCF5800> start_wid=None stop_wid=None post_wid=None skip_call=None call_count=27 args=() kwds={}
2026-09-17 14:42:07,850 LT1-thread root DEBUG testcase.py               266   start                     : Test function parameters: args=(), kwds={}
2026-09-17 14:42:07,859 LT1-thread root DEBUG testcase.py               254   start                     : Starting test function: class=<class 'autopts.ptsprojects.testcase.TestFunc'>, func=<function test_cases.<locals>.<lambda> at 0x00000203DCCF58A0> start_wid=None stop_wid=None post_wid=None skip_call=None call_count=27 args=() kwds={}
2026-09-17 14:42:07,859 LT1-thread root DEBUG testcase.py               266   start                     : Test function parameters: args=(), kwds={}
2026-09-17 14:42:07,869 LT1-thread root DEBUG testcase.py               254   start                     : Starting test function: class=<class 'autopts.ptsprojects.testcase.TestFunc'>, func=<function test_cases.<locals>.<lambda> at 0x00000203DCCF5940> start_wid=None stop_wid=None post_wid=None skip_call=None call_count=27 args=() kwds={}
2026-09-17 14:42:07,869 LT1-thread root DEBUG testcase.py               266   start                     : Test function parameters: args=(), kwds={}
2026-09-17 14:42:07,877 LT1-thread root DEBUG testcase.py               254   start                     : Starting test function: class=<class 'autopts.ptsprojects.testcase.TestFunc'>, func=<function test_cases.<locals>.<lambda> at 0x00000203DCCF59E0> start_wid=None stop_wid=None post_wid=None skip_call=None call_count=27 args=() kwds={}
2026-09-17 14:42:07,877 LT1-thread root DEBUG testcase.py               266   start                     : Test function parameters: args=(), kwds={}
2026-09-17 14:42:07,886 LT1-thread root DEBUG testcase.py               254   start                     : Starting test function: class=<class 'autopts.ptsprojects.testcase.TestFunc'>, func=<function test_cases.<locals>.<lambda> at 0x00000203DCCF5A80> start_wid=None stop_wid=None post_wid=None skip_call=None call_count=27 args=() kwds={}
2026-09-17 14:42:07,886 LT1-thread root DEBUG testcase.py               266   start                     : Test function parameters: args=(), kwds={}
2026-09-17 14:42:07,895 LT1-thread root DEBUG testcase.py               254   start                     : Starting test function: class=<class 'autopts.ptsprojects.testcase.TestFunc'>, func=<function gap_set_io_capability at 0x00000203DA246A20> start_wid=None stop_wid=None post_wid=None skip_call=None call_count=27 args=(3,) kwds={}
2026-09-17 14:42:07,895 LT1-thread root DEBUG testcase.py               266   start                     : Test function parameters: args=(3,), kwds={}
2026-09-17 14:42:07,895 LT1-thread root DEBUG gap.py                    859   gap_set_io_capability     : 3
2026-09-17 14:42:07,895 LT1-thread root DEBUG iutctl_common.py          161   send                      : 1 16 0 '\x03'
2026-09-17 14:42:07,895 LT1-thread root DEBUG iutctl_common.py          166   send                      : sending frame '011000010003'
2026-09-17 14:42:07,895 LT1-thread root DEBUG gap.py                    1227  gap_command_rsp_succ      : 
2026-09-17 14:42:07,895 LT1-thread root DEBUG iutctl_common.py          339   read                      : 
2026-09-17 14:42:07,930 BTPWorkerThread-2644 (_rx_task) root DEBUG iutctl_common.py          123   read                      : Read 5 bytes
2026-09-17 14:42:07,941 BTPWorkerThread-2644 (_rx_task) root DEBUG iutctl_common.py          131   read                      : Received: hdr: Header(svc_id=0x01, op=0x10, ctrl_index=0x00, data_len=0x00) bytearray(b'\x01\x10\x00\x00\x00')
2026-09-17 14:42:07,946 BTPWorkerThread-2644 (_rx_task) root DEBUG iutctl_common.py          154   read                      : Received data: {''}, bytearray(b'')
2026-09-17 14:42:07,956 LT1-thread root DEBUG gap.py                    1232  gap_command_rsp_succ      : received Header(svc_id=1, op=16, ctrl_index=0, data_len=0) (b'',)
2026-09-17 14:42:07,956 LT1-thread root DEBUG testcase.py               254   start                     : Starting test function: class=<class 'autopts.ptsprojects.testcase.TestFunc'>, func=<function core_reg_svc_l2cap at 0x00000203DA2289A0> start_wid=None stop_wid=None post_wid=None skip_call=None call_count=26 args=() kwds={}
2026-09-17 14:42:07,956 LT1-thread root DEBUG testcase.py               266   start                     : Test function parameters: args=(), kwds={}
2026-09-17 14:42:07,956 LT1-thread root DEBUG btp.py                    117   core_reg_svc_univ         : core_reg_svc_univ: l2cap_reg (L2CAP)
2026-09-17 14:42:07,956 LT1-thread root DEBUG iutctl_common.py          161   send                      : 0 3 255 '3'
2026-09-17 14:42:07,957 LT1-thread root DEBUG iutctl_common.py          166   send                      : sending frame '0003ff010003'
2026-09-17 14:42:07,957 LT1-thread root DEBUG btp.py                    618   core_reg_svc_rsp_succ     : 
2026-09-17 14:42:07,957 LT1-thread root DEBUG iutctl_common.py          339   read                      : 
2026-09-17 14:42:07,996 BTPWorkerThread-2644 (_rx_task) root DEBUG iutctl_common.py          123   read                      : Read 5 bytes
2026-09-17 14:42:08,001 BTPWorkerThread-2644 (_rx_task) root DEBUG iutctl_common.py          131   read                      : Received: hdr: Header(svc_id=0x00, op=0x03, ctrl_index=0xff, data_len=0x00) bytearray(b'\x00\x03\xff\x00\x00')
2026-09-17 14:42:08,001 BTPWorkerThread-2644 (_rx_task) root DEBUG iutctl_common.py          154   read                      : Received data: {''}, bytearray(b'')
2026-09-17 14:42:08,006 LT1-thread root DEBUG btp.py                    629   core_reg_svc_rsp_succ     : received Header(svc_id=0, op=3, ctrl_index=255, data_len=0) (b'',)
2026-09-17 14:42:08,006 LT1-thread root DEBUG btp.py                    630   core_reg_svc_rsp_succ     : expected ((0, 3, 255, 0), (b'',))
2026-09-17 14:42:08,006 LT1-thread root DEBUG btp.py                    635   core_reg_svc_rsp_succ     : response is valid
2026-09-17 14:42:08,006 LT1-thread root DEBUG btp.py                    638   core_reg_svc_rsp_succ     : Reading supported commands for service: L2CAP
2026-09-17 14:42:08,007 LT1-thread root DEBUG iutctl_common.py          161   send                      : 3 1 255 ''
2026-09-17 14:42:08,007 LT1-thread root DEBUG iutctl_common.py          166   send                      : sending frame '0301ff0000'
2026-09-17 14:42:08,007 LT1-thread root DEBUG iutctl_common.py          339   read                      : 
2026-09-17 14:42:08,045 BTPWorkerThread-2644 (_rx_task) root DEBUG iutctl_common.py          123   read                      : Read 5 bytes
2026-09-17 14:42:08,055 BTPWorkerThread-2644 (_rx_task) root DEBUG iutctl_common.py          131   read                      : Received: hdr: Header(svc_id=0x03, op=0x01, ctrl_index=0xff, data_len=0x02) bytearray(b'\x03\x01\xff\x02\x00')
2026-09-17 14:42:08,072 BTPWorkerThread-2644 (_rx_task) root DEBUG iutctl_common.py          139   read                      : Read 2 bytes data
2026-09-17 14:42:08,083 BTPWorkerThread-2644 (_rx_task) root DEBUG iutctl_common.py          154   read                      : Received data: {'be 1f'}, bytearray(b'\xbe\x1f')
2026-09-17 14:42:08,088 LT1-thread root DEBUG testcase.py               254   start                     : Starting test function: class=<class 'autopts.ptsprojects.testcase.TestFunc'>, func=<bound method Stack.l2cap_init of <autopts.ptsprojects.stack.stack.Stack object at 0x00000203DA34D4F0>> start_wid=None stop_wid=None post_wid=None skip_call=None call_count=26 args=(4097, 120) kwds={}
2026-09-17 14:42:08,088 LT1-thread root DEBUG testcase.py               266   start                     : Test function parameters: args=(4097, 120), kwds={}
2026-09-17 14:42:08,088 LT1-thread root DEBUG testcase.py               254   start                     : Starting test function: class=<class 'autopts.ptsprojects.testcase.TestFunc'>, func=<function l2cap_br_listen at 0x00000203DA2A0A40> start_wid=None stop_wid=None post_wid=None skip_call=None call_count=3 args=(4097, 120, 1) kwds={}
2026-09-17 14:42:08,088 LT1-thread root DEBUG testcase.py               266   start                     : Test function parameters: args=(4097, 120, 1), kwds={}
2026-09-17 14:42:08,088 LT1-thread root DEBUG l2cap.py                  218   l2cap_listen              : 4097 0 120 1
2026-09-17 14:42:08,089 LT1-thread root DEBUG iutctl_common.py          161   send                      : 3 5 0 "bytearray(b'\\x01\\x10\\x00x\\x00\\x01\\x00')"
2026-09-17 14:42:08,089 LT1-thread root DEBUG iutctl_common.py          166   send                      : sending frame '030500070001100078000100'
2026-09-17 14:42:08,089 LT1-thread root DEBUG l2cap.py                  56    l2cap_command_rsp_succ    : 
2026-09-17 14:42:08,089 LT1-thread root DEBUG iutctl_common.py          339   read                      : 
2026-09-17 14:42:08,124 BTPWorkerThread-2644 (_rx_task) root DEBUG iutctl_common.py          123   read                      : Read 5 bytes
2026-09-17 14:42:08,135 BTPWorkerThread-2644 (_rx_task) root DEBUG iutctl_common.py          131   read                      : Received: hdr: Header(svc_id=0x03, op=0x05, ctrl_index=0x00, data_len=0x00) bytearray(b'\x03\x05\x00\x00\x00')
2026-09-17 14:42:08,141 BTPWorkerThread-2644 (_rx_task) root DEBUG iutctl_common.py          154   read                      : Received data: {''}, bytearray(b'')
2026-09-17 14:42:08,156 LT1-thread root DEBUG l2cap.py                  61    l2cap_command_rsp_succ    : received Header(svc_id=3, op=5, ctrl_index=0, data_len=0) (b'',)
2026-09-17 14:42:08,156 LT1-thread root DEBUG testcase.py               254   start                     : Starting test function: class=<class 'autopts.ptsprojects.testcase.TestFunc'>, func=<function gap_set_io_capability at 0x00000203DA246A20> start_wid=None stop_wid=None post_wid=None skip_call=None call_count=1 args=(1,) kwds={}
2026-09-17 14:42:08,156 LT1-thread root DEBUG testcase.py               266   start                     : Test function parameters: args=(1,), kwds={}
2026-09-17 14:42:08,156 LT1-thread root DEBUG gap.py                    859   gap_set_io_capability     : 1
2026-09-17 14:42:08,157 LT1-thread root DEBUG iutctl_common.py          161   send                      : 1 16 0 '\x01'
2026-09-17 14:42:08,157 LT1-thread root DEBUG iutctl_common.py          166   send                      : sending frame '011000010001'
2026-09-17 14:42:08,157 LT1-thread root DEBUG gap.py                    1227  gap_command_rsp_succ      : 
2026-09-17 14:42:08,157 LT1-thread root DEBUG iutctl_common.py          339   read                      : 
2026-09-17 14:42:08,190 BTPWorkerThread-2644 (_rx_task) root DEBUG iutctl_common.py          123   read                      : Read 5 bytes
2026-09-17 14:42:08,200 BTPWorkerThread-2644 (_rx_task) root DEBUG iutctl_common.py          131   read                      : Received: hdr: Header(svc_id=0x01, op=0x10, ctrl_index=0x00, data_len=0x00) bytearray(b'\x01\x10\x00\x00\x00')
2026-09-17 14:42:08,200 BTPWorkerThread-2644 (_rx_task) root DEBUG iutctl_common.py          154   read                      : Received data: {''}, bytearray(b'')
2026-09-17 14:42:08,205 LT1-thread root DEBUG gap.py                    1232  gap_command_rsp_succ      : received Header(svc_id=1, op=16, ctrl_index=0, data_len=0) (b'',)
2026-09-17 14:42:08,207 LT1-thread root DEBUG client.py                 276   get_result                : ClientCallback.get_result run_test_case
2026-09-17 14:42:09,144 LT1-callback ClientCallback.on_implicit_send INFO client.py                 223   on_implicit_send          : 
    ********************
    BEGIN OnImplicitSend:
    project_name: GAP
    wid: 258
    test_case_name: GAP/SEC/SEM/BI-03-C
    description: Please bring IUT to Mode 4 level 3 security and make IUT general discoverable. Press OK to continue.
    style: MMI_Style_Ok_Cancel1 0x11041
2026-09-17 14:42:09,144 LT1-callback ClientCallback.on_implicit_send INFO client.py                 236   on_implicit_send          : Calling test cases on_implicit_send
2026-09-17 14:42:09,144 LT1-callback ClientCallback.on_implicit_send INFO client.py                 249   on_implicit_send          : 
    on_implicit_send returned response: WAIT
    END OnImplicitSend
    ********************
2026-09-17 14:42:09,208 LT1-thread root DEBUG testcase.py               679   run_wid                   : GAP GAP/SEC/SEM/BI-03-C on_implicit_send
2026-09-17 14:42:09,208 LT1-thread root DEBUG gap_wid.py                26    gap_wid_hdl               : gap_wid_hdl, 258, Please bring IUT to Mode 4 level 3 security and make IUT general discoverable. Press OK to continue., GAP/SEC/SEM/BI-03-C
2026-09-17 14:42:09,208 LT1-thread root DEBUG testcase.py               722   run_wid                   : Sending response 'OK' to wid 258 test case GAP/SEC/SEM/BI-03-C
2026-09-17 14:42:09,210 LT1-thread root DEBUG client.py                 276   get_result                : ClientCallback.get_result run_test_case
2026-09-17 14:42:10,601 LT1-callback ClientCallback.on_implicit_send INFO client.py                 223   on_implicit_send          : 
    ********************
    BEGIN OnImplicitSend:
    project_name: GAP
    wid: 33
    test_case_name: GAP/SEC/SEM/BI-03-C
    description: Please make IUT general discoverable.
    style: MMI_Style_Ok_Cancel1 0x11041
2026-09-17 14:42:10,601 LT1-callback ClientCallback.on_implicit_send INFO client.py                 236   on_implicit_send          : Calling test cases on_implicit_send
2026-09-17 14:42:10,602 LT1-callback ClientCallback.on_implicit_send INFO client.py                 249   on_implicit_send          : 
    on_implicit_send returned response: WAIT
    END OnImplicitSend
    ********************
2026-09-17 14:42:11,210 LT1-thread root DEBUG testcase.py               679   run_wid                   : GAP GAP/SEC/SEM/BI-03-C on_implicit_send
2026-09-17 14:42:11,211 LT1-thread root DEBUG gap_wid.py                26    gap_wid_hdl               : gap_wid_hdl, 33, Please make IUT general discoverable., GAP/SEC/SEM/BI-03-C
2026-09-17 14:42:11,211 LT1-thread root DEBUG gap.py                    1016  gap_set_non_discoverable  : 
2026-09-17 14:42:11,211 LT1-thread root DEBUG gap.py                    1033  gap_set_general_discoverable : 
2026-09-17 14:42:11,211 LT1-thread root DEBUG iutctl_common.py          161   send                      : 1 8 0 '1'
2026-09-17 14:42:11,211 LT1-thread root DEBUG iutctl_common.py          166   send                      : sending frame '010800010001'
2026-09-17 14:42:11,211 LT1-thread root DEBUG gap.py                    1227  gap_command_rsp_succ      : 
2026-09-17 14:42:11,211 LT1-thread root DEBUG iutctl_common.py          339   read                      : 
2026-09-17 14:42:11,271 BTPWorkerThread-2644 (_rx_task) root DEBUG iutctl_common.py          123   read                      : Read 5 bytes
2026-09-17 14:42:11,282 BTPWorkerThread-2644 (_rx_task) root DEBUG iutctl_common.py          131   read                      : Received: hdr: Header(svc_id=0x01, op=0x08, ctrl_index=0x00, data_len=0x04) bytearray(b'\x01\x08\x00\x04\x00')
2026-09-17 14:42:11,287 BTPWorkerThread-2644 (_rx_task) root DEBUG iutctl_common.py          139   read                      : Read 4 bytes data
2026-09-17 14:42:11,299 BTPWorkerThread-2644 (_rx_task) root DEBUG iutctl_common.py          154   read                      : Received data: {'1b 02 00 00'}, bytearray(b'\x1b\x02\x00\x00')
2026-09-17 14:42:11,309 LT1-thread root DEBUG gap.py                    1232  gap_command_rsp_succ      : received Header(svc_id=1, op=8, ctrl_index=0, data_len=4) (b'\x1b\x02\x00\x00',)
2026-09-17 14:42:11,309 LT1-thread root DEBUG gap.py                    594   __gap_current_settings_update : (b'\x1b\x02\x00\x00',)
2026-09-17 14:42:11,309 LT1-thread root DEBUG testcase.py               722   run_wid                   : Sending response 'OK' to wid 33 test case GAP/SEC/SEM/BI-03-C
2026-09-17 14:42:11,311 LT1-thread root DEBUG client.py                 276   get_result                : ClientCallback.get_result run_test_case
2026-09-17 14:42:11,384 BTPWorkerThread-2644 (_rx_task) root DEBUG iutctl_common.py          123   read                      : Read 5 bytes
2026-09-17 14:42:11,385 BTPWorkerThread-2644 (_rx_task) root DEBUG iutctl_common.py          131   read                      : Received: hdr: Header(svc_id=0x01, op=0x82, ctrl_index=0x00, data_len=0x0d) bytearray(b'\x01\x82\x00\r\x00')
2026-09-17 14:42:11,385 BTPWorkerThread-2644 (_rx_task) root DEBUG iutctl_common.py          139   read                      : Read 13 bytes data
2026-09-17 14:42:11,385 BTPWorkerThread-2644 (_rx_task) root DEBUG iutctl_common.py          154   read                      : Received data: {'e0 4e e4 08 dc 1b 00 00 00 00 00 00 00'}, bytearray(b'\xe0N\xe4\x08\xdc\x1b\x00\x00\x00\x00\x00\x00\x00')
2026-09-17 14:42:11,385 BTPWorkerThread-2644 (_rx_task) root DEBUG btp.py                    700   event_handler             : Header(svc_id=1, op=130, ctrl_index=0, data_len=13) (b'\xe0N\xe4\x08\xdc\x1b\x00\x00\x00\x00\x00\x00\x00',)
2026-09-17 14:42:11,385 BTPWorkerThread-2644 (_rx_task) root DEBUG gap.py                    213   gap_connected_ev_         : b'\xe0N\xe4\x08\xdc\x1b\x00\x00\x00\x00\x00\x00\x00'
2026-09-17 14:42:11,385 BTPWorkerThread-2644 (_rx_task) root DEBUG iutctl_common.py          123   read                      : Read 5 bytes
2026-09-17 14:42:11,385 BTPWorkerThread-2644 (_rx_task) root DEBUG iutctl_common.py          131   read                      : Received: hdr: Header(svc_id=0x01, op=0x80, ctrl_index=0x00, data_len=0x04) bytearray(b'\x01\x80\x00\x04\x00')
2026-09-17 14:42:11,385 BTPWorkerThread-2644 (_rx_task) root DEBUG iutctl_common.py          139   read                      : Read 4 bytes data
2026-09-17 14:42:11,385 BTPWorkerThread-2644 (_rx_task) root DEBUG iutctl_common.py          154   read                      : Received data: {'1b 02 00 00'}, bytearray(b'\x1b\x02\x00\x00')
2026-09-17 14:42:11,386 BTPWorkerThread-2644 (_rx_task) root DEBUG btp.py                    700   event_handler             : Header(svc_id=1, op=128, ctrl_index=0, data_len=4) (b'\x1b\x02\x00\x00',)
2026-09-17 14:42:11,386 BTPWorkerThread-2644 (_rx_task) root DEBUG gap.py                    181   gap_new_settings_ev_      : b'\x1b\x02\x00\x00'
2026-09-17 14:42:11,386 BTPWorkerThread-2644 (_rx_task) root DEBUG gap.py                    594   __gap_current_settings_update : 539
2026-09-17 14:42:16,387 BTPWorkerThread-2644 (_rx_task) root DEBUG iutctl_common.py          123   read                      : Read 5 bytes
2026-09-17 14:42:16,387 BTPWorkerThread-2644 (_rx_task) root DEBUG iutctl_common.py          131   read                      : Received: hdr: Header(svc_id=0x01, op=0x83, ctrl_index=0x00, data_len=0x07) bytearray(b'\x01\x83\x00\x07\x00')
2026-09-17 14:42:16,388 BTPWorkerThread-2644 (_rx_task) root DEBUG iutctl_common.py          139   read                      : Read 7 bytes data
2026-09-17 14:42:16,388 BTPWorkerThread-2644 (_rx_task) root DEBUG iutctl_common.py          154   read                      : Received data: {'e0 4e e4 08 dc 1b 00'}, bytearray(b'\xe0N\xe4\x08\xdc\x1b\x00')
2026-09-17 14:42:16,388 BTPWorkerThread-2644 (_rx_task) root DEBUG btp.py                    700   event_handler             : Header(svc_id=1, op=131, ctrl_index=0, data_len=7) (b'\xe0N\xe4\x08\xdc\x1b\x00',)
2026-09-17 14:42:16,388 BTPWorkerThread-2644 (_rx_task) root DEBUG gap.py                    226   gap_disconnected_ev_      : b'\xe0N\xe4\x08\xdc\x1b\x00'
2026-09-17 14:42:16,787 LT1-callback ClientCallback.on_implicit_send INFO client.py                 223   on_implicit_send          : 
    ********************
    BEGIN OnImplicitSend:
    project_name: GAP
    wid: 102
    test_case_name: GAP/SEC/SEM/BI-03-C
    description: Please send an HCI connect request to establish a basic rate connection after the IUT discovers the Lower Tester over BR and LE.
    style: MMI_Style_Ok_Cancel1 0x11041
2026-09-17 14:42:16,787 LT1-callback ClientCallback.on_implicit_send INFO client.py                 236   on_implicit_send          : Calling test cases on_implicit_send
2026-09-17 14:42:16,787 LT1-callback ClientCallback.on_implicit_send INFO client.py                 249   on_implicit_send          : 
    on_implicit_send returned response: WAIT
    END OnImplicitSend
    ********************
2026-09-17 14:42:17,314 LT1-thread root DEBUG testcase.py               679   run_wid                   : GAP GAP/SEC/SEM/BI-03-C on_implicit_send
2026-09-17 14:42:17,314 LT1-thread root DEBUG gap_wid.py                26    gap_wid_hdl               : gap_wid_hdl, 102, Please send an HCI connect request to establish a basic rate connection after the IUT discovers the Lower Tester over BR and LE., GAP/SEC/SEM/BI-03-C
2026-09-17 14:42:17,314 LT1-thread root DEBUG testcase.py               722   run_wid                   : Sending response 'OK' to wid 102 test case GAP/SEC/SEM/BI-03-C
2026-09-17 14:42:17,316 LT1-thread root DEBUG client.py                 276   get_result                : ClientCallback.get_result run_test_case
2026-09-17 14:42:18,098 BTPWorkerThread-2644 (_rx_task) root DEBUG iutctl_common.py          123   read                      : Read 5 bytes
2026-09-17 14:42:18,099 BTPWorkerThread-2644 (_rx_task) root DEBUG iutctl_common.py          131   read                      : Received: hdr: Header(svc_id=0x01, op=0x82, ctrl_index=0x00, data_len=0x0d) bytearray(b'\x01\x82\x00\r\x00')
2026-09-17 14:42:18,099 BTPWorkerThread-2644 (_rx_task) root DEBUG iutctl_common.py          139   read                      : Read 13 bytes data
2026-09-17 14:42:18,099 BTPWorkerThread-2644 (_rx_task) root DEBUG iutctl_common.py          154   read                      : Received data: {'e0 4e e4 08 dc 1b 00 00 00 00 00 00 00'}, bytearray(b'\xe0N\xe4\x08\xdc\x1b\x00\x00\x00\x00\x00\x00\x00')
2026-09-17 14:42:18,099 BTPWorkerThread-2644 (_rx_task) root DEBUG btp.py                    700   event_handler             : Header(svc_id=1, op=130, ctrl_index=0, data_len=13) (b'\xe0N\xe4\x08\xdc\x1b\x00\x00\x00\x00\x00\x00\x00',)
2026-09-17 14:42:18,099 BTPWorkerThread-2644 (_rx_task) root DEBUG gap.py                    213   gap_connected_ev_         : b'\xe0N\xe4\x08\xdc\x1b\x00\x00\x00\x00\x00\x00\x00'
2026-09-17 14:42:18,099 BTPWorkerThread-2644 (_rx_task) root DEBUG iutctl_common.py          123   read                      : Read 5 bytes
2026-09-17 14:42:18,099 BTPWorkerThread-2644 (_rx_task) root DEBUG iutctl_common.py          131   read                      : Received: hdr: Header(svc_id=0x01, op=0x80, ctrl_index=0x00, data_len=0x04) bytearray(b'\x01\x80\x00\x04\x00')
2026-09-17 14:42:18,099 BTPWorkerThread-2644 (_rx_task) root DEBUG iutctl_common.py          139   read                      : Read 4 bytes data
2026-09-17 14:42:18,099 BTPWorkerThread-2644 (_rx_task) root DEBUG iutctl_common.py          154   read                      : Received data: {'1b 02 00 00'}, bytearray(b'\x1b\x02\x00\x00')
2026-09-17 14:42:18,100 BTPWorkerThread-2644 (_rx_task) root DEBUG btp.py                    700   event_handler             : Header(svc_id=1, op=128, ctrl_index=0, data_len=4) (b'\x1b\x02\x00\x00',)
2026-09-17 14:42:18,100 BTPWorkerThread-2644 (_rx_task) root DEBUG gap.py                    181   gap_new_settings_ev_      : b'\x1b\x02\x00\x00'
2026-09-17 14:42:18,100 BTPWorkerThread-2644 (_rx_task) root DEBUG gap.py                    594   __gap_current_settings_update : 539
2026-09-17 14:42:20,414 LT1-callback ClientCallback.on_implicit_send INFO client.py                 223   on_implicit_send          : 
    ********************
    BEGIN OnImplicitSend:
    project_name: GAP
    wid: 2001
    test_case_name: GAP/SEC/SEM/BI-03-C
    description: Please verify the passKey is correct: 790889
    style: MMI_Style_Yes_No1 0x11044
2026-09-17 14:42:20,415 LT1-callback ClientCallback.on_implicit_send INFO client.py                 236   on_implicit_send          : Calling test cases on_implicit_send
2026-09-17 14:42:20,415 LT1-callback ClientCallback.on_implicit_send INFO client.py                 249   on_implicit_send          : 
    on_implicit_send returned response: WAIT
    END OnImplicitSend
    ********************
2026-09-17 14:42:20,423 BTPWorkerThread-2644 (_rx_task) root DEBUG iutctl_common.py          123   read                      : Read 5 bytes
2026-09-17 14:42:20,424 BTPWorkerThread-2644 (_rx_task) root DEBUG iutctl_common.py          131   read                      : Received: hdr: Header(svc_id=0x01, op=0x86, ctrl_index=0x00, data_len=0x0b) bytearray(b'\x01\x86\x00\x0b\x00')
2026-09-17 14:42:20,424 BTPWorkerThread-2644 (_rx_task) root DEBUG iutctl_common.py          139   read                      : Read 11 bytes data
2026-09-17 14:42:20,424 BTPWorkerThread-2644 (_rx_task) root DEBUG iutctl_common.py          154   read                      : Received data: {'e0 4e e4 08 dc 1b 00 69 11 0c 00'}, bytearray(b'\xe0N\xe4\x08\xdc\x1b\x00i\x11\x0c\x00')
2026-09-17 14:42:20,424 BTPWorkerThread-2644 (_rx_task) root DEBUG btp.py                    700   event_handler             : Header(svc_id=1, op=134, ctrl_index=0, data_len=11) (b'\xe0N\xe4\x08\xdc\x1b\x00i\x11\x0c\x00',)
2026-09-17 14:42:20,424 BTPWorkerThread-2644 (_rx_task) root DEBUG gap.py                    460   gap_passkey_confirm_req_ev_ : 
2026-09-17 14:42:20,424 BTPWorkerThread-2644 (_rx_task) root DEBUG gap.py                    472   gap_passkey_confirm_req_ev_ : passkey = '790889'
2026-09-17 14:42:21,318 LT1-thread root DEBUG testcase.py               679   run_wid                   : GAP GAP/SEC/SEM/BI-03-C on_implicit_send
2026-09-17 14:42:21,318 LT1-thread root DEBUG gap_wid.py                26    gap_wid_hdl               : gap_wid_hdl, 2001, Please verify the passKey is correct: 790889, GAP/SEC/SEM/BI-03-C
2026-09-17 14:42:21,318 LT1-thread root DEBUG gap.py                    950   gap_passkey_confirm_response : '001bdc08e44e' 224
2026-09-17 14:42:21,318 LT1-thread root DEBUG iutctl_common.py          161   send                      : 1 20 0 "bytearray(b'\\xe0N\\xe4\\x08\\xdc\\x1b\\x00\\x01')"
2026-09-17 14:42:21,318 LT1-thread root DEBUG iutctl_common.py          166   send                      : sending frame '0114000800e04ee408dc1b0001'
2026-09-17 14:42:21,319 LT1-thread root DEBUG gap.py                    1227  gap_command_rsp_succ      : 
2026-09-17 14:42:21,319 LT1-thread root DEBUG iutctl_common.py          339   read                      : 
2026-09-17 14:42:21,350 BTPWorkerThread-2644 (_rx_task) root DEBUG iutctl_common.py          123   read                      : Read 5 bytes
2026-09-17 14:42:21,361 BTPWorkerThread-2644 (_rx_task) root DEBUG iutctl_common.py          131   read                      : Received: hdr: Header(svc_id=0x01, op=0x14, ctrl_index=0x00, data_len=0x00) bytearray(b'\x01\x14\x00\x00\x00')
2026-09-17 14:42:21,366 BTPWorkerThread-2644 (_rx_task) root DEBUG iutctl_common.py          154   read                      : Received data: {''}, bytearray(b'')
2026-09-17 14:42:21,372 LT1-thread root DEBUG gap.py                    1232  gap_command_rsp_succ      : received Header(svc_id=1, op=20, ctrl_index=0, data_len=0) (b'',)
2026-09-17 14:42:21,372 LT1-thread root DEBUG testcase.py               722   run_wid                   : Sending response 'Yes' to wid 2001 test case GAP/SEC/SEM/BI-03-C
2026-09-17 14:42:21,374 LT1-thread root DEBUG client.py                 276   get_result                : ClientCallback.get_result run_test_case
2026-09-17 14:42:27,424 BTPWorkerThread-2644 (_rx_task) root DEBUG iutctl_common.py          123   read                      : Read 3 bytes
2026-09-17 14:42:27,425 BTPWorkerThread-2644 (_rx_task) root DEBUG iutctl_common.py          123   read                      : Read 2 bytes
2026-09-17 14:42:27,425 BTPWorkerThread-2644 (_rx_task) root DEBUG iutctl_common.py          131   read                      : Received: hdr: Header(svc_id=0x01, op=0x83, ctrl_index=0x00, data_len=0x07) bytearray(b'\x01\x83\x00\x07\x00')
2026-09-17 14:42:27,425 BTPWorkerThread-2644 (_rx_task) root DEBUG iutctl_common.py          139   read                      : Read 7 bytes data
2026-09-17 14:42:27,425 BTPWorkerThread-2644 (_rx_task) root DEBUG iutctl_common.py          154   read                      : Received data: {'e0 4e e4 08 dc 1b 00'}, bytearray(b'\xe0N\xe4\x08\xdc\x1b\x00')
2026-09-17 14:42:27,425 BTPWorkerThread-2644 (_rx_task) root DEBUG btp.py                    700   event_handler             : Header(svc_id=1, op=131, ctrl_index=0, data_len=7) (b'\xe0N\xe4\x08\xdc\x1b\x00',)
2026-09-17 14:42:27,425 BTPWorkerThread-2644 (_rx_task) root DEBUG gap.py                    226   gap_disconnected_ev_      : b'\xe0N\xe4\x08\xdc\x1b\x00'
2026-09-17 14:42:27,825 LT1-callback ClientCallback.on_implicit_send INFO client.py                 223   on_implicit_send          : 
    ********************
    BEGIN OnImplicitSend:
    project_name: GAP
    wid: 102
    test_case_name: GAP/SEC/SEM/BI-03-C
    description: Please send an HCI connect request to establish a basic rate connection after the IUT discovers the Lower Tester over BR and LE.
    style: MMI_Style_Ok_Cancel1 0x11041
2026-09-17 14:42:27,826 LT1-callback ClientCallback.on_implicit_send INFO client.py                 236   on_implicit_send          : Calling test cases on_implicit_send
2026-09-17 14:42:27,826 LT1-callback ClientCallback.on_implicit_send INFO client.py                 249   on_implicit_send          : 
    on_implicit_send returned response: WAIT
    END OnImplicitSend
    ********************
2026-09-17 14:42:28,378 LT1-thread root DEBUG testcase.py               679   run_wid                   : GAP GAP/SEC/SEM/BI-03-C on_implicit_send
2026-09-17 14:42:28,378 LT1-thread root DEBUG gap_wid.py                26    gap_wid_hdl               : gap_wid_hdl, 102, Please send an HCI connect request to establish a basic rate connection after the IUT discovers the Lower Tester over BR and LE., GAP/SEC/SEM/BI-03-C
2026-09-17 14:42:28,378 LT1-thread root DEBUG testcase.py               722   run_wid                   : Sending response 'OK' to wid 102 test case GAP/SEC/SEM/BI-03-C
2026-09-17 14:42:28,380 LT1-thread root DEBUG client.py                 276   get_result                : ClientCallback.get_result run_test_case
2026-09-17 14:42:29,853 BTPWorkerThread-2644 (_rx_task) root DEBUG iutctl_common.py          123   read                      : Read 5 bytes
2026-09-17 14:42:29,853 BTPWorkerThread-2644 (_rx_task) root DEBUG iutctl_common.py          131   read                      : Received: hdr: Header(svc_id=0x01, op=0x82, ctrl_index=0x00, data_len=0x0d) bytearray(b'\x01\x82\x00\r\x00')
2026-09-17 14:42:29,853 BTPWorkerThread-2644 (_rx_task) root DEBUG iutctl_common.py          139   read                      : Read 13 bytes data
2026-09-17 14:42:29,854 BTPWorkerThread-2644 (_rx_task) root DEBUG iutctl_common.py          154   read                      : Received data: {'e0 4e e4 08 dc 1b 00 00 00 00 00 00 00'}, bytearray(b'\xe0N\xe4\x08\xdc\x1b\x00\x00\x00\x00\x00\x00\x00')
2026-09-17 14:42:29,854 BTPWorkerThread-2644 (_rx_task) root DEBUG btp.py                    700   event_handler             : Header(svc_id=1, op=130, ctrl_index=0, data_len=13) (b'\xe0N\xe4\x08\xdc\x1b\x00\x00\x00\x00\x00\x00\x00',)
2026-09-17 14:42:29,854 BTPWorkerThread-2644 (_rx_task) root DEBUG gap.py                    213   gap_connected_ev_         : b'\xe0N\xe4\x08\xdc\x1b\x00\x00\x00\x00\x00\x00\x00'
2026-09-17 14:42:29,854 BTPWorkerThread-2644 (_rx_task) root DEBUG iutctl_common.py          123   read                      : Read 5 bytes
2026-09-17 14:42:29,854 BTPWorkerThread-2644 (_rx_task) root DEBUG iutctl_common.py          131   read                      : Received: hdr: Header(svc_id=0x01, op=0x80, ctrl_index=0x00, data_len=0x04) bytearray(b'\x01\x80\x00\x04\x00')
2026-09-17 14:42:29,854 BTPWorkerThread-2644 (_rx_task) root DEBUG iutctl_common.py          139   read                      : Read 4 bytes data
2026-09-17 14:42:29,854 BTPWorkerThread-2644 (_rx_task) root DEBUG iutctl_common.py          154   read                      : Received data: {'1b 02 00 00'}, bytearray(b'\x1b\x02\x00\x00')
2026-09-17 14:42:29,854 BTPWorkerThread-2644 (_rx_task) root DEBUG btp.py                    700   event_handler             : Header(svc_id=1, op=128, ctrl_index=0, data_len=4) (b'\x1b\x02\x00\x00',)
2026-09-17 14:42:29,854 BTPWorkerThread-2644 (_rx_task) root DEBUG gap.py                    181   gap_new_settings_ev_      : b'\x1b\x02\x00\x00'
2026-09-17 14:42:29,855 BTPWorkerThread-2644 (_rx_task) root DEBUG gap.py                    594   __gap_current_settings_update : 539
2026-09-17 14:42:37,951 BTPWorkerThread-2644 (_rx_task) root DEBUG iutctl_common.py          123   read                      : Read 5 bytes
2026-09-17 14:42:37,951 BTPWorkerThread-2644 (_rx_task) root DEBUG iutctl_common.py          131   read                      : Received: hdr: Header(svc_id=0x01, op=0x83, ctrl_index=0x00, data_len=0x07) bytearray(b'\x01\x83\x00\x07\x00')
2026-09-17 14:42:37,952 BTPWorkerThread-2644 (_rx_task) root DEBUG iutctl_common.py          139   read                      : Read 7 bytes data
2026-09-17 14:42:37,952 BTPWorkerThread-2644 (_rx_task) root DEBUG iutctl_common.py          154   read                      : Received data: {'e0 4e e4 08 dc 1b 00'}, bytearray(b'\xe0N\xe4\x08\xdc\x1b\x00')
2026-09-17 14:42:37,952 BTPWorkerThread-2644 (_rx_task) root DEBUG btp.py                    700   event_handler             : Header(svc_id=1, op=131, ctrl_index=0, data_len=7) (b'\xe0N\xe4\x08\xdc\x1b\x00',)
2026-09-17 14:42:37,952 BTPWorkerThread-2644 (_rx_task) root DEBUG gap.py                    226   gap_disconnected_ev_      : b'\xe0N\xe4\x08\xdc\x1b\x00'
2026-09-17 14:42:38,353 LT1-callback ClientCallback.on_implicit_send INFO client.py                 223   on_implicit_send          : 
    ********************
    BEGIN OnImplicitSend:
    project_name: GAP
    wid: 102
    test_case_name: GAP/SEC/SEM/BI-03-C
    description: Please send an HCI connect request to establish a basic rate connection after the IUT discovers the Lower Tester over BR and LE.
    style: MMI_Style_Ok_Cancel1 0x11041
2026-09-17 14:42:38,353 LT1-callback ClientCallback.on_implicit_send INFO client.py                 236   on_implicit_send          : Calling test cases on_implicit_send
2026-09-17 14:42:38,353 LT1-callback ClientCallback.on_implicit_send INFO client.py                 249   on_implicit_send          : 
    on_implicit_send returned response: WAIT
    END OnImplicitSend
    ********************
2026-09-17 14:42:38,387 LT1-thread root DEBUG testcase.py               679   run_wid                   : GAP GAP/SEC/SEM/BI-03-C on_implicit_send
2026-09-17 14:42:38,387 LT1-thread root DEBUG gap_wid.py                26    gap_wid_hdl               : gap_wid_hdl, 102, Please send an HCI connect request to establish a basic rate connection after the IUT discovers the Lower Tester over BR and LE., GAP/SEC/SEM/BI-03-C
2026-09-17 14:42:38,387 LT1-thread root DEBUG testcase.py               722   run_wid                   : Sending response 'OK' to wid 102 test case GAP/SEC/SEM/BI-03-C
2026-09-17 14:42:38,389 LT1-thread root DEBUG client.py                 276   get_result                : ClientCallback.get_result run_test_case
2026-09-17 14:42:39,291 BTPWorkerThread-2644 (_rx_task) root DEBUG iutctl_common.py          123   read                      : Read 5 bytes
2026-09-17 14:42:39,291 BTPWorkerThread-2644 (_rx_task) root DEBUG iutctl_common.py          131   read                      : Received: hdr: Header(svc_id=0x01, op=0x82, ctrl_index=0x00, data_len=0x0d) bytearray(b'\x01\x82\x00\r\x00')
2026-09-17 14:42:39,292 BTPWorkerThread-2644 (_rx_task) root DEBUG iutctl_common.py          139   read                      : Read 13 bytes data
2026-09-17 14:42:39,292 BTPWorkerThread-2644 (_rx_task) root DEBUG iutctl_common.py          154   read                      : Received data: {'e0 4e e4 08 dc 1b 00 00 00 00 00 00 00'}, bytearray(b'\xe0N\xe4\x08\xdc\x1b\x00\x00\x00\x00\x00\x00\x00')
2026-09-17 14:42:39,292 BTPWorkerThread-2644 (_rx_task) root DEBUG btp.py                    700   event_handler             : Header(svc_id=1, op=130, ctrl_index=0, data_len=13) (b'\xe0N\xe4\x08\xdc\x1b\x00\x00\x00\x00\x00\x00\x00',)
2026-09-17 14:42:39,292 BTPWorkerThread-2644 (_rx_task) root DEBUG gap.py                    213   gap_connected_ev_         : b'\xe0N\xe4\x08\xdc\x1b\x00\x00\x00\x00\x00\x00\x00'
2026-09-17 14:42:39,292 BTPWorkerThread-2644 (_rx_task) root DEBUG iutctl_common.py          123   read                      : Read 5 bytes
2026-09-17 14:42:39,292 BTPWorkerThread-2644 (_rx_task) root DEBUG iutctl_common.py          131   read                      : Received: hdr: Header(svc_id=0x01, op=0x80, ctrl_index=0x00, data_len=0x04) bytearray(b'\x01\x80\x00\x04\x00')
2026-09-17 14:42:39,292 BTPWorkerThread-2644 (_rx_task) root DEBUG iutctl_common.py          139   read                      : Read 4 bytes data
2026-09-17 14:42:39,292 BTPWorkerThread-2644 (_rx_task) root DEBUG iutctl_common.py          154   read                      : Received data: {'1b 02 00 00'}, bytearray(b'\x1b\x02\x00\x00')
2026-09-17 14:42:39,292 BTPWorkerThread-2644 (_rx_task) root DEBUG btp.py                    700   event_handler             : Header(svc_id=1, op=128, ctrl_index=0, data_len=4) (b'\x1b\x02\x00\x00',)
2026-09-17 14:42:39,293 BTPWorkerThread-2644 (_rx_task) root DEBUG gap.py                    181   gap_new_settings_ev_      : b'\x1b\x02\x00\x00'
2026-09-17 14:42:39,293 BTPWorkerThread-2644 (_rx_task) root DEBUG gap.py                    594   __gap_current_settings_update : 539
2026-09-17 14:42:47,395 BTPWorkerThread-2644 (_rx_task) root DEBUG iutctl_common.py          123   read                      : Read 5 bytes
2026-09-17 14:42:47,395 BTPWorkerThread-2644 (_rx_task) root DEBUG iutctl_common.py          131   read                      : Received: hdr: Header(svc_id=0x01, op=0x83, ctrl_index=0x00, data_len=0x07) bytearray(b'\x01\x83\x00\x07\x00')
2026-09-17 14:42:47,395 BTPWorkerThread-2644 (_rx_task) root DEBUG iutctl_common.py          139   read                      : Read 7 bytes data
2026-09-17 14:42:47,396 BTPWorkerThread-2644 (_rx_task) root DEBUG iutctl_common.py          154   read                      : Received data: {'e0 4e e4 08 dc 1b 00'}, bytearray(b'\xe0N\xe4\x08\xdc\x1b\x00')
2026-09-17 14:42:47,396 BTPWorkerThread-2644 (_rx_task) root DEBUG btp.py                    700   event_handler             : Header(svc_id=1, op=131, ctrl_index=0, data_len=7) (b'\xe0N\xe4\x08\xdc\x1b\x00',)
2026-09-17 14:42:47,396 BTPWorkerThread-2644 (_rx_task) root DEBUG gap.py                    226   gap_disconnected_ev_      : b'\xe0N\xe4\x08\xdc\x1b\x00'
2026-09-17 14:42:47,790 LT1-callback ClientCallback.on_implicit_send INFO client.py                 223   on_implicit_send          : 
    ********************
    BEGIN OnImplicitSend:
    project_name: GAP
    wid: 102
    test_case_name: GAP/SEC/SEM/BI-03-C
    description: Please send an HCI connect request to establish a basic rate connection after the IUT discovers the Lower Tester over BR and LE.
    style: MMI_Style_Ok_Cancel1 0x11041
2026-09-17 14:42:47,790 LT1-callback ClientCallback.on_implicit_send INFO client.py                 236   on_implicit_send          : Calling test cases on_implicit_send
2026-09-17 14:42:47,790 LT1-callback ClientCallback.on_implicit_send INFO client.py                 249   on_implicit_send          : 
    on_implicit_send returned response: WAIT
    END OnImplicitSend
    ********************
2026-09-17 14:42:48,395 LT1-thread root DEBUG testcase.py               679   run_wid                   : GAP GAP/SEC/SEM/BI-03-C on_implicit_send
2026-09-17 14:42:48,395 LT1-thread root DEBUG gap_wid.py                26    gap_wid_hdl               : gap_wid_hdl, 102, Please send an HCI connect request to establish a basic rate connection after the IUT discovers the Lower Tester over BR and LE., GAP/SEC/SEM/BI-03-C
2026-09-17 14:42:48,395 LT1-thread root DEBUG testcase.py               722   run_wid                   : Sending response 'OK' to wid 102 test case GAP/SEC/SEM/BI-03-C
2026-09-17 14:42:48,397 LT1-thread root DEBUG client.py                 276   get_result                : ClientCallback.get_result run_test_case
2026-09-17 14:42:48,480 BTPWorkerThread-2644 (_rx_task) root DEBUG iutctl_common.py          123   read                      : Read 5 bytes
2026-09-17 14:42:48,481 BTPWorkerThread-2644 (_rx_task) root DEBUG iutctl_common.py          131   read                      : Received: hdr: Header(svc_id=0x01, op=0x82, ctrl_index=0x00, data_len=0x0d) bytearray(b'\x01\x82\x00\r\x00')
2026-09-17 14:42:48,481 BTPWorkerThread-2644 (_rx_task) root DEBUG iutctl_common.py          139   read                      : Read 13 bytes data
2026-09-17 14:42:48,481 BTPWorkerThread-2644 (_rx_task) root DEBUG iutctl_common.py          154   read                      : Received data: {'e0 4e e4 08 dc 1b 00 00 00 00 00 00 00'}, bytearray(b'\xe0N\xe4\x08\xdc\x1b\x00\x00\x00\x00\x00\x00\x00')
2026-09-17 14:42:48,481 BTPWorkerThread-2644 (_rx_task) root DEBUG btp.py                    700   event_handler             : Header(svc_id=1, op=130, ctrl_index=0, data_len=13) (b'\xe0N\xe4\x08\xdc\x1b\x00\x00\x00\x00\x00\x00\x00',)
2026-09-17 14:42:48,481 BTPWorkerThread-2644 (_rx_task) root DEBUG gap.py                    213   gap_connected_ev_         : b'\xe0N\xe4\x08\xdc\x1b\x00\x00\x00\x00\x00\x00\x00'
2026-09-17 14:42:48,481 BTPWorkerThread-2644 (_rx_task) root DEBUG iutctl_common.py          123   read                      : Read 5 bytes
2026-09-17 14:42:48,482 BTPWorkerThread-2644 (_rx_task) root DEBUG iutctl_common.py          131   read                      : Received: hdr: Header(svc_id=0x01, op=0x80, ctrl_index=0x00, data_len=0x04) bytearray(b'\x01\x80\x00\x04\x00')
2026-09-17 14:42:48,482 BTPWorkerThread-2644 (_rx_task) root DEBUG iutctl_common.py          139   read                      : Read 4 bytes data
2026-09-17 14:42:48,482 BTPWorkerThread-2644 (_rx_task) root DEBUG iutctl_common.py          154   read                      : Received data: {'1b 02 00 00'}, bytearray(b'\x1b\x02\x00\x00')
2026-09-17 14:42:48,482 BTPWorkerThread-2644 (_rx_task) root DEBUG btp.py                    700   event_handler             : Header(svc_id=1, op=128, ctrl_index=0, data_len=4) (b'\x1b\x02\x00\x00',)
2026-09-17 14:42:48,482 BTPWorkerThread-2644 (_rx_task) root DEBUG gap.py                    181   gap_new_settings_ev_      : b'\x1b\x02\x00\x00'
2026-09-17 14:42:48,482 BTPWorkerThread-2644 (_rx_task) root DEBUG gap.py                    594   __gap_current_settings_update : 539
2026-09-17 14:42:56,590 BTPWorkerThread-2644 (_rx_task) root DEBUG iutctl_common.py          123   read                      : Read 5 bytes
2026-09-17 14:42:56,590 BTPWorkerThread-2644 (_rx_task) root DEBUG iutctl_common.py          131   read                      : Received: hdr: Header(svc_id=0x01, op=0x83, ctrl_index=0x00, data_len=0x07) bytearray(b'\x01\x83\x00\x07\x00')
2026-09-17 14:42:56,590 BTPWorkerThread-2644 (_rx_task) root DEBUG iutctl_common.py          139   read                      : Read 7 bytes data
2026-09-17 14:42:56,591 BTPWorkerThread-2644 (_rx_task) root DEBUG iutctl_common.py          154   read                      : Received data: {'e0 4e e4 08 dc 1b 00'}, bytearray(b'\xe0N\xe4\x08\xdc\x1b\x00')
2026-09-17 14:42:56,591 BTPWorkerThread-2644 (_rx_task) root DEBUG btp.py                    700   event_handler             : Header(svc_id=1, op=131, ctrl_index=0, data_len=7) (b'\xe0N\xe4\x08\xdc\x1b\x00',)
2026-09-17 14:42:56,591 BTPWorkerThread-2644 (_rx_task) root DEBUG gap.py                    226   gap_disconnected_ev_      : b'\xe0N\xe4\x08\xdc\x1b\x00'
2026-09-17 14:42:56,985 LT1-callback ClientCallback.on_implicit_send INFO client.py                 223   on_implicit_send          : 
    ********************
    BEGIN OnImplicitSend:
    project_name: GAP
    wid: 102
    test_case_name: GAP/SEC/SEM/BI-03-C
    description: Please send an HCI connect request to establish a basic rate connection after the IUT discovers the Lower Tester over BR and LE.
    style: MMI_Style_Ok_Cancel1 0x11041
2026-09-17 14:42:56,985 LT1-callback ClientCallback.on_implicit_send INFO client.py                 236   on_implicit_send          : Calling test cases on_implicit_send
2026-09-17 14:42:56,985 LT1-callback ClientCallback.on_implicit_send INFO client.py                 249   on_implicit_send          : 
    on_implicit_send returned response: WAIT
    END OnImplicitSend
    ********************
2026-09-17 14:42:57,401 LT1-thread root DEBUG testcase.py               679   run_wid                   : GAP GAP/SEC/SEM/BI-03-C on_implicit_send
2026-09-17 14:42:57,401 LT1-thread root DEBUG gap_wid.py                26    gap_wid_hdl               : gap_wid_hdl, 102, Please send an HCI connect request to establish a basic rate connection after the IUT discovers the Lower Tester over BR and LE., GAP/SEC/SEM/BI-03-C
2026-09-17 14:42:57,401 LT1-thread root DEBUG testcase.py               722   run_wid                   : Sending response 'OK' to wid 102 test case GAP/SEC/SEM/BI-03-C
2026-09-17 14:42:57,403 LT1-thread root DEBUG client.py                 276   get_result                : ClientCallback.get_result run_test_case
2026-09-17 14:42:57,773 BTPWorkerThread-2644 (_rx_task) root DEBUG iutctl_common.py          123   read                      : Read 5 bytes
2026-09-17 14:42:57,774 BTPWorkerThread-2644 (_rx_task) root DEBUG iutctl_common.py          131   read                      : Received: hdr: Header(svc_id=0x01, op=0x82, ctrl_index=0x00, data_len=0x0d) bytearray(b'\x01\x82\x00\r\x00')
2026-09-17 14:42:57,774 BTPWorkerThread-2644 (_rx_task) root DEBUG iutctl_common.py          139   read                      : Read 13 bytes data
2026-09-17 14:42:57,774 BTPWorkerThread-2644 (_rx_task) root DEBUG iutctl_common.py          154   read                      : Received data: {'e0 4e e4 08 dc 1b 00 00 00 00 00 00 00'}, bytearray(b'\xe0N\xe4\x08\xdc\x1b\x00\x00\x00\x00\x00\x00\x00')
2026-09-17 14:42:57,774 BTPWorkerThread-2644 (_rx_task) root DEBUG btp.py                    700   event_handler             : Header(svc_id=1, op=130, ctrl_index=0, data_len=13) (b'\xe0N\xe4\x08\xdc\x1b\x00\x00\x00\x00\x00\x00\x00',)
2026-09-17 14:42:57,774 BTPWorkerThread-2644 (_rx_task) root DEBUG gap.py                    213   gap_connected_ev_         : b'\xe0N\xe4\x08\xdc\x1b\x00\x00\x00\x00\x00\x00\x00'
2026-09-17 14:42:57,774 BTPWorkerThread-2644 (_rx_task) root DEBUG iutctl_common.py          123   read                      : Read 5 bytes
2026-09-17 14:42:57,774 BTPWorkerThread-2644 (_rx_task) root DEBUG iutctl_common.py          131   read                      : Received: hdr: Header(svc_id=0x01, op=0x80, ctrl_index=0x00, data_len=0x04) bytearray(b'\x01\x80\x00\x04\x00')
2026-09-17 14:42:57,774 BTPWorkerThread-2644 (_rx_task) root DEBUG iutctl_common.py          139   read                      : Read 4 bytes data
2026-09-17 14:42:57,775 BTPWorkerThread-2644 (_rx_task) root DEBUG iutctl_common.py          154   read                      : Received data: {'1b 02 00 00'}, bytearray(b'\x1b\x02\x00\x00')
2026-09-17 14:42:57,775 BTPWorkerThread-2644 (_rx_task) root DEBUG btp.py                    700   event_handler             : Header(svc_id=1, op=128, ctrl_index=0, data_len=4) (b'\x1b\x02\x00\x00',)
2026-09-17 14:42:57,775 BTPWorkerThread-2644 (_rx_task) root DEBUG gap.py                    181   gap_new_settings_ev_      : b'\x1b\x02\x00\x00'
2026-09-17 14:42:57,775 BTPWorkerThread-2644 (_rx_task) root DEBUG gap.py                    594   __gap_current_settings_update : 539
2026-09-17 14:43:05,887 BTPWorkerThread-2644 (_rx_task) root DEBUG iutctl_common.py          123   read                      : Read 5 bytes
2026-09-17 14:43:05,887 BTPWorkerThread-2644 (_rx_task) root DEBUG iutctl_common.py          131   read                      : Received: hdr: Header(svc_id=0x01, op=0x83, ctrl_index=0x00, data_len=0x07) bytearray(b'\x01\x83\x00\x07\x00')
2026-09-17 14:43:05,887 BTPWorkerThread-2644 (_rx_task) root DEBUG iutctl_common.py          139   read                      : Read 7 bytes data
2026-09-17 14:43:05,888 BTPWorkerThread-2644 (_rx_task) root DEBUG iutctl_common.py          154   read                      : Received data: {'e0 4e e4 08 dc 1b 00'}, bytearray(b'\xe0N\xe4\x08\xdc\x1b\x00')
2026-09-17 14:43:05,888 BTPWorkerThread-2644 (_rx_task) root DEBUG btp.py                    700   event_handler             : Header(svc_id=1, op=131, ctrl_index=0, data_len=7) (b'\xe0N\xe4\x08\xdc\x1b\x00',)
2026-09-17 14:43:05,888 BTPWorkerThread-2644 (_rx_task) root DEBUG gap.py                    226   gap_disconnected_ev_      : b'\xe0N\xe4\x08\xdc\x1b\x00'
2026-09-17 14:43:06,288 LT1-callback ClientCallback.on_implicit_send INFO client.py                 223   on_implicit_send          : 
    ********************
    BEGIN OnImplicitSend:
    project_name: GAP
    wid: 102
    test_case_name: GAP/SEC/SEM/BI-03-C
    description: Please send an HCI connect request to establish a basic rate connection after the IUT discovers the Lower Tester over BR and LE.
    style: MMI_Style_Ok_Cancel1 0x11041
2026-09-17 14:43:06,288 LT1-callback ClientCallback.on_implicit_send INFO client.py                 236   on_implicit_send          : Calling test cases on_implicit_send
2026-09-17 14:43:06,289 LT1-callback ClientCallback.on_implicit_send INFO client.py                 249   on_implicit_send          : 
    on_implicit_send returned response: WAIT
    END OnImplicitSend
    ********************
2026-09-17 14:43:06,407 LT1-thread root DEBUG testcase.py               679   run_wid                   : GAP GAP/SEC/SEM/BI-03-C on_implicit_send
2026-09-17 14:43:06,407 LT1-thread root DEBUG gap_wid.py                26    gap_wid_hdl               : gap_wid_hdl, 102, Please send an HCI connect request to establish a basic rate connection after the IUT discovers the Lower Tester over BR and LE., GAP/SEC/SEM/BI-03-C
2026-09-17 14:43:06,407 LT1-thread root DEBUG testcase.py               722   run_wid                   : Sending response 'OK' to wid 102 test case GAP/SEC/SEM/BI-03-C
2026-09-17 14:43:06,409 LT1-thread root DEBUG client.py                 276   get_result                : ClientCallback.get_result run_test_case
2026-09-17 14:43:06,954 BTPWorkerThread-2644 (_rx_task) root DEBUG iutctl_common.py          123   read                      : Read 5 bytes
2026-09-17 14:43:06,955 BTPWorkerThread-2644 (_rx_task) root DEBUG iutctl_common.py          131   read                      : Received: hdr: Header(svc_id=0x01, op=0x82, ctrl_index=0x00, data_len=0x0d) bytearray(b'\x01\x82\x00\r\x00')
2026-09-17 14:43:06,955 BTPWorkerThread-2644 (_rx_task) root DEBUG iutctl_common.py          139   read                      : Read 13 bytes data
2026-09-17 14:43:06,955 BTPWorkerThread-2644 (_rx_task) root DEBUG iutctl_common.py          154   read                      : Received data: {'e0 4e e4 08 dc 1b 00 00 00 00 00 00 00'}, bytearray(b'\xe0N\xe4\x08\xdc\x1b\x00\x00\x00\x00\x00\x00\x00')
2026-09-17 14:43:06,955 BTPWorkerThread-2644 (_rx_task) root DEBUG btp.py                    700   event_handler             : Header(svc_id=1, op=130, ctrl_index=0, data_len=13) (b'\xe0N\xe4\x08\xdc\x1b\x00\x00\x00\x00\x00\x00\x00',)
2026-09-17 14:43:06,955 BTPWorkerThread-2644 (_rx_task) root DEBUG gap.py                    213   gap_connected_ev_         : b'\xe0N\xe4\x08\xdc\x1b\x00\x00\x00\x00\x00\x00\x00'
2026-09-17 14:43:06,955 BTPWorkerThread-2644 (_rx_task) root DEBUG iutctl_common.py          123   read                      : Read 4 bytes
2026-09-17 14:43:06,965 BTPWorkerThread-2644 (_rx_task) root DEBUG iutctl_common.py          123   read                      : Read 1 bytes
2026-09-17 14:43:06,965 BTPWorkerThread-2644 (_rx_task) root DEBUG iutctl_common.py          131   read                      : Received: hdr: Header(svc_id=0x01, op=0x80, ctrl_index=0x00, data_len=0x04) bytearray(b'\x01\x80\x00\x04\x00')
2026-09-17 14:43:06,965 BTPWorkerThread-2644 (_rx_task) root DEBUG iutctl_common.py          139   read                      : Read 4 bytes data
2026-09-17 14:43:06,966 BTPWorkerThread-2644 (_rx_task) root DEBUG iutctl_common.py          154   read                      : Received data: {'1b 02 00 00'}, bytearray(b'\x1b\x02\x00\x00')
2026-09-17 14:43:06,966 BTPWorkerThread-2644 (_rx_task) root DEBUG btp.py                    700   event_handler             : Header(svc_id=1, op=128, ctrl_index=0, data_len=4) (b'\x1b\x02\x00\x00',)
2026-09-17 14:43:06,966 BTPWorkerThread-2644 (_rx_task) root DEBUG gap.py                    181   gap_new_settings_ev_      : b'\x1b\x02\x00\x00'
2026-09-17 14:43:06,966 BTPWorkerThread-2644 (_rx_task) root DEBUG gap.py                    594   __gap_current_settings_update : 539
2026-09-17 14:43:15,368 BTPWorkerThread-2644 (_rx_task) root DEBUG iutctl_common.py          123   read                      : Read 5 bytes
2026-09-17 14:43:15,369 BTPWorkerThread-2644 (_rx_task) root DEBUG iutctl_common.py          131   read                      : Received: hdr: Header(svc_id=0x01, op=0x83, ctrl_index=0x00, data_len=0x07) bytearray(b'\x01\x83\x00\x07\x00')
2026-09-17 14:43:15,369 BTPWorkerThread-2644 (_rx_task) root DEBUG iutctl_common.py          139   read                      : Read 7 bytes data
2026-09-17 14:43:15,369 BTPWorkerThread-2644 (_rx_task) root DEBUG iutctl_common.py          154   read                      : Received data: {'e0 4e e4 08 dc 1b 00'}, bytearray(b'\xe0N\xe4\x08\xdc\x1b\x00')
2026-09-17 14:43:15,369 BTPWorkerThread-2644 (_rx_task) root DEBUG btp.py                    700   event_handler             : Header(svc_id=1, op=131, ctrl_index=0, data_len=7) (b'\xe0N\xe4\x08\xdc\x1b\x00',)
2026-09-17 14:43:15,369 BTPWorkerThread-2644 (_rx_task) root DEBUG gap.py                    226   gap_disconnected_ev_      : b'\xe0N\xe4\x08\xdc\x1b\x00'
2026-09-17 14:43:18,084 LT1-callback ClientCallback.log INFO client.py                 200   log                       : PTS_LOGTYPE_START_TEST Start Test Case 

+219 ms
 GAP/SEC/SEM/BI-03-C GAP/SEC/SEM/BI-03-C

2026-09-17 14:43:19,023 LT1-callback ClientCallback.log INFO client.py                 200   log                       : PTS_LOGTYPE_FINAL_VERDICT Final Verdict 

+69063 ms
 GAP/SEC/SEM/BI-03-C PASS

2026-09-17 14:43:19,028 LT1-callback ClientCallback.log INFO client.py                 200   log                       : PTS_LOGTYPE_FINAL_VERDICT Encrypted Verdict 

+69063 ms
 GAP/SEC/SEM/BI-03-C A1#ZWY4MzQ5MDg3MmQwNTIxOGQzMzQ5YjY2ODA5M2MzNjQ5ZDY4NmY0Yjc2MzIzM2VkNTUyNTFhNGU4Mjg1MjI0NA==#ZtVDbgy8SUnTf/OcA50mR03lIQgyjGme4R06R3cZTvw5YUIz0Nti9asNYMr/YCMX

2026-09-17 14:43:19,220 LT1-callback ClientCallback.log INFO client.py                 200   log                       : PTS_LOGTYPE_END_TEST Test Case Ended 

+69063 ms
 GAP/SEC/SEM/BI-03-C GAP/SEC/SEM/BI-03-C

2026-09-17 14:43:19,350 LT1-callback root DEBUG client.py                 261   set_result                : ClientCallback, set_result, run_test_case, PASS
2026-09-17 14:43:19,350 LT1-thread root DEBUG client.py                 1186  _run_test_case            : After run_test_case error_code=0 status='PASS'
2026-09-17 14:43:19,350 LT1-thread root DEBUG testcase.py               766   post_run                  : post_run GAP GAP/SEC/SEM/BI-03-C 0
2026-09-17 14:43:19,351 LT1-thread root DEBUG testcase.py               254   start                     : Starting test function: class=<class 'autopts.ptsprojects.testcase.TestFuncCleanUp'>, func=<bound method ZTestCase._test_case_cleanup of <autopts.ptsprojects.zephyr.ztestcase.ZTestCase object at 0x00000203DCD02360>> start_wid=None stop_wid=None post_wid=None skip_call=None call_count=1 args=() kwds={}
2026-09-17 14:43:19,351 LT1-thread root DEBUG testcase.py               266   start                     : Test function parameters: args=(), kwds={}
2026-09-17 14:43:19,351 LT1-thread root DEBUG iutctl.py                 415   stop                      : <class 'autopts.ptsprojects.zephyr.iutctl.create_zephyr_ctl_class.<locals>.ZephyrCtl'>.stop
2026-09-17 14:43:19,351 LT1-thread root DEBUG __init__.py               51    reset                     : About to reset DUT: JLink -CommandFile reset.jlink -usb 1063214216 -device MIMXRT1176XXXA_M7
2026-09-17 14:43:19,669 BTPWorkerThread-2644 (_rx_task) root DEBUG iutctl_common.py          123   read                      : Read 5 bytes
2026-09-17 14:43:19,670 BTPWorkerThread-2644 (_rx_task) root DEBUG iutctl_common.py          131   read                      : Received: hdr: Header(svc_id=0x00, op=0x80, ctrl_index=0xff, data_len=0x00) bytearray(b'\x00\x80\xff\x00\x00')
2026-09-17 14:43:19,670 BTPWorkerThread-2644 (_rx_task) root DEBUG iutctl_common.py          154   read                      : Received data: {''}, bytearray(b'')
2026-09-17 14:43:19,670 BTPWorkerThread-2644 (_rx_task) root DEBUG btp.py                    700   event_handler             : Header(svc_id=0, op=128, ctrl_index=255, data_len=0) (b'',)
2026-09-17 14:43:19,670 BTPWorkerThread-2644 (_rx_task) root DEBUG core.py                   23    core_iut_ready_ev         : 
2026-09-17 14:43:19,742 LT1-thread root DEBUG iutctl.py                 436   _stop_tty_mode            : IUT ready event received OK
2026-09-17 14:43:19,742 LT1-thread root DEBUG iutctl_common.py          416   close                     : Waiting for _rx_worker to finish ...
2026-09-17 14:43:20,671 BTPWorkerThread-2644 (_rx_task) root DEBUG iutctl_common.py          332   _rx_task                  : BTPWorkerThread-2644 (_rx_task) finishing...
2026-09-17 14:43:23,678 LT1-thread root DEBUG testcase.py               794   post_run                  : post_run, cleanup running post test case script
2026-09-17 14:43:23,678 LT1-thread root DEBUG testcase.py               802   post_run                  : post_run, run post test case script
2026-09-17 14:43:23,753 LT1-thread root DEBUG client.py                 1220  _run_test_case            : Done TestCase _run_test_case GAP GAP/SEC/SEM/BI-03-C
