16:03:11:242    > BTP_CORE_CMD_READ_SUPPORTED_SERVICES (0x00|0x02|0xff)
                  raw data (0): 00 02 ff 00 00|
16:03:11:288    < BTP_CORE_CMD_READ_SUPPORTED_SERVICES (0x00|0x02|0xff)
                  raw data (6): 00 02 ff 06 00|0f 00 00 a0 01 03
16:03:11:305    > BTP_CORE_CMD_REGISTER_SERVICE (0x00|0x03|0xff)
                  raw data (1): 00 03 ff 01 00|01
16:03:15:436    < BTP_CORE_CMD_REGISTER_SERVICE (0x00|0x03|0xff)
                  raw data (0): 00 03 ff 00 00|
16:03:15:447    > BTP_GAP_CMD_READ_SUPPORTED_COMMANDS (0x01|0x01|0xff)
                  raw data (0): 01 01 ff 00 00|
16:03:15:512    < BTP_GAP_CMD_READ_SUPPORTED_COMMANDS (0x01|0x01|0xff)
                  raw data (7): 01 01 ff 07 00|6e ff 7f 1f fe ff 0e
16:03:15:517    > BTP_GAP_CMD_READ_CONTROLLER_INFO (0x01|0x03|0x00)
                  raw data (0): 01 03 00 00 00|
16:03:15:578    < BTP_GAP_CMD_READ_CONTROLLER_INFO (0x01|0x03|0x00)
                  raw data (277): 
                  01 03 00 15 01|19 78 ee 69 17 d0 d3 06 02 00 13 
                  02 00 00 00 00 00 62 74 70 5f 74 65 73 74 65 72 
                  00 00 00 00 00 00 00 00 00 00 00 00 00 00 00 00 
                  00 00 00 00 00 00 00 00 00 00 00 00 00 00 00 00 
                  00 00 00 00 00 00 00 00 00 00 00 00 00 00 00 00 
                  00 00 00 00 00 00 00 00 00 00 00 00 00 00 00 00 
                  00 00 00 00 00 00 00 00 00 00 00 00 00 00 00 00 
                  00 00 00 00 00 00 00 00 00 00 00 00 00 00 00 00 
                  00 00 00 00 00 00 00 00 00 00 00 00 00 00 00 00 
                  00 00 00 00 00 00 00 00 00 00 00 00 00 00 00 00 
                  00 00 00 00 00 00 00 00 00 00 00 00 00 00 00 00 
                  00 00 00 00 00 00 00 00 00 00 00 00 00 00 00 00 
                  00 00 00 00 00 00 00 00 00 00 00 00 00 00 00 00 
                  00 00 00 00 00 00 00 00 00 00 00 00 00 00 00 00 
                  00 00 00 00 00 00 00 00 00 00 00 00 00 00 00 00 
                  00 00 00 00 00 00 00 00 00 00 00 00 00 00 00 00 
                  00 00 00 00 00 00 00 00 00 00 00 00 00 00 00 00 
                  00 00 00 00 00 00 00 00 00 00
16:03:15:593    > BTP_GAP_CMD_SET_IO_CAP (0x01|0x10|0x00)
                  raw data (1): 01 10 00 01 00|03
16:03:15:640    < BTP_GAP_CMD_SET_IO_CAP (0x01|0x10|0x00)
                  raw data (0): 01 10 00 00 00|
16:03:15:645    > BTP_CORE_CMD_REGISTER_SERVICE (0x00|0x03|0xff)
                  raw data (31): 00 03 ff 01 00|1f
16:03:15:699    < BTP_CORE_CMD_REGISTER_SERVICE (0x00|0x03|0xff)
                  raw data (0): 00 03 ff 00 00|
16:03:15:709    > BTP_SDP_CMD_READ_SUPPORTED_COMMANDS (0x1f|0x01|0xff)
                  raw data (0): 1f 01 ff 00 00|
16:03:15:750    < BTP_SDP_CMD_READ_SUPPORTED_COMMANDS (0x1f|0x01|0xff)
                  raw data (1): 1f 01 ff 01 00|1e
16:03:15:750    > BTP_CORE_CMD_REGISTER_SERVICE (0x00|0x03|0xff)
                  raw data (41): 00 03 ff 01 00|29
16:03:15:810    < BTP_CORE_CMD_REGISTER_SERVICE (0x00|0x03|0xff)
                  raw data (0): 00 03 ff 00 00|
16:03:15:821    > BTP_HID_HOST_CMD_READ_SUPPORTED_COMMANDS (0x29|0x01|0xff)
                  raw data (0): 29 01 ff 00 00|
16:03:15:870    < BTP_HID_HOST_CMD_READ_SUPPORTED_COMMANDS (0x29|0x01|0xff)
                  raw data (2): 29 01 ff 02 00|fe 7f
16:03:15:870    > BTP_GAP_CMD_SET_DISCOVERABLE (0x01|0x08|0x00)
                  raw data (1): 01 08 00 01 00|01
16:03:15:967    < BTP_GAP_CMD_SET_DISCOVERABLE (0x01|0x08|0x00)
                  raw data (4): 01 08 00 04 00|1b 02 00 00
16:03:15:984    > BTP_GAP_CMD_START_DISCOVERY (0x01|0x0c|0x00)
                  raw data (1): 01 0c 00 01 00|02
16:03:16:051    < BTP_GAP_CMD_START_DISCOVERY (0x01|0x0c|0x00)
                  raw data (0): 01 0c 00 00 00|
16:03:16:995    < BTP_GAP_EV_DEVICE_FOUND (0x01|0x81|0x00)
                  raw data (77): 
                  01 81 00 4d 00|e0 ec fc 7d de 78 74 ad 03 42 00 
                  15 09 e4 b9 94 e5 b0 bc f0 9f 90 9f e7 9a 84 69 
                  51 4f 4f 20 31 36 17 03 05 11 0a 11 0c 11 0e 11 
                  12 11 15 11 16 11 1f 11 2f 11 00 12 32 11 01 05 
                  11 07 92 c8 15 2b 16 13 b0 a1 6c 59 1f bd 15 c7 
                  a9 8f
16:03:17:084    < BTP_GAP_EV_DEVICE_FOUND (0x01|0x81|0x00)
                  raw data (77): 
                  01 81 00 4d 00|e0 ec fc 7d de 78 74 ac 03 42 00 
                  15 09 e4 b9 94 e5 b0 bc f0 9f 90 9f e7 9a 84 69 
                  51 4f 4f 20 31 36 17 03 05 11 0a 11 0c 11 0e 11 
                  12 11 15 11 16 11 1f 11 2f 11 00 12 32 11 01 05 
                  11 07 92 c8 15 2b 16 13 b0 a1 6c 59 1f bd 15 c7 
                  a9 8f
16:03:17:368    < BTP_GAP_EV_DEVICE_FOUND (0x01|0x81|0x00)
                  raw data (42): 
                  01 81 00 2a 00|e0 eb b2 06 dc 1b 00 ab 03 1f 00 
                  1e 09 41 32 44 50 20 53 6f 75 72 63 65 20 30 30 
                  3a 31 42 3a 44 43 3a 30 36 3a 42 32 3a 45 42
16:03:17:379    < BTP_GAP_EV_DEVICE_FOUND (0x01|0x81|0x00)
                  raw data (39): 
                  01 81 00 27 00|e0 6c cc c0 a9 94 d4 b6 03 1c 00 
                  0a 09 53 4d 57 30 32 38 33 37 33 02 0a 0c 0d 03 
                  0c 11 0a 11 0e 11 0b 11 1f 11 1e 11
16:03:17:587    < BTP_GAP_EV_DEVICE_FOUND (0x01|0x81|0x00)
                  raw data (11): 01 81 00 0b 00|e0 6c cc c0 a9 94 d4 b9 03 00 00
16:03:17:882    < BTP_GAP_EV_DEVICE_FOUND (0x01|0x81|0x00)
                  raw data (39): 
                  01 81 00 27 00|e0 6c cc c0 a9 94 d4 ba 03 1c 00 
                  0a 09 53 4d 57 30 32 38 33 37 33 02 0a 0c 0d 03 
                  0c 11 0a 11 0e 11 0b 11 1f 11 1e 11
16:03:17:937    < BTP_GAP_EV_DEVICE_FOUND (0x01|0x81|0x00)
                  raw data (77): 
                  01 81 00 4d 00|e0 ec fc 7d de 78 74 ab 03 42 00 
                  15 09 e4 b9 94 e5 b0 bc f0 9f 90 9f e7 9a 84 69 
                  51 4f 4f 20 31 36 17 03 05 11 0a 11 0c 11 0e 11 
                  12 11 15 11 16 11 1f 11 2f 11 00 12 32 11 01 05 
                  11 07 92 c8 15 2b 16 13 b0 a1 6c 59 1f bd 15 c7 
                  a9 8f
16:03:18:271    < BTP_GAP_EV_DEVICE_FOUND (0x01|0x81|0x00)
                  raw data (39): 
                  01 81 00 27 00|e0 6c cc c0 a9 94 d4 bb 03 1c 00 
                  0a 09 53 4d 57 30 32 38 33 37 33 02 0a 0c 0d 03 
                  0c 11 0a 11 0e 11 0b 11 1f 11 1e 11
16:03:18:435    < BTP_GAP_EV_DEVICE_FOUND (0x01|0x81|0x00)
                  raw data (39): 
                  01 81 00 27 00|e0 6c cc c0 a9 94 d4 b9 03 1c 00 
                  0a 09 53 4d 57 30 32 38 33 37 33 02 0a 0c 0d 03 
                  0c 11 0a 11 0e 11 0b 11 1f 11 1e 11
16:03:18:831    < BTP_GAP_EV_DEVICE_FOUND (0x01|0x81|0x00)
                  raw data (39): 
                  01 81 00 27 00|e0 6c cc c0 a9 94 d4 b5 03 1c 00 
                  0a 09 53 4d 57 30 32 38 33 37 33 02 0a 0c 0d 03 
                  0c 11 0a 11 0e 11 0b 11 1f 11 1e 11
16:03:19:082    < BTP_GAP_EV_DEVICE_FOUND (0x01|0x81|0x00)
                  raw data (42): 
                  01 81 00 2a 00|e0 95 83 06 dc 1b 00 ae 03 1f 00 
                  1e 09 48 46 50 20 41 47 20 44 65 6d 6f 20 30 30 
                  3a 31 42 3a 44 43 3a 30 36 3a 38 33 3a 39 35
16:03:19:214    < BTP_GAP_EV_DEVICE_FOUND (0x01|0x81|0x00)
                  raw data (39): 
                  01 81 00 27 00|e0 6c cc c0 a9 94 d4 b9 03 1c 00 
                  0a 09 53 4d 57 30 32 38 33 37 33 02 0a 0c 0d 03 
                  0c 11 0a 11 0e 11 0b 11 1f 11 1e 11
16:03:19:409    < BTP_GAP_EV_DEVICE_FOUND (0x01|0x81|0x00)
                  raw data (42): 
                  01 81 00 2a 00|e0 cd 83 06 dc 1b 00 ad 03 1f 00 
                  1e 09 41 32 44 50 20 53 6f 75 72 63 65 20 30 30 
                  3a 31 42 3a 44 43 3a 30 36 3a 38 33 3a 43 44
16:03:19:573    < BTP_GAP_EV_DEVICE_FOUND (0x01|0x81|0x00)
                  raw data (39): 
                  01 81 00 27 00|e0 6c cc c0 a9 94 d4 b8 03 1c 00 
                  0a 09 53 4d 57 30 32 38 33 37 33 02 0a 0c 0d 03 
                  0c 11 0a 11 0e 11 0b 11 1f 11 1e 11
16:03:19:616    < BTP_GAP_EV_DEVICE_FOUND (0x01|0x81|0x00)
                  raw data (42): 
                  01 81 00 2a 00|e0 95 83 06 dc 1b 00 ad 03 1f 00 
                  1e 09 48 46 50 20 41 47 20 44 65 6d 6f 20 30 30 
                  3a 31 42 3a 44 43 3a 30 36 3a 38 33 3a 39 35
16:03:20:422    < BTP_GAP_EV_DEVICE_FOUND (0x01|0x81|0x00)
                  raw data (39): 
                  01 81 00 27 00|e0 6c cc c0 a9 94 d4 bb 03 1c 00 
                  0a 09 53 4d 57 30 32 38 33 37 33 02 0a 0c 0d 03 
                  0c 11 0a 11 0e 11 0b 11 1f 11 1e 11
16:03:20:953    < BTP_GAP_EV_DEVICE_FOUND (0x01|0x81|0x00)
                  raw data (28): 
                  01 81 00 1c 00|e0 4e e4 08 dc 1b 00 cf 03 11 00 
                  10 09 50 54 53 2d 48 49 44 31 31 2d 45 34 34 45 
                  00
16:03:21:019    < BTP_GAP_EV_DEVICE_FOUND (0x01|0x81|0x00)
                  raw data (39): 
                  01 81 00 27 00|e0 6c cc c0 a9 94 d4 b4 03 1c 00 
                  0a 09 53 4d 57 30 32 38 33 37 33 02 0a 0c 0d 03 
                  0c 11 0a 11 0e 11 0b 11 1f 11 1e 11
16:03:21:770    < BTP_GAP_EV_DEVICE_FOUND (0x01|0x81|0x00)
                  raw data (11): 01 81 00 0b 00|e0 ec fc 7d de 78 74 ab 03 00 00
16:03:22:162    < BTP_GAP_EV_DEVICE_FOUND (0x01|0x81|0x00)
                  raw data (77): 
                  01 81 00 4d 00|e0 ec fc 7d de 78 74 ac 03 42 00 
                  15 09 e4 b9 94 e5 b0 bc f0 9f 90 9f e7 9a 84 69 
                  51 4f 4f 20 31 36 17 03 05 11 0a 11 0c 11 0e 11 
                  12 11 15 11 16 11 1f 11 2f 11 00 12 32 11 01 05 
                  11 07 92 c8 15 2b 16 13 b0 a1 6c 59 1f bd 15 c7 
                  a9 8f
16:03:22:479    < BTP_GAP_EV_DEVICE_FOUND (0x01|0x81|0x00)
                  raw data (39): 
                  01 81 00 27 00|e0 6c cc c0 a9 94 d4 b4 03 1c 00 
                  0a 09 53 4d 57 30 32 38 33 37 33 02 0a 0c 0d 03 
                  0c 11 0a 11 0e 11 0b 11 1f 11 1e 11
16:03:22:666    < BTP_GAP_EV_DEVICE_FOUND (0x01|0x81|0x00)
                  raw data (42): 
                  01 81 00 2a 00|e0 eb b2 06 dc 1b 00 aa 03 1f 00 
                  1e 09 41 32 44 50 20 53 6f 75 72 63 65 20 30 30 
                  3a 31 42 3a 44 43 3a 30 36 3a 42 32 3a 45 42
16:03:22:960    < BTP_GAP_EV_DEVICE_FOUND (0x01|0x81|0x00)
                  raw data (39): 
                  01 81 00 27 00|e0 6c cc c0 a9 94 d4 b4 03 1c 00 
                  0a 09 53 4d 57 30 32 38 33 37 33 02 0a 0c 0d 03 
                  0c 11 0a 11 0e 11 0b 11 1f 11 1e 11
16:03:23:059    < BTP_GAP_EV_DEVICE_FOUND (0x01|0x81|0x00)
                  raw data (77): 
                  01 81 00 4d 00|e0 ec fc 7d de 78 74 ae 03 42 00 
                  15 09 e4 b9 94 e5 b0 bc f0 9f 90 9f e7 9a 84 69 
                  51 4f 4f 20 31 36 17 03 05 11 0a 11 0c 11 0e 11 
                  12 11 15 11 16 11 1f 11 2f 11 00 12 32 11 01 05 
                  11 07 92 c8 15 2b 16 13 b0 a1 6c 59 1f bd 15 c7 
                  a9 8f
16:03:23:102    < BTP_GAP_EV_DEVICE_FOUND (0x01|0x81|0x00)
                  raw data (39): 
                  01 81 00 27 00|e0 6c cc c0 a9 94 d4 b9 03 1c 00 
                  0a 09 53 4d 57 30 32 38 33 37 33 02 0a 0c 0d 03 
                  0c 11 0a 11 0e 11 0b 11 1f 11 1e 11
16:03:23:288    < BTP_GAP_EV_DEVICE_FOUND (0x01|0x81|0x00)
                  raw data (21): 
                  01 81 00 15 00|e0 9e 03 80 3d 90 ee c4 03 0a 00 
                  09 09 58 32 31 00 00 00 00 00
16:03:23:354    < BTP_GAP_EV_DEVICE_FOUND (0x01|0x81|0x00)
                  raw data (77): 
                  01 81 00 4d 00|e0 ec fc 7d de 78 74 ac 03 42 00 
                  15 09 e4 b9 94 e5 b0 bc f0 9f 90 9f e7 9a 84 69 
                  51 4f 4f 20 31 36 17 03 05 11 0a 11 0c 11 0e 11 
                  12 11 15 11 16 11 1f 11 2f 11 00 12 32 11 01 05 
                  11 07 92 c8 15 2b 16 13 b0 a1 6c 59 1f bd 15 c7 
                  a9 8f
16:03:23:684    < BTP_GAP_EV_DEVICE_FOUND (0x01|0x81|0x00)
                  raw data (77): 
                  01 81 00 4d 00|e0 ec fc 7d de 78 74 ab 03 42 00 
                  15 09 e4 b9 94 e5 b0 bc f0 9f 90 9f e7 9a 84 69 
                  51 4f 4f 20 31 36 17 03 05 11 0a 11 0c 11 0e 11 
                  12 11 15 11 16 11 1f 11 2f 11 00 12 32 11 01 05 
                  11 07 92 c8 15 2b 16 13 b0 a1 6c 59 1f bd 15 c7 
                  a9 8f
16:03:24:152    < BTP_GAP_EV_DEVICE_FOUND (0x01|0x81|0x00)
                  raw data (77): 
                  01 81 00 4d 00|e0 ec fc 7d de 78 74 ab 03 42 00 
                  15 09 e4 b9 94 e5 b0 bc f0 9f 90 9f e7 9a 84 69 
                  51 4f 4f 20 31 36 17 03 05 11 0a 11 0c 11 0e 11 
                  12 11 15 11 16 11 1f 11 2f 11 00 12 32 11 01 05 
                  11 07 92 c8 15 2b 16 13 b0 a1 6c 59 1f bd 15 c7 
                  a9 8f
16:03:24:501    < BTP_GAP_EV_DEVICE_FOUND (0x01|0x81|0x00)
                  raw data (21): 
                  01 81 00 15 00|e0 9e 03 80 3d 90 ee c6 03 0a 00 
                  09 09 58 32 31 00 00 00 00 00
16:03:24:794    < BTP_GAP_EV_DEVICE_FOUND (0x01|0x81|0x00)
                  raw data (11): 01 81 00 0b 00|e0 cd 83 06 dc 1b 00 a6 03 00 00
16:03:25:054    < BTP_GAP_EV_DEVICE_FOUND (0x01|0x81|0x00)
                  raw data (38): 
                  01 81 00 26 00|e0 53 00 4c 17 e5 44 af 03 1b 00 
                  09 09 4e 58 4c 36 36 35 32 38 02 0a 0c 0d 03 0c 
                  11 0a 11 0b 11 0e 11 1f 11 1e 11
16:03:25:270    < BTP_GAP_EV_DEVICE_FOUND (0x01|0x81|0x00)
                  raw data (21): 
                  01 81 00 15 00|e0 9e 03 80 3d 90 ee ca 03 0a 00 
                  09 09 58 32 31 00 00 00 00 00
16:03:25:564    < BTP_GAP_EV_DEVICE_FOUND (0x01|0x81|0x00)
                  raw data (39): 
                  01 81 00 27 00|e0 6c cc c0 a9 94 d4 ba 03 1c 00 
                  0a 09 53 4d 57 30 32 38 33 37 33 02 0a 0c 0d 03 
                  0c 11 0a 11 0e 11 0b 11 1f 11 1e 11
16:03:25:922    < BTP_GAP_EV_DEVICE_FOUND (0x01|0x81|0x00)
                  raw data (21): 
                  01 81 00 15 00|e0 9e 03 80 3d 90 ee ca 03 0a 00 
                  09 09 58 32 31 00 00 00 00 00
16:03:25:933    < BTP_GAP_EV_DEVICE_FOUND (0x01|0x81|0x00)
                  raw data (38): 
                  01 81 00 26 00|e0 53 00 4c 17 e5 44 b1 03 1b 00 
                  09 09 4e 58 4c 36 36 35 32 38 02 0a 0c 0d 03 0c 
                  11 0a 11 0b 11 0e 11 1f 11 1e 11
16:03:26:032    < BTP_GAP_EV_DEVICE_FOUND (0x01|0x81|0x00)
                  raw data (39): 
                  01 81 00 27 00|e0 6c cc c0 a9 94 d4 b6 03 1c 00 
                  0a 09 53 4d 57 30 32 38 33 37 33 02 0a 0c 0d 03 
                  0c 11 0a 11 0e 11 0b 11 1f 11 1e 11
16:03:26:062    > BTP_GAP_CMD_STOP_DISCOVERY (0x01|0x0d|0x00)
                  raw data (0): 01 0d 00 00 00|
16:03:26:106    < BTP_GAP_CMD_STOP_DISCOVERY (0x01|0x0d|0x00)
                  raw data (0): 01 0d 00 00 00|
16:03:26:118    > BTP_GAP_CMD_CONNECT (0x01|0x0e|0x00)
                  raw data (8): 01 0e 00 08 00|e0 4e e4 08 dc 1b 00 00
16:03:26:172    < BTP_GAP_CMD_CONNECT (0x01|0x0e|0x00)
                  raw data (0): 01 0e 00 00 00|
16:03:29:817    < BTP_GAP_EV_DEVICE_CONNECTED (0x01|0x82|0x00)
                  raw data (13): 
                  01 82 00 0d 00|e0 4e e4 08 dc 1b 00 00 00 00 00 
                  00 00
16:03:29:899    > BTP_HID_HOST_CMD_CONNECT (0x29|0x04|0x00)
                  raw data (7): 29 04 00 07 00|e0 4e e4 08 dc 1b 00
16:03:29:959    < BTP_HID_HOST_CMD_CONNECT (0x29|0x04|0x00)
                  raw data (0): 29 04 00 00 00|
16:03:30:011    > BTP_GAP_CMD_START_DISCOVERY (0x01|0x0c|0x00)
                  raw data (1): 01 0c 00 01 00|02
16:03:30:061    < BTP_GAP_CMD_START_DISCOVERY (0x01|0x0c|0x00)
                  raw data (0): 01 0c 00 00 00|
16:03:30:984    < BTP_GAP_EV_DEVICE_FOUND (0x01|0x81|0x00)
                  raw data (39): 
                  01 81 00 27 00|e0 6c cc c0 a9 94 d4 b8 03 1c 00 
                  0a 09 53 4d 57 30 32 38 33 37 33 02 0a 0c 0d 03 
                  0c 11 0a 11 0e 11 0b 11 1f 11 1e 11
16:03:31:651    < BTP_GAP_EV_DEVICE_FOUND (0x01|0x81|0x00)
                  raw data (11): 01 81 00 0b 00|e0 53 00 4c 17 e5 44 ad 03 00 00
16:03:31:683    < BTP_GAP_EV_DEVICE_FOUND (0x01|0x81|0x00)
                  raw data (39): 
                  01 81 00 27 00|e0 6c cc c0 a9 94 d4 b3 03 1c 00 
                  0a 09 53 4d 57 30 32 38 33 37 33 02 0a 0c 0d 03 
                  0c 11 0a 11 0e 11 0b 11 1f 11 1e 11
16:03:32:021    < BTP_GAP_EV_DEVICE_FOUND (0x01|0x81|0x00)
                  raw data (11): 01 81 00 0b 00|e0 ec fc 7d de 78 74 ad 03 00 00
16:03:32:055    < BTP_GAP_EV_DEVICE_FOUND (0x01|0x81|0x00)
                  raw data (39): 
                  01 81 00 27 00|e0 6c cc c0 a9 94 d4 b9 03 1c 00 
                  0a 09 53 4d 57 30 32 38 33 37 33 02 0a 0c 0d 03 
                  0c 11 0a 11 0e 11 0b 11 1f 11 1e 11
16:03:32:174    < BTP_GAP_EV_ENCRYPTION_CHANGE (0x01|0x91|0x00)
                  raw data (9): 01 91 00 09 00|e0 4e e4 08 dc 1b 00 01 10
16:03:32:175    < BTP_GAP_EV_SEC_LEVEL_CHANGED (0x01|0x89|0x00)
                  raw data (8): 01 89 00 08 00|e0 4e e4 08 dc 1b 00 02
16:03:32:218    < BTP_GAP_EV_DEVICE_FOUND (0x01|0x81|0x00)
                  raw data (11): 01 81 00 0b 00|e0 53 00 4c 17 e5 44 af 03 00 00
16:03:32:545    < BTP_HID_HOST_EV_CONNECTED (0x29|0x80|0x00)
                  raw data (6): 29 80 00 06 00|4e e4 08 dc 1b 00
16:03:32:676    < BTP_HID_HOST_EV_INPUT_REPORT (0x29|0x82|0x00)
                  raw data (6): 29 82 00 06 00|04 00 02 00 00 00
16:03:32:967    < BTP_GAP_EV_DEVICE_FOUND (0x01|0x81|0x00)
                  raw data (39): 
                  01 81 00 27 00|e0 6c cc c0 a9 94 d4 b9 03 1c 00 
                  0a 09 53 4d 57 30 32 38 33 37 33 02 0a 0c 0d 03 
                  0c 11 0a 11 0e 11 0b 11 1f 11 1e 11
16:03:33:643    < BTP_HID_HOST_EV_DISCONNECTED (0x29|0x81|0x00)
                  raw data (6): 29 81 00 06 00|4e e4 08 dc 1b 00
16:03:33:644    < BTP_GAP_EV_DEVICE_DISCONNECTED (0x01|0x83|0x00)
                  raw data (7): 01 83 00 07 00|e0 4e e4 08 dc 1b 00
16:03:34:220    < BTP_GAP_EV_DEVICE_FOUND (0x01|0x81|0x00)
                  raw data (38): 
                  01 81 00 26 00|e0 53 00 4c 17 e5 44 ae 03 1b 00 
                  09 09 4e 58 4c 36 36 35 32 38 02 0a 0c 0d 03 0c 
                  11 0a 11 0b 11 0e 11 1f 11 1e 11
16:03:34:576    < BTP_GAP_EV_DEVICE_FOUND (0x01|0x81|0x00)
                  raw data (77): 
                  01 81 00 4d 00|e0 ec fc 7d de 78 74 ad 03 42 00 
                  15 09 e4 b9 94 e5 b0 bc f0 9f 90 9f e7 9a 84 69 
                  51 4f 4f 20 31 36 17 03 05 11 0a 11 0c 11 0e 11 
                  12 11 15 11 16 11 1f 11 2f 11 00 12 32 11 01 05 
                  11 07 92 c8 15 2b 16 13 b0 a1 6c 59 1f bd 15 c7 
                  a9 8f
16:03:35:035    < BTP_GAP_EV_DEVICE_FOUND (0x01|0x81|0x00)
                  raw data (77): 
                  01 81 00 4d 00|e0 ec fc 7d de 78 74 ac 03 42 00 
                  15 09 e4 b9 94 e5 b0 bc f0 9f 90 9f e7 9a 84 69 
                  51 4f 4f 20 31 36 17 03 05 11 0a 11 0c 11 0e 11 
                  12 11 15 11 16 11 1f 11 2f 11 00 12 32 11 01 05 
                  11 07 92 c8 15 2b 16 13 b0 a1 6c 59 1f bd 15 c7 
                  a9 8f
16:03:35:305    < BTP_GAP_EV_DEVICE_FOUND (0x01|0x81|0x00)
                  raw data (77): 
                  01 81 00 4d 00|e0 ec fc 7d de 78 74 ac 03 42 00 
                  15 09 e4 b9 94 e5 b0 bc f0 9f 90 9f e7 9a 84 69 
                  51 4f 4f 20 31 36 17 03 05 11 0a 11 0c 11 0e 11 
                  12 11 15 11 16 11 1f 11 2f 11 00 12 32 11 01 05 
                  11 07 92 c8 15 2b 16 13 b0 a1 6c 59 1f bd 15 c7 
                  a9 8f
16:03:35:525    < BTP_GAP_EV_DEVICE_FOUND (0x01|0x81|0x00)
                  raw data (42): 
                  01 81 00 2a 00|e0 cd 83 06 dc 1b 00 b3 03 1f 00 
                  1e 09 41 32 44 50 20 53 6f 75 72 63 65 20 30 30 
                  3a 31 42 3a 44 43 3a 30 36 3a 38 33 3a 43 44
16:03:35:537    < BTP_GAP_EV_DEVICE_FOUND (0x01|0x81|0x00)
                  raw data (39): 
                  01 81 00 27 00|e0 6c cc c0 a9 94 d4 ba 03 1c 00 
                  0a 09 53 4d 57 30 32 38 33 37 33 02 0a 0c 0d 03 
                  0c 11 0a 11 0e 11 0b 11 1f 11 1e 11
16:03:35:723    < BTP_GAP_EV_DEVICE_FOUND (0x01|0x81|0x00)
                  raw data (38): 
                  01 81 00 26 00|e0 53 00 4c 17 e5 44 ac 03 1b 00 
                  09 09 4e 58 4c 36 36 35 32 38 02 0a 0c 0d 03 0c 
                  11 0a 11 0b 11 0e 11 1f 11 1e 11
16:03:35:745    < BTP_GAP_EV_DEVICE_FOUND (0x01|0x81|0x00)
                  raw data (39): 
                  01 81 00 27 00|e0 6c cc c0 a9 94 d4 b7 03 1c 00 
                  0a 09 53 4d 57 30 32 38 33 37 33 02 0a 0c 0d 03 
                  0c 11 0a 11 0e 11 0b 11 1f 11 1e 11
16:03:35:942    < BTP_GAP_EV_DEVICE_FOUND (0x01|0x81|0x00)
                  raw data (38): 
                  01 81 00 26 00|e0 53 00 4c 17 e5 44 aa 03 1b 00 
                  09 09 4e 58 4c 36 36 35 32 38 02 0a 0c 0d 03 0c 
                  11 0a 11 0b 11 0e 11 1f 11 1e 11
16:03:36:769    < BTP_GAP_EV_DEVICE_FOUND (0x01|0x81|0x00)
                  raw data (38): 
                  01 81 00 26 00|e0 53 00 4c 17 e5 44 aa 03 1b 00 
                  09 09 4e 58 4c 36 36 35 32 38 02 0a 0c 0d 03 0c 
                  11 0a 11 0b 11 0e 11 1f 11 1e 11
16:03:37:019    < BTP_GAP_EV_DEVICE_FOUND (0x01|0x81|0x00)
                  raw data (39): 
                  01 81 00 27 00|e0 6c cc c0 a9 94 d4 ba 03 1c 00 
                  0a 09 53 4d 57 30 32 38 33 37 33 02 0a 0c 0d 03 
                  0c 11 0a 11 0e 11 0b 11 1f 11 1e 11
16:03:37:116    < BTP_GAP_EV_DEVICE_FOUND (0x01|0x81|0x00)
                  raw data (39): 
                  01 81 00 27 00|e0 6c cc c0 a9 94 d4 b4 03 1c 00 
                  0a 09 53 4d 57 30 32 38 33 37 33 02 0a 0c 0d 03 
                  0c 11 0a 11 0e 11 0b 11 1f 11 1e 11
16:03:37:126    < BTP_GAP_EV_DEVICE_FOUND (0x01|0x81|0x00)
                  raw data (39): 
                  01 81 00 27 00|e0 6c cc c0 a9 94 d4 b4 03 1c 00 
                  0a 09 53 4d 57 30 32 38 33 37 33 02 0a 0c 0d 03 
                  0c 11 0a 11 0e 11 0b 11 1f 11 1e 11
16:03:37:127    < BTP_GAP_EV_DEVICE_FOUND (0x01|0x81|0x00)
                  raw data (11): 01 81 00 0b 00|e0 ec fc 7d de 78 74 ac 03 00 00
16:03:37:258    < BTP_GAP_EV_DEVICE_FOUND (0x01|0x81|0x00)
                  raw data (39): 
                  01 81 00 27 00|e0 6c cc c0 a9 94 d4 ba 03 1c 00 
                  0a 09 53 4d 57 30 32 38 33 37 33 02 0a 0c 0d 03 
                  0c 11 0a 11 0e 11 0b 11 1f 11 1e 11
16:03:37:292    < BTP_GAP_EV_DEVICE_FOUND (0x01|0x81|0x00)
                  raw data (38): 
                  01 81 00 26 00|e0 53 00 4c 17 e5 44 ac 03 1b 00 
                  09 09 4e 58 4c 36 36 35 32 38 02 0a 0c 0d 03 0c 
                  11 0a 11 0b 11 0e 11 1f 11 1e 11
16:03:37:368    < BTP_GAP_EV_DEVICE_FOUND (0x01|0x81|0x00)
                  raw data (39): 
                  01 81 00 27 00|e0 6c cc c0 a9 94 d4 b7 03 1c 00 
                  0a 09 53 4d 57 30 32 38 33 37 33 02 0a 0c 0d 03 
                  0c 11 0a 11 0e 11 0b 11 1f 11 1e 11
16:03:37:563    < BTP_GAP_EV_DEVICE_FOUND (0x01|0x81|0x00)
                  raw data (77): 
                  01 81 00 4d 00|e0 ec fc 7d de 78 74 ac 03 42 00 
                  15 09 e4 b9 94 e5 b0 bc f0 9f 90 9f e7 9a 84 69 
                  51 4f 4f 20 31 36 17 03 05 11 0a 11 0c 11 0e 11 
                  12 11 15 11 16 11 1f 11 2f 11 00 12 32 11 01 05 
                  11 07 92 c8 15 2b 16 13 b0 a1 6c 59 1f bd 15 c7 
                  a9 8f
16:03:37:672    < BTP_GAP_EV_DEVICE_FOUND (0x01|0x81|0x00)
                  raw data (11): 01 81 00 0b 00|e0 ec fc 7d de 78 74 ad 03 00 00
16:03:37:749    < BTP_GAP_EV_DEVICE_FOUND (0x01|0x81|0x00)
                  raw data (39): 
                  01 81 00 27 00|e0 6c cc c0 a9 94 d4 b9 03 1c 00 
                  0a 09 53 4d 57 30 32 38 33 37 33 02 0a 0c 0d 03 
                  0c 11 0a 11 0e 11 0b 11 1f 11 1e 11
16:03:37:988    < BTP_GAP_EV_DEVICE_FOUND (0x01|0x81|0x00)
                  raw data (42): 
                  01 81 00 2a 00|e0 95 83 06 dc 1b 00 b1 03 1f 00 
                  1e 09 48 46 50 20 41 47 20 44 65 6d 6f 20 30 30 
                  3a 31 42 3a 44 43 3a 30 36 3a 38 33 3a 39 35
16:03:38:031    < BTP_GAP_EV_DEVICE_FOUND (0x01|0x81|0x00)
                  raw data (39): 
                  01 81 00 27 00|e0 6c cc c0 a9 94 d4 b1 03 1c 00 
                  0a 09 53 4d 57 30 32 38 33 37 33 02 0a 0c 0d 03 
                  0c 11 0a 11 0e 11 0b 11 1f 11 1e 11
16:03:38:032    < BTP_GAP_EV_DEVICE_FOUND (0x01|0x81|0x00)
                  raw data (42): 
                  01 81 00 2a 00|e0 95 83 06 dc 1b 00 ac 03 1f 00 
                  1e 09 48 46 50 20 41 47 20 44 65 6d 6f 20 30 30 
                  3a 31 42 3a 44 43 3a 30 36 3a 38 33 3a 39 35
16:03:38:076    < BTP_GAP_EV_DEVICE_FOUND (0x01|0x81|0x00)
                  raw data (11): 01 81 00 0b 00|e0 53 00 4c 17 e5 44 ac 03 00 00
16:03:38:410    < BTP_GAP_EV_DEVICE_FOUND (0x01|0x81|0x00)
                  raw data (77): 
                  01 81 00 4d 00|e0 ec fc 7d de 78 74 ad 03 42 00 
                  15 09 e4 b9 94 e5 b0 bc f0 9f 90 9f e7 9a 84 69 
                  51 4f 4f 20 31 36 17 03 05 11 0a 11 0c 11 0e 11 
                  12 11 15 11 16 11 1f 11 2f 11 00 12 32 11 01 05 
                  11 07 92 c8 15 2b 16 13 b0 a1 6c 59 1f bd 15 c7 
                  a9 8f
16:03:38:453    < BTP_GAP_EV_DEVICE_FOUND (0x01|0x81|0x00)
                  raw data (39): 
                  01 81 00 27 00|e0 6c cc c0 a9 94 d4 ba 03 1c 00 
                  0a 09 53 4d 57 30 32 38 33 37 33 02 0a 0c 0d 03 
                  0c 11 0a 11 0e 11 0b 11 1f 11 1e 11
16:03:38:508    < BTP_GAP_EV_DEVICE_FOUND (0x01|0x81|0x00)
                  raw data (11): 01 81 00 0b 00|e0 83 99 a7 9f f2 54 a0 03 00 00
16:03:38:727    < BTP_GAP_EV_DEVICE_FOUND (0x01|0x81|0x00)
                  raw data (38): 
                  01 81 00 26 00|e0 53 00 4c 17 e5 44 a8 03 1b 00 
                  09 09 4e 58 4c 36 36 35 32 38 02 0a 0c 0d 03 0c 
                  11 0a 11 0b 11 0e 11 1f 11 1e 11
16:03:39:596    < BTP_GAP_EV_DEVICE_FOUND (0x01|0x81|0x00)
                  raw data (38): 
                  01 81 00 26 00|e0 53 00 4c 17 e5 44 ae 03 1b 00 
                  09 09 4e 58 4c 36 36 35 32 38 02 0a 0c 0d 03 0c 
                  11 0a 11 0b 11 0e 11 1f 11 1e 11
16:03:39:707    < BTP_GAP_EV_DEVICE_FOUND (0x01|0x81|0x00)
                  raw data (11): 01 81 00 0b 00|e0 ec fc 7d de 78 74 ab 03 00 00
16:03:40:073    > BTP_GAP_CMD_STOP_DISCOVERY (0x01|0x0d|0x00)
                  raw data (0): 01 0d 00 00 00|
16:03:40:118    < BTP_GAP_CMD_STOP_DISCOVERY (0x01|0x0d|0x00)
                  raw data (0): 01 0d 00 00 00|
16:03:43:129    > BTP_HID_HOST_CMD_SNIFF_SUBRATING (0x29|0x0e|0x00)
                  raw data (13): 
                  29 0e 00 0d 00|e0 4e e4 08 dc 1b 00 30 06 80 0c 
                  00 00
16:03:43:191    < BTP_ERROR (0x29|0x00|0x00) Fail
                  raw data (1): 29 00 00 01 00 01
16:03:43:960    < BTP_CORE_EV_IUT_READY (0x00|0x80|0xff)
                  raw data (0): 00 80 ff 00 00|
