2026-09-17 17:30:25,941 LT1-thread root DEBUG client.py                 1099  _run_test_case            : Starting TestCase _run_test_case GATT GATT/CL/GAI/BV-01-C
2026-09-17 17:30:25,942 LT1-thread root DEBUG testcase.py               727   pre_run                   : pre_run GATT GATT/CL/GAI/BV-01-C
2026-09-17 17:30:25,942 LT1-thread root DEBUG testcase.py               729   pre_run                   : About to run test case GATT GATT/CL/GAI/BV-01-C with commands:
2026-09-17 17:30:25,942 LT1-thread root DEBUG testcase.py               731   pre_run                   : 0) class=<class 'autopts.ptsprojects.testcase.TestFunc'>, func=<bound method ZTestCase._test_case_start of <autopts.ptsprojects.zephyr.ztestcase.ZTestCase object at 0x00000203DCD5B920>> start_wid=None stop_wid=None post_wid=None skip_call=None call_count=0 args=() kwds={}
2026-09-17 17:30:25,943 LT1-thread root DEBUG testcase.py               731   pre_run                   : 1) class=<class 'autopts.ptsprojects.testcase.TestFunc'>, func=<bound method Stack.gap_init of <autopts.ptsprojects.stack.stack.Stack object at 0x00000203DA34D4F0>> start_wid=None stop_wid=None post_wid=None skip_call=None call_count=64 args=(b'Tester_08E44E',) kwds={}
2026-09-17 17:30:25,943 LT1-thread root DEBUG testcase.py               731   pre_run                   : 2) class=<class 'autopts.ptsprojects.testcase.TestFunc'>, func=<function core_reg_svc_gap at 0x00000203DA228720> start_wid=None stop_wid=None post_wid=None skip_call=None call_count=64 args=() kwds={}
2026-09-17 17:30:25,943 LT1-thread root DEBUG testcase.py               731   pre_run                   : 3) class=<class 'autopts.ptsprojects.testcase.TestFunc'>, func=<function gap_read_controller_info at 0x00000203DA247560> start_wid=None stop_wid=None post_wid=None skip_call=None call_count=64 args=() kwds={}
2026-09-17 17:30:25,943 LT1-thread root DEBUG testcase.py               731   pre_run                   : 4) class=<class 'autopts.ptsprojects.testcase.TestFunc'>, func=<function test_cases_client.<locals>.<lambda> at 0x00000203DCCF6DE0> start_wid=None stop_wid=None post_wid=None skip_call=None call_count=64 args=() kwds={}
2026-09-17 17:30:25,943 LT1-thread root DEBUG testcase.py               731   pre_run                   : 5) class=<class 'autopts.ptsprojects.testcase.TestFunc'>, func=<function core_reg_svc_gatt at 0x00000203DA228860> start_wid=None stop_wid=None post_wid=None skip_call=None call_count=64 args=() kwds={}
2026-09-17 17:30:25,943 LT1-thread root DEBUG testcase.py               731   pre_run                   : 6) class=<class 'autopts.ptsprojects.testcase.TestFunc'>, func=<function set_pts_addr at 0x00000203DA2282C0> start_wid=None stop_wid=None post_wid=None skip_call=None call_count=64 args=('00:1B:DC:08:E4:4E', 0) kwds={}
2026-09-17 17:30:25,943 LT1-thread root DEBUG testcase.py               731   pre_run                   : 7) class=<class 'autopts.ptsprojects.testcase.TestFunc'>, func=<bound method Stack.gatt_init of <autopts.ptsprojects.stack.stack.Stack object at 0x00000203DA34D4F0>> start_wid=None stop_wid=None post_wid=None skip_call=None call_count=64 args=() kwds={}
2026-09-17 17:30:25,943 LT1-thread root DEBUG testcase.py               731   pre_run                   : 8) class=<class 'autopts.ptsprojects.testcase.TestFuncCleanUp'>, func=<bound method ZTestCase._test_case_cleanup of <autopts.ptsprojects.zephyr.ztestcase.ZTestCase object at 0x00000203DCD5B920>> start_wid=None stop_wid=None post_wid=None skip_call=None call_count=0 args=() kwds={}
2026-09-17 17:30:25,943 LT1-thread root DEBUG testcase.py               738   pre_run                   : pre_run, run pre test case script
2026-09-17 17:30:25,952 LT1-thread root DEBUG testcase.py               254   start                     : Starting test function: class=<class 'autopts.ptsprojects.testcase.TestFunc'>, func=<bound method ZTestCase._test_case_start of <autopts.ptsprojects.zephyr.ztestcase.ZTestCase object at 0x00000203DCD5B920>> start_wid=None stop_wid=None post_wid=None skip_call=None call_count=1 args=() kwds={}
2026-09-17 17:30:25,952 LT1-thread root DEBUG testcase.py               266   start                     : Test function parameters: args=(), kwds={}
2026-09-17 17:30:25,952 LT1-thread root DEBUG iutctl.py                 172   start                     : <class 'autopts.ptsprojects.zephyr.iutctl.create_zephyr_ctl_class.<locals>.ZephyrCtl'>.start
2026-09-17 17:30:25,952 LT1-thread root DEBUG iutctl.py                 325   flush_serial              : <class 'autopts.ptsprojects.zephyr.iutctl.create_zephyr_ctl_class.<locals>.ZephyrCtl'>.flush_serial
2026-09-17 17:30:27,135 LT1-thread root DEBUG iutctl.py                 249   _start_tty_mode           : Starting socat process: socat.exe -x -v tcp:10.17.12.9:64298,retry=100,interval=1 /dev/ttyS2,raw,b115200,
2026-09-17 17:30:27,142 LT1-thread root DEBUG iutctl_common.py          402   accept                    : 
2026-09-17 17:30:27,687 BTPWorkerThread-6807 (_rx_task) root DEBUG iutctl_common.py          299   _rx_task                  : BTPWorkerThread-6807 (_rx_task) started
2026-09-17 17:30:27,688 LT1-thread root DEBUG iutctl.py                 395   wait_iut_ready_event      : IUT ready event received OK
2026-09-17 17:30:27,688 LT1-thread root DEBUG btp.py                    51    read_supp_svcs            : 
2026-09-17 17:30:27,689 LT1-thread root DEBUG iutctl_common.py          161   send                      : 0 2 255 ''
2026-09-17 17:30:27,689 LT1-thread root DEBUG iutctl_common.py          166   send                      : sending frame '0002ff0000'
2026-09-17 17:30:27,689 LT1-thread root DEBUG iutctl_common.py          339   read                      : 
2026-09-17 17:30:27,700 BTPWorkerThread-6807 (_rx_task) root DEBUG iutctl_common.py          123   read                      : Read 5 bytes
2026-09-17 17:30:27,710 BTPWorkerThread-6807 (_rx_task) root DEBUG iutctl_common.py          131   read                      : Received: hdr: Header(svc_id=0x00, op=0x02, ctrl_index=0xff, data_len=0x05) bytearray(b'\x00\x02\xff\x05\x00')
2026-09-17 17:30:27,720 BTPWorkerThread-6807 (_rx_task) root DEBUG iutctl_common.py          139   read                      : Read 5 bytes data
2026-09-17 17:30:27,725 BTPWorkerThread-6807 (_rx_task) root DEBUG iutctl_common.py          154   read                      : Received data: {'0f 00 00 a0 01'}, bytearray(b'\x0f\x00\x00\xa0\x01')
2026-09-17 17:30:27,730 LT1-thread root DEBUG btp.py                    62    read_supp_svcs            : received Header(svc_id=0, op=2, ctrl_index=255, data_len=5) (b'\x0f\x00\x00\xa0\x01',)
2026-09-17 17:30:27,730 LT1-thread root DEBUG testcase.py               254   start                     : Starting test function: class=<class 'autopts.ptsprojects.testcase.TestFunc'>, func=<bound method Stack.gap_init of <autopts.ptsprojects.stack.stack.Stack object at 0x00000203DA34D4F0>> start_wid=None stop_wid=None post_wid=None skip_call=None call_count=65 args=(b'Tester_08E44E',) kwds={}
2026-09-17 17:30:27,730 LT1-thread root DEBUG testcase.py               266   start                     : Test function parameters: args=(b'Tester_08E44E',), kwds={}
2026-09-17 17:30:27,730 LT1-thread root DEBUG testcase.py               254   start                     : Starting test function: class=<class 'autopts.ptsprojects.testcase.TestFunc'>, func=<function core_reg_svc_gap at 0x00000203DA228720> start_wid=None stop_wid=None post_wid=None skip_call=None call_count=65 args=() kwds={}
2026-09-17 17:30:27,730 LT1-thread root DEBUG testcase.py               266   start                     : Test function parameters: args=(), kwds={}
2026-09-17 17:30:27,730 LT1-thread root DEBUG btp.py                    117   core_reg_svc_univ         : core_reg_svc_univ: gap_reg (GAP)
2026-09-17 17:30:27,731 LT1-thread root DEBUG iutctl_common.py          161   send                      : 0 3 255 '1'
2026-09-17 17:30:27,731 LT1-thread root DEBUG iutctl_common.py          166   send                      : sending frame '0003ff010001'
2026-09-17 17:30:27,731 LT1-thread root DEBUG btp.py                    618   core_reg_svc_rsp_succ     : 
2026-09-17 17:30:27,731 LT1-thread root DEBUG iutctl_common.py          339   read                      : 
2026-09-17 17:30:31,854 BTPWorkerThread-6807 (_rx_task) root DEBUG iutctl_common.py          123   read                      : Read 5 bytes
2026-09-17 17:30:31,865 BTPWorkerThread-6807 (_rx_task) root DEBUG iutctl_common.py          131   read                      : Received: hdr: Header(svc_id=0x00, op=0x03, ctrl_index=0xff, data_len=0x00) bytearray(b'\x00\x03\xff\x00\x00')
2026-09-17 17:30:31,865 BTPWorkerThread-6807 (_rx_task) root DEBUG iutctl_common.py          154   read                      : Received data: {''}, bytearray(b'')
2026-09-17 17:30:31,876 LT1-thread root DEBUG btp.py                    629   core_reg_svc_rsp_succ     : received Header(svc_id=0, op=3, ctrl_index=255, data_len=0) (b'',)
2026-09-17 17:30:31,876 LT1-thread root DEBUG btp.py                    630   core_reg_svc_rsp_succ     : expected ((0, 3, 255, 0), (b'',))
2026-09-17 17:30:31,876 LT1-thread root DEBUG btp.py                    635   core_reg_svc_rsp_succ     : response is valid
2026-09-17 17:30:31,876 LT1-thread root DEBUG btp.py                    638   core_reg_svc_rsp_succ     : Reading supported commands for service: GAP
2026-09-17 17:30:31,876 LT1-thread root DEBUG iutctl_common.py          161   send                      : 1 1 255 ''
2026-09-17 17:30:31,877 LT1-thread root DEBUG iutctl_common.py          166   send                      : sending frame '0101ff0000'
2026-09-17 17:30:31,877 LT1-thread root DEBUG iutctl_common.py          339   read                      : 
2026-09-17 17:30:31,915 BTPWorkerThread-6807 (_rx_task) root DEBUG iutctl_common.py          123   read                      : Read 5 bytes
2026-09-17 17:30:31,921 BTPWorkerThread-6807 (_rx_task) root DEBUG iutctl_common.py          131   read                      : Received: hdr: Header(svc_id=0x01, op=0x01, ctrl_index=0xff, data_len=0x07) bytearray(b'\x01\x01\xff\x07\x00')
2026-09-17 17:30:31,927 BTPWorkerThread-6807 (_rx_task) root DEBUG iutctl_common.py          139   read                      : Read 7 bytes data
2026-09-17 17:30:31,938 BTPWorkerThread-6807 (_rx_task) root DEBUG iutctl_common.py          154   read                      : Received data: {'6e ff 7f 1f fe ff 0e'}, bytearray(b'n\xff\x7f\x1f\xfe\xff\x0e')
2026-09-17 17:30:31,944 LT1-thread root DEBUG testcase.py               254   start                     : Starting test function: class=<class 'autopts.ptsprojects.testcase.TestFunc'>, func=<function gap_read_controller_info at 0x00000203DA247560> start_wid=None stop_wid=None post_wid=None skip_call=None call_count=65 args=() kwds={}
2026-09-17 17:30:31,944 LT1-thread root DEBUG testcase.py               266   start                     : Test function parameters: args=(), kwds={}
2026-09-17 17:30:31,944 LT1-thread root DEBUG gap.py                    1161  gap_read_controller_info  : 
2026-09-17 17:30:31,944 LT1-thread root DEBUG iutctl_common.py          161   send                      : 1 3 0 ''
2026-09-17 17:30:31,944 LT1-thread root DEBUG iutctl_common.py          166   send                      : sending frame '0103000000'
2026-09-17 17:30:31,945 LT1-thread root DEBUG iutctl_common.py          339   read                      : 
2026-09-17 17:30:31,979 BTPWorkerThread-6807 (_rx_task) root DEBUG iutctl_common.py          123   read                      : Read 5 bytes
2026-09-17 17:30:31,991 BTPWorkerThread-6807 (_rx_task) root DEBUG iutctl_common.py          131   read                      : Received: hdr: Header(svc_id=0x01, op=0x03, ctrl_index=0x00, data_len=0x115) bytearray(b'\x01\x03\x00\x15\x01')
2026-09-17 17:30:31,996 BTPWorkerThread-6807 (_rx_task) root DEBUG iutctl_common.py          139   read                      : Read 236 bytes data
2026-09-17 17:30:32,001 BTPWorkerThread-6807 (_rx_task) root DEBUG iutctl_common.py          139   read                      : Read 41 bytes data
2026-09-17 17:30:32,012 BTPWorkerThread-6807 (_rx_task) root DEBUG iutctl_common.py          154   read                      : Received data: {'19 78 ee 69 17 d0 d3 06 02 00 13 02 00 00 00 00 00 62 74 70 5f 74 65 73 74 65 72 00 00 00 00 00 00 00 00 00 00 00 00 00 00 00 00 00 00 00 00 00 00 00 00 00 00 00 00 00 00 00 00 00 00 00 00 00 00 00 00 00 00 00 00 00 00 00 00 00 00 00 00 00 00 00 00 00 00 00 00 00 00 00 00 00 00 00 00 00 00 00 00 00 00 00 00 00 00 00 00 00 00 00 00 00 00 00 00 00 00 00 00 00 00 00 00 00 00 00 00 00 00 00 00 00 00 00 00 00 00 00 00 00 00 00 00 00 00 00 00 00 00 00 00 00 00 00 00 00 00 00 00 00 00 00 00 00 00 00 00 00 00 00 00 00 00 00 00 00 00 00 00 00 00 00 00 00 00 00 00 00 00 00 00 00 00 00 00 00 00 00 00 00 00 00 00 00 00 00 00 00 00 00 00 00 00 00 00 00 00 00 00 00 00 00 00 00 00 00 00 00 00 00 00 00 00 00 00 00 00 00 00 00 00 00 00 00 00 00 00 00 00 00 00 00 00 00 00 00 00 00 00 00 00 00 00 00 00 00 00 00 00 00 00 00 00 00 00 00 00'}, bytearray(b'\x19x\xeei\x17\xd0\xd3\x06\x02\x00\x13\x02\x00\x00\x00\x00\x00btp_tester\x00\x00\x00\x00\x00\x00\x00\x00\x00\x00\x00\x00\x00\x00\x00\x00\x00\x00\x00\x00\x00\x00\x00\x00\x00\x00\x00\x00\x00\x00\x00\x00\x00\x00\x00\x00\x00\x00\x00\x00\x00\x00\x00\x00\x00\x00\x00\x00\x00\x00\x00\x00\x00\x00\x00\x00\x00\x00\x00\x00\x00\x00\x00\x00\x00\x00\x00\x00\x00\x00\x00\x00\x00\x00\x00\x00\x00\x00\x00\x00\x00\x00\x00\x00\x00\x00\x00\x00\x00\x00\x00\x00\x00\x00\x00\x00\x00\x00\x00\x00\x00\x00\x00\x00\x00\x00\x00\x00\x00\x00\x00\x00\x00\x00\x00\x00\x00\x00\x00\x00\x00\x00\x00\x00\x00\x00\x00\x00\x00\x00\x00\x00\x00\x00\x00\x00\x00\x00\x00\x00\x00\x00\x00\x00\x00\x00\x00\x00\x00\x00\x00\x00\x00\x00\x00\x00\x00\x00\x00\x00\x00\x00\x00\x00\x00\x00\x00\x00\x00\x00\x00\x00\x00\x00\x00\x00\x00\x00\x00\x00\x00\x00\x00\x00\x00\x00\x00\x00\x00\x00\x00\x00\x00\x00\x00\x00\x00\x00\x00\x00\x00\x00\x00\x00\x00\x00\x00\x00\x00\x00\x00\x00\x00\x00\x00\x00\x00\x00\x00\x00\x00\x00\x00\x00\x00\x00\x00\x00\x00\x00\x00\x00\x00\x00\x00\x00\x00\x00\x00\x00\x00\x00\x00\x00\x00\x00\x00\x00\x00\x00')
2026-09-17 17:30:32,012 LT1-thread root DEBUG gap.py                    1168  gap_read_controller_info  : received Header(svc_id=1, op=3, ctrl_index=0, data_len=277) (b'\x19x\xeei\x17\xd0\xd3\x06\x02\x00\x13\x02\x00\x00\x00\x00\x00btp_tester\x00\x00\x00\x00\x00\x00\x00\x00\x00\x00\x00\x00\x00\x00\x00\x00\x00\x00\x00\x00\x00\x00\x00\x00\x00\x00\x00\x00\x00\x00\x00\x00\x00\x00\x00\x00\x00\x00\x00\x00\x00\x00\x00\x00\x00\x00\x00\x00\x00\x00\x00\x00\x00\x00\x00\x00\x00\x00\x00\x00\x00\x00\x00\x00\x00\x00\x00\x00\x00\x00\x00\x00\x00\x00\x00\x00\x00\x00\x00\x00\x00\x00\x00\x00\x00\x00\x00\x00\x00\x00\x00\x00\x00\x00\x00\x00\x00\x00\x00\x00\x00\x00\x00\x00\x00\x00\x00\x00\x00\x00\x00\x00\x00\x00\x00\x00\x00\x00\x00\x00\x00\x00\x00\x00\x00\x00\x00\x00\x00\x00\x00\x00\x00\x00\x00\x00\x00\x00\x00\x00\x00\x00\x00\x00\x00\x00\x00\x00\x00\x00\x00\x00\x00\x00\x00\x00\x00\x00\x00\x00\x00\x00\x00\x00\x00\x00\x00\x00\x00\x00\x00\x00\x00\x00\x00\x00\x00\x00\x00\x00\x00\x00\x00\x00\x00\x00\x00\x00\x00\x00\x00\x00\x00\x00\x00\x00\x00\x00\x00\x00\x00\x00\x00\x00\x00\x00\x00\x00\x00\x00\x00\x00\x00\x00\x00\x00\x00\x00\x00\x00\x00\x00\x00\x00\x00\x00\x00\x00\x00\x00\x00\x00\x00\x00\x00\x00\x00\x00\x00\x00\x00\x00\x00\x00\x00\x00\x00\x00\x00\x00',)
2026-09-17 17:30:32,012 LT1-thread root DEBUG gap.py                    1189  gap_read_controller_info  : IUT address 'd01769ee7819' 'public'
2026-09-17 17:30:32,012 LT1-thread root DEBUG gap.py                    594   __gap_current_settings_update : 531
2026-09-17 17:30:32,013 LT1-thread root DEBUG testcase.py               254   start                     : Starting test function: class=<class 'autopts.ptsprojects.testcase.TestFunc'>, func=<function test_cases_client.<locals>.<lambda> at 0x00000203DCCF6DE0> start_wid=None stop_wid=None post_wid=None skip_call=None call_count=65 args=() kwds={}
2026-09-17 17:30:32,013 LT1-thread root DEBUG testcase.py               266   start                     : Test function parameters: args=(), kwds={}
2026-09-17 17:30:32,016 LT1-thread root DEBUG testcase.py               254   start                     : Starting test function: class=<class 'autopts.ptsprojects.testcase.TestFunc'>, func=<function core_reg_svc_gatt at 0x00000203DA228860> start_wid=None stop_wid=None post_wid=None skip_call=None call_count=65 args=() kwds={}
2026-09-17 17:30:32,017 LT1-thread root DEBUG testcase.py               266   start                     : Test function parameters: args=(), kwds={}
2026-09-17 17:30:32,017 LT1-thread root DEBUG btp.py                    117   core_reg_svc_univ         : core_reg_svc_univ: gatt_reg (GATT)
2026-09-17 17:30:32,017 LT1-thread root DEBUG iutctl_common.py          161   send                      : 0 3 255 '2'
2026-09-17 17:30:32,017 LT1-thread root DEBUG iutctl_common.py          166   send                      : sending frame '0003ff010002'
2026-09-17 17:30:32,017 LT1-thread root DEBUG btp.py                    618   core_reg_svc_rsp_succ     : 
2026-09-17 17:30:32,017 LT1-thread root DEBUG iutctl_common.py          339   read                      : 
2026-09-17 17:30:32,045 BTPWorkerThread-6807 (_rx_task) root DEBUG iutctl_common.py          123   read                      : Read 5 bytes
2026-09-17 17:30:32,056 BTPWorkerThread-6807 (_rx_task) root DEBUG iutctl_common.py          131   read                      : Received: hdr: Header(svc_id=0x00, op=0x03, ctrl_index=0xff, data_len=0x00) bytearray(b'\x00\x03\xff\x00\x00')
2026-09-17 17:30:32,067 BTPWorkerThread-6807 (_rx_task) root DEBUG iutctl_common.py          154   read                      : Received data: {''}, bytearray(b'')
2026-09-17 17:30:32,077 LT1-thread root DEBUG btp.py                    629   core_reg_svc_rsp_succ     : received Header(svc_id=0, op=3, ctrl_index=255, data_len=0) (b'',)
2026-09-17 17:30:32,077 LT1-thread root DEBUG btp.py                    630   core_reg_svc_rsp_succ     : expected ((0, 3, 255, 0), (b'',))
2026-09-17 17:30:32,077 LT1-thread root DEBUG btp.py                    635   core_reg_svc_rsp_succ     : response is valid
2026-09-17 17:30:32,077 LT1-thread root DEBUG btp.py                    638   core_reg_svc_rsp_succ     : Reading supported commands for service: GATT
2026-09-17 17:30:32,078 LT1-thread root DEBUG iutctl_common.py          161   send                      : 2 1 255 ''
2026-09-17 17:30:32,078 LT1-thread root DEBUG iutctl_common.py          166   send                      : sending frame '0201ff0000'
2026-09-17 17:30:32,078 LT1-thread root DEBUG iutctl_common.py          339   read                      : 
2026-09-17 17:30:32,110 BTPWorkerThread-6807 (_rx_task) root DEBUG iutctl_common.py          123   read                      : Read 5 bytes
2026-09-17 17:30:32,121 BTPWorkerThread-6807 (_rx_task) root DEBUG iutctl_common.py          131   read                      : Received: hdr: Header(svc_id=0x02, op=0x01, ctrl_index=0xff, data_len=0x05) bytearray(b'\x02\x01\xff\x05\x00')
2026-09-17 17:30:32,131 BTPWorkerThread-6807 (_rx_task) root DEBUG iutctl_common.py          139   read                      : Read 5 bytes data
2026-09-17 17:30:32,141 BTPWorkerThread-6807 (_rx_task) root DEBUG iutctl_common.py          154   read                      : Received data: {'fe fe bf fd 0f'}, bytearray(b'\xfe\xfe\xbf\xfd\x0f')
2026-09-17 17:30:32,146 LT1-thread root DEBUG testcase.py               254   start                     : Starting test function: class=<class 'autopts.ptsprojects.testcase.TestFunc'>, func=<function set_pts_addr at 0x00000203DA2282C0> start_wid=None stop_wid=None post_wid=None skip_call=None call_count=65 args=('00:1B:DC:08:E4:4E', 0) kwds={}
2026-09-17 17:30:32,146 LT1-thread root DEBUG testcase.py               266   start                     : Test function parameters: args=('00:1B:DC:08:E4:4E', 0), kwds={}
2026-09-17 17:30:32,147 LT1-thread root DEBUG testcase.py               254   start                     : Starting test function: class=<class 'autopts.ptsprojects.testcase.TestFunc'>, func=<bound method Stack.gatt_init of <autopts.ptsprojects.stack.stack.Stack object at 0x00000203DA34D4F0>> start_wid=None stop_wid=None post_wid=None skip_call=None call_count=65 args=() kwds={}
2026-09-17 17:30:32,147 LT1-thread root DEBUG testcase.py               266   start                     : Test function parameters: args=(), kwds={}
2026-09-17 17:30:32,149 LT1-thread root DEBUG client.py                 276   get_result                : ClientCallback.get_result run_test_case
2026-09-17 17:30:35,980 LT1-callback ClientCallback.on_implicit_send INFO client.py                 223   on_implicit_send          : 
    ********************
    BEGIN OnImplicitSend:
    project_name: GATT
    wid: 1
    test_case_name: GATT/CL/GAI/BV-01-C
    description: Please prepare IUT into a connectable mode.

Description: Verify that the Implementation Under Test (IUT) can accept GATT connect request from PTS.
    style: MMI_Style_Ok_Cancel2 0x11141
2026-09-17 17:30:35,980 LT1-callback ClientCallback.on_implicit_send INFO client.py                 236   on_implicit_send          : Calling test cases on_implicit_send
2026-09-17 17:30:35,981 LT1-callback ClientCallback.on_implicit_send INFO client.py                 249   on_implicit_send          : 
    on_implicit_send returned response: WAIT
    END OnImplicitSend
    ********************
2026-09-17 17:30:36,151 LT1-thread root DEBUG testcase.py               679   run_wid                   : GATT GATT/CL/GAI/BV-01-C on_implicit_send
2026-09-17 17:30:36,151 LT1-thread root DEBUG gatt_wid.py               24    gatt_wid_hdl              : gatt_wid_hdl, 1, Please prepare IUT into a connectable mode.

Description: Verify that the Implementation Under Test (IUT) can accept GATT connect request from PTS., GATT/CL/GAI/BV-01-C
2026-09-17 17:30:36,151 LT1-thread root DEBUG gap.py                    982   gap_set_connectable       : 
2026-09-17 17:30:36,151 LT1-thread root DEBUG gap.py                    1033  gap_set_general_discoverable : 
2026-09-17 17:30:36,151 LT1-thread root DEBUG iutctl_common.py          161   send                      : 1 8 0 '1'
2026-09-17 17:30:36,151 LT1-thread root DEBUG iutctl_common.py          166   send                      : sending frame '010800010001'
2026-09-17 17:30:36,151 LT1-thread root DEBUG gap.py                    1227  gap_command_rsp_succ      : 
2026-09-17 17:30:36,151 LT1-thread root DEBUG iutctl_common.py          339   read                      : 
2026-09-17 17:30:36,208 BTPWorkerThread-6807 (_rx_task) root DEBUG iutctl_common.py          123   read                      : Read 5 bytes
2026-09-17 17:30:36,219 BTPWorkerThread-6807 (_rx_task) root DEBUG iutctl_common.py          131   read                      : Received: hdr: Header(svc_id=0x01, op=0x08, ctrl_index=0x00, data_len=0x04) bytearray(b'\x01\x08\x00\x04\x00')
2026-09-17 17:30:36,229 BTPWorkerThread-6807 (_rx_task) root DEBUG iutctl_common.py          139   read                      : Read 4 bytes data
2026-09-17 17:30:36,234 BTPWorkerThread-6807 (_rx_task) root DEBUG iutctl_common.py          154   read                      : Received data: {'1b 02 00 00'}, bytearray(b'\x1b\x02\x00\x00')
2026-09-17 17:30:36,245 LT1-thread root DEBUG gap.py                    1232  gap_command_rsp_succ      : received Header(svc_id=1, op=8, ctrl_index=0, data_len=4) (b'\x1b\x02\x00\x00',)
2026-09-17 17:30:36,245 LT1-thread root DEBUG gap.py                    594   __gap_current_settings_update : (b'\x1b\x02\x00\x00',)
2026-09-17 17:30:36,245 LT1-thread root DEBUG gap.py                    648   gap_start_advertising     : {9: b'Tester_08E44E'} None
2026-09-17 17:30:36,246 LT1-thread root DEBUG iutctl_common.py          161   send                      : 1 10 0 "bytearray(b'\\x0f\\x00\\t\\rTester_08E44E\\xff\\xff\\xff\\xff\\x00')"
2026-09-17 17:30:36,246 LT1-thread root DEBUG iutctl_common.py          166   send                      : sending frame '010a0016000f00090d5465737465725f303845343445ffffffff00'
2026-09-17 17:30:36,246 LT1-thread root DEBUG gap.py                    1227  gap_command_rsp_succ      : 
2026-09-17 17:30:36,246 LT1-thread root DEBUG iutctl_common.py          339   read                      : 
2026-09-17 17:30:36,279 BTPWorkerThread-6807 (_rx_task) root DEBUG iutctl_common.py          123   read                      : Read 5 bytes
2026-09-17 17:30:36,290 BTPWorkerThread-6807 (_rx_task) root DEBUG iutctl_common.py          131   read                      : Received: hdr: Header(svc_id=0x01, op=0x0a, ctrl_index=0x00, data_len=0x04) bytearray(b'\x01\n\x00\x04\x00')
2026-09-17 17:30:36,313 BTPWorkerThread-6807 (_rx_task) root DEBUG iutctl_common.py          139   read                      : Read 4 bytes data
2026-09-17 17:30:36,323 BTPWorkerThread-6807 (_rx_task) root DEBUG iutctl_common.py          154   read                      : Received data: {'1b 06 00 00'}, bytearray(b'\x1b\x06\x00\x00')
2026-09-17 17:30:36,339 LT1-thread root DEBUG gap.py                    1232  gap_command_rsp_succ      : received Header(svc_id=1, op=10, ctrl_index=0, data_len=4) (b'\x1b\x06\x00\x00',)
2026-09-17 17:30:36,339 LT1-thread root DEBUG gap.py                    594   __gap_current_settings_update : (b'\x1b\x06\x00\x00',)
2026-09-17 17:30:36,636 BTPWorkerThread-6807 (_rx_task) root DEBUG iutctl_common.py          123   read                      : Read 5 bytes
2026-09-17 17:30:36,636 BTPWorkerThread-6807 (_rx_task) root DEBUG iutctl_common.py          131   read                      : Received: hdr: Header(svc_id=0x01, op=0x82, ctrl_index=0x00, data_len=0x0d) bytearray(b'\x01\x82\x00\r\x00')
2026-09-17 17:30:36,637 BTPWorkerThread-6807 (_rx_task) root DEBUG iutctl_common.py          139   read                      : Read 13 bytes data
2026-09-17 17:30:36,637 BTPWorkerThread-6807 (_rx_task) root DEBUG iutctl_common.py          154   read                      : Received data: {'00 4e e4 08 dc 1b 00 3c 00 00 00 d0 07'}, bytearray(b'\x00N\xe4\x08\xdc\x1b\x00<\x00\x00\x00\xd0\x07')
2026-09-17 17:30:36,637 BTPWorkerThread-6807 (_rx_task) root DEBUG btp.py                    700   event_handler             : Header(svc_id=1, op=130, ctrl_index=0, data_len=13) (b'\x00N\xe4\x08\xdc\x1b\x00<\x00\x00\x00\xd0\x07',)
2026-09-17 17:30:36,637 BTPWorkerThread-6807 (_rx_task) root DEBUG gap.py                    213   gap_connected_ev_         : b'\x00N\xe4\x08\xdc\x1b\x00<\x00\x00\x00\xd0\x07'
2026-09-17 17:30:36,642 LT1-thread root DEBUG testcase.py               722   run_wid                   : Sending response 'OK' to wid 1 test case GATT/CL/GAI/BV-01-C
2026-09-17 17:30:36,644 LT1-thread root DEBUG client.py                 276   get_result                : ClientCallback.get_result run_test_case
2026-09-17 17:30:36,647 BTPWorkerThread-6807 (_rx_task) root DEBUG iutctl_common.py          123   read                      : Read 5 bytes
2026-09-17 17:30:36,647 BTPWorkerThread-6807 (_rx_task) root DEBUG iutctl_common.py          131   read                      : Received: hdr: Header(svc_id=0x01, op=0x80, ctrl_index=0x00, data_len=0x04) bytearray(b'\x01\x80\x00\x04\x00')
2026-09-17 17:30:36,648 BTPWorkerThread-6807 (_rx_task) root DEBUG iutctl_common.py          139   read                      : Read 4 bytes data
2026-09-17 17:30:36,648 BTPWorkerThread-6807 (_rx_task) root DEBUG iutctl_common.py          154   read                      : Received data: {'1b 02 00 00'}, bytearray(b'\x1b\x02\x00\x00')
2026-09-17 17:30:36,648 BTPWorkerThread-6807 (_rx_task) root DEBUG btp.py                    700   event_handler             : Header(svc_id=1, op=128, ctrl_index=0, data_len=4) (b'\x1b\x02\x00\x00',)
2026-09-17 17:30:36,648 BTPWorkerThread-6807 (_rx_task) root DEBUG gap.py                    181   gap_new_settings_ev_      : b'\x1b\x02\x00\x00'
2026-09-17 17:30:36,648 BTPWorkerThread-6807 (_rx_task) root DEBUG gap.py                    594   __gap_current_settings_update : 539
2026-09-17 17:30:45,468 LT1-callback ClientCallback.on_implicit_send INFO client.py                 223   on_implicit_send          : 
    ********************
    BEGIN OnImplicitSend:
    project_name: GATT
    wid: 400
    test_case_name: GATT/CL/GAI/BV-01-C
    description: Please prepare IUT into an L2CAP Credit Based Connection connectable mode using LE signaling channel.

Description: Verify that the Implementation Under Test (IUT) can accept L2CAP_CREDIT_BASED_CONNECTION_REQ from PTS.
    style: MMI_Style_Ok_Cancel2 0x11141
2026-09-17 17:30:45,468 LT1-callback ClientCallback.on_implicit_send INFO client.py                 236   on_implicit_send          : Calling test cases on_implicit_send
2026-09-17 17:30:45,469 LT1-callback ClientCallback.on_implicit_send INFO client.py                 249   on_implicit_send          : 
    on_implicit_send returned response: WAIT
    END OnImplicitSend
    ********************
2026-09-17 17:30:45,647 BTPWorkerThread-6807 (_rx_task) root DEBUG iutctl_common.py          123   read                      : Read 5 bytes
2026-09-17 17:30:45,647 BTPWorkerThread-6807 (_rx_task) root DEBUG iutctl_common.py          131   read                      : Received: hdr: Header(svc_id=0x01, op=0x91, ctrl_index=0x00, data_len=0x09) bytearray(b'\x01\x91\x00\t\x00')
2026-09-17 17:30:45,649 BTPWorkerThread-6807 (_rx_task) root DEBUG iutctl_common.py          139   read                      : Read 9 bytes data
2026-09-17 17:30:45,649 BTPWorkerThread-6807 (_rx_task) root DEBUG iutctl_common.py          154   read                      : Received data: {'00 4e e4 08 dc 1b 00 01 10'}, bytearray(b'\x00N\xe4\x08\xdc\x1b\x00\x01\x10')
2026-09-17 17:30:45,649 BTPWorkerThread-6807 (_rx_task) root DEBUG btp.py                    700   event_handler             : Header(svc_id=1, op=145, ctrl_index=0, data_len=9) (b'\x00N\xe4\x08\xdc\x1b\x00\x01\x10',)
2026-09-17 17:30:45,649 BTPWorkerThread-6807 (_rx_task) root DEBUG gap.py                    492   gap_encryption_change_ev_ : 
2026-09-17 17:30:45,649 BTPWorkerThread-6807 (_rx_task) root DEBUG gap.py                    494   gap_encryption_change_ev_ : enc change received b'\x00N\xe4\x08\xdc\x1b\x00\x01\x10'
2026-09-17 17:30:45,649 BTPWorkerThread-6807 (_rx_task) root DEBUG gap.py                    503   gap_encryption_change_ev_ : received (0, '001bdc08e44e', 1, 16)
2026-09-17 17:30:45,649 BTPWorkerThread-6807 (_rx_task) root DEBUG iutctl_common.py          123   read                      : Read 5 bytes
2026-09-17 17:30:45,649 BTPWorkerThread-6807 (_rx_task) root DEBUG iutctl_common.py          131   read                      : Received: hdr: Header(svc_id=0x01, op=0x89, ctrl_index=0x00, data_len=0x08) bytearray(b'\x01\x89\x00\x08\x00')
2026-09-17 17:30:45,649 BTPWorkerThread-6807 (_rx_task) root DEBUG iutctl_common.py          139   read                      : Read 8 bytes data
2026-09-17 17:30:45,649 BTPWorkerThread-6807 (_rx_task) root DEBUG iutctl_common.py          154   read                      : Received data: {'00 4e e4 08 dc 1b 00 02'}, bytearray(b'\x00N\xe4\x08\xdc\x1b\x00\x02')
2026-09-17 17:30:45,649 BTPWorkerThread-6807 (_rx_task) root DEBUG btp.py                    700   event_handler             : Header(svc_id=1, op=137, ctrl_index=0, data_len=8) (b'\x00N\xe4\x08\xdc\x1b\x00\x02',)
2026-09-17 17:30:45,650 BTPWorkerThread-6807 (_rx_task) root DEBUG gap.py                    298   gap_sec_level_changed_ev_ : 
2026-09-17 17:30:45,650 BTPWorkerThread-6807 (_rx_task) root DEBUG gap.py                    300   gap_sec_level_changed_ev_ : received b'\x00N\xe4\x08\xdc\x1b\x00\x02'
2026-09-17 17:30:45,650 BTPWorkerThread-6807 (_rx_task) root DEBUG gap.py                    311   gap_sec_level_changed_ev_ : received (0, '001bdc08e44e', 2)
2026-09-17 17:30:45,651 LT1-thread root DEBUG testcase.py               679   run_wid                   : GATT GATT/CL/GAI/BV-01-C on_implicit_send
2026-09-17 17:30:45,651 LT1-thread root DEBUG gatt_wid.py               24    gatt_wid_hdl              : gatt_wid_hdl, 400, Please prepare IUT into an L2CAP Credit Based Connection connectable mode using LE signaling channel.

Description: Verify that the Implementation Under Test (IUT) can accept L2CAP_CREDIT_BASED_CONNECTION_REQ from PTS., GATT/CL/GAI/BV-01-C
2026-09-17 17:30:45,651 LT1-thread root DEBUG testcase.py               722   run_wid                   : Sending response 'OK' to wid 400 test case GATT/CL/GAI/BV-01-C
2026-09-17 17:30:45,653 LT1-thread root DEBUG client.py                 276   get_result                : ClientCallback.get_result run_test_case
2026-09-17 17:30:45,767 BTPWorkerThread-6807 (_rx_task) root DEBUG iutctl_common.py          123   read                      : Read 5 bytes
2026-09-17 17:30:45,767 BTPWorkerThread-6807 (_rx_task) root DEBUG iutctl_common.py          131   read                      : Received: hdr: Header(svc_id=0x01, op=0x98, ctrl_index=0x00, data_len=0x08) bytearray(b'\x01\x98\x00\x08\x00')
2026-09-17 17:30:45,767 BTPWorkerThread-6807 (_rx_task) root DEBUG iutctl_common.py          139   read                      : Read 8 bytes data
2026-09-17 17:30:45,768 BTPWorkerThread-6807 (_rx_task) root DEBUG iutctl_common.py          154   read                      : Received data: {'00 4e e4 08 dc 1b 00 00'}, bytearray(b'\x00N\xe4\x08\xdc\x1b\x00\x00')
2026-09-17 17:30:45,768 BTPWorkerThread-6807 (_rx_task) root DEBUG btp.py                    700   event_handler             : Header(svc_id=1, op=152, ctrl_index=0, data_len=8) (b'\x00N\xe4\x08\xdc\x1b\x00\x00',)
2026-09-17 17:30:45,768 BTPWorkerThread-6807 (_rx_task) root DEBUG gap.py                    509   gap_peer_car_status_ev_   : 
2026-09-17 17:30:45,768 BTPWorkerThread-6807 (_rx_task) root DEBUG gap.py                    516   gap_peer_car_status_ev_   : received (0, '001bdc08e44e', 0)
2026-09-17 17:30:47,735 LT1-callback ClientCallback.on_implicit_send INFO client.py                 223   on_implicit_send          : 
    ********************
    BEGIN OnImplicitSend:
    project_name: GATT
    wid: 99
    test_case_name: GATT/CL/GAI/BV-01-C
    description: Please write to client characteristic configuration handle = '01F3'O to enable indication to the PTS. Discover all characteristics if needed.

Description: Verify that the Implementation Under Test (IUT) can receive indication sent from PTS.
    style: MMI_Style_Ok_Cancel2 0x11141
2026-09-17 17:30:47,735 LT1-callback ClientCallback.on_implicit_send INFO client.py                 236   on_implicit_send          : Calling test cases on_implicit_send
2026-09-17 17:30:47,735 LT1-callback ClientCallback.on_implicit_send INFO client.py                 249   on_implicit_send          : 
    on_implicit_send returned response: WAIT
    END OnImplicitSend
    ********************
2026-09-17 17:30:48,654 LT1-thread root DEBUG testcase.py               679   run_wid                   : GATT GATT/CL/GAI/BV-01-C on_implicit_send
2026-09-17 17:30:48,654 LT1-thread root DEBUG gatt_wid.py               24    gatt_wid_hdl              : gatt_wid_hdl, 99, Please write to client characteristic configuration handle = '01F3'O to enable indication to the PTS. Discover all characteristics if needed.

Description: Verify that the Implementation Under Test (IUT) can receive indication sent from PTS., GATT/CL/GAI/BV-01-C
2026-09-17 17:30:48,654 LT1-thread root DEBUG gatt.py                   1139  gattc_cfg_indicate        : 0 '001bdc08e44e', 1, '01F3'
2026-09-17 17:30:48,654 LT1-thread root DEBUG iutctl_common.py          161   send                      : 2 27 0 "bytearray(b'\\x00N\\xe4\\x08\\xdc\\x1b\\x00\\x01\\xf3\\x01')"
2026-09-17 17:30:48,654 LT1-thread root DEBUG iutctl_common.py          166   send                      : sending frame '021b000a00004ee408dc1b0001f301'
2026-09-17 17:30:48,654 LT1-thread root DEBUG iutctl_common.py          339   read                      : 
2026-09-17 17:30:50,578 BTPWorkerThread-6807 (_rx_task) root DEBUG iutctl_common.py          123   read                      : Read 5 bytes
2026-09-17 17:30:50,589 BTPWorkerThread-6807 (_rx_task) root DEBUG iutctl_common.py          131   read                      : Received: hdr: Header(svc_id=0x02, op=0x1b, ctrl_index=0x00, data_len=0x00) bytearray(b'\x02\x1b\x00\x00\x00')
2026-09-17 17:30:50,594 BTPWorkerThread-6807 (_rx_task) root DEBUG iutctl_common.py          154   read                      : Received data: {''}, bytearray(b'')
2026-09-17 17:30:50,600 LT1-thread root DEBUG gatt.py                   1160  gattc_cfg_indicate        : received Header(svc_id=2, op=27, ctrl_index=0, data_len=0) (b'',)
2026-09-17 17:30:50,600 LT1-thread root DEBUG testcase.py               722   run_wid                   : Sending response 'OK' to wid 99 test case GATT/CL/GAI/BV-01-C
2026-09-17 17:30:50,602 LT1-thread root DEBUG client.py                 276   get_result                : ClientCallback.get_result run_test_case
2026-09-17 17:30:50,873 BTPWorkerThread-6807 (_rx_task) root DEBUG iutctl_common.py          123   read                      : Read 5 bytes
2026-09-17 17:30:50,874 BTPWorkerThread-6807 (_rx_task) root DEBUG iutctl_common.py          131   read                      : Received: hdr: Header(svc_id=0x02, op=0x80, ctrl_index=0x00, data_len=0x11) bytearray(b'\x02\x80\x00\x11\x00')
2026-09-17 17:30:50,874 BTPWorkerThread-6807 (_rx_task) root DEBUG iutctl_common.py          139   read                      : Read 17 bytes data
2026-09-17 17:30:50,874 BTPWorkerThread-6807 (_rx_task) root DEBUG iutctl_common.py          154   read                      : Received data: {'00 4e e4 08 dc 1b 00 02 f2 01 05 00 01 76 01 00 ff'}, bytearray(b'\x00N\xe4\x08\xdc\x1b\x00\x02\xf2\x01\x05\x00\x01v\x01\x00\xff')
2026-09-17 17:30:50,874 BTPWorkerThread-6807 (_rx_task) root DEBUG btp.py                    700   event_handler             : Header(svc_id=2, op=128, ctrl_index=0, data_len=17) (b'\x00N\xe4\x08\xdc\x1b\x00\x02\xf2\x01\x05\x00\x01v\x01\x00\xff',)
2026-09-17 17:30:50,874 BTPWorkerThread-6807 (_rx_task) root DEBUG gatt.py                   130   gatt_notification_ev_     : 0 '001bdc08e44e' 2 498 b'\x01v\x01\x00\xff'
2026-09-17 17:30:52,141 BTPWorkerThread-6807 (_rx_task) root DEBUG iutctl_common.py          123   read                      : Read 5 bytes
2026-09-17 17:30:52,141 BTPWorkerThread-6807 (_rx_task) root DEBUG iutctl_common.py          131   read                      : Received: hdr: Header(svc_id=0x01, op=0x83, ctrl_index=0x00, data_len=0x07) bytearray(b'\x01\x83\x00\x07\x00')
2026-09-17 17:30:52,142 BTPWorkerThread-6807 (_rx_task) root DEBUG iutctl_common.py          139   read                      : Read 7 bytes data
2026-09-17 17:30:52,142 BTPWorkerThread-6807 (_rx_task) root DEBUG iutctl_common.py          154   read                      : Received data: {'00 4e e4 08 dc 1b 00'}, bytearray(b'\x00N\xe4\x08\xdc\x1b\x00')
2026-09-17 17:30:52,142 BTPWorkerThread-6807 (_rx_task) root DEBUG btp.py                    700   event_handler             : Header(svc_id=1, op=131, ctrl_index=0, data_len=7) (b'\x00N\xe4\x08\xdc\x1b\x00',)
2026-09-17 17:30:52,142 BTPWorkerThread-6807 (_rx_task) root DEBUG gap.py                    226   gap_disconnected_ev_      : b'\x00N\xe4\x08\xdc\x1b\x00'
2026-09-17 17:30:52,149 LT1-callback ClientCallback.on_implicit_send INFO client.py                 223   on_implicit_send          : 
    ********************
    BEGIN OnImplicitSend:
    project_name: GATT
    wid: 95
    test_case_name: GATT/CL/GAI/BV-01-C
    description: Please confirm IUT received indication from PTS. Click YES if received, otherwise NO.

Description: Verify that the Implementation Under Test (IUT) can receive indication send from PTS.
    style: MMI_Style_Yes_No1 0x11044
2026-09-17 17:30:52,149 LT1-callback ClientCallback.on_implicit_send INFO client.py                 236   on_implicit_send          : Calling test cases on_implicit_send
2026-09-17 17:30:52,149 LT1-callback ClientCallback.on_implicit_send INFO client.py                 249   on_implicit_send          : 
    on_implicit_send returned response: WAIT
    END OnImplicitSend
    ********************
2026-09-17 17:30:52,604 LT1-thread root DEBUG testcase.py               679   run_wid                   : GATT GATT/CL/GAI/BV-01-C on_implicit_send
2026-09-17 17:30:52,604 LT1-thread root DEBUG gatt_wid.py               24    gatt_wid_hdl              : gatt_wid_hdl, 95, Please confirm IUT received indication from PTS. Click YES if received, otherwise NO.

Description: Verify that the Implementation Under Test (IUT) can receive indication send from PTS., GATT/CL/GAI/BV-01-C
2026-09-17 17:30:52,604 LT1-thread root DEBUG testcase.py               722   run_wid                   : Sending response 'Yes' to wid 95 test case GATT/CL/GAI/BV-01-C
2026-09-17 17:30:52,605 LT1-thread root DEBUG client.py                 276   get_result                : ClientCallback.get_result run_test_case
2026-09-17 17:30:56,246 LT1-callback ClientCallback.log INFO client.py                 200   log                       : PTS_LOGTYPE_START_TEST Start Test Case 

+2156 ms
 GATT/CL/GAI/BV-01-C GATT/CL/GAI/BV-01-C

2026-09-17 17:30:56,794 LT1-callback ClientCallback.log INFO client.py                 200   log                       : PTS_LOGTYPE_FINAL_VERDICT Final Verdict 

+23609 ms
 GATT/CL/GAI/BV-01-C PASS

2026-09-17 17:30:56,798 LT1-callback ClientCallback.log INFO client.py                 200   log                       : PTS_LOGTYPE_FINAL_VERDICT Encrypted Verdict 

+23609 ms
 GATT/CL/GAI/BV-01-C A1#ZWY4MzQ5MDg3MmQwNTIxOGQzMzQ5YjY2ODA5M2MzNjQ5ZDY4NmY0Yjc2MzIzM2VkNTUyNTFhNGU4Mjg1MjI0NA==#ZtVDbgy8SUmIfax8jrsoVvmFXXE4bnR9L++wK1BQt7t0HDR5a4jK0qsNYMr/YCMX

2026-09-17 17:30:56,932 LT1-callback ClientCallback.log INFO client.py                 200   log                       : PTS_LOGTYPE_END_TEST Test Case Ended 

+23609 ms
 GATT/CL/GAI/BV-01-C GATT/CL/GAI/BV-01-C

2026-09-17 17:30:56,994 LT1-callback root DEBUG client.py                 261   set_result                : ClientCallback, set_result, run_test_case, PASS
2026-09-17 17:30:56,994 LT1-thread root DEBUG client.py                 1186  _run_test_case            : After run_test_case error_code=0 status='PASS'
2026-09-17 17:30:56,995 LT1-thread root DEBUG testcase.py               766   post_run                  : post_run GATT GATT/CL/GAI/BV-01-C 0
2026-09-17 17:30:56,995 LT1-thread root DEBUG testcase.py               254   start                     : Starting test function: class=<class 'autopts.ptsprojects.testcase.TestFuncCleanUp'>, func=<bound method ZTestCase._test_case_cleanup of <autopts.ptsprojects.zephyr.ztestcase.ZTestCase object at 0x00000203DCD5B920>> start_wid=None stop_wid=None post_wid=None skip_call=None call_count=1 args=() kwds={}
2026-09-17 17:30:56,995 LT1-thread root DEBUG testcase.py               266   start                     : Test function parameters: args=(), kwds={}
2026-09-17 17:30:56,995 LT1-thread root DEBUG iutctl.py                 415   stop                      : <class 'autopts.ptsprojects.zephyr.iutctl.create_zephyr_ctl_class.<locals>.ZephyrCtl'>.stop
2026-09-17 17:30:56,995 LT1-thread root DEBUG __init__.py               51    reset                     : About to reset DUT: JLink -CommandFile reset.jlink -usb 1063214216 -device MIMXRT1176XXXA_M7
2026-09-17 17:30:57,309 BTPWorkerThread-6807 (_rx_task) root DEBUG iutctl_common.py          123   read                      : Read 5 bytes
2026-09-17 17:30:57,310 BTPWorkerThread-6807 (_rx_task) root DEBUG iutctl_common.py          131   read                      : Received: hdr: Header(svc_id=0x00, op=0x80, ctrl_index=0xff, data_len=0x00) bytearray(b'\x00\x80\xff\x00\x00')
2026-09-17 17:30:57,310 BTPWorkerThread-6807 (_rx_task) root DEBUG iutctl_common.py          154   read                      : Received data: {''}, bytearray(b'')
2026-09-17 17:30:57,310 BTPWorkerThread-6807 (_rx_task) root DEBUG btp.py                    700   event_handler             : Header(svc_id=0, op=128, ctrl_index=255, data_len=0) (b'',)
2026-09-17 17:30:57,310 BTPWorkerThread-6807 (_rx_task) root DEBUG core.py                   23    core_iut_ready_ev         : 
2026-09-17 17:30:57,378 LT1-thread root DEBUG iutctl.py                 436   _stop_tty_mode            : IUT ready event received OK
2026-09-17 17:30:57,378 LT1-thread root DEBUG iutctl_common.py          416   close                     : Waiting for _rx_worker to finish ...
2026-09-17 17:30:58,311 BTPWorkerThread-6807 (_rx_task) root DEBUG iutctl_common.py          332   _rx_task                  : BTPWorkerThread-6807 (_rx_task) finishing...
2026-09-17 17:31:01,319 LT1-thread root DEBUG testcase.py               794   post_run                  : post_run, cleanup running post test case script
2026-09-17 17:31:01,319 LT1-thread root DEBUG testcase.py               802   post_run                  : post_run, run post test case script
2026-09-17 17:31:01,396 LT1-thread root DEBUG client.py                 1220  _run_test_case            : Done TestCase _run_test_case GATT GATT/CL/GAI/BV-01-C
