01:37:34:502    > BTP_CORE_CMD_READ_SUPPORTED_SERVICES (0x00|0x02|0xff)
                  raw data (0): 00 02 ff 00 00|
01:37:34:552    < BTP_CORE_CMD_READ_SUPPORTED_SERVICES (0x00|0x02|0xff)
                  raw data (5): 00 02 ff 05 00|0f 00 00 a0 01
01:37:34:564    > BTP_CORE_CMD_REGISTER_SERVICE (0x00|0x03|0xff)
                  raw data (1): 00 03 ff 01 00|01
01:37:38:732    < BTP_CORE_CMD_REGISTER_SERVICE (0x00|0x03|0xff)
                  raw data (0): 00 03 ff 00 00|
01:37:38:744    > BTP_GAP_CMD_READ_SUPPORTED_COMMANDS (0x01|0x01|0xff)
                  raw data (0): 01 01 ff 00 00|
01:37:38:819    < BTP_GAP_CMD_READ_SUPPORTED_COMMANDS (0x01|0x01|0xff)
                  raw data (7): 01 01 ff 07 00|6e ff 7f 1f fe ff 0e
01:37:38:830    > BTP_GAP_CMD_READ_CONTROLLER_INFO (0x01|0x03|0x00)
                  raw data (0): 01 03 00 00 00|
01:37:38:908    < BTP_GAP_CMD_READ_CONTROLLER_INFO (0x01|0x03|0x00)
                  raw data (277): 
                  01 03 00 15 01|19 78 ee 69 17 d0 d3 06 02 00 13 
                  02 00 00 00 00 00 62 74 70 5f 74 65 73 74 65 72 
                  00 00 00 00 00 00 00 00 00 00 00 00 00 00 00 00 
                  00 00 00 00 00 00 00 00 00 00 00 00 00 00 00 00 
                  00 00 00 00 00 00 00 00 00 00 00 00 00 00 00 00 
                  00 00 00 00 00 00 00 00 00 00 00 00 00 00 00 00 
                  00 00 00 00 00 00 00 00 00 00 00 00 00 00 00 00 
                  00 00 00 00 00 00 00 00 00 00 00 00 00 00 00 00 
                  00 00 00 00 00 00 00 00 00 00 00 00 00 00 00 00 
                  00 00 00 00 00 00 00 00 00 00 00 00 00 00 00 00 
                  00 00 00 00 00 00 00 00 00 00 00 00 00 00 00 00 
                  00 00 00 00 00 00 00 00 00 00 00 00 00 00 00 00 
                  00 00 00 00 00 00 00 00 00 00 00 00 00 00 00 00 
                  00 00 00 00 00 00 00 00 00 00 00 00 00 00 00 00 
                  00 00 00 00 00 00 00 00 00 00 00 00 00 00 00 00 
                  00 00 00 00 00 00 00 00 00 00 00 00 00 00 00 00 
                  00 00 00 00 00 00 00 00 00 00 00 00 00 00 00 00 
                  00 00 00 00 00 00 00 00 00 00
01:37:38:953    > BTP_CORE_CMD_REGISTER_SERVICE (0x00|0x03|0xff)
                  raw data (2): 00 03 ff 01 00|02
01:37:38:997    < BTP_CORE_CMD_REGISTER_SERVICE (0x00|0x03|0xff)
                  raw data (0): 00 03 ff 00 00|
01:37:39:004    > BTP_GATT_CMD_READ_SUPPORTED_COMMANDS (0x02|0x01|0xff)
                  raw data (0): 02 01 ff 00 00|
01:37:39:076    < BTP_GATT_CMD_READ_SUPPORTED_COMMANDS (0x02|0x01|0xff)
                  raw data (5): 02 01 ff 05 00|fe fe bf fd 0f
01:37:39:077    > BTP_GAP_CMD_SET_IO_CAP (0x01|0x10|0x00)
                  raw data (1): 01 10 00 01 00|04
01:37:39:124    < BTP_GAP_CMD_SET_IO_CAP (0x01|0x10|0x00)
                  raw data (0): 01 10 00 00 00|
01:37:39:153    > BTP_GAP_CMD_SET_IO_CAP (0x01|0x10|0x00)
                  raw data (1): 01 10 00 01 00|03
01:37:39:201    < BTP_GAP_CMD_SET_IO_CAP (0x01|0x10|0x00)
                  raw data (0): 01 10 00 00 00|
01:37:39:202    > BTP_CORE_CMD_REGISTER_SERVICE (0x00|0x03|0xff)
                  raw data (3): 00 03 ff 01 00|03
01:37:39:266    < BTP_CORE_CMD_REGISTER_SERVICE (0x00|0x03|0xff)
                  raw data (0): 00 03 ff 00 00|
01:37:39:279    > BTP_L2CAP_CMD_READ_SUPPORTED_COMMANDS (0x03|0x01|0xff)
                  raw data (0): 03 01 ff 00 00|
01:37:39:332    < BTP_L2CAP_CMD_READ_SUPPORTED_COMMANDS (0x03|0x01|0xff)
                  raw data (2): 03 01 ff 02 00|be 1f
01:37:39:345    > BTP_GAP_CMD_SET_IO_CAP (0x01|0x10|0x00)
                  raw data (1): 01 10 00 01 00|01
01:37:39:405    < BTP_GAP_CMD_SET_IO_CAP (0x01|0x10|0x00)
                  raw data (0): 01 10 00 00 00|
01:37:47:418    > BTP_GAP_CMD_START_DISCOVERY (0x01|0x0c|0x00)
                  raw data (1): 01 0c 00 01 00|02
01:37:47:466    < BTP_GAP_CMD_START_DISCOVERY (0x01|0x0c|0x00)
                  raw data (0): 01 0c 00 00 00|
01:37:49:288    < BTP_GAP_EV_DEVICE_FOUND (0x01|0x81|0x00)
                  raw data (38): 
                  01 81 00 26 00|e0 53 00 4c 17 e5 44 b4 03 1b 00 
                  09 09 4e 58 4c 36 36 35 32 38 02 0a 0c 0d 03 0c 
                  11 0a 11 0b 11 0e 11 1f 11 1e 11
01:37:49:799    < BTP_GAP_EV_DEVICE_FOUND (0x01|0x81|0x00)
                  raw data (42): 
                  01 81 00 2a 00|e0 cd 83 06 dc 1b 00 ab 03 1f 00 
                  1e 09 41 32 44 50 20 53 6f 75 72 63 65 20 30 30 
                  3a 31 42 3a 44 43 3a 30 36 3a 38 33 3a 43 44
01:37:49:887    < BTP_GAP_EV_DEVICE_FOUND (0x01|0x81|0x00)
                  raw data (38): 
                  01 81 00 26 00|e0 53 00 4c 17 e5 44 a8 03 1b 00 
                  09 09 4e 58 4c 36 36 35 32 38 02 0a 0c 0d 03 0c 
                  11 0a 11 0b 11 0e 11 1f 11 1e 11
01:37:50:152    < BTP_GAP_EV_DEVICE_FOUND (0x01|0x81|0x00)
                  raw data (38): 
                  01 81 00 26 00|e0 53 00 4c 17 e5 44 af 03 1b 00 
                  09 09 4e 58 4c 36 36 35 32 38 02 0a 0c 0d 03 0c 
                  11 0a 11 0b 11 0e 11 1f 11 1e 11
01:37:50:752    < BTP_GAP_EV_DEVICE_FOUND (0x01|0x81|0x00)
                  raw data (38): 
                  01 81 00 26 00|e0 53 00 4c 17 e5 44 b1 03 1b 00 
                  09 09 4e 58 4c 36 36 35 32 38 02 0a 0c 0d 03 0c 
                  11 0a 11 0b 11 0e 11 1f 11 1e 11
01:37:51:189    < BTP_GAP_EV_DEVICE_FOUND (0x01|0x81|0x00)
                  raw data (42): 
                  01 81 00 2a 00|e0 eb b2 06 dc 1b 00 ac 03 1f 00 
                  1e 09 41 32 44 50 20 53 6f 75 72 63 65 20 30 30 
                  3a 31 42 3a 44 43 3a 30 36 3a 42 32 3a 45 42
01:37:51:383    < BTP_GAP_EV_DEVICE_FOUND (0x01|0x81|0x00)
                  raw data (38): 
                  01 81 00 26 00|e0 53 00 4c 17 e5 44 a7 03 1b 00 
                  09 09 4e 58 4c 36 36 35 32 38 02 0a 0c 0d 03 0c 
                  11 0a 11 0b 11 0e 11 1f 11 1e 11
01:37:51:928    < BTP_GAP_EV_DEVICE_FOUND (0x01|0x81|0x00)
                  raw data (26): 
                  01 81 00 1a 00|e0 4e e4 08 dc 1b 00 d3 03 0f 00 
                  0e 09 50 54 53 2d 47 41 50 2d 45 34 34 45 00
01:37:52:049    < BTP_GAP_EV_DEVICE_FOUND (0x01|0x81|0x00)
                  raw data (26): 
                  01 81 00 1a 00|e0 4e e4 08 dc 1b 00 d4 03 0f 00 
                  0e 09 50 54 53 2d 47 41 50 2d 45 34 34 45 00
01:37:52:341    < BTP_GAP_EV_DEVICE_FOUND (0x01|0x81|0x00)
                  raw data (26): 
                  01 81 00 1a 00|e0 4e e4 08 dc 1b 00 d5 03 0f 00 
                  0e 09 50 54 53 2d 47 41 50 2d 45 34 34 45 00
01:37:52:876    < BTP_GAP_EV_DEVICE_FOUND (0x01|0x81|0x00)
                  raw data (42): 
                  01 81 00 2a 00|e0 cd 83 06 dc 1b 00 aa 03 1f 00 
                  1e 09 41 32 44 50 20 53 6f 75 72 63 65 20 30 30 
                  3a 31 42 3a 44 43 3a 30 36 3a 38 33 3a 43 44
01:37:53:139    < BTP_GAP_EV_DEVICE_FOUND (0x01|0x81|0x00)
                  raw data (42): 
                  01 81 00 2a 00|e0 cd 83 06 dc 1b 00 ad 03 1f 00 
                  1e 09 41 32 44 50 20 53 6f 75 72 63 65 20 30 30 
                  3a 31 42 3a 44 43 3a 30 36 3a 38 33 3a 43 44
01:37:53:282    < BTP_GAP_EV_DEVICE_FOUND (0x01|0x81|0x00)
                  raw data (38): 
                  01 81 00 26 00|e0 53 00 4c 17 e5 44 b4 03 1b 00 
                  09 09 4e 58 4c 36 36 35 32 38 02 0a 0c 0d 03 0c 
                  11 0a 11 0b 11 0e 11 1f 11 1e 11
01:37:53:436    < BTP_GAP_EV_DEVICE_FOUND (0x01|0x81|0x00)
                  raw data (42): 
                  01 81 00 2a 00|e0 cd 83 06 dc 1b 00 ae 03 1f 00 
                  1e 09 41 32 44 50 20 53 6f 75 72 63 65 20 30 30 
                  3a 31 42 3a 44 43 3a 30 36 3a 38 33 3a 43 44
01:37:53:917    < BTP_GAP_EV_DEVICE_FOUND (0x01|0x81|0x00)
                  raw data (38): 
                  01 81 00 26 00|e0 53 00 4c 17 e5 44 b3 03 1b 00 
                  09 09 4e 58 4c 36 36 35 32 38 02 0a 0c 0d 03 0c 
                  11 0a 11 0b 11 0e 11 1f 11 1e 11
01:37:54:004    < BTP_GAP_EV_DEVICE_FOUND (0x01|0x81|0x00)
                  raw data (42): 
                  01 81 00 2a 00|e0 cd 83 06 dc 1b 00 aa 03 1f 00 
                  1e 09 41 32 44 50 20 53 6f 75 72 63 65 20 30 30 
                  3a 31 42 3a 44 43 3a 30 36 3a 38 33 3a 43 44
01:37:54:311    < BTP_GAP_EV_DEVICE_FOUND (0x01|0x81|0x00)
                  raw data (38): 
                  01 81 00 26 00|e0 53 00 4c 17 e5 44 b3 03 1b 00 
                  09 09 4e 58 4c 36 36 35 32 38 02 0a 0c 0d 03 0c 
                  11 0a 11 0b 11 0e 11 1f 11 1e 11
01:37:54:386    < BTP_GAP_EV_DEVICE_FOUND (0x01|0x81|0x00)
                  raw data (42): 
                  01 81 00 2a 00|e0 cd 83 06 dc 1b 00 b1 03 1f 00 
                  1e 09 41 32 44 50 20 53 6f 75 72 63 65 20 30 30 
                  3a 31 42 3a 44 43 3a 30 36 3a 38 33 3a 43 44
01:37:54:734    < BTP_GAP_EV_DEVICE_FOUND (0x01|0x81|0x00)
                  raw data (42): 
                  01 81 00 2a 00|e0 cd 83 06 dc 1b 00 ad 03 1f 00 
                  1e 09 41 32 44 50 20 53 6f 75 72 63 65 20 30 30 
                  3a 31 42 3a 44 43 3a 30 36 3a 38 33 3a 43 44
01:37:54:833    < BTP_GAP_EV_DEVICE_FOUND (0x01|0x81|0x00)
                  raw data (38): 
                  01 81 00 26 00|e0 53 00 4c 17 e5 44 b1 03 1b 00 
                  09 09 4e 58 4c 36 36 35 32 38 02 0a 0c 0d 03 0c 
                  11 0a 11 0b 11 0e 11 1f 11 1e 11
01:37:55:359    < BTP_GAP_EV_DEVICE_FOUND (0x01|0x81|0x00)
                  raw data (11): 01 81 00 0b 00|e0 53 00 4c 17 e5 44 b1 03 00 00
01:37:55:683    < BTP_GAP_EV_DEVICE_FOUND (0x01|0x81|0x00)
                  raw data (38): 
                  01 81 00 26 00|e0 53 00 4c 17 e5 44 aa 03 1b 00 
                  09 09 4e 58 4c 36 36 35 32 38 02 0a 0c 0d 03 0c 
                  11 0a 11 0b 11 0e 11 1f 11 1e 11
01:37:56:074    < BTP_GAP_EV_DEVICE_FOUND (0x01|0x81|0x00)
                  raw data (26): 
                  01 81 00 1a 00|e0 4e e4 08 dc 1b 00 d6 03 0f 00 
                  0e 09 50 54 53 2d 47 41 50 2d 45 34 34 45 00
01:37:56:377    < BTP_GAP_EV_DEVICE_FOUND (0x01|0x81|0x00)
                  raw data (26): 
                  01 81 00 1a 00|e0 4e e4 08 dc 1b 00 d1 03 0f 00 
                  0e 09 50 54 53 2d 47 41 50 2d 45 34 34 45 00
01:37:56:486    < BTP_GAP_EV_DEVICE_FOUND (0x01|0x81|0x00)
                  raw data (38): 
                  01 81 00 26 00|e0 53 00 4c 17 e5 44 b1 03 1b 00 
                  09 09 4e 58 4c 36 36 35 32 38 02 0a 0c 0d 03 0c 
                  11 0a 11 0b 11 0e 11 1f 11 1e 11
01:37:56:530    < BTP_GAP_EV_DEVICE_FOUND (0x01|0x81|0x00)
                  raw data (26): 
                  01 81 00 1a 00|e0 4e e4 08 dc 1b 00 d4 03 0f 00 
                  0e 09 50 54 53 2d 47 41 50 2d 45 34 34 45 00
01:37:56:563    < BTP_GAP_EV_DEVICE_FOUND (0x01|0x81|0x00)
                  raw data (26): 
                  01 81 00 1a 00|e0 4e e4 08 dc 1b 00 cf 03 0f 00 
                  0e 09 50 54 53 2d 47 41 50 2d 45 34 34 45 00
01:37:56:629    < BTP_GAP_EV_DEVICE_FOUND (0x01|0x81|0x00)
                  raw data (26): 
                  01 81 00 1a 00|e0 4e e4 08 dc 1b 00 d3 03 0f 00 
                  0e 09 50 54 53 2d 47 41 50 2d 45 34 34 45 00
01:37:56:900    < BTP_GAP_EV_DEVICE_FOUND (0x01|0x81|0x00)
                  raw data (26): 
                  01 81 00 1a 00|e0 4e e4 08 dc 1b 00 d2 03 0f 00 
                  0e 09 50 54 53 2d 47 41 50 2d 45 34 34 45 00
01:37:57:121    < BTP_GAP_EV_DEVICE_FOUND (0x01|0x81|0x00)
                  raw data (38): 
                  01 81 00 26 00|e0 53 00 4c 17 e5 44 ae 03 1b 00 
                  09 09 4e 58 4c 36 36 35 32 38 02 0a 0c 0d 03 0c 
                  11 0a 11 0b 11 0e 11 1f 11 1e 11
01:37:57:198    < BTP_GAP_EV_DEVICE_FOUND (0x01|0x81|0x00)
                  raw data (26): 
                  01 81 00 1a 00|e0 4e e4 08 dc 1b 00 d4 03 0f 00 
                  0e 09 50 54 53 2d 47 41 50 2d 45 34 34 45 00
01:37:57:274    < BTP_GAP_EV_DEVICE_FOUND (0x01|0x81|0x00)
                  raw data (38): 
                  01 81 00 26 00|e0 53 00 4c 17 e5 44 b3 03 1b 00 
                  09 09 4e 58 4c 36 36 35 32 38 02 0a 0c 0d 03 0c 
                  11 0a 11 0b 11 0e 11 1f 11 1e 11
01:37:57:483    > BTP_GAP_CMD_STOP_DISCOVERY (0x01|0x0d|0x00)
                  raw data (0): 01 0d 00 00 00|
01:37:57:533    < BTP_GAP_CMD_STOP_DISCOVERY (0x01|0x0d|0x00)
                  raw data (0): 01 0d 00 00 00|
01:37:57:546    > BTP_GAP_CMD_CONNECT (0x01|0x0e|0x00)
                  raw data (8): 01 0e 00 08 00|e0 4e e4 08 dc 1b 00 00
01:37:57:600    < BTP_GAP_CMD_CONNECT (0x01|0x0e|0x00)
                  raw data (0): 01 0e 00 00 00|
01:38:01:122    < BTP_GAP_EV_DEVICE_CONNECTED (0x01|0x82|0x00)
                  raw data (13): 
                  01 82 00 0d 00|e0 4e e4 08 dc 1b 00 00 00 00 00 
                  00 00
01:38:06:142    < BTP_GAP_EV_DEVICE_DISCONNECTED (0x01|0x83|0x00)
                  raw data (7): 01 83 00 07 00|e0 4e e4 08 dc 1b 00
01:38:07:142    > BTP_GAP_CMD_START_DISCOVERY (0x01|0x0c|0x00)
                  raw data (1): 01 0c 00 01 00|02
01:38:07:199    < BTP_GAP_CMD_START_DISCOVERY (0x01|0x0c|0x00)
                  raw data (0): 01 0c 00 00 00|
01:38:07:772    < BTP_GAP_EV_DEVICE_FOUND (0x01|0x81|0x00)
                  raw data (38): 
                  01 81 00 26 00|e0 53 00 4c 17 e5 44 b2 03 1b 00 
                  09 09 4e 58 4c 36 36 35 32 38 02 0a 0c 0d 03 0c 
                  11 0a 11 0b 11 0e 11 1f 11 1e 11
01:38:08:032    < BTP_GAP_EV_DEVICE_FOUND (0x01|0x81|0x00)
                  raw data (38): 
                  01 81 00 26 00|e0 53 00 4c 17 e5 44 b4 03 1b 00 
                  09 09 4e 58 4c 36 36 35 32 38 02 0a 0c 0d 03 0c 
                  11 0a 11 0b 11 0e 11 1f 11 1e 11
01:38:08:576    < BTP_GAP_EV_DEVICE_FOUND (0x01|0x81|0x00)
                  raw data (38): 
                  01 81 00 26 00|e0 53 00 4c 17 e5 44 b3 03 1b 00 
                  09 09 4e 58 4c 36 36 35 32 38 02 0a 0c 0d 03 0c 
                  11 0a 11 0b 11 0e 11 1f 11 1e 11
01:38:09:034    < BTP_GAP_EV_DEVICE_FOUND (0x01|0x81|0x00)
                  raw data (38): 
                  01 81 00 26 00|e0 53 00 4c 17 e5 44 b1 03 1b 00 
                  09 09 4e 58 4c 36 36 35 32 38 02 0a 0c 0d 03 0c 
                  11 0a 11 0b 11 0e 11 1f 11 1e 11
01:38:09:152    < BTP_GAP_EV_DEVICE_FOUND (0x01|0x81|0x00)
                  raw data (38): 
                  01 81 00 26 00|e0 53 00 4c 17 e5 44 b2 03 1b 00 
                  09 09 4e 58 4c 36 36 35 32 38 02 0a 0c 0d 03 0c 
                  11 0a 11 0b 11 0e 11 1f 11 1e 11
01:38:09:229    < BTP_GAP_EV_DEVICE_FOUND (0x01|0x81|0x00)
                  raw data (38): 
                  01 81 00 26 00|e0 53 00 4c 17 e5 44 ae 03 1b 00 
                  09 09 4e 58 4c 36 36 35 32 38 02 0a 0c 0d 03 0c 
                  11 0a 11 0b 11 0e 11 1f 11 1e 11
01:38:09:416    < BTP_GAP_EV_DEVICE_FOUND (0x01|0x81|0x00)
                  raw data (38): 
                  01 81 00 26 00|e0 53 00 4c 17 e5 44 b3 03 1b 00 
                  09 09 4e 58 4c 36 36 35 32 38 02 0a 0c 0d 03 0c 
                  11 0a 11 0b 11 0e 11 1f 11 1e 11
01:38:09:545    < BTP_GAP_EV_DEVICE_FOUND (0x01|0x81|0x00)
                  raw data (11): 01 81 00 0b 00|e0 53 00 4c 17 e5 44 b2 03 00 00
01:38:09:895    < BTP_GAP_EV_DEVICE_FOUND (0x01|0x81|0x00)
                  raw data (42): 
                  01 81 00 2a 00|e0 eb b2 06 dc 1b 00 ae 03 1f 00 
                  1e 09 41 32 44 50 20 53 6f 75 72 63 65 20 30 30 
                  3a 31 42 3a 44 43 3a 30 36 3a 42 32 3a 45 42
01:38:10:076    < BTP_GAP_EV_DEVICE_FOUND (0x01|0x81|0x00)
                  raw data (11): 01 81 00 0b 00|e0 eb b2 06 dc 1b 00 ab 03 00 00
01:38:10:110    < BTP_GAP_EV_DEVICE_FOUND (0x01|0x81|0x00)
                  raw data (26): 
                  01 81 00 1a 00|e0 4e e4 08 dc 1b 00 d2 03 0f 00 
                  0e 09 50 54 53 2d 47 41 50 2d 45 34 34 45 00
01:38:10:154    < BTP_GAP_EV_DEVICE_FOUND (0x01|0x81|0x00)
                  raw data (26): 
                  01 81 00 1a 00|e0 4e e4 08 dc 1b 00 d3 03 0f 00 
                  0e 09 50 54 53 2d 47 41 50 2d 45 34 34 45 00
01:38:10:251    < BTP_GAP_EV_DEVICE_FOUND (0x01|0x81|0x00)
                  raw data (42): 
                  01 81 00 2a 00|e0 eb b2 06 dc 1b 00 a6 03 1f 00 
                  1e 09 41 32 44 50 20 53 6f 75 72 63 65 20 30 30 
                  3a 31 42 3a 44 43 3a 30 36 3a 42 32 3a 45 42
01:38:10:501    < BTP_GAP_EV_DEVICE_FOUND (0x01|0x81|0x00)
                  raw data (26): 
                  01 81 00 1a 00|e0 4e e4 08 dc 1b 00 d5 03 0f 00 
                  0e 09 50 54 53 2d 47 41 50 2d 45 34 34 45 00
01:38:10:730    < BTP_GAP_EV_DEVICE_FOUND (0x01|0x81|0x00)
                  raw data (11): 01 81 00 0b 00|e0 cd 83 06 dc 1b 00 a9 03 00 00
01:38:10:763    < BTP_GAP_EV_DEVICE_FOUND (0x01|0x81|0x00)
                  raw data (26): 
                  01 81 00 1a 00|e0 4e e4 08 dc 1b 00 d3 03 0f 00 
                  0e 09 50 54 53 2d 47 41 50 2d 45 34 34 45 00
01:38:10:948    < BTP_GAP_EV_DEVICE_FOUND (0x01|0x81|0x00)
                  raw data (42): 
                  01 81 00 2a 00|e0 cd 83 06 dc 1b 00 b0 03 1f 00 
                  1e 09 41 32 44 50 20 53 6f 75 72 63 65 20 30 30 
                  3a 31 42 3a 44 43 3a 30 36 3a 38 33 3a 43 44
01:38:11:370    < BTP_GAP_EV_DEVICE_FOUND (0x01|0x81|0x00)
                  raw data (26): 
                  01 81 00 1a 00|e0 4e e4 08 dc 1b 00 d5 03 0f 00 
                  0e 09 50 54 53 2d 47 41 50 2d 45 34 34 45 00
01:38:11:633    < BTP_GAP_EV_DEVICE_FOUND (0x01|0x81|0x00)
                  raw data (26): 
                  01 81 00 1a 00|e0 4e e4 08 dc 1b 00 d5 03 0f 00 
                  0e 09 50 54 53 2d 47 41 50 2d 45 34 34 45 00
01:38:11:709    < BTP_GAP_EV_DEVICE_FOUND (0x01|0x81|0x00)
                  raw data (42): 
                  01 81 00 2a 00|e0 4d 65 9b 70 f3 5c a7 03 1f 00 
                  1e 09 48 46 50 20 41 47 20 44 65 6d 6f 20 35 43 
                  3a 46 33 3a 37 30 3a 39 42 3a 36 35 3a 34 44
01:38:11:842    < BTP_GAP_EV_DEVICE_FOUND (0x01|0x81|0x00)
                  raw data (42): 
                  01 81 00 2a 00|e0 4d 65 9b 70 f3 5c a5 03 1f 00 
                  1e 09 48 46 50 20 41 47 20 44 65 6d 6f 20 35 43 
                  3a 46 33 3a 37 30 3a 39 42 3a 36 35 3a 34 44
01:38:11:897    < BTP_GAP_EV_DEVICE_FOUND (0x01|0x81|0x00)
                  raw data (26): 
                  01 81 00 1a 00|e0 4e e4 08 dc 1b 00 d2 03 0f 00 
                  0e 09 50 54 53 2d 47 41 50 2d 45 34 34 45 00
01:38:11:930    < BTP_GAP_EV_DEVICE_FOUND (0x01|0x81|0x00)
                  raw data (26): 
                  01 81 00 1a 00|e0 4e e4 08 dc 1b 00 d5 03 0f 00 
                  0e 09 50 54 53 2d 47 41 50 2d 45 34 34 45 00
01:38:12:280    < BTP_GAP_EV_DEVICE_FOUND (0x01|0x81|0x00)
                  raw data (26): 
                  01 81 00 1a 00|e0 4e e4 08 dc 1b 00 d5 03 0f 00 
                  0e 09 50 54 53 2d 47 41 50 2d 45 34 34 45 00
01:38:12:378    < BTP_GAP_EV_DEVICE_FOUND (0x01|0x81|0x00)
                  raw data (38): 
                  01 81 00 26 00|e0 53 00 4c 17 e5 44 ad 03 1b 00 
                  09 09 4e 58 4c 36 36 35 32 38 02 0a 0c 0d 03 0c 
                  11 0a 11 0b 11 0e 11 1f 11 1e 11
01:38:13:382    < BTP_GAP_EV_DEVICE_FOUND (0x01|0x81|0x00)
                  raw data (38): 
                  01 81 00 26 00|e0 53 00 4c 17 e5 44 b4 03 1b 00 
                  09 09 4e 58 4c 36 36 35 32 38 02 0a 0c 0d 03 0c 
                  11 0a 11 0b 11 0e 11 1f 11 1e 11
01:38:13:849    < BTP_GAP_EV_DEVICE_FOUND (0x01|0x81|0x00)
                  raw data (11): 01 81 00 0b 00|e0 53 00 4c 17 e5 44 b2 03 00 00
01:38:13:915    < BTP_GAP_EV_DEVICE_FOUND (0x01|0x81|0x00)
                  raw data (38): 
                  01 81 00 26 00|e0 53 00 4c 17 e5 44 b3 03 1b 00 
                  09 09 4e 58 4c 36 36 35 32 38 02 0a 0c 0d 03 0c 
                  11 0a 11 0b 11 0e 11 1f 11 1e 11
01:38:14:211    < BTP_GAP_EV_DEVICE_FOUND (0x01|0x81|0x00)
                  raw data (38): 
                  01 81 00 26 00|e0 53 00 4c 17 e5 44 af 03 1b 00 
                  09 09 4e 58 4c 36 36 35 32 38 02 0a 0c 0d 03 0c 
                  11 0a 11 0b 11 0e 11 1f 11 1e 11
01:38:14:643    < BTP_GAP_EV_DEVICE_FOUND (0x01|0x81|0x00)
                  raw data (26): 
                  01 81 00 1a 00|e0 4e e4 08 dc 1b 00 d3 03 0f 00 
                  0e 09 50 54 53 2d 47 41 50 2d 45 34 34 45 00
01:38:16:240    < BTP_GAP_EV_DEVICE_FOUND (0x01|0x81|0x00)
                  raw data (38): 
                  01 81 00 26 00|e0 53 00 4c 17 e5 44 aa 03 1b 00 
                  09 09 4e 58 4c 36 36 35 32 38 02 0a 0c 0d 03 0c 
                  11 0a 11 0b 11 0e 11 1f 11 1e 11
01:38:16:560    < BTP_GAP_EV_DEVICE_FOUND (0x01|0x81|0x00)
                  raw data (38): 
                  01 81 00 26 00|e0 53 00 4c 17 e5 44 b3 03 1b 00 
                  09 09 4e 58 4c 36 36 35 32 38 02 0a 0c 0d 03 0c 
                  11 0a 11 0b 11 0e 11 1f 11 1e 11
01:38:16:648    < BTP_GAP_EV_DEVICE_FOUND (0x01|0x81|0x00)
                  raw data (38): 
                  01 81 00 26 00|e0 53 00 4c 17 e5 44 b1 03 1b 00 
                  09 09 4e 58 4c 36 36 35 32 38 02 0a 0c 0d 03 0c 
                  11 0a 11 0b 11 0e 11 1f 11 1e 11
01:38:16:834    < BTP_GAP_EV_DEVICE_FOUND (0x01|0x81|0x00)
                  raw data (11): 01 81 00 0b 00|e0 4d 65 9b 70 f3 5c a1 03 00 00
01:38:16:877    < BTP_GAP_EV_DEVICE_FOUND (0x01|0x81|0x00)
                  raw data (38): 
                  01 81 00 26 00|e0 53 00 4c 17 e5 44 b2 03 1b 00 
                  09 09 4e 58 4c 36 36 35 32 38 02 0a 0c 0d 03 0c 
                  11 0a 11 0b 11 0e 11 1f 11 1e 11
01:38:16:877    < BTP_GAP_EV_DEVICE_FOUND (0x01|0x81|0x00)
                  raw data (42): 
                  01 81 00 2a 00|e0 4d 65 9b 70 f3 5c a5 03 1f 00 
                  1e 09 48 46 50 20 41 47 20 44 65 6d 6f 20 35 43 
                  3a 46 33 3a 37 30 3a 39 42 3a 36 35 3a 34 44
01:38:17:038    < BTP_GAP_EV_DEVICE_FOUND (0x01|0x81|0x00)
                  raw data (38): 
                  01 81 00 26 00|e0 53 00 4c 17 e5 44 ae 03 1b 00 
                  09 09 4e 58 4c 36 36 35 32 38 02 0a 0c 0d 03 0c 
                  11 0a 11 0b 11 0e 11 1f 11 1e 11
01:38:17:169    < BTP_GAP_EV_DEVICE_FOUND (0x01|0x81|0x00)
                  raw data (42): 
                  01 81 00 2a 00|e0 cd 83 06 dc 1b 00 ae 03 1f 00 
                  1e 09 41 32 44 50 20 53 6f 75 72 63 65 20 30 30 
                  3a 31 42 3a 44 43 3a 30 36 3a 38 33 3a 43 44
01:38:17:202    < BTP_GAP_EV_DEVICE_FOUND (0x01|0x81|0x00)
                  raw data (11): 01 81 00 0b 00|e0 cd 83 06 dc 1b 00 a9 03 00 00
01:38:17:206    > BTP_GAP_CMD_STOP_DISCOVERY (0x01|0x0d|0x00)
                  raw data (0): 01 0d 00 00 00|
01:38:17:240    < BTP_GAP_CMD_STOP_DISCOVERY (0x01|0x0d|0x00)
                  raw data (0): 01 0d 00 00 00|
01:38:17:252    > BTP_GAP_CMD_CONNECT (0x01|0x0e|0x00)
                  raw data (8): 01 0e 00 08 00|e0 4e e4 08 dc 1b 00 00
01:38:17:312    < BTP_GAP_CMD_CONNECT (0x01|0x0e|0x00)
                  raw data (0): 01 0e 00 00 00|
01:38:20:899    < BTP_GAP_EV_DEVICE_CONNECTED (0x01|0x82|0x00)
                  raw data (13): 
                  01 82 00 0d 00|e0 4e e4 08 dc 1b 00 00 00 00 00 
                  00 00
01:38:21:942    > BTP_GAP_CMD_PAIR_V2 (0x01|0x2a|0x00)
                  raw data (10): 01 2a 00 0a 00|e0 4e e4 08 dc 1b 00 ff 04 00
01:38:21:997    < BTP_GAP_CMD_PAIR_V2 (0x01|0x2a|0x00)
                  raw data (0): 01 2a 00 00 00|
01:38:22:887    < BTP_GAP_EV_PASSKEY_CONFIRM_REQ (0x01|0x86|0x00)
                  raw data (11): 01 86 00 0b 00|e0 4e e4 08 dc 1b 00 89 98 0b 00
01:38:23:001    > BTP_GAP_CMD_PASSKEY_CONFIRM (0x01|0x14|0x00)
                  raw data (8): 01 14 00 08 00|e0 4e e4 08 dc 1b 00 01
01:38:23:057    < BTP_GAP_CMD_PASSKEY_CONFIRM (0x01|0x14|0x00)
                  raw data (0): 01 14 00 00 00|
01:38:23:734    < BTP_GAP_EV_ENCRYPTION_CHANGE (0x01|0x91|0x00)
                  raw data (9): 01 91 00 09 00|e0 4e e4 08 dc 1b 00 00 00
01:39:17:146    < BTP_GAP_EV_DEVICE_DISCONNECTED (0x01|0x83|0x00)
                  raw data (7): 01 83 00 07 00|e0 4e e4 08 dc 1b 00
01:39:18:128    > BTP_GAP_CMD_START_DISCOVERY (0x01|0x0c|0x00)
                  raw data (1): 01 0c 00 01 00|02
01:39:18:189    < BTP_GAP_CMD_START_DISCOVERY (0x01|0x0c|0x00)
                  raw data (0): 01 0c 00 00 00|
01:39:18:859    < BTP_GAP_EV_DEVICE_FOUND (0x01|0x81|0x00)
                  raw data (38): 
                  01 81 00 26 00|e0 53 00 4c 17 e5 44 b2 03 1b 00 
                  09 09 4e 58 4c 36 36 35 32 38 02 0a 0c 0d 03 0c 
                  11 0a 11 0b 11 0e 11 1f 11 1e 11
01:39:19:381    < BTP_GAP_EV_DEVICE_FOUND (0x01|0x81|0x00)
                  raw data (26): 
                  01 81 00 1a 00|e0 4e e4 08 dc 1b 00 d0 03 0f 00 
                  0e 09 50 54 53 2d 47 41 50 2d 45 34 34 45 00
01:39:19:480    < BTP_GAP_EV_DEVICE_FOUND (0x01|0x81|0x00)
                  raw data (38): 
                  01 81 00 26 00|e0 53 00 4c 17 e5 44 b0 03 1b 00 
                  09 09 4e 58 4c 36 36 35 32 38 02 0a 0c 0d 03 0c 
                  11 0a 11 0b 11 0e 11 1f 11 1e 11
01:39:19:513    < BTP_GAP_EV_DEVICE_FOUND (0x01|0x81|0x00)
                  raw data (42): 
                  01 81 00 2a 00|e0 4d 65 9b 70 f3 5c a7 03 1f 00 
                  1e 09 48 46 50 20 41 47 20 44 65 6d 6f 20 35 43 
                  3a 46 33 3a 37 30 3a 39 42 3a 36 35 3a 34 44
01:39:19:579    < BTP_GAP_EV_DEVICE_FOUND (0x01|0x81|0x00)
                  raw data (26): 
                  01 81 00 1a 00|e0 4e e4 08 dc 1b 00 d2 03 0f 00 
                  0e 09 50 54 53 2d 47 41 50 2d 45 34 34 45 00
01:39:19:753    < BTP_GAP_EV_DEVICE_FOUND (0x01|0x81|0x00)
                  raw data (42): 
                  01 81 00 2a 00|e0 eb b2 06 dc 1b 00 aa 03 1f 00 
                  1e 09 41 32 44 50 20 53 6f 75 72 63 65 20 30 30 
                  3a 31 42 3a 44 43 3a 30 36 3a 42 32 3a 45 42
01:39:19:851    < BTP_GAP_EV_DEVICE_FOUND (0x01|0x81|0x00)
                  raw data (26): 
                  01 81 00 1a 00|e0 4e e4 08 dc 1b 00 d0 03 0f 00 
                  0e 09 50 54 53 2d 47 41 50 2d 45 34 34 45 00
01:39:19:916    < BTP_GAP_EV_DEVICE_FOUND (0x01|0x81|0x00)
                  raw data (42): 
                  01 81 00 2a 00|e0 4d 65 9b 70 f3 5c a5 03 1f 00 
                  1e 09 48 46 50 20 41 47 20 44 65 6d 6f 20 35 43 
                  3a 46 33 3a 37 30 3a 39 42 3a 36 35 3a 34 44
01:39:19:917    < BTP_GAP_EV_DEVICE_FOUND (0x01|0x81|0x00)
                  raw data (42): 
                  01 81 00 2a 00|e0 eb b2 06 dc 1b 00 a4 03 1f 00 
                  1e 09 41 32 44 50 20 53 6f 75 72 63 65 20 30 30 
                  3a 31 42 3a 44 43 3a 30 36 3a 42 32 3a 45 42
01:39:20:069    < BTP_GAP_EV_DEVICE_FOUND (0x01|0x81|0x00)
                  raw data (38): 
                  01 81 00 26 00|e0 53 00 4c 17 e5 44 b1 03 1b 00 
                  09 09 4e 58 4c 36 36 35 32 38 02 0a 0c 0d 03 0c 
                  11 0a 11 0b 11 0e 11 1f 11 1e 11
01:39:20:186    < BTP_GAP_EV_DEVICE_FOUND (0x01|0x81|0x00)
                  raw data (38): 
                  01 81 00 26 00|e0 53 00 4c 17 e5 44 b2 03 1b 00 
                  09 09 4e 58 4c 36 36 35 32 38 02 0a 0c 0d 03 0c 
                  11 0a 11 0b 11 0e 11 1f 11 1e 11
01:39:20:264    < BTP_GAP_EV_DEVICE_FOUND (0x01|0x81|0x00)
                  raw data (26): 
                  01 81 00 1a 00|e0 4e e4 08 dc 1b 00 d0 03 0f 00 
                  0e 09 50 54 53 2d 47 41 50 2d 45 34 34 45 00
01:39:20:297    < BTP_GAP_EV_DEVICE_FOUND (0x01|0x81|0x00)
                  raw data (42): 
                  01 81 00 2a 00|e0 eb b2 06 dc 1b 00 a5 03 1f 00 
                  1e 09 41 32 44 50 20 53 6f 75 72 63 65 20 30 30 
                  3a 31 42 3a 44 43 3a 30 36 3a 42 32 3a 45 42
01:39:20:461    < BTP_GAP_EV_DEVICE_FOUND (0x01|0x81|0x00)
                  raw data (26): 
                  01 81 00 1a 00|e0 4e e4 08 dc 1b 00 d2 03 0f 00 
                  0e 09 50 54 53 2d 47 41 50 2d 45 34 34 45 00
01:39:20:462    < BTP_GAP_EV_DEVICE_FOUND (0x01|0x81|0x00)
                  raw data (11): 01 81 00 0b 00|e0 4d 65 9b 70 f3 5c a2 03 00 00
01:39:20:517    < BTP_GAP_EV_DEVICE_FOUND (0x01|0x81|0x00)
                  raw data (38): 
                  01 81 00 26 00|e0 53 00 4c 17 e5 44 b3 03 1b 00 
                  09 09 4e 58 4c 36 36 35 32 38 02 0a 0c 0d 03 0c 
                  11 0a 11 0b 11 0e 11 1f 11 1e 11
01:39:20:747    < BTP_GAP_EV_DEVICE_FOUND (0x01|0x81|0x00)
                  raw data (38): 
                  01 81 00 26 00|e0 53 00 4c 17 e5 44 b3 03 1b 00 
                  09 09 4e 58 4c 36 36 35 32 38 02 0a 0c 0d 03 0c 
                  11 0a 11 0b 11 0e 11 1f 11 1e 11
01:39:20:781    < BTP_GAP_EV_DEVICE_FOUND (0x01|0x81|0x00)
                  raw data (38): 
                  01 81 00 26 00|e0 53 00 4c 17 e5 44 b1 03 1b 00 
                  09 09 4e 58 4c 36 36 35 32 38 02 0a 0c 0d 03 0c 
                  11 0a 11 0b 11 0e 11 1f 11 1e 11
01:39:20:858    < BTP_GAP_EV_DEVICE_FOUND (0x01|0x81|0x00)
                  raw data (42): 
                  01 81 00 2a 00|e0 95 83 06 dc 1b 00 ae 03 1f 00 
                  1e 09 48 46 50 20 41 47 20 44 65 6d 6f 20 30 30 
                  3a 31 42 3a 44 43 3a 30 36 3a 38 33 3a 39 35
01:39:20:879    < BTP_GAP_EV_DEVICE_FOUND (0x01|0x81|0x00)
                  raw data (38): 
                  01 81 00 26 00|e0 53 00 4c 17 e5 44 b2 03 1b 00 
                  09 09 4e 58 4c 36 36 35 32 38 02 0a 0c 0d 03 0c 
                  11 0a 11 0b 11 0e 11 1f 11 1e 11
01:39:21:380    < BTP_GAP_EV_DEVICE_FOUND (0x01|0x81|0x00)
                  raw data (42): 
                  01 81 00 2a 00|e0 95 83 06 dc 1b 00 ac 03 1f 00 
                  1e 09 48 46 50 20 41 47 20 44 65 6d 6f 20 30 30 
                  3a 31 42 3a 44 43 3a 30 36 3a 38 33 3a 39 35
01:39:21:391    < BTP_GAP_EV_DEVICE_FOUND (0x01|0x81|0x00)
                  raw data (38): 
                  01 81 00 26 00|e0 53 00 4c 17 e5 44 ae 03 1b 00 
                  09 09 4e 58 4c 36 36 35 32 38 02 0a 0c 0d 03 0c 
                  11 0a 11 0b 11 0e 11 1f 11 1e 11
01:39:21:598    < BTP_GAP_EV_DEVICE_FOUND (0x01|0x81|0x00)
                  raw data (42): 
                  01 81 00 2a 00|e0 cd 83 06 dc 1b 00 ab 03 1f 00 
                  1e 09 41 32 44 50 20 53 6f 75 72 63 65 20 30 30 
                  3a 31 42 3a 44 43 3a 30 36 3a 38 33 3a 43 44
01:39:21:665    < BTP_GAP_EV_DEVICE_FOUND (0x01|0x81|0x00)
                  raw data (38): 
                  01 81 00 26 00|e0 53 00 4c 17 e5 44 b2 03 1b 00 
                  09 09 4e 58 4c 36 36 35 32 38 02 0a 0c 0d 03 0c 
                  11 0a 11 0b 11 0e 11 1f 11 1e 11
01:39:21:949    < BTP_GAP_EV_DEVICE_FOUND (0x01|0x81|0x00)
                  raw data (42): 
                  01 81 00 2a 00|e0 95 83 06 dc 1b 00 a6 03 1f 00 
                  1e 09 48 46 50 20 41 47 20 44 65 6d 6f 20 30 30 
                  3a 31 42 3a 44 43 3a 30 36 3a 38 33 3a 39 35
01:39:22:256    < BTP_GAP_EV_DEVICE_FOUND (0x01|0x81|0x00)
                  raw data (38): 
                  01 81 00 26 00|e0 53 00 4c 17 e5 44 b4 03 1b 00 
                  09 09 4e 58 4c 36 36 35 32 38 02 0a 0c 0d 03 0c 
                  11 0a 11 0b 11 0e 11 1f 11 1e 11
01:39:22:835    < BTP_GAP_EV_DEVICE_FOUND (0x01|0x81|0x00)
                  raw data (38): 
                  01 81 00 26 00|e0 53 00 4c 17 e5 44 b2 03 1b 00 
                  09 09 4e 58 4c 36 36 35 32 38 02 0a 0c 0d 03 0c 
                  11 0a 11 0b 11 0e 11 1f 11 1e 11
01:39:23:357    < BTP_GAP_EV_DEVICE_FOUND (0x01|0x81|0x00)
                  raw data (11): 01 81 00 0b 00|e0 eb b2 06 dc 1b 00 ac 03 00 00
01:39:23:620    < BTP_GAP_EV_DEVICE_FOUND (0x01|0x81|0x00)
                  raw data (26): 
                  01 81 00 1a 00|e0 4e e4 08 dc 1b 00 d4 03 0f 00 
                  0e 09 50 54 53 2d 47 41 50 2d 45 34 34 45 00
01:39:23:664    < BTP_GAP_EV_DEVICE_FOUND (0x01|0x81|0x00)
                  raw data (26): 
                  01 81 00 1a 00|e0 4e e4 08 dc 1b 00 d4 03 0f 00 
                  0e 09 50 54 53 2d 47 41 50 2d 45 34 34 45 00
01:39:23:871    < BTP_GAP_EV_DEVICE_FOUND (0x01|0x81|0x00)
                  raw data (26): 
                  01 81 00 1a 00|e0 4e e4 08 dc 1b 00 d2 03 0f 00 
                  0e 09 50 54 53 2d 47 41 50 2d 45 34 34 45 00
01:39:23:980    < BTP_GAP_EV_DEVICE_FOUND (0x01|0x81|0x00)
                  raw data (42): 
                  01 81 00 2a 00|e0 eb b2 06 dc 1b 00 a6 03 1f 00 
                  1e 09 41 32 44 50 20 53 6f 75 72 63 65 20 30 30 
                  3a 31 42 3a 44 43 3a 30 36 3a 42 32 3a 45 42
01:39:23:991    < BTP_GAP_EV_DEVICE_FOUND (0x01|0x81|0x00)
                  raw data (38): 
                  01 81 00 26 00|e0 53 00 4c 17 e5 44 a6 03 1b 00 
                  09 09 4e 58 4c 36 36 35 32 38 02 0a 0c 0d 03 0c 
                  11 0a 11 0b 11 0e 11 1f 11 1e 11
01:39:24:297    < BTP_GAP_EV_DEVICE_FOUND (0x01|0x81|0x00)
                  raw data (26): 
                  01 81 00 1a 00|e0 4e e4 08 dc 1b 00 d5 03 0f 00 
                  0e 09 50 54 53 2d 47 41 50 2d 45 34 34 45 00
01:39:24:459    < BTP_GAP_EV_DEVICE_FOUND (0x01|0x81|0x00)
                  raw data (26): 
                  01 81 00 1a 00|e0 4e e4 08 dc 1b 00 d5 03 0f 00 
                  0e 09 50 54 53 2d 47 41 50 2d 45 34 34 45 00
01:39:24:525    < BTP_GAP_EV_DEVICE_FOUND (0x01|0x81|0x00)
                  raw data (42): 
                  01 81 00 2a 00|e0 eb b2 06 dc 1b 00 a8 03 1f 00 
                  1e 09 41 32 44 50 20 53 6f 75 72 63 65 20 30 30 
                  3a 31 42 3a 44 43 3a 30 36 3a 42 32 3a 45 42
01:39:24:829    < BTP_GAP_EV_DEVICE_FOUND (0x01|0x81|0x00)
                  raw data (42): 
                  01 81 00 2a 00|e0 95 83 06 dc 1b 00 ab 03 1f 00 
                  1e 09 48 46 50 20 41 47 20 44 65 6d 6f 20 30 30 
                  3a 31 42 3a 44 43 3a 30 36 3a 38 33 3a 39 35
01:39:24:916    < BTP_GAP_EV_DEVICE_FOUND (0x01|0x81|0x00)
                  raw data (26): 
                  01 81 00 1a 00|e0 4e e4 08 dc 1b 00 d3 03 0f 00 
                  0e 09 50 54 53 2d 47 41 50 2d 45 34 34 45 00
01:39:24:916    < BTP_GAP_EV_DEVICE_FOUND (0x01|0x81|0x00)
                  raw data (42): 
                  01 81 00 2a 00|e0 95 83 06 dc 1b 00 a7 03 1f 00 
                  1e 09 48 46 50 20 41 47 20 44 65 6d 6f 20 30 30 
                  3a 31 42 3a 44 43 3a 30 36 3a 38 33 3a 39 35
01:39:25:036    < BTP_GAP_EV_DEVICE_FOUND (0x01|0x81|0x00)
                  raw data (42): 
                  01 81 00 2a 00|e0 eb b2 06 dc 1b 00 b3 03 1f 00 
                  1e 09 41 32 44 50 20 53 6f 75 72 63 65 20 30 30 
                  3a 31 42 3a 44 43 3a 30 36 3a 42 32 3a 45 42
01:39:25:201    < BTP_GAP_EV_DEVICE_FOUND (0x01|0x81|0x00)
                  raw data (42): 
                  01 81 00 2a 00|e0 eb b2 06 dc 1b 00 ae 03 1f 00 
                  1e 09 41 32 44 50 20 53 6f 75 72 63 65 20 30 30 
                  3a 31 42 3a 44 43 3a 30 36 3a 42 32 3a 45 42
01:39:25:309    < BTP_GAP_EV_DEVICE_FOUND (0x01|0x81|0x00)
                  raw data (26): 
                  01 81 00 1a 00|e0 4e e4 08 dc 1b 00 d5 03 0f 00 
                  0e 09 50 54 53 2d 47 41 50 2d 45 34 34 45 00
01:39:25:343    < BTP_GAP_EV_DEVICE_FOUND (0x01|0x81|0x00)
                  raw data (42): 
                  01 81 00 2a 00|e0 95 83 06 dc 1b 00 ac 03 1f 00 
                  1e 09 48 46 50 20 41 47 20 44 65 6d 6f 20 30 30 
                  3a 31 42 3a 44 43 3a 30 36 3a 38 33 3a 39 35
01:39:25:497    < BTP_GAP_EV_DEVICE_FOUND (0x01|0x81|0x00)
                  raw data (42): 
                  01 81 00 2a 00|e0 eb b2 06 dc 1b 00 ae 03 1f 00 
                  1e 09 41 32 44 50 20 53 6f 75 72 63 65 20 30 30 
                  3a 31 42 3a 44 43 3a 30 36 3a 42 32 3a 45 42
01:39:25:508    < BTP_GAP_EV_DEVICE_FOUND (0x01|0x81|0x00)
                  raw data (38): 
                  01 81 00 26 00|e0 53 00 4c 17 e5 44 b2 03 1b 00 
                  09 09 4e 58 4c 36 36 35 32 38 02 0a 0c 0d 03 0c 
                  11 0a 11 0b 11 0e 11 1f 11 1e 11
01:39:25:672    < BTP_GAP_EV_DEVICE_FOUND (0x01|0x81|0x00)
                  raw data (38): 
                  01 81 00 26 00|e0 53 00 4c 17 e5 44 b4 03 1b 00 
                  09 09 4e 58 4c 36 36 35 32 38 02 0a 0c 0d 03 0c 
                  11 0a 11 0b 11 0e 11 1f 11 1e 11
01:39:25:694    < BTP_GAP_EV_DEVICE_FOUND (0x01|0x81|0x00)
                  raw data (38): 
                  01 81 00 26 00|e0 53 00 4c 17 e5 44 a8 03 1b 00 
                  09 09 4e 58 4c 36 36 35 32 38 02 0a 0c 0d 03 0c 
                  11 0a 11 0b 11 0e 11 1f 11 1e 11
01:39:26:032    < BTP_GAP_EV_DEVICE_FOUND (0x01|0x81|0x00)
                  raw data (11): 01 81 00 0b 00|e0 53 00 4c 17 e5 44 b0 03 00 00
01:39:26:641    < BTP_GAP_EV_DEVICE_FOUND (0x01|0x81|0x00)
                  raw data (38): 
                  01 81 00 26 00|e0 53 00 4c 17 e5 44 b2 03 1b 00 
                  09 09 4e 58 4c 36 36 35 32 38 02 0a 0c 0d 03 0c 
                  11 0a 11 0b 11 0e 11 1f 11 1e 11
01:39:26:979    < BTP_GAP_EV_DEVICE_FOUND (0x01|0x81|0x00)
                  raw data (38): 
                  01 81 00 26 00|e0 53 00 4c 17 e5 44 b3 03 1b 00 
                  09 09 4e 58 4c 36 36 35 32 38 02 0a 0c 0d 03 0c 
                  11 0a 11 0b 11 0e 11 1f 11 1e 11
01:39:27:044    < BTP_GAP_EV_DEVICE_FOUND (0x01|0x81|0x00)
                  raw data (42): 
                  01 81 00 2a 00|e0 cd 83 06 dc 1b 00 ad 03 1f 00 
                  1e 09 41 32 44 50 20 53 6f 75 72 63 65 20 30 30 
                  3a 31 42 3a 44 43 3a 30 36 3a 38 33 3a 43 44
01:39:27:547    < BTP_GAP_EV_DEVICE_FOUND (0x01|0x81|0x00)
                  raw data (38): 
                  01 81 00 26 00|e0 53 00 4c 17 e5 44 b2 03 1b 00 
                  09 09 4e 58 4c 36 36 35 32 38 02 0a 0c 0d 03 0c 
                  11 0a 11 0b 11 0e 11 1f 11 1e 11
01:39:28:034    < BTP_GAP_EV_DEVICE_FOUND (0x01|0x81|0x00)
                  raw data (38): 
                  01 81 00 26 00|e0 53 00 4c 17 e5 44 b2 03 1b 00 
                  09 09 4e 58 4c 36 36 35 32 38 02 0a 0c 0d 03 0c 
                  11 0a 11 0b 11 0e 11 1f 11 1e 11
01:39:28:207    > BTP_GAP_CMD_STOP_DISCOVERY (0x01|0x0d|0x00)
                  raw data (0): 01 0d 00 00 00|
01:39:28:273    < BTP_GAP_EV_DEVICE_FOUND (0x01|0x81|0x00)
                  raw data (38): 
                  01 81 00 26 00|e0 53 00 4c 17 e5 44 b4 03 1b 00 
                  09 09 4e 58 4c 36 36 35 32 38 02 0a 0c 0d 03 0c 
                  11 0a 11 0b 11 0e 11 1f 11 1e 11
01:39:28:289    < BTP_GAP_CMD_STOP_DISCOVERY (0x01|0x0d|0x00)
                  raw data (0): 01 0d 00 00 00|
01:39:28:296    > BTP_GAP_CMD_CONNECT (0x01|0x0e|0x00)
                  raw data (8): 01 0e 00 08 00|e0 4e e4 08 dc 1b 00 00
01:39:28:360    < BTP_GAP_CMD_CONNECT (0x01|0x0e|0x00)
                  raw data (0): 01 0e 00 00 00|
01:39:31:267    < BTP_GAP_EV_DEVICE_CONNECTED (0x01|0x82|0x00)
                  raw data (13): 
                  01 82 00 0d 00|e0 4e e4 08 dc 1b 00 00 00 00 00 
                  00 00
01:39:32:286    > BTP_GAP_CMD_PAIR_V2 (0x01|0x2a|0x00)
                  raw data (10): 01 2a 00 0a 00|e0 4e e4 08 dc 1b 00 ff 04 00
01:39:32:334    < BTP_GAP_CMD_PAIR_V2 (0x01|0x2a|0x00)
                  raw data (0): 01 2a 00 00 00|
01:39:32:345    < BTP_GAP_EV_ENCRYPTION_CHANGE (0x01|0x91|0x00)
                  raw data (9): 01 91 00 09 00|e0 4e e4 08 dc 1b 00 00 00
01:40:27:426    < BTP_GAP_EV_DEVICE_DISCONNECTED (0x01|0x83|0x00)
                  raw data (7): 01 83 00 07 00|e0 4e e4 08 dc 1b 00
01:40:28:408    > BTP_GAP_CMD_START_DISCOVERY (0x01|0x0c|0x00)
                  raw data (1): 01 0c 00 01 00|02
01:40:28:468    < BTP_GAP_CMD_START_DISCOVERY (0x01|0x0c|0x00)
                  raw data (0): 01 0c 00 00 00|
01:40:28:531    < BTP_GAP_EV_DEVICE_FOUND (0x01|0x81|0x00)
                  raw data (38): 
                  01 81 00 26 00|e0 53 00 4c 17 e5 44 a6 03 1b 00 
                  09 09 4e 58 4c 36 36 35 32 38 02 0a 0c 0d 03 0c 
                  11 0a 11 0b 11 0e 11 1f 11 1e 11
01:40:29:155    < BTP_GAP_EV_DEVICE_FOUND (0x01|0x81|0x00)
                  raw data (38): 
                  01 81 00 26 00|e0 53 00 4c 17 e5 44 b0 03 1b 00 
                  09 09 4e 58 4c 36 36 35 32 38 02 0a 0c 0d 03 0c 
                  11 0a 11 0b 11 0e 11 1f 11 1e 11
01:40:29:527    < BTP_GAP_EV_DEVICE_FOUND (0x01|0x81|0x00)
                  raw data (11): 01 81 00 0b 00|e0 cd 83 06 dc 1b 00 a9 03 00 00
01:40:29:669    < BTP_GAP_EV_DEVICE_FOUND (0x01|0x81|0x00)
                  raw data (42): 
                  01 81 00 2a 00|e0 cd 83 06 dc 1b 00 b0 03 1f 00 
                  1e 09 41 32 44 50 20 53 6f 75 72 63 65 20 30 30 
                  3a 31 42 3a 44 43 3a 30 36 3a 38 33 3a 43 44
01:40:29:791    < BTP_GAP_EV_DEVICE_FOUND (0x01|0x81|0x00)
                  raw data (38): 
                  01 81 00 26 00|e0 53 00 4c 17 e5 44 b4 03 1b 00 
                  09 09 4e 58 4c 36 36 35 32 38 02 0a 0c 0d 03 0c 
                  11 0a 11 0b 11 0e 11 1f 11 1e 11
01:40:30:151    < BTP_GAP_EV_DEVICE_FOUND (0x01|0x81|0x00)
                  raw data (42): 
                  01 81 00 2a 00|e0 cd 83 06 dc 1b 00 b2 03 1f 00 
                  1e 09 41 32 44 50 20 53 6f 75 72 63 65 20 30 30 
                  3a 31 42 3a 44 43 3a 30 36 3a 38 33 3a 43 44
01:40:30:195    < BTP_GAP_EV_DEVICE_FOUND (0x01|0x81|0x00)
                  raw data (38): 
                  01 81 00 26 00|e0 53 00 4c 17 e5 44 b3 03 1b 00 
                  09 09 4e 58 4c 36 36 35 32 38 02 0a 0c 0d 03 0c 
                  11 0a 11 0b 11 0e 11 1f 11 1e 11
01:40:30:282    < BTP_GAP_EV_DEVICE_FOUND (0x01|0x81|0x00)
                  raw data (38): 
                  01 81 00 26 00|e0 53 00 4c 17 e5 44 a9 03 1b 00 
                  09 09 4e 58 4c 36 36 35 32 38 02 0a 0c 0d 03 0c 
                  11 0a 11 0b 11 0e 11 1f 11 1e 11
01:40:30:555    < BTP_GAP_EV_DEVICE_FOUND (0x01|0x81|0x00)
                  raw data (38): 
                  01 81 00 26 00|e0 53 00 4c 17 e5 44 b0 03 1b 00 
                  09 09 4e 58 4c 36 36 35 32 38 02 0a 0c 0d 03 0c 
                  11 0a 11 0b 11 0e 11 1f 11 1e 11
01:40:30:686    < BTP_GAP_EV_DEVICE_FOUND (0x01|0x81|0x00)
                  raw data (38): 
                  01 81 00 26 00|e0 53 00 4c 17 e5 44 ad 03 1b 00 
                  09 09 4e 58 4c 36 36 35 32 38 02 0a 0c 0d 03 0c 
                  11 0a 11 0b 11 0e 11 1f 11 1e 11
01:40:31:308    < BTP_GAP_EV_DEVICE_FOUND (0x01|0x81|0x00)
                  raw data (11): 01 81 00 0b 00|e0 53 00 4c 17 e5 44 b4 03 00 00
01:40:31:666    < BTP_GAP_EV_DEVICE_FOUND (0x01|0x81|0x00)
                  raw data (38): 
                  01 81 00 26 00|e0 53 00 4c 17 e5 44 b4 03 1b 00 
                  09 09 4e 58 4c 36 36 35 32 38 02 0a 0c 0d 03 0c 
                  11 0a 11 0b 11 0e 11 1f 11 1e 11
01:40:31:972    < BTP_GAP_EV_DEVICE_FOUND (0x01|0x81|0x00)
                  raw data (38): 
                  01 81 00 26 00|e0 53 00 4c 17 e5 44 b2 03 1b 00 
                  09 09 4e 58 4c 36 36 35 32 38 02 0a 0c 0d 03 0c 
                  11 0a 11 0b 11 0e 11 1f 11 1e 11
01:40:32:263    < BTP_GAP_EV_DEVICE_FOUND (0x01|0x81|0x00)
                  raw data (38): 
                  01 81 00 26 00|e0 53 00 4c 17 e5 44 b2 03 1b 00 
                  09 09 4e 58 4c 36 36 35 32 38 02 0a 0c 0d 03 0c 
                  11 0a 11 0b 11 0e 11 1f 11 1e 11
01:40:32:423    < BTP_GAP_EV_DEVICE_FOUND (0x01|0x81|0x00)
                  raw data (42): 
                  01 81 00 2a 00|e0 95 83 06 dc 1b 00 a5 03 1f 00 
                  1e 09 48 46 50 20 41 47 20 44 65 6d 6f 20 30 30 
                  3a 31 42 3a 44 43 3a 30 36 3a 38 33 3a 39 35
01:40:32:532    < BTP_GAP_EV_DEVICE_FOUND (0x01|0x81|0x00)
                  raw data (42): 
                  01 81 00 2a 00|e0 eb b2 06 dc 1b 00 ab 03 1f 00 
                  1e 09 41 32 44 50 20 53 6f 75 72 63 65 20 30 30 
                  3a 31 42 3a 44 43 3a 30 36 3a 42 32 3a 45 42
01:40:32:663    < BTP_GAP_EV_DEVICE_FOUND (0x01|0x81|0x00)
                  raw data (38): 
                  01 81 00 26 00|e0 53 00 4c 17 e5 44 b3 03 1b 00 
                  09 09 4e 58 4c 36 36 35 32 38 02 0a 0c 0d 03 0c 
                  11 0a 11 0b 11 0e 11 1f 11 1e 11
01:40:32:674    < BTP_GAP_EV_DEVICE_FOUND (0x01|0x81|0x00)
                  raw data (26): 
                  01 81 00 1a 00|e0 4e e4 08 dc 1b 00 d1 03 0f 00 
                  0e 09 50 54 53 2d 47 41 50 2d 45 34 34 45 00
01:40:33:153    < BTP_GAP_EV_DEVICE_FOUND (0x01|0x81|0x00)
                  raw data (38): 
                  01 81 00 26 00|e0 53 00 4c 17 e5 44 b1 03 1b 00 
                  09 09 4e 58 4c 36 36 35 32 38 02 0a 0c 0d 03 0c 
                  11 0a 11 0b 11 0e 11 1f 11 1e 11
01:40:33:296    < BTP_GAP_EV_DEVICE_FOUND (0x01|0x81|0x00)
                  raw data (26): 
                  01 81 00 1a 00|e0 4e e4 08 dc 1b 00 d3 03 0f 00 
                  0e 09 50 54 53 2d 47 41 50 2d 45 34 34 45 00
01:40:33:384    < BTP_GAP_EV_DEVICE_FOUND (0x01|0x81|0x00)
                  raw data (42): 
                  01 81 00 2a 00|e0 95 83 06 dc 1b 00 ac 03 1f 00 
                  1e 09 48 46 50 20 41 47 20 44 65 6d 6f 20 30 30 
                  3a 31 42 3a 44 43 3a 30 36 3a 38 33 3a 39 35
01:40:33:546    < BTP_GAP_EV_DEVICE_FOUND (0x01|0x81|0x00)
                  raw data (38): 
                  01 81 00 26 00|e0 53 00 4c 17 e5 44 b2 03 1b 00 
                  09 09 4e 58 4c 36 36 35 32 38 02 0a 0c 0d 03 0c 
                  11 0a 11 0b 11 0e 11 1f 11 1e 11
01:40:34:159    < BTP_GAP_EV_DEVICE_FOUND (0x01|0x81|0x00)
                  raw data (26): 
                  01 81 00 1a 00|e0 4e e4 08 dc 1b 00 d3 03 0f 00 
                  0e 09 50 54 53 2d 47 41 50 2d 45 34 34 45 00
01:40:34:452    < BTP_GAP_EV_DEVICE_FOUND (0x01|0x81|0x00)
                  raw data (26): 
                  01 81 00 1a 00|e0 4e e4 08 dc 1b 00 d5 03 0f 00 
                  0e 09 50 54 53 2d 47 41 50 2d 45 34 34 45 00
01:40:34:876    < BTP_GAP_EV_DEVICE_FOUND (0x01|0x81|0x00)
                  raw data (26): 
                  01 81 00 1a 00|e0 4e e4 08 dc 1b 00 d4 03 0f 00 
                  0e 09 50 54 53 2d 47 41 50 2d 45 34 34 45 00
01:40:34:898    < BTP_GAP_EV_DEVICE_FOUND (0x01|0x81|0x00)
                  raw data (38): 
                  01 81 00 26 00|e0 53 00 4c 17 e5 44 b0 03 1b 00 
                  09 09 4e 58 4c 36 36 35 32 38 02 0a 0c 0d 03 0c 
                  11 0a 11 0b 11 0e 11 1f 11 1e 11
01:40:34:953    < BTP_GAP_EV_DEVICE_FOUND (0x01|0x81|0x00)
                  raw data (38): 
                  01 81 00 26 00|e0 53 00 4c 17 e5 44 b3 03 1b 00 
                  09 09 4e 58 4c 36 36 35 32 38 02 0a 0c 0d 03 0c 
                  11 0a 11 0b 11 0e 11 1f 11 1e 11
01:40:35:151    < BTP_GAP_EV_DEVICE_FOUND (0x01|0x81|0x00)
                  raw data (42): 
                  01 81 00 2a 00|e0 4d 65 9b 70 f3 5c a7 03 1f 00 
                  1e 09 48 46 50 20 41 47 20 44 65 6d 6f 20 35 43 
                  3a 46 33 3a 37 30 3a 39 42 3a 36 35 3a 34 44
01:40:35:227    < BTP_GAP_EV_DEVICE_FOUND (0x01|0x81|0x00)
                  raw data (26): 
                  01 81 00 1a 00|e0 4e e4 08 dc 1b 00 d3 03 0f 00 
                  0e 09 50 54 53 2d 47 41 50 2d 45 34 34 45 00
01:40:35:445    < BTP_GAP_EV_DEVICE_FOUND (0x01|0x81|0x00)
                  raw data (11): 01 81 00 0b 00|e0 4d 65 9b 70 f3 5c a5 03 00 00
01:40:35:598    < BTP_GAP_EV_DEVICE_FOUND (0x01|0x81|0x00)
                  raw data (38): 
                  01 81 00 26 00|e0 53 00 4c 17 e5 44 b1 03 1b 00 
                  09 09 4e 58 4c 36 36 35 32 38 02 0a 0c 0d 03 0c 
                  11 0a 11 0b 11 0e 11 1f 11 1e 11
01:40:35:621    < BTP_GAP_EV_DEVICE_FOUND (0x01|0x81|0x00)
                  raw data (42): 
                  01 81 00 2a 00|e0 cd 83 06 dc 1b 00 b1 03 1f 00 
                  1e 09 41 32 44 50 20 53 6f 75 72 63 65 20 30 30 
                  3a 31 42 3a 44 43 3a 30 36 3a 38 33 3a 43 44
01:40:35:782    < BTP_GAP_EV_DEVICE_FOUND (0x01|0x81|0x00)
                  raw data (26): 
                  01 81 00 1a 00|e0 4e e4 08 dc 1b 00 d5 03 0f 00 
                  0e 09 50 54 53 2d 47 41 50 2d 45 34 34 45 00
01:40:35:937    < BTP_GAP_EV_DEVICE_FOUND (0x01|0x81|0x00)
                  raw data (11): 01 81 00 0b 00|e0 4d 65 9b 70 f3 5c a2 03 00 00
01:40:36:003    < BTP_GAP_EV_DEVICE_FOUND (0x01|0x81|0x00)
                  raw data (26): 
                  01 81 00 1a 00|e0 4e e4 08 dc 1b 00 d2 03 0f 00 
                  0e 09 50 54 53 2d 47 41 50 2d 45 34 34 45 00
01:40:36:112    < BTP_GAP_EV_DEVICE_FOUND (0x01|0x81|0x00)
                  raw data (11): 01 81 00 0b 00|e0 4d 65 9b 70 f3 5c a0 03 00 00
01:40:36:210    < BTP_GAP_EV_DEVICE_FOUND (0x01|0x81|0x00)
                  raw data (38): 
                  01 81 00 26 00|e0 53 00 4c 17 e5 44 ae 03 1b 00 
                  09 09 4e 58 4c 36 36 35 32 38 02 0a 0c 0d 03 0c 
                  11 0a 11 0b 11 0e 11 1f 11 1e 11
01:40:36:406    < BTP_GAP_EV_DEVICE_FOUND (0x01|0x81|0x00)
                  raw data (38): 
                  01 81 00 26 00|e0 53 00 4c 17 e5 44 b3 03 1b 00 
                  09 09 4e 58 4c 36 36 35 32 38 02 0a 0c 0d 03 0c 
                  11 0a 11 0b 11 0e 11 1f 11 1e 11
01:40:36:722    < BTP_GAP_EV_DEVICE_FOUND (0x01|0x81|0x00)
                  raw data (42): 
                  01 81 00 2a 00|e0 95 83 06 dc 1b 00 ab 03 1f 00 
                  1e 09 48 46 50 20 41 47 20 44 65 6d 6f 20 30 30 
                  3a 31 42 3a 44 43 3a 30 36 3a 38 33 3a 39 35
01:40:36:952    < BTP_GAP_EV_DEVICE_FOUND (0x01|0x81|0x00)
                  raw data (38): 
                  01 81 00 26 00|e0 53 00 4c 17 e5 44 b2 03 1b 00 
                  09 09 4e 58 4c 36 36 35 32 38 02 0a 0c 0d 03 0c 
                  11 0a 11 0b 11 0e 11 1f 11 1e 11
01:40:37:301    < BTP_GAP_EV_DEVICE_FOUND (0x01|0x81|0x00)
                  raw data (42): 
                  01 81 00 2a 00|e0 95 83 06 dc 1b 00 ad 03 1f 00 
                  1e 09 48 46 50 20 41 47 20 44 65 6d 6f 20 30 30 
                  3a 31 42 3a 44 43 3a 30 36 3a 38 33 3a 39 35
01:40:37:465    < BTP_GAP_EV_DEVICE_FOUND (0x01|0x81|0x00)
                  raw data (38): 
                  01 81 00 26 00|e0 53 00 4c 17 e5 44 b2 03 1b 00 
                  09 09 4e 58 4c 36 36 35 32 38 02 0a 0c 0d 03 0c 
                  11 0a 11 0b 11 0e 11 1f 11 1e 11
01:40:37:487    < BTP_GAP_EV_DEVICE_FOUND (0x01|0x81|0x00)
                  raw data (38): 
                  01 81 00 26 00|e0 53 00 4c 17 e5 44 b4 03 1b 00 
                  09 09 4e 58 4c 36 36 35 32 38 02 0a 0c 0d 03 0c 
                  11 0a 11 0b 11 0e 11 1f 11 1e 11
01:40:37:629    < BTP_GAP_EV_DEVICE_FOUND (0x01|0x81|0x00)
                  raw data (38): 
                  01 81 00 26 00|e0 53 00 4c 17 e5 44 b2 03 1b 00 
                  09 09 4e 58 4c 36 36 35 32 38 02 0a 0c 0d 03 0c 
                  11 0a 11 0b 11 0e 11 1f 11 1e 11
01:40:37:913    < BTP_GAP_EV_DEVICE_FOUND (0x01|0x81|0x00)
                  raw data (38): 
                  01 81 00 26 00|e0 53 00 4c 17 e5 44 b3 03 1b 00 
                  09 09 4e 58 4c 36 36 35 32 38 02 0a 0c 0d 03 0c 
                  11 0a 11 0b 11 0e 11 1f 11 1e 11
01:40:38:283    < BTP_GAP_EV_DEVICE_FOUND (0x01|0x81|0x00)
                  raw data (38): 
                  01 81 00 26 00|e0 53 00 4c 17 e5 44 b0 03 1b 00 
                  09 09 4e 58 4c 36 36 35 32 38 02 0a 0c 0d 03 0c 
                  11 0a 11 0b 11 0e 11 1f 11 1e 11
01:40:38:306    < BTP_GAP_EV_DEVICE_FOUND (0x01|0x81|0x00)
                  raw data (11): 01 81 00 0b 00|e0 cd 83 06 dc 1b 00 a3 03 00 00
01:40:38:328    < BTP_GAP_EV_DEVICE_FOUND (0x01|0x81|0x00)
                  raw data (38): 
                  01 81 00 26 00|e0 53 00 4c 17 e5 44 b1 03 1b 00 
                  09 09 4e 58 4c 36 36 35 32 38 02 0a 0c 0d 03 0c 
                  11 0a 11 0b 11 0e 11 1f 11 1e 11
01:40:38:474    > BTP_GAP_CMD_STOP_DISCOVERY (0x01|0x0d|0x00)
                  raw data (0): 01 0d 00 00 00|
01:40:38:529    < BTP_GAP_CMD_STOP_DISCOVERY (0x01|0x0d|0x00)
                  raw data (0): 01 0d 00 00 00|
01:40:38:538    > BTP_GAP_CMD_CONNECT (0x01|0x0e|0x00)
                  raw data (8): 01 0e 00 08 00|e0 4e e4 08 dc 1b 00 00
01:40:38:590    < BTP_GAP_CMD_CONNECT (0x01|0x0e|0x00)
                  raw data (0): 01 0e 00 00 00|
01:40:41:605    < BTP_GAP_EV_DEVICE_CONNECTED (0x01|0x82|0x00)
                  raw data (13): 
                  01 82 00 0d 00|e0 4e e4 08 dc 1b 00 00 00 00 00 
                  00 00
01:40:42:614    > BTP_GAP_CMD_PAIR_V2 (0x01|0x2a|0x00)
                  raw data (10): 01 2a 00 0a 00|e0 4e e4 08 dc 1b 00 ff 04 00
01:40:42:681    < BTP_GAP_CMD_PAIR_V2 (0x01|0x2a|0x00)
                  raw data (0): 01 2a 00 00 00|
01:40:42:693    < BTP_GAP_EV_ENCRYPTION_CHANGE (0x01|0x91|0x00)
                  raw data (9): 01 91 00 09 00|e0 4e e4 08 dc 1b 00 00 00
01:41:37:781    < BTP_GAP_EV_DEVICE_DISCONNECTED (0x01|0x83|0x00)
                  raw data (7): 01 83 00 07 00|e0 4e e4 08 dc 1b 00
01:41:38:749    > BTP_GAP_CMD_START_DISCOVERY (0x01|0x0c|0x00)
                  raw data (1): 01 0c 00 01 00|02
01:41:38:789    < BTP_GAP_CMD_START_DISCOVERY (0x01|0x0c|0x00)
                  raw data (0): 01 0c 00 00 00|
01:41:38:807    < BTP_GAP_EV_DEVICE_FOUND (0x01|0x81|0x00)
                  raw data (42): 
                  01 81 00 2a 00|e0 95 83 06 dc 1b 00 ad 03 1f 00 
                  1e 09 48 46 50 20 41 47 20 44 65 6d 6f 20 30 30 
                  3a 31 42 3a 44 43 3a 30 36 3a 38 33 3a 39 35
01:41:39:990    < BTP_GAP_EV_DEVICE_FOUND (0x01|0x81|0x00)
                  raw data (38): 
                  01 81 00 26 00|e0 53 00 4c 17 e5 44 aa 03 1b 00 
                  09 09 4e 58 4c 36 36 35 32 38 02 0a 0c 0d 03 0c 
                  11 0a 11 0b 11 0e 11 1f 11 1e 11
01:41:40:283    < BTP_GAP_EV_DEVICE_FOUND (0x01|0x81|0x00)
                  raw data (42): 
                  01 81 00 2a 00|e0 cd 83 06 dc 1b 00 ae 03 1f 00 
                  1e 09 41 32 44 50 20 53 6f 75 72 63 65 20 30 30 
                  3a 31 42 3a 44 43 3a 30 36 3a 38 33 3a 43 44
01:41:40:480    < BTP_GAP_EV_DEVICE_FOUND (0x01|0x81|0x00)
                  raw data (42): 
                  01 81 00 2a 00|e0 cd 83 06 dc 1b 00 b0 03 1f 00 
                  1e 09 41 32 44 50 20 53 6f 75 72 63 65 20 30 30 
                  3a 31 42 3a 44 43 3a 30 36 3a 38 33 3a 43 44
01:41:40:568    < BTP_GAP_EV_DEVICE_FOUND (0x01|0x81|0x00)
                  raw data (11): 01 81 00 0b 00|e0 53 00 4c 17 e5 44 b0 03 00 00
01:41:40:688    < BTP_GAP_EV_DEVICE_FOUND (0x01|0x81|0x00)
                  raw data (38): 
                  01 81 00 26 00|e0 53 00 4c 17 e5 44 b3 03 1b 00 
                  09 09 4e 58 4c 36 36 35 32 38 02 0a 0c 0d 03 0c 
                  11 0a 11 0b 11 0e 11 1f 11 1e 11
01:41:40:754    < BTP_GAP_EV_DEVICE_FOUND (0x01|0x81|0x00)
                  raw data (42): 
                  01 81 00 2a 00|e0 cd 83 06 dc 1b 00 a8 03 1f 00 
                  1e 09 41 32 44 50 20 53 6f 75 72 63 65 20 30 30 
                  3a 31 42 3a 44 43 3a 30 36 3a 38 33 3a 43 44
01:41:40:754    < BTP_GAP_EV_DEVICE_FOUND (0x01|0x81|0x00)
                  raw data (38): 
                  01 81 00 26 00|e0 53 00 4c 17 e5 44 b1 03 1b 00 
                  09 09 4e 58 4c 36 36 35 32 38 02 0a 0c 0d 03 0c 
                  11 0a 11 0b 11 0e 11 1f 11 1e 11
01:41:41:223    < BTP_GAP_EV_DEVICE_FOUND (0x01|0x81|0x00)
                  raw data (11): 01 81 00 0b 00|e0 53 00 4c 17 e5 44 ae 03 00 00
01:41:41:419    < BTP_GAP_EV_DEVICE_FOUND (0x01|0x81|0x00)
                  raw data (38): 
                  01 81 00 26 00|e0 53 00 4c 17 e5 44 a7 03 1b 00 
                  09 09 4e 58 4c 36 36 35 32 38 02 0a 0c 0d 03 0c 
                  11 0a 11 0b 11 0e 11 1f 11 1e 11
01:41:41:803    < BTP_GAP_EV_DEVICE_FOUND (0x01|0x81|0x00)
                  raw data (26): 
                  01 81 00 1a 00|e0 4e e4 08 dc 1b 00 d3 03 0f 00 
                  0e 09 50 54 53 2d 47 41 50 2d 45 34 34 45 00
01:41:41:934    < BTP_GAP_EV_DEVICE_FOUND (0x01|0x81|0x00)
                  raw data (38): 
                  01 81 00 26 00|e0 53 00 4c 17 e5 44 b0 03 1b 00 
                  09 09 4e 58 4c 36 36 35 32 38 02 0a 0c 0d 03 0c 
                  11 0a 11 0b 11 0e 11 1f 11 1e 11
01:41:42:119    < BTP_GAP_EV_DEVICE_FOUND (0x01|0x81|0x00)
                  raw data (26): 
                  01 81 00 1a 00|e0 4e e4 08 dc 1b 00 d4 03 0f 00 
                  0e 09 50 54 53 2d 47 41 50 2d 45 34 34 45 00
01:41:42:315    < BTP_GAP_EV_DEVICE_FOUND (0x01|0x81|0x00)
                  raw data (26): 
                  01 81 00 1a 00|e0 4e e4 08 dc 1b 00 d4 03 0f 00 
                  0e 09 50 54 53 2d 47 41 50 2d 45 34 34 45 00
01:41:42:490    < BTP_GAP_EV_DEVICE_FOUND (0x01|0x81|0x00)
                  raw data (26): 
                  01 81 00 1a 00|e0 4e e4 08 dc 1b 00 d5 03 0f 00 
                  0e 09 50 54 53 2d 47 41 50 2d 45 34 34 45 00
01:41:43:132    < BTP_GAP_EV_DEVICE_FOUND (0x01|0x81|0x00)
                  raw data (26): 
                  01 81 00 1a 00|e0 4e e4 08 dc 1b 00 d4 03 0f 00 
                  0e 09 50 54 53 2d 47 41 50 2d 45 34 34 45 00
01:41:43:948    < BTP_GAP_EV_DEVICE_FOUND (0x01|0x81|0x00)
                  raw data (38): 
                  01 81 00 26 00|e0 53 00 4c 17 e5 44 a6 03 1b 00 
                  09 09 4e 58 4c 36 36 35 32 38 02 0a 0c 0d 03 0c 
                  11 0a 11 0b 11 0e 11 1f 11 1e 11
01:41:44:035    < BTP_GAP_EV_DEVICE_FOUND (0x01|0x81|0x00)
                  raw data (42): 
                  01 81 00 2a 00|e0 95 83 06 dc 1b 00 ac 03 1f 00 
                  1e 09 48 46 50 20 41 47 20 44 65 6d 6f 20 30 30 
                  3a 31 42 3a 44 43 3a 30 36 3a 38 33 3a 39 35
01:41:44:101    < BTP_GAP_EV_DEVICE_FOUND (0x01|0x81|0x00)
                  raw data (42): 
                  01 81 00 2a 00|e0 cd 83 06 dc 1b 00 b1 03 1f 00 
                  1e 09 41 32 44 50 20 53 6f 75 72 63 65 20 30 30 
                  3a 31 42 3a 44 43 3a 30 36 3a 38 33 3a 43 44
01:41:44:155    < BTP_GAP_EV_DEVICE_FOUND (0x01|0x81|0x00)
                  raw data (42): 
                  01 81 00 2a 00|e0 95 83 06 dc 1b 00 ac 03 1f 00 
                  1e 09 48 46 50 20 41 47 20 44 65 6d 6f 20 30 30 
                  3a 31 42 3a 44 43 3a 30 36 3a 38 33 3a 39 35
01:41:44:362    < BTP_GAP_EV_DEVICE_FOUND (0x01|0x81|0x00)
                  raw data (42): 
                  01 81 00 2a 00|e0 95 83 06 dc 1b 00 a6 03 1f 00 
                  1e 09 48 46 50 20 41 47 20 44 65 6d 6f 20 30 30 
                  3a 31 42 3a 44 43 3a 30 36 3a 38 33 3a 39 35
01:41:44:514    < BTP_GAP_EV_DEVICE_FOUND (0x01|0x81|0x00)
                  raw data (11): 01 81 00 0b 00|e0 53 00 4c 17 e5 44 af 03 00 00
01:41:44:713    < BTP_GAP_EV_DEVICE_FOUND (0x01|0x81|0x00)
                  raw data (42): 
                  01 81 00 2a 00|e0 cd 83 06 dc 1b 00 ae 03 1f 00 
                  1e 09 41 32 44 50 20 53 6f 75 72 63 65 20 30 30 
                  3a 31 42 3a 44 43 3a 30 36 3a 38 33 3a 43 44
01:41:44:822    < BTP_GAP_EV_DEVICE_FOUND (0x01|0x81|0x00)
                  raw data (42): 
                  01 81 00 2a 00|e0 95 83 06 dc 1b 00 a6 03 1f 00 
                  1e 09 48 46 50 20 41 47 20 44 65 6d 6f 20 30 30 
                  3a 31 42 3a 44 43 3a 30 36 3a 38 33 3a 39 35
01:41:44:931    < BTP_GAP_EV_DEVICE_FOUND (0x01|0x81|0x00)
                  raw data (11): 01 81 00 0b 00|e0 53 00 4c 17 e5 44 a5 03 00 00
01:41:45:007    < BTP_GAP_EV_DEVICE_FOUND (0x01|0x81|0x00)
                  raw data (38): 
                  01 81 00 26 00|e0 53 00 4c 17 e5 44 aa 03 1b 00 
                  09 09 4e 58 4c 36 36 35 32 38 02 0a 0c 0d 03 0c 
                  11 0a 11 0b 11 0e 11 1f 11 1e 11
01:41:45:562    < BTP_GAP_EV_DEVICE_FOUND (0x01|0x81|0x00)
                  raw data (38): 
                  01 81 00 26 00|e0 53 00 4c 17 e5 44 b0 03 1b 00 
                  09 09 4e 58 4c 36 36 35 32 38 02 0a 0c 0d 03 0c 
                  11 0a 11 0b 11 0e 11 1f 11 1e 11
01:41:45:854    < BTP_GAP_EV_DEVICE_FOUND (0x01|0x81|0x00)
                  raw data (38): 
                  01 81 00 26 00|e0 53 00 4c 17 e5 44 b3 03 1b 00 
                  09 09 4e 58 4c 36 36 35 32 38 02 0a 0c 0d 03 0c 
                  11 0a 11 0b 11 0e 11 1f 11 1e 11
01:41:45:865    < BTP_GAP_EV_DEVICE_FOUND (0x01|0x81|0x00)
                  raw data (26): 
                  01 81 00 1a 00|e0 4e e4 08 dc 1b 00 d2 03 0f 00 
                  0e 09 50 54 53 2d 47 41 50 2d 45 34 34 45 00
01:41:46:350    < BTP_GAP_EV_DEVICE_FOUND (0x01|0x81|0x00)
                  raw data (26): 
                  01 81 00 1a 00|e0 4e e4 08 dc 1b 00 d5 03 0f 00 
                  0e 09 50 54 53 2d 47 41 50 2d 45 34 34 45 00
01:41:46:361    < BTP_GAP_EV_DEVICE_FOUND (0x01|0x81|0x00)
                  raw data (38): 
                  01 81 00 26 00|e0 53 00 4c 17 e5 44 b2 03 1b 00 
                  09 09 4e 58 4c 36 36 35 32 38 02 0a 0c 0d 03 0c 
                  11 0a 11 0b 11 0e 11 1f 11 1e 11
01:41:47:688    < BTP_GAP_EV_DEVICE_FOUND (0x01|0x81|0x00)
                  raw data (42): 
                  01 81 00 2a 00|e0 eb b2 06 dc 1b 00 a4 03 1f 00 
                  1e 09 41 32 44 50 20 53 6f 75 72 63 65 20 30 30 
                  3a 31 42 3a 44 43 3a 30 36 3a 42 32 3a 45 42
01:41:47:860    < BTP_GAP_EV_DEVICE_FOUND (0x01|0x81|0x00)
                  raw data (38): 
                  01 81 00 26 00|e0 53 00 4c 17 e5 44 a8 03 1b 00 
                  09 09 4e 58 4c 36 36 35 32 38 02 0a 0c 0d 03 0c 
                  11 0a 11 0b 11 0e 11 1f 11 1e 11
01:41:48:328    < BTP_GAP_EV_DEVICE_FOUND (0x01|0x81|0x00)
                  raw data (38): 
                  01 81 00 26 00|e0 53 00 4c 17 e5 44 b0 03 1b 00 
                  09 09 4e 58 4c 36 36 35 32 38 02 0a 0c 0d 03 0c 
                  11 0a 11 0b 11 0e 11 1f 11 1e 11
01:41:48:405    < BTP_GAP_EV_DEVICE_FOUND (0x01|0x81|0x00)
                  raw data (38): 
                  01 81 00 26 00|e0 53 00 4c 17 e5 44 ab 03 1b 00 
                  09 09 4e 58 4c 36 36 35 32 38 02 0a 0c 0d 03 0c 
                  11 0a 11 0b 11 0e 11 1f 11 1e 11
01:41:48:801    > BTP_GAP_CMD_STOP_DISCOVERY (0x01|0x0d|0x00)
                  raw data (0): 01 0d 00 00 00|
01:41:48:847    < BTP_GAP_CMD_STOP_DISCOVERY (0x01|0x0d|0x00)
                  raw data (0): 01 0d 00 00 00|
01:41:48:849    > BTP_GAP_CMD_CONNECT (0x01|0x0e|0x00)
                  raw data (8): 01 0e 00 08 00|e0 4e e4 08 dc 1b 00 00
01:41:48:890    < BTP_GAP_CMD_CONNECT (0x01|0x0e|0x00)
                  raw data (0): 01 0e 00 00 00|
01:41:51:723    < BTP_GAP_EV_DEVICE_CONNECTED (0x01|0x82|0x00)
                  raw data (13): 
                  01 82 00 0d 00|e0 4e e4 08 dc 1b 00 00 00 00 00 
                  00 00
01:41:52:809    > BTP_GAP_CMD_PAIR_V2 (0x01|0x2a|0x00)
                  raw data (10): 01 2a 00 0a 00|e0 4e e4 08 dc 1b 00 ff 04 00
01:41:52:864    < BTP_GAP_CMD_PAIR_V2 (0x01|0x2a|0x00)
                  raw data (0): 01 2a 00 00 00|
01:41:52:876    < BTP_GAP_EV_ENCRYPTION_CHANGE (0x01|0x91|0x00)
                  raw data (9): 01 91 00 09 00|e0 4e e4 08 dc 1b 00 00 00
01:42:33:106    < BTP_CORE_EV_IUT_READY (0x00|0x80|0xff)
                  raw data (0): 00 80 ff 00 00|
