2026-09-22 12:51:38,876 LT1-thread root DEBUG client.py                 1099  _run_test_case            : Starting TestCase _run_test_case BIP BIP/AAI/FFC/BV-02-C
2026-09-22 12:51:38,877 LT1-thread root DEBUG testcase.py               727   pre_run                   : pre_run BIP BIP/AAI/FFC/BV-02-C
2026-09-22 12:51:38,877 LT1-thread root DEBUG testcase.py               729   pre_run                   : About to run test case BIP BIP/AAI/FFC/BV-02-C with commands:
2026-09-22 12:51:38,877 LT1-thread root DEBUG testcase.py               731   pre_run                   : 0) class=<class 'autopts.ptsprojects.testcase.TestFunc'>, func=<bound method ZTestCase._test_case_start of <autopts.ptsprojects.zephyr.ztestcase.ZTestCase object at 0x000002BEEC5DB680>> start_wid=None stop_wid=None post_wid=None skip_call=None call_count=0 args=() kwds={}
2026-09-22 12:51:38,878 LT1-thread root DEBUG testcase.py               731   pre_run                   : 1) class=<class 'autopts.ptsprojects.testcase.TestFunc'>, func=<function core_reg_svc_gap at 0x000002BEE9BB6480> start_wid=None stop_wid=None post_wid=None skip_call=None call_count=105 args=() kwds={}
2026-09-22 12:51:38,878 LT1-thread root DEBUG testcase.py               731   pre_run                   : 2) class=<class 'autopts.ptsprojects.testcase.TestFunc'>, func=<bound method Stack.gap_init of <autopts.ptsprojects.stack.stack.Stack object at 0x000002BEE9C80770>> start_wid=None stop_wid=None post_wid=None skip_call=None call_count=105 args=(b'Tester_08E44E',) kwds={}
2026-09-22 12:51:38,878 LT1-thread root DEBUG testcase.py               731   pre_run                   : 3) class=<class 'autopts.ptsprojects.testcase.TestFunc'>, func=<function gap_read_controller_info at 0x000002BEE9BE13A0> start_wid=None stop_wid=None post_wid=None skip_call=None call_count=105 args=() kwds={}
2026-09-22 12:51:38,878 LT1-thread root DEBUG testcase.py               731   pre_run                   : 4) class=<class 'autopts.ptsprojects.testcase.TestFunc'>, func=<function test_cases.<locals>.<lambda> at 0x000002BEEC5C9120> start_wid=None stop_wid=None post_wid=None skip_call=None call_count=105 args=() kwds={}
2026-09-22 12:51:38,878 LT1-thread root DEBUG testcase.py               731   pre_run                   : 5) class=<class 'autopts.ptsprojects.testcase.TestFunc'>, func=<function set_pts_addr at 0x000002BEE9BB6020> start_wid=None stop_wid=None post_wid=None skip_call=None call_count=105 args=('00:1B:DC:08:E4:4E', 0) kwds={}
2026-09-22 12:51:38,878 LT1-thread root DEBUG testcase.py               731   pre_run                   : 6) class=<class 'autopts.ptsprojects.testcase.TestFunc'>, func=<function core_reg_svc_gatt at 0x000002BEE9BB65C0> start_wid=None stop_wid=None post_wid=None skip_call=None call_count=105 args=() kwds={}
2026-09-22 12:51:38,878 LT1-thread root DEBUG testcase.py               731   pre_run                   : 7) class=<class 'autopts.ptsprojects.testcase.TestFunc'>, func=<bound method Stack.gatt_init of <autopts.ptsprojects.stack.stack.Stack object at 0x000002BEE9C80770>> start_wid=None stop_wid=None post_wid=None skip_call=None call_count=105 args=() kwds={}
2026-09-22 12:51:38,878 LT1-thread root DEBUG testcase.py               731   pre_run                   : 8) class=<class 'autopts.ptsprojects.testcase.TestFunc'>, func=<function core_reg_svc_bip at 0x000002BEE9BB7BA0> start_wid=None stop_wid=None post_wid=None skip_call=None call_count=105 args=() kwds={}
2026-09-22 12:51:38,878 LT1-thread root DEBUG testcase.py               731   pre_run                   : 9) class=<class 'autopts.ptsprojects.testcase.TestFunc'>, func=<bound method Stack.bip_init of <autopts.ptsprojects.stack.stack.Stack object at 0x000002BEE9C80770>> start_wid=None stop_wid=None post_wid=None skip_call=None call_count=105 args=() kwds={}
2026-09-22 12:51:38,878 LT1-thread root DEBUG testcase.py               731   pre_run                   : 10) class=<class 'autopts.ptsprojects.testcase.TestFunc'>, func=<function test_cases.<locals>.<lambda> at 0x000002BEEC5C91C0> start_wid=None stop_wid=None post_wid=None skip_call=None call_count=105 args=() kwds={}
2026-09-22 12:51:38,879 LT1-thread root DEBUG testcase.py               731   pre_run                   : 11) class=<class 'autopts.ptsprojects.testcase.TestFuncCleanUp'>, func=<bound method ZTestCase._test_case_cleanup of <autopts.ptsprojects.zephyr.ztestcase.ZTestCase object at 0x000002BEEC5DB680>> start_wid=None stop_wid=None post_wid=None skip_call=None call_count=0 args=() kwds={}
2026-09-22 12:51:38,879 LT1-thread root DEBUG testcase.py               738   pre_run                   : pre_run, run pre test case script
2026-09-22 12:51:38,887 LT1-thread root DEBUG testcase.py               254   start                     : Starting test function: class=<class 'autopts.ptsprojects.testcase.TestFunc'>, func=<bound method ZTestCase._test_case_start of <autopts.ptsprojects.zephyr.ztestcase.ZTestCase object at 0x000002BEEC5DB680>> start_wid=None stop_wid=None post_wid=None skip_call=None call_count=1 args=() kwds={}
2026-09-22 12:51:38,888 LT1-thread root DEBUG testcase.py               266   start                     : Test function parameters: args=(), kwds={}
2026-09-22 12:51:38,888 LT1-thread root DEBUG iutctl.py                 172   start                     : <class 'autopts.ptsprojects.zephyr.iutctl.create_zephyr_ctl_class.<locals>.ZephyrCtl'>.start
2026-09-22 12:51:38,888 LT1-thread root DEBUG iutctl.py                 325   flush_serial              : <class 'autopts.ptsprojects.zephyr.iutctl.create_zephyr_ctl_class.<locals>.ZephyrCtl'>.flush_serial
2026-09-22 12:51:40,070 LT1-thread root DEBUG iutctl.py                 249   _start_tty_mode           : Starting socat process: socat.exe -x -v tcp:10.17.12.9:60372,retry=100,interval=1 /dev/ttyS2,raw,b115200,
2026-09-22 12:51:40,078 LT1-thread root DEBUG iutctl_common.py          402   accept                    : 
2026-09-22 12:51:40,155 BTPWorkerThread-3675 (_rx_task) root DEBUG iutctl_common.py          299   _rx_task                  : BTPWorkerThread-3675 (_rx_task) started
2026-09-22 12:51:40,156 LT1-thread root DEBUG iutctl.py                 395   wait_iut_ready_event      : IUT ready event received OK
2026-09-22 12:51:40,156 LT1-thread root DEBUG btp.py                    51    read_supp_svcs            : 
2026-09-22 12:51:40,156 LT1-thread root DEBUG iutctl_common.py          161   send                      : 0 2 255 ''
2026-09-22 12:51:40,156 LT1-thread root DEBUG iutctl_common.py          166   send                      : sending frame '0002ff0000'
2026-09-22 12:51:40,156 LT1-thread root DEBUG iutctl_common.py          339   read                      : 
2026-09-22 12:51:40,172 BTPWorkerThread-3675 (_rx_task) root DEBUG iutctl_common.py          123   read                      : Read 5 bytes
2026-09-22 12:51:40,184 BTPWorkerThread-3675 (_rx_task) root DEBUG iutctl_common.py          131   read                      : Received: hdr: Header(svc_id=0x00, op=0x02, ctrl_index=0xff, data_len=0x05) bytearray(b'\x00\x02\xff\x05\x00')
2026-09-22 12:51:40,196 BTPWorkerThread-3675 (_rx_task) root DEBUG iutctl_common.py          139   read                      : Read 5 bytes data
2026-09-22 12:51:40,196 BTPWorkerThread-3675 (_rx_task) root DEBUG iutctl_common.py          154   read                      : Received data: {'0f 00 00 a0 03'}, bytearray(b'\x0f\x00\x00\xa0\x03')
2026-09-22 12:51:40,201 LT1-thread root DEBUG btp.py                    62    read_supp_svcs            : received Header(svc_id=0, op=2, ctrl_index=255, data_len=5) (b'\x0f\x00\x00\xa0\x03',)
2026-09-22 12:51:40,201 LT1-thread root DEBUG testcase.py               254   start                     : Starting test function: class=<class 'autopts.ptsprojects.testcase.TestFunc'>, func=<function core_reg_svc_gap at 0x000002BEE9BB6480> start_wid=None stop_wid=None post_wid=None skip_call=None call_count=106 args=() kwds={}
2026-09-22 12:51:40,201 LT1-thread root DEBUG testcase.py               266   start                     : Test function parameters: args=(), kwds={}
2026-09-22 12:51:40,201 LT1-thread root DEBUG btp.py                    117   core_reg_svc_univ         : core_reg_svc_univ: gap_reg (GAP)
2026-09-22 12:51:40,202 LT1-thread root DEBUG iutctl_common.py          161   send                      : 0 3 255 '1'
2026-09-22 12:51:40,202 LT1-thread root DEBUG iutctl_common.py          166   send                      : sending frame '0003ff010001'
2026-09-22 12:51:40,202 LT1-thread root DEBUG btp.py                    622   core_reg_svc_rsp_succ     : 
2026-09-22 12:51:40,202 LT1-thread root DEBUG iutctl_common.py          339   read                      : 
2026-09-22 12:51:44,325 BTPWorkerThread-3675 (_rx_task) root DEBUG iutctl_common.py          123   read                      : Read 5 bytes
2026-09-22 12:51:44,336 BTPWorkerThread-3675 (_rx_task) root DEBUG iutctl_common.py          131   read                      : Received: hdr: Header(svc_id=0x00, op=0x03, ctrl_index=0xff, data_len=0x00) bytearray(b'\x00\x03\xff\x00\x00')
2026-09-22 12:51:44,347 BTPWorkerThread-3675 (_rx_task) root DEBUG iutctl_common.py          154   read                      : Received data: {''}, bytearray(b'')
2026-09-22 12:51:44,352 LT1-thread root DEBUG btp.py                    633   core_reg_svc_rsp_succ     : received Header(svc_id=0, op=3, ctrl_index=255, data_len=0) (b'',)
2026-09-22 12:51:44,352 LT1-thread root DEBUG btp.py                    634   core_reg_svc_rsp_succ     : expected ((0, 3, 255, 0), (b'',))
2026-09-22 12:51:44,352 LT1-thread root DEBUG btp.py                    639   core_reg_svc_rsp_succ     : response is valid
2026-09-22 12:51:44,352 LT1-thread root DEBUG btp.py                    642   core_reg_svc_rsp_succ     : Reading supported commands for service: GAP
2026-09-22 12:51:44,353 LT1-thread root DEBUG iutctl_common.py          161   send                      : 1 1 255 ''
2026-09-22 12:51:44,353 LT1-thread root DEBUG iutctl_common.py          166   send                      : sending frame '0101ff0000'
2026-09-22 12:51:44,353 LT1-thread root DEBUG iutctl_common.py          339   read                      : 
2026-09-22 12:51:44,391 BTPWorkerThread-3675 (_rx_task) root DEBUG iutctl_common.py          123   read                      : Read 5 bytes
2026-09-22 12:51:44,401 BTPWorkerThread-3675 (_rx_task) root DEBUG iutctl_common.py          131   read                      : Received: hdr: Header(svc_id=0x01, op=0x01, ctrl_index=0xff, data_len=0x07) bytearray(b'\x01\x01\xff\x07\x00')
2026-09-22 12:51:44,413 BTPWorkerThread-3675 (_rx_task) root DEBUG iutctl_common.py          139   read                      : Read 7 bytes data
2026-09-22 12:51:44,424 BTPWorkerThread-3675 (_rx_task) root DEBUG iutctl_common.py          154   read                      : Received data: {'6e ff 7f 1f fe ff 0e'}, bytearray(b'n\xff\x7f\x1f\xfe\xff\x0e')
2026-09-22 12:51:44,436 LT1-thread root DEBUG testcase.py               254   start                     : Starting test function: class=<class 'autopts.ptsprojects.testcase.TestFunc'>, func=<bound method Stack.gap_init of <autopts.ptsprojects.stack.stack.Stack object at 0x000002BEE9C80770>> start_wid=None stop_wid=None post_wid=None skip_call=None call_count=106 args=(b'Tester_08E44E',) kwds={}
2026-09-22 12:51:44,436 LT1-thread root DEBUG testcase.py               266   start                     : Test function parameters: args=(b'Tester_08E44E',), kwds={}
2026-09-22 12:51:44,436 LT1-thread root DEBUG testcase.py               254   start                     : Starting test function: class=<class 'autopts.ptsprojects.testcase.TestFunc'>, func=<function gap_read_controller_info at 0x000002BEE9BE13A0> start_wid=None stop_wid=None post_wid=None skip_call=None call_count=106 args=() kwds={}
2026-09-22 12:51:44,437 LT1-thread root DEBUG testcase.py               266   start                     : Test function parameters: args=(), kwds={}
2026-09-22 12:51:44,437 LT1-thread root DEBUG gap.py                    1161  gap_read_controller_info  : 
2026-09-22 12:51:44,437 LT1-thread root DEBUG iutctl_common.py          161   send                      : 1 3 0 ''
2026-09-22 12:51:44,437 LT1-thread root DEBUG iutctl_common.py          166   send                      : sending frame '0103000000'
2026-09-22 12:51:44,437 LT1-thread root DEBUG iutctl_common.py          339   read                      : 
2026-09-22 12:51:44,473 BTPWorkerThread-3675 (_rx_task) root DEBUG iutctl_common.py          123   read                      : Read 5 bytes
2026-09-22 12:51:44,485 BTPWorkerThread-3675 (_rx_task) root DEBUG iutctl_common.py          131   read                      : Received: hdr: Header(svc_id=0x01, op=0x03, ctrl_index=0x00, data_len=0x115) bytearray(b'\x01\x03\x00\x15\x01')
2026-09-22 12:51:44,506 BTPWorkerThread-3675 (_rx_task) root DEBUG iutctl_common.py          139   read                      : Read 277 bytes data
2026-09-22 12:51:44,517 BTPWorkerThread-3675 (_rx_task) root DEBUG iutctl_common.py          154   read                      : Received data: {'19 78 ee 69 17 d0 d3 06 02 00 13 02 00 00 00 00 00 62 74 70 5f 74 65 73 74 65 72 00 00 00 00 00 00 00 00 00 00 00 00 00 00 00 00 00 00 00 00 00 00 00 00 00 00 00 00 00 00 00 00 00 00 00 00 00 00 00 00 00 00 00 00 00 00 00 00 00 00 00 00 00 00 00 00 00 00 00 00 00 00 00 00 00 00 00 00 00 00 00 00 00 00 00 00 00 00 00 00 00 00 00 00 00 00 00 00 00 00 00 00 00 00 00 00 00 00 00 00 00 00 00 00 00 00 00 00 00 00 00 00 00 00 00 00 00 00 00 00 00 00 00 00 00 00 00 00 00 00 00 00 00 00 00 00 00 00 00 00 00 00 00 00 00 00 00 00 00 00 00 00 00 00 00 00 00 00 00 00 00 00 00 00 00 00 00 00 00 00 00 00 00 00 00 00 00 00 00 00 00 00 00 00 00 00 00 00 00 00 00 00 00 00 00 00 00 00 00 00 00 00 00 00 00 00 00 00 00 00 00 00 00 00 00 00 00 00 00 00 00 00 00 00 00 00 00 00 00 00 00 00 00 00 00 00 00 00 00 00 00 00 00 00 00 00 00 00 00 00'}, bytearray(b'\x19x\xeei\x17\xd0\xd3\x06\x02\x00\x13\x02\x00\x00\x00\x00\x00btp_tester\x00\x00\x00\x00\x00\x00\x00\x00\x00\x00\x00\x00\x00\x00\x00\x00\x00\x00\x00\x00\x00\x00\x00\x00\x00\x00\x00\x00\x00\x00\x00\x00\x00\x00\x00\x00\x00\x00\x00\x00\x00\x00\x00\x00\x00\x00\x00\x00\x00\x00\x00\x00\x00\x00\x00\x00\x00\x00\x00\x00\x00\x00\x00\x00\x00\x00\x00\x00\x00\x00\x00\x00\x00\x00\x00\x00\x00\x00\x00\x00\x00\x00\x00\x00\x00\x00\x00\x00\x00\x00\x00\x00\x00\x00\x00\x00\x00\x00\x00\x00\x00\x00\x00\x00\x00\x00\x00\x00\x00\x00\x00\x00\x00\x00\x00\x00\x00\x00\x00\x00\x00\x00\x00\x00\x00\x00\x00\x00\x00\x00\x00\x00\x00\x00\x00\x00\x00\x00\x00\x00\x00\x00\x00\x00\x00\x00\x00\x00\x00\x00\x00\x00\x00\x00\x00\x00\x00\x00\x00\x00\x00\x00\x00\x00\x00\x00\x00\x00\x00\x00\x00\x00\x00\x00\x00\x00\x00\x00\x00\x00\x00\x00\x00\x00\x00\x00\x00\x00\x00\x00\x00\x00\x00\x00\x00\x00\x00\x00\x00\x00\x00\x00\x00\x00\x00\x00\x00\x00\x00\x00\x00\x00\x00\x00\x00\x00\x00\x00\x00\x00\x00\x00\x00\x00\x00\x00\x00\x00\x00\x00\x00\x00\x00\x00\x00\x00\x00\x00\x00\x00\x00\x00\x00\x00\x00\x00\x00\x00\x00\x00')
2026-09-22 12:51:44,534 LT1-thread root DEBUG gap.py                    1168  gap_read_controller_info  : received Header(svc_id=1, op=3, ctrl_index=0, data_len=277) (b'\x19x\xeei\x17\xd0\xd3\x06\x02\x00\x13\x02\x00\x00\x00\x00\x00btp_tester\x00\x00\x00\x00\x00\x00\x00\x00\x00\x00\x00\x00\x00\x00\x00\x00\x00\x00\x00\x00\x00\x00\x00\x00\x00\x00\x00\x00\x00\x00\x00\x00\x00\x00\x00\x00\x00\x00\x00\x00\x00\x00\x00\x00\x00\x00\x00\x00\x00\x00\x00\x00\x00\x00\x00\x00\x00\x00\x00\x00\x00\x00\x00\x00\x00\x00\x00\x00\x00\x00\x00\x00\x00\x00\x00\x00\x00\x00\x00\x00\x00\x00\x00\x00\x00\x00\x00\x00\x00\x00\x00\x00\x00\x00\x00\x00\x00\x00\x00\x00\x00\x00\x00\x00\x00\x00\x00\x00\x00\x00\x00\x00\x00\x00\x00\x00\x00\x00\x00\x00\x00\x00\x00\x00\x00\x00\x00\x00\x00\x00\x00\x00\x00\x00\x00\x00\x00\x00\x00\x00\x00\x00\x00\x00\x00\x00\x00\x00\x00\x00\x00\x00\x00\x00\x00\x00\x00\x00\x00\x00\x00\x00\x00\x00\x00\x00\x00\x00\x00\x00\x00\x00\x00\x00\x00\x00\x00\x00\x00\x00\x00\x00\x00\x00\x00\x00\x00\x00\x00\x00\x00\x00\x00\x00\x00\x00\x00\x00\x00\x00\x00\x00\x00\x00\x00\x00\x00\x00\x00\x00\x00\x00\x00\x00\x00\x00\x00\x00\x00\x00\x00\x00\x00\x00\x00\x00\x00\x00\x00\x00\x00\x00\x00\x00\x00\x00\x00\x00\x00\x00\x00\x00\x00\x00\x00\x00\x00\x00\x00\x00',)
2026-09-22 12:51:44,534 LT1-thread root DEBUG gap.py                    1189  gap_read_controller_info  : IUT address 'd01769ee7819' 'public'
2026-09-22 12:51:44,535 LT1-thread root DEBUG gap.py                    594   __gap_current_settings_update : 531
2026-09-22 12:51:44,535 LT1-thread root DEBUG testcase.py               254   start                     : Starting test function: class=<class 'autopts.ptsprojects.testcase.TestFunc'>, func=<function test_cases.<locals>.<lambda> at 0x000002BEEC5C9120> start_wid=None stop_wid=None post_wid=None skip_call=None call_count=106 args=() kwds={}
2026-09-22 12:51:44,535 LT1-thread root DEBUG testcase.py               266   start                     : Test function parameters: args=(), kwds={}
2026-09-22 12:51:44,539 LT1-thread root DEBUG testcase.py               254   start                     : Starting test function: class=<class 'autopts.ptsprojects.testcase.TestFunc'>, func=<function set_pts_addr at 0x000002BEE9BB6020> start_wid=None stop_wid=None post_wid=None skip_call=None call_count=106 args=('00:1B:DC:08:E4:4E', 0) kwds={}
2026-09-22 12:51:44,539 LT1-thread root DEBUG testcase.py               266   start                     : Test function parameters: args=('00:1B:DC:08:E4:4E', 0), kwds={}
2026-09-22 12:51:44,540 LT1-thread root DEBUG testcase.py               254   start                     : Starting test function: class=<class 'autopts.ptsprojects.testcase.TestFunc'>, func=<function core_reg_svc_gatt at 0x000002BEE9BB65C0> start_wid=None stop_wid=None post_wid=None skip_call=None call_count=106 args=() kwds={}
2026-09-22 12:51:44,540 LT1-thread root DEBUG testcase.py               266   start                     : Test function parameters: args=(), kwds={}
2026-09-22 12:51:44,540 LT1-thread root DEBUG btp.py                    117   core_reg_svc_univ         : core_reg_svc_univ: gatt_reg (GATT)
2026-09-22 12:51:44,540 LT1-thread root DEBUG iutctl_common.py          161   send                      : 0 3 255 '2'
2026-09-22 12:51:44,540 LT1-thread root DEBUG iutctl_common.py          166   send                      : sending frame '0003ff010002'
2026-09-22 12:51:44,541 LT1-thread root DEBUG btp.py                    622   core_reg_svc_rsp_succ     : 
2026-09-22 12:51:44,541 LT1-thread root DEBUG iutctl_common.py          339   read                      : 
2026-09-22 12:51:44,573 BTPWorkerThread-3675 (_rx_task) root DEBUG iutctl_common.py          123   read                      : Read 5 bytes
2026-09-22 12:51:44,583 BTPWorkerThread-3675 (_rx_task) root DEBUG iutctl_common.py          131   read                      : Received: hdr: Header(svc_id=0x00, op=0x03, ctrl_index=0xff, data_len=0x00) bytearray(b'\x00\x03\xff\x00\x00')
2026-09-22 12:51:44,589 BTPWorkerThread-3675 (_rx_task) root DEBUG iutctl_common.py          154   read                      : Received data: {''}, bytearray(b'')
2026-09-22 12:51:44,599 LT1-thread root DEBUG btp.py                    633   core_reg_svc_rsp_succ     : received Header(svc_id=0, op=3, ctrl_index=255, data_len=0) (b'',)
2026-09-22 12:51:44,599 LT1-thread root DEBUG btp.py                    634   core_reg_svc_rsp_succ     : expected ((0, 3, 255, 0), (b'',))
2026-09-22 12:51:44,599 LT1-thread root DEBUG btp.py                    639   core_reg_svc_rsp_succ     : response is valid
2026-09-22 12:51:44,600 LT1-thread root DEBUG btp.py                    642   core_reg_svc_rsp_succ     : Reading supported commands for service: GATT
2026-09-22 12:51:44,600 LT1-thread root DEBUG iutctl_common.py          161   send                      : 2 1 255 ''
2026-09-22 12:51:44,600 LT1-thread root DEBUG iutctl_common.py          166   send                      : sending frame '0201ff0000'
2026-09-22 12:51:44,600 LT1-thread root DEBUG iutctl_common.py          339   read                      : 
2026-09-22 12:51:44,638 BTPWorkerThread-3675 (_rx_task) root DEBUG iutctl_common.py          123   read                      : Read 5 bytes
2026-09-22 12:51:44,655 BTPWorkerThread-3675 (_rx_task) root DEBUG iutctl_common.py          131   read                      : Received: hdr: Header(svc_id=0x02, op=0x01, ctrl_index=0xff, data_len=0x05) bytearray(b'\x02\x01\xff\x05\x00')
2026-09-22 12:51:44,677 BTPWorkerThread-3675 (_rx_task) root DEBUG iutctl_common.py          139   read                      : Read 5 bytes data
2026-09-22 12:51:44,688 BTPWorkerThread-3675 (_rx_task) root DEBUG iutctl_common.py          154   read                      : Received data: {'fe fe bf fd 0f'}, bytearray(b'\xfe\xfe\xbf\xfd\x0f')
2026-09-22 12:51:44,706 LT1-thread root DEBUG testcase.py               254   start                     : Starting test function: class=<class 'autopts.ptsprojects.testcase.TestFunc'>, func=<bound method Stack.gatt_init of <autopts.ptsprojects.stack.stack.Stack object at 0x000002BEE9C80770>> start_wid=None stop_wid=None post_wid=None skip_call=None call_count=106 args=() kwds={}
2026-09-22 12:51:44,706 LT1-thread root DEBUG testcase.py               266   start                     : Test function parameters: args=(), kwds={}
2026-09-22 12:51:44,706 LT1-thread root DEBUG testcase.py               254   start                     : Starting test function: class=<class 'autopts.ptsprojects.testcase.TestFunc'>, func=<function core_reg_svc_bip at 0x000002BEE9BB7BA0> start_wid=None stop_wid=None post_wid=None skip_call=None call_count=106 args=() kwds={}
2026-09-22 12:51:44,706 LT1-thread root DEBUG testcase.py               266   start                     : Test function parameters: args=(), kwds={}
2026-09-22 12:51:44,707 LT1-thread root DEBUG btp.py                    117   core_reg_svc_univ         : core_reg_svc_univ: bip_reg (BIP)
2026-09-22 12:51:44,707 LT1-thread root DEBUG iutctl_common.py          161   send                      : 0 3 255 '33'
2026-09-22 12:51:44,707 LT1-thread root DEBUG iutctl_common.py          166   send                      : sending frame '0003ff010021'
2026-09-22 12:51:44,707 LT1-thread root DEBUG btp.py                    622   core_reg_svc_rsp_succ     : 
2026-09-22 12:51:44,707 LT1-thread root DEBUG iutctl_common.py          339   read                      : 
2026-09-22 12:51:44,743 BTPWorkerThread-3675 (_rx_task) root DEBUG iutctl_common.py          123   read                      : Read 5 bytes
2026-09-22 12:51:44,754 BTPWorkerThread-3675 (_rx_task) root DEBUG iutctl_common.py          131   read                      : Received: hdr: Header(svc_id=0x00, op=0x03, ctrl_index=0xff, data_len=0x00) bytearray(b'\x00\x03\xff\x00\x00')
2026-09-22 12:51:44,759 BTPWorkerThread-3675 (_rx_task) root DEBUG iutctl_common.py          154   read                      : Received data: {''}, bytearray(b'')
2026-09-22 12:51:44,759 LT1-thread root DEBUG btp.py                    633   core_reg_svc_rsp_succ     : received Header(svc_id=0, op=3, ctrl_index=255, data_len=0) (b'',)
2026-09-22 12:51:44,760 LT1-thread root DEBUG btp.py                    634   core_reg_svc_rsp_succ     : expected ((0, 3, 255, 0), (b'',))
2026-09-22 12:51:44,760 LT1-thread root DEBUG btp.py                    639   core_reg_svc_rsp_succ     : response is valid
2026-09-22 12:51:44,760 LT1-thread root DEBUG btp.py                    642   core_reg_svc_rsp_succ     : Reading supported commands for service: BIP
2026-09-22 12:51:44,760 LT1-thread root DEBUG iutctl_common.py          161   send                      : 33 1 255 ''
2026-09-22 12:51:44,760 LT1-thread root DEBUG iutctl_common.py          166   send                      : sending frame '2101ff0000'
2026-09-22 12:51:44,761 LT1-thread root DEBUG iutctl_common.py          339   read                      : 
2026-09-22 12:51:44,793 BTPWorkerThread-3675 (_rx_task) root DEBUG iutctl_common.py          123   read                      : Read 5 bytes
2026-09-22 12:51:44,804 BTPWorkerThread-3675 (_rx_task) root DEBUG iutctl_common.py          131   read                      : Received: hdr: Header(svc_id=0x21, op=0x01, ctrl_index=0xff, data_len=0x0a) bytearray(b'!\x01\xff\n\x00')
2026-09-22 12:51:44,815 BTPWorkerThread-3675 (_rx_task) root DEBUG iutctl_common.py          139   read                      : Read 10 bytes data
2026-09-22 12:51:44,825 BTPWorkerThread-3675 (_rx_task) root DEBUG iutctl_common.py          154   read                      : Received data: {'da fe ff ff ff ff ff ff ff 1f'}, bytearray(b'\xda\xfe\xff\xff\xff\xff\xff\xff\xff\x1f')
2026-09-22 12:51:44,837 LT1-thread root DEBUG testcase.py               254   start                     : Starting test function: class=<class 'autopts.ptsprojects.testcase.TestFunc'>, func=<bound method Stack.bip_init of <autopts.ptsprojects.stack.stack.Stack object at 0x000002BEE9C80770>> start_wid=None stop_wid=None post_wid=None skip_call=None call_count=106 args=() kwds={}
2026-09-22 12:51:44,837 LT1-thread root DEBUG testcase.py               266   start                     : Test function parameters: args=(), kwds={}
2026-09-22 12:51:44,837 LT1-thread root DEBUG bip.py                    3619  stop                      : BIP event handler stopped
2026-09-22 12:51:44,838 LT1-thread root DEBUG bip.py                    3611  start                     : BIP event handler started
2026-09-22 12:51:44,866 LT1-thread root DEBUG testcase.py               254   start                     : Starting test function: class=<class 'autopts.ptsprojects.testcase.TestFunc'>, func=<function test_cases.<locals>.<lambda> at 0x000002BEEC5C91C0> start_wid=None stop_wid=None post_wid=None skip_call=None call_count=106 args=() kwds={}
2026-09-22 12:51:44,867 LT1-thread root DEBUG testcase.py               266   start                     : Test function parameters: args=(), kwds={}
2026-09-22 12:51:44,869 LT1-thread root DEBUG client.py                 276   get_result                : ClientCallback.get_result run_test_case
2026-09-22 12:51:52,839 LT1-callback ClientCallback.on_implicit_send INFO client.py                 223   on_implicit_send          : 
    ********************
    BEGIN OnImplicitSend:
    project_name: BIP
    wid: 19
    test_case_name: BIP/AAI/FFC/BV-02-C
    description:  Take action to create an l2cap channel or rfcomm channel for an OBEX connection.
    style: MMI_Style_Ok_Cancel1 0x11041
2026-09-22 12:51:52,839 LT1-callback ClientCallback.on_implicit_send INFO client.py                 236   on_implicit_send          : Calling test cases on_implicit_send
2026-09-22 12:51:52,839 LT1-callback ClientCallback.on_implicit_send INFO client.py                 249   on_implicit_send          : 
    on_implicit_send returned response: WAIT
    END OnImplicitSend
    ********************
2026-09-22 12:51:52,872 LT1-thread root DEBUG testcase.py               679   run_wid                   : BIP BIP/AAI/FFC/BV-02-C on_implicit_send
2026-09-22 12:51:52,872 LT1-thread root DEBUG bip_wid.py                25    bip_wid_hdl               : bip_wid_hdl, 19,  Take action to create an l2cap channel or rfcomm channel for an OBEX connection., BIP/AAI/FFC/BV-02-C
2026-09-22 12:51:52,872 LT1-thread root DEBUG gap.py                    760   gap_connect               : None 224
2026-09-22 12:51:52,872 LT1-thread root DEBUG iutctl_common.py          161   send                      : 1 14 0 "bytearray(b'\\xe0N\\xe4\\x08\\xdc\\x1b\\x00\\x00')"
2026-09-22 12:51:52,872 LT1-thread root DEBUG iutctl_common.py          166   send                      : sending frame '010e000800e04ee408dc1b0000'
2026-09-22 12:51:52,872 LT1-thread root DEBUG iutctl_common.py          339   read                      : 
2026-09-22 12:51:52,915 BTPWorkerThread-3675 (_rx_task) root DEBUG iutctl_common.py          123   read                      : Read 5 bytes
2026-09-22 12:51:52,926 BTPWorkerThread-3675 (_rx_task) root DEBUG iutctl_common.py          131   read                      : Received: hdr: Header(svc_id=0x01, op=0x0e, ctrl_index=0x00, data_len=0x00) bytearray(b'\x01\x0e\x00\x00\x00')
2026-09-22 12:51:52,926 BTPWorkerThread-3675 (_rx_task) root DEBUG iutctl_common.py          154   read                      : Received data: {''}, bytearray(b'')
2026-09-22 12:51:56,501 BTPWorkerThread-3675 (_rx_task) root DEBUG iutctl_common.py          123   read                      : Read 5 bytes
2026-09-22 12:51:56,502 BTPWorkerThread-3675 (_rx_task) root DEBUG iutctl_common.py          131   read                      : Received: hdr: Header(svc_id=0x01, op=0x82, ctrl_index=0x00, data_len=0x0d) bytearray(b'\x01\x82\x00\r\x00')
2026-09-22 12:51:56,502 BTPWorkerThread-3675 (_rx_task) root DEBUG iutctl_common.py          139   read                      : Read 13 bytes data
2026-09-22 12:51:56,502 BTPWorkerThread-3675 (_rx_task) root DEBUG iutctl_common.py          154   read                      : Received data: {'e0 4e e4 08 dc 1b 00 00 00 00 00 00 00'}, bytearray(b'\xe0N\xe4\x08\xdc\x1b\x00\x00\x00\x00\x00\x00\x00')
2026-09-22 12:51:56,502 BTPWorkerThread-3675 (_rx_task) root DEBUG btp.py                    704   event_handler             : Header(svc_id=1, op=130, ctrl_index=0, data_len=13) (b'\xe0N\xe4\x08\xdc\x1b\x00\x00\x00\x00\x00\x00\x00',)
2026-09-22 12:51:56,502 BTPWorkerThread-3675 (_rx_task) root DEBUG gap.py                    213   gap_connected_ev_         : b'\xe0N\xe4\x08\xdc\x1b\x00\x00\x00\x00\x00\x00\x00'
2026-09-22 12:51:56,554 LT1-thread root DEBUG bip.py                    618   bip_sdp_discover          : bip_sdp_discover None 224 4378
2026-09-22 12:51:56,554 LT1-thread root DEBUG iutctl_common.py          161   send                      : 33 9 0 "bytearray(b'\\xe0N\\xe4\\x08\\xdc\\x1b\\x00\\x1a\\x11')"
2026-09-22 12:51:56,554 LT1-thread root DEBUG iutctl_common.py          166   send                      : sending frame '2109000900e04ee408dc1b001a11'
2026-09-22 12:51:56,555 LT1-thread root DEBUG iutctl_common.py          339   read                      : 
2026-09-22 12:51:56,584 BTPWorkerThread-3675 (_rx_task) root DEBUG iutctl_common.py          123   read                      : Read 5 bytes
2026-09-22 12:51:56,595 BTPWorkerThread-3675 (_rx_task) root DEBUG iutctl_common.py          131   read                      : Received: hdr: Header(svc_id=0x21, op=0x09, ctrl_index=0x00, data_len=0x00) bytearray(b'!\t\x00\x00\x00')
2026-09-22 12:51:56,606 BTPWorkerThread-3675 (_rx_task) root DEBUG iutctl_common.py          154   read                      : Received data: {''}, bytearray(b'')
2026-09-22 12:51:56,617 LT1-thread root DEBUG bip.py                    4212  bip_wait_for_sdp_finished : bip_wait_for_sdp_finished None 30
2026-09-22 12:51:56,686 BTPWorkerThread-3675 (_rx_task) root DEBUG iutctl_common.py          123   read                      : Read 5 bytes
2026-09-22 12:51:56,686 BTPWorkerThread-3675 (_rx_task) root DEBUG iutctl_common.py          131   read                      : Received: hdr: Header(svc_id=0x21, op=0xaa, ctrl_index=0x00, data_len=0x11) bytearray(b'!\xaa\x00\x11\x00')
2026-09-22 12:51:56,687 BTPWorkerThread-3675 (_rx_task) root DEBUG iutctl_common.py          139   read                      : Read 17 bytes data
2026-09-22 12:51:56,687 BTPWorkerThread-3675 (_rx_task) root DEBUG iutctl_common.py          154   read                      : Received data: {'e0 4e e4 08 dc 1b 00 08 03 10 00 00 00 0f 00 00 00'}, bytearray(b'\xe0N\xe4\x08\xdc\x1b\x00\x08\x03\x10\x00\x00\x00\x0f\x00\x00\x00')
2026-09-22 12:51:56,687 BTPWorkerThread-3675 (_rx_task) root DEBUG btp.py                    704   event_handler             : Header(svc_id=33, op=170, ctrl_index=0, data_len=17) (b'\xe0N\xe4\x08\xdc\x1b\x00\x08\x03\x10\x00\x00\x00\x0f\x00\x00\x00',)
2026-09-22 12:51:56,687 BTPWorkerThread-3675 (_rx_task) root DEBUG bip.py                    3994  bip_ev_sdp_discovered     : bip_ev_sdp_discovered <autopts.ptsprojects.stack.layers.bip.BIP object at 0x000002BEEC881FA0> b'\xe0N\xe4\x08\xdc\x1b\x00\x08\x03\x10\x00\x00\x00\x0f\x00\x00\x00' 17
2026-09-22 12:51:56,687 Thread-3685 (_process_events) root DEBUG bip.py                    3291  _bip_ev_sdp_discovered    : _bip_ev_sdp_discovered b'\xe0N\xe4\x08\xdc\x1b\x00\x08\x03\x10\x00\x00\x00\x0f\x00\x00\x00'
2026-09-22 12:51:56,688 Thread-3685 (_process_events) root DEBUG bip.py                    3298  _bip_ev_sdp_discovered    : BIP SDP discovered: addr 001bdc08e44e channel 8 psm 0x1003 caps 0x00 features 0x0000 functions 0x0000000f
2026-09-22 12:51:56,718 LT1-thread root DEBUG bip.py                    4219  bip_get_sdp_connection    : bip_get_sdp_connection None
2026-09-22 12:51:56,718 LT1-thread root DEBUG bip.py                    595   bip_connect_l2cap         : bip_connect_l2cap None 224 4099
2026-09-22 12:51:56,718 LT1-thread root DEBUG iutctl_common.py          161   send                      : 33 6 0 "bytearray(b'\\xe0N\\xe4\\x08\\xdc\\x1b\\x00\\x03\\x10')"
2026-09-22 12:51:56,718 LT1-thread root DEBUG iutctl_common.py          166   send                      : sending frame '2106000900e04ee408dc1b000310'
2026-09-22 12:51:56,719 LT1-thread root DEBUG iutctl_common.py          339   read                      : 
2026-09-22 12:51:56,762 BTPWorkerThread-3675 (_rx_task) root DEBUG iutctl_common.py          123   read                      : Read 5 bytes
2026-09-22 12:51:56,773 BTPWorkerThread-3675 (_rx_task) root DEBUG iutctl_common.py          131   read                      : Received: hdr: Header(svc_id=0x21, op=0x06, ctrl_index=0x00, data_len=0x00) bytearray(b'!\x06\x00\x00\x00')
2026-09-22 12:51:56,778 BTPWorkerThread-3675 (_rx_task) root DEBUG iutctl_common.py          154   read                      : Received data: {''}, bytearray(b'')
2026-09-22 12:51:56,778 LT1-thread root DEBUG bip.py                    4198  bip_wait_for_transport_connected : bip_wait_for_transport_connected None 30
2026-09-22 12:51:58,561 BTPWorkerThread-3675 (_rx_task) root DEBUG iutctl_common.py          123   read                      : Read 5 bytes
2026-09-22 12:51:58,561 BTPWorkerThread-3675 (_rx_task) root DEBUG iutctl_common.py          131   read                      : Received: hdr: Header(svc_id=0x01, op=0x91, ctrl_index=0x00, data_len=0x09) bytearray(b'\x01\x91\x00\t\x00')
2026-09-22 12:51:58,561 BTPWorkerThread-3675 (_rx_task) root DEBUG iutctl_common.py          139   read                      : Read 9 bytes data
2026-09-22 12:51:58,562 BTPWorkerThread-3675 (_rx_task) root DEBUG iutctl_common.py          154   read                      : Received data: {'e0 4e e4 08 dc 1b 00 01 10'}, bytearray(b'\xe0N\xe4\x08\xdc\x1b\x00\x01\x10')
2026-09-22 12:51:58,562 BTPWorkerThread-3675 (_rx_task) root DEBUG btp.py                    704   event_handler             : Header(svc_id=1, op=145, ctrl_index=0, data_len=9) (b'\xe0N\xe4\x08\xdc\x1b\x00\x01\x10',)
2026-09-22 12:51:58,562 BTPWorkerThread-3675 (_rx_task) root DEBUG gap.py                    492   gap_encryption_change_ev_ : 
2026-09-22 12:51:58,562 BTPWorkerThread-3675 (_rx_task) root DEBUG gap.py                    494   gap_encryption_change_ev_ : enc change received b'\xe0N\xe4\x08\xdc\x1b\x00\x01\x10'
2026-09-22 12:51:58,562 BTPWorkerThread-3675 (_rx_task) root DEBUG gap.py                    503   gap_encryption_change_ev_ : received (224, '001bdc08e44e', 1, 16)
2026-09-22 12:51:58,562 BTPWorkerThread-3675 (_rx_task) root DEBUG iutctl_common.py          123   read                      : Read 5 bytes
2026-09-22 12:51:58,562 BTPWorkerThread-3675 (_rx_task) root DEBUG iutctl_common.py          131   read                      : Received: hdr: Header(svc_id=0x01, op=0x89, ctrl_index=0x00, data_len=0x08) bytearray(b'\x01\x89\x00\x08\x00')
2026-09-22 12:51:58,562 BTPWorkerThread-3675 (_rx_task) root DEBUG iutctl_common.py          139   read                      : Read 8 bytes data
2026-09-22 12:51:58,563 BTPWorkerThread-3675 (_rx_task) root DEBUG iutctl_common.py          154   read                      : Received data: {'e0 4e e4 08 dc 1b 00 02'}, bytearray(b'\xe0N\xe4\x08\xdc\x1b\x00\x02')
2026-09-22 12:51:58,563 BTPWorkerThread-3675 (_rx_task) root DEBUG btp.py                    704   event_handler             : Header(svc_id=1, op=137, ctrl_index=0, data_len=8) (b'\xe0N\xe4\x08\xdc\x1b\x00\x02',)
2026-09-22 12:51:58,563 BTPWorkerThread-3675 (_rx_task) root DEBUG gap.py                    298   gap_sec_level_changed_ev_ : 
2026-09-22 12:51:58,563 BTPWorkerThread-3675 (_rx_task) root DEBUG gap.py                    300   gap_sec_level_changed_ev_ : received b'\xe0N\xe4\x08\xdc\x1b\x00\x02'
2026-09-22 12:51:58,563 BTPWorkerThread-3675 (_rx_task) root DEBUG gap.py                    311   gap_sec_level_changed_ev_ : received (224, '001bdc08e44e', 2)
2026-09-22 12:51:58,583 BTPWorkerThread-3675 (_rx_task) root DEBUG iutctl_common.py          123   read                      : Read 5 bytes
2026-09-22 12:51:58,583 BTPWorkerThread-3675 (_rx_task) root DEBUG iutctl_common.py          131   read                      : Received: hdr: Header(svc_id=0x21, op=0x82, ctrl_index=0x00, data_len=0x07) bytearray(b'!\x82\x00\x07\x00')
2026-09-22 12:51:58,584 BTPWorkerThread-3675 (_rx_task) root DEBUG iutctl_common.py          139   read                      : Read 7 bytes data
2026-09-22 12:51:58,584 BTPWorkerThread-3675 (_rx_task) root DEBUG iutctl_common.py          154   read                      : Received data: {'e0 4e e4 08 dc 1b 00'}, bytearray(b'\xe0N\xe4\x08\xdc\x1b\x00')
2026-09-22 12:51:58,584 BTPWorkerThread-3675 (_rx_task) root DEBUG btp.py                    704   event_handler             : Header(svc_id=33, op=130, ctrl_index=0, data_len=7) (b'\xe0N\xe4\x08\xdc\x1b\x00',)
2026-09-22 12:51:58,584 BTPWorkerThread-3675 (_rx_task) root DEBUG bip.py                    3672  bip_ev_l2cap_connected    : bip_ev_l2cap_connected <autopts.ptsprojects.stack.layers.bip.BIP object at 0x000002BEEC881FA0> b'\xe0N\xe4\x08\xdc\x1b\x00' 7
2026-09-22 12:51:58,584 Thread-3685 (_process_events) root DEBUG bip.py                    2000  _bip_ev_l2cap_connected   : _bip_ev_l2cap_connected b'\xe0N\xe4\x08\xdc\x1b\x00'
2026-09-22 12:51:58,585 Thread-3685 (_process_events) root DEBUG bip.py                    2004  _bip_ev_l2cap_connected   : BIP L2CAP connected: addr b'N\xe4\x08\xdc\x1b\x00'
2026-09-22 12:51:58,588 LT1-thread root DEBUG testcase.py               722   run_wid                   : Sending response 'OK' to wid 19 test case BIP/AAI/FFC/BV-02-C
2026-09-22 12:51:58,590 LT1-thread root DEBUG client.py                 276   get_result                : ClientCallback.get_result run_test_case
2026-09-22 12:51:58,592 LT1-callback ClientCallback.on_implicit_send INFO client.py                 223   on_implicit_send          : 
    ********************
    BEGIN OnImplicitSend:
    project_name: BIP
    wid: 22
    test_case_name: BIP/AAI/FFC/BV-02-C
    description:  Take action to initiate an OBEX CONNECT REQ for BIP.
    style: MMI_Style_Ok_Cancel1 0x11041
2026-09-22 12:51:58,593 LT1-callback ClientCallback.on_implicit_send INFO client.py                 236   on_implicit_send          : Calling test cases on_implicit_send
2026-09-22 12:51:58,593 LT1-callback ClientCallback.on_implicit_send INFO client.py                 249   on_implicit_send          : 
    on_implicit_send returned response: WAIT
    END OnImplicitSend
    ********************
2026-09-22 12:51:59,591 LT1-thread root DEBUG testcase.py               679   run_wid                   : BIP BIP/AAI/FFC/BV-02-C on_implicit_send
2026-09-22 12:51:59,591 LT1-thread root DEBUG bip_wid.py                25    bip_wid_hdl               : bip_wid_hdl, 22,  Take action to initiate an OBEX CONNECT REQ for BIP., BIP/AAI/FFC/BV-02-C
2026-09-22 12:51:59,591 LT1-thread root DEBUG bip.py                    654   bip_client_connect        : bip_client_connect None 224 3
2026-09-22 12:51:59,591 LT1-thread root DEBUG iutctl_common.py          161   send                      : 33 12 0 "bytearray(b'\\xe0N\\xe4\\x08\\xdc\\x1b\\x00\\x03')"
2026-09-22 12:51:59,592 LT1-thread root DEBUG iutctl_common.py          166   send                      : sending frame '210c000800e04ee408dc1b0003'
2026-09-22 12:51:59,592 LT1-thread root DEBUG iutctl_common.py          339   read                      : 
2026-09-22 12:51:59,632 BTPWorkerThread-3675 (_rx_task) root DEBUG iutctl_common.py          123   read                      : Read 5 bytes
2026-09-22 12:51:59,643 BTPWorkerThread-3675 (_rx_task) root DEBUG iutctl_common.py          131   read                      : Received: hdr: Header(svc_id=0x21, op=0x0c, ctrl_index=0x00, data_len=0x00) bytearray(b'!\x0c\x00\x00\x00')
2026-09-22 12:51:59,648 BTPWorkerThread-3675 (_rx_task) root DEBUG iutctl_common.py          154   read                      : Received data: {''}, bytearray(b'')
2026-09-22 12:51:59,648 LT1-thread root DEBUG bip.py                    4176  bip_wait_for_client_connected : bip_wait_for_client_connected None 0 30
2026-09-22 12:51:59,649 BTPWorkerThread-3675 (_rx_task) root DEBUG iutctl_common.py          123   read                      : Read 5 bytes
2026-09-22 12:51:59,649 BTPWorkerThread-3675 (_rx_task) root DEBUG iutctl_common.py          131   read                      : Received: hdr: Header(svc_id=0x21, op=0x97, ctrl_index=0x00, data_len=0x29) bytearray(b'!\x97\x00)\x00')
2026-09-22 12:51:59,650 BTPWorkerThread-3675 (_rx_task) root DEBUG iutctl_common.py          139   read                      : Read 41 bytes data
2026-09-22 12:51:59,650 BTPWorkerThread-3675 (_rx_task) root DEBUG iutctl_common.py          154   read                      : Received data: {'e0 4e e4 08 dc 1b 00 a0 10 fe 06 c8 c7 d2 db 18 00 4a 00 13 94 01 26 c0 46 08 11 d5 84 1a 00 02 a5 32 5b 4e cb db d2 c7 c8'}, bytearray(b'\xe0N\xe4\x08\xdc\x1b\x00\xa0\x10\xfe\x06\xc8\xc7\xd2\xdb\x18\x00J\x00\x13\x94\x01&\xc0F\x08\x11\xd5\x84\x1a\x00\x02\xa52[N\xcb\xdb\xd2\xc7\xc8')
2026-09-22 12:51:59,650 BTPWorkerThread-3675 (_rx_task) root DEBUG btp.py                    704   event_handler             : Header(svc_id=33, op=151, ctrl_index=0, data_len=41) (b'\xe0N\xe4\x08\xdc\x1b\x00\xa0\x10\xfe\x06\xc8\xc7\xd2\xdb\x18\x00J\x00\x13\x94\x01&\xc0F\x08\x11\xd5\x84\x1a\x00\x02\xa52[N\xcb\xdb\xd2\xc7\xc8',)
2026-09-22 12:51:59,650 BTPWorkerThread-3675 (_rx_task) root DEBUG bip.py                    3854  bip_ev_client_connected   : bip_ev_client_connected <autopts.ptsprojects.stack.layers.bip.BIP object at 0x000002BEEC881FA0> b'\xe0N\xe4\x08\xdc\x1b\x00\xa0\x10\xfe\x06\xc8\xc7\xd2\xdb\x18\x00J\x00\x13\x94\x01&\xc0F\x08\x11\xd5\x84\x1a\x00\x02\xa52[N\xcb\xdb\xd2\xc7\xc8' 41
2026-09-22 12:51:59,651 Thread-3685 (_process_events) root DEBUG bip.py                    3056  _bip_ev_client_connected  : _bip_ev_client_connected b'\xe0N\xe4\x08\xdc\x1b\x00\xa0\x10\xfe\x06\xc8\xc7\xd2\xdb\x18\x00J\x00\x13\x94\x01&\xc0F\x08\x11\xd5\x84\x1a\x00\x02\xa52[N\xcb\xdb\xd2\xc7\xc8'
2026-09-22 12:51:59,651 Thread-3685 (_process_events) root DEBUG bip.py                    3065  _bip_ev_client_connected  : BIP client connected: addr 001bdc08e44e rsp_code 160 version 16 mopl 1790 conn_id 3688024008
2026-09-22 12:51:59,750 LT1-thread root DEBUG bip.py                    762   bip_second_server_register : bip_second_server_register None 224 11
2026-09-22 12:51:59,750 LT1-thread root DEBUG iutctl_common.py          161   send                      : 33 50 0 "bytearray(b'\\xe0N\\xe4\\x08\\xdc\\x1b\\x00\\x0b')"
2026-09-22 12:51:59,750 LT1-thread root DEBUG iutctl_common.py          166   send                      : sending frame '2132000800e04ee408dc1b000b'
2026-09-22 12:51:59,751 LT1-thread root DEBUG iutctl_common.py          339   read                      : 
2026-09-22 12:51:59,795 BTPWorkerThread-3675 (_rx_task) root DEBUG iutctl_common.py          123   read                      : Read 5 bytes
2026-09-22 12:51:59,807 BTPWorkerThread-3675 (_rx_task) root DEBUG iutctl_common.py          131   read                      : Received: hdr: Header(svc_id=0x21, op=0x32, ctrl_index=0x00, data_len=0x00) bytearray(b'!2\x00\x00\x00')
2026-09-22 12:51:59,817 BTPWorkerThread-3675 (_rx_task) root DEBUG iutctl_common.py          154   read                      : Received data: {''}, bytearray(b'')
2026-09-22 12:51:59,834 LT1-thread root DEBUG testcase.py               722   run_wid                   : Sending response 'OK' to wid 22 test case BIP/AAI/FFC/BV-02-C
2026-09-22 12:51:59,836 LT1-thread root DEBUG client.py                 276   get_result                : ClientCallback.get_result run_test_case
2026-09-22 12:51:59,839 LT1-callback ClientCallback.on_implicit_send INFO client.py                 223   on_implicit_send          : 
    ********************
    BEGIN OnImplicitSend:
    project_name: BIP
    wid: 18
    test_case_name: BIP/AAI/FFC/BV-02-C
    description:  Click OK when the IUT becomes connectable.
    style: MMI_Style_Ok_Cancel1 0x11041
2026-09-22 12:51:59,839 LT1-callback ClientCallback.on_implicit_send INFO client.py                 236   on_implicit_send          : Calling test cases on_implicit_send
2026-09-22 12:51:59,839 LT1-callback ClientCallback.on_implicit_send INFO client.py                 249   on_implicit_send          : 
    on_implicit_send returned response: WAIT
    END OnImplicitSend
    ********************
2026-09-22 12:52:00,836 LT1-thread root DEBUG testcase.py               679   run_wid                   : BIP BIP/AAI/FFC/BV-02-C on_implicit_send
2026-09-22 12:52:00,836 LT1-thread root DEBUG bip_wid.py                25    bip_wid_hdl               : bip_wid_hdl, 18,  Click OK when the IUT becomes connectable., BIP/AAI/FFC/BV-02-C
2026-09-22 12:52:00,836 LT1-thread root DEBUG gap.py                    982   gap_set_connectable       : 
2026-09-22 12:52:00,837 LT1-thread root DEBUG gap.py                    1033  gap_set_general_discoverable : 
2026-09-22 12:52:00,837 LT1-thread root DEBUG iutctl_common.py          161   send                      : 1 8 0 '1'
2026-09-22 12:52:00,837 LT1-thread root DEBUG iutctl_common.py          166   send                      : sending frame '010800010001'
2026-09-22 12:52:00,837 LT1-thread root DEBUG gap.py                    1227  gap_command_rsp_succ      : 
2026-09-22 12:52:00,837 LT1-thread root DEBUG iutctl_common.py          339   read                      : 
2026-09-22 12:52:00,895 BTPWorkerThread-3675 (_rx_task) root DEBUG iutctl_common.py          123   read                      : Read 5 bytes
2026-09-22 12:52:00,907 BTPWorkerThread-3675 (_rx_task) root DEBUG iutctl_common.py          131   read                      : Received: hdr: Header(svc_id=0x01, op=0x08, ctrl_index=0x00, data_len=0x04) bytearray(b'\x01\x08\x00\x04\x00')
2026-09-22 12:52:00,928 BTPWorkerThread-3675 (_rx_task) root DEBUG iutctl_common.py          139   read                      : Read 4 bytes data
2026-09-22 12:52:00,939 BTPWorkerThread-3675 (_rx_task) root DEBUG iutctl_common.py          154   read                      : Received data: {'1b 02 00 00'}, bytearray(b'\x1b\x02\x00\x00')
2026-09-22 12:52:00,951 LT1-thread root DEBUG gap.py                    1232  gap_command_rsp_succ      : received Header(svc_id=1, op=8, ctrl_index=0, data_len=4) (b'\x1b\x02\x00\x00',)
2026-09-22 12:52:00,951 LT1-thread root DEBUG gap.py                    594   __gap_current_settings_update : (b'\x1b\x02\x00\x00',)
2026-09-22 12:52:00,951 LT1-thread root DEBUG testcase.py               722   run_wid                   : Sending response 'OK' to wid 18 test case BIP/AAI/FFC/BV-02-C
2026-09-22 12:52:00,953 LT1-thread root DEBUG client.py                 276   get_result                : ClientCallback.get_result run_test_case
2026-09-22 12:52:01,029 LT1-callback ClientCallback.on_implicit_send INFO client.py                 223   on_implicit_send          : 
    ********************
    BEGIN OnImplicitSend:
    project_name: BIP
    wid: 4017
    test_case_name: BIP/AAI/FFC/BV-02-C
    description:  Please accept the l2cap channel connection for an OBEX connection.
    style: MMI_Style_Ok_Cancel1 0x11041
2026-09-22 12:52:01,029 LT1-callback ClientCallback.on_implicit_send INFO client.py                 236   on_implicit_send          : Calling test cases on_implicit_send
2026-09-22 12:52:01,029 LT1-callback ClientCallback.on_implicit_send INFO client.py                 249   on_implicit_send          : 
    on_implicit_send returned response: WAIT
    END OnImplicitSend
    ********************
2026-09-22 12:52:01,042 BTPWorkerThread-3675 (_rx_task) root DEBUG iutctl_common.py          123   read                      : Read 5 bytes
2026-09-22 12:52:01,042 BTPWorkerThread-3675 (_rx_task) root DEBUG iutctl_common.py          131   read                      : Received: hdr: Header(svc_id=0x21, op=0xc2, ctrl_index=0x00, data_len=0x07) bytearray(b'!\xc2\x00\x07\x00')
2026-09-22 12:52:01,053 BTPWorkerThread-3675 (_rx_task) root DEBUG iutctl_common.py          139   read                      : Read 7 bytes data
2026-09-22 12:52:01,054 BTPWorkerThread-3675 (_rx_task) root DEBUG iutctl_common.py          154   read                      : Received data: {'e0 4e e4 08 dc 1b 00'}, bytearray(b'\xe0N\xe4\x08\xdc\x1b\x00')
2026-09-22 12:52:01,054 BTPWorkerThread-3675 (_rx_task) root DEBUG btp.py                    704   event_handler             : Header(svc_id=33, op=194, ctrl_index=0, data_len=7) (b'\xe0N\xe4\x08\xdc\x1b\x00',)
2026-09-22 12:52:01,054 BTPWorkerThread-3675 (_rx_task) root DEBUG bip.py                    3700  bip_ev_second_l2cap_connected : bip_ev_second_l2cap_connected <autopts.ptsprojects.stack.layers.bip.BIP object at 0x000002BEEC881FA0> b'\xe0N\xe4\x08\xdc\x1b\x00' 7
2026-09-22 12:52:01,055 Thread-3685 (_process_events) root DEBUG bip.py                    2048  _bip_ev_second_l2cap_connected : _bip_ev_second_l2cap_connected b'\xe0N\xe4\x08\xdc\x1b\x00'
2026-09-22 12:52:01,055 Thread-3685 (_process_events) root DEBUG bip.py                    2052  _bip_ev_second_l2cap_connected : BIP second L2CAP connected: addr b'N\xe4\x08\xdc\x1b\x00'
2026-09-22 12:52:01,153 BTPWorkerThread-3675 (_rx_task) root DEBUG iutctl_common.py          123   read                      : Read 5 bytes
2026-09-22 12:52:01,154 BTPWorkerThread-3675 (_rx_task) root DEBUG iutctl_common.py          131   read                      : Received: hdr: Header(svc_id=0x21, op=0xab, ctrl_index=0x00, data_len=0x1f) bytearray(b'!\xab\x00\x1f\x00')
2026-09-22 12:52:01,154 BTPWorkerThread-3675 (_rx_task) root DEBUG iutctl_common.py          139   read                      : Read 8 bytes data
2026-09-22 12:52:01,164 BTPWorkerThread-3675 (_rx_task) root DEBUG iutctl_common.py          139   read                      : Read 23 bytes data
2026-09-22 12:52:01,165 BTPWorkerThread-3675 (_rx_task) root DEBUG iutctl_common.py          154   read                      : Received data: {'e0 4e e4 08 dc 1b 00 10 fe 06 13 00 46 00 13 8e 61 f9 5e 1a 79 11 d4 8e a4 00 80 5f 9b 98 34'}, bytearray(b'\xe0N\xe4\x08\xdc\x1b\x00\x10\xfe\x06\x13\x00F\x00\x13\x8ea\xf9^\x1ay\x11\xd4\x8e\xa4\x00\x80_\x9b\x984')
2026-09-22 12:52:01,165 BTPWorkerThread-3675 (_rx_task) root DEBUG btp.py                    704   event_handler             : Header(svc_id=33, op=171, ctrl_index=0, data_len=31) (b'\xe0N\xe4\x08\xdc\x1b\x00\x10\xfe\x06\x13\x00F\x00\x13\x8ea\xf9^\x1ay\x11\xd4\x8e\xa4\x00\x80_\x9b\x984',)
2026-09-22 12:52:01,165 BTPWorkerThread-3675 (_rx_task) root DEBUG bip.py                    4001  bip_ev_second_server_connect_req : bip_ev_second_server_connect_req <autopts.ptsprojects.stack.layers.bip.BIP object at 0x000002BEEC881FA0> b'\xe0N\xe4\x08\xdc\x1b\x00\x10\xfe\x06\x13\x00F\x00\x13\x8ea\xf9^\x1ay\x11\xd4\x8e\xa4\x00\x80_\x9b\x984' 31
2026-09-22 12:52:01,165 Thread-3685 (_process_events) root DEBUG bip.py                    3306  _bip_ev_second_server_connect_req : _bip_ev_second_server_connect_req b'\xe0N\xe4\x08\xdc\x1b\x00\x10\xfe\x06\x13\x00F\x00\x13\x8ea\xf9^\x1ay\x11\xd4\x8e\xa4\x00\x80_\x9b\x984'
2026-09-22 12:52:01,165 Thread-3685 (_process_events) root DEBUG bip.py                    3315  _bip_ev_second_server_connect_req : BIP second server connect req: addr 001bdc08e44e version 16 mopl 1790
2026-09-22 12:52:01,165 Thread-3685 (_process_events) root DEBUG bip.py                    3334  _bip_ev_second_server_connect_req : BIP stored second target: 8e61f95e1a7911d48ea400805f9b9834
2026-09-22 12:52:01,954 LT1-thread root DEBUG testcase.py               679   run_wid                   : BIP BIP/AAI/FFC/BV-02-C on_implicit_send
2026-09-22 12:52:01,954 LT1-thread root DEBUG bip_wid.py                25    bip_wid_hdl               : bip_wid_hdl, 4017,  Please accept the l2cap channel connection for an OBEX connection., BIP/AAI/FFC/BV-02-C
2026-09-22 12:52:01,954 LT1-thread root DEBUG bip.py                    4198  bip_wait_for_transport_connected : bip_wait_for_transport_connected None 30
2026-09-22 12:52:01,954 LT1-thread root DEBUG testcase.py               722   run_wid                   : Sending response 'OK' to wid 4017 test case BIP/AAI/FFC/BV-02-C
2026-09-22 12:52:01,957 LT1-thread root DEBUG client.py                 276   get_result                : ClientCallback.get_result run_test_case
2026-09-22 12:52:01,958 LT1-callback ClientCallback.on_implicit_send INFO client.py                 223   on_implicit_send          : 
    ********************
    BEGIN OnImplicitSend:
    project_name: BIP
    wid: 4004
    test_case_name: BIP/AAI/FFC/BV-02-C
    description:  Please accept the OBEX CONNECT REQ.
    style: MMI_Style_Ok_Cancel1 0x11041
2026-09-22 12:52:01,958 LT1-callback ClientCallback.on_implicit_send INFO client.py                 236   on_implicit_send          : Calling test cases on_implicit_send
2026-09-22 12:52:01,959 LT1-callback ClientCallback.on_implicit_send INFO client.py                 249   on_implicit_send          : 
    on_implicit_send returned response: WAIT
    END OnImplicitSend
    ********************
2026-09-22 12:52:02,958 LT1-thread root DEBUG testcase.py               679   run_wid                   : BIP BIP/AAI/FFC/BV-02-C on_implicit_send
2026-09-22 12:52:02,958 LT1-thread root DEBUG bip_wid.py                25    bip_wid_hdl               : bip_wid_hdl, 4004,  Please accept the OBEX CONNECT REQ., BIP/AAI/FFC/BV-02-C
2026-09-22 12:52:02,958 LT1-thread root DEBUG bip.py                    4191  bip_has_pending_second_connect : bip_has_pending_second_connect None 224
2026-09-22 12:52:02,958 LT1-thread root DEBUG bip.py                    902   bip_second_connect_rsp    : bip_second_connect_rsp None 224 160
2026-09-22 12:52:02,958 LT1-thread root DEBUG bip.py                    256   bip_add_headers           : bip_add_headers bytearray(b'') {74: b'\x8ea\xf9^\x1ay\x11\xd4\x8e\xa4\x00\x80_\x9b\x984'}
2026-09-22 12:52:02,958 LT1-thread root DEBUG bip.py                    925   bip_second_connect_rsp    : BIP second_connect_rsp headers: who=8e61f95e1a7911d48ea400805f9b9834
2026-09-22 12:52:02,958 LT1-thread root DEBUG iutctl_common.py          161   send                      : 33 54 0 "bytearray(b'\\xe0N\\xe4\\x08\\xdc\\x1b\\x00\\xa0\\x13\\x00J\\x00\\x13\\x8ea\\xf9^\\x1ay\\x11\\xd4\\x8e\\xa4\\x00\\x80_\\x9b\\x984')"
2026-09-22 12:52:02,958 LT1-thread root DEBUG iutctl_common.py          166   send                      : sending frame '2136001d00e04ee408dc1b00a013004a00138e61f95e1a7911d48ea400805f9b9834'
2026-09-22 12:52:02,959 LT1-thread root DEBUG iutctl_common.py          339   read                      : 
2026-09-22 12:52:03,002 BTPWorkerThread-3675 (_rx_task) root DEBUG iutctl_common.py          123   read                      : Read 5 bytes
2026-09-22 12:52:03,013 BTPWorkerThread-3675 (_rx_task) root DEBUG iutctl_common.py          131   read                      : Received: hdr: Header(svc_id=0x21, op=0x36, ctrl_index=0x00, data_len=0x00) bytearray(b'!6\x00\x00\x00')
2026-09-22 12:52:03,023 BTPWorkerThread-3675 (_rx_task) root DEBUG iutctl_common.py          154   read                      : Received data: {''}, bytearray(b'')
2026-09-22 12:52:03,029 LT1-thread root DEBUG bip.py                    4176  bip_wait_for_client_connected : bip_wait_for_client_connected None 1 30
2026-09-22 12:52:03,029 LT1-thread root DEBUG testcase.py               722   run_wid                   : Sending response 'OK' to wid 4004 test case BIP/AAI/FFC/BV-02-C
2026-09-22 12:52:03,029 BTPWorkerThread-3675 (_rx_task) root DEBUG iutctl_common.py          123   read                      : Read 5 bytes
2026-09-22 12:52:03,030 BTPWorkerThread-3675 (_rx_task) root DEBUG iutctl_common.py          131   read                      : Received: hdr: Header(svc_id=0x21, op=0xb1, ctrl_index=0x00, data_len=0x2a) bytearray(b'!\xb1\x00*\x00')
2026-09-22 12:52:03,030 BTPWorkerThread-3675 (_rx_task) root DEBUG iutctl_common.py          139   read                      : Read 42 bytes data
2026-09-22 12:52:03,030 BTPWorkerThread-3675 (_rx_task) root DEBUG iutctl_common.py          154   read                      : Received data: {'e0 4e e4 08 dc 1b 00 01 20 00 42 00 19 78 2d 62 74 2f 69 6d 67 2d 63 61 70 61 62 69 6c 69 74 69 65 73 00 97 01 cb 00 00 00 01'}, bytearray(b'\xe0N\xe4\x08\xdc\x1b\x00\x01 \x00B\x00\x19x-bt/img-capabilities\x00\x97\x01\xcb\x00\x00\x00\x01')
2026-09-22 12:52:03,031 BTPWorkerThread-3675 (_rx_task) root DEBUG btp.py                    704   event_handler             : Header(svc_id=33, op=177, ctrl_index=0, data_len=42) (b'\xe0N\xe4\x08\xdc\x1b\x00\x01 \x00B\x00\x19x-bt/img-capabilities\x00\x97\x01\xcb\x00\x00\x00\x01',)
2026-09-22 12:52:03,031 BTPWorkerThread-3675 (_rx_task) root DEBUG bip.py                    4045  bip_ev_second_server_get_caps_req : bip_ev_second_server_get_caps_req <autopts.ptsprojects.stack.layers.bip.BIP object at 0x000002BEEC881FA0> b'\xe0N\xe4\x08\xdc\x1b\x00\x01 \x00B\x00\x19x-bt/img-capabilities\x00\x97\x01\xcb\x00\x00\x00\x01' 42
2026-09-22 12:52:03,031 Thread-3685 (_process_events) root DEBUG bip.py                    2529  _bip_ev_server_get_caps_req : _bip_ev_server_get_caps_req b'\xe0N\xe4\x08\xdc\x1b\x00\x01 \x00B\x00\x19x-bt/img-capabilities\x00\x97\x01\xcb\x00\x00\x00\x01'
2026-09-22 12:52:03,031 Thread-3685 (_process_events) root DEBUG bip.py                    2361  _update_srm_state         : _update_srm_state: sess=<autopts.ptsprojects.stack.layers.bip.OBEXSession object at 0x000002BEEC7CA6F0> srm=1 srmp=None srm_allowed=True srm_flags=0x00
2026-09-22 12:52:03,032 Thread-3685 (_process_events) root DEBUG bip.py                    2378  _update_srm_state         : _update_srm_state: after update srm_flags=0x02
2026-09-22 12:52:03,032 LT1-thread root DEBUG client.py                 276   get_result                : ClientCallback.get_result run_test_case
2026-09-22 12:52:03,032 Thread-3685 (_process_events) root DEBUG bip.py                    2405  _send_get_rsp_with_srm    : _send_get_rsp_with_srm: role=1 sess=<autopts.ptsprojects.stack.layers.bip.OBEXSession object at 0x000002BEEC7CA6F0> srm_allowed=True srm_flags=0x02 srmp_wait_count=0 final=1
2026-09-22 12:52:03,032 Thread-3685 (_process_events) root DEBUG bip.py                    1049  _bip_operation_rsp_cmd    : second_get_capabilities_rsp '001bdc08e44e' 224 144 297
2026-09-22 12:52:03,032 Thread-3685 (_process_events) root DEBUG iutctl_common.py          161   send                      : 33 58 0 'bytearray(b\'\\xe0N\\xe4\\x08\\xdc\\x1b\\x00\\x90)\\x01\\x97\\x01H\\x01\\\'<imaging-capabilities version="1.0">\\n<preferred-format encoding="JPEG" pixel="1280*1024" transformation="stretch crop fill" />\\n<image-formats encoding="JPEG" pixel="160*120" maxsize="5000" />\\n<image-formats encoding="JPEG" pixel="320*240" />\\n<image-formats encoding="JPEG" pixel="640*480" />\\n\')'
2026-09-22 12:52:03,033 Thread-3685 (_process_events) root DEBUG iutctl_common.py          166   send                      : sending frame '213a003301e04ee408dc1b0090290197014801273c696d6167696e672d6361706162696c69746965732076657273696f6e3d22312e30223e0a3c7072656665727265642d666f726d617420656e636f64696e673d224a5045472220706978656c3d22313238302a3130323422207472616e73666f726d6174696f6e3d22737472657463682063726f702066696c6c22202f3e0a3c696d6167652d666f726d61747320656e636f64696e673d224a5045472220706978656c3d223136302a31323022206d617873697a653d223530303022202f3e0a3c696d6167652d666f726d61747320656e636f64696e673d224a5045472220706978656c3d223332302a32343022202f3e0a3c696d6167652d666f726d61747320656e636f64696e673d224a5045472220706978656c3d223634302a34383022202f3e0a'
2026-09-22 12:52:03,033 Thread-3685 (_process_events) root DEBUG iutctl_common.py          339   read                      : 
2026-09-22 12:52:03,099 BTPWorkerThread-3675 (_rx_task) root DEBUG iutctl_common.py          123   read                      : Read 5 bytes
2026-09-22 12:52:03,111 BTPWorkerThread-3675 (_rx_task) root DEBUG iutctl_common.py          131   read                      : Received: hdr: Header(svc_id=0x21, op=0x3a, ctrl_index=0x00, data_len=0x00) bytearray(b'!:\x00\x00\x00')
2026-09-22 12:52:03,116 BTPWorkerThread-3675 (_rx_task) root DEBUG iutctl_common.py          154   read                      : Received data: {''}, bytearray(b'')
2026-09-22 12:52:03,116 Thread-3685 (_process_events) root DEBUG bip.py                    1049  _bip_operation_rsp_cmd    : second_get_capabilities_rsp '001bdc08e44e' 224 144 297
2026-09-22 12:52:03,117 Thread-3685 (_process_events) root DEBUG iutctl_common.py          161   send                      : 33 58 0 'bytearray(b\'\\xe0N\\xe4\\x08\\xdc\\x1b\\x00\\x90)\\x01H\\x01)<image-formats encoding="JPEG" pixel="1280*1024" />\\n<image-formats encoding="PNG" pixel="160*120-1280*960" />\\n<image-formats encoding="GIF" pixel="160*120-640*480" />\\n<image-formats encoding="BMP" pixel="160*120" />\\n<attachment-formats content-type="text/plain" />\\n<attachment-formats content-t\')'
2026-09-22 12:52:03,117 Thread-3685 (_process_events) root DEBUG iutctl_common.py          166   send                      : sending frame '213a003301e04ee408dc1b009029014801293c696d6167652d666f726d61747320656e636f64696e673d224a5045472220706978656c3d22313238302a3130323422202f3e0a3c696d6167652d666f726d61747320656e636f64696e673d22504e472220706978656c3d223136302a3132302d313238302a39363022202f3e0a3c696d6167652d666f726d61747320656e636f64696e673d224749462220706978656c3d223136302a3132302d3634302a34383022202f3e0a3c696d6167652d666f726d61747320656e636f64696e673d22424d502220706978656c3d223136302a31323022202f3e0a3c6174746163686d656e742d666f726d61747320636f6e74656e742d747970653d22746578742f706c61696e22202f3e0a3c6174746163686d656e742d666f726d61747320636f6e74656e742d74'
2026-09-22 12:52:03,117 Thread-3685 (_process_events) root DEBUG iutctl_common.py          339   read                      : 
2026-09-22 12:52:03,178 BTPWorkerThread-3675 (_rx_task) root DEBUG iutctl_common.py          123   read                      : Read 5 bytes
2026-09-22 12:52:03,189 BTPWorkerThread-3675 (_rx_task) root DEBUG iutctl_common.py          131   read                      : Received: hdr: Header(svc_id=0x21, op=0x3a, ctrl_index=0x00, data_len=0x00) bytearray(b'!:\x00\x00\x00')
2026-09-22 12:52:03,189 BTPWorkerThread-3675 (_rx_task) root DEBUG iutctl_common.py          154   read                      : Received data: {''}, bytearray(b'')
2026-09-22 12:52:03,194 Thread-3685 (_process_events) root DEBUG bip.py                    1049  _bip_operation_rsp_cmd    : second_get_capabilities_rsp '001bdc08e44e' 224 160 201
2026-09-22 12:52:03,194 Thread-3685 (_process_events) root DEBUG iutctl_common.py          161   send                      : 33 58 0 'bytearray(b\'\\xe0N\\xe4\\x08\\xdc\\x1b\\x00\\xa0\\xc9\\x00I\\x00\\xc9ype="audio/basic" />\\n<filtering-parameters created="1" modified="1" encoding="1" pixel="1" />\\n<DPOF-options standard-print="1" index-print="1" number-sets="1" trimming="1" />\\n</imaging-capabilities>\')'
2026-09-22 12:52:03,194 Thread-3685 (_process_events) root DEBUG iutctl_common.py          166   send                      : sending frame '213a00d300e04ee408dc1b00a0c9004900c97970653d22617564696f2f626173696322202f3e0a3c66696c746572696e672d706172616d657465727320637265617465643d223122206d6f6469666965643d22312220656e636f64696e673d22312220706978656c3d223122202f3e0a3c44504f462d6f7074696f6e73207374616e646172642d7072696e743d22312220696e6465782d7072696e743d223122206e756d6265722d736574733d223122207472696d6d696e673d223122202f3e0a3c2f696d6167696e672d6361706162696c69746965733e'
2026-09-22 12:52:03,195 Thread-3685 (_process_events) root DEBUG iutctl_common.py          339   read                      : 
2026-09-22 12:52:03,244 BTPWorkerThread-3675 (_rx_task) root DEBUG iutctl_common.py          123   read                      : Read 5 bytes
2026-09-22 12:52:03,255 BTPWorkerThread-3675 (_rx_task) root DEBUG iutctl_common.py          131   read                      : Received: hdr: Header(svc_id=0x21, op=0x3a, ctrl_index=0x00, data_len=0x00) bytearray(b'!:\x00\x00\x00')
2026-09-22 12:52:03,267 BTPWorkerThread-3675 (_rx_task) root DEBUG iutctl_common.py          154   read                      : Received data: {''}, bytearray(b'')
2026-09-22 12:52:03,272 BTPWorkerThread-3675 (_rx_task) root DEBUG iutctl_common.py          123   read                      : Read 5 bytes
2026-09-22 12:52:03,272 BTPWorkerThread-3675 (_rx_task) root DEBUG iutctl_common.py          131   read                      : Received: hdr: Header(svc_id=0x21, op=0x83, ctrl_index=0x00, data_len=0x07) bytearray(b'!\x83\x00\x07\x00')
2026-09-22 12:52:03,273 BTPWorkerThread-3675 (_rx_task) root DEBUG iutctl_common.py          139   read                      : Read 7 bytes data
2026-09-22 12:52:03,273 BTPWorkerThread-3675 (_rx_task) root DEBUG iutctl_common.py          154   read                      : Received data: {'e0 4e e4 08 dc 1b 00'}, bytearray(b'\xe0N\xe4\x08\xdc\x1b\x00')
2026-09-22 12:52:03,273 BTPWorkerThread-3675 (_rx_task) root DEBUG btp.py                    704   event_handler             : Header(svc_id=33, op=131, ctrl_index=0, data_len=7) (b'\xe0N\xe4\x08\xdc\x1b\x00',)
2026-09-22 12:52:03,273 BTPWorkerThread-3675 (_rx_task) root DEBUG bip.py                    3679  bip_ev_l2cap_disconnected : bip_ev_l2cap_disconnected <autopts.ptsprojects.stack.layers.bip.BIP object at 0x000002BEEC881FA0> b'\xe0N\xe4\x08\xdc\x1b\x00' 7
2026-09-22 12:52:03,273 BTPWorkerThread-3675 (_rx_task) root DEBUG iutctl_common.py          123   read                      : Read 5 bytes
2026-09-22 12:52:03,273 BTPWorkerThread-3675 (_rx_task) root DEBUG iutctl_common.py          131   read                      : Received: hdr: Header(svc_id=0x21, op=0xc3, ctrl_index=0x00, data_len=0x07) bytearray(b'!\xc3\x00\x07\x00')
2026-09-22 12:52:03,274 Thread-3685 (_process_events) root DEBUG bip.py                    2010  _bip_ev_l2cap_disconnected : _bip_ev_l2cap_disconnected b'\xe0N\xe4\x08\xdc\x1b\x00'
2026-09-22 12:52:03,274 Thread-3685 (_process_events) root DEBUG bip.py                    2014  _bip_ev_l2cap_disconnected : BIP L2CAP disconnected: addr b'N\xe4\x08\xdc\x1b\x00'
2026-09-22 12:52:03,274 BTPWorkerThread-3675 (_rx_task) root DEBUG iutctl_common.py          139   read                      : Read 7 bytes data
2026-09-22 12:52:03,274 BTPWorkerThread-3675 (_rx_task) root DEBUG iutctl_common.py          154   read                      : Received data: {'e0 4e e4 08 dc 1b 00'}, bytearray(b'\xe0N\xe4\x08\xdc\x1b\x00')
2026-09-22 12:52:03,274 BTPWorkerThread-3675 (_rx_task) root DEBUG btp.py                    704   event_handler             : Header(svc_id=33, op=195, ctrl_index=0, data_len=7) (b'\xe0N\xe4\x08\xdc\x1b\x00',)
2026-09-22 12:52:03,274 BTPWorkerThread-3675 (_rx_task) root DEBUG bip.py                    3707  bip_ev_second_l2cap_disconnected : bip_ev_second_l2cap_disconnected <autopts.ptsprojects.stack.layers.bip.BIP object at 0x000002BEEC881FA0> b'\xe0N\xe4\x08\xdc\x1b\x00' 7
2026-09-22 12:52:03,275 Thread-3685 (_process_events) root DEBUG bip.py                    2059  _bip_ev_second_l2cap_disconnected : _bip_ev_second_l2cap_disconnected b'\xe0N\xe4\x08\xdc\x1b\x00'
2026-09-22 12:52:03,275 Thread-3685 (_process_events) root DEBUG bip.py                    2063  _bip_ev_second_l2cap_disconnected : BIP second L2CAP disconnected: addr b'N\xe4\x08\xdc\x1b\x00'
2026-09-22 12:52:03,275 BTPWorkerThread-3675 (_rx_task) root DEBUG iutctl_common.py          123   read                      : Read 5 bytes
2026-09-22 12:52:03,275 BTPWorkerThread-3675 (_rx_task) root DEBUG iutctl_common.py          131   read                      : Received: hdr: Header(svc_id=0x01, op=0x83, ctrl_index=0x00, data_len=0x07) bytearray(b'\x01\x83\x00\x07\x00')
2026-09-22 12:52:03,275 BTPWorkerThread-3675 (_rx_task) root DEBUG iutctl_common.py          139   read                      : Read 7 bytes data
2026-09-22 12:52:03,275 BTPWorkerThread-3675 (_rx_task) root DEBUG iutctl_common.py          154   read                      : Received data: {'e0 4e e4 08 dc 1b 00'}, bytearray(b'\xe0N\xe4\x08\xdc\x1b\x00')
2026-09-22 12:52:03,275 BTPWorkerThread-3675 (_rx_task) root DEBUG btp.py                    704   event_handler             : Header(svc_id=1, op=131, ctrl_index=0, data_len=7) (b'\xe0N\xe4\x08\xdc\x1b\x00',)
2026-09-22 12:52:03,276 BTPWorkerThread-3675 (_rx_task) root DEBUG gap.py                    226   gap_disconnected_ev_      : b'\xe0N\xe4\x08\xdc\x1b\x00'
2026-09-22 12:52:05,888 LT1-callback ClientCallback.log INFO client.py                 200   log                       : PTS_LOGTYPE_START_TEST Start Test Case 

+141 ms
 BIP/AAI/FFC/BV-02-C BIP/AAI/FFC/BV-02-C

2026-09-22 12:52:06,263 LT1-callback ClientCallback.log INFO client.py                 200   log                       : PTS_LOGTYPE_FINAL_VERDICT Final Verdict 

+18891 ms
 BIP/AAI/FFC/BV-02-C PASS

2026-09-22 12:52:06,267 LT1-callback ClientCallback.log INFO client.py                 200   log                       : PTS_LOGTYPE_FINAL_VERDICT Encrypted Verdict 

+18891 ms
 BIP/AAI/FFC/BV-02-C A1#ZWY4MzQ5MDg3MmQwNTIxOGQzMzQ5YjY2ODA5M2MzNjQ5ZDY4NmY0Yjc2MzIzM2VkNTUyNTFhNGU4Mjg1MjI0NA==#2vHRPFygcG6f3QrHtfVT+jGalyDkG/i6kkkboaSxed5F4ATudSlbvtJq3fJVTyop

2026-09-22 12:52:06,346 LT1-callback ClientCallback.log INFO client.py                 200   log                       : PTS_LOGTYPE_END_TEST Test Case Ended 

+18891 ms
 BIP/AAI/FFC/BV-02-C BIP/AAI/FFC/BV-02-C

2026-09-22 12:52:06,468 LT1-callback root DEBUG client.py                 261   set_result                : ClientCallback, set_result, run_test_case, PASS
2026-09-22 12:52:06,468 LT1-thread root DEBUG client.py                 1186  _run_test_case            : After run_test_case error_code=0 status='PASS'
2026-09-22 12:52:06,469 LT1-thread root DEBUG testcase.py               766   post_run                  : post_run BIP BIP/AAI/FFC/BV-02-C 0
2026-09-22 12:52:06,469 LT1-thread root DEBUG testcase.py               254   start                     : Starting test function: class=<class 'autopts.ptsprojects.testcase.TestFuncCleanUp'>, func=<bound method ZTestCase._test_case_cleanup of <autopts.ptsprojects.zephyr.ztestcase.ZTestCase object at 0x000002BEEC5DB680>> start_wid=None stop_wid=None post_wid=None skip_call=None call_count=1 args=() kwds={}
2026-09-22 12:52:06,469 LT1-thread root DEBUG testcase.py               266   start                     : Test function parameters: args=(), kwds={}
2026-09-22 12:52:06,469 LT1-thread root DEBUG bip.py                    3619  stop                      : BIP event handler stopped
2026-09-22 12:52:06,470 LT1-thread root DEBUG bip.py                    3611  start                     : BIP event handler started
2026-09-22 12:52:06,489 LT1-thread root DEBUG iutctl.py                 415   stop                      : <class 'autopts.ptsprojects.zephyr.iutctl.create_zephyr_ctl_class.<locals>.ZephyrCtl'>.stop
2026-09-22 12:52:06,489 LT1-thread root DEBUG __init__.py               51    reset                     : About to reset DUT: JLink -CommandFile reset.jlink -usb 1063214216 -device MIMXRT1176XXXA_M7
2026-09-22 12:52:06,797 BTPWorkerThread-3675 (_rx_task) root DEBUG iutctl_common.py          123   read                      : Read 5 bytes
2026-09-22 12:52:06,797 BTPWorkerThread-3675 (_rx_task) root DEBUG iutctl_common.py          131   read                      : Received: hdr: Header(svc_id=0x00, op=0x80, ctrl_index=0xff, data_len=0x00) bytearray(b'\x00\x80\xff\x00\x00')
2026-09-22 12:52:06,797 BTPWorkerThread-3675 (_rx_task) root DEBUG iutctl_common.py          154   read                      : Received data: {''}, bytearray(b'')
2026-09-22 12:52:06,797 BTPWorkerThread-3675 (_rx_task) root DEBUG btp.py                    704   event_handler             : Header(svc_id=0, op=128, ctrl_index=255, data_len=0) (b'',)
2026-09-22 12:52:06,797 BTPWorkerThread-3675 (_rx_task) root DEBUG core.py                   23    core_iut_ready_ev         : 
2026-09-22 12:52:06,869 LT1-thread root DEBUG iutctl.py                 436   _stop_tty_mode            : IUT ready event received OK
2026-09-22 12:52:06,869 LT1-thread root DEBUG iutctl_common.py          416   close                     : Waiting for _rx_worker to finish ...
2026-09-22 12:52:07,798 BTPWorkerThread-3675 (_rx_task) root DEBUG iutctl_common.py          332   _rx_task                  : BTPWorkerThread-3675 (_rx_task) finishing...
2026-09-22 12:52:10,805 LT1-thread root DEBUG testcase.py               794   post_run                  : post_run, cleanup running post test case script
2026-09-22 12:52:10,805 LT1-thread root DEBUG testcase.py               802   post_run                  : post_run, run post test case script
2026-09-22 12:52:10,884 LT1-thread root DEBUG client.py                 1220  _run_test_case            : Done TestCase _run_test_case BIP BIP/AAI/FFC/BV-02-C
