19:32:50:299    > BTP_CORE_CMD_READ_SUPPORTED_SERVICES (0x00|0x02|0xff)
                  raw data (0): 00 02 ff 00 00|
19:32:50:350    < BTP_CORE_CMD_READ_SUPPORTED_SERVICES (0x00|0x02|0xff)
                  raw data (6): 00 02 ff 06 00|0f 00 00 a0 ff 03
19:32:50:351    > BTP_CORE_CMD_REGISTER_SERVICE (0x00|0x03|0xff)
                  raw data (1): 00 03 ff 01 00|01
19:32:54:499    < BTP_CORE_CMD_REGISTER_SERVICE (0x00|0x03|0xff)
                  raw data (0): 00 03 ff 00 00|
19:32:54:512    > BTP_GAP_CMD_READ_SUPPORTED_COMMANDS (0x01|0x01|0xff)
                  raw data (0): 01 01 ff 00 00|
19:32:54:583    < BTP_GAP_CMD_READ_SUPPORTED_COMMANDS (0x01|0x01|0xff)
                  raw data (7): 01 01 ff 07 00|6e ff 7f 1f fe ff 2e
19:32:54:590    > BTP_GAP_CMD_READ_CONTROLLER_INFO (0x01|0x03|0x00)
                  raw data (0): 01 03 00 00 00|
19:32:54:671    < BTP_GAP_CMD_READ_CONTROLLER_INFO (0x01|0x03|0x00)
                  raw data (277): 
                  01 03 00 15 01|19 78 ee 69 17 d0 d3 06 02 00 13 
                  02 00 00 00 00 00 62 74 70 5f 74 65 73 74 65 72 
                  00 00 00 00 00 00 00 00 00 00 00 00 00 00 00 00 
                  00 00 00 00 00 00 00 00 00 00 00 00 00 00 00 00 
                  00 00 00 00 00 00 00 00 00 00 00 00 00 00 00 00 
                  00 00 00 00 00 00 00 00 00 00 00 00 00 00 00 00 
                  00 00 00 00 00 00 00 00 00 00 00 00 00 00 00 00 
                  00 00 00 00 00 00 00 00 00 00 00 00 00 00 00 00 
                  00 00 00 00 00 00 00 00 00 00 00 00 00 00 00 00 
                  00 00 00 00 00 00 00 00 00 00 00 00 00 00 00 00 
                  00 00 00 00 00 00 00 00 00 00 00 00 00 00 00 00 
                  00 00 00 00 00 00 00 00 00 00 00 00 00 00 00 00 
                  00 00 00 00 00 00 00 00 00 00 00 00 00 00 00 00 
                  00 00 00 00 00 00 00 00 00 00 00 00 00 00 00 00 
                  00 00 00 00 00 00 00 00 00 00 00 00 00 00 00 00 
                  00 00 00 00 00 00 00 00 00 00 00 00 00 00 00 00 
                  00 00 00 00 00 00 00 00 00 00 00 00 00 00 00 00 
                  00 00 00 00 00 00 00 00 00 00
19:32:54:692    > BTP_CORE_CMD_REGISTER_SERVICE (0x00|0x03|0xff)
                  raw data (38): 00 03 ff 01 00|26
19:32:54:752    < BTP_CORE_CMD_REGISTER_SERVICE (0x00|0x03|0xff)
                  raw data (0): 00 03 ff 00 00|
19:32:54:769    > BTP_AVCTP_CMD_READ_SUPPORTED_COMMANDS (0x26|0x01|0xff)
                  raw data (0): 26 01 ff 00 00|
19:32:54:849    < BTP_AVCTP_CMD_READ_SUPPORTED_COMMANDS (0x26|0x01|0xff)
                  raw data (1): 26 01 ff 01 00|02
19:32:54:854    > BTP_CORE_CMD_REGISTER_SERVICE (0x00|0x03|0xff)
                  raw data (37): 00 03 ff 01 00|25
19:32:54:914    < BTP_CORE_CMD_REGISTER_SERVICE (0x00|0x03|0xff)
                  raw data (0): 00 03 ff 00 00|
19:32:54:920    > BTP_AVRCP_CMD_READ_SUPPORTED_COMMANDS (0x25|0x01|0xff)
                  raw data (0): 25 01 ff 00 00|
19:32:54:994    < BTP_AVRCP_CMD_READ_SUPPORTED_COMMANDS (0x25|0x01|0xff)
                  raw data (5): 25 01 ff 05 00|fe ff ff ff 1f
19:32:57:004    > BTP_GAP_CMD_SET_DISCOVERABLE (0x01|0x08|0x00)
                  raw data (1): 01 08 00 01 00|01
19:32:57:096    < BTP_GAP_CMD_SET_DISCOVERABLE (0x01|0x08|0x00)
                  raw data (4): 01 08 00 04 00|1b 02 00 00
19:32:57:108    > BTP_GAP_CMD_START_ADVERTISING (0x01|0x0a|0x00)
                  raw data (22): 
                  01 0a 00 16 00|0f 00 09 0d 54 65 73 74 65 72 5f 
                  30 38 45 34 34 45 ff ff ff ff 00
19:32:57:173    < BTP_GAP_CMD_START_ADVERTISING (0x01|0x0a|0x00)
                  raw data (4): 01 0a 00 04 00|1b 06 00 00
19:32:59:730    < BTP_GAP_EV_DEVICE_CONNECTED (0x01|0x82|0x00)
                  raw data (13): 
                  01 82 00 0d 00|e0 4e e4 08 dc 1b 00 00 00 00 00 
                  00 00
19:32:59:731    < BTP_GAP_EV_NEW_SETTINGS (0x01|0x80|0x00)
                  raw data (4): 01 80 00 04 00|1b 02 00 00
19:33:01:436    < BTP_GAP_EV_ENCRYPTION_CHANGE (0x01|0x91|0x00)
                  raw data (9): 01 91 00 09 00|e0 4e e4 08 dc 1b 00 01 10
19:33:01:438    < BTP_GAP_EV_SEC_LEVEL_CHANGED (0x01|0x89|0x00)
                  raw data (8): 01 89 00 08 00|e0 4e e4 08 dc 1b 00 02
19:33:01:459    < BTP_AVRCP_EV_CONTROL_CONNECTED (0x25|0x80|0x00)
                  raw data (7): 25 80 00 07 00|e0 4e e4 08 dc 1b 00
19:33:01:459    < BTP_AVRCP_EV_CONTROL_CONNECTED (0x25|0x80|0x00)
                  raw data (7): 25 80 00 07 00|e0 4e e4 08 dc 1b 00
19:33:02:498    > BTP_AVRCP_CMD_GET_ELEMENT_ATTRS (0x25|0x10|0x00)
                  raw data (44): 
                  25 10 00 2c 00|e0 4e e4 08 dc 1b 00 09 00 00 00 
                  00 01 00 00 00 02 00 00 00 03 00 00 00 04 00 00 
                  00 05 00 00 00 06 00 00 00 07 00 00 00 08 00 00 
                  00
19:33:02:559    < BTP_AVRCP_CMD_GET_ELEMENT_ATTRS (0x25|0x10|0x00)
                  raw data (0): 25 10 00 00 00|
19:33:02:663    < BTP_AVRCP_EV_GET_ELEMENT_ATTRS_RSP (0x25|0x8e|0x00)
                  raw data (68): 
                  25 8e 00 44 00|e0 4e e4 08 dc 1b 00 04 04 01 00 
                  00 00 0a 00 07 00 53 61 6d 70 6c 65 32 02 00 00 
                  00 0a 00 0d 00 42 6c 75 65 74 6f 6f 74 68 20 53 
                  49 47 03 00 00 00 0a 00 03 00 50 54 53 06 00 00 
                  00 0a 00 04 00 52 6f 63 6b
19:33:03:663    < BTP_AVRCP_EV_CONTROL_DISCONNECTED (0x25|0x81|0x00)
                  raw data (7): 25 81 00 07 00|e0 4e e4 08 dc 1b 00
19:33:03:663    < BTP_AVRCP_EV_CONTROL_DISCONNECTED (0x25|0x81|0x00)
                  raw data (7): 25 81 00 07 00|e0 12 d8 1b 60 a1 76
19:33:07:203    < BTP_CORE_EV_IUT_READY (0x00|0x80|0xff)
                  raw data (0): 00 80 ff 00 00|
