19:55:21:465    > BTP_CORE_CMD_READ_SUPPORTED_SERVICES (0x00|0x02|0xff)
                  raw data (0): 00 02 ff 00 00|
19:55:21:530    < BTP_CORE_CMD_READ_SUPPORTED_SERVICES (0x00|0x02|0xff)
                  raw data (5): 00 02 ff 05 00|0f 00 00 a0 01
19:55:21:552    > BTP_CORE_CMD_REGISTER_SERVICE (0x00|0x03|0xff)
                  raw data (1): 00 03 ff 01 00|01
19:55:25:690    < BTP_CORE_CMD_REGISTER_SERVICE (0x00|0x03|0xff)
                  raw data (0): 00 03 ff 00 00|
19:55:25:696    > BTP_GAP_CMD_READ_SUPPORTED_COMMANDS (0x01|0x01|0xff)
                  raw data (0): 01 01 ff 00 00|
19:55:25:780    < BTP_GAP_CMD_READ_SUPPORTED_COMMANDS (0x01|0x01|0xff)
                  raw data (7): 01 01 ff 07 00|6e ff 7f 1f fe ff 0e
19:55:25:791    > BTP_CORE_CMD_REGISTER_SERVICE (0x00|0x03|0xff)
                  raw data (3): 00 03 ff 01 00|03
19:55:25:848    < BTP_CORE_CMD_REGISTER_SERVICE (0x00|0x03|0xff)
                  raw data (0): 00 03 ff 00 00|
19:55:25:865    > BTP_L2CAP_CMD_READ_SUPPORTED_COMMANDS (0x03|0x01|0xff)
                  raw data (0): 03 01 ff 00 00|
19:55:25:949    < BTP_L2CAP_CMD_READ_SUPPORTED_COMMANDS (0x03|0x01|0xff)
                  raw data (2): 03 01 ff 02 00|be 1f
19:55:25:966    > BTP_GAP_CMD_READ_CONTROLLER_INFO (0x01|0x03|0x00)
                  raw data (0): 01 03 00 00 00|
19:55:26:041    < BTP_GAP_CMD_READ_CONTROLLER_INFO (0x01|0x03|0x00)
                  raw data (277): 
                  01 03 00 15 01|19 78 ee 69 17 d0 d3 06 02 00 13 
                  02 00 00 00 00 00 62 74 70 5f 74 65 73 74 65 72 
                  00 00 00 00 00 00 00 00 00 00 00 00 00 00 00 00 
                  00 00 00 00 00 00 00 00 00 00 00 00 00 00 00 00 
                  00 00 00 00 00 00 00 00 00 00 00 00 00 00 00 00 
                  00 00 00 00 00 00 00 00 00 00 00 00 00 00 00 00 
                  00 00 00 00 00 00 00 00 00 00 00 00 00 00 00 00 
                  00 00 00 00 00 00 00 00 00 00 00 00 00 00 00 00 
                  00 00 00 00 00 00 00 00 00 00 00 00 00 00 00 00 
                  00 00 00 00 00 00 00 00 00 00 00 00 00 00 00 00 
                  00 00 00 00 00 00 00 00 00 00 00 00 00 00 00 00 
                  00 00 00 00 00 00 00 00 00 00 00 00 00 00 00 00 
                  00 00 00 00 00 00 00 00 00 00 00 00 00 00 00 00 
                  00 00 00 00 00 00 00 00 00 00 00 00 00 00 00 00 
                  00 00 00 00 00 00 00 00 00 00 00 00 00 00 00 00 
                  00 00 00 00 00 00 00 00 00 00 00 00 00 00 00 00 
                  00 00 00 00 00 00 00 00 00 00 00 00 00 00 00 00 
                  00 00 00 00 00 00 00 00 00 00
19:55:26:099    > BTP_L2CAP_CMD_LISTEN (0x03|0x05|0x00)
                  raw data (7): 03 05 00 07 00|80 00 01 78 00 00 00
19:55:26:151    < BTP_L2CAP_CMD_LISTEN (0x03|0x05|0x00)
                  raw data (0): 03 05 00 00 00|
19:55:28:160    > BTP_GAP_CMD_CONNECT (0x01|0x0e|0x00)
                  raw data (8): 01 0e 00 08 00|00 4e e4 08 dc 1b 00 00
19:55:28:195    < BTP_GAP_CMD_CONNECT (0x01|0x0e|0x00)
                  raw data (0): 01 0e 00 00 00|
19:55:28:412    < BTP_GAP_EV_DEVICE_CONNECTED (0x01|0x82|0x00)
                  raw data (13): 
                  01 82 00 0d 00|00 4e e4 08 dc 1b 00 24 00 00 00 
                  90 01
19:55:29:758    < BTP_GAP_EV_DEVICE_DISCONNECTED (0x01|0x83|0x00)
                  raw data (7): 01 83 00 07 00|00 4e e4 08 dc 1b 00
19:55:32:955    < BTP_CORE_EV_IUT_READY (0x00|0x80|0xff)
                  raw data (0): 00 80 ff 00 00|
