2026-10-09 04:41:38,645 LT1-thread root DEBUG client.py                 1099  _run_test_case            : Starting TestCase _run_test_case HFP HFP/AG/VTA/BV-02-C
2026-10-09 04:41:38,646 LT1-thread root DEBUG testcase.py               727   pre_run                   : pre_run HFP HFP/AG/VTA/BV-02-C
2026-10-09 04:41:38,646 LT1-thread root DEBUG testcase.py               729   pre_run                   : About to run test case HFP HFP/AG/VTA/BV-02-C with commands:
2026-10-09 04:41:38,646 LT1-thread root DEBUG testcase.py               731   pre_run                   : 0) class=<class 'autopts.ptsprojects.testcase.TestFunc'>, func=<bound method ZTestCase._test_case_start of <autopts.ptsprojects.zephyr.ztestcase.ZTestCase object at 0x000002C687C36150>> start_wid=None stop_wid=None post_wid=None skip_call=None call_count=0 args=() kwds={}
2026-10-09 04:41:38,646 LT1-thread root DEBUG testcase.py               731   pre_run                   : 1) class=<class 'autopts.ptsprojects.testcase.TestFunc'>, func=<function core_reg_svc_gap at 0x000002C684E2E160> start_wid=None stop_wid=None post_wid=None skip_call=None call_count=148 args=() kwds={}
2026-10-09 04:41:38,647 LT1-thread root DEBUG testcase.py               731   pre_run                   : 2) class=<class 'autopts.ptsprojects.testcase.TestFunc'>, func=<bound method Stack.gap_init of <autopts.ptsprojects.stack.stack.Stack object at 0x000002C6862F6F00>> start_wid=None stop_wid=None post_wid=None skip_call=None call_count=148 args=(b'Tester_08E44E',) kwds={}
2026-10-09 04:41:38,647 LT1-thread root DEBUG testcase.py               731   pre_run                   : 3) class=<class 'autopts.ptsprojects.testcase.TestFunc'>, func=<function gap_read_controller_info at 0x000002C684E6EB60> start_wid=None stop_wid=None post_wid=None skip_call=None call_count=148 args=() kwds={}
2026-10-09 04:41:38,647 LT1-thread root DEBUG testcase.py               731   pre_run                   : 4) class=<class 'autopts.ptsprojects.testcase.TestFunc'>, func=<function test_cases.<locals>.<lambda> at 0x000002C687C10AE0> start_wid=None stop_wid=None post_wid=None skip_call=None call_count=148 args=() kwds={}
2026-10-09 04:41:38,647 LT1-thread root DEBUG testcase.py               731   pre_run                   : 5) class=<class 'autopts.ptsprojects.testcase.TestFunc'>, func=<function set_pts_addr at 0x000002C684E2DD00> start_wid=None stop_wid=None post_wid=None skip_call=None call_count=148 args=('00:1B:DC:08:E4:4E', 0) kwds={}
2026-10-09 04:41:38,647 LT1-thread root DEBUG testcase.py               731   pre_run                   : 6) class=<class 'autopts.ptsprojects.testcase.TestFunc'>, func=<function gap_set_connectable at 0x000002C684E6E480> start_wid=None stop_wid=None post_wid=None skip_call=None call_count=148 args=() kwds={}
2026-10-09 04:41:38,647 LT1-thread root DEBUG testcase.py               731   pre_run                   : 7) class=<class 'autopts.ptsprojects.testcase.TestFunc'>, func=<function gap_set_general_discoverable at 0x000002C684E6E660> start_wid=None stop_wid=None post_wid=None skip_call=None call_count=148 args=() kwds={}
2026-10-09 04:41:38,647 LT1-thread root DEBUG testcase.py               731   pre_run                   : 8) class=<class 'autopts.ptsprojects.testcase.TestFunc'>, func=<function gap_set_io_capability at 0x000002C684E6E020> start_wid=None stop_wid=None post_wid=None skip_call=None call_count=148 args=(3,) kwds={}
2026-10-09 04:41:38,647 LT1-thread root DEBUG testcase.py               731   pre_run                   : 9) class=<class 'autopts.ptsprojects.testcase.TestFunc'>, func=<function core_reg_svc_hfp_ag at 0x000002C684E2F920> start_wid=None stop_wid=None post_wid=None skip_call=None call_count=148 args=() kwds={}
2026-10-09 04:41:38,647 LT1-thread root DEBUG testcase.py               731   pre_run                   : 10) class=<class 'autopts.ptsprojects.testcase.TestFunc'>, func=<bound method Stack.hfp_ag_init of <autopts.ptsprojects.stack.stack.Stack object at 0x000002C6862F6F00>> start_wid=None stop_wid=None post_wid=None skip_call=None call_count=148 args=() kwds={}
2026-10-09 04:41:38,647 LT1-thread root DEBUG testcase.py               731   pre_run                   : 11) class=<class 'autopts.ptsprojects.testcase.TestFunc'>, func=<function hfp_ag_set_default_indicator_value at 0x000002C684EBE700> start_wid=None stop_wid=None post_wid=None skip_call=None call_count=148 args=(1, 5, 0, 5) kwds={}
2026-10-09 04:41:38,647 LT1-thread root DEBUG testcase.py               731   pre_run                   : 12) class=<class 'autopts.ptsprojects.testcase.TestFunc'>, func=<function hfp_ag_set_memory_dial_mapping at 0x000002C684EBE7A0> start_wid=None stop_wid=None post_wid=None skip_call=None call_count=148 args=('1', '1234567') kwds={}
2026-10-09 04:41:38,647 LT1-thread root DEBUG testcase.py               731   pre_run                   : 13) class=<class 'autopts.ptsprojects.testcase.TestFunc'>, func=<function hfp_ag_set_voice_tag_number at 0x000002C684EBE8E0> start_wid=None stop_wid=None post_wid=None skip_call=None call_count=148 args=('1234567',) kwds={}
2026-10-09 04:41:38,647 LT1-thread root DEBUG testcase.py               731   pre_run                   : 14) class=<class 'autopts.ptsprojects.testcase.TestFuncCleanUp'>, func=<bound method ZTestCase._test_case_cleanup of <autopts.ptsprojects.zephyr.ztestcase.ZTestCase object at 0x000002C687C36150>> start_wid=None stop_wid=None post_wid=None skip_call=None call_count=0 args=() kwds={}
2026-10-09 04:41:38,648 LT1-thread root DEBUG testcase.py               738   pre_run                   : pre_run, run pre test case script
2026-10-09 04:41:38,655 LT1-thread root DEBUG testcase.py               254   start                     : Starting test function: class=<class 'autopts.ptsprojects.testcase.TestFunc'>, func=<bound method ZTestCase._test_case_start of <autopts.ptsprojects.zephyr.ztestcase.ZTestCase object at 0x000002C687C36150>> start_wid=None stop_wid=None post_wid=None skip_call=None call_count=1 args=() kwds={}
2026-10-09 04:41:38,655 LT1-thread root DEBUG testcase.py               266   start                     : Test function parameters: args=(), kwds={}
2026-10-09 04:41:38,655 LT1-thread root DEBUG iutctl.py                 172   start                     : <class 'autopts.ptsprojects.zephyr.iutctl.create_zephyr_ctl_class.<locals>.ZephyrCtl'>.start
2026-10-09 04:41:38,655 LT1-thread root DEBUG iutctl.py                 325   flush_serial              : <class 'autopts.ptsprojects.zephyr.iutctl.create_zephyr_ctl_class.<locals>.ZephyrCtl'>.flush_serial
2026-10-09 04:41:39,840 LT1-thread root DEBUG iutctl.py                 249   _start_tty_mode           : Starting socat process: socat.exe -x -v tcp:10.17.12.9:50750,retry=100,interval=1 /dev/ttyS2,raw,b115200,
2026-10-09 04:41:39,847 LT1-thread root DEBUG iutctl_common.py          402   accept                    : 
2026-10-09 04:41:39,920 BTPWorkerThread-24767 (_rx_task) root DEBUG iutctl_common.py          299   _rx_task                  : BTPWorkerThread-24767 (_rx_task) started
2026-10-09 04:41:39,921 LT1-thread root DEBUG iutctl.py                 395   wait_iut_ready_event      : IUT ready event received OK
2026-10-09 04:41:39,921 LT1-thread root DEBUG btp.py                    51    read_supp_svcs            : 
2026-10-09 04:41:39,921 LT1-thread root DEBUG iutctl_common.py          161   send                      : 0 2 255 ''
2026-10-09 04:41:39,921 LT1-thread root DEBUG iutctl_common.py          166   send                      : sending frame '0002ff0000'
2026-10-09 04:41:39,921 LT1-thread root DEBUG iutctl_common.py          339   read                      : 
2026-10-09 04:41:39,931 BTPWorkerThread-24767 (_rx_task) root DEBUG iutctl_common.py          123   read                      : Read 5 bytes
2026-10-09 04:41:39,941 BTPWorkerThread-24767 (_rx_task) root DEBUG iutctl_common.py          131   read                      : Received: hdr: Header(svc_id=0x00, op=0x02, ctrl_index=0xff, data_len=0x06) bytearray(b'\x00\x02\xff\x06\x00')
2026-10-09 04:41:39,946 BTPWorkerThread-24767 (_rx_task) root DEBUG iutctl_common.py          139   read                      : Read 6 bytes data
2026-10-09 04:41:39,952 BTPWorkerThread-24767 (_rx_task) root DEBUG iutctl_common.py          154   read                      : Received data: {'0f 00 00 a0 ff 03'}, bytearray(b'\x0f\x00\x00\xa0\xff\x03')
2026-10-09 04:41:39,969 LT1-thread root DEBUG btp.py                    62    read_supp_svcs            : received Header(svc_id=0, op=2, ctrl_index=255, data_len=6) (b'\x0f\x00\x00\xa0\xff\x03',)
2026-10-09 04:41:39,969 LT1-thread root DEBUG testcase.py               254   start                     : Starting test function: class=<class 'autopts.ptsprojects.testcase.TestFunc'>, func=<function core_reg_svc_gap at 0x000002C684E2E160> start_wid=None stop_wid=None post_wid=None skip_call=None call_count=149 args=() kwds={}
2026-10-09 04:41:39,969 LT1-thread root DEBUG testcase.py               266   start                     : Test function parameters: args=(), kwds={}
2026-10-09 04:41:39,969 LT1-thread root DEBUG btp.py                    117   core_reg_svc_univ         : core_reg_svc_univ: gap_reg (GAP)
2026-10-09 04:41:39,969 LT1-thread root DEBUG iutctl_common.py          161   send                      : 0 3 255 '1'
2026-10-09 04:41:39,969 LT1-thread root DEBUG iutctl_common.py          166   send                      : sending frame '0003ff010001'
2026-10-09 04:41:39,969 LT1-thread root DEBUG btp.py                    654   core_reg_svc_rsp_succ     : 
2026-10-09 04:41:39,970 LT1-thread root DEBUG iutctl_common.py          339   read                      : 
2026-10-09 04:41:44,075 BTPWorkerThread-24767 (_rx_task) root DEBUG iutctl_common.py          123   read                      : Read 5 bytes
2026-10-09 04:41:44,080 BTPWorkerThread-24767 (_rx_task) root DEBUG iutctl_common.py          131   read                      : Received: hdr: Header(svc_id=0x00, op=0x03, ctrl_index=0xff, data_len=0x00) bytearray(b'\x00\x03\xff\x00\x00')
2026-10-09 04:41:44,085 BTPWorkerThread-24767 (_rx_task) root DEBUG iutctl_common.py          154   read                      : Received data: {''}, bytearray(b'')
2026-10-09 04:41:44,091 LT1-thread root DEBUG btp.py                    665   core_reg_svc_rsp_succ     : received Header(svc_id=0, op=3, ctrl_index=255, data_len=0) (b'',)
2026-10-09 04:41:44,091 LT1-thread root DEBUG btp.py                    666   core_reg_svc_rsp_succ     : expected ((0, 3, 255, 0), (b'',))
2026-10-09 04:41:44,091 LT1-thread root DEBUG btp.py                    671   core_reg_svc_rsp_succ     : response is valid
2026-10-09 04:41:44,091 LT1-thread root DEBUG btp.py                    674   core_reg_svc_rsp_succ     : Reading supported commands for service: GAP
2026-10-09 04:41:44,091 LT1-thread root DEBUG iutctl_common.py          161   send                      : 1 1 255 ''
2026-10-09 04:41:44,091 LT1-thread root DEBUG iutctl_common.py          166   send                      : sending frame '0101ff0000'
2026-10-09 04:41:44,092 LT1-thread root DEBUG iutctl_common.py          339   read                      : 
2026-10-09 04:41:44,120 BTPWorkerThread-24767 (_rx_task) root DEBUG iutctl_common.py          123   read                      : Read 5 bytes
2026-10-09 04:41:44,126 BTPWorkerThread-24767 (_rx_task) root DEBUG iutctl_common.py          131   read                      : Received: hdr: Header(svc_id=0x01, op=0x01, ctrl_index=0xff, data_len=0x07) bytearray(b'\x01\x01\xff\x07\x00')
2026-10-09 04:41:44,142 BTPWorkerThread-24767 (_rx_task) root DEBUG iutctl_common.py          139   read                      : Read 7 bytes data
2026-10-09 04:41:44,152 BTPWorkerThread-24767 (_rx_task) root DEBUG iutctl_common.py          154   read                      : Received data: {'6e ff 7f 1f fe ff 2e'}, bytearray(b'n\xff\x7f\x1f\xfe\xff.')
2026-10-09 04:41:44,163 LT1-thread root DEBUG testcase.py               254   start                     : Starting test function: class=<class 'autopts.ptsprojects.testcase.TestFunc'>, func=<bound method Stack.gap_init of <autopts.ptsprojects.stack.stack.Stack object at 0x000002C6862F6F00>> start_wid=None stop_wid=None post_wid=None skip_call=None call_count=149 args=(b'Tester_08E44E',) kwds={}
2026-10-09 04:41:44,163 LT1-thread root DEBUG testcase.py               266   start                     : Test function parameters: args=(b'Tester_08E44E',), kwds={}
2026-10-09 04:41:44,163 LT1-thread root DEBUG testcase.py               254   start                     : Starting test function: class=<class 'autopts.ptsprojects.testcase.TestFunc'>, func=<function gap_read_controller_info at 0x000002C684E6EB60> start_wid=None stop_wid=None post_wid=None skip_call=None call_count=149 args=() kwds={}
2026-10-09 04:41:44,163 LT1-thread root DEBUG testcase.py               266   start                     : Test function parameters: args=(), kwds={}
2026-10-09 04:41:44,163 LT1-thread root DEBUG gap.py                    1163  gap_read_controller_info  : 
2026-10-09 04:41:44,163 LT1-thread root DEBUG iutctl_common.py          161   send                      : 1 3 0 ''
2026-10-09 04:41:44,163 LT1-thread root DEBUG iutctl_common.py          166   send                      : sending frame '0103000000'
2026-10-09 04:41:44,163 LT1-thread root DEBUG iutctl_common.py          339   read                      : 
2026-10-09 04:41:44,193 BTPWorkerThread-24767 (_rx_task) root DEBUG iutctl_common.py          123   read                      : Read 5 bytes
2026-10-09 04:41:44,204 BTPWorkerThread-24767 (_rx_task) root DEBUG iutctl_common.py          131   read                      : Received: hdr: Header(svc_id=0x01, op=0x03, ctrl_index=0x00, data_len=0x115) bytearray(b'\x01\x03\x00\x15\x01')
2026-10-09 04:41:44,225 BTPWorkerThread-24767 (_rx_task) root DEBUG iutctl_common.py          139   read                      : Read 277 bytes data
2026-10-09 04:41:44,235 BTPWorkerThread-24767 (_rx_task) root DEBUG iutctl_common.py          154   read                      : Received data: {'19 78 ee 69 17 d0 d3 06 02 00 13 02 00 00 00 00 00 62 74 70 5f 74 65 73 74 65 72 00 00 00 00 00 00 00 00 00 00 00 00 00 00 00 00 00 00 00 00 00 00 00 00 00 00 00 00 00 00 00 00 00 00 00 00 00 00 00 00 00 00 00 00 00 00 00 00 00 00 00 00 00 00 00 00 00 00 00 00 00 00 00 00 00 00 00 00 00 00 00 00 00 00 00 00 00 00 00 00 00 00 00 00 00 00 00 00 00 00 00 00 00 00 00 00 00 00 00 00 00 00 00 00 00 00 00 00 00 00 00 00 00 00 00 00 00 00 00 00 00 00 00 00 00 00 00 00 00 00 00 00 00 00 00 00 00 00 00 00 00 00 00 00 00 00 00 00 00 00 00 00 00 00 00 00 00 00 00 00 00 00 00 00 00 00 00 00 00 00 00 00 00 00 00 00 00 00 00 00 00 00 00 00 00 00 00 00 00 00 00 00 00 00 00 00 00 00 00 00 00 00 00 00 00 00 00 00 00 00 00 00 00 00 00 00 00 00 00 00 00 00 00 00 00 00 00 00 00 00 00 00 00 00 00 00 00 00 00 00 00 00 00 00 00 00 00 00 00 00'}, bytearray(b'\x19x\xeei\x17\xd0\xd3\x06\x02\x00\x13\x02\x00\x00\x00\x00\x00btp_tester\x00\x00\x00\x00\x00\x00\x00\x00\x00\x00\x00\x00\x00\x00\x00\x00\x00\x00\x00\x00\x00\x00\x00\x00\x00\x00\x00\x00\x00\x00\x00\x00\x00\x00\x00\x00\x00\x00\x00\x00\x00\x00\x00\x00\x00\x00\x00\x00\x00\x00\x00\x00\x00\x00\x00\x00\x00\x00\x00\x00\x00\x00\x00\x00\x00\x00\x00\x00\x00\x00\x00\x00\x00\x00\x00\x00\x00\x00\x00\x00\x00\x00\x00\x00\x00\x00\x00\x00\x00\x00\x00\x00\x00\x00\x00\x00\x00\x00\x00\x00\x00\x00\x00\x00\x00\x00\x00\x00\x00\x00\x00\x00\x00\x00\x00\x00\x00\x00\x00\x00\x00\x00\x00\x00\x00\x00\x00\x00\x00\x00\x00\x00\x00\x00\x00\x00\x00\x00\x00\x00\x00\x00\x00\x00\x00\x00\x00\x00\x00\x00\x00\x00\x00\x00\x00\x00\x00\x00\x00\x00\x00\x00\x00\x00\x00\x00\x00\x00\x00\x00\x00\x00\x00\x00\x00\x00\x00\x00\x00\x00\x00\x00\x00\x00\x00\x00\x00\x00\x00\x00\x00\x00\x00\x00\x00\x00\x00\x00\x00\x00\x00\x00\x00\x00\x00\x00\x00\x00\x00\x00\x00\x00\x00\x00\x00\x00\x00\x00\x00\x00\x00\x00\x00\x00\x00\x00\x00\x00\x00\x00\x00\x00\x00\x00\x00\x00\x00\x00\x00\x00\x00\x00\x00\x00\x00\x00\x00\x00\x00\x00')
2026-10-09 04:41:44,250 LT1-thread root DEBUG gap.py                    1170  gap_read_controller_info  : received Header(svc_id=1, op=3, ctrl_index=0, data_len=277) (b'\x19x\xeei\x17\xd0\xd3\x06\x02\x00\x13\x02\x00\x00\x00\x00\x00btp_tester\x00\x00\x00\x00\x00\x00\x00\x00\x00\x00\x00\x00\x00\x00\x00\x00\x00\x00\x00\x00\x00\x00\x00\x00\x00\x00\x00\x00\x00\x00\x00\x00\x00\x00\x00\x00\x00\x00\x00\x00\x00\x00\x00\x00\x00\x00\x00\x00\x00\x00\x00\x00\x00\x00\x00\x00\x00\x00\x00\x00\x00\x00\x00\x00\x00\x00\x00\x00\x00\x00\x00\x00\x00\x00\x00\x00\x00\x00\x00\x00\x00\x00\x00\x00\x00\x00\x00\x00\x00\x00\x00\x00\x00\x00\x00\x00\x00\x00\x00\x00\x00\x00\x00\x00\x00\x00\x00\x00\x00\x00\x00\x00\x00\x00\x00\x00\x00\x00\x00\x00\x00\x00\x00\x00\x00\x00\x00\x00\x00\x00\x00\x00\x00\x00\x00\x00\x00\x00\x00\x00\x00\x00\x00\x00\x00\x00\x00\x00\x00\x00\x00\x00\x00\x00\x00\x00\x00\x00\x00\x00\x00\x00\x00\x00\x00\x00\x00\x00\x00\x00\x00\x00\x00\x00\x00\x00\x00\x00\x00\x00\x00\x00\x00\x00\x00\x00\x00\x00\x00\x00\x00\x00\x00\x00\x00\x00\x00\x00\x00\x00\x00\x00\x00\x00\x00\x00\x00\x00\x00\x00\x00\x00\x00\x00\x00\x00\x00\x00\x00\x00\x00\x00\x00\x00\x00\x00\x00\x00\x00\x00\x00\x00\x00\x00\x00\x00\x00\x00\x00\x00\x00\x00\x00\x00\x00\x00\x00\x00\x00\x00',)
2026-10-09 04:41:44,250 LT1-thread root DEBUG gap.py                    1191  gap_read_controller_info  : IUT address 'd01769ee7819' 'public'
2026-10-09 04:41:44,250 LT1-thread root DEBUG gap.py                    596   __gap_current_settings_update : 531
2026-10-09 04:41:44,250 LT1-thread root DEBUG testcase.py               254   start                     : Starting test function: class=<class 'autopts.ptsprojects.testcase.TestFunc'>, func=<function test_cases.<locals>.<lambda> at 0x000002C687C10AE0> start_wid=None stop_wid=None post_wid=None skip_call=None call_count=149 args=() kwds={}
2026-10-09 04:41:44,250 LT1-thread root DEBUG testcase.py               266   start                     : Test function parameters: args=(), kwds={}
2026-10-09 04:41:44,254 LT1-thread root DEBUG testcase.py               254   start                     : Starting test function: class=<class 'autopts.ptsprojects.testcase.TestFunc'>, func=<function set_pts_addr at 0x000002C684E2DD00> start_wid=None stop_wid=None post_wid=None skip_call=None call_count=149 args=('00:1B:DC:08:E4:4E', 0) kwds={}
2026-10-09 04:41:44,254 LT1-thread root DEBUG testcase.py               266   start                     : Test function parameters: args=('00:1B:DC:08:E4:4E', 0), kwds={}
2026-10-09 04:41:44,254 LT1-thread root DEBUG testcase.py               254   start                     : Starting test function: class=<class 'autopts.ptsprojects.testcase.TestFunc'>, func=<function gap_set_connectable at 0x000002C684E6E480> start_wid=None stop_wid=None post_wid=None skip_call=None call_count=149 args=() kwds={}
2026-10-09 04:41:44,254 LT1-thread root DEBUG testcase.py               266   start                     : Test function parameters: args=(), kwds={}
2026-10-09 04:41:44,254 LT1-thread root DEBUG gap.py                    984   gap_set_connectable       : 
2026-10-09 04:41:44,254 LT1-thread root DEBUG testcase.py               254   start                     : Starting test function: class=<class 'autopts.ptsprojects.testcase.TestFunc'>, func=<function gap_set_general_discoverable at 0x000002C684E6E660> start_wid=None stop_wid=None post_wid=None skip_call=None call_count=149 args=() kwds={}
2026-10-09 04:41:44,254 LT1-thread root DEBUG testcase.py               266   start                     : Test function parameters: args=(), kwds={}
2026-10-09 04:41:44,254 LT1-thread root DEBUG gap.py                    1035  gap_set_general_discoverable : 
2026-10-09 04:41:44,254 LT1-thread root DEBUG iutctl_common.py          161   send                      : 1 8 0 '1'
2026-10-09 04:41:44,255 LT1-thread root DEBUG iutctl_common.py          166   send                      : sending frame '010800010001'
2026-10-09 04:41:44,255 LT1-thread root DEBUG gap.py                    1229  gap_command_rsp_succ      : 
2026-10-09 04:41:44,255 LT1-thread root DEBUG iutctl_common.py          339   read                      : 
2026-10-09 04:41:44,309 BTPWorkerThread-24767 (_rx_task) root DEBUG iutctl_common.py          123   read                      : Read 5 bytes
2026-10-09 04:41:44,324 BTPWorkerThread-24767 (_rx_task) root DEBUG iutctl_common.py          131   read                      : Received: hdr: Header(svc_id=0x01, op=0x08, ctrl_index=0x00, data_len=0x04) bytearray(b'\x01\x08\x00\x04\x00')
2026-10-09 04:41:44,329 BTPWorkerThread-24767 (_rx_task) root DEBUG iutctl_common.py          139   read                      : Read 4 bytes data
2026-10-09 04:41:44,334 BTPWorkerThread-24767 (_rx_task) root DEBUG iutctl_common.py          154   read                      : Received data: {'1b 02 00 00'}, bytearray(b'\x1b\x02\x00\x00')
2026-10-09 04:41:44,346 LT1-thread root DEBUG gap.py                    1234  gap_command_rsp_succ      : received Header(svc_id=1, op=8, ctrl_index=0, data_len=4) (b'\x1b\x02\x00\x00',)
2026-10-09 04:41:44,346 LT1-thread root DEBUG gap.py                    596   __gap_current_settings_update : (b'\x1b\x02\x00\x00',)
2026-10-09 04:41:44,346 LT1-thread root DEBUG testcase.py               254   start                     : Starting test function: class=<class 'autopts.ptsprojects.testcase.TestFunc'>, func=<function gap_set_io_capability at 0x000002C684E6E020> start_wid=None stop_wid=None post_wid=None skip_call=None call_count=149 args=(3,) kwds={}
2026-10-09 04:41:44,346 LT1-thread root DEBUG testcase.py               266   start                     : Test function parameters: args=(3,), kwds={}
2026-10-09 04:41:44,346 LT1-thread root DEBUG gap.py                    861   gap_set_io_capability     : 3
2026-10-09 04:41:44,346 LT1-thread root DEBUG iutctl_common.py          161   send                      : 1 16 0 '\x03'
2026-10-09 04:41:44,347 LT1-thread root DEBUG iutctl_common.py          166   send                      : sending frame '011000010003'
2026-10-09 04:41:44,347 LT1-thread root DEBUG gap.py                    1229  gap_command_rsp_succ      : 
2026-10-09 04:41:44,347 LT1-thread root DEBUG iutctl_common.py          339   read                      : 
2026-10-09 04:41:44,378 BTPWorkerThread-24767 (_rx_task) root DEBUG iutctl_common.py          123   read                      : Read 5 bytes
2026-10-09 04:41:44,388 BTPWorkerThread-24767 (_rx_task) root DEBUG iutctl_common.py          131   read                      : Received: hdr: Header(svc_id=0x01, op=0x10, ctrl_index=0x00, data_len=0x00) bytearray(b'\x01\x10\x00\x00\x00')
2026-10-09 04:41:44,394 BTPWorkerThread-24767 (_rx_task) root DEBUG iutctl_common.py          154   read                      : Received data: {''}, bytearray(b'')
2026-10-09 04:41:44,405 LT1-thread root DEBUG gap.py                    1234  gap_command_rsp_succ      : received Header(svc_id=1, op=16, ctrl_index=0, data_len=0) (b'',)
2026-10-09 04:41:44,405 LT1-thread root DEBUG testcase.py               254   start                     : Starting test function: class=<class 'autopts.ptsprojects.testcase.TestFunc'>, func=<function core_reg_svc_hfp_ag at 0x000002C684E2F920> start_wid=None stop_wid=None post_wid=None skip_call=None call_count=149 args=() kwds={}
2026-10-09 04:41:44,405 LT1-thread root DEBUG testcase.py               266   start                     : Test function parameters: args=(), kwds={}
2026-10-09 04:41:44,405 LT1-thread root DEBUG btp.py                    117   core_reg_svc_univ         : core_reg_svc_univ: hfp_ag_reg (HFP_AG)
2026-10-09 04:41:44,405 LT1-thread root DEBUG iutctl_common.py          161   send                      : 0 3 255 '34'
2026-10-09 04:41:44,405 LT1-thread root DEBUG iutctl_common.py          166   send                      : sending frame '0003ff010022'
2026-10-09 04:41:44,405 LT1-thread root DEBUG btp.py                    654   core_reg_svc_rsp_succ     : 
2026-10-09 04:41:44,405 LT1-thread root DEBUG iutctl_common.py          339   read                      : 
2026-10-09 04:41:44,440 BTPWorkerThread-24767 (_rx_task) root DEBUG iutctl_common.py          123   read                      : Read 5 bytes
2026-10-09 04:41:44,450 BTPWorkerThread-24767 (_rx_task) root DEBUG iutctl_common.py          131   read                      : Received: hdr: Header(svc_id=0x00, op=0x03, ctrl_index=0xff, data_len=0x00) bytearray(b'\x00\x03\xff\x00\x00')
2026-10-09 04:41:44,455 BTPWorkerThread-24767 (_rx_task) root DEBUG iutctl_common.py          154   read                      : Received data: {''}, bytearray(b'')
2026-10-09 04:41:44,461 LT1-thread root DEBUG btp.py                    665   core_reg_svc_rsp_succ     : received Header(svc_id=0, op=3, ctrl_index=255, data_len=0) (b'',)
2026-10-09 04:41:44,461 LT1-thread root DEBUG btp.py                    666   core_reg_svc_rsp_succ     : expected ((0, 3, 255, 0), (b'',))
2026-10-09 04:41:44,461 LT1-thread root DEBUG btp.py                    671   core_reg_svc_rsp_succ     : response is valid
2026-10-09 04:41:44,461 LT1-thread root DEBUG btp.py                    674   core_reg_svc_rsp_succ     : Reading supported commands for service: HFP_AG
2026-10-09 04:41:44,461 LT1-thread root DEBUG iutctl_common.py          161   send                      : 34 1 255 ''
2026-10-09 04:41:44,461 LT1-thread root DEBUG iutctl_common.py          166   send                      : sending frame '2201ff0000'
2026-10-09 04:41:44,461 LT1-thread root DEBUG iutctl_common.py          339   read                      : 
2026-10-09 04:41:44,494 BTPWorkerThread-24767 (_rx_task) root DEBUG iutctl_common.py          123   read                      : Read 5 bytes
2026-10-09 04:41:44,499 BTPWorkerThread-24767 (_rx_task) root DEBUG iutctl_common.py          131   read                      : Received: hdr: Header(svc_id=0x22, op=0x01, ctrl_index=0xff, data_len=0x05) bytearray(b'"\x01\xff\x05\x00')
2026-10-09 04:41:44,499 BTPWorkerThread-24767 (_rx_task) root DEBUG iutctl_common.py          139   read                      : Read 5 bytes data
2026-10-09 04:41:44,505 BTPWorkerThread-24767 (_rx_task) root DEBUG iutctl_common.py          154   read                      : Received data: {'fe ff ff ff 1f'}, bytearray(b'\xfe\xff\xff\xff\x1f')
2026-10-09 04:41:44,505 LT1-thread root DEBUG testcase.py               254   start                     : Starting test function: class=<class 'autopts.ptsprojects.testcase.TestFunc'>, func=<bound method Stack.hfp_ag_init of <autopts.ptsprojects.stack.stack.Stack object at 0x000002C6862F6F00>> start_wid=None stop_wid=None post_wid=None skip_call=None call_count=149 args=() kwds={}
2026-10-09 04:41:44,505 LT1-thread root DEBUG testcase.py               266   start                     : Test function parameters: args=(), kwds={}
2026-10-09 04:41:44,505 LT1-thread root DEBUG testcase.py               254   start                     : Starting test function: class=<class 'autopts.ptsprojects.testcase.TestFunc'>, func=<function hfp_ag_set_default_indicator_value at 0x000002C684EBE700> start_wid=None stop_wid=None post_wid=None skip_call=None call_count=149 args=(1, 5, 0, 5) kwds={}
2026-10-09 04:41:44,506 LT1-thread root DEBUG testcase.py               266   start                     : Test function parameters: args=(1, 5, 0, 5), kwds={}
2026-10-09 04:41:44,506 LT1-thread root DEBUG hfp_ag.py                 598   hfp_ag_set_default_indicator_value : hfp_ag_set_default_indicator_value 1 5 0 5
2026-10-09 04:41:44,506 LT1-thread root DEBUG iutctl_common.py          161   send                      : 34 33 0 "bytearray(b'\\x01\\x05\\x00\\x05')"
2026-10-09 04:41:44,506 LT1-thread root DEBUG iutctl_common.py          166   send                      : sending frame '222100040001050005'
2026-10-09 04:41:44,506 LT1-thread root DEBUG iutctl_common.py          339   read                      : 
2026-10-09 04:41:44,538 BTPWorkerThread-24767 (_rx_task) root DEBUG iutctl_common.py          123   read                      : Read 5 bytes
2026-10-09 04:41:44,543 BTPWorkerThread-24767 (_rx_task) root DEBUG iutctl_common.py          131   read                      : Received: hdr: Header(svc_id=0x22, op=0x21, ctrl_index=0x00, data_len=0x00) bytearray(b'"!\x00\x00\x00')
2026-10-09 04:41:44,548 BTPWorkerThread-24767 (_rx_task) root DEBUG iutctl_common.py          154   read                      : Received data: {''}, bytearray(b'')
2026-10-09 04:41:44,559 LT1-thread root DEBUG testcase.py               254   start                     : Starting test function: class=<class 'autopts.ptsprojects.testcase.TestFunc'>, func=<function hfp_ag_set_memory_dial_mapping at 0x000002C684EBE7A0> start_wid=None stop_wid=None post_wid=None skip_call=None call_count=149 args=('1', '1234567') kwds={}
2026-10-09 04:41:44,559 LT1-thread root DEBUG testcase.py               266   start                     : Test function parameters: args=('1', '1234567'), kwds={}
2026-10-09 04:41:44,559 LT1-thread root DEBUG hfp_ag.py                 612   hfp_ag_set_memory_dial_mapping : hfp_ag_set_memory_dial_mapping '1' '1234567'
2026-10-09 04:41:44,559 LT1-thread root DEBUG iutctl_common.py          161   send                      : 34 34 0 "bytearray(b'\\x01\\x0711234567')"
2026-10-09 04:41:44,559 LT1-thread root DEBUG iutctl_common.py          166   send                      : sending frame '2222000a0001073131323334353637'
2026-10-09 04:41:44,560 LT1-thread root DEBUG iutctl_common.py          339   read                      : 
2026-10-09 04:41:44,591 BTPWorkerThread-24767 (_rx_task) root DEBUG iutctl_common.py          123   read                      : Read 5 bytes
2026-10-09 04:41:44,597 BTPWorkerThread-24767 (_rx_task) root DEBUG iutctl_common.py          131   read                      : Received: hdr: Header(svc_id=0x22, op=0x22, ctrl_index=0x00, data_len=0x00) bytearray(b'""\x00\x00\x00')
2026-10-09 04:41:44,598 BTPWorkerThread-24767 (_rx_task) root DEBUG iutctl_common.py          154   read                      : Received data: {''}, bytearray(b'')
2026-10-09 04:41:44,598 LT1-thread root DEBUG testcase.py               254   start                     : Starting test function: class=<class 'autopts.ptsprojects.testcase.TestFunc'>, func=<function hfp_ag_set_voice_tag_number at 0x000002C684EBE8E0> start_wid=None stop_wid=None post_wid=None skip_call=None call_count=149 args=('1234567',) kwds={}
2026-10-09 04:41:44,598 LT1-thread root DEBUG testcase.py               266   start                     : Test function parameters: args=('1234567',), kwds={}
2026-10-09 04:41:44,598 LT1-thread root DEBUG hfp_ag.py                 659   hfp_ag_set_voice_tag_number : hfp_ag_set_voice_tag_number '1234567'
2026-10-09 04:41:44,598 LT1-thread root DEBUG iutctl_common.py          161   send                      : 34 36 0 "bytearray(b'\\x071234567')"
2026-10-09 04:41:44,598 LT1-thread root DEBUG iutctl_common.py          166   send                      : sending frame '22240008000731323334353637'
2026-10-09 04:41:44,598 LT1-thread root DEBUG iutctl_common.py          339   read                      : 
2026-10-09 04:41:44,634 BTPWorkerThread-24767 (_rx_task) root DEBUG iutctl_common.py          123   read                      : Read 5 bytes
2026-10-09 04:41:44,644 BTPWorkerThread-24767 (_rx_task) root DEBUG iutctl_common.py          131   read                      : Received: hdr: Header(svc_id=0x22, op=0x24, ctrl_index=0x00, data_len=0x00) bytearray(b'"$\x00\x00\x00')
2026-10-09 04:41:44,644 BTPWorkerThread-24767 (_rx_task) root DEBUG iutctl_common.py          154   read                      : Received data: {''}, bytearray(b'')
2026-10-09 04:41:44,646 LT1-thread root DEBUG client.py                 276   get_result                : ClientCallback.get_result run_test_case
2026-10-09 04:41:46,241 LT1-callback ClientCallback.on_implicit_send INFO client.py                 223   on_implicit_send          : 
    ********************
    BEGIN OnImplicitSend:
    project_name: HFP
    wid: 121
    test_case_name: HFP/AG/VTA/BV-02-C
    description: Click Ok, then make a connection request to the PTS from the Implementation Under Test (IUT).
    style: MMI_Style_Ok_Cancel1 0x11041
2026-10-09 04:41:46,242 LT1-callback ClientCallback.on_implicit_send INFO client.py                 236   on_implicit_send          : Calling test cases on_implicit_send
2026-10-09 04:41:46,242 LT1-callback ClientCallback.on_implicit_send INFO client.py                 249   on_implicit_send          : 
    on_implicit_send returned response: WAIT
    END OnImplicitSend
    ********************
2026-10-09 04:41:46,648 LT1-thread root DEBUG testcase.py               679   run_wid                   : HFP HFP/AG/VTA/BV-02-C on_implicit_send
2026-10-09 04:41:46,648 LT1-thread root DEBUG hfp_ag_wid.py             25    hfp_ag_wid_hdl            : hfp_ag_wid_hdl, 121, Click Ok, then make a connection request to the PTS from the Implementation Under Test (IUT)., HFP/AG/VTA/BV-02-C
2026-10-09 04:41:46,648 LT1-thread root DEBUG gap.py                    762   gap_connect               : None 224
2026-10-09 04:41:46,648 LT1-thread root DEBUG iutctl_common.py          161   send                      : 1 14 0 "bytearray(b'\\xe0N\\xe4\\x08\\xdc\\x1b\\x00\\x00')"
2026-10-09 04:41:46,648 LT1-thread root DEBUG iutctl_common.py          166   send                      : sending frame '010e000800e04ee408dc1b0000'
2026-10-09 04:41:46,648 LT1-thread root DEBUG iutctl_common.py          339   read                      : 
2026-10-09 04:41:46,684 BTPWorkerThread-24767 (_rx_task) root DEBUG iutctl_common.py          123   read                      : Read 5 bytes
2026-10-09 04:41:46,684 BTPWorkerThread-24767 (_rx_task) root DEBUG iutctl_common.py          131   read                      : Received: hdr: Header(svc_id=0x01, op=0x0e, ctrl_index=0x00, data_len=0x00) bytearray(b'\x01\x0e\x00\x00\x00')
2026-10-09 04:41:46,684 BTPWorkerThread-24767 (_rx_task) root DEBUG iutctl_common.py          154   read                      : Received data: {''}, bytearray(b'')
2026-10-09 04:41:50,116 BTPWorkerThread-24767 (_rx_task) root DEBUG iutctl_common.py          123   read                      : Read 5 bytes
2026-10-09 04:41:50,116 BTPWorkerThread-24767 (_rx_task) root DEBUG iutctl_common.py          131   read                      : Received: hdr: Header(svc_id=0x01, op=0x82, ctrl_index=0x00, data_len=0x0d) bytearray(b'\x01\x82\x00\r\x00')
2026-10-09 04:41:50,116 BTPWorkerThread-24767 (_rx_task) root DEBUG iutctl_common.py          139   read                      : Read 13 bytes data
2026-10-09 04:41:50,116 BTPWorkerThread-24767 (_rx_task) root DEBUG iutctl_common.py          154   read                      : Received data: {'e0 4e e4 08 dc 1b 00 00 00 00 00 00 00'}, bytearray(b'\xe0N\xe4\x08\xdc\x1b\x00\x00\x00\x00\x00\x00\x00')
2026-10-09 04:41:50,116 BTPWorkerThread-24767 (_rx_task) root DEBUG btp.py                    736   event_handler             : Header(svc_id=1, op=130, ctrl_index=0, data_len=13) (b'\xe0N\xe4\x08\xdc\x1b\x00\x00\x00\x00\x00\x00\x00',)
2026-10-09 04:41:50,116 BTPWorkerThread-24767 (_rx_task) root DEBUG gap.py                    215   gap_connected_ev_         : b'\xe0N\xe4\x08\xdc\x1b\x00\x00\x00\x00\x00\x00\x00'
2026-10-09 04:41:50,212 LT1-thread root DEBUG gap.py                    873   gap_pair                  : None 224
2026-10-09 04:41:50,212 LT1-thread root DEBUG iutctl_common.py          161   send                      : 1 17 0 "bytearray(b'\\xe0N\\xe4\\x08\\xdc\\x1b\\x00')"
2026-10-09 04:41:50,212 LT1-thread root DEBUG iutctl_common.py          166   send                      : sending frame '0111000700e04ee408dc1b00'
2026-10-09 04:41:50,213 LT1-thread root DEBUG gap.py                    1229  gap_command_rsp_succ      : 
2026-10-09 04:41:50,213 LT1-thread root DEBUG iutctl_common.py          339   read                      : 
2026-10-09 04:41:50,255 BTPWorkerThread-24767 (_rx_task) root DEBUG iutctl_common.py          123   read                      : Read 5 bytes
2026-10-09 04:41:50,267 BTPWorkerThread-24767 (_rx_task) root DEBUG iutctl_common.py          131   read                      : Received: hdr: Header(svc_id=0x01, op=0x11, ctrl_index=0x00, data_len=0x00) bytearray(b'\x01\x11\x00\x00\x00')
2026-10-09 04:41:50,267 BTPWorkerThread-24767 (_rx_task) root DEBUG iutctl_common.py          154   read                      : Received data: {''}, bytearray(b'')
2026-10-09 04:41:50,272 LT1-thread root DEBUG gap.py                    1234  gap_command_rsp_succ      : received Header(svc_id=1, op=17, ctrl_index=0, data_len=0) (b'',)
2026-10-09 04:41:50,272 LT1-thread root DEBUG hfp_ag.py                 81    hfp_ag_connect            : hfp_ag_connect None 224 1
2026-10-09 04:41:50,272 LT1-thread root DEBUG iutctl_common.py          161   send                      : 34 2 0 "bytearray(b'\\xe0N\\xe4\\x08\\xdc\\x1b\\x00\\x01')"
2026-10-09 04:41:50,272 LT1-thread root DEBUG iutctl_common.py          166   send                      : sending frame '2202000800e04ee408dc1b0001'
2026-10-09 04:41:50,273 LT1-thread root DEBUG iutctl_common.py          339   read                      : 
2026-10-09 04:41:50,304 BTPWorkerThread-24767 (_rx_task) root DEBUG iutctl_common.py          123   read                      : Read 5 bytes
2026-10-09 04:41:50,309 BTPWorkerThread-24767 (_rx_task) root DEBUG iutctl_common.py          131   read                      : Received: hdr: Header(svc_id=0x22, op=0x02, ctrl_index=0x00, data_len=0x00) bytearray(b'"\x02\x00\x00\x00')
2026-10-09 04:41:50,314 BTPWorkerThread-24767 (_rx_task) root DEBUG iutctl_common.py          154   read                      : Received data: {''}, bytearray(b'')
2026-10-09 04:41:50,314 LT1-thread root DEBUG testcase.py               722   run_wid                   : Sending response 'OK' to wid 121 test case HFP/AG/VTA/BV-02-C
2026-10-09 04:41:50,316 LT1-thread root DEBUG client.py                 276   get_result                : ClientCallback.get_result run_test_case
2026-10-09 04:41:51,219 BTPWorkerThread-24767 (_rx_task) root DEBUG iutctl_common.py          123   read                      : Read 5 bytes
2026-10-09 04:41:51,219 BTPWorkerThread-24767 (_rx_task) root DEBUG iutctl_common.py          131   read                      : Received: hdr: Header(svc_id=0x01, op=0x91, ctrl_index=0x00, data_len=0x09) bytearray(b'\x01\x91\x00\t\x00')
2026-10-09 04:41:51,219 BTPWorkerThread-24767 (_rx_task) root DEBUG iutctl_common.py          139   read                      : Read 9 bytes data
2026-10-09 04:41:51,220 BTPWorkerThread-24767 (_rx_task) root DEBUG iutctl_common.py          154   read                      : Received data: {'e0 4e e4 08 dc 1b 00 01 10'}, bytearray(b'\xe0N\xe4\x08\xdc\x1b\x00\x01\x10')
2026-10-09 04:41:51,220 BTPWorkerThread-24767 (_rx_task) root DEBUG btp.py                    736   event_handler             : Header(svc_id=1, op=145, ctrl_index=0, data_len=9) (b'\xe0N\xe4\x08\xdc\x1b\x00\x01\x10',)
2026-10-09 04:41:51,220 BTPWorkerThread-24767 (_rx_task) root DEBUG gap.py                    494   gap_encryption_change_ev_ : 
2026-10-09 04:41:51,220 BTPWorkerThread-24767 (_rx_task) root DEBUG gap.py                    496   gap_encryption_change_ev_ : enc change received b'\xe0N\xe4\x08\xdc\x1b\x00\x01\x10'
2026-10-09 04:41:51,220 BTPWorkerThread-24767 (_rx_task) root DEBUG gap.py                    505   gap_encryption_change_ev_ : received (224, '001bdc08e44e', 1, 16)
2026-10-09 04:41:51,220 BTPWorkerThread-24767 (_rx_task) root DEBUG iutctl_common.py          123   read                      : Read 5 bytes
2026-10-09 04:41:51,220 BTPWorkerThread-24767 (_rx_task) root DEBUG iutctl_common.py          131   read                      : Received: hdr: Header(svc_id=0x01, op=0x89, ctrl_index=0x00, data_len=0x08) bytearray(b'\x01\x89\x00\x08\x00')
2026-10-09 04:41:51,220 BTPWorkerThread-24767 (_rx_task) root DEBUG iutctl_common.py          139   read                      : Read 8 bytes data
2026-10-09 04:41:51,220 BTPWorkerThread-24767 (_rx_task) root DEBUG iutctl_common.py          154   read                      : Received data: {'e0 4e e4 08 dc 1b 00 02'}, bytearray(b'\xe0N\xe4\x08\xdc\x1b\x00\x02')
2026-10-09 04:41:51,220 BTPWorkerThread-24767 (_rx_task) root DEBUG btp.py                    736   event_handler             : Header(svc_id=1, op=137, ctrl_index=0, data_len=8) (b'\xe0N\xe4\x08\xdc\x1b\x00\x02',)
2026-10-09 04:41:51,221 BTPWorkerThread-24767 (_rx_task) root DEBUG gap.py                    300   gap_sec_level_changed_ev_ : 
2026-10-09 04:41:51,221 BTPWorkerThread-24767 (_rx_task) root DEBUG gap.py                    302   gap_sec_level_changed_ev_ : received b'\xe0N\xe4\x08\xdc\x1b\x00\x02'
2026-10-09 04:41:51,221 BTPWorkerThread-24767 (_rx_task) root DEBUG gap.py                    313   gap_sec_level_changed_ev_ : received (224, '001bdc08e44e', 2)
2026-10-09 04:41:51,364 LT1-callback ClientCallback.on_implicit_send INFO client.py                 223   on_implicit_send          : 
    ********************
    BEGIN OnImplicitSend:
    project_name: HFP
    wid: 222
    test_case_name: HFP/AG/VTA/BV-02-C
    description: Using the Implementation Under Test (IUT), activate voice recognition. Then click OK.
    style: MMI_Style_Ok_Cancel1 0x11041
2026-10-09 04:41:51,364 LT1-callback ClientCallback.on_implicit_send INFO client.py                 236   on_implicit_send          : Calling test cases on_implicit_send
2026-10-09 04:41:51,364 LT1-callback ClientCallback.on_implicit_send INFO client.py                 249   on_implicit_send          : 
    on_implicit_send returned response: WAIT
    END OnImplicitSend
    ********************
2026-10-09 04:41:51,371 BTPWorkerThread-24767 (_rx_task) root DEBUG iutctl_common.py          123   read                      : Read 5 bytes
2026-10-09 04:41:51,371 BTPWorkerThread-24767 (_rx_task) root DEBUG iutctl_common.py          131   read                      : Received: hdr: Header(svc_id=0x22, op=0x80, ctrl_index=0x00, data_len=0x07) bytearray(b'"\x80\x00\x07\x00')
2026-10-09 04:41:51,371 BTPWorkerThread-24767 (_rx_task) root DEBUG iutctl_common.py          139   read                      : Read 7 bytes data
2026-10-09 04:41:51,372 BTPWorkerThread-24767 (_rx_task) root DEBUG iutctl_common.py          154   read                      : Received data: {'e0 4e e4 08 dc 1b 00'}, bytearray(b'\xe0N\xe4\x08\xdc\x1b\x00')
2026-10-09 04:41:51,372 BTPWorkerThread-24767 (_rx_task) root DEBUG btp.py                    736   event_handler             : Header(svc_id=34, op=128, ctrl_index=0, data_len=7) (b'\xe0N\xe4\x08\xdc\x1b\x00',)
2026-10-09 04:41:51,372 BTPWorkerThread-24767 (_rx_task) root DEBUG hfp_ag.py                 672   hfp_ag_connected_ev       : hfp_ag_connected_ev b'\xe0N\xe4\x08\xdc\x1b\x00' 7
2026-10-09 04:41:51,372 BTPWorkerThread-24767 (_rx_task) root DEBUG hfp_ag.py                 677   hfp_ag_connected_ev       : HFP AG connected to addr b'N\xe4\x08\xdc\x1b\x00'
2026-10-09 04:41:52,318 LT1-thread root DEBUG testcase.py               679   run_wid                   : HFP HFP/AG/VTA/BV-02-C on_implicit_send
2026-10-09 04:41:52,318 LT1-thread root DEBUG hfp_ag_wid.py             25    hfp_ag_wid_hdl            : hfp_ag_wid_hdl, 222, Using the Implementation Under Test (IUT), activate voice recognition. Then click OK., HFP/AG/VTA/BV-02-C
2026-10-09 04:41:52,318 LT1-thread root DEBUG hfp_ag.py                 418   hfp_ag_voice_recognition  : hfp_ag_voice_recognition None 224 1
2026-10-09 04:41:52,318 LT1-thread root DEBUG iutctl_common.py          161   send                      : 34 23 0 "bytearray(b'\\xe0N\\xe4\\x08\\xdc\\x1b\\x00\\x01')"
2026-10-09 04:41:52,318 LT1-thread root DEBUG iutctl_common.py          166   send                      : sending frame '2217000800e04ee408dc1b0001'
2026-10-09 04:41:52,319 LT1-thread root DEBUG iutctl_common.py          339   read                      : 
2026-10-09 04:41:52,353 BTPWorkerThread-24767 (_rx_task) root DEBUG iutctl_common.py          123   read                      : Read 5 bytes
2026-10-09 04:41:52,358 BTPWorkerThread-24767 (_rx_task) root DEBUG iutctl_common.py          131   read                      : Received: hdr: Header(svc_id=0x22, op=0x17, ctrl_index=0x00, data_len=0x00) bytearray(b'"\x17\x00\x00\x00')
2026-10-09 04:41:52,363 BTPWorkerThread-24767 (_rx_task) root DEBUG iutctl_common.py          154   read                      : Received data: {''}, bytearray(b'')
2026-10-09 04:41:52,363 LT1-thread root DEBUG testcase.py               722   run_wid                   : Sending response 'OK' to wid 222 test case HFP/AG/VTA/BV-02-C
2026-10-09 04:41:52,365 LT1-thread root DEBUG client.py                 276   get_result                : ClientCallback.get_result run_test_case
2026-10-09 04:41:58,340 LT1-callback ClientCallback.on_implicit_send INFO client.py                 223   on_implicit_send          : 
    ********************
    BEGIN OnImplicitSend:
    project_name: HFP
    wid: 3
    test_case_name: HFP/AG/VTA/BV-02-C
    description: Click Ok, then initiate an audio connection (SCO) from the Implementation Under Test (IUT) to the PTS.
    style: MMI_Style_Ok_Cancel1 0x11041
2026-10-09 04:41:58,340 LT1-callback ClientCallback.on_implicit_send INFO client.py                 236   on_implicit_send          : Calling test cases on_implicit_send
2026-10-09 04:41:58,340 LT1-callback ClientCallback.on_implicit_send INFO client.py                 249   on_implicit_send          : 
    on_implicit_send returned response: WAIT
    END OnImplicitSend
    ********************
2026-10-09 04:41:58,368 LT1-thread root DEBUG testcase.py               679   run_wid                   : HFP HFP/AG/VTA/BV-02-C on_implicit_send
2026-10-09 04:41:58,368 LT1-thread root DEBUG hfp_ag_wid.py             25    hfp_ag_wid_hdl            : hfp_ag_wid_hdl, 3, Click Ok, then initiate an audio connection (SCO) from the Implementation Under Test (IUT) to the PTS., HFP/AG/VTA/BV-02-C
2026-10-09 04:41:58,368 LT1-thread root DEBUG hfp_ag.py                 321   hfp_ag_audio_connect      : hfp_ag_audio_connect None 224 1
2026-10-09 04:41:58,368 LT1-thread root DEBUG iutctl_common.py          161   send                      : 34 17 0 "bytearray(b'\\xe0N\\xe4\\x08\\xdc\\x1b\\x00\\x01')"
2026-10-09 04:41:58,368 LT1-thread root DEBUG iutctl_common.py          166   send                      : sending frame '2211000800e04ee408dc1b0001'
2026-10-09 04:41:58,369 LT1-thread root DEBUG iutctl_common.py          339   read                      : 
2026-10-09 04:41:58,399 BTPWorkerThread-24767 (_rx_task) root DEBUG iutctl_common.py          123   read                      : Read 5 bytes
2026-10-09 04:41:58,411 BTPWorkerThread-24767 (_rx_task) root DEBUG iutctl_common.py          131   read                      : Received: hdr: Header(svc_id=0x22, op=0x11, ctrl_index=0x00, data_len=0x00) bytearray(b'"\x11\x00\x00\x00')
2026-10-09 04:41:58,411 BTPWorkerThread-24767 (_rx_task) root DEBUG iutctl_common.py          154   read                      : Received data: {''}, bytearray(b'')
2026-10-09 04:41:58,411 BTPWorkerThread-24767 (_rx_task) root DEBUG iutctl_common.py          123   read                      : Read 5 bytes
2026-10-09 04:41:58,412 LT1-thread root DEBUG testcase.py               722   run_wid                   : Sending response 'OK' to wid 3 test case HFP/AG/VTA/BV-02-C
2026-10-09 04:41:58,412 BTPWorkerThread-24767 (_rx_task) root DEBUG iutctl_common.py          131   read                      : Received: hdr: Header(svc_id=0x22, op=0x8e, ctrl_index=0x00, data_len=0x09) bytearray(b'"\x8e\x00\t\x00')
2026-10-09 04:41:58,412 BTPWorkerThread-24767 (_rx_task) root DEBUG iutctl_common.py          139   read                      : Read 9 bytes data
2026-10-09 04:41:58,413 BTPWorkerThread-24767 (_rx_task) root DEBUG iutctl_common.py          154   read                      : Received data: {'e0 4e e4 08 dc 1b 00 01 00'}, bytearray(b'\xe0N\xe4\x08\xdc\x1b\x00\x01\x00')
2026-10-09 04:41:58,413 BTPWorkerThread-24767 (_rx_task) root DEBUG btp.py                    736   event_handler             : Header(svc_id=34, op=142, ctrl_index=0, data_len=9) (b'\xe0N\xe4\x08\xdc\x1b\x00\x01\x00',)
2026-10-09 04:41:58,413 BTPWorkerThread-24767 (_rx_task) root DEBUG hfp_ag.py                 854   hfp_ag_codec_negotiated_ev : hfp_ag_codec_negotiated_ev b'\xe0N\xe4\x08\xdc\x1b\x00\x01\x00' 9
2026-10-09 04:41:58,413 BTPWorkerThread-24767 (_rx_task) root DEBUG hfp_ag.py                 859   hfp_ag_codec_negotiated_ev : HFP AG codec negotiated from addr b'N\xe4\x08\xdc\x1b\x00', codec_id 1, result 0
2026-10-09 04:41:58,414 LT1-thread root DEBUG client.py                 276   get_result                : ClientCallback.get_result run_test_case
2026-10-09 04:41:58,426 LT1-callback ClientCallback.on_implicit_send INFO client.py                 223   on_implicit_send          : 
    ********************
    BEGIN OnImplicitSend:
    project_name: HFP
    wid: 110
    test_case_name: HFP/AG/VTA/BV-02-C
    description: Set the Implementation Under Test (IUT) in a state that can receive the following AT Command, then click Ok: AT+BVRA=2
    style: MMI_Style_Ok_Cancel1 0x11041
2026-10-09 04:41:58,427 LT1-callback ClientCallback.on_implicit_send INFO client.py                 236   on_implicit_send          : Calling test cases on_implicit_send
2026-10-09 04:41:58,427 LT1-callback ClientCallback.on_implicit_send INFO client.py                 249   on_implicit_send          : 
    on_implicit_send returned response: WAIT
    END OnImplicitSend
    ********************
2026-10-09 04:41:58,479 BTPWorkerThread-24767 (_rx_task) root DEBUG iutctl_common.py          123   read                      : Read 5 bytes
2026-10-09 04:41:58,480 BTPWorkerThread-24767 (_rx_task) root DEBUG iutctl_common.py          131   read                      : Received: hdr: Header(svc_id=0x22, op=0x82, ctrl_index=0x00, data_len=0x07) bytearray(b'"\x82\x00\x07\x00')
2026-10-09 04:41:58,480 BTPWorkerThread-24767 (_rx_task) root DEBUG iutctl_common.py          139   read                      : Read 7 bytes data
2026-10-09 04:41:58,480 BTPWorkerThread-24767 (_rx_task) root DEBUG iutctl_common.py          154   read                      : Received data: {'e0 4e e4 08 dc 1b 00'}, bytearray(b'\xe0N\xe4\x08\xdc\x1b\x00')
2026-10-09 04:41:58,480 BTPWorkerThread-24767 (_rx_task) root DEBUG btp.py                    736   event_handler             : Header(svc_id=34, op=130, ctrl_index=0, data_len=7) (b'\xe0N\xe4\x08\xdc\x1b\x00',)
2026-10-09 04:41:58,480 BTPWorkerThread-24767 (_rx_task) root DEBUG hfp_ag.py                 696   hfp_ag_sco_connected_ev   : hfp_ag_sco_connected_ev b'\xe0N\xe4\x08\xdc\x1b\x00' 7
2026-10-09 04:41:58,480 BTPWorkerThread-24767 (_rx_task) root DEBUG hfp_ag.py                 701   hfp_ag_sco_connected_ev   : HFP AG SCO connected to addr b'N\xe4\x08\xdc\x1b\x00'
2026-10-09 04:41:59,415 LT1-thread root DEBUG testcase.py               679   run_wid                   : HFP HFP/AG/VTA/BV-02-C on_implicit_send
2026-10-09 04:41:59,415 LT1-thread root DEBUG hfp_ag_wid.py             25    hfp_ag_wid_hdl            : hfp_ag_wid_hdl, 110, Set the Implementation Under Test (IUT) in a state that can receive the following AT Command, then click Ok: AT+BVRA=2, HFP/AG/VTA/BV-02-C
2026-10-09 04:41:59,415 LT1-thread root DEBUG testcase.py               722   run_wid                   : Sending response 'OK' to wid 110 test case HFP/AG/VTA/BV-02-C
2026-10-09 04:41:59,417 LT1-thread root DEBUG client.py                 276   get_result                : ClientCallback.get_result run_test_case
2026-10-09 04:41:59,454 LT1-callback ClientCallback.on_implicit_send INFO client.py                 223   on_implicit_send          : 
    ********************
    BEGIN OnImplicitSend:
    project_name: HFP
    wid: 194
    test_case_name: HFP/AG/VTA/BV-02-C
    description: Perform the action in the IUT(AG) such that itsVoice Recognition wants to send an audio ouput.
    style: MMI_Style_Ok_Cancel1 0x11041
2026-10-09 04:41:59,454 LT1-callback ClientCallback.on_implicit_send INFO client.py                 236   on_implicit_send          : Calling test cases on_implicit_send
2026-10-09 04:41:59,454 LT1-callback ClientCallback.on_implicit_send INFO client.py                 249   on_implicit_send          : 
    on_implicit_send returned response: WAIT
    END OnImplicitSend
    ********************
2026-10-09 04:41:59,454 BTPWorkerThread-24767 (_rx_task) root DEBUG iutctl_common.py          123   read                      : Read 5 bytes
2026-10-09 04:41:59,455 BTPWorkerThread-24767 (_rx_task) root DEBUG iutctl_common.py          131   read                      : Received: hdr: Header(svc_id=0x22, op=0x95, ctrl_index=0x00, data_len=0x07) bytearray(b'"\x95\x00\x07\x00')
2026-10-09 04:41:59,455 BTPWorkerThread-24767 (_rx_task) root DEBUG iutctl_common.py          139   read                      : Read 7 bytes data
2026-10-09 04:41:59,456 BTPWorkerThread-24767 (_rx_task) root DEBUG iutctl_common.py          154   read                      : Received data: {'e0 4e e4 08 dc 1b 00'}, bytearray(b'\xe0N\xe4\x08\xdc\x1b\x00')
2026-10-09 04:41:59,456 BTPWorkerThread-24767 (_rx_task) root DEBUG btp.py                    736   event_handler             : Header(svc_id=34, op=149, ctrl_index=0, data_len=7) (b'\xe0N\xe4\x08\xdc\x1b\x00',)
2026-10-09 04:41:59,456 BTPWorkerThread-24767 (_rx_task) root DEBUG hfp_ag.py                 924   hfp_ag_ready_accept_audio_ev : hfp_ag_ready_accept_audio_ev b'\xe0N\xe4\x08\xdc\x1b\x00' 7
2026-10-09 04:41:59,456 BTPWorkerThread-24767 (_rx_task) root DEBUG hfp_ag.py                 929   hfp_ag_ready_accept_audio_ev : HFP AG ready to accept audio from addr b'N\xe4\x08\xdc\x1b\x00'
2026-10-09 04:41:59,957 Thread-24786 root DEBUG hfp_ag.py                 337   hfp_ag_audio_disconnect   : hfp_ag_audio_disconnect None 224
2026-10-09 04:41:59,957 Thread-24786 root DEBUG iutctl_common.py          161   send                      : 34 18 0 "bytearray(b'\\xe0N\\xe4\\x08\\xdc\\x1b\\x00')"
2026-10-09 04:41:59,957 Thread-24786 root DEBUG iutctl_common.py          166   send                      : sending frame '2212000700e04ee408dc1b00'
2026-10-09 04:41:59,958 Thread-24786 root DEBUG iutctl_common.py          339   read                      : 
2026-10-09 04:41:59,998 BTPWorkerThread-24767 (_rx_task) root DEBUG iutctl_common.py          123   read                      : Read 5 bytes
2026-10-09 04:42:00,008 BTPWorkerThread-24767 (_rx_task) root DEBUG iutctl_common.py          131   read                      : Received: hdr: Header(svc_id=0x22, op=0x12, ctrl_index=0x00, data_len=0x00) bytearray(b'"\x12\x00\x00\x00')
2026-10-09 04:42:00,019 BTPWorkerThread-24767 (_rx_task) root DEBUG iutctl_common.py          154   read                      : Received data: {''}, bytearray(b'')
2026-10-09 04:42:00,020 BTPWorkerThread-24767 (_rx_task) root DEBUG iutctl_common.py          123   read                      : Read 5 bytes
2026-10-09 04:42:00,020 BTPWorkerThread-24767 (_rx_task) root DEBUG iutctl_common.py          131   read                      : Received: hdr: Header(svc_id=0x22, op=0x83, ctrl_index=0x00, data_len=0x08) bytearray(b'"\x83\x00\x08\x00')
2026-10-09 04:42:00,020 BTPWorkerThread-24767 (_rx_task) root DEBUG iutctl_common.py          139   read                      : Read 8 bytes data
2026-10-09 04:42:00,020 BTPWorkerThread-24767 (_rx_task) root DEBUG iutctl_common.py          154   read                      : Received data: {'e0 4e e4 08 dc 1b 00 16'}, bytearray(b'\xe0N\xe4\x08\xdc\x1b\x00\x16')
2026-10-09 04:42:00,021 BTPWorkerThread-24767 (_rx_task) root DEBUG btp.py                    736   event_handler             : Header(svc_id=34, op=131, ctrl_index=0, data_len=8) (b'\xe0N\xe4\x08\xdc\x1b\x00\x16',)
2026-10-09 04:42:00,021 BTPWorkerThread-24767 (_rx_task) root DEBUG hfp_ag.py                 708   hfp_ag_sco_disconnected_ev : hfp_ag_sco_disconnected_ev b'\xe0N\xe4\x08\xdc\x1b\x00\x16' 8
2026-10-09 04:42:00,021 BTPWorkerThread-24767 (_rx_task) root DEBUG hfp_ag.py                 713   hfp_ag_sco_disconnected_ev : HFP AG SCO disconnected from addr b'N\xe4\x08\xdc\x1b\x00', reason 22
2026-10-09 04:42:00,417 LT1-thread root DEBUG testcase.py               679   run_wid                   : HFP HFP/AG/VTA/BV-02-C on_implicit_send
2026-10-09 04:42:00,417 LT1-thread root DEBUG hfp_ag_wid.py             25    hfp_ag_wid_hdl            : hfp_ag_wid_hdl, 194, Perform the action in the IUT(AG) such that itsVoice Recognition wants to send an audio ouput., HFP/AG/VTA/BV-02-C
2026-10-09 04:42:00,417 LT1-thread root DEBUG hfp_ag.py                 434   hfp_ag_vre_state          : hfp_ag_vre_state None 224 2
2026-10-09 04:42:00,417 LT1-thread root DEBUG iutctl_common.py          161   send                      : 34 24 0 "bytearray(b'\\xe0N\\xe4\\x08\\xdc\\x1b\\x00\\x02')"
2026-10-09 04:42:00,417 LT1-thread root DEBUG iutctl_common.py          166   send                      : sending frame '2218000800e04ee408dc1b0002'
2026-10-09 04:42:00,418 LT1-thread root DEBUG iutctl_common.py          339   read                      : 
2026-10-09 04:42:00,455 BTPWorkerThread-24767 (_rx_task) root DEBUG iutctl_common.py          123   read                      : Read 5 bytes
2026-10-09 04:42:00,455 BTPWorkerThread-24767 (_rx_task) root DEBUG iutctl_common.py          131   read                      : Received: hdr: Header(svc_id=0x22, op=0x18, ctrl_index=0x00, data_len=0x00) bytearray(b'"\x18\x00\x00\x00')
2026-10-09 04:42:00,466 BTPWorkerThread-24767 (_rx_task) root DEBUG iutctl_common.py          154   read                      : Received data: {''}, bytearray(b'')
2026-10-09 04:42:00,466 LT1-thread root DEBUG testcase.py               722   run_wid                   : Sending response 'OK' to wid 194 test case HFP/AG/VTA/BV-02-C
2026-10-09 04:42:00,469 LT1-thread root DEBUG client.py                 276   get_result                : ClientCallback.get_result run_test_case
2026-10-09 04:42:00,471 LT1-callback ClientCallback.on_implicit_send INFO client.py                 223   on_implicit_send          : 
    ********************
    BEGIN OnImplicitSend:
    project_name: HFP
    wid: 110
    test_case_name: HFP/AG/VTA/BV-02-C
    description: Set the Implementation Under Test (IUT) in a state that can receive the following AT Command, then click Ok: AT+BVRA=2
    style: MMI_Style_Ok_Cancel1 0x11041
2026-10-09 04:42:00,471 LT1-callback ClientCallback.on_implicit_send INFO client.py                 236   on_implicit_send          : Calling test cases on_implicit_send
2026-10-09 04:42:00,471 LT1-callback ClientCallback.on_implicit_send INFO client.py                 249   on_implicit_send          : 
    on_implicit_send returned response: WAIT
    END OnImplicitSend
    ********************
2026-10-09 04:42:01,469 LT1-thread root DEBUG testcase.py               679   run_wid                   : HFP HFP/AG/VTA/BV-02-C on_implicit_send
2026-10-09 04:42:01,469 LT1-thread root DEBUG hfp_ag_wid.py             25    hfp_ag_wid_hdl            : hfp_ag_wid_hdl, 110, Set the Implementation Under Test (IUT) in a state that can receive the following AT Command, then click Ok: AT+BVRA=2, HFP/AG/VTA/BV-02-C
2026-10-09 04:42:01,469 LT1-thread root DEBUG hfp_ag.py                 321   hfp_ag_audio_connect      : hfp_ag_audio_connect None 224 1
2026-10-09 04:42:01,470 LT1-thread root DEBUG iutctl_common.py          161   send                      : 34 17 0 "bytearray(b'\\xe0N\\xe4\\x08\\xdc\\x1b\\x00\\x01')"
2026-10-09 04:42:01,470 LT1-thread root DEBUG iutctl_common.py          166   send                      : sending frame '2211000800e04ee408dc1b0001'
2026-10-09 04:42:01,470 LT1-thread root DEBUG iutctl_common.py          339   read                      : 
2026-10-09 04:42:01,504 BTPWorkerThread-24767 (_rx_task) root DEBUG iutctl_common.py          123   read                      : Read 5 bytes
2026-10-09 04:42:01,515 BTPWorkerThread-24767 (_rx_task) root DEBUG iutctl_common.py          131   read                      : Received: hdr: Header(svc_id=0x22, op=0x11, ctrl_index=0x00, data_len=0x00) bytearray(b'"\x11\x00\x00\x00')
2026-10-09 04:42:01,515 BTPWorkerThread-24767 (_rx_task) root DEBUG iutctl_common.py          154   read                      : Received data: {''}, bytearray(b'')
2026-10-09 04:42:01,515 LT1-thread root DEBUG testcase.py               722   run_wid                   : Sending response 'OK' to wid 110 test case HFP/AG/VTA/BV-02-C
2026-10-09 04:42:01,518 LT1-thread root DEBUG client.py                 276   get_result                : ClientCallback.get_result run_test_case
2026-10-09 04:42:01,562 BTPWorkerThread-24767 (_rx_task) root DEBUG iutctl_common.py          123   read                      : Read 5 bytes
2026-10-09 04:42:01,562 BTPWorkerThread-24767 (_rx_task) root DEBUG iutctl_common.py          131   read                      : Received: hdr: Header(svc_id=0x22, op=0x82, ctrl_index=0x00, data_len=0x07) bytearray(b'"\x82\x00\x07\x00')
2026-10-09 04:42:01,562 BTPWorkerThread-24767 (_rx_task) root DEBUG iutctl_common.py          139   read                      : Read 7 bytes data
2026-10-09 04:42:01,563 BTPWorkerThread-24767 (_rx_task) root DEBUG iutctl_common.py          154   read                      : Received data: {'e0 4e e4 08 dc 1b 00'}, bytearray(b'\xe0N\xe4\x08\xdc\x1b\x00')
2026-10-09 04:42:01,563 BTPWorkerThread-24767 (_rx_task) root DEBUG btp.py                    736   event_handler             : Header(svc_id=34, op=130, ctrl_index=0, data_len=7) (b'\xe0N\xe4\x08\xdc\x1b\x00',)
2026-10-09 04:42:01,563 BTPWorkerThread-24767 (_rx_task) root DEBUG hfp_ag.py                 696   hfp_ag_sco_connected_ev   : hfp_ag_sco_connected_ev b'\xe0N\xe4\x08\xdc\x1b\x00' 7
2026-10-09 04:42:01,563 BTPWorkerThread-24767 (_rx_task) root DEBUG hfp_ag.py                 701   hfp_ag_sco_connected_ev   : HFP AG SCO connected to addr b'N\xe4\x08\xdc\x1b\x00'
2026-10-09 04:42:01,605 BTPWorkerThread-24767 (_rx_task) root DEBUG iutctl_common.py          123   read                      : Read 5 bytes
2026-10-09 04:42:01,605 BTPWorkerThread-24767 (_rx_task) root DEBUG iutctl_common.py          131   read                      : Received: hdr: Header(svc_id=0x22, op=0x95, ctrl_index=0x00, data_len=0x07) bytearray(b'"\x95\x00\x07\x00')
2026-10-09 04:42:01,605 BTPWorkerThread-24767 (_rx_task) root DEBUG iutctl_common.py          139   read                      : Read 7 bytes data
2026-10-09 04:42:01,606 BTPWorkerThread-24767 (_rx_task) root DEBUG iutctl_common.py          154   read                      : Received data: {'e0 4e e4 08 dc 1b 00'}, bytearray(b'\xe0N\xe4\x08\xdc\x1b\x00')
2026-10-09 04:42:01,606 BTPWorkerThread-24767 (_rx_task) root DEBUG btp.py                    736   event_handler             : Header(svc_id=34, op=149, ctrl_index=0, data_len=7) (b'\xe0N\xe4\x08\xdc\x1b\x00',)
2026-10-09 04:42:01,606 BTPWorkerThread-24767 (_rx_task) root DEBUG hfp_ag.py                 924   hfp_ag_ready_accept_audio_ev : hfp_ag_ready_accept_audio_ev b'\xe0N\xe4\x08\xdc\x1b\x00' 7
2026-10-09 04:42:01,606 BTPWorkerThread-24767 (_rx_task) root DEBUG hfp_ag.py                 929   hfp_ag_ready_accept_audio_ev : HFP AG ready to accept audio from addr b'N\xe4\x08\xdc\x1b\x00'
2026-10-09 04:42:02,107 Thread-24790 root DEBUG hfp_ag.py                 337   hfp_ag_audio_disconnect   : hfp_ag_audio_disconnect None 224
2026-10-09 04:42:02,107 Thread-24790 root DEBUG iutctl_common.py          161   send                      : 34 18 0 "bytearray(b'\\xe0N\\xe4\\x08\\xdc\\x1b\\x00')"
2026-10-09 04:42:02,107 Thread-24790 root DEBUG iutctl_common.py          166   send                      : sending frame '2212000700e04ee408dc1b00'
2026-10-09 04:42:02,107 Thread-24790 root DEBUG iutctl_common.py          339   read                      : 
2026-10-09 04:42:02,146 BTPWorkerThread-24767 (_rx_task) root DEBUG iutctl_common.py          123   read                      : Read 5 bytes
2026-10-09 04:42:02,173 LT1-callback ClientCallback.on_implicit_send INFO client.py                 223   on_implicit_send          : 
    ********************
    BEGIN OnImplicitSend:
    project_name: HFP
    wid: 193
    test_case_name: HFP/AG/VTA/BV-02-C
    description: Perform the action in the IUT(AG) such that itsVoice Recognition audio input is activated.
    style: MMI_Style_Ok_Cancel1 0x11041
2026-10-09 04:42:02,179 LT1-callback ClientCallback.on_implicit_send INFO client.py                 236   on_implicit_send          : Calling test cases on_implicit_send
2026-10-09 04:42:02,190 BTPWorkerThread-24767 (_rx_task) root DEBUG iutctl_common.py          131   read                      : Received: hdr: Header(svc_id=0x22, op=0x12, ctrl_index=0x00, data_len=0x00) bytearray(b'"\x12\x00\x00\x00')
2026-10-09 04:42:02,200 LT1-callback ClientCallback.on_implicit_send INFO client.py                 249   on_implicit_send          : 
    on_implicit_send returned response: WAIT
    END OnImplicitSend
    ********************
2026-10-09 04:42:02,212 BTPWorkerThread-24767 (_rx_task) root DEBUG iutctl_common.py          154   read                      : Received data: {''}, bytearray(b'')
2026-10-09 04:42:02,227 BTPWorkerThread-24767 (_rx_task) root DEBUG iutctl_common.py          123   read                      : Read 5 bytes
2026-10-09 04:42:02,227 BTPWorkerThread-24767 (_rx_task) root DEBUG iutctl_common.py          131   read                      : Received: hdr: Header(svc_id=0x22, op=0x83, ctrl_index=0x00, data_len=0x08) bytearray(b'"\x83\x00\x08\x00')
2026-10-09 04:42:02,227 BTPWorkerThread-24767 (_rx_task) root DEBUG iutctl_common.py          139   read                      : Read 8 bytes data
2026-10-09 04:42:02,228 BTPWorkerThread-24767 (_rx_task) root DEBUG iutctl_common.py          154   read                      : Received data: {'e0 4e e4 08 dc 1b 00 16'}, bytearray(b'\xe0N\xe4\x08\xdc\x1b\x00\x16')
2026-10-09 04:42:02,228 BTPWorkerThread-24767 (_rx_task) root DEBUG btp.py                    736   event_handler             : Header(svc_id=34, op=131, ctrl_index=0, data_len=8) (b'\xe0N\xe4\x08\xdc\x1b\x00\x16',)
2026-10-09 04:42:02,228 BTPWorkerThread-24767 (_rx_task) root DEBUG hfp_ag.py                 708   hfp_ag_sco_disconnected_ev : hfp_ag_sco_disconnected_ev b'\xe0N\xe4\x08\xdc\x1b\x00\x16' 8
2026-10-09 04:42:02,228 BTPWorkerThread-24767 (_rx_task) root DEBUG hfp_ag.py                 713   hfp_ag_sco_disconnected_ev : HFP AG SCO disconnected from addr b'N\xe4\x08\xdc\x1b\x00', reason 22
2026-10-09 04:42:02,518 LT1-thread root DEBUG testcase.py               679   run_wid                   : HFP HFP/AG/VTA/BV-02-C on_implicit_send
2026-10-09 04:42:02,518 LT1-thread root DEBUG hfp_ag_wid.py             25    hfp_ag_wid_hdl            : hfp_ag_wid_hdl, 193, Perform the action in the IUT(AG) such that itsVoice Recognition audio input is activated., HFP/AG/VTA/BV-02-C
2026-10-09 04:42:02,518 LT1-thread root DEBUG hfp_ag.py                 434   hfp_ag_vre_state          : hfp_ag_vre_state None 224 1
2026-10-09 04:42:02,518 LT1-thread root DEBUG iutctl_common.py          161   send                      : 34 24 0 "bytearray(b'\\xe0N\\xe4\\x08\\xdc\\x1b\\x00\\x01')"
2026-10-09 04:42:02,518 LT1-thread root DEBUG iutctl_common.py          166   send                      : sending frame '2218000800e04ee408dc1b0001'
2026-10-09 04:42:02,519 LT1-thread root DEBUG iutctl_common.py          339   read                      : 
2026-10-09 04:42:02,556 BTPWorkerThread-24767 (_rx_task) root DEBUG iutctl_common.py          123   read                      : Read 5 bytes
2026-10-09 04:42:02,568 BTPWorkerThread-24767 (_rx_task) root DEBUG iutctl_common.py          131   read                      : Received: hdr: Header(svc_id=0x22, op=0x18, ctrl_index=0x00, data_len=0x00) bytearray(b'"\x18\x00\x00\x00')
2026-10-09 04:42:02,570 BTPWorkerThread-24767 (_rx_task) root DEBUG iutctl_common.py          154   read                      : Received data: {''}, bytearray(b'')
2026-10-09 04:42:02,570 LT1-thread root DEBUG testcase.py               722   run_wid                   : Sending response 'OK' to wid 193 test case HFP/AG/VTA/BV-02-C
2026-10-09 04:42:02,573 LT1-thread root DEBUG client.py                 276   get_result                : ClientCallback.get_result run_test_case
2026-10-09 04:42:02,575 LT1-callback ClientCallback.on_implicit_send INFO client.py                 223   on_implicit_send          : 
    ********************
    BEGIN OnImplicitSend:
    project_name: HFP
    wid: 84
    test_case_name: HFP/AG/VTA/BV-02-C
    description: Using the Implementation Under Test (IUT), deactivate voice recognition.
    style: MMI_Style_Ok_Cancel1 0x11041
2026-10-09 04:42:02,575 LT1-callback ClientCallback.on_implicit_send INFO client.py                 236   on_implicit_send          : Calling test cases on_implicit_send
2026-10-09 04:42:02,575 LT1-callback ClientCallback.on_implicit_send INFO client.py                 249   on_implicit_send          : 
    on_implicit_send returned response: WAIT
    END OnImplicitSend
    ********************
2026-10-09 04:42:03,573 LT1-thread root DEBUG testcase.py               679   run_wid                   : HFP HFP/AG/VTA/BV-02-C on_implicit_send
2026-10-09 04:42:03,573 LT1-thread root DEBUG hfp_ag_wid.py             25    hfp_ag_wid_hdl            : hfp_ag_wid_hdl, 84, Using the Implementation Under Test (IUT), deactivate voice recognition., HFP/AG/VTA/BV-02-C
2026-10-09 04:42:03,573 LT1-thread root DEBUG hfp_ag.py                 418   hfp_ag_voice_recognition  : hfp_ag_voice_recognition None 224 0
2026-10-09 04:42:03,573 LT1-thread root DEBUG iutctl_common.py          161   send                      : 34 23 0 "bytearray(b'\\xe0N\\xe4\\x08\\xdc\\x1b\\x00\\x00')"
2026-10-09 04:42:03,573 LT1-thread root DEBUG iutctl_common.py          166   send                      : sending frame '2217000800e04ee408dc1b0000'
2026-10-09 04:42:03,574 LT1-thread root DEBUG iutctl_common.py          339   read                      : 
2026-10-09 04:42:03,605 BTPWorkerThread-24767 (_rx_task) root DEBUG iutctl_common.py          123   read                      : Read 5 bytes
2026-10-09 04:42:03,605 BTPWorkerThread-24767 (_rx_task) root DEBUG iutctl_common.py          131   read                      : Received: hdr: Header(svc_id=0x22, op=0x17, ctrl_index=0x00, data_len=0x00) bytearray(b'"\x17\x00\x00\x00')
2026-10-09 04:42:03,610 BTPWorkerThread-24767 (_rx_task) root DEBUG iutctl_common.py          154   read                      : Received data: {''}, bytearray(b'')
2026-10-09 04:42:03,610 LT1-thread root DEBUG testcase.py               722   run_wid                   : Sending response 'OK' to wid 84 test case HFP/AG/VTA/BV-02-C
2026-10-09 04:42:03,612 LT1-thread root DEBUG client.py                 276   get_result                : ClientCallback.get_result run_test_case
2026-10-09 04:42:03,619 LT1-callback ClientCallback.on_implicit_send INFO client.py                 223   on_implicit_send          : 
    ********************
    BEGIN OnImplicitSend:
    project_name: HFP
    wid: 2
    test_case_name: HFP/AG/VTA/BV-02-C
    description: Click Ok, then disable the service level connection using the Implementation Under Test (IUT).
    style: MMI_Style_Ok 0x11040
2026-10-09 04:42:03,619 LT1-callback ClientCallback.on_implicit_send INFO client.py                 236   on_implicit_send          : Calling test cases on_implicit_send
2026-10-09 04:42:03,619 LT1-callback ClientCallback.on_implicit_send INFO client.py                 249   on_implicit_send          : 
    on_implicit_send returned response: WAIT
    END OnImplicitSend
    ********************
2026-10-09 04:42:04,612 LT1-thread root DEBUG testcase.py               679   run_wid                   : HFP HFP/AG/VTA/BV-02-C on_implicit_send
2026-10-09 04:42:04,613 LT1-thread root DEBUG hfp_ag_wid.py             25    hfp_ag_wid_hdl            : hfp_ag_wid_hdl, 2, Click Ok, then disable the service level connection using the Implementation Under Test (IUT)., HFP/AG/VTA/BV-02-C
2026-10-09 04:42:04,613 LT1-thread root DEBUG hfp_ag.py                 97    hfp_ag_disconnect         : hfp_ag_disconnect None 224
2026-10-09 04:42:04,613 LT1-thread root DEBUG iutctl_common.py          161   send                      : 34 3 0 "bytearray(b'\\xe0N\\xe4\\x08\\xdc\\x1b\\x00')"
2026-10-09 04:42:04,613 LT1-thread root DEBUG iutctl_common.py          166   send                      : sending frame '2203000700e04ee408dc1b00'
2026-10-09 04:42:04,613 LT1-thread root DEBUG iutctl_common.py          339   read                      : 
2026-10-09 04:42:04,651 BTPWorkerThread-24767 (_rx_task) root DEBUG iutctl_common.py          123   read                      : Read 5 bytes
2026-10-09 04:42:04,651 BTPWorkerThread-24767 (_rx_task) root DEBUG iutctl_common.py          131   read                      : Received: hdr: Header(svc_id=0x22, op=0x03, ctrl_index=0x00, data_len=0x00) bytearray(b'"\x03\x00\x00\x00')
2026-10-09 04:42:04,656 BTPWorkerThread-24767 (_rx_task) root DEBUG iutctl_common.py          154   read                      : Received data: {''}, bytearray(b'')
2026-10-09 04:42:04,656 LT1-thread root DEBUG testcase.py               722   run_wid                   : Sending response 'Ok' to wid 2 test case HFP/AG/VTA/BV-02-C
2026-10-09 04:42:04,658 LT1-thread root DEBUG client.py                 276   get_result                : ClientCallback.get_result run_test_case
2026-10-09 04:42:04,667 BTPWorkerThread-24767 (_rx_task) root DEBUG iutctl_common.py          123   read                      : Read 5 bytes
2026-10-09 04:42:04,667 BTPWorkerThread-24767 (_rx_task) root DEBUG iutctl_common.py          131   read                      : Received: hdr: Header(svc_id=0x22, op=0x81, ctrl_index=0x00, data_len=0x07) bytearray(b'"\x81\x00\x07\x00')
2026-10-09 04:42:04,668 BTPWorkerThread-24767 (_rx_task) root DEBUG iutctl_common.py          139   read                      : Read 3 bytes data
2026-10-09 04:42:04,678 BTPWorkerThread-24767 (_rx_task) root DEBUG iutctl_common.py          139   read                      : Read 4 bytes data
2026-10-09 04:42:04,679 BTPWorkerThread-24767 (_rx_task) root DEBUG iutctl_common.py          154   read                      : Received data: {'e0 4e e4 08 dc 1b 00'}, bytearray(b'\xe0N\xe4\x08\xdc\x1b\x00')
2026-10-09 04:42:04,679 BTPWorkerThread-24767 (_rx_task) root DEBUG btp.py                    736   event_handler             : Header(svc_id=34, op=129, ctrl_index=0, data_len=7) (b'\xe0N\xe4\x08\xdc\x1b\x00',)
2026-10-09 04:42:04,679 BTPWorkerThread-24767 (_rx_task) root DEBUG hfp_ag.py                 684   hfp_ag_disconnected_ev    : hfp_ag_disconnected_ev b'\xe0N\xe4\x08\xdc\x1b\x00' 7
2026-10-09 04:42:04,679 BTPWorkerThread-24767 (_rx_task) root DEBUG hfp_ag.py                 689   hfp_ag_disconnected_ev    : HFP AG disconnected from addr b'N\xe4\x08\xdc\x1b\x00'
2026-10-09 04:42:05,692 BTPWorkerThread-24767 (_rx_task) root DEBUG iutctl_common.py          123   read                      : Read 5 bytes
2026-10-09 04:42:05,692 BTPWorkerThread-24767 (_rx_task) root DEBUG iutctl_common.py          131   read                      : Received: hdr: Header(svc_id=0x01, op=0x83, ctrl_index=0x00, data_len=0x07) bytearray(b'\x01\x83\x00\x07\x00')
2026-10-09 04:42:05,692 BTPWorkerThread-24767 (_rx_task) root DEBUG iutctl_common.py          139   read                      : Read 7 bytes data
2026-10-09 04:42:05,693 BTPWorkerThread-24767 (_rx_task) root DEBUG iutctl_common.py          154   read                      : Received data: {'e0 4e e4 08 dc 1b 00'}, bytearray(b'\xe0N\xe4\x08\xdc\x1b\x00')
2026-10-09 04:42:05,693 BTPWorkerThread-24767 (_rx_task) root DEBUG btp.py                    736   event_handler             : Header(svc_id=1, op=131, ctrl_index=0, data_len=7) (b'\xe0N\xe4\x08\xdc\x1b\x00',)
2026-10-09 04:42:05,693 BTPWorkerThread-24767 (_rx_task) root DEBUG gap.py                    228   gap_disconnected_ev_      : b'\xe0N\xe4\x08\xdc\x1b\x00'
2026-10-09 04:42:08,330 LT1-callback ClientCallback.log INFO client.py                 200   log                       : PTS_LOGTYPE_START_TEST Start Test Case 

+157 ms
 HFP/AG/VTA/BV-02-C HFP/AG/VTA/BV-02-C

2026-10-09 04:42:08,985 LT1-callback ClientCallback.log INFO client.py                 200   log                       : PTS_LOGTYPE_FINAL_VERDICT Final Verdict 

+23438 ms
 HFP/AG/VTA/BV-02-C PASS

2026-10-09 04:42:08,989 LT1-callback ClientCallback.log INFO client.py                 200   log                       : PTS_LOGTYPE_FINAL_VERDICT Encrypted Verdict 

+23438 ms
 HFP/AG/VTA/BV-02-C A1#ZWY4MzQ5MDg3MmQwNTIxOGQzMzQ5YjY2ODA5M2MzNjQ5ZDY4NmY0Yjc2MzIzM2VkNTUyNTFhNGU4Mjg1MjI0NA==#PhTZdfeT3XhotyxH7/ZQKBpZO88UgCNmHemtvSBlqqF/Ze0Fw+7s2YJZSlhAGrew

2026-10-09 04:42:08,993 LT1-callback ClientCallback.log INFO client.py                 200   log                       : PTS_LOGTYPE_END_TEST Test Case Ended 

+23438 ms
 HFP/AG/VTA/BV-02-C HFP/AG/VTA/BV-02-C

2026-10-09 04:42:09,048 LT1-callback root DEBUG client.py                 261   set_result                : ClientCallback, set_result, run_test_case, PASS
2026-10-09 04:42:09,048 LT1-thread root DEBUG client.py                 1186  _run_test_case            : After run_test_case error_code=0 status='PASS'
2026-10-09 04:42:09,049 LT1-thread root DEBUG testcase.py               766   post_run                  : post_run HFP HFP/AG/VTA/BV-02-C 0
2026-10-09 04:42:09,049 LT1-thread root DEBUG testcase.py               254   start                     : Starting test function: class=<class 'autopts.ptsprojects.testcase.TestFuncCleanUp'>, func=<bound method ZTestCase._test_case_cleanup of <autopts.ptsprojects.zephyr.ztestcase.ZTestCase object at 0x000002C687C36150>> start_wid=None stop_wid=None post_wid=None skip_call=None call_count=1 args=() kwds={}
2026-10-09 04:42:09,049 LT1-thread root DEBUG testcase.py               266   start                     : Test function parameters: args=(), kwds={}
2026-10-09 04:42:09,049 LT1-thread root DEBUG iutctl.py                 415   stop                      : <class 'autopts.ptsprojects.zephyr.iutctl.create_zephyr_ctl_class.<locals>.ZephyrCtl'>.stop
2026-10-09 04:42:09,049 LT1-thread root DEBUG __init__.py               51    reset                     : About to reset DUT: JLink -CommandFile reset.jlink -usb 1063214216 -device MIMXRT1176XXXA_M7
2026-10-09 04:42:09,347 BTPWorkerThread-24767 (_rx_task) root DEBUG iutctl_common.py          123   read                      : Read 5 bytes
2026-10-09 04:42:09,347 BTPWorkerThread-24767 (_rx_task) root DEBUG iutctl_common.py          131   read                      : Received: hdr: Header(svc_id=0x00, op=0x80, ctrl_index=0xff, data_len=0x00) bytearray(b'\x00\x80\xff\x00\x00')
2026-10-09 04:42:09,347 BTPWorkerThread-24767 (_rx_task) root DEBUG iutctl_common.py          154   read                      : Received data: {''}, bytearray(b'')
2026-10-09 04:42:09,349 BTPWorkerThread-24767 (_rx_task) root DEBUG btp.py                    736   event_handler             : Header(svc_id=0, op=128, ctrl_index=255, data_len=0) (b'',)
2026-10-09 04:42:09,349 BTPWorkerThread-24767 (_rx_task) root DEBUG core.py                   23    core_iut_ready_ev         : 
2026-10-09 04:42:09,415 LT1-thread root DEBUG iutctl.py                 436   _stop_tty_mode            : IUT ready event received OK
2026-10-09 04:42:09,416 LT1-thread root DEBUG iutctl_common.py          416   close                     : Waiting for _rx_worker to finish ...
2026-10-09 04:42:10,349 BTPWorkerThread-24767 (_rx_task) root DEBUG iutctl_common.py          332   _rx_task                  : BTPWorkerThread-24767 (_rx_task) finishing...
2026-10-09 04:42:13,355 LT1-thread root DEBUG testcase.py               794   post_run                  : post_run, cleanup running post test case script
2026-10-09 04:42:13,355 LT1-thread root DEBUG testcase.py               802   post_run                  : post_run, run post test case script
2026-10-09 04:42:13,428 LT1-thread root DEBUG client.py                 1220  _run_test_case            : Done TestCase _run_test_case HFP HFP/AG/VTA/BV-02-C
