2026-10-09 19:10:11,471 LT1-thread root DEBUG client.py                 1099  _run_test_case            : Starting TestCase _run_test_case AVRCP IOPT/AVRCP/CT/CGSIT/SFC/BV-01-I
2026-10-09 19:10:11,472 LT1-thread root DEBUG testcase.py               727   pre_run                   : pre_run AVRCP IOPT/AVRCP/CT/CGSIT/SFC/BV-01-I
2026-10-09 19:10:11,472 LT1-thread root DEBUG testcase.py               729   pre_run                   : About to run test case AVRCP IOPT/AVRCP/CT/CGSIT/SFC/BV-01-I with commands:
2026-10-09 19:10:11,472 LT1-thread root DEBUG testcase.py               731   pre_run                   : 0) class=<class 'autopts.ptsprojects.testcase.TestFunc'>, func=<bound method ZTestCase._test_case_start of <autopts.ptsprojects.zephyr.ztestcase.ZTestCase object at 0x00000196AD782A50>> start_wid=None stop_wid=None post_wid=None skip_call=None call_count=0 args=() kwds={}
2026-10-09 19:10:11,473 LT1-thread root DEBUG testcase.py               731   pre_run                   : 1) class=<class 'autopts.ptsprojects.testcase.TestFunc'>, func=<function core_reg_svc_gap at 0x00000196AAA0A160> start_wid=None stop_wid=None post_wid=None skip_call=None call_count=0 args=() kwds={}
2026-10-09 19:10:11,473 LT1-thread root DEBUG testcase.py               731   pre_run                   : 2) class=<class 'autopts.ptsprojects.testcase.TestFunc'>, func=<bound method Stack.gap_init of <autopts.ptsprojects.stack.stack.Stack object at 0x00000196ABFF51C0>> start_wid=None stop_wid=None post_wid=None skip_call=None call_count=0 args=(b'Tester_08E44E',) kwds={}
2026-10-09 19:10:11,473 LT1-thread root DEBUG testcase.py               731   pre_run                   : 3) class=<class 'autopts.ptsprojects.testcase.TestFunc'>, func=<function gap_read_controller_info at 0x00000196AAA6EB60> start_wid=None stop_wid=None post_wid=None skip_call=None call_count=0 args=() kwds={}
2026-10-09 19:10:11,473 LT1-thread root DEBUG testcase.py               731   pre_run                   : 4) class=<class 'autopts.ptsprojects.testcase.TestFunc'>, func=<function test_cases.<locals>.<lambda> at 0x00000196AD7527A0> start_wid=None stop_wid=None post_wid=None skip_call=None call_count=0 args=() kwds={}
2026-10-09 19:10:11,473 LT1-thread root DEBUG testcase.py               731   pre_run                   : 5) class=<class 'autopts.ptsprojects.testcase.TestFunc'>, func=<function set_pts_addr at 0x00000196AAA09D00> start_wid=None stop_wid=None post_wid=None skip_call=None call_count=0 args=('00:1B:DC:08:E4:4E', 0) kwds={}
2026-10-09 19:10:11,473 LT1-thread root DEBUG testcase.py               731   pre_run                   : 6) class=<class 'autopts.ptsprojects.testcase.TestFunc'>, func=<function core_reg_svc_avrcp at 0x00000196AAA0BB00> start_wid=None stop_wid=None post_wid=None skip_call=None call_count=0 args=() kwds={}
2026-10-09 19:10:11,473 LT1-thread root DEBUG testcase.py               731   pre_run                   : 7) class=<class 'autopts.ptsprojects.testcase.TestFunc'>, func=<bound method Stack.avrcp_init of <autopts.ptsprojects.stack.stack.Stack object at 0x00000196ABFF51C0>> start_wid=None stop_wid=None post_wid=None skip_call=None call_count=0 args=() kwds={}
2026-10-09 19:10:11,473 LT1-thread root DEBUG testcase.py               731   pre_run                   : 8) class=<class 'autopts.ptsprojects.testcase.TestFuncCleanUp'>, func=<bound method ZTestCase._test_case_cleanup of <autopts.ptsprojects.zephyr.ztestcase.ZTestCase object at 0x00000196AD782A50>> start_wid=None stop_wid=None post_wid=None skip_call=None call_count=0 args=() kwds={}
2026-10-09 19:10:11,474 LT1-thread root DEBUG testcase.py               738   pre_run                   : pre_run, run pre test case script
2026-10-09 19:10:11,485 LT1-thread root DEBUG testcase.py               254   start                     : Starting test function: class=<class 'autopts.ptsprojects.testcase.TestFunc'>, func=<bound method ZTestCase._test_case_start of <autopts.ptsprojects.zephyr.ztestcase.ZTestCase object at 0x00000196AD782A50>> start_wid=None stop_wid=None post_wid=None skip_call=None call_count=1 args=() kwds={}
2026-10-09 19:10:11,486 LT1-thread root DEBUG testcase.py               266   start                     : Test function parameters: args=(), kwds={}
2026-10-09 19:10:11,486 LT1-thread root DEBUG iutctl.py                 172   start                     : <class 'autopts.ptsprojects.zephyr.iutctl.create_zephyr_ctl_class.<locals>.ZephyrCtl'>.start
2026-10-09 19:10:11,486 LT1-thread root DEBUG iutctl.py                 325   flush_serial              : <class 'autopts.ptsprojects.zephyr.iutctl.create_zephyr_ctl_class.<locals>.ZephyrCtl'>.flush_serial
2026-10-09 19:10:12,672 LT1-thread root DEBUG iutctl.py                 249   _start_tty_mode           : Starting socat process: socat.exe -x -v tcp:10.17.12.9:53729,retry=100,interval=1 /dev/ttyS2,raw,b115200,
2026-10-09 19:10:12,679 LT1-thread root DEBUG iutctl_common.py          402   accept                    : 
2026-10-09 19:10:12,757 BTPWorkerThread-87 (_rx_task) root DEBUG iutctl_common.py          299   _rx_task                  : BTPWorkerThread-87 (_rx_task) started
2026-10-09 19:10:12,757 LT1-thread root DEBUG iutctl.py                 395   wait_iut_ready_event      : IUT ready event received OK
2026-10-09 19:10:12,757 LT1-thread root DEBUG btp.py                    51    read_supp_svcs            : 
2026-10-09 19:10:12,758 LT1-thread root DEBUG iutctl_common.py          161   send                      : 0 2 255 ''
2026-10-09 19:10:12,758 LT1-thread root DEBUG iutctl_common.py          166   send                      : sending frame '0002ff0000'
2026-10-09 19:10:12,758 LT1-thread root DEBUG iutctl_common.py          339   read                      : 
2026-10-09 19:10:12,768 BTPWorkerThread-87 (_rx_task) root DEBUG iutctl_common.py          123   read                      : Read 5 bytes
2026-10-09 19:10:12,779 BTPWorkerThread-87 (_rx_task) root DEBUG iutctl_common.py          131   read                      : Received: hdr: Header(svc_id=0x00, op=0x02, ctrl_index=0xff, data_len=0x06) bytearray(b'\x00\x02\xff\x06\x00')
2026-10-09 19:10:12,784 BTPWorkerThread-87 (_rx_task) root DEBUG iutctl_common.py          139   read                      : Read 6 bytes data
2026-10-09 19:10:12,790 BTPWorkerThread-87 (_rx_task) root DEBUG iutctl_common.py          154   read                      : Received data: {'0f 00 00 a0 ff 03'}, bytearray(b'\x0f\x00\x00\xa0\xff\x03')
2026-10-09 19:10:12,795 LT1-thread root DEBUG btp.py                    62    read_supp_svcs            : received Header(svc_id=0, op=2, ctrl_index=255, data_len=6) (b'\x0f\x00\x00\xa0\xff\x03',)
2026-10-09 19:10:12,795 LT1-thread root DEBUG testcase.py               254   start                     : Starting test function: class=<class 'autopts.ptsprojects.testcase.TestFunc'>, func=<function core_reg_svc_gap at 0x00000196AAA0A160> start_wid=None stop_wid=None post_wid=None skip_call=None call_count=1 args=() kwds={}
2026-10-09 19:10:12,795 LT1-thread root DEBUG testcase.py               266   start                     : Test function parameters: args=(), kwds={}
2026-10-09 19:10:12,795 LT1-thread root DEBUG btp.py                    117   core_reg_svc_univ         : core_reg_svc_univ: gap_reg (GAP)
2026-10-09 19:10:12,795 LT1-thread root DEBUG iutctl_common.py          161   send                      : 0 3 255 '1'
2026-10-09 19:10:12,795 LT1-thread root DEBUG iutctl_common.py          166   send                      : sending frame '0003ff010001'
2026-10-09 19:10:12,795 LT1-thread root DEBUG btp.py                    654   core_reg_svc_rsp_succ     : 
2026-10-09 19:10:12,795 LT1-thread root DEBUG iutctl_common.py          339   read                      : 
2026-10-09 19:10:16,895 BTPWorkerThread-87 (_rx_task) root DEBUG iutctl_common.py          123   read                      : Read 5 bytes
2026-10-09 19:10:16,906 BTPWorkerThread-87 (_rx_task) root DEBUG iutctl_common.py          131   read                      : Received: hdr: Header(svc_id=0x00, op=0x03, ctrl_index=0xff, data_len=0x00) bytearray(b'\x00\x03\xff\x00\x00')
2026-10-09 19:10:16,917 BTPWorkerThread-87 (_rx_task) root DEBUG iutctl_common.py          154   read                      : Received data: {''}, bytearray(b'')
2026-10-09 19:10:16,928 LT1-thread root DEBUG btp.py                    665   core_reg_svc_rsp_succ     : received Header(svc_id=0, op=3, ctrl_index=255, data_len=0) (b'',)
2026-10-09 19:10:16,928 LT1-thread root DEBUG btp.py                    666   core_reg_svc_rsp_succ     : expected ((0, 3, 255, 0), (b'',))
2026-10-09 19:10:16,928 LT1-thread root DEBUG btp.py                    671   core_reg_svc_rsp_succ     : response is valid
2026-10-09 19:10:16,928 LT1-thread root DEBUG btp.py                    674   core_reg_svc_rsp_succ     : Reading supported commands for service: GAP
2026-10-09 19:10:16,928 LT1-thread root DEBUG iutctl_common.py          161   send                      : 1 1 255 ''
2026-10-09 19:10:16,928 LT1-thread root DEBUG iutctl_common.py          166   send                      : sending frame '0101ff0000'
2026-10-09 19:10:16,928 LT1-thread root DEBUG iutctl_common.py          339   read                      : 
2026-10-09 19:10:16,962 BTPWorkerThread-87 (_rx_task) root DEBUG iutctl_common.py          123   read                      : Read 5 bytes
2026-10-09 19:10:16,962 BTPWorkerThread-87 (_rx_task) root DEBUG iutctl_common.py          131   read                      : Received: hdr: Header(svc_id=0x01, op=0x01, ctrl_index=0xff, data_len=0x07) bytearray(b'\x01\x01\xff\x07\x00')
2026-10-09 19:10:16,980 BTPWorkerThread-87 (_rx_task) root DEBUG iutctl_common.py          139   read                      : Read 7 bytes data
2026-10-09 19:10:16,992 BTPWorkerThread-87 (_rx_task) root DEBUG iutctl_common.py          154   read                      : Received data: {'6e ff 7f 1f fe ff 2e'}, bytearray(b'n\xff\x7f\x1f\xfe\xff.')
2026-10-09 19:10:17,009 LT1-thread root DEBUG testcase.py               254   start                     : Starting test function: class=<class 'autopts.ptsprojects.testcase.TestFunc'>, func=<bound method Stack.gap_init of <autopts.ptsprojects.stack.stack.Stack object at 0x00000196ABFF51C0>> start_wid=None stop_wid=None post_wid=None skip_call=None call_count=1 args=(b'Tester_08E44E',) kwds={}
2026-10-09 19:10:17,009 LT1-thread root DEBUG testcase.py               266   start                     : Test function parameters: args=(b'Tester_08E44E',), kwds={}
2026-10-09 19:10:17,009 LT1-thread root DEBUG testcase.py               254   start                     : Starting test function: class=<class 'autopts.ptsprojects.testcase.TestFunc'>, func=<function gap_read_controller_info at 0x00000196AAA6EB60> start_wid=None stop_wid=None post_wid=None skip_call=None call_count=1 args=() kwds={}
2026-10-09 19:10:17,009 LT1-thread root DEBUG testcase.py               266   start                     : Test function parameters: args=(), kwds={}
2026-10-09 19:10:17,009 LT1-thread root DEBUG gap.py                    1163  gap_read_controller_info  : 
2026-10-09 19:10:17,009 LT1-thread root DEBUG iutctl_common.py          161   send                      : 1 3 0 ''
2026-10-09 19:10:17,009 LT1-thread root DEBUG iutctl_common.py          166   send                      : sending frame '0103000000'
2026-10-09 19:10:17,009 LT1-thread root DEBUG iutctl_common.py          339   read                      : 
2026-10-09 19:10:17,036 BTPWorkerThread-87 (_rx_task) root DEBUG iutctl_common.py          123   read                      : Read 5 bytes
2026-10-09 19:10:17,036 BTPWorkerThread-87 (_rx_task) root DEBUG iutctl_common.py          131   read                      : Received: hdr: Header(svc_id=0x01, op=0x03, ctrl_index=0x00, data_len=0x115) bytearray(b'\x01\x03\x00\x15\x01')
2026-10-09 19:10:17,041 BTPWorkerThread-87 (_rx_task) root DEBUG iutctl_common.py          139   read                      : Read 104 bytes data
2026-10-09 19:10:17,047 BTPWorkerThread-87 (_rx_task) root DEBUG iutctl_common.py          139   read                      : Read 129 bytes data
2026-10-09 19:10:17,068 BTPWorkerThread-87 (_rx_task) root DEBUG iutctl_common.py          139   read                      : Read 44 bytes data
2026-10-09 19:10:17,079 BTPWorkerThread-87 (_rx_task) root DEBUG iutctl_common.py          154   read                      : Received data: {'19 78 ee 69 17 d0 d3 06 02 00 13 02 00 00 00 00 00 62 74 70 5f 74 65 73 74 65 72 00 00 00 00 00 00 00 00 00 00 00 00 00 00 00 00 00 00 00 00 00 00 00 00 00 00 00 00 00 00 00 00 00 00 00 00 00 00 00 00 00 00 00 00 00 00 00 00 00 00 00 00 00 00 00 00 00 00 00 00 00 00 00 00 00 00 00 00 00 00 00 00 00 00 00 00 00 00 00 00 00 00 00 00 00 00 00 00 00 00 00 00 00 00 00 00 00 00 00 00 00 00 00 00 00 00 00 00 00 00 00 00 00 00 00 00 00 00 00 00 00 00 00 00 00 00 00 00 00 00 00 00 00 00 00 00 00 00 00 00 00 00 00 00 00 00 00 00 00 00 00 00 00 00 00 00 00 00 00 00 00 00 00 00 00 00 00 00 00 00 00 00 00 00 00 00 00 00 00 00 00 00 00 00 00 00 00 00 00 00 00 00 00 00 00 00 00 00 00 00 00 00 00 00 00 00 00 00 00 00 00 00 00 00 00 00 00 00 00 00 00 00 00 00 00 00 00 00 00 00 00 00 00 00 00 00 00 00 00 00 00 00 00 00 00 00 00 00 00 00'}, bytearray(b'\x19x\xeei\x17\xd0\xd3\x06\x02\x00\x13\x02\x00\x00\x00\x00\x00btp_tester\x00\x00\x00\x00\x00\x00\x00\x00\x00\x00\x00\x00\x00\x00\x00\x00\x00\x00\x00\x00\x00\x00\x00\x00\x00\x00\x00\x00\x00\x00\x00\x00\x00\x00\x00\x00\x00\x00\x00\x00\x00\x00\x00\x00\x00\x00\x00\x00\x00\x00\x00\x00\x00\x00\x00\x00\x00\x00\x00\x00\x00\x00\x00\x00\x00\x00\x00\x00\x00\x00\x00\x00\x00\x00\x00\x00\x00\x00\x00\x00\x00\x00\x00\x00\x00\x00\x00\x00\x00\x00\x00\x00\x00\x00\x00\x00\x00\x00\x00\x00\x00\x00\x00\x00\x00\x00\x00\x00\x00\x00\x00\x00\x00\x00\x00\x00\x00\x00\x00\x00\x00\x00\x00\x00\x00\x00\x00\x00\x00\x00\x00\x00\x00\x00\x00\x00\x00\x00\x00\x00\x00\x00\x00\x00\x00\x00\x00\x00\x00\x00\x00\x00\x00\x00\x00\x00\x00\x00\x00\x00\x00\x00\x00\x00\x00\x00\x00\x00\x00\x00\x00\x00\x00\x00\x00\x00\x00\x00\x00\x00\x00\x00\x00\x00\x00\x00\x00\x00\x00\x00\x00\x00\x00\x00\x00\x00\x00\x00\x00\x00\x00\x00\x00\x00\x00\x00\x00\x00\x00\x00\x00\x00\x00\x00\x00\x00\x00\x00\x00\x00\x00\x00\x00\x00\x00\x00\x00\x00\x00\x00\x00\x00\x00\x00\x00\x00\x00\x00\x00\x00\x00\x00\x00\x00\x00\x00\x00\x00\x00\x00')
2026-10-09 19:10:17,095 LT1-thread root DEBUG gap.py                    1170  gap_read_controller_info  : received Header(svc_id=1, op=3, ctrl_index=0, data_len=277) (b'\x19x\xeei\x17\xd0\xd3\x06\x02\x00\x13\x02\x00\x00\x00\x00\x00btp_tester\x00\x00\x00\x00\x00\x00\x00\x00\x00\x00\x00\x00\x00\x00\x00\x00\x00\x00\x00\x00\x00\x00\x00\x00\x00\x00\x00\x00\x00\x00\x00\x00\x00\x00\x00\x00\x00\x00\x00\x00\x00\x00\x00\x00\x00\x00\x00\x00\x00\x00\x00\x00\x00\x00\x00\x00\x00\x00\x00\x00\x00\x00\x00\x00\x00\x00\x00\x00\x00\x00\x00\x00\x00\x00\x00\x00\x00\x00\x00\x00\x00\x00\x00\x00\x00\x00\x00\x00\x00\x00\x00\x00\x00\x00\x00\x00\x00\x00\x00\x00\x00\x00\x00\x00\x00\x00\x00\x00\x00\x00\x00\x00\x00\x00\x00\x00\x00\x00\x00\x00\x00\x00\x00\x00\x00\x00\x00\x00\x00\x00\x00\x00\x00\x00\x00\x00\x00\x00\x00\x00\x00\x00\x00\x00\x00\x00\x00\x00\x00\x00\x00\x00\x00\x00\x00\x00\x00\x00\x00\x00\x00\x00\x00\x00\x00\x00\x00\x00\x00\x00\x00\x00\x00\x00\x00\x00\x00\x00\x00\x00\x00\x00\x00\x00\x00\x00\x00\x00\x00\x00\x00\x00\x00\x00\x00\x00\x00\x00\x00\x00\x00\x00\x00\x00\x00\x00\x00\x00\x00\x00\x00\x00\x00\x00\x00\x00\x00\x00\x00\x00\x00\x00\x00\x00\x00\x00\x00\x00\x00\x00\x00\x00\x00\x00\x00\x00\x00\x00\x00\x00\x00\x00\x00\x00\x00\x00\x00\x00\x00\x00',)
2026-10-09 19:10:17,095 LT1-thread root DEBUG gap.py                    1191  gap_read_controller_info  : IUT address 'd01769ee7819' 'public'
2026-10-09 19:10:17,095 LT1-thread root DEBUG gap.py                    596   __gap_current_settings_update : 531
2026-10-09 19:10:17,095 LT1-thread root DEBUG testcase.py               254   start                     : Starting test function: class=<class 'autopts.ptsprojects.testcase.TestFunc'>, func=<function test_cases.<locals>.<lambda> at 0x00000196AD7527A0> start_wid=None stop_wid=None post_wid=None skip_call=None call_count=1 args=() kwds={}
2026-10-09 19:10:17,095 LT1-thread root DEBUG testcase.py               266   start                     : Test function parameters: args=(), kwds={}
2026-10-09 19:10:17,098 LT1-thread root DEBUG testcase.py               254   start                     : Starting test function: class=<class 'autopts.ptsprojects.testcase.TestFunc'>, func=<function set_pts_addr at 0x00000196AAA09D00> start_wid=None stop_wid=None post_wid=None skip_call=None call_count=1 args=('00:1B:DC:08:E4:4E', 0) kwds={}
2026-10-09 19:10:17,098 LT1-thread root DEBUG testcase.py               266   start                     : Test function parameters: args=('00:1B:DC:08:E4:4E', 0), kwds={}
2026-10-09 19:10:17,098 LT1-thread root DEBUG testcase.py               254   start                     : Starting test function: class=<class 'autopts.ptsprojects.testcase.TestFunc'>, func=<function core_reg_svc_avrcp at 0x00000196AAA0BB00> start_wid=None stop_wid=None post_wid=None skip_call=None call_count=1 args=() kwds={}
2026-10-09 19:10:17,098 LT1-thread root DEBUG testcase.py               266   start                     : Test function parameters: args=(), kwds={}
2026-10-09 19:10:17,098 LT1-thread root DEBUG btp.py                    117   core_reg_svc_univ         : core_reg_svc_univ: avrcp_reg (AVRCP)
2026-10-09 19:10:17,098 LT1-thread root DEBUG iutctl_common.py          161   send                      : 0 3 255 '37'
2026-10-09 19:10:17,098 LT1-thread root DEBUG iutctl_common.py          166   send                      : sending frame '0003ff010025'
2026-10-09 19:10:17,099 LT1-thread root DEBUG btp.py                    654   core_reg_svc_rsp_succ     : 
2026-10-09 19:10:17,099 LT1-thread root DEBUG iutctl_common.py          339   read                      : 
2026-10-09 19:10:17,142 BTPWorkerThread-87 (_rx_task) root DEBUG iutctl_common.py          123   read                      : Read 5 bytes
2026-10-09 19:10:17,153 BTPWorkerThread-87 (_rx_task) root DEBUG iutctl_common.py          131   read                      : Received: hdr: Header(svc_id=0x00, op=0x03, ctrl_index=0xff, data_len=0x00) bytearray(b'\x00\x03\xff\x00\x00')
2026-10-09 19:10:17,158 BTPWorkerThread-87 (_rx_task) root DEBUG iutctl_common.py          154   read                      : Received data: {''}, bytearray(b'')
2026-10-09 19:10:17,170 LT1-thread root DEBUG btp.py                    665   core_reg_svc_rsp_succ     : received Header(svc_id=0, op=3, ctrl_index=255, data_len=0) (b'',)
2026-10-09 19:10:17,170 LT1-thread root DEBUG btp.py                    666   core_reg_svc_rsp_succ     : expected ((0, 3, 255, 0), (b'',))
2026-10-09 19:10:17,170 LT1-thread root DEBUG btp.py                    671   core_reg_svc_rsp_succ     : response is valid
2026-10-09 19:10:17,170 LT1-thread root DEBUG btp.py                    674   core_reg_svc_rsp_succ     : Reading supported commands for service: AVRCP
2026-10-09 19:10:17,170 LT1-thread root DEBUG iutctl_common.py          161   send                      : 37 1 255 ''
2026-10-09 19:10:17,170 LT1-thread root DEBUG iutctl_common.py          166   send                      : sending frame '2501ff0000'
2026-10-09 19:10:17,170 LT1-thread root DEBUG iutctl_common.py          339   read                      : 
2026-10-09 19:10:17,202 BTPWorkerThread-87 (_rx_task) root DEBUG iutctl_common.py          123   read                      : Read 5 bytes
2026-10-09 19:10:17,214 BTPWorkerThread-87 (_rx_task) root DEBUG iutctl_common.py          131   read                      : Received: hdr: Header(svc_id=0x25, op=0x01, ctrl_index=0xff, data_len=0x05) bytearray(b'%\x01\xff\x05\x00')
2026-10-09 19:10:17,220 BTPWorkerThread-87 (_rx_task) root DEBUG iutctl_common.py          139   read                      : Read 5 bytes data
2026-10-09 19:10:17,225 BTPWorkerThread-87 (_rx_task) root DEBUG iutctl_common.py          154   read                      : Received data: {'fe ff ff ff 1f'}, bytearray(b'\xfe\xff\xff\xff\x1f')
2026-10-09 19:10:17,225 LT1-thread root DEBUG testcase.py               254   start                     : Starting test function: class=<class 'autopts.ptsprojects.testcase.TestFunc'>, func=<bound method Stack.avrcp_init of <autopts.ptsprojects.stack.stack.Stack object at 0x00000196ABFF51C0>> start_wid=None stop_wid=None post_wid=None skip_call=None call_count=1 args=() kwds={}
2026-10-09 19:10:17,225 LT1-thread root DEBUG testcase.py               266   start                     : Test function parameters: args=(), kwds={}
2026-10-09 19:10:17,227 LT1-thread root DEBUG client.py                 276   get_result                : ClientCallback.get_result run_test_case
2026-10-09 19:10:18,011 LT1-callback ClientCallback.on_implicit_send INFO client.py                 223   on_implicit_send          : 
    ********************
    BEGIN OnImplicitSend:
    project_name: AVRCP
    wid: 83
    test_case_name: IOPT/AVRCP/CT/CGSIT/SFC/BV-01-I
    description: Delete the link key with PTS on the Implementation Under Test (IUT), and then click OK to continue...

Description: For end product, this can be achieved by forgetting PTS from the IUT.
    style: MMI_Style_Ok_Cancel1 0x11041
2026-10-09 19:10:18,011 LT1-callback ClientCallback.on_implicit_send INFO client.py                 236   on_implicit_send          : Calling test cases on_implicit_send
2026-10-09 19:10:18,011 LT1-callback ClientCallback.on_implicit_send INFO client.py                 249   on_implicit_send          : 
    on_implicit_send returned response: WAIT
    END OnImplicitSend
    ********************
2026-10-09 19:10:18,228 LT1-thread root DEBUG testcase.py               679   run_wid                   : AVRCP IOPT/AVRCP/CT/CGSIT/SFC/BV-01-I on_implicit_send
2026-10-09 19:10:18,228 LT1-thread root DEBUG avrcp_wid.py              25    avrcp_wid_hdl             : avrcp_wid_hdl, 83, Delete the link key with PTS on the Implementation Under Test (IUT), and then click OK to continue...

Description: For end product, this can be achieved by forgetting PTS from the IUT., IOPT/AVRCP/CT/CGSIT/SFC/BV-01-I
2026-10-09 19:10:18,228 LT1-thread root DEBUG testcase.py               722   run_wid                   : Sending response 'OK' to wid 83 test case IOPT/AVRCP/CT/CGSIT/SFC/BV-01-I
2026-10-09 19:10:18,230 LT1-thread root DEBUG client.py                 276   get_result                : ClientCallback.get_result run_test_case
2026-10-09 19:10:18,235 LT1-callback ClientCallback.on_implicit_send INFO client.py                 223   on_implicit_send          : 
    ********************
    BEGIN OnImplicitSend:
    project_name: AVRCP
    wid: 82
    test_case_name: IOPT/AVRCP/CT/CGSIT/SFC/BV-01-I
    description: Is the IUT capable of establishing connection to an unpaired device?
    style: MMI_Style_Yes_No1 0x11044
2026-10-09 19:10:18,235 LT1-callback ClientCallback.on_implicit_send INFO client.py                 236   on_implicit_send          : Calling test cases on_implicit_send
2026-10-09 19:10:18,235 LT1-callback ClientCallback.on_implicit_send INFO client.py                 249   on_implicit_send          : 
    on_implicit_send returned response: WAIT
    END OnImplicitSend
    ********************
2026-10-09 19:10:19,230 LT1-thread root DEBUG testcase.py               679   run_wid                   : AVRCP IOPT/AVRCP/CT/CGSIT/SFC/BV-01-I on_implicit_send
2026-10-09 19:10:19,230 LT1-thread root DEBUG avrcp_wid.py              25    avrcp_wid_hdl             : avrcp_wid_hdl, 82, Is the IUT capable of establishing connection to an unpaired device?, IOPT/AVRCP/CT/CGSIT/SFC/BV-01-I
2026-10-09 19:10:19,230 LT1-thread root DEBUG testcase.py               722   run_wid                   : Sending response 'Yes' to wid 82 test case IOPT/AVRCP/CT/CGSIT/SFC/BV-01-I
2026-10-09 19:10:19,232 LT1-thread root DEBUG client.py                 276   get_result                : ClientCallback.get_result run_test_case
2026-10-09 19:10:20,448 LT1-callback ClientCallback.on_implicit_send INFO client.py                 223   on_implicit_send          : 
    ********************
    BEGIN OnImplicitSend:
    project_name: AVRCP
    wid: 85
    test_case_name: IOPT/AVRCP/CT/CGSIT/SFC/BV-01-I
    description: Using the Implementation Under Test(IUT), initiate ACL Create Connection Request to the PTS.

Description : The Implementation Under Test(IUT) should create ACL connection request to PTS.
    style: MMI_Style_Ok_Cancel2 0x11141
2026-10-09 19:10:20,448 LT1-callback ClientCallback.on_implicit_send INFO client.py                 236   on_implicit_send          : Calling test cases on_implicit_send
2026-10-09 19:10:20,448 LT1-callback ClientCallback.on_implicit_send INFO client.py                 249   on_implicit_send          : 
    on_implicit_send returned response: WAIT
    END OnImplicitSend
    ********************
2026-10-09 19:10:21,232 LT1-thread root DEBUG testcase.py               679   run_wid                   : AVRCP IOPT/AVRCP/CT/CGSIT/SFC/BV-01-I on_implicit_send
2026-10-09 19:10:21,232 LT1-thread root DEBUG avrcp_wid.py              25    avrcp_wid_hdl             : avrcp_wid_hdl, 85, Using the Implementation Under Test(IUT), initiate ACL Create Connection Request to the PTS.

Description : The Implementation Under Test(IUT) should create ACL connection request to PTS., IOPT/AVRCP/CT/CGSIT/SFC/BV-01-I
2026-10-09 19:10:21,232 LT1-thread root DEBUG gap.py                    762   gap_connect               : None 224
2026-10-09 19:10:21,232 LT1-thread root DEBUG iutctl_common.py          161   send                      : 1 14 0 "bytearray(b'\\xe0N\\xe4\\x08\\xdc\\x1b\\x00\\x00')"
2026-10-09 19:10:21,232 LT1-thread root DEBUG iutctl_common.py          166   send                      : sending frame '010e000800e04ee408dc1b0000'
2026-10-09 19:10:21,233 LT1-thread root DEBUG iutctl_common.py          339   read                      : 
2026-10-09 19:10:21,275 BTPWorkerThread-87 (_rx_task) root DEBUG iutctl_common.py          123   read                      : Read 5 bytes
2026-10-09 19:10:21,285 BTPWorkerThread-87 (_rx_task) root DEBUG iutctl_common.py          131   read                      : Received: hdr: Header(svc_id=0x01, op=0x0e, ctrl_index=0x00, data_len=0x00) bytearray(b'\x01\x0e\x00\x00\x00')
2026-10-09 19:10:21,291 BTPWorkerThread-87 (_rx_task) root DEBUG iutctl_common.py          154   read                      : Received data: {''}, bytearray(b'')
2026-10-09 19:10:21,757 BTPWorkerThread-87 (_rx_task) root DEBUG iutctl_common.py          123   read                      : Read 5 bytes
2026-10-09 19:10:21,757 BTPWorkerThread-87 (_rx_task) root DEBUG iutctl_common.py          131   read                      : Received: hdr: Header(svc_id=0x01, op=0x82, ctrl_index=0x00, data_len=0x0d) bytearray(b'\x01\x82\x00\r\x00')
2026-10-09 19:10:21,757 BTPWorkerThread-87 (_rx_task) root DEBUG iutctl_common.py          139   read                      : Read 13 bytes data
2026-10-09 19:10:21,758 BTPWorkerThread-87 (_rx_task) root DEBUG iutctl_common.py          154   read                      : Received data: {'e0 4e e4 08 dc 1b 00 00 00 00 00 00 00'}, bytearray(b'\xe0N\xe4\x08\xdc\x1b\x00\x00\x00\x00\x00\x00\x00')
2026-10-09 19:10:21,758 BTPWorkerThread-87 (_rx_task) root DEBUG btp.py                    736   event_handler             : Header(svc_id=1, op=130, ctrl_index=0, data_len=13) (b'\xe0N\xe4\x08\xdc\x1b\x00\x00\x00\x00\x00\x00\x00',)
2026-10-09 19:10:21,758 BTPWorkerThread-87 (_rx_task) root DEBUG gap.py                    215   gap_connected_ev_         : b'\xe0N\xe4\x08\xdc\x1b\x00\x00\x00\x00\x00\x00\x00'
2026-10-09 19:10:21,799 LT1-thread root DEBUG testcase.py               722   run_wid                   : Sending response 'OK' to wid 85 test case IOPT/AVRCP/CT/CGSIT/SFC/BV-01-I
2026-10-09 19:10:21,801 LT1-thread root DEBUG client.py                 276   get_result                : ClientCallback.get_result run_test_case
2026-10-09 19:10:21,931 LT1-callback ClientCallback.on_implicit_send INFO client.py                 223   on_implicit_send          : 
    ********************
    BEGIN OnImplicitSend:
    project_name: AVRCP
    wid: 2006
    test_case_name: IOPT/AVRCP/CT/CGSIT/SFC/BV-01-I
    description: Take action to initiate a control channel connection by sending a connection request to the PTS from the IUT.

Description: The Implementation Under Test (IUT) should initiate a connection setup by sending a connection request to PTS.
    style: MMI_Style_Ok_Cancel2 0x11141
2026-10-09 19:10:21,931 LT1-callback ClientCallback.on_implicit_send INFO client.py                 236   on_implicit_send          : Calling test cases on_implicit_send
2026-10-09 19:10:21,931 LT1-callback ClientCallback.on_implicit_send INFO client.py                 249   on_implicit_send          : 
    on_implicit_send returned response: WAIT
    END OnImplicitSend
    ********************
2026-10-09 19:10:22,802 LT1-thread root DEBUG testcase.py               679   run_wid                   : AVRCP IOPT/AVRCP/CT/CGSIT/SFC/BV-01-I on_implicit_send
2026-10-09 19:10:22,802 LT1-thread root DEBUG avrcp_wid.py              25    avrcp_wid_hdl             : avrcp_wid_hdl, 2006, Take action to initiate a control channel connection by sending a connection request to the PTS from the IUT.

Description: The Implementation Under Test (IUT) should initiate a connection setup by sending a connection request to PTS., IOPT/AVRCP/CT/CGSIT/SFC/BV-01-I
2026-10-09 19:10:22,802 LT1-thread root DEBUG avrcp.py                  369   avrcp_control_connect     : avrcp_control_connect None
2026-10-09 19:10:22,802 LT1-thread root DEBUG iutctl_common.py          161   send                      : 37 2 0 "bytearray(b'\\xe0N\\xe4\\x08\\xdc\\x1b\\x00')"
2026-10-09 19:10:22,802 LT1-thread root DEBUG iutctl_common.py          166   send                      : sending frame '2502000700e04ee408dc1b00'
2026-10-09 19:10:22,802 LT1-thread root DEBUG avrcp.py                  145   avrcp_command_rsp_succ    : avrcp_command_rsp_succ
2026-10-09 19:10:22,802 LT1-thread root DEBUG iutctl_common.py          339   read                      : 
2026-10-09 19:10:22,841 BTPWorkerThread-87 (_rx_task) root DEBUG iutctl_common.py          123   read                      : Read 5 bytes
2026-10-09 19:10:22,847 BTPWorkerThread-87 (_rx_task) root DEBUG iutctl_common.py          131   read                      : Received: hdr: Header(svc_id=0x25, op=0x02, ctrl_index=0x00, data_len=0x00) bytearray(b'%\x02\x00\x00\x00')
2026-10-09 19:10:22,852 BTPWorkerThread-87 (_rx_task) root DEBUG iutctl_common.py          154   read                      : Received data: {''}, bytearray(b'')
2026-10-09 19:10:22,852 LT1-thread root DEBUG avrcp.py                  150   avrcp_command_rsp_succ    : received Header(svc_id=37, op=2, ctrl_index=0, data_len=0) (b'',)
2026-10-09 19:10:24,605 BTPWorkerThread-87 (_rx_task) root DEBUG iutctl_common.py          123   read                      : Read 5 bytes
2026-10-09 19:10:24,605 BTPWorkerThread-87 (_rx_task) root DEBUG iutctl_common.py          131   read                      : Received: hdr: Header(svc_id=0x01, op=0x91, ctrl_index=0x00, data_len=0x09) bytearray(b'\x01\x91\x00\t\x00')
2026-10-09 19:10:24,605 BTPWorkerThread-87 (_rx_task) root DEBUG iutctl_common.py          139   read                      : Read 9 bytes data
2026-10-09 19:10:24,605 BTPWorkerThread-87 (_rx_task) root DEBUG iutctl_common.py          154   read                      : Received data: {'e0 4e e4 08 dc 1b 00 01 10'}, bytearray(b'\xe0N\xe4\x08\xdc\x1b\x00\x01\x10')
2026-10-09 19:10:24,605 BTPWorkerThread-87 (_rx_task) root DEBUG btp.py                    736   event_handler             : Header(svc_id=1, op=145, ctrl_index=0, data_len=9) (b'\xe0N\xe4\x08\xdc\x1b\x00\x01\x10',)
2026-10-09 19:10:24,606 BTPWorkerThread-87 (_rx_task) root DEBUG gap.py                    494   gap_encryption_change_ev_ : 
2026-10-09 19:10:24,606 BTPWorkerThread-87 (_rx_task) root DEBUG gap.py                    496   gap_encryption_change_ev_ : enc change received b'\xe0N\xe4\x08\xdc\x1b\x00\x01\x10'
2026-10-09 19:10:24,606 BTPWorkerThread-87 (_rx_task) root DEBUG gap.py                    505   gap_encryption_change_ev_ : received (224, '001bdc08e44e', 1, 16)
2026-10-09 19:10:24,606 BTPWorkerThread-87 (_rx_task) root DEBUG iutctl_common.py          123   read                      : Read 5 bytes
2026-10-09 19:10:24,606 BTPWorkerThread-87 (_rx_task) root DEBUG iutctl_common.py          131   read                      : Received: hdr: Header(svc_id=0x01, op=0x89, ctrl_index=0x00, data_len=0x08) bytearray(b'\x01\x89\x00\x08\x00')
2026-10-09 19:10:24,606 BTPWorkerThread-87 (_rx_task) root DEBUG iutctl_common.py          139   read                      : Read 8 bytes data
2026-10-09 19:10:24,606 BTPWorkerThread-87 (_rx_task) root DEBUG iutctl_common.py          154   read                      : Received data: {'e0 4e e4 08 dc 1b 00 02'}, bytearray(b'\xe0N\xe4\x08\xdc\x1b\x00\x02')
2026-10-09 19:10:24,606 BTPWorkerThread-87 (_rx_task) root DEBUG btp.py                    736   event_handler             : Header(svc_id=1, op=137, ctrl_index=0, data_len=8) (b'\xe0N\xe4\x08\xdc\x1b\x00\x02',)
2026-10-09 19:10:24,606 BTPWorkerThread-87 (_rx_task) root DEBUG gap.py                    300   gap_sec_level_changed_ev_ : 
2026-10-09 19:10:24,606 BTPWorkerThread-87 (_rx_task) root DEBUG gap.py                    302   gap_sec_level_changed_ev_ : received b'\xe0N\xe4\x08\xdc\x1b\x00\x02'
2026-10-09 19:10:24,606 BTPWorkerThread-87 (_rx_task) root DEBUG gap.py                    313   gap_sec_level_changed_ev_ : received (224, '001bdc08e44e', 2)
2026-10-09 19:10:24,627 BTPWorkerThread-87 (_rx_task) root DEBUG iutctl_common.py          123   read                      : Read 5 bytes
2026-10-09 19:10:24,627 BTPWorkerThread-87 (_rx_task) root DEBUG iutctl_common.py          131   read                      : Received: hdr: Header(svc_id=0x25, op=0x80, ctrl_index=0x00, data_len=0x07) bytearray(b'%\x80\x00\x07\x00')
2026-10-09 19:10:24,627 BTPWorkerThread-87 (_rx_task) root DEBUG iutctl_common.py          139   read                      : Read 7 bytes data
2026-10-09 19:10:24,628 BTPWorkerThread-87 (_rx_task) root DEBUG iutctl_common.py          154   read                      : Received data: {'e0 4e e4 08 dc 1b 00'}, bytearray(b'\xe0N\xe4\x08\xdc\x1b\x00')
2026-10-09 19:10:24,628 BTPWorkerThread-87 (_rx_task) root DEBUG btp.py                    736   event_handler             : Header(svc_id=37, op=128, ctrl_index=0, data_len=7) (b'\xe0N\xe4\x08\xdc\x1b\x00',)
2026-10-09 19:10:24,628 BTPWorkerThread-87 (_rx_task) root DEBUG avrcp.py                  994   avrcp_ev_control_connected : avrcp_ev_control_connected b'\xe0N\xe4\x08\xdc\x1b\x00'
2026-10-09 19:10:24,628 BTPWorkerThread-87 (_rx_task) root DEBUG iutctl_common.py          123   read                      : Read 5 bytes
2026-10-09 19:10:24,628 BTPWorkerThread-87 (_rx_task) root DEBUG iutctl_common.py          131   read                      : Received: hdr: Header(svc_id=0x25, op=0x80, ctrl_index=0x00, data_len=0x07) bytearray(b'%\x80\x00\x07\x00')
2026-10-09 19:10:24,628 BTPWorkerThread-87 (_rx_task) root DEBUG iutctl_common.py          139   read                      : Read 7 bytes data
2026-10-09 19:10:24,629 BTPWorkerThread-87 (_rx_task) root DEBUG iutctl_common.py          154   read                      : Received data: {'e0 4e e4 08 dc 1b 00'}, bytearray(b'\xe0N\xe4\x08\xdc\x1b\x00')
2026-10-09 19:10:24,629 BTPWorkerThread-87 (_rx_task) root DEBUG btp.py                    736   event_handler             : Header(svc_id=37, op=128, ctrl_index=0, data_len=7) (b'\xe0N\xe4\x08\xdc\x1b\x00',)
2026-10-09 19:10:24,629 BTPWorkerThread-87 (_rx_task) root DEBUG avrcp.py                  994   avrcp_ev_control_connected : avrcp_ev_control_connected b'\xe0N\xe4\x08\xdc\x1b\x00'
2026-10-09 19:10:24,660 LT1-thread root DEBUG testcase.py               722   run_wid                   : Sending response 'OK' to wid 2006 test case IOPT/AVRCP/CT/CGSIT/SFC/BV-01-I
2026-10-09 19:10:24,662 LT1-thread root DEBUG client.py                 276   get_result                : ClientCallback.get_result run_test_case
2026-10-09 19:10:28,633 BTPWorkerThread-87 (_rx_task) root DEBUG iutctl_common.py          123   read                      : Read 5 bytes
2026-10-09 19:10:28,633 BTPWorkerThread-87 (_rx_task) root DEBUG iutctl_common.py          131   read                      : Received: hdr: Header(svc_id=0x25, op=0x81, ctrl_index=0x00, data_len=0x07) bytearray(b'%\x81\x00\x07\x00')
2026-10-09 19:10:28,634 BTPWorkerThread-87 (_rx_task) root DEBUG iutctl_common.py          139   read                      : Read 7 bytes data
2026-10-09 19:10:28,634 BTPWorkerThread-87 (_rx_task) root DEBUG iutctl_common.py          154   read                      : Received data: {'e0 4e e4 08 dc 1b 00'}, bytearray(b'\xe0N\xe4\x08\xdc\x1b\x00')
2026-10-09 19:10:28,634 BTPWorkerThread-87 (_rx_task) root DEBUG btp.py                    736   event_handler             : Header(svc_id=37, op=129, ctrl_index=0, data_len=7) (b'\xe0N\xe4\x08\xdc\x1b\x00',)
2026-10-09 19:10:28,634 BTPWorkerThread-87 (_rx_task) root DEBUG avrcp.py                  1000  avrcp_ev_control_disconnected : avrcp_ev_control_disconnected b'\xe0N\xe4\x08\xdc\x1b\x00'
2026-10-09 19:10:28,634 BTPWorkerThread-87 (_rx_task) root DEBUG iutctl_common.py          123   read                      : Read 5 bytes
2026-10-09 19:10:28,634 BTPWorkerThread-87 (_rx_task) root DEBUG iutctl_common.py          131   read                      : Received: hdr: Header(svc_id=0x25, op=0x81, ctrl_index=0x00, data_len=0x07) bytearray(b'%\x81\x00\x07\x00')
2026-10-09 19:10:28,634 BTPWorkerThread-87 (_rx_task) root DEBUG iutctl_common.py          139   read                      : Read 7 bytes data
2026-10-09 19:10:28,635 BTPWorkerThread-87 (_rx_task) root DEBUG iutctl_common.py          154   read                      : Received data: {'e0 12 d8 1b 60 a1 76'}, bytearray(b'\xe0\x12\xd8\x1b`\xa1v')
2026-10-09 19:10:28,635 BTPWorkerThread-87 (_rx_task) root DEBUG btp.py                    736   event_handler             : Header(svc_id=37, op=129, ctrl_index=0, data_len=7) (b'\xe0\x12\xd8\x1b`\xa1v',)
2026-10-09 19:10:28,635 BTPWorkerThread-87 (_rx_task) root DEBUG avrcp.py                  1000  avrcp_ev_control_disconnected : avrcp_ev_control_disconnected b'\xe0\x12\xd8\x1b`\xa1v'
2026-10-09 19:10:28,635 BTPWorkerThread-87 (_rx_task) root ERROR avrcp.py                  84    remove_connection         : unknown AVRCP connection
2026-10-09 19:10:31,412 LT1-callback ClientCallback.log INFO client.py                 200   log                       : PTS_LOGTYPE_START_TEST Start Test Case 

+1375 ms
 IOPT/AVRCP/CT/CGSIT/SFC/BV-01-I IOPT/AVRCP/CT/CGSIT/SFC/BV-01-I

2026-10-09 19:10:31,762 LT1-callback ClientCallback.log INFO client.py                 200   log                       : PTS_LOGTYPE_FINAL_VERDICT Final Verdict 

+13531 ms
 IOPT/AVRCP/CT/CGSIT/SFC/BV-01-I PASS

2026-10-09 19:10:31,766 LT1-callback ClientCallback.log INFO client.py                 200   log                       : PTS_LOGTYPE_FINAL_VERDICT Encrypted Verdict 

+13531 ms
 IOPT/AVRCP/CT/CGSIT/SFC/BV-01-I A1#ZWY4MzQ5MDg3MmQwNTIxOGQzMzQ5YjY2ODA5M2MzNjQ5ZDY4NmY0Yjc2MzIzM2VkNTUyNTFhNGU4Mjg1MjI0NA==#ZZs3SSJ0XDlukDlEzGQO4ZBtPxAaPqEpDaJ4WKvm8lRbiSwQ9wayTDHWKwCR7W/PinwxkDBvrYI=

2026-10-09 19:10:31,770 LT1-callback ClientCallback.log INFO client.py                 200   log                       : PTS_LOGTYPE_END_TEST Test Case Ended 

+13531 ms
 IOPT/AVRCP/CT/CGSIT/SFC/BV-01-I IOPT/AVRCP/CT/CGSIT/SFC/BV-01-I

2026-10-09 19:10:31,863 LT1-callback root DEBUG client.py                 261   set_result                : ClientCallback, set_result, run_test_case, PASS
2026-10-09 19:10:31,863 LT1-thread root DEBUG client.py                 1186  _run_test_case            : After run_test_case error_code=0 status='PASS'
2026-10-09 19:10:31,864 LT1-thread root DEBUG testcase.py               766   post_run                  : post_run AVRCP IOPT/AVRCP/CT/CGSIT/SFC/BV-01-I 0
2026-10-09 19:10:31,864 LT1-thread root DEBUG testcase.py               254   start                     : Starting test function: class=<class 'autopts.ptsprojects.testcase.TestFuncCleanUp'>, func=<bound method ZTestCase._test_case_cleanup of <autopts.ptsprojects.zephyr.ztestcase.ZTestCase object at 0x00000196AD782A50>> start_wid=None stop_wid=None post_wid=None skip_call=None call_count=1 args=() kwds={}
2026-10-09 19:10:31,864 LT1-thread root DEBUG testcase.py               266   start                     : Test function parameters: args=(), kwds={}
2026-10-09 19:10:31,864 LT1-thread root DEBUG iutctl.py                 415   stop                      : <class 'autopts.ptsprojects.zephyr.iutctl.create_zephyr_ctl_class.<locals>.ZephyrCtl'>.stop
2026-10-09 19:10:31,864 LT1-thread root DEBUG __init__.py               51    reset                     : About to reset DUT: JLink -CommandFile reset.jlink -usb 1063214216 -device MIMXRT1176XXXA_M7
2026-10-09 19:10:32,161 BTPWorkerThread-87 (_rx_task) root DEBUG iutctl_common.py          123   read                      : Read 5 bytes
2026-10-09 19:10:32,161 BTPWorkerThread-87 (_rx_task) root DEBUG iutctl_common.py          131   read                      : Received: hdr: Header(svc_id=0x00, op=0x80, ctrl_index=0xff, data_len=0x00) bytearray(b'\x00\x80\xff\x00\x00')
2026-10-09 19:10:32,162 BTPWorkerThread-87 (_rx_task) root DEBUG iutctl_common.py          154   read                      : Received data: {''}, bytearray(b'')
2026-10-09 19:10:32,162 BTPWorkerThread-87 (_rx_task) root DEBUG btp.py                    736   event_handler             : Header(svc_id=0, op=128, ctrl_index=255, data_len=0) (b'',)
2026-10-09 19:10:32,162 BTPWorkerThread-87 (_rx_task) root DEBUG core.py                   23    core_iut_ready_ev         : 
2026-10-09 19:10:32,225 LT1-thread root DEBUG iutctl.py                 436   _stop_tty_mode            : IUT ready event received OK
2026-10-09 19:10:32,225 LT1-thread root DEBUG iutctl_common.py          416   close                     : Waiting for _rx_worker to finish ...
2026-10-09 19:10:33,162 BTPWorkerThread-87 (_rx_task) root DEBUG iutctl_common.py          332   _rx_task                  : BTPWorkerThread-87 (_rx_task) finishing...
2026-10-09 19:10:36,168 LT1-thread root DEBUG testcase.py               794   post_run                  : post_run, cleanup running post test case script
2026-10-09 19:10:36,169 LT1-thread root DEBUG testcase.py               802   post_run                  : post_run, run post test case script
2026-10-09 19:10:36,243 LT1-thread root DEBUG client.py                 1220  _run_test_case            : Done TestCase _run_test_case AVRCP IOPT/AVRCP/CT/CGSIT/SFC/BV-01-I
