2026-09-16 20:06:44,520 LT1-thread root DEBUG client.py                 1099  _run_test_case            : Starting TestCase _run_test_case GAP GAP/SEC/SEM/BV-49-C
2026-09-16 20:06:44,520 LT1-thread root DEBUG testcase.py               727   pre_run                   : pre_run GAP GAP/SEC/SEM/BV-49-C
2026-09-16 20:06:44,520 LT1-thread root DEBUG testcase.py               729   pre_run                   : About to run test case GAP GAP/SEC/SEM/BV-49-C with commands:
2026-09-16 20:06:44,520 LT1-thread root DEBUG testcase.py               731   pre_run                   : 0) class=<class 'autopts.ptsprojects.testcase.TestFunc'>, func=<bound method ZTestCase._test_case_start of <autopts.ptsprojects.zephyr.ztestcase.ZTestCase object at 0x000002A769E6B9B0>> start_wid=None stop_wid=None post_wid=None skip_call=None call_count=0 args=() kwds={}
2026-09-16 20:06:44,521 LT1-thread root DEBUG testcase.py               731   pre_run                   : 1) class=<class 'autopts.ptsprojects.testcase.TestFunc'>, func=<function core_reg_svc_gap at 0x000002A7673C8720> start_wid=None stop_wid=None post_wid=None skip_call=None call_count=73 args=() kwds={}
2026-09-16 20:06:44,521 LT1-thread root DEBUG testcase.py               731   pre_run                   : 2) class=<class 'autopts.ptsprojects.testcase.TestFunc'>, func=<bound method Stack.gap_init of <autopts.ptsprojects.stack.stack.Stack object at 0x000002A768AF7AD0>> start_wid=None stop_wid=None post_wid=None skip_call=None call_count=73 args=(b'Tester_08E44E', 'ABCD', '1111', '1111', '11', '1111', b'\x17github.com/auto-pts', (8, 'PADV_Tester'), 'FF') kwds={}
2026-09-16 20:06:44,521 LT1-thread root DEBUG testcase.py               731   pre_run                   : 3) class=<class 'autopts.ptsprojects.testcase.TestFunc'>, func=<function gap_read_controller_info at 0x000002A7673E7560> start_wid=None stop_wid=None post_wid=None skip_call=None call_count=73 args=() kwds={}
2026-09-16 20:06:44,521 LT1-thread root DEBUG testcase.py               731   pre_run                   : 4) class=<class 'autopts.ptsprojects.testcase.TestFunc'>, func=<function test_cases.<locals>.<lambda> at 0x000002A769E5D6C0> start_wid=None stop_wid=None post_wid=None skip_call=None call_count=73 args=() kwds={}
2026-09-16 20:06:44,521 LT1-thread root DEBUG testcase.py               731   pre_run                   : 5) class=<class 'autopts.ptsprojects.testcase.TestFunc'>, func=<function test_cases.<locals>.<lambda> at 0x000002A769E5D760> start_wid=None stop_wid=None post_wid=None skip_call=None call_count=73 args=() kwds={}
2026-09-16 20:06:44,521 LT1-thread root DEBUG testcase.py               731   pre_run                   : 6) class=<class 'autopts.ptsprojects.testcase.TestFunc'>, func=<function test_cases.<locals>.<lambda> at 0x000002A769E5D800> start_wid=None stop_wid=None post_wid=None skip_call=None call_count=73 args=() kwds={}
2026-09-16 20:06:44,522 LT1-thread root DEBUG testcase.py               731   pre_run                   : 7) class=<class 'autopts.ptsprojects.testcase.TestFunc'>, func=<function test_cases.<locals>.<lambda> at 0x000002A769E5D8A0> start_wid=None stop_wid=None post_wid=None skip_call=None call_count=73 args=() kwds={}
2026-09-16 20:06:44,522 LT1-thread root DEBUG testcase.py               731   pre_run                   : 8) class=<class 'autopts.ptsprojects.testcase.TestFunc'>, func=<function test_cases.<locals>.<lambda> at 0x000002A769E5D940> start_wid=None stop_wid=None post_wid=None skip_call=None call_count=73 args=() kwds={}
2026-09-16 20:06:44,522 LT1-thread root DEBUG testcase.py               731   pre_run                   : 9) class=<class 'autopts.ptsprojects.testcase.TestFunc'>, func=<function test_cases.<locals>.<lambda> at 0x000002A769E5D9E0> start_wid=None stop_wid=None post_wid=None skip_call=None call_count=73 args=() kwds={}
2026-09-16 20:06:44,522 LT1-thread root DEBUG testcase.py               731   pre_run                   : 10) class=<class 'autopts.ptsprojects.testcase.TestFunc'>, func=<function test_cases.<locals>.<lambda> at 0x000002A769E5DA80> start_wid=None stop_wid=None post_wid=None skip_call=None call_count=73 args=() kwds={}
2026-09-16 20:06:44,522 LT1-thread root DEBUG testcase.py               731   pre_run                   : 11) class=<class 'autopts.ptsprojects.testcase.TestFunc'>, func=<function test_cases.<locals>.<lambda> at 0x000002A769E5DB20> start_wid=None stop_wid=None post_wid=None skip_call=None call_count=73 args=() kwds={}
2026-09-16 20:06:44,522 LT1-thread root DEBUG testcase.py               731   pre_run                   : 12) class=<class 'autopts.ptsprojects.testcase.TestFunc'>, func=<function test_cases.<locals>.<lambda> at 0x000002A769E5DBC0> start_wid=None stop_wid=None post_wid=None skip_call=None call_count=73 args=() kwds={}
2026-09-16 20:06:44,522 LT1-thread root DEBUG testcase.py               731   pre_run                   : 13) class=<class 'autopts.ptsprojects.testcase.TestFunc'>, func=<function test_cases.<locals>.<lambda> at 0x000002A769E5DC60> start_wid=None stop_wid=None post_wid=None skip_call=None call_count=73 args=() kwds={}
2026-09-16 20:06:44,522 LT1-thread root DEBUG testcase.py               731   pre_run                   : 14) class=<class 'autopts.ptsprojects.testcase.TestFunc'>, func=<function core_reg_svc_gatt at 0x000002A7673C8860> start_wid=None stop_wid=None post_wid=None skip_call=None call_count=73 args=() kwds={}
2026-09-16 20:06:44,522 LT1-thread root DEBUG testcase.py               731   pre_run                   : 15) class=<class 'autopts.ptsprojects.testcase.TestFunc'>, func=<bound method Stack.gatt_init of <autopts.ptsprojects.stack.stack.Stack object at 0x000002A768AF7AD0>> start_wid=None stop_wid=None post_wid=None skip_call=None call_count=73 args=() kwds={}
2026-09-16 20:06:44,522 LT1-thread root DEBUG testcase.py               731   pre_run                   : 16) class=<class 'autopts.ptsprojects.testcase.TestFunc'>, func=<function gap_set_io_capability at 0x000002A7673E6A20> start_wid=None stop_wid=None post_wid=None skip_call=None call_count=73 args=(4,) kwds={}
2026-09-16 20:06:44,522 LT1-thread root DEBUG testcase.py               731   pre_run                   : 17) class=<class 'autopts.ptsprojects.testcase.TestFunc'>, func=<function gap_set_broadcast_code at 0x000002A767408C20> start_wid=None stop_wid=None post_wid=None skip_call=None call_count=73 args=('0102680553F1415AA265BBAFC6EA03B8',) kwds={}
2026-09-16 20:06:44,522 LT1-thread root DEBUG testcase.py               731   pre_run                   : 18) class=<class 'autopts.ptsprojects.testcase.TestFunc'>, func=<function set_pts_addr at 0x000002A7673C82C0> start_wid=None stop_wid=None post_wid=None skip_call=None call_count=73 args=('00:1B:DC:08:E4:4E', 0) kwds={}
2026-09-16 20:06:44,522 LT1-thread root DEBUG testcase.py               731   pre_run                   : 19) class=<class 'autopts.ptsprojects.testcase.TestFunc'>, func=<function test_cases.<locals>.<lambda> at 0x000002A769E5DD00> start_wid=None stop_wid=None post_wid=None skip_call=None call_count=21 args=() kwds={}
2026-09-16 20:06:44,522 LT1-thread root DEBUG testcase.py               731   pre_run                   : 20) class=<class 'autopts.ptsprojects.testcase.TestFunc'>, func=<function test_cases.<locals>.<lambda> at 0x000002A769E5DDA0> start_wid=None stop_wid=None post_wid=None skip_call=None call_count=21 args=() kwds={}
2026-09-16 20:06:44,522 LT1-thread root DEBUG testcase.py               731   pre_run                   : 21) class=<class 'autopts.ptsprojects.testcase.TestFunc'>, func=<function test_cases.<locals>.<lambda> at 0x000002A769E5DE40> start_wid=None stop_wid=None post_wid=None skip_call=None call_count=21 args=() kwds={}
2026-09-16 20:06:44,523 LT1-thread root DEBUG testcase.py               731   pre_run                   : 22) class=<class 'autopts.ptsprojects.testcase.TestFunc'>, func=<function test_cases.<locals>.<lambda> at 0x000002A769E5DEE0> start_wid=None stop_wid=None post_wid=None skip_call=None call_count=21 args=() kwds={}
2026-09-16 20:06:44,523 LT1-thread root DEBUG testcase.py               731   pre_run                   : 23) class=<class 'autopts.ptsprojects.testcase.TestFunc'>, func=<function test_cases.<locals>.<lambda> at 0x000002A769E5DF80> start_wid=None stop_wid=None post_wid=None skip_call=None call_count=21 args=() kwds={}
2026-09-16 20:06:44,523 LT1-thread root DEBUG testcase.py               731   pre_run                   : 24) class=<class 'autopts.ptsprojects.testcase.TestFunc'>, func=<function test_cases.<locals>.<lambda> at 0x000002A769E5E020> start_wid=None stop_wid=None post_wid=None skip_call=None call_count=21 args=() kwds={}
2026-09-16 20:06:44,523 LT1-thread root DEBUG testcase.py               731   pre_run                   : 25) class=<class 'autopts.ptsprojects.testcase.TestFunc'>, func=<function test_cases.<locals>.<lambda> at 0x000002A769E5E0C0> start_wid=None stop_wid=None post_wid=None skip_call=None call_count=21 args=() kwds={}
2026-09-16 20:06:44,523 LT1-thread root DEBUG testcase.py               731   pre_run                   : 26) class=<class 'autopts.ptsprojects.testcase.TestFunc'>, func=<function gap_set_io_capability at 0x000002A7673E6A20> start_wid=None stop_wid=None post_wid=None skip_call=None call_count=21 args=(3,) kwds={}
2026-09-16 20:06:44,523 LT1-thread root DEBUG testcase.py               731   pre_run                   : 27) class=<class 'autopts.ptsprojects.testcase.TestFunc'>, func=<function core_reg_svc_l2cap at 0x000002A7673C89A0> start_wid=None stop_wid=None post_wid=None skip_call=None call_count=20 args=() kwds={}
2026-09-16 20:06:44,523 LT1-thread root DEBUG testcase.py               731   pre_run                   : 28) class=<class 'autopts.ptsprojects.testcase.TestFunc'>, func=<bound method Stack.l2cap_init of <autopts.ptsprojects.stack.stack.Stack object at 0x000002A768AF7AD0>> start_wid=None stop_wid=None post_wid=None skip_call=None call_count=20 args=(4097, 120) kwds={}
2026-09-16 20:06:44,523 LT1-thread root DEBUG testcase.py               731   pre_run                   : 29) class=<class 'autopts.ptsprojects.testcase.TestFunc'>, func=<function l2cap_br_listen at 0x000002A767440A40> start_wid=None stop_wid=None post_wid=None skip_call=None call_count=1 args=(4097, 120, 5) kwds={}
2026-09-16 20:06:44,523 LT1-thread root DEBUG testcase.py               731   pre_run                   : 30) class=<class 'autopts.ptsprojects.testcase.TestFunc'>, func=<function gap_set_io_capability at 0x000002A7673E6A20> start_wid=None stop_wid=None post_wid=None skip_call=None call_count=0 args=(1,) kwds={}
2026-09-16 20:06:44,523 LT1-thread root DEBUG testcase.py               731   pre_run                   : 31) class=<class 'autopts.ptsprojects.testcase.TestFuncCleanUp'>, func=<bound method ZTestCase._test_case_cleanup of <autopts.ptsprojects.zephyr.ztestcase.ZTestCase object at 0x000002A769E6B9B0>> start_wid=None stop_wid=None post_wid=None skip_call=None call_count=0 args=() kwds={}
2026-09-16 20:06:44,523 LT1-thread root DEBUG testcase.py               738   pre_run                   : pre_run, run pre test case script
2026-09-16 20:06:44,531 LT1-thread root DEBUG testcase.py               254   start                     : Starting test function: class=<class 'autopts.ptsprojects.testcase.TestFunc'>, func=<bound method ZTestCase._test_case_start of <autopts.ptsprojects.zephyr.ztestcase.ZTestCase object at 0x000002A769E6B9B0>> start_wid=None stop_wid=None post_wid=None skip_call=None call_count=1 args=() kwds={}
2026-09-16 20:06:44,531 LT1-thread root DEBUG testcase.py               266   start                     : Test function parameters: args=(), kwds={}
2026-09-16 20:06:44,531 LT1-thread root DEBUG iutctl.py                 172   start                     : <class 'autopts.ptsprojects.zephyr.iutctl.create_zephyr_ctl_class.<locals>.ZephyrCtl'>.start
2026-09-16 20:06:44,531 LT1-thread root DEBUG iutctl.py                 325   flush_serial              : <class 'autopts.ptsprojects.zephyr.iutctl.create_zephyr_ctl_class.<locals>.ZephyrCtl'>.flush_serial
2026-09-16 20:06:45,715 LT1-thread root DEBUG iutctl.py                 249   _start_tty_mode           : Starting socat process: socat.exe -x -v tcp:10.17.12.9:60623,retry=100,interval=1 /dev/ttyS2,raw,b115200,
2026-09-16 20:06:45,722 LT1-thread root DEBUG iutctl_common.py          402   accept                    : 
2026-09-16 20:06:45,794 BTPWorkerThread-1601 (_rx_task) root DEBUG iutctl_common.py          299   _rx_task                  : BTPWorkerThread-1601 (_rx_task) started
2026-09-16 20:06:45,795 LT1-thread root DEBUG iutctl.py                 395   wait_iut_ready_event      : IUT ready event received OK
2026-09-16 20:06:45,795 LT1-thread root DEBUG btp.py                    51    read_supp_svcs            : 
2026-09-16 20:06:45,795 LT1-thread root DEBUG iutctl_common.py          161   send                      : 0 2 255 ''
2026-09-16 20:06:45,795 LT1-thread root DEBUG iutctl_common.py          166   send                      : sending frame '0002ff0000'
2026-09-16 20:06:45,795 LT1-thread root DEBUG iutctl_common.py          339   read                      : 
2026-09-16 20:06:45,811 BTPWorkerThread-1601 (_rx_task) root DEBUG iutctl_common.py          123   read                      : Read 5 bytes
2026-09-16 20:06:45,821 BTPWorkerThread-1601 (_rx_task) root DEBUG iutctl_common.py          131   read                      : Received: hdr: Header(svc_id=0x00, op=0x02, ctrl_index=0xff, data_len=0x05) bytearray(b'\x00\x02\xff\x05\x00')
2026-09-16 20:06:45,821 BTPWorkerThread-1601 (_rx_task) root DEBUG iutctl_common.py          139   read                      : Read 5 bytes data
2026-09-16 20:06:45,827 BTPWorkerThread-1601 (_rx_task) root DEBUG iutctl_common.py          154   read                      : Received data: {'0f 00 00 a0 01'}, bytearray(b'\x0f\x00\x00\xa0\x01')
2026-09-16 20:06:45,837 LT1-thread root DEBUG btp.py                    62    read_supp_svcs            : received Header(svc_id=0, op=2, ctrl_index=255, data_len=5) (b'\x0f\x00\x00\xa0\x01',)
2026-09-16 20:06:45,837 LT1-thread root DEBUG testcase.py               254   start                     : Starting test function: class=<class 'autopts.ptsprojects.testcase.TestFunc'>, func=<function core_reg_svc_gap at 0x000002A7673C8720> start_wid=None stop_wid=None post_wid=None skip_call=None call_count=74 args=() kwds={}
2026-09-16 20:06:45,837 LT1-thread root DEBUG testcase.py               266   start                     : Test function parameters: args=(), kwds={}
2026-09-16 20:06:45,837 LT1-thread root DEBUG btp.py                    117   core_reg_svc_univ         : core_reg_svc_univ: gap_reg (GAP)
2026-09-16 20:06:45,837 LT1-thread root DEBUG iutctl_common.py          161   send                      : 0 3 255 '1'
2026-09-16 20:06:45,837 LT1-thread root DEBUG iutctl_common.py          166   send                      : sending frame '0003ff010001'
2026-09-16 20:06:45,838 LT1-thread root DEBUG btp.py                    618   core_reg_svc_rsp_succ     : 
2026-09-16 20:06:45,838 LT1-thread root DEBUG iutctl_common.py          339   read                      : 
2026-09-16 20:06:49,986 BTPWorkerThread-1601 (_rx_task) root DEBUG iutctl_common.py          123   read                      : Read 5 bytes
2026-09-16 20:06:49,997 BTPWorkerThread-1601 (_rx_task) root DEBUG iutctl_common.py          131   read                      : Received: hdr: Header(svc_id=0x00, op=0x03, ctrl_index=0xff, data_len=0x00) bytearray(b'\x00\x03\xff\x00\x00')
2026-09-16 20:06:50,002 BTPWorkerThread-1601 (_rx_task) root DEBUG iutctl_common.py          154   read                      : Received data: {''}, bytearray(b'')
2026-09-16 20:06:50,008 LT1-thread root DEBUG btp.py                    629   core_reg_svc_rsp_succ     : received Header(svc_id=0, op=3, ctrl_index=255, data_len=0) (b'',)
2026-09-16 20:06:50,008 LT1-thread root DEBUG btp.py                    630   core_reg_svc_rsp_succ     : expected ((0, 3, 255, 0), (b'',))
2026-09-16 20:06:50,008 LT1-thread root DEBUG btp.py                    635   core_reg_svc_rsp_succ     : response is valid
2026-09-16 20:06:50,008 LT1-thread root DEBUG btp.py                    638   core_reg_svc_rsp_succ     : Reading supported commands for service: GAP
2026-09-16 20:06:50,008 LT1-thread root DEBUG iutctl_common.py          161   send                      : 1 1 255 ''
2026-09-16 20:06:50,008 LT1-thread root DEBUG iutctl_common.py          166   send                      : sending frame '0101ff0000'
2026-09-16 20:06:50,008 LT1-thread root DEBUG iutctl_common.py          339   read                      : 
2026-09-16 20:06:50,046 BTPWorkerThread-1601 (_rx_task) root DEBUG iutctl_common.py          123   read                      : Read 5 bytes
2026-09-16 20:06:50,057 BTPWorkerThread-1601 (_rx_task) root DEBUG iutctl_common.py          131   read                      : Received: hdr: Header(svc_id=0x01, op=0x01, ctrl_index=0xff, data_len=0x07) bytearray(b'\x01\x01\xff\x07\x00')
2026-09-16 20:06:50,080 BTPWorkerThread-1601 (_rx_task) root DEBUG iutctl_common.py          139   read                      : Read 7 bytes data
2026-09-16 20:06:50,091 BTPWorkerThread-1601 (_rx_task) root DEBUG iutctl_common.py          154   read                      : Received data: {'6e ff 7f 1f fe ff 0e'}, bytearray(b'n\xff\x7f\x1f\xfe\xff\x0e')
2026-09-16 20:06:50,107 LT1-thread root DEBUG testcase.py               254   start                     : Starting test function: class=<class 'autopts.ptsprojects.testcase.TestFunc'>, func=<bound method Stack.gap_init of <autopts.ptsprojects.stack.stack.Stack object at 0x000002A768AF7AD0>> start_wid=None stop_wid=None post_wid=None skip_call=None call_count=74 args=(b'Tester_08E44E', 'ABCD', '1111', '1111', '11', '1111', b'\x17github.com/auto-pts', (8, 'PADV_Tester'), 'FF') kwds={}
2026-09-16 20:06:50,107 LT1-thread root DEBUG testcase.py               266   start                     : Test function parameters: args=(b'Tester_08E44E', 'ABCD', '1111', '1111', '11', '1111', b'\x17github.com/auto-pts', (8, 'PADV_Tester'), 'FF'), kwds={}
2026-09-16 20:06:50,107 LT1-thread root DEBUG testcase.py               254   start                     : Starting test function: class=<class 'autopts.ptsprojects.testcase.TestFunc'>, func=<function gap_read_controller_info at 0x000002A7673E7560> start_wid=None stop_wid=None post_wid=None skip_call=None call_count=74 args=() kwds={}
2026-09-16 20:06:50,107 LT1-thread root DEBUG testcase.py               266   start                     : Test function parameters: args=(), kwds={}
2026-09-16 20:06:50,107 LT1-thread root DEBUG gap.py                    1161  gap_read_controller_info  : 
2026-09-16 20:06:50,107 LT1-thread root DEBUG iutctl_common.py          161   send                      : 1 3 0 ''
2026-09-16 20:06:50,107 LT1-thread root DEBUG iutctl_common.py          166   send                      : sending frame '0103000000'
2026-09-16 20:06:50,108 LT1-thread root DEBUG iutctl_common.py          339   read                      : 
2026-09-16 20:06:50,151 BTPWorkerThread-1601 (_rx_task) root DEBUG iutctl_common.py          123   read                      : Read 5 bytes
2026-09-16 20:06:50,157 BTPWorkerThread-1601 (_rx_task) root DEBUG iutctl_common.py          131   read                      : Received: hdr: Header(svc_id=0x01, op=0x03, ctrl_index=0x00, data_len=0x115) bytearray(b'\x01\x03\x00\x15\x01')
2026-09-16 20:06:50,168 BTPWorkerThread-1601 (_rx_task) root DEBUG iutctl_common.py          139   read                      : Read 277 bytes data
2026-09-16 20:06:50,173 BTPWorkerThread-1601 (_rx_task) root DEBUG iutctl_common.py          154   read                      : Received data: {'19 78 ee 69 17 d0 d3 06 02 00 13 02 00 00 00 00 00 62 74 70 5f 74 65 73 74 65 72 00 00 00 00 00 00 00 00 00 00 00 00 00 00 00 00 00 00 00 00 00 00 00 00 00 00 00 00 00 00 00 00 00 00 00 00 00 00 00 00 00 00 00 00 00 00 00 00 00 00 00 00 00 00 00 00 00 00 00 00 00 00 00 00 00 00 00 00 00 00 00 00 00 00 00 00 00 00 00 00 00 00 00 00 00 00 00 00 00 00 00 00 00 00 00 00 00 00 00 00 00 00 00 00 00 00 00 00 00 00 00 00 00 00 00 00 00 00 00 00 00 00 00 00 00 00 00 00 00 00 00 00 00 00 00 00 00 00 00 00 00 00 00 00 00 00 00 00 00 00 00 00 00 00 00 00 00 00 00 00 00 00 00 00 00 00 00 00 00 00 00 00 00 00 00 00 00 00 00 00 00 00 00 00 00 00 00 00 00 00 00 00 00 00 00 00 00 00 00 00 00 00 00 00 00 00 00 00 00 00 00 00 00 00 00 00 00 00 00 00 00 00 00 00 00 00 00 00 00 00 00 00 00 00 00 00 00 00 00 00 00 00 00 00 00 00 00 00 00 00'}, bytearray(b'\x19x\xeei\x17\xd0\xd3\x06\x02\x00\x13\x02\x00\x00\x00\x00\x00btp_tester\x00\x00\x00\x00\x00\x00\x00\x00\x00\x00\x00\x00\x00\x00\x00\x00\x00\x00\x00\x00\x00\x00\x00\x00\x00\x00\x00\x00\x00\x00\x00\x00\x00\x00\x00\x00\x00\x00\x00\x00\x00\x00\x00\x00\x00\x00\x00\x00\x00\x00\x00\x00\x00\x00\x00\x00\x00\x00\x00\x00\x00\x00\x00\x00\x00\x00\x00\x00\x00\x00\x00\x00\x00\x00\x00\x00\x00\x00\x00\x00\x00\x00\x00\x00\x00\x00\x00\x00\x00\x00\x00\x00\x00\x00\x00\x00\x00\x00\x00\x00\x00\x00\x00\x00\x00\x00\x00\x00\x00\x00\x00\x00\x00\x00\x00\x00\x00\x00\x00\x00\x00\x00\x00\x00\x00\x00\x00\x00\x00\x00\x00\x00\x00\x00\x00\x00\x00\x00\x00\x00\x00\x00\x00\x00\x00\x00\x00\x00\x00\x00\x00\x00\x00\x00\x00\x00\x00\x00\x00\x00\x00\x00\x00\x00\x00\x00\x00\x00\x00\x00\x00\x00\x00\x00\x00\x00\x00\x00\x00\x00\x00\x00\x00\x00\x00\x00\x00\x00\x00\x00\x00\x00\x00\x00\x00\x00\x00\x00\x00\x00\x00\x00\x00\x00\x00\x00\x00\x00\x00\x00\x00\x00\x00\x00\x00\x00\x00\x00\x00\x00\x00\x00\x00\x00\x00\x00\x00\x00\x00\x00\x00\x00\x00\x00\x00\x00\x00\x00\x00\x00\x00\x00\x00\x00\x00\x00\x00\x00\x00\x00')
2026-09-16 20:06:50,184 LT1-thread root DEBUG gap.py                    1168  gap_read_controller_info  : received Header(svc_id=1, op=3, ctrl_index=0, data_len=277) (b'\x19x\xeei\x17\xd0\xd3\x06\x02\x00\x13\x02\x00\x00\x00\x00\x00btp_tester\x00\x00\x00\x00\x00\x00\x00\x00\x00\x00\x00\x00\x00\x00\x00\x00\x00\x00\x00\x00\x00\x00\x00\x00\x00\x00\x00\x00\x00\x00\x00\x00\x00\x00\x00\x00\x00\x00\x00\x00\x00\x00\x00\x00\x00\x00\x00\x00\x00\x00\x00\x00\x00\x00\x00\x00\x00\x00\x00\x00\x00\x00\x00\x00\x00\x00\x00\x00\x00\x00\x00\x00\x00\x00\x00\x00\x00\x00\x00\x00\x00\x00\x00\x00\x00\x00\x00\x00\x00\x00\x00\x00\x00\x00\x00\x00\x00\x00\x00\x00\x00\x00\x00\x00\x00\x00\x00\x00\x00\x00\x00\x00\x00\x00\x00\x00\x00\x00\x00\x00\x00\x00\x00\x00\x00\x00\x00\x00\x00\x00\x00\x00\x00\x00\x00\x00\x00\x00\x00\x00\x00\x00\x00\x00\x00\x00\x00\x00\x00\x00\x00\x00\x00\x00\x00\x00\x00\x00\x00\x00\x00\x00\x00\x00\x00\x00\x00\x00\x00\x00\x00\x00\x00\x00\x00\x00\x00\x00\x00\x00\x00\x00\x00\x00\x00\x00\x00\x00\x00\x00\x00\x00\x00\x00\x00\x00\x00\x00\x00\x00\x00\x00\x00\x00\x00\x00\x00\x00\x00\x00\x00\x00\x00\x00\x00\x00\x00\x00\x00\x00\x00\x00\x00\x00\x00\x00\x00\x00\x00\x00\x00\x00\x00\x00\x00\x00\x00\x00\x00\x00\x00\x00\x00\x00\x00\x00\x00\x00\x00\x00',)
2026-09-16 20:06:50,184 LT1-thread root DEBUG gap.py                    1189  gap_read_controller_info  : IUT address 'd01769ee7819' 'public'
2026-09-16 20:06:50,184 LT1-thread root DEBUG gap.py                    594   __gap_current_settings_update : 531
2026-09-16 20:06:50,184 LT1-thread root DEBUG testcase.py               254   start                     : Starting test function: class=<class 'autopts.ptsprojects.testcase.TestFunc'>, func=<function test_cases.<locals>.<lambda> at 0x000002A769E5D6C0> start_wid=None stop_wid=None post_wid=None skip_call=None call_count=74 args=() kwds={}
2026-09-16 20:06:50,184 LT1-thread root DEBUG testcase.py               266   start                     : Test function parameters: args=(), kwds={}
2026-09-16 20:06:50,193 LT1-thread root DEBUG testcase.py               254   start                     : Starting test function: class=<class 'autopts.ptsprojects.testcase.TestFunc'>, func=<function test_cases.<locals>.<lambda> at 0x000002A769E5D760> start_wid=None stop_wid=None post_wid=None skip_call=None call_count=74 args=() kwds={}
2026-09-16 20:06:50,193 LT1-thread root DEBUG testcase.py               266   start                     : Test function parameters: args=(), kwds={}
2026-09-16 20:06:50,202 LT1-thread root DEBUG testcase.py               254   start                     : Starting test function: class=<class 'autopts.ptsprojects.testcase.TestFunc'>, func=<function test_cases.<locals>.<lambda> at 0x000002A769E5D800> start_wid=None stop_wid=None post_wid=None skip_call=None call_count=74 args=() kwds={}
2026-09-16 20:06:50,202 LT1-thread root DEBUG testcase.py               266   start                     : Test function parameters: args=(), kwds={}
2026-09-16 20:06:50,211 LT1-thread root DEBUG testcase.py               254   start                     : Starting test function: class=<class 'autopts.ptsprojects.testcase.TestFunc'>, func=<function test_cases.<locals>.<lambda> at 0x000002A769E5D8A0> start_wid=None stop_wid=None post_wid=None skip_call=None call_count=74 args=() kwds={}
2026-09-16 20:06:50,211 LT1-thread root DEBUG testcase.py               266   start                     : Test function parameters: args=(), kwds={}
2026-09-16 20:06:50,220 LT1-thread root DEBUG testcase.py               254   start                     : Starting test function: class=<class 'autopts.ptsprojects.testcase.TestFunc'>, func=<function test_cases.<locals>.<lambda> at 0x000002A769E5D940> start_wid=None stop_wid=None post_wid=None skip_call=None call_count=74 args=() kwds={}
2026-09-16 20:06:50,220 LT1-thread root DEBUG testcase.py               266   start                     : Test function parameters: args=(), kwds={}
2026-09-16 20:06:50,229 LT1-thread root DEBUG testcase.py               254   start                     : Starting test function: class=<class 'autopts.ptsprojects.testcase.TestFunc'>, func=<function test_cases.<locals>.<lambda> at 0x000002A769E5D9E0> start_wid=None stop_wid=None post_wid=None skip_call=None call_count=74 args=() kwds={}
2026-09-16 20:06:50,229 LT1-thread root DEBUG testcase.py               266   start                     : Test function parameters: args=(), kwds={}
2026-09-16 20:06:50,240 LT1-thread root DEBUG testcase.py               254   start                     : Starting test function: class=<class 'autopts.ptsprojects.testcase.TestFunc'>, func=<function test_cases.<locals>.<lambda> at 0x000002A769E5DA80> start_wid=None stop_wid=None post_wid=None skip_call=None call_count=74 args=() kwds={}
2026-09-16 20:06:50,241 LT1-thread root DEBUG testcase.py               266   start                     : Test function parameters: args=(), kwds={}
2026-09-16 20:06:50,250 LT1-thread root DEBUG testcase.py               254   start                     : Starting test function: class=<class 'autopts.ptsprojects.testcase.TestFunc'>, func=<function test_cases.<locals>.<lambda> at 0x000002A769E5DB20> start_wid=None stop_wid=None post_wid=None skip_call=None call_count=74 args=() kwds={}
2026-09-16 20:06:50,251 LT1-thread root DEBUG testcase.py               266   start                     : Test function parameters: args=(), kwds={}
2026-09-16 20:06:50,260 LT1-thread root DEBUG testcase.py               254   start                     : Starting test function: class=<class 'autopts.ptsprojects.testcase.TestFunc'>, func=<function test_cases.<locals>.<lambda> at 0x000002A769E5DBC0> start_wid=None stop_wid=None post_wid=None skip_call=None call_count=74 args=() kwds={}
2026-09-16 20:06:50,260 LT1-thread root DEBUG testcase.py               266   start                     : Test function parameters: args=(), kwds={}
2026-09-16 20:06:50,269 LT1-thread root DEBUG testcase.py               254   start                     : Starting test function: class=<class 'autopts.ptsprojects.testcase.TestFunc'>, func=<function test_cases.<locals>.<lambda> at 0x000002A769E5DC60> start_wid=None stop_wid=None post_wid=None skip_call=None call_count=74 args=() kwds={}
2026-09-16 20:06:50,269 LT1-thread root DEBUG testcase.py               266   start                     : Test function parameters: args=(), kwds={}
2026-09-16 20:06:50,279 LT1-thread root DEBUG testcase.py               254   start                     : Starting test function: class=<class 'autopts.ptsprojects.testcase.TestFunc'>, func=<function core_reg_svc_gatt at 0x000002A7673C8860> start_wid=None stop_wid=None post_wid=None skip_call=None call_count=74 args=() kwds={}
2026-09-16 20:06:50,279 LT1-thread root DEBUG testcase.py               266   start                     : Test function parameters: args=(), kwds={}
2026-09-16 20:06:50,279 LT1-thread root DEBUG btp.py                    117   core_reg_svc_univ         : core_reg_svc_univ: gatt_reg (GATT)
2026-09-16 20:06:50,279 LT1-thread root DEBUG iutctl_common.py          161   send                      : 0 3 255 '2'
2026-09-16 20:06:50,279 LT1-thread root DEBUG iutctl_common.py          166   send                      : sending frame '0003ff010002'
2026-09-16 20:06:50,279 LT1-thread root DEBUG btp.py                    618   core_reg_svc_rsp_succ     : 
2026-09-16 20:06:50,280 LT1-thread root DEBUG iutctl_common.py          339   read                      : 
2026-09-16 20:06:50,310 BTPWorkerThread-1601 (_rx_task) root DEBUG iutctl_common.py          123   read                      : Read 5 bytes
2026-09-16 20:06:50,321 BTPWorkerThread-1601 (_rx_task) root DEBUG iutctl_common.py          131   read                      : Received: hdr: Header(svc_id=0x00, op=0x03, ctrl_index=0xff, data_len=0x00) bytearray(b'\x00\x03\xff\x00\x00')
2026-09-16 20:06:50,326 BTPWorkerThread-1601 (_rx_task) root DEBUG iutctl_common.py          154   read                      : Received data: {''}, bytearray(b'')
2026-09-16 20:06:50,338 LT1-thread root DEBUG btp.py                    629   core_reg_svc_rsp_succ     : received Header(svc_id=0, op=3, ctrl_index=255, data_len=0) (b'',)
2026-09-16 20:06:50,338 LT1-thread root DEBUG btp.py                    630   core_reg_svc_rsp_succ     : expected ((0, 3, 255, 0), (b'',))
2026-09-16 20:06:50,338 LT1-thread root DEBUG btp.py                    635   core_reg_svc_rsp_succ     : response is valid
2026-09-16 20:06:50,338 LT1-thread root DEBUG btp.py                    638   core_reg_svc_rsp_succ     : Reading supported commands for service: GATT
2026-09-16 20:06:50,338 LT1-thread root DEBUG iutctl_common.py          161   send                      : 2 1 255 ''
2026-09-16 20:06:50,338 LT1-thread root DEBUG iutctl_common.py          166   send                      : sending frame '0201ff0000'
2026-09-16 20:06:50,339 LT1-thread root DEBUG iutctl_common.py          339   read                      : 
2026-09-16 20:06:50,381 BTPWorkerThread-1601 (_rx_task) root DEBUG iutctl_common.py          123   read                      : Read 5 bytes
2026-09-16 20:06:50,393 BTPWorkerThread-1601 (_rx_task) root DEBUG iutctl_common.py          131   read                      : Received: hdr: Header(svc_id=0x02, op=0x01, ctrl_index=0xff, data_len=0x05) bytearray(b'\x02\x01\xff\x05\x00')
2026-09-16 20:06:50,399 BTPWorkerThread-1601 (_rx_task) root DEBUG iutctl_common.py          139   read                      : Read 5 bytes data
2026-09-16 20:06:50,410 BTPWorkerThread-1601 (_rx_task) root DEBUG iutctl_common.py          154   read                      : Received data: {'fe fe bf fd 0f'}, bytearray(b'\xfe\xfe\xbf\xfd\x0f')
2026-09-16 20:06:50,415 LT1-thread root DEBUG testcase.py               254   start                     : Starting test function: class=<class 'autopts.ptsprojects.testcase.TestFunc'>, func=<bound method Stack.gatt_init of <autopts.ptsprojects.stack.stack.Stack object at 0x000002A768AF7AD0>> start_wid=None stop_wid=None post_wid=None skip_call=None call_count=74 args=() kwds={}
2026-09-16 20:06:50,415 LT1-thread root DEBUG testcase.py               266   start                     : Test function parameters: args=(), kwds={}
2026-09-16 20:06:50,415 LT1-thread root DEBUG testcase.py               254   start                     : Starting test function: class=<class 'autopts.ptsprojects.testcase.TestFunc'>, func=<function gap_set_io_capability at 0x000002A7673E6A20> start_wid=None stop_wid=None post_wid=None skip_call=None call_count=74 args=(4,) kwds={}
2026-09-16 20:06:50,415 LT1-thread root DEBUG testcase.py               266   start                     : Test function parameters: args=(4,), kwds={}
2026-09-16 20:06:50,416 LT1-thread root DEBUG gap.py                    859   gap_set_io_capability     : 4
2026-09-16 20:06:50,416 LT1-thread root DEBUG iutctl_common.py          161   send                      : 1 16 0 '\x04'
2026-09-16 20:06:50,416 LT1-thread root DEBUG iutctl_common.py          166   send                      : sending frame '011000010004'
2026-09-16 20:06:50,416 LT1-thread root DEBUG gap.py                    1227  gap_command_rsp_succ      : 
2026-09-16 20:06:50,416 LT1-thread root DEBUG iutctl_common.py          339   read                      : 
2026-09-16 20:06:50,453 BTPWorkerThread-1601 (_rx_task) root DEBUG iutctl_common.py          123   read                      : Read 5 bytes
2026-09-16 20:06:50,465 BTPWorkerThread-1601 (_rx_task) root DEBUG iutctl_common.py          131   read                      : Received: hdr: Header(svc_id=0x01, op=0x10, ctrl_index=0x00, data_len=0x00) bytearray(b'\x01\x10\x00\x00\x00')
2026-09-16 20:06:50,477 BTPWorkerThread-1601 (_rx_task) root DEBUG iutctl_common.py          154   read                      : Received data: {''}, bytearray(b'')
2026-09-16 20:06:50,477 LT1-thread root DEBUG gap.py                    1232  gap_command_rsp_succ      : received Header(svc_id=1, op=16, ctrl_index=0, data_len=0) (b'',)
2026-09-16 20:06:50,477 LT1-thread root DEBUG testcase.py               254   start                     : Starting test function: class=<class 'autopts.ptsprojects.testcase.TestFunc'>, func=<function gap_set_broadcast_code at 0x000002A767408C20> start_wid=None stop_wid=None post_wid=None skip_call=None call_count=74 args=('0102680553F1415AA265BBAFC6EA03B8',) kwds={}
2026-09-16 20:06:50,477 LT1-thread root DEBUG testcase.py               266   start                     : Test function parameters: args=('0102680553F1415AA265BBAFC6EA03B8',), kwds={}
2026-09-16 20:06:50,477 LT1-thread root DEBUG gap.py                    1889  gap_set_broadcast_code    : '0102680553F1415AA265BBAFC6EA03B8'
2026-09-16 20:06:50,478 LT1-thread root DEBUG testcase.py               254   start                     : Starting test function: class=<class 'autopts.ptsprojects.testcase.TestFunc'>, func=<function set_pts_addr at 0x000002A7673C82C0> start_wid=None stop_wid=None post_wid=None skip_call=None call_count=74 args=('00:1B:DC:08:E4:4E', 0) kwds={}
2026-09-16 20:06:50,478 LT1-thread root DEBUG testcase.py               266   start                     : Test function parameters: args=('00:1B:DC:08:E4:4E', 0), kwds={}
2026-09-16 20:06:50,478 LT1-thread root DEBUG testcase.py               254   start                     : Starting test function: class=<class 'autopts.ptsprojects.testcase.TestFunc'>, func=<function test_cases.<locals>.<lambda> at 0x000002A769E5DD00> start_wid=None stop_wid=None post_wid=None skip_call=None call_count=22 args=() kwds={}
2026-09-16 20:06:50,478 LT1-thread root DEBUG testcase.py               266   start                     : Test function parameters: args=(), kwds={}
2026-09-16 20:06:50,487 LT1-thread root DEBUG testcase.py               254   start                     : Starting test function: class=<class 'autopts.ptsprojects.testcase.TestFunc'>, func=<function test_cases.<locals>.<lambda> at 0x000002A769E5DDA0> start_wid=None stop_wid=None post_wid=None skip_call=None call_count=22 args=() kwds={}
2026-09-16 20:06:50,487 LT1-thread root DEBUG testcase.py               266   start                     : Test function parameters: args=(), kwds={}
2026-09-16 20:06:50,496 LT1-thread root DEBUG testcase.py               254   start                     : Starting test function: class=<class 'autopts.ptsprojects.testcase.TestFunc'>, func=<function test_cases.<locals>.<lambda> at 0x000002A769E5DE40> start_wid=None stop_wid=None post_wid=None skip_call=None call_count=22 args=() kwds={}
2026-09-16 20:06:50,496 LT1-thread root DEBUG testcase.py               266   start                     : Test function parameters: args=(), kwds={}
2026-09-16 20:06:50,505 LT1-thread root DEBUG testcase.py               254   start                     : Starting test function: class=<class 'autopts.ptsprojects.testcase.TestFunc'>, func=<function test_cases.<locals>.<lambda> at 0x000002A769E5DEE0> start_wid=None stop_wid=None post_wid=None skip_call=None call_count=22 args=() kwds={}
2026-09-16 20:06:50,505 LT1-thread root DEBUG testcase.py               266   start                     : Test function parameters: args=(), kwds={}
2026-09-16 20:06:50,515 LT1-thread root DEBUG testcase.py               254   start                     : Starting test function: class=<class 'autopts.ptsprojects.testcase.TestFunc'>, func=<function test_cases.<locals>.<lambda> at 0x000002A769E5DF80> start_wid=None stop_wid=None post_wid=None skip_call=None call_count=22 args=() kwds={}
2026-09-16 20:06:50,515 LT1-thread root DEBUG testcase.py               266   start                     : Test function parameters: args=(), kwds={}
2026-09-16 20:06:50,524 LT1-thread root DEBUG testcase.py               254   start                     : Starting test function: class=<class 'autopts.ptsprojects.testcase.TestFunc'>, func=<function test_cases.<locals>.<lambda> at 0x000002A769E5E020> start_wid=None stop_wid=None post_wid=None skip_call=None call_count=22 args=() kwds={}
2026-09-16 20:06:50,524 LT1-thread root DEBUG testcase.py               266   start                     : Test function parameters: args=(), kwds={}
2026-09-16 20:06:50,533 LT1-thread root DEBUG testcase.py               254   start                     : Starting test function: class=<class 'autopts.ptsprojects.testcase.TestFunc'>, func=<function test_cases.<locals>.<lambda> at 0x000002A769E5E0C0> start_wid=None stop_wid=None post_wid=None skip_call=None call_count=22 args=() kwds={}
2026-09-16 20:06:50,533 LT1-thread root DEBUG testcase.py               266   start                     : Test function parameters: args=(), kwds={}
2026-09-16 20:06:50,543 LT1-thread root DEBUG testcase.py               254   start                     : Starting test function: class=<class 'autopts.ptsprojects.testcase.TestFunc'>, func=<function gap_set_io_capability at 0x000002A7673E6A20> start_wid=None stop_wid=None post_wid=None skip_call=None call_count=22 args=(3,) kwds={}
2026-09-16 20:06:50,543 LT1-thread root DEBUG testcase.py               266   start                     : Test function parameters: args=(3,), kwds={}
2026-09-16 20:06:50,543 LT1-thread root DEBUG gap.py                    859   gap_set_io_capability     : 3
2026-09-16 20:06:50,543 LT1-thread root DEBUG iutctl_common.py          161   send                      : 1 16 0 '\x03'
2026-09-16 20:06:50,543 LT1-thread root DEBUG iutctl_common.py          166   send                      : sending frame '011000010003'
2026-09-16 20:06:50,543 LT1-thread root DEBUG gap.py                    1227  gap_command_rsp_succ      : 
2026-09-16 20:06:50,544 LT1-thread root DEBUG iutctl_common.py          339   read                      : 
2026-09-16 20:06:50,574 BTPWorkerThread-1601 (_rx_task) root DEBUG iutctl_common.py          123   read                      : Read 5 bytes
2026-09-16 20:06:50,574 BTPWorkerThread-1601 (_rx_task) root DEBUG iutctl_common.py          131   read                      : Received: hdr: Header(svc_id=0x01, op=0x10, ctrl_index=0x00, data_len=0x00) bytearray(b'\x01\x10\x00\x00\x00')
2026-09-16 20:06:50,574 BTPWorkerThread-1601 (_rx_task) root DEBUG iutctl_common.py          154   read                      : Received data: {''}, bytearray(b'')
2026-09-16 20:06:50,579 LT1-thread root DEBUG gap.py                    1232  gap_command_rsp_succ      : received Header(svc_id=1, op=16, ctrl_index=0, data_len=0) (b'',)
2026-09-16 20:06:50,579 LT1-thread root DEBUG testcase.py               254   start                     : Starting test function: class=<class 'autopts.ptsprojects.testcase.TestFunc'>, func=<function core_reg_svc_l2cap at 0x000002A7673C89A0> start_wid=None stop_wid=None post_wid=None skip_call=None call_count=21 args=() kwds={}
2026-09-16 20:06:50,579 LT1-thread root DEBUG testcase.py               266   start                     : Test function parameters: args=(), kwds={}
2026-09-16 20:06:50,579 LT1-thread root DEBUG btp.py                    117   core_reg_svc_univ         : core_reg_svc_univ: l2cap_reg (L2CAP)
2026-09-16 20:06:50,579 LT1-thread root DEBUG iutctl_common.py          161   send                      : 0 3 255 '3'
2026-09-16 20:06:50,580 LT1-thread root DEBUG iutctl_common.py          166   send                      : sending frame '0003ff010003'
2026-09-16 20:06:50,580 LT1-thread root DEBUG btp.py                    618   core_reg_svc_rsp_succ     : 
2026-09-16 20:06:50,580 LT1-thread root DEBUG iutctl_common.py          339   read                      : 
2026-09-16 20:06:50,634 BTPWorkerThread-1601 (_rx_task) root DEBUG iutctl_common.py          123   read                      : Read 5 bytes
2026-09-16 20:06:50,645 BTPWorkerThread-1601 (_rx_task) root DEBUG iutctl_common.py          131   read                      : Received: hdr: Header(svc_id=0x00, op=0x03, ctrl_index=0xff, data_len=0x00) bytearray(b'\x00\x03\xff\x00\x00')
2026-09-16 20:06:50,645 BTPWorkerThread-1601 (_rx_task) root DEBUG iutctl_common.py          154   read                      : Received data: {''}, bytearray(b'')
2026-09-16 20:06:50,650 LT1-thread root DEBUG btp.py                    629   core_reg_svc_rsp_succ     : received Header(svc_id=0, op=3, ctrl_index=255, data_len=0) (b'',)
2026-09-16 20:06:50,650 LT1-thread root DEBUG btp.py                    630   core_reg_svc_rsp_succ     : expected ((0, 3, 255, 0), (b'',))
2026-09-16 20:06:50,650 LT1-thread root DEBUG btp.py                    635   core_reg_svc_rsp_succ     : response is valid
2026-09-16 20:06:50,650 LT1-thread root DEBUG btp.py                    638   core_reg_svc_rsp_succ     : Reading supported commands for service: L2CAP
2026-09-16 20:06:50,650 LT1-thread root DEBUG iutctl_common.py          161   send                      : 3 1 255 ''
2026-09-16 20:06:50,650 LT1-thread root DEBUG iutctl_common.py          166   send                      : sending frame '0301ff0000'
2026-09-16 20:06:50,651 LT1-thread root DEBUG iutctl_common.py          339   read                      : 
2026-09-16 20:06:50,683 BTPWorkerThread-1601 (_rx_task) root DEBUG iutctl_common.py          123   read                      : Read 5 bytes
2026-09-16 20:06:50,695 BTPWorkerThread-1601 (_rx_task) root DEBUG iutctl_common.py          131   read                      : Received: hdr: Header(svc_id=0x03, op=0x01, ctrl_index=0xff, data_len=0x02) bytearray(b'\x03\x01\xff\x02\x00')
2026-09-16 20:06:50,700 BTPWorkerThread-1601 (_rx_task) root DEBUG iutctl_common.py          139   read                      : Read 2 bytes data
2026-09-16 20:06:50,706 BTPWorkerThread-1601 (_rx_task) root DEBUG iutctl_common.py          154   read                      : Received data: {'be 1f'}, bytearray(b'\xbe\x1f')
2026-09-16 20:06:50,706 LT1-thread root DEBUG testcase.py               254   start                     : Starting test function: class=<class 'autopts.ptsprojects.testcase.TestFunc'>, func=<bound method Stack.l2cap_init of <autopts.ptsprojects.stack.stack.Stack object at 0x000002A768AF7AD0>> start_wid=None stop_wid=None post_wid=None skip_call=None call_count=21 args=(4097, 120) kwds={}
2026-09-16 20:06:50,706 LT1-thread root DEBUG testcase.py               266   start                     : Test function parameters: args=(4097, 120), kwds={}
2026-09-16 20:06:50,706 LT1-thread root DEBUG testcase.py               254   start                     : Starting test function: class=<class 'autopts.ptsprojects.testcase.TestFunc'>, func=<function l2cap_br_listen at 0x000002A767440A40> start_wid=None stop_wid=None post_wid=None skip_call=None call_count=2 args=(4097, 120, 5) kwds={}
2026-09-16 20:06:50,706 LT1-thread root DEBUG testcase.py               266   start                     : Test function parameters: args=(4097, 120, 5), kwds={}
2026-09-16 20:06:50,707 LT1-thread root DEBUG l2cap.py                  218   l2cap_listen              : 4097 0 120 5
2026-09-16 20:06:50,707 LT1-thread root DEBUG iutctl_common.py          161   send                      : 3 5 0 "bytearray(b'\\x01\\x10\\x00x\\x00\\x05\\x00')"
2026-09-16 20:06:50,707 LT1-thread root DEBUG iutctl_common.py          166   send                      : sending frame '030500070001100078000500'
2026-09-16 20:06:50,707 LT1-thread root DEBUG l2cap.py                  56    l2cap_command_rsp_succ    : 
2026-09-16 20:06:50,707 LT1-thread root DEBUG iutctl_common.py          339   read                      : 
2026-09-16 20:06:50,744 BTPWorkerThread-1601 (_rx_task) root DEBUG iutctl_common.py          123   read                      : Read 5 bytes
2026-09-16 20:06:50,755 BTPWorkerThread-1601 (_rx_task) root DEBUG iutctl_common.py          131   read                      : Received: hdr: Header(svc_id=0x03, op=0x05, ctrl_index=0x00, data_len=0x00) bytearray(b'\x03\x05\x00\x00\x00')
2026-09-16 20:06:50,760 BTPWorkerThread-1601 (_rx_task) root DEBUG iutctl_common.py          154   read                      : Received data: {''}, bytearray(b'')
2026-09-16 20:06:50,777 LT1-thread root DEBUG l2cap.py                  61    l2cap_command_rsp_succ    : received Header(svc_id=3, op=5, ctrl_index=0, data_len=0) (b'',)
2026-09-16 20:06:50,777 LT1-thread root DEBUG testcase.py               254   start                     : Starting test function: class=<class 'autopts.ptsprojects.testcase.TestFunc'>, func=<function gap_set_io_capability at 0x000002A7673E6A20> start_wid=None stop_wid=None post_wid=None skip_call=None call_count=1 args=(1,) kwds={}
2026-09-16 20:06:50,777 LT1-thread root DEBUG testcase.py               266   start                     : Test function parameters: args=(1,), kwds={}
2026-09-16 20:06:50,777 LT1-thread root DEBUG gap.py                    859   gap_set_io_capability     : 1
2026-09-16 20:06:50,777 LT1-thread root DEBUG iutctl_common.py          161   send                      : 1 16 0 '\x01'
2026-09-16 20:06:50,778 LT1-thread root DEBUG iutctl_common.py          166   send                      : sending frame '011000010001'
2026-09-16 20:06:50,778 LT1-thread root DEBUG gap.py                    1227  gap_command_rsp_succ      : 
2026-09-16 20:06:50,778 LT1-thread root DEBUG iutctl_common.py          339   read                      : 
2026-09-16 20:06:50,815 BTPWorkerThread-1601 (_rx_task) root DEBUG iutctl_common.py          123   read                      : Read 5 bytes
2026-09-16 20:06:50,820 BTPWorkerThread-1601 (_rx_task) root DEBUG iutctl_common.py          131   read                      : Received: hdr: Header(svc_id=0x01, op=0x10, ctrl_index=0x00, data_len=0x00) bytearray(b'\x01\x10\x00\x00\x00')
2026-09-16 20:06:50,825 BTPWorkerThread-1601 (_rx_task) root DEBUG iutctl_common.py          154   read                      : Received data: {''}, bytearray(b'')
2026-09-16 20:06:50,841 LT1-thread root DEBUG gap.py                    1232  gap_command_rsp_succ      : received Header(svc_id=1, op=16, ctrl_index=0, data_len=0) (b'',)
2026-09-16 20:06:50,843 LT1-thread root DEBUG client.py                 276   get_result                : ClientCallback.get_result run_test_case
2026-09-16 20:06:53,355 LT1-callback ClientCallback.on_implicit_send INFO client.py                 223   on_implicit_send          : 
    ********************
    BEGIN OnImplicitSend:
    project_name: GAP
    wid: 166
    test_case_name: GAP/SEC/SEM/BV-49-C
    description: Please order the IUT to go in connectable mode and in security mode 4. Press OK to continue.
    style: MMI_Style_Ok 0x11040
2026-09-16 20:06:53,355 LT1-callback ClientCallback.on_implicit_send INFO client.py                 236   on_implicit_send          : Calling test cases on_implicit_send
2026-09-16 20:06:53,355 LT1-callback ClientCallback.on_implicit_send INFO client.py                 249   on_implicit_send          : 
    on_implicit_send returned response: WAIT
    END OnImplicitSend
    ********************
2026-09-16 20:06:53,844 LT1-thread root DEBUG testcase.py               679   run_wid                   : GAP GAP/SEC/SEM/BV-49-C on_implicit_send
2026-09-16 20:06:53,844 LT1-thread root DEBUG gap_wid.py                26    gap_wid_hdl               : gap_wid_hdl, 166, Please order the IUT to go in connectable mode and in security mode 4. Press OK to continue., GAP/SEC/SEM/BV-49-C
2026-09-16 20:06:53,844 LT1-thread root DEBUG testcase.py               722   run_wid                   : Sending response 'Ok' to wid 166 test case GAP/SEC/SEM/BV-49-C
2026-09-16 20:06:53,846 LT1-thread root DEBUG client.py                 276   get_result                : ClientCallback.get_result run_test_case
2026-09-16 20:06:58,060 LT1-callback ClientCallback.on_implicit_send INFO client.py                 223   on_implicit_send          : 
    ********************
    BEGIN OnImplicitSend:
    project_name: GAP
    wid: 33
    test_case_name: GAP/SEC/SEM/BV-49-C
    description: Please make IUT general discoverable.
    style: MMI_Style_Ok_Cancel1 0x11041
2026-09-16 20:06:58,060 LT1-callback ClientCallback.on_implicit_send INFO client.py                 236   on_implicit_send          : Calling test cases on_implicit_send
2026-09-16 20:06:58,060 LT1-callback ClientCallback.on_implicit_send INFO client.py                 249   on_implicit_send          : 
    on_implicit_send returned response: WAIT
    END OnImplicitSend
    ********************
2026-09-16 20:06:58,848 LT1-thread root DEBUG testcase.py               679   run_wid                   : GAP GAP/SEC/SEM/BV-49-C on_implicit_send
2026-09-16 20:06:58,848 LT1-thread root DEBUG gap_wid.py                26    gap_wid_hdl               : gap_wid_hdl, 33, Please make IUT general discoverable., GAP/SEC/SEM/BV-49-C
2026-09-16 20:06:58,848 LT1-thread root DEBUG gap.py                    1016  gap_set_non_discoverable  : 
2026-09-16 20:06:58,848 LT1-thread root DEBUG gap.py                    1033  gap_set_general_discoverable : 
2026-09-16 20:06:58,848 LT1-thread root DEBUG iutctl_common.py          161   send                      : 1 8 0 '1'
2026-09-16 20:06:58,849 LT1-thread root DEBUG iutctl_common.py          166   send                      : sending frame '010800010001'
2026-09-16 20:06:58,849 LT1-thread root DEBUG gap.py                    1227  gap_command_rsp_succ      : 
2026-09-16 20:06:58,849 LT1-thread root DEBUG iutctl_common.py          339   read                      : 
2026-09-16 20:06:58,905 BTPWorkerThread-1601 (_rx_task) root DEBUG iutctl_common.py          123   read                      : Read 5 bytes
2026-09-16 20:06:58,915 BTPWorkerThread-1601 (_rx_task) root DEBUG iutctl_common.py          131   read                      : Received: hdr: Header(svc_id=0x01, op=0x08, ctrl_index=0x00, data_len=0x04) bytearray(b'\x01\x08\x00\x04\x00')
2026-09-16 20:06:58,921 BTPWorkerThread-1601 (_rx_task) root DEBUG iutctl_common.py          139   read                      : Read 4 bytes data
2026-09-16 20:06:58,932 BTPWorkerThread-1601 (_rx_task) root DEBUG iutctl_common.py          154   read                      : Received data: {'1b 02 00 00'}, bytearray(b'\x1b\x02\x00\x00')
2026-09-16 20:06:58,943 LT1-thread root DEBUG gap.py                    1232  gap_command_rsp_succ      : received Header(svc_id=1, op=8, ctrl_index=0, data_len=4) (b'\x1b\x02\x00\x00',)
2026-09-16 20:06:58,943 LT1-thread root DEBUG gap.py                    594   __gap_current_settings_update : (b'\x1b\x02\x00\x00',)
2026-09-16 20:06:58,943 LT1-thread root DEBUG testcase.py               722   run_wid                   : Sending response 'OK' to wid 33 test case GAP/SEC/SEM/BV-49-C
2026-09-16 20:06:58,945 LT1-thread root DEBUG client.py                 276   get_result                : ClientCallback.get_result run_test_case
2026-09-16 20:07:00,290 LT1-callback ClientCallback.on_implicit_send INFO client.py                 223   on_implicit_send          : 
    ********************
    BEGIN OnImplicitSend:
    project_name: GAP
    wid: 222
    test_case_name: GAP/SEC/SEM/BV-49-C
    description: Please initiate a BR/EDR security authentication and pairing with interaction of HCI commands.

Press OK to continue.
    style: MMI_Style_Ok 0x11040
2026-09-16 20:07:00,290 LT1-callback ClientCallback.on_implicit_send INFO client.py                 236   on_implicit_send          : Calling test cases on_implicit_send
2026-09-16 20:07:00,290 LT1-callback ClientCallback.on_implicit_send INFO client.py                 249   on_implicit_send          : 
    on_implicit_send returned response: WAIT
    END OnImplicitSend
    ********************
2026-09-16 20:07:00,297 BTPWorkerThread-1601 (_rx_task) root DEBUG iutctl_common.py          123   read                      : Read 5 bytes
2026-09-16 20:07:00,297 BTPWorkerThread-1601 (_rx_task) root DEBUG iutctl_common.py          131   read                      : Received: hdr: Header(svc_id=0x01, op=0x82, ctrl_index=0x00, data_len=0x0d) bytearray(b'\x01\x82\x00\r\x00')
2026-09-16 20:07:00,298 BTPWorkerThread-1601 (_rx_task) root DEBUG iutctl_common.py          139   read                      : Read 13 bytes data
2026-09-16 20:07:00,298 BTPWorkerThread-1601 (_rx_task) root DEBUG iutctl_common.py          154   read                      : Received data: {'e0 4e e4 08 dc 1b 00 00 00 00 00 00 00'}, bytearray(b'\xe0N\xe4\x08\xdc\x1b\x00\x00\x00\x00\x00\x00\x00')
2026-09-16 20:07:00,298 BTPWorkerThread-1601 (_rx_task) root DEBUG btp.py                    700   event_handler             : Header(svc_id=1, op=130, ctrl_index=0, data_len=13) (b'\xe0N\xe4\x08\xdc\x1b\x00\x00\x00\x00\x00\x00\x00',)
2026-09-16 20:07:00,298 BTPWorkerThread-1601 (_rx_task) root DEBUG gap.py                    213   gap_connected_ev_         : b'\xe0N\xe4\x08\xdc\x1b\x00\x00\x00\x00\x00\x00\x00'
2026-09-16 20:07:00,298 BTPWorkerThread-1601 (_rx_task) root DEBUG iutctl_common.py          123   read                      : Read 5 bytes
2026-09-16 20:07:00,298 BTPWorkerThread-1601 (_rx_task) root DEBUG iutctl_common.py          131   read                      : Received: hdr: Header(svc_id=0x01, op=0x80, ctrl_index=0x00, data_len=0x04) bytearray(b'\x01\x80\x00\x04\x00')
2026-09-16 20:07:00,298 BTPWorkerThread-1601 (_rx_task) root DEBUG iutctl_common.py          139   read                      : Read 4 bytes data
2026-09-16 20:07:00,298 BTPWorkerThread-1601 (_rx_task) root DEBUG iutctl_common.py          154   read                      : Received data: {'1b 02 00 00'}, bytearray(b'\x1b\x02\x00\x00')
2026-09-16 20:07:00,298 BTPWorkerThread-1601 (_rx_task) root DEBUG btp.py                    700   event_handler             : Header(svc_id=1, op=128, ctrl_index=0, data_len=4) (b'\x1b\x02\x00\x00',)
2026-09-16 20:07:00,299 BTPWorkerThread-1601 (_rx_task) root DEBUG gap.py                    181   gap_new_settings_ev_      : b'\x1b\x02\x00\x00'
2026-09-16 20:07:00,299 BTPWorkerThread-1601 (_rx_task) root DEBUG gap.py                    594   __gap_current_settings_update : 539
2026-09-16 20:07:00,579 BTPWorkerThread-1601 (_rx_task) root DEBUG iutctl_common.py          123   read                      : Read 5 bytes
2026-09-16 20:07:00,580 BTPWorkerThread-1601 (_rx_task) root DEBUG iutctl_common.py          131   read                      : Received: hdr: Header(svc_id=0x01, op=0x86, ctrl_index=0x00, data_len=0x0b) bytearray(b'\x01\x86\x00\x0b\x00')
2026-09-16 20:07:00,580 BTPWorkerThread-1601 (_rx_task) root DEBUG iutctl_common.py          139   read                      : Read 11 bytes data
2026-09-16 20:07:00,580 BTPWorkerThread-1601 (_rx_task) root DEBUG iutctl_common.py          154   read                      : Received data: {'e0 4e e4 08 dc 1b 00 17 9f 0a 00'}, bytearray(b'\xe0N\xe4\x08\xdc\x1b\x00\x17\x9f\n\x00')
2026-09-16 20:07:00,580 BTPWorkerThread-1601 (_rx_task) root DEBUG btp.py                    700   event_handler             : Header(svc_id=1, op=134, ctrl_index=0, data_len=11) (b'\xe0N\xe4\x08\xdc\x1b\x00\x17\x9f\n\x00',)
2026-09-16 20:07:00,580 BTPWorkerThread-1601 (_rx_task) root DEBUG gap.py                    460   gap_passkey_confirm_req_ev_ : 
2026-09-16 20:07:00,580 BTPWorkerThread-1601 (_rx_task) root DEBUG gap.py                    472   gap_passkey_confirm_req_ev_ : passkey = '696087'
2026-09-16 20:07:00,946 LT1-thread root DEBUG testcase.py               679   run_wid                   : GAP GAP/SEC/SEM/BV-49-C on_implicit_send
2026-09-16 20:07:00,946 LT1-thread root DEBUG gap_wid.py                26    gap_wid_hdl               : gap_wid_hdl, 222, Please initiate a BR/EDR security authentication and pairing with interaction of HCI commands.

Press OK to continue., GAP/SEC/SEM/BV-49-C
2026-09-16 20:07:00,946 LT1-thread root DEBUG testcase.py               722   run_wid                   : Sending response 'Ok' to wid 222 test case GAP/SEC/SEM/BV-49-C
2026-09-16 20:07:00,948 LT1-thread root DEBUG client.py                 276   get_result                : ClientCallback.get_result run_test_case
2026-09-16 20:07:00,951 LT1-callback ClientCallback.on_implicit_send INFO client.py                 223   on_implicit_send          : 
    ********************
    BEGIN OnImplicitSend:
    project_name: GAP
    wid: 2001
    test_case_name: GAP/SEC/SEM/BV-49-C
    description: Please verify the passKey is correct: 696087
    style: MMI_Style_Yes_No1 0x11044
2026-09-16 20:07:00,951 LT1-callback ClientCallback.on_implicit_send INFO client.py                 236   on_implicit_send          : Calling test cases on_implicit_send
2026-09-16 20:07:00,951 LT1-callback ClientCallback.on_implicit_send INFO client.py                 249   on_implicit_send          : 
    on_implicit_send returned response: WAIT
    END OnImplicitSend
    ********************
2026-09-16 20:07:01,948 LT1-thread root DEBUG testcase.py               679   run_wid                   : GAP GAP/SEC/SEM/BV-49-C on_implicit_send
2026-09-16 20:07:01,948 LT1-thread root DEBUG gap_wid.py                26    gap_wid_hdl               : gap_wid_hdl, 2001, Please verify the passKey is correct: 696087, GAP/SEC/SEM/BV-49-C
2026-09-16 20:07:01,948 LT1-thread root DEBUG gap.py                    950   gap_passkey_confirm_response : '001bdc08e44e' 224
2026-09-16 20:07:01,948 LT1-thread root DEBUG iutctl_common.py          161   send                      : 1 20 0 "bytearray(b'\\xe0N\\xe4\\x08\\xdc\\x1b\\x00\\x01')"
2026-09-16 20:07:01,948 LT1-thread root DEBUG iutctl_common.py          166   send                      : sending frame '0114000800e04ee408dc1b0001'
2026-09-16 20:07:01,949 LT1-thread root DEBUG gap.py                    1227  gap_command_rsp_succ      : 
2026-09-16 20:07:01,949 LT1-thread root DEBUG iutctl_common.py          339   read                      : 
2026-09-16 20:07:01,989 BTPWorkerThread-1601 (_rx_task) root DEBUG iutctl_common.py          123   read                      : Read 5 bytes
2026-09-16 20:07:02,001 BTPWorkerThread-1601 (_rx_task) root DEBUG iutctl_common.py          131   read                      : Received: hdr: Header(svc_id=0x01, op=0x14, ctrl_index=0x00, data_len=0x00) bytearray(b'\x01\x14\x00\x00\x00')
2026-09-16 20:07:02,006 BTPWorkerThread-1601 (_rx_task) root DEBUG iutctl_common.py          154   read                      : Received data: {''}, bytearray(b'')
2026-09-16 20:07:02,017 LT1-thread root DEBUG gap.py                    1232  gap_command_rsp_succ      : received Header(svc_id=1, op=20, ctrl_index=0, data_len=0) (b'',)
2026-09-16 20:07:02,017 LT1-thread root DEBUG testcase.py               722   run_wid                   : Sending response 'Yes' to wid 2001 test case GAP/SEC/SEM/BV-49-C
2026-09-16 20:07:02,019 LT1-thread root DEBUG client.py                 276   get_result                : ClientCallback.get_result run_test_case
2026-09-16 20:07:02,077 BTPWorkerThread-1601 (_rx_task) root DEBUG iutctl_common.py          123   read                      : Read 5 bytes
2026-09-16 20:07:02,078 BTPWorkerThread-1601 (_rx_task) root DEBUG iutctl_common.py          131   read                      : Received: hdr: Header(svc_id=0x01, op=0x91, ctrl_index=0x00, data_len=0x09) bytearray(b'\x01\x91\x00\t\x00')
2026-09-16 20:07:02,078 BTPWorkerThread-1601 (_rx_task) root DEBUG iutctl_common.py          139   read                      : Read 9 bytes data
2026-09-16 20:07:02,078 BTPWorkerThread-1601 (_rx_task) root DEBUG iutctl_common.py          154   read                      : Received data: {'e0 4e e4 08 dc 1b 00 01 10'}, bytearray(b'\xe0N\xe4\x08\xdc\x1b\x00\x01\x10')
2026-09-16 20:07:02,078 BTPWorkerThread-1601 (_rx_task) root DEBUG btp.py                    700   event_handler             : Header(svc_id=1, op=145, ctrl_index=0, data_len=9) (b'\xe0N\xe4\x08\xdc\x1b\x00\x01\x10',)
2026-09-16 20:07:02,078 BTPWorkerThread-1601 (_rx_task) root DEBUG gap.py                    492   gap_encryption_change_ev_ : 
2026-09-16 20:07:02,078 BTPWorkerThread-1601 (_rx_task) root DEBUG gap.py                    494   gap_encryption_change_ev_ : enc change received b'\xe0N\xe4\x08\xdc\x1b\x00\x01\x10'
2026-09-16 20:07:02,078 BTPWorkerThread-1601 (_rx_task) root DEBUG gap.py                    503   gap_encryption_change_ev_ : received (224, '001bdc08e44e', 1, 16)
2026-09-16 20:07:02,078 BTPWorkerThread-1601 (_rx_task) root DEBUG iutctl_common.py          123   read                      : Read 5 bytes
2026-09-16 20:07:02,078 BTPWorkerThread-1601 (_rx_task) root DEBUG iutctl_common.py          131   read                      : Received: hdr: Header(svc_id=0x01, op=0x89, ctrl_index=0x00, data_len=0x08) bytearray(b'\x01\x89\x00\x08\x00')
2026-09-16 20:07:02,078 BTPWorkerThread-1601 (_rx_task) root DEBUG iutctl_common.py          139   read                      : Read 3 bytes data
2026-09-16 20:07:02,088 BTPWorkerThread-1601 (_rx_task) root DEBUG iutctl_common.py          139   read                      : Read 5 bytes data
2026-09-16 20:07:02,089 BTPWorkerThread-1601 (_rx_task) root DEBUG iutctl_common.py          154   read                      : Received data: {'e0 4e e4 08 dc 1b 00 03'}, bytearray(b'\xe0N\xe4\x08\xdc\x1b\x00\x03')
2026-09-16 20:07:02,089 BTPWorkerThread-1601 (_rx_task) root DEBUG btp.py                    700   event_handler             : Header(svc_id=1, op=137, ctrl_index=0, data_len=8) (b'\xe0N\xe4\x08\xdc\x1b\x00\x03',)
2026-09-16 20:07:02,089 BTPWorkerThread-1601 (_rx_task) root DEBUG gap.py                    298   gap_sec_level_changed_ev_ : 
2026-09-16 20:07:02,089 BTPWorkerThread-1601 (_rx_task) root DEBUG gap.py                    300   gap_sec_level_changed_ev_ : received b'\xe0N\xe4\x08\xdc\x1b\x00\x03'
2026-09-16 20:07:02,089 BTPWorkerThread-1601 (_rx_task) root DEBUG gap.py                    311   gap_sec_level_changed_ev_ : received (224, '001bdc08e44e', 3)
2026-09-16 20:07:02,089 BTPWorkerThread-1601 (_rx_task) root DEBUG iutctl_common.py          123   read                      : Read 5 bytes
2026-09-16 20:07:02,089 BTPWorkerThread-1601 (_rx_task) root DEBUG iutctl_common.py          131   read                      : Received: hdr: Header(svc_id=0x01, op=0x83, ctrl_index=0x00, data_len=0x07) bytearray(b'\x01\x83\x00\x07\x00')
2026-09-16 20:07:02,089 BTPWorkerThread-1601 (_rx_task) root DEBUG iutctl_common.py          139   read                      : Read 7 bytes data
2026-09-16 20:07:02,089 BTPWorkerThread-1601 (_rx_task) root DEBUG iutctl_common.py          154   read                      : Received data: {'e0 4e e4 08 dc 1b 00'}, bytearray(b'\xe0N\xe4\x08\xdc\x1b\x00')
2026-09-16 20:07:02,089 BTPWorkerThread-1601 (_rx_task) root DEBUG btp.py                    700   event_handler             : Header(svc_id=1, op=131, ctrl_index=0, data_len=7) (b'\xe0N\xe4\x08\xdc\x1b\x00',)
2026-09-16 20:07:02,090 BTPWorkerThread-1601 (_rx_task) root DEBUG gap.py                    226   gap_disconnected_ev_      : b'\xe0N\xe4\x08\xdc\x1b\x00'
2026-09-16 20:07:02,463 LT1-callback ClientCallback.on_implicit_send INFO client.py                 223   on_implicit_send          : 
    ********************
    BEGIN OnImplicitSend:
    project_name: GAP
    wid: 33
    test_case_name: GAP/SEC/SEM/BV-49-C
    description: Please make IUT general discoverable.
    style: MMI_Style_Ok_Cancel1 0x11041
2026-09-16 20:07:02,463 LT1-callback ClientCallback.on_implicit_send INFO client.py                 236   on_implicit_send          : Calling test cases on_implicit_send
2026-09-16 20:07:02,463 LT1-callback ClientCallback.on_implicit_send INFO client.py                 249   on_implicit_send          : 
    on_implicit_send returned response: WAIT
    END OnImplicitSend
    ********************
2026-09-16 20:07:03,020 LT1-thread root DEBUG testcase.py               679   run_wid                   : GAP GAP/SEC/SEM/BV-49-C on_implicit_send
2026-09-16 20:07:03,020 LT1-thread root DEBUG gap_wid.py                26    gap_wid_hdl               : gap_wid_hdl, 33, Please make IUT general discoverable., GAP/SEC/SEM/BV-49-C
2026-09-16 20:07:03,021 LT1-thread root DEBUG gap.py                    1016  gap_set_non_discoverable  : 
2026-09-16 20:07:03,021 LT1-thread root DEBUG iutctl_common.py          161   send                      : 1 8 0 '0'
2026-09-16 20:07:03,021 LT1-thread root DEBUG iutctl_common.py          166   send                      : sending frame '010800010000'
2026-09-16 20:07:03,021 LT1-thread root DEBUG gap.py                    1227  gap_command_rsp_succ      : 
2026-09-16 20:07:03,021 LT1-thread root DEBUG iutctl_common.py          339   read                      : 
2026-09-16 20:07:03,070 BTPWorkerThread-1601 (_rx_task) root DEBUG iutctl_common.py          123   read                      : Read 5 bytes
2026-09-16 20:07:03,081 BTPWorkerThread-1601 (_rx_task) root DEBUG iutctl_common.py          131   read                      : Received: hdr: Header(svc_id=0x01, op=0x08, ctrl_index=0x00, data_len=0x04) bytearray(b'\x01\x08\x00\x04\x00')
2026-09-16 20:07:03,086 BTPWorkerThread-1601 (_rx_task) root DEBUG iutctl_common.py          139   read                      : Read 4 bytes data
2026-09-16 20:07:03,097 BTPWorkerThread-1601 (_rx_task) root DEBUG iutctl_common.py          154   read                      : Received data: {'13 02 00 00'}, bytearray(b'\x13\x02\x00\x00')
2026-09-16 20:07:03,115 LT1-thread root DEBUG gap.py                    1232  gap_command_rsp_succ      : received Header(svc_id=1, op=8, ctrl_index=0, data_len=4) (b'\x13\x02\x00\x00',)
2026-09-16 20:07:03,115 LT1-thread root DEBUG gap.py                    594   __gap_current_settings_update : (b'\x13\x02\x00\x00',)
2026-09-16 20:07:03,115 LT1-thread root DEBUG gap.py                    1033  gap_set_general_discoverable : 
2026-09-16 20:07:03,115 LT1-thread root DEBUG iutctl_common.py          161   send                      : 1 8 0 '1'
2026-09-16 20:07:03,116 BTPWorkerThread-1601 (_rx_task) root DEBUG iutctl_common.py          123   read                      : Read 5 bytes
2026-09-16 20:07:03,116 LT1-thread root DEBUG iutctl_common.py          166   send                      : sending frame '010800010001'
2026-09-16 20:07:03,116 BTPWorkerThread-1601 (_rx_task) root DEBUG iutctl_common.py          131   read                      : Received: hdr: Header(svc_id=0x01, op=0x82, ctrl_index=0x00, data_len=0x0d) bytearray(b'\x01\x82\x00\r\x00')
2026-09-16 20:07:03,116 BTPWorkerThread-1601 (_rx_task) root DEBUG iutctl_common.py          139   read                      : Read 13 bytes data
2026-09-16 20:07:03,116 BTPWorkerThread-1601 (_rx_task) root DEBUG iutctl_common.py          154   read                      : Received data: {'e0 4e e4 08 dc 1b 00 00 00 00 00 00 00'}, bytearray(b'\xe0N\xe4\x08\xdc\x1b\x00\x00\x00\x00\x00\x00\x00')
2026-09-16 20:07:03,116 BTPWorkerThread-1601 (_rx_task) root DEBUG btp.py                    700   event_handler             : Header(svc_id=1, op=130, ctrl_index=0, data_len=13) (b'\xe0N\xe4\x08\xdc\x1b\x00\x00\x00\x00\x00\x00\x00',)
2026-09-16 20:07:03,117 BTPWorkerThread-1601 (_rx_task) root DEBUG gap.py                    213   gap_connected_ev_         : b'\xe0N\xe4\x08\xdc\x1b\x00\x00\x00\x00\x00\x00\x00'
2026-09-16 20:07:03,117 BTPWorkerThread-1601 (_rx_task) root DEBUG iutctl_common.py          123   read                      : Read 5 bytes
2026-09-16 20:07:03,117 LT1-thread root DEBUG gap.py                    1227  gap_command_rsp_succ      : 
2026-09-16 20:07:03,117 LT1-thread root DEBUG iutctl_common.py          339   read                      : 
2026-09-16 20:07:03,118 BTPWorkerThread-1601 (_rx_task) root DEBUG iutctl_common.py          131   read                      : Received: hdr: Header(svc_id=0x01, op=0x80, ctrl_index=0x00, data_len=0x04) bytearray(b'\x01\x80\x00\x04\x00')
2026-09-16 20:07:03,118 BTPWorkerThread-1601 (_rx_task) root DEBUG iutctl_common.py          139   read                      : Read 4 bytes data
2026-09-16 20:07:03,118 BTPWorkerThread-1601 (_rx_task) root DEBUG iutctl_common.py          154   read                      : Received data: {'13 02 00 00'}, bytearray(b'\x13\x02\x00\x00')
2026-09-16 20:07:03,118 BTPWorkerThread-1601 (_rx_task) root DEBUG btp.py                    700   event_handler             : Header(svc_id=1, op=128, ctrl_index=0, data_len=4) (b'\x13\x02\x00\x00',)
2026-09-16 20:07:03,123 BTPWorkerThread-1601 (_rx_task) root DEBUG gap.py                    181   gap_new_settings_ev_      : b'\x13\x02\x00\x00'
2026-09-16 20:07:03,123 BTPWorkerThread-1601 (_rx_task) root DEBUG gap.py                    594   __gap_current_settings_update : 531
2026-09-16 20:07:03,181 BTPWorkerThread-1601 (_rx_task) root DEBUG iutctl_common.py          123   read                      : Read 5 bytes
2026-09-16 20:07:03,186 BTPWorkerThread-1601 (_rx_task) root DEBUG iutctl_common.py          131   read                      : Received: hdr: Header(svc_id=0x01, op=0x08, ctrl_index=0x00, data_len=0x04) bytearray(b'\x01\x08\x00\x04\x00')
2026-09-16 20:07:03,186 BTPWorkerThread-1601 (_rx_task) root DEBUG iutctl_common.py          139   read                      : Read 4 bytes data
2026-09-16 20:07:03,186 BTPWorkerThread-1601 (_rx_task) root DEBUG iutctl_common.py          154   read                      : Received data: {'1b 02 00 00'}, bytearray(b'\x1b\x02\x00\x00')
2026-09-16 20:07:03,186 LT1-thread root DEBUG gap.py                    1232  gap_command_rsp_succ      : received Header(svc_id=1, op=8, ctrl_index=0, data_len=4) (b'\x1b\x02\x00\x00',)
2026-09-16 20:07:03,186 LT1-thread root DEBUG gap.py                    594   __gap_current_settings_update : (b'\x1b\x02\x00\x00',)
2026-09-16 20:07:03,187 LT1-thread root DEBUG testcase.py               722   run_wid                   : Sending response 'OK' to wid 33 test case GAP/SEC/SEM/BV-49-C
2026-09-16 20:07:03,187 BTPWorkerThread-1601 (_rx_task) root DEBUG iutctl_common.py          123   read                      : Read 5 bytes
2026-09-16 20:07:03,187 BTPWorkerThread-1601 (_rx_task) root DEBUG iutctl_common.py          131   read                      : Received: hdr: Header(svc_id=0x01, op=0x91, ctrl_index=0x00, data_len=0x09) bytearray(b'\x01\x91\x00\t\x00')
2026-09-16 20:07:03,187 BTPWorkerThread-1601 (_rx_task) root DEBUG iutctl_common.py          139   read                      : Read 9 bytes data
2026-09-16 20:07:03,187 BTPWorkerThread-1601 (_rx_task) root DEBUG iutctl_common.py          154   read                      : Received data: {'e0 4e e4 08 dc 1b 00 01 10'}, bytearray(b'\xe0N\xe4\x08\xdc\x1b\x00\x01\x10')
2026-09-16 20:07:03,188 BTPWorkerThread-1601 (_rx_task) root DEBUG btp.py                    700   event_handler             : Header(svc_id=1, op=145, ctrl_index=0, data_len=9) (b'\xe0N\xe4\x08\xdc\x1b\x00\x01\x10',)
2026-09-16 20:07:03,188 BTPWorkerThread-1601 (_rx_task) root DEBUG gap.py                    492   gap_encryption_change_ev_ : 
2026-09-16 20:07:03,188 BTPWorkerThread-1601 (_rx_task) root DEBUG gap.py                    494   gap_encryption_change_ev_ : enc change received b'\xe0N\xe4\x08\xdc\x1b\x00\x01\x10'
2026-09-16 20:07:03,188 BTPWorkerThread-1601 (_rx_task) root DEBUG gap.py                    503   gap_encryption_change_ev_ : received (224, '001bdc08e44e', 1, 16)
2026-09-16 20:07:03,188 BTPWorkerThread-1601 (_rx_task) root DEBUG iutctl_common.py          123   read                      : Read 5 bytes
2026-09-16 20:07:03,188 BTPWorkerThread-1601 (_rx_task) root DEBUG iutctl_common.py          131   read                      : Received: hdr: Header(svc_id=0x01, op=0x89, ctrl_index=0x00, data_len=0x08) bytearray(b'\x01\x89\x00\x08\x00')
2026-09-16 20:07:03,188 BTPWorkerThread-1601 (_rx_task) root DEBUG iutctl_common.py          139   read                      : Read 8 bytes data
2026-09-16 20:07:03,189 LT1-thread root DEBUG client.py                 276   get_result                : ClientCallback.get_result run_test_case
2026-09-16 20:07:03,189 BTPWorkerThread-1601 (_rx_task) root DEBUG iutctl_common.py          154   read                      : Received data: {'e0 4e e4 08 dc 1b 00 03'}, bytearray(b'\xe0N\xe4\x08\xdc\x1b\x00\x03')
2026-09-16 20:07:03,190 BTPWorkerThread-1601 (_rx_task) root DEBUG btp.py                    700   event_handler             : Header(svc_id=1, op=137, ctrl_index=0, data_len=8) (b'\xe0N\xe4\x08\xdc\x1b\x00\x03',)
2026-09-16 20:07:03,190 BTPWorkerThread-1601 (_rx_task) root DEBUG gap.py                    298   gap_sec_level_changed_ev_ : 
2026-09-16 20:07:03,190 BTPWorkerThread-1601 (_rx_task) root DEBUG gap.py                    300   gap_sec_level_changed_ev_ : received b'\xe0N\xe4\x08\xdc\x1b\x00\x03'
2026-09-16 20:07:03,190 BTPWorkerThread-1601 (_rx_task) root DEBUG gap.py                    311   gap_sec_level_changed_ev_ : received (224, '001bdc08e44e', 3)
2026-09-16 20:07:06,536 LT1-callback ClientCallback.on_implicit_send INFO client.py                 223   on_implicit_send          : 
    ********************
    BEGIN OnImplicitSend:
    project_name: GAP
    wid: 252
    test_case_name: GAP/SEC/SEM/BV-49-C
    description: Please send L2CAP Connection Response with Security Blocked to PTS.
    style: MMI_Style_Ok_Cancel2 0x11141
2026-09-16 20:07:06,536 LT1-callback ClientCallback.on_implicit_send INFO client.py                 236   on_implicit_send          : Calling test cases on_implicit_send
2026-09-16 20:07:06,536 LT1-callback ClientCallback.on_implicit_send INFO client.py                 249   on_implicit_send          : 
    on_implicit_send returned response: WAIT
    END OnImplicitSend
    ********************
2026-09-16 20:07:06,550 BTPWorkerThread-1601 (_rx_task) root DEBUG iutctl_common.py          123   read                      : Read 5 bytes
2026-09-16 20:07:06,551 BTPWorkerThread-1601 (_rx_task) root DEBUG iutctl_common.py          131   read                      : Received: hdr: Header(svc_id=0x03, op=0x82, ctrl_index=0x00, data_len=0x0c) bytearray(b'\x03\x82\x00\x0c\x00')
2026-09-16 20:07:06,551 BTPWorkerThread-1601 (_rx_task) root DEBUG iutctl_common.py          139   read                      : Read 12 bytes data
2026-09-16 20:07:06,551 BTPWorkerThread-1601 (_rx_task) root DEBUG iutctl_common.py          154   read                      : Received data: {'00 00 02 00 00 e0 4e e4 08 dc 1b 00'}, bytearray(b'\x00\x00\x02\x00\x00\xe0N\xe4\x08\xdc\x1b\x00')
2026-09-16 20:07:06,551 BTPWorkerThread-1601 (_rx_task) root DEBUG btp.py                    700   event_handler             : Header(svc_id=3, op=130, ctrl_index=0, data_len=12) (b'\x00\x00\x02\x00\x00\xe0N\xe4\x08\xdc\x1b\x00',)
2026-09-16 20:07:06,551 BTPWorkerThread-1601 (_rx_task) root DEBUG l2cap.py                  399   l2cap_disconnected_ev     : b'\x00\x00\x02\x00\x00\xe0N\xe4\x08\xdc\x1b\x00' 12
2026-09-16 20:07:06,551 BTPWorkerThread-1601 (_rx_task) root ERROR l2cap.py                  178   disconnected              : unknown channel
2026-09-16 20:07:06,551 BTPWorkerThread-1601 (_rx_task) root DEBUG l2cap.py                  406   l2cap_disconnected_ev     : id:2 on psm:0, addr b'N\xe4\x08\xdc\x1b\x00' type 224, res 'Success'
2026-09-16 20:07:06,551 BTPWorkerThread-1601 (_rx_task) root DEBUG iutctl_common.py          123   read                      : Read 5 bytes
2026-09-16 20:07:06,551 BTPWorkerThread-1601 (_rx_task) root DEBUG iutctl_common.py          131   read                      : Received: hdr: Header(svc_id=0x01, op=0x83, ctrl_index=0x00, data_len=0x07) bytearray(b'\x01\x83\x00\x07\x00')
2026-09-16 20:07:06,551 BTPWorkerThread-1601 (_rx_task) root DEBUG iutctl_common.py          139   read                      : Read 7 bytes data
2026-09-16 20:07:06,552 BTPWorkerThread-1601 (_rx_task) root DEBUG iutctl_common.py          154   read                      : Received data: {'e0 4e e4 08 dc 1b 00'}, bytearray(b'\xe0N\xe4\x08\xdc\x1b\x00')
2026-09-16 20:07:06,552 BTPWorkerThread-1601 (_rx_task) root DEBUG btp.py                    700   event_handler             : Header(svc_id=1, op=131, ctrl_index=0, data_len=7) (b'\xe0N\xe4\x08\xdc\x1b\x00',)
2026-09-16 20:07:06,552 BTPWorkerThread-1601 (_rx_task) root DEBUG gap.py                    226   gap_disconnected_ev_      : b'\xe0N\xe4\x08\xdc\x1b\x00'
2026-09-16 20:07:07,191 LT1-thread root DEBUG testcase.py               679   run_wid                   : GAP GAP/SEC/SEM/BV-49-C on_implicit_send
2026-09-16 20:07:07,191 LT1-thread root DEBUG gap_wid.py                26    gap_wid_hdl               : gap_wid_hdl, 252, Please send L2CAP Connection Response with Security Blocked to PTS., GAP/SEC/SEM/BV-49-C
2026-09-16 20:07:07,191 LT1-thread root DEBUG testcase.py               722   run_wid                   : Sending response 'OK' to wid 252 test case GAP/SEC/SEM/BV-49-C
2026-09-16 20:07:07,193 LT1-thread root DEBUG client.py                 276   get_result                : ClientCallback.get_result run_test_case
2026-09-16 20:07:10,485 LT1-callback ClientCallback.log INFO client.py                 200   log                       : PTS_LOGTYPE_START_TEST Start Test Case 

+640 ms
 GAP/SEC/SEM/BV-49-C GAP/SEC/SEM/BV-49-C

2026-09-16 20:07:10,890 LT1-callback ClientCallback.log INFO client.py                 200   log                       : PTS_LOGTYPE_FINAL_VERDICT Final Verdict 

+17250 ms
 GAP/SEC/SEM/BV-49-C PASS

2026-09-16 20:07:10,894 LT1-callback ClientCallback.log INFO client.py                 200   log                       : PTS_LOGTYPE_FINAL_VERDICT Encrypted Verdict 

+17250 ms
 GAP/SEC/SEM/BV-49-C A1#ZWY4MzQ5MDg3MmQwNTIxOGQzMzQ5YjY2ODA5M2MzNjQ5ZDY4NmY0Yjc2MzIzM2VkNTUyNTFhNGU4Mjg1MjI0NA==#ZXXEV6ysttj9PaaopwZuogXArTwP8zoz4R06R3cZTvxK64BUjOKdTasNYMr/YCMX

2026-09-16 20:07:10,899 LT1-callback ClientCallback.log INFO client.py                 200   log                       : PTS_LOGTYPE_END_TEST Test Case Ended 

+17250 ms
 GAP/SEC/SEM/BV-49-C GAP/SEC/SEM/BV-49-C

2026-09-16 20:07:11,035 LT1-callback root DEBUG client.py                 261   set_result                : ClientCallback, set_result, run_test_case, PASS
2026-09-16 20:07:11,035 LT1-thread root DEBUG client.py                 1186  _run_test_case            : After run_test_case error_code=0 status='PASS'
2026-09-16 20:07:11,035 LT1-thread root DEBUG testcase.py               766   post_run                  : post_run GAP GAP/SEC/SEM/BV-49-C 0
2026-09-16 20:07:11,036 LT1-thread root DEBUG testcase.py               254   start                     : Starting test function: class=<class 'autopts.ptsprojects.testcase.TestFuncCleanUp'>, func=<bound method ZTestCase._test_case_cleanup of <autopts.ptsprojects.zephyr.ztestcase.ZTestCase object at 0x000002A769E6B9B0>> start_wid=None stop_wid=None post_wid=None skip_call=None call_count=1 args=() kwds={}
2026-09-16 20:07:11,036 LT1-thread root DEBUG testcase.py               266   start                     : Test function parameters: args=(), kwds={}
2026-09-16 20:07:11,036 LT1-thread root DEBUG iutctl.py                 415   stop                      : <class 'autopts.ptsprojects.zephyr.iutctl.create_zephyr_ctl_class.<locals>.ZephyrCtl'>.stop
2026-09-16 20:07:11,036 LT1-thread root DEBUG __init__.py               51    reset                     : About to reset DUT: JLink -CommandFile reset.jlink -usb 1063214216 -device MIMXRT1176XXXA_M7
2026-09-16 20:07:11,348 BTPWorkerThread-1601 (_rx_task) root DEBUG iutctl_common.py          123   read                      : Read 5 bytes
2026-09-16 20:07:11,349 BTPWorkerThread-1601 (_rx_task) root DEBUG iutctl_common.py          131   read                      : Received: hdr: Header(svc_id=0x00, op=0x80, ctrl_index=0xff, data_len=0x00) bytearray(b'\x00\x80\xff\x00\x00')
2026-09-16 20:07:11,349 BTPWorkerThread-1601 (_rx_task) root DEBUG iutctl_common.py          154   read                      : Received data: {''}, bytearray(b'')
2026-09-16 20:07:11,349 BTPWorkerThread-1601 (_rx_task) root DEBUG btp.py                    700   event_handler             : Header(svc_id=0, op=128, ctrl_index=255, data_len=0) (b'',)
2026-09-16 20:07:11,349 BTPWorkerThread-1601 (_rx_task) root DEBUG core.py                   23    core_iut_ready_ev         : 
2026-09-16 20:07:11,418 LT1-thread root DEBUG iutctl.py                 436   _stop_tty_mode            : IUT ready event received OK
2026-09-16 20:07:11,418 LT1-thread root DEBUG iutctl_common.py          416   close                     : Waiting for _rx_worker to finish ...
2026-09-16 20:07:12,349 BTPWorkerThread-1601 (_rx_task) root DEBUG iutctl_common.py          332   _rx_task                  : BTPWorkerThread-1601 (_rx_task) finishing...
2026-09-16 20:07:15,356 LT1-thread root DEBUG testcase.py               794   post_run                  : post_run, cleanup running post test case script
2026-09-16 20:07:15,356 LT1-thread root DEBUG testcase.py               802   post_run                  : post_run, run post test case script
2026-09-16 20:07:15,433 LT1-thread root DEBUG client.py                 1220  _run_test_case            : Done TestCase _run_test_case GAP GAP/SEC/SEM/BV-49-C
