2026-03-27 14:18:01,656 LT1-thread root DEBUG client.py                 82    logger_log                : Starting TestCase _run_test_case HFP HFP/AG/TCA/BV-06-C
2026-03-27 14:18:01,656 LT1-thread root DEBUG client.py                 82    logger_log                : pre_run HFP HFP/AG/TCA/BV-06-C
2026-03-27 14:18:01,657 LT1-thread root DEBUG client.py                 82    logger_log                : About to run test case HFP HFP/AG/TCA/BV-06-C with commands:
2026-03-27 14:18:01,657 LT1-thread root DEBUG client.py                 82    logger_log                : 0) class=<class 'autopts.ptsprojects.testcase.TestFunc'>, func=<bound method Stack.core_init of <autopts.ptsprojects.stack.stack.Stack object at 0x00000285DC63BA70>> start_wid=None stop_wid=None post_wid=None skip_call=None call_count=1 args=() kwds={}
2026-03-27 14:18:01,657 LT1-thread root DEBUG client.py                 82    logger_log                : 1) class=<class 'autopts.ptsprojects.testcase.TestFunc'>, func=<bound method IutCtl.start of <autopts.ptsprojects.zephyr.iutctl.ZephyrCtl object at 0x00000285DC5B4CB0>> start_wid=None stop_wid=None post_wid=None skip_call=None call_count=1 args=(<autopts.ptsprojects.zephyr.ztestcase.ZTestCase object at 0x00000285DCD1D5B0>,) kwds={}
2026-03-27 14:18:01,657 LT1-thread root DEBUG client.py                 82    logger_log                : 2) class=<class 'autopts.ptsprojects.testcase.TestFunc'>, func=<bound method IutCtl.wait_iut_ready_event of <autopts.ptsprojects.zephyr.iutctl.ZephyrCtl object at 0x00000285DC5B4CB0>> start_wid=None stop_wid=None post_wid=None skip_call=None call_count=1 args=(False,) kwds={}
2026-03-27 14:18:01,657 LT1-thread root DEBUG client.py                 82    logger_log                : 3) class=<class 'autopts.ptsprojects.testcase.TestFunc'>, func=<function core_reg_svc_gap at 0x00000285DA0E3B00> start_wid=None stop_wid=None post_wid=None skip_call=None call_count=44 args=() kwds={}
2026-03-27 14:18:01,657 LT1-thread root DEBUG client.py                 82    logger_log                : 4) class=<class 'autopts.ptsprojects.testcase.TestFunc'>, func=<bound method Stack.gap_init of <autopts.ptsprojects.stack.stack.Stack object at 0x00000285DC63BA70>> start_wid=None stop_wid=None post_wid=None skip_call=None call_count=43 args=(b'Tester_08E44E',) kwds={}
2026-03-27 14:18:01,658 LT1-thread root DEBUG client.py                 82    logger_log                : 5) class=<class 'autopts.ptsprojects.testcase.TestFunc'>, func=<function gap_read_ctrl_info at 0x00000285DA1428E0> start_wid=None stop_wid=None post_wid=None skip_call=None call_count=43 args=() kwds={}
2026-03-27 14:18:01,658 LT1-thread root DEBUG client.py                 82    logger_log                : 6) class=<class 'autopts.ptsprojects.testcase.TestFunc'>, func=<function test_cases.<locals>.<lambda> at 0x00000285DCCB9620> start_wid=None stop_wid=None post_wid=None skip_call=None call_count=43 args=() kwds={}
2026-03-27 14:18:01,658 LT1-thread root DEBUG client.py                 82    logger_log                : 7) class=<class 'autopts.ptsprojects.testcase.TestFunc'>, func=<function set_pts_addr at 0x00000285DA0E36A0> start_wid=None stop_wid=None post_wid=None skip_call=None call_count=43 args=('00:1B:DC:08:E4:4E', 0) kwds={}
2026-03-27 14:18:01,658 LT1-thread root DEBUG client.py                 82    logger_log                : 8) class=<class 'autopts.ptsprojects.testcase.TestFunc'>, func=<function gap_set_conn at 0x00000285DA142200> start_wid=None stop_wid=None post_wid=None skip_call=None call_count=43 args=() kwds={}
2026-03-27 14:18:01,658 LT1-thread root DEBUG client.py                 82    logger_log                : 9) class=<class 'autopts.ptsprojects.testcase.TestFunc'>, func=<function gap_set_gendiscov at 0x00000285DA1423E0> start_wid=None stop_wid=None post_wid=None skip_call=None call_count=43 args=() kwds={}
2026-03-27 14:18:01,658 LT1-thread root DEBUG client.py                 82    logger_log                : 10) class=<class 'autopts.ptsprojects.testcase.TestFunc'>, func=<function gap_set_io_cap at 0x00000285DA141DA0> start_wid=None stop_wid=None post_wid=None skip_call=None call_count=43 args=(3,) kwds={}
2026-03-27 14:18:01,658 LT1-thread root DEBUG client.py                 82    logger_log                : 11) class=<class 'autopts.ptsprojects.testcase.TestFunc'>, func=<function core_reg_svc_hfp_ag at 0x00000285DA109300> start_wid=None stop_wid=None post_wid=None skip_call=None call_count=43 args=() kwds={}
2026-03-27 14:18:01,658 LT1-thread root DEBUG client.py                 82    logger_log                : 12) class=<class 'autopts.ptsprojects.testcase.TestFunc'>, func=<bound method Stack.hfp_ag_init of <autopts.ptsprojects.stack.stack.Stack object at 0x00000285DC63BA70>> start_wid=None stop_wid=None post_wid=None skip_call=None call_count=43 args=() kwds={}
2026-03-27 14:18:01,658 LT1-thread root DEBUG client.py                 82    logger_log                : 13) class=<class 'autopts.ptsprojects.testcase.TestFunc'>, func=<function hfp_ag_set_default_indicator_value at 0x00000285DA283C40> start_wid=None stop_wid=None post_wid=None skip_call=None call_count=43 args=(1, 5, 0, 5) kwds={}
2026-03-27 14:18:01,658 LT1-thread root DEBUG client.py                 82    logger_log                : 14) class=<class 'autopts.ptsprojects.testcase.TestFunc'>, func=<function hfp_ag_set_memory_dial_mapping at 0x00000285DA283CE0> start_wid=None stop_wid=None post_wid=None skip_call=None call_count=43 args=('1', '1234567') kwds={}
2026-03-27 14:18:01,658 LT1-thread root DEBUG client.py                 82    logger_log                : 15) class=<class 'autopts.ptsprojects.testcase.TestFunc'>, func=<function hfp_ag_set_voice_tag_number at 0x00000285DA283E20> start_wid=None stop_wid=None post_wid=None skip_call=None call_count=43 args=('1234567',) kwds={}
2026-03-27 14:18:01,658 LT1-thread root DEBUG client.py                 82    logger_log                : 16) class=<class 'autopts.ptsprojects.testcase.TestFuncCleanUp'>, func=<bound method Stack.cleanup of <autopts.ptsprojects.stack.stack.Stack object at 0x00000285DC63BA70>> start_wid=None stop_wid=None post_wid=None skip_call=None call_count=1 args=() kwds={}
2026-03-27 14:18:01,658 LT1-thread root DEBUG client.py                 82    logger_log                : 17) class=<class 'autopts.ptsprojects.testcase.TestFuncCleanUp'>, func=<bound method ZephyrCtl.stop of <autopts.ptsprojects.zephyr.iutctl.ZephyrCtl object at 0x00000285DC5B4CB0>> start_wid=None stop_wid=None post_wid=None skip_call=None call_count=1 args=() kwds={}
2026-03-27 14:18:01,658 LT1-thread root DEBUG client.py                 82    logger_log                : pre_run, run pre test case script
2026-03-27 14:18:01,683 LT1-thread root DEBUG client.py                 82    logger_log                : Starting test function: class=<class 'autopts.ptsprojects.testcase.TestFunc'>, func=<bound method Stack.core_init of <autopts.ptsprojects.stack.stack.Stack object at 0x00000285DC63BA70>> start_wid=None stop_wid=None post_wid=None skip_call=None call_count=2 args=() kwds={}
2026-03-27 14:18:01,683 LT1-thread root DEBUG client.py                 82    logger_log                : Test function parameters: args=(), kwds={}
2026-03-27 14:18:01,683 LT1-thread root DEBUG client.py                 82    logger_log                : Starting test function: class=<class 'autopts.ptsprojects.testcase.TestFunc'>, func=<bound method IutCtl.start of <autopts.ptsprojects.zephyr.iutctl.ZephyrCtl object at 0x00000285DC5B4CB0>> start_wid=None stop_wid=None post_wid=None skip_call=None call_count=2 args=(<autopts.ptsprojects.zephyr.ztestcase.ZTestCase object at 0x00000285DCD1D5B0>,) kwds={}
2026-03-27 14:18:01,684 LT1-thread root DEBUG client.py                 82    logger_log                : Test function parameters: args=(<autopts.ptsprojects.zephyr.ztestcase.ZTestCase object at 0x00000285DCD1D5B0>,), kwds={}
2026-03-27 14:18:01,684 LT1-thread root DEBUG client.py                 82    logger_log                : <class 'autopts.ptsprojects.zephyr.iutctl.ZephyrCtl'>.start
2026-03-27 14:18:01,684 LT1-thread root DEBUG client.py                 82    logger_log                : <class 'autopts.ptsprojects.zephyr.iutctl.ZephyrCtl'>.flush_serial
2026-03-27 14:18:02,922 LT1-thread root DEBUG client.py                 82    logger_log                : Starting socat process: socat.exe -x -v tcp:10.17.12.9:50804,retry=100,interval=1 /dev/ttyS2,raw,b115200,
2026-03-27 14:18:02,942 LT1-thread root DEBUG client.py                 82    logger_log                : accept
2026-03-27 14:18:03,506 BTPWorkerThread-898 (_rx_task) root DEBUG client.py                 82    logger_log                : BTPWorkerThread-898 (_rx_task) started
2026-03-27 14:18:03,507 LT1-thread root DEBUG client.py                 82    logger_log                : Starting test function: class=<class 'autopts.ptsprojects.testcase.TestFunc'>, func=<bound method IutCtl.wait_iut_ready_event of <autopts.ptsprojects.zephyr.iutctl.ZephyrCtl object at 0x00000285DC5B4CB0>> start_wid=None stop_wid=None post_wid=None skip_call=None call_count=2 args=(False,) kwds={}
2026-03-27 14:18:03,507 LT1-thread root DEBUG client.py                 82    logger_log                : Test function parameters: args=(False,), kwds={}
2026-03-27 14:18:03,507 LT1-thread root DEBUG client.py                 82    logger_log                : IUT ready event received OK
2026-03-27 14:18:03,508 LT1-thread root DEBUG client.py                 82    logger_log                : Starting test function: class=<class 'autopts.ptsprojects.testcase.TestFunc'>, func=<function core_reg_svc_gap at 0x00000285DA0E3B00> start_wid=None stop_wid=None post_wid=None skip_call=None call_count=45 args=() kwds={}
2026-03-27 14:18:03,508 LT1-thread root DEBUG client.py                 82    logger_log                : Test function parameters: args=(), kwds={}
2026-03-27 14:18:03,508 LT1-thread root DEBUG client.py                 82    logger_log                : core_reg_svc_univ: gap_reg (GAP)
2026-03-27 14:18:03,508 LT1-thread root DEBUG client.py                 82    logger_log                : send, 0 3 255 '1'
2026-03-27 14:18:03,508 LT1-thread root DEBUG client.py                 82    logger_log                : sending frame '0003ff010001'
2026-03-27 14:18:03,508 LT1-thread root DEBUG client.py                 82    logger_log                : core_reg_svc_rsp_succ
2026-03-27 14:18:03,508 LT1-thread root DEBUG client.py                 82    logger_log                : read
2026-03-27 14:18:07,571 BTPWorkerThread-898 (_rx_task) root DEBUG client.py                 82    logger_log                : Read 5 bytes
2026-03-27 14:18:07,576 BTPWorkerThread-898 (_rx_task) root DEBUG client.py                 82    logger_log                : Received: hdr: Header(svc_id=0x00, op=0x03, ctrl_index=0xff, data_len=0x00) bytearray(b'\x00\x03\xff\x00\x00')
2026-03-27 14:18:07,581 BTPWorkerThread-898 (_rx_task) root DEBUG client.py                 82    logger_log                : Received data: {''}, bytearray(b'')
2026-03-27 14:18:07,593 LT1-thread root DEBUG client.py                 82    logger_log                : received Header(svc_id=0, op=3, ctrl_index=255, data_len=0) (b'',)
2026-03-27 14:18:07,593 LT1-thread root DEBUG client.py                 82    logger_log                : expected ((0, 3, 255, 0), (b'',))
2026-03-27 14:18:07,593 LT1-thread root DEBUG client.py                 82    logger_log                : response is valid
2026-03-27 14:18:07,593 LT1-thread root DEBUG client.py                 82    logger_log                : Reading supported commands for service: GAP
2026-03-27 14:18:07,593 LT1-thread root DEBUG client.py                 82    logger_log                : send, 1 1 255 ''
2026-03-27 14:18:07,594 LT1-thread root DEBUG client.py                 82    logger_log                : sending frame '0101ff0000'
2026-03-27 14:18:07,594 LT1-thread root DEBUG client.py                 82    logger_log                : read
2026-03-27 14:18:07,626 BTPWorkerThread-898 (_rx_task) root DEBUG client.py                 82    logger_log                : Read 5 bytes
2026-03-27 14:18:07,636 BTPWorkerThread-898 (_rx_task) root DEBUG client.py                 82    logger_log                : Received: hdr: Header(svc_id=0x01, op=0x01, ctrl_index=0xff, data_len=0x07) bytearray(b'\x01\x01\xff\x07\x00')
2026-03-27 14:18:07,657 BTPWorkerThread-898 (_rx_task) root DEBUG client.py                 82    logger_log                : Read 7 bytes data
2026-03-27 14:18:07,669 BTPWorkerThread-898 (_rx_task) root DEBUG client.py                 82    logger_log                : Received data: {'6e ff 7f 1f fe f7 0e'}, bytearray(b'n\xff\x7f\x1f\xfe\xf7\x0e')
2026-03-27 14:18:07,674 LT1-thread root DEBUG client.py                 82    logger_log                : Starting test function: class=<class 'autopts.ptsprojects.testcase.TestFunc'>, func=<bound method Stack.gap_init of <autopts.ptsprojects.stack.stack.Stack object at 0x00000285DC63BA70>> start_wid=None stop_wid=None post_wid=None skip_call=None call_count=44 args=(b'Tester_08E44E',) kwds={}
2026-03-27 14:18:07,674 LT1-thread root DEBUG client.py                 82    logger_log                : Test function parameters: args=(b'Tester_08E44E',), kwds={}
2026-03-27 14:18:07,674 LT1-thread root DEBUG client.py                 82    logger_log                : Starting test function: class=<class 'autopts.ptsprojects.testcase.TestFunc'>, func=<function gap_read_ctrl_info at 0x00000285DA1428E0> start_wid=None stop_wid=None post_wid=None skip_call=None call_count=44 args=() kwds={}
2026-03-27 14:18:07,674 LT1-thread root DEBUG client.py                 82    logger_log                : Test function parameters: args=(), kwds={}
2026-03-27 14:18:07,674 LT1-thread root DEBUG client.py                 82    logger_log                : gap_read_ctrl_info
2026-03-27 14:18:07,674 LT1-thread root DEBUG client.py                 82    logger_log                : send, 1 3 0 ''
2026-03-27 14:18:07,675 LT1-thread root DEBUG client.py                 82    logger_log                : sending frame '0103000000'
2026-03-27 14:18:07,675 LT1-thread root DEBUG client.py                 82    logger_log                : read
2026-03-27 14:18:07,708 BTPWorkerThread-898 (_rx_task) root DEBUG client.py                 82    logger_log                : Read 5 bytes
2026-03-27 14:18:07,719 BTPWorkerThread-898 (_rx_task) root DEBUG client.py                 82    logger_log                : Received: hdr: Header(svc_id=0x01, op=0x03, ctrl_index=0x00, data_len=0x115) bytearray(b'\x01\x03\x00\x15\x01')
2026-03-27 14:18:07,753 BTPWorkerThread-898 (_rx_task) root DEBUG client.py                 82    logger_log                : Read 277 bytes data
2026-03-27 14:18:07,763 BTPWorkerThread-898 (_rx_task) root DEBUG client.py                 82    logger_log                : Received data: {'19 78 ee 69 17 d0 d3 06 02 00 13 02 00 00 00 00 00 62 74 70 5f 74 65 73 74 65 72 00 00 00 00 00 00 00 00 00 00 00 00 00 00 00 00 00 00 00 00 00 00 00 00 00 00 00 00 00 00 00 00 00 00 00 00 00 00 00 00 00 00 00 00 00 00 00 00 00 00 00 00 00 00 00 00 00 00 00 00 00 00 00 00 00 00 00 00 00 00 00 00 00 00 00 00 00 00 00 00 00 00 00 00 00 00 00 00 00 00 00 00 00 00 00 00 00 00 00 00 00 00 00 00 00 00 00 00 00 00 00 00 00 00 00 00 00 00 00 00 00 00 00 00 00 00 00 00 00 00 00 00 00 00 00 00 00 00 00 00 00 00 00 00 00 00 00 00 00 00 00 00 00 00 00 00 00 00 00 00 00 00 00 00 00 00 00 00 00 00 00 00 00 00 00 00 00 00 00 00 00 00 00 00 00 00 00 00 00 00 00 00 00 00 00 00 00 00 00 00 00 00 00 00 00 00 00 00 00 00 00 00 00 00 00 00 00 00 00 00 00 00 00 00 00 00 00 00 00 00 00 00 00 00 00 00 00 00 00 00 00 00 00 00 00 00 00 00 00 00'}, bytearray(b'\x19x\xeei\x17\xd0\xd3\x06\x02\x00\x13\x02\x00\x00\x00\x00\x00btp_tester\x00\x00\x00\x00\x00\x00\x00\x00\x00\x00\x00\x00\x00\x00\x00\x00\x00\x00\x00\x00\x00\x00\x00\x00\x00\x00\x00\x00\x00\x00\x00\x00\x00\x00\x00\x00\x00\x00\x00\x00\x00\x00\x00\x00\x00\x00\x00\x00\x00\x00\x00\x00\x00\x00\x00\x00\x00\x00\x00\x00\x00\x00\x00\x00\x00\x00\x00\x00\x00\x00\x00\x00\x00\x00\x00\x00\x00\x00\x00\x00\x00\x00\x00\x00\x00\x00\x00\x00\x00\x00\x00\x00\x00\x00\x00\x00\x00\x00\x00\x00\x00\x00\x00\x00\x00\x00\x00\x00\x00\x00\x00\x00\x00\x00\x00\x00\x00\x00\x00\x00\x00\x00\x00\x00\x00\x00\x00\x00\x00\x00\x00\x00\x00\x00\x00\x00\x00\x00\x00\x00\x00\x00\x00\x00\x00\x00\x00\x00\x00\x00\x00\x00\x00\x00\x00\x00\x00\x00\x00\x00\x00\x00\x00\x00\x00\x00\x00\x00\x00\x00\x00\x00\x00\x00\x00\x00\x00\x00\x00\x00\x00\x00\x00\x00\x00\x00\x00\x00\x00\x00\x00\x00\x00\x00\x00\x00\x00\x00\x00\x00\x00\x00\x00\x00\x00\x00\x00\x00\x00\x00\x00\x00\x00\x00\x00\x00\x00\x00\x00\x00\x00\x00\x00\x00\x00\x00\x00\x00\x00\x00\x00\x00\x00\x00\x00\x00\x00\x00\x00\x00\x00\x00\x00\x00\x00\x00\x00\x00\x00\x00')
2026-03-27 14:18:07,780 LT1-thread root DEBUG client.py                 82    logger_log                : received Header(svc_id=1, op=3, ctrl_index=0, data_len=277) (b'\x19x\xeei\x17\xd0\xd3\x06\x02\x00\x13\x02\x00\x00\x00\x00\x00btp_tester\x00\x00\x00\x00\x00\x00\x00\x00\x00\x00\x00\x00\x00\x00\x00\x00\x00\x00\x00\x00\x00\x00\x00\x00\x00\x00\x00\x00\x00\x00\x00\x00\x00\x00\x00\x00\x00\x00\x00\x00\x00\x00\x00\x00\x00\x00\x00\x00\x00\x00\x00\x00\x00\x00\x00\x00\x00\x00\x00\x00\x00\x00\x00\x00\x00\x00\x00\x00\x00\x00\x00\x00\x00\x00\x00\x00\x00\x00\x00\x00\x00\x00\x00\x00\x00\x00\x00\x00\x00\x00\x00\x00\x00\x00\x00\x00\x00\x00\x00\x00\x00\x00\x00\x00\x00\x00\x00\x00\x00\x00\x00\x00\x00\x00\x00\x00\x00\x00\x00\x00\x00\x00\x00\x00\x00\x00\x00\x00\x00\x00\x00\x00\x00\x00\x00\x00\x00\x00\x00\x00\x00\x00\x00\x00\x00\x00\x00\x00\x00\x00\x00\x00\x00\x00\x00\x00\x00\x00\x00\x00\x00\x00\x00\x00\x00\x00\x00\x00\x00\x00\x00\x00\x00\x00\x00\x00\x00\x00\x00\x00\x00\x00\x00\x00\x00\x00\x00\x00\x00\x00\x00\x00\x00\x00\x00\x00\x00\x00\x00\x00\x00\x00\x00\x00\x00\x00\x00\x00\x00\x00\x00\x00\x00\x00\x00\x00\x00\x00\x00\x00\x00\x00\x00\x00\x00\x00\x00\x00\x00\x00\x00\x00\x00\x00\x00\x00\x00\x00\x00\x00\x00\x00\x00\x00\x00\x00\x00\x00\x00\x00',)
2026-03-27 14:18:07,780 LT1-thread root DEBUG client.py                 82    logger_log                : IUT address 'd01769ee7819' 'public'
2026-03-27 14:18:07,780 LT1-thread root DEBUG client.py                 82    logger_log                : __gap_current_settings_update 531
2026-03-27 14:18:07,781 LT1-thread root DEBUG client.py                 82    logger_log                : Starting test function: class=<class 'autopts.ptsprojects.testcase.TestFunc'>, func=<function test_cases.<locals>.<lambda> at 0x00000285DCCB9620> start_wid=None stop_wid=None post_wid=None skip_call=None call_count=44 args=() kwds={}
2026-03-27 14:18:07,781 LT1-thread root DEBUG client.py                 82    logger_log                : Test function parameters: args=(), kwds={}
2026-03-27 14:18:07,783 LT1-thread root DEBUG client.py                 82    logger_log                : Starting test function: class=<class 'autopts.ptsprojects.testcase.TestFunc'>, func=<function set_pts_addr at 0x00000285DA0E36A0> start_wid=None stop_wid=None post_wid=None skip_call=None call_count=44 args=('00:1B:DC:08:E4:4E', 0) kwds={}
2026-03-27 14:18:07,784 LT1-thread root DEBUG client.py                 82    logger_log                : Test function parameters: args=('00:1B:DC:08:E4:4E', 0), kwds={}
2026-03-27 14:18:07,784 LT1-thread root DEBUG client.py                 82    logger_log                : Starting test function: class=<class 'autopts.ptsprojects.testcase.TestFunc'>, func=<function gap_set_conn at 0x00000285DA142200> start_wid=None stop_wid=None post_wid=None skip_call=None call_count=44 args=() kwds={}
2026-03-27 14:18:07,784 LT1-thread root DEBUG client.py                 82    logger_log                : Test function parameters: args=(), kwds={}
2026-03-27 14:18:07,784 LT1-thread root DEBUG client.py                 82    logger_log                : gap_set_conn
2026-03-27 14:18:07,784 LT1-thread root DEBUG client.py                 82    logger_log                : Starting test function: class=<class 'autopts.ptsprojects.testcase.TestFunc'>, func=<function gap_set_gendiscov at 0x00000285DA1423E0> start_wid=None stop_wid=None post_wid=None skip_call=None call_count=44 args=() kwds={}
2026-03-27 14:18:07,784 LT1-thread root DEBUG client.py                 82    logger_log                : Test function parameters: args=(), kwds={}
2026-03-27 14:18:07,784 LT1-thread root DEBUG client.py                 82    logger_log                : gap_set_gendiscov
2026-03-27 14:18:07,784 LT1-thread root DEBUG client.py                 82    logger_log                : send, 1 8 0 '1'
2026-03-27 14:18:07,784 LT1-thread root DEBUG client.py                 82    logger_log                : sending frame '010800010001'
2026-03-27 14:18:07,785 LT1-thread root DEBUG client.py                 82    logger_log                : gap_command_rsp_succ
2026-03-27 14:18:07,785 LT1-thread root DEBUG client.py                 82    logger_log                : read
2026-03-27 14:18:07,851 BTPWorkerThread-898 (_rx_task) root DEBUG client.py                 82    logger_log                : Read 5 bytes
2026-03-27 14:18:07,861 BTPWorkerThread-898 (_rx_task) root DEBUG client.py                 82    logger_log                : Received: hdr: Header(svc_id=0x01, op=0x08, ctrl_index=0x00, data_len=0x04) bytearray(b'\x01\x08\x00\x04\x00')
2026-03-27 14:18:07,877 BTPWorkerThread-898 (_rx_task) root DEBUG client.py                 82    logger_log                : Read 4 bytes data
2026-03-27 14:18:07,888 BTPWorkerThread-898 (_rx_task) root DEBUG client.py                 82    logger_log                : Received data: {'1b 02 00 00'}, bytearray(b'\x1b\x02\x00\x00')
2026-03-27 14:18:07,905 LT1-thread root DEBUG client.py                 82    logger_log                : received Header(svc_id=1, op=8, ctrl_index=0, data_len=4) (b'\x1b\x02\x00\x00',)
2026-03-27 14:18:07,905 LT1-thread root DEBUG client.py                 82    logger_log                : __gap_current_settings_update (b'\x1b\x02\x00\x00',)
2026-03-27 14:18:07,905 LT1-thread root DEBUG client.py                 82    logger_log                : Starting test function: class=<class 'autopts.ptsprojects.testcase.TestFunc'>, func=<function gap_set_io_cap at 0x00000285DA141DA0> start_wid=None stop_wid=None post_wid=None skip_call=None call_count=44 args=(3,) kwds={}
2026-03-27 14:18:07,905 LT1-thread root DEBUG client.py                 82    logger_log                : Test function parameters: args=(3,), kwds={}
2026-03-27 14:18:07,905 LT1-thread root DEBUG client.py                 82    logger_log                : gap_set_io_cap 3
2026-03-27 14:18:07,906 LT1-thread root DEBUG client.py                 82    logger_log                : send, 1 16 0 '\x03'
2026-03-27 14:18:07,906 LT1-thread root DEBUG client.py                 82    logger_log                : sending frame '011000010003'
2026-03-27 14:18:07,906 LT1-thread root DEBUG client.py                 82    logger_log                : gap_command_rsp_succ
2026-03-27 14:18:07,906 LT1-thread root DEBUG client.py                 82    logger_log                : read
2026-03-27 14:18:07,945 BTPWorkerThread-898 (_rx_task) root DEBUG client.py                 82    logger_log                : Read 5 bytes
2026-03-27 14:18:07,956 BTPWorkerThread-898 (_rx_task) root DEBUG client.py                 82    logger_log                : Received: hdr: Header(svc_id=0x01, op=0x10, ctrl_index=0x00, data_len=0x00) bytearray(b'\x01\x10\x00\x00\x00')
2026-03-27 14:18:07,967 BTPWorkerThread-898 (_rx_task) root DEBUG client.py                 82    logger_log                : Received data: {''}, bytearray(b'')
2026-03-27 14:18:07,984 LT1-thread root DEBUG client.py                 82    logger_log                : received Header(svc_id=1, op=16, ctrl_index=0, data_len=0) (b'',)
2026-03-27 14:18:07,984 LT1-thread root DEBUG client.py                 82    logger_log                : Starting test function: class=<class 'autopts.ptsprojects.testcase.TestFunc'>, func=<function core_reg_svc_hfp_ag at 0x00000285DA109300> start_wid=None stop_wid=None post_wid=None skip_call=None call_count=44 args=() kwds={}
2026-03-27 14:18:07,984 LT1-thread root DEBUG client.py                 82    logger_log                : Test function parameters: args=(), kwds={}
2026-03-27 14:18:07,984 LT1-thread root DEBUG client.py                 82    logger_log                : core_reg_svc_univ: hfp_ag_reg (HFP_AG)
2026-03-27 14:18:07,984 LT1-thread root DEBUG client.py                 82    logger_log                : send, 0 3 255 '34'
2026-03-27 14:18:07,984 LT1-thread root DEBUG client.py                 82    logger_log                : sending frame '0003ff010022'
2026-03-27 14:18:07,984 LT1-thread root DEBUG client.py                 82    logger_log                : core_reg_svc_rsp_succ
2026-03-27 14:18:07,984 LT1-thread root DEBUG client.py                 82    logger_log                : read
2026-03-27 14:18:08,019 BTPWorkerThread-898 (_rx_task) root DEBUG client.py                 82    logger_log                : Read 5 bytes
2026-03-27 14:18:08,030 BTPWorkerThread-898 (_rx_task) root DEBUG client.py                 82    logger_log                : Received: hdr: Header(svc_id=0x00, op=0x03, ctrl_index=0xff, data_len=0x00) bytearray(b'\x00\x03\xff\x00\x00')
2026-03-27 14:18:08,043 BTPWorkerThread-898 (_rx_task) root DEBUG client.py                 82    logger_log                : Received data: {''}, bytearray(b'')
2026-03-27 14:18:08,059 LT1-thread root DEBUG client.py                 82    logger_log                : received Header(svc_id=0, op=3, ctrl_index=255, data_len=0) (b'',)
2026-03-27 14:18:08,059 LT1-thread root DEBUG client.py                 82    logger_log                : expected ((0, 3, 255, 0), (b'',))
2026-03-27 14:18:08,059 LT1-thread root DEBUG client.py                 82    logger_log                : response is valid
2026-03-27 14:18:08,059 LT1-thread root DEBUG client.py                 82    logger_log                : Reading supported commands for service: HFP_AG
2026-03-27 14:18:08,060 LT1-thread root DEBUG client.py                 82    logger_log                : send, 34 1 255 ''
2026-03-27 14:18:08,060 LT1-thread root DEBUG client.py                 82    logger_log                : sending frame '2201ff0000'
2026-03-27 14:18:08,060 LT1-thread root DEBUG client.py                 82    logger_log                : read
2026-03-27 14:18:08,096 BTPWorkerThread-898 (_rx_task) root DEBUG client.py                 82    logger_log                : Read 5 bytes
2026-03-27 14:18:08,107 BTPWorkerThread-898 (_rx_task) root DEBUG client.py                 82    logger_log                : Received: hdr: Header(svc_id=0x22, op=0x01, ctrl_index=0xff, data_len=0x05) bytearray(b'"\x01\xff\x05\x00')
2026-03-27 14:18:08,124 BTPWorkerThread-898 (_rx_task) root DEBUG client.py                 82    logger_log                : Read 5 bytes data
2026-03-27 14:18:08,129 BTPWorkerThread-898 (_rx_task) root DEBUG client.py                 82    logger_log                : Received data: {'fe ff ff ff 1f'}, bytearray(b'\xfe\xff\xff\xff\x1f')
2026-03-27 14:18:08,146 LT1-thread root DEBUG client.py                 82    logger_log                : Starting test function: class=<class 'autopts.ptsprojects.testcase.TestFunc'>, func=<bound method Stack.hfp_ag_init of <autopts.ptsprojects.stack.stack.Stack object at 0x00000285DC63BA70>> start_wid=None stop_wid=None post_wid=None skip_call=None call_count=44 args=() kwds={}
2026-03-27 14:18:08,146 LT1-thread root DEBUG client.py                 82    logger_log                : Test function parameters: args=(), kwds={}
2026-03-27 14:18:08,146 LT1-thread root DEBUG client.py                 82    logger_log                : Starting test function: class=<class 'autopts.ptsprojects.testcase.TestFunc'>, func=<function hfp_ag_set_default_indicator_value at 0x00000285DA283C40> start_wid=None stop_wid=None post_wid=None skip_call=None call_count=44 args=(1, 5, 0, 5) kwds={}
2026-03-27 14:18:08,146 LT1-thread root DEBUG client.py                 82    logger_log                : Test function parameters: args=(1, 5, 0, 5), kwds={}
2026-03-27 14:18:08,146 LT1-thread root DEBUG client.py                 82    logger_log                : hfp_ag_set_default_indicator_value 1 5 0 5
2026-03-27 14:18:08,146 LT1-thread root DEBUG client.py                 82    logger_log                : send, 34 33 0 "bytearray(b'\\x01\\x05\\x00\\x05')"
2026-03-27 14:18:08,146 LT1-thread root DEBUG client.py                 82    logger_log                : sending frame '222100040001050005'
2026-03-27 14:18:08,147 LT1-thread root DEBUG client.py                 82    logger_log                : read
2026-03-27 14:18:08,183 BTPWorkerThread-898 (_rx_task) root DEBUG client.py                 82    logger_log                : Read 5 bytes
2026-03-27 14:18:08,194 BTPWorkerThread-898 (_rx_task) root DEBUG client.py                 82    logger_log                : Received: hdr: Header(svc_id=0x22, op=0x21, ctrl_index=0x00, data_len=0x00) bytearray(b'"!\x00\x00\x00')
2026-03-27 14:18:08,195 BTPWorkerThread-898 (_rx_task) root DEBUG client.py                 82    logger_log                : Received data: {''}, bytearray(b'')
2026-03-27 14:18:08,206 LT1-thread root DEBUG client.py                 82    logger_log                : Starting test function: class=<class 'autopts.ptsprojects.testcase.TestFunc'>, func=<function hfp_ag_set_memory_dial_mapping at 0x00000285DA283CE0> start_wid=None stop_wid=None post_wid=None skip_call=None call_count=44 args=('1', '1234567') kwds={}
2026-03-27 14:18:08,206 LT1-thread root DEBUG client.py                 82    logger_log                : Test function parameters: args=('1', '1234567'), kwds={}
2026-03-27 14:18:08,206 LT1-thread root DEBUG client.py                 82    logger_log                : hfp_ag_set_memory_dial_mapping '1' '1234567'
2026-03-27 14:18:08,206 LT1-thread root DEBUG client.py                 82    logger_log                : send, 34 34 0 "bytearray(b'\\x01\\x0711234567')"
2026-03-27 14:18:08,206 LT1-thread root DEBUG client.py                 82    logger_log                : sending frame '2222000a0001073131323334353637'
2026-03-27 14:18:08,207 LT1-thread root DEBUG client.py                 82    logger_log                : read
2026-03-27 14:18:08,242 BTPWorkerThread-898 (_rx_task) root DEBUG client.py                 82    logger_log                : Read 5 bytes
2026-03-27 14:18:08,248 BTPWorkerThread-898 (_rx_task) root DEBUG client.py                 82    logger_log                : Received: hdr: Header(svc_id=0x22, op=0x22, ctrl_index=0x00, data_len=0x00) bytearray(b'""\x00\x00\x00')
2026-03-27 14:18:08,254 BTPWorkerThread-898 (_rx_task) root DEBUG client.py                 82    logger_log                : Received data: {''}, bytearray(b'')
2026-03-27 14:18:08,259 LT1-thread root DEBUG client.py                 82    logger_log                : Starting test function: class=<class 'autopts.ptsprojects.testcase.TestFunc'>, func=<function hfp_ag_set_voice_tag_number at 0x00000285DA283E20> start_wid=None stop_wid=None post_wid=None skip_call=None call_count=44 args=('1234567',) kwds={}
2026-03-27 14:18:08,259 LT1-thread root DEBUG client.py                 82    logger_log                : Test function parameters: args=('1234567',), kwds={}
2026-03-27 14:18:08,259 LT1-thread root DEBUG client.py                 82    logger_log                : hfp_ag_set_voice_tag_number '1234567'
2026-03-27 14:18:08,259 LT1-thread root DEBUG client.py                 82    logger_log                : send, 34 36 0 "bytearray(b'\\x071234567')"
2026-03-27 14:18:08,259 LT1-thread root DEBUG client.py                 82    logger_log                : sending frame '22240008000731323334353637'
2026-03-27 14:18:08,260 LT1-thread root DEBUG client.py                 82    logger_log                : read
2026-03-27 14:18:08,302 BTPWorkerThread-898 (_rx_task) root DEBUG client.py                 82    logger_log                : Read 5 bytes
2026-03-27 14:18:08,312 BTPWorkerThread-898 (_rx_task) root DEBUG client.py                 82    logger_log                : Received: hdr: Header(svc_id=0x22, op=0x24, ctrl_index=0x00, data_len=0x00) bytearray(b'"$\x00\x00\x00')
2026-03-27 14:18:08,324 BTPWorkerThread-898 (_rx_task) root DEBUG client.py                 82    logger_log                : Received data: {''}, bytearray(b'')
2026-03-27 14:18:08,337 LT1-thread root DEBUG client.py                 82    logger_log                : ClientCallback.get_result run_test_case
2026-03-27 14:18:12,093 LT1-callback ClientCallback.on_implicit_send INFO client.py                 82    logger_log                : 
    ********************
    BEGIN OnImplicitSend:
    project_name: HFP
    wid: 121
    test_case_name: HFP/AG/TCA/BV-06-C
    description: Click Ok, then make a connection request to the PTS from the Implementation Under Test (IUT).
    style: MMI_Style_Ok_Cancel1 0x11041
2026-03-27 14:18:12,093 LT1-callback ClientCallback.on_implicit_send INFO client.py                 82    logger_log                : Calling test cases on_implicit_send
2026-03-27 14:18:12,093 LT1-callback ClientCallback.on_implicit_send INFO client.py                 82    logger_log                : 
    on_implicit_send returned response: WAIT
    END OnImplicitSend
    ********************
2026-03-27 14:18:12,338 LT1-thread root DEBUG client.py                 82    logger_log                : HFP HFP/AG/TCA/BV-06-C on_implicit_send
2026-03-27 14:18:12,338 LT1-thread root DEBUG client.py                 82    logger_log                : hfp_ag_wid_hdl, 121, Click Ok, then make a connection request to the PTS from the Implementation Under Test (IUT)., HFP/AG/TCA/BV-06-C
2026-03-27 14:18:12,338 LT1-thread root DEBUG client.py                 82    logger_log                : gap_conn None 224
2026-03-27 14:18:12,338 LT1-thread root DEBUG client.py                 82    logger_log                : send, 1 14 0 "bytearray(b'\\xe0N\\xe4\\x08\\xdc\\x1b\\x00\\x00')"
2026-03-27 14:18:12,338 LT1-thread root DEBUG client.py                 82    logger_log                : sending frame '010e000800e04ee408dc1b0000'
2026-03-27 14:18:12,338 LT1-thread root DEBUG client.py                 82    logger_log                : read
2026-03-27 14:18:12,375 BTPWorkerThread-898 (_rx_task) root DEBUG client.py                 82    logger_log                : Read 5 bytes
2026-03-27 14:18:12,387 BTPWorkerThread-898 (_rx_task) root DEBUG client.py                 82    logger_log                : Received: hdr: Header(svc_id=0x01, op=0x0e, ctrl_index=0x00, data_len=0x00) bytearray(b'\x01\x0e\x00\x00\x00')
2026-03-27 14:18:12,392 BTPWorkerThread-898 (_rx_task) root DEBUG client.py                 82    logger_log                : Received data: {''}, bytearray(b'')
2026-03-27 14:18:13,426 BTPWorkerThread-898 (_rx_task) root DEBUG client.py                 82    logger_log                : Read 5 bytes
2026-03-27 14:18:13,438 BTPWorkerThread-898 (_rx_task) root DEBUG client.py                 82    logger_log                : Received: hdr: Header(svc_id=0x01, op=0x82, ctrl_index=0x00, data_len=0x0d) bytearray(b'\x01\x82\x00\r\x00')
2026-03-27 14:18:13,444 BTPWorkerThread-898 (_rx_task) root DEBUG client.py                 82    logger_log                : Read 13 bytes data
2026-03-27 14:18:13,450 BTPWorkerThread-898 (_rx_task) root DEBUG client.py                 82    logger_log                : Received data: {'e0 4e e4 08 dc 1b 00 00 00 00 00 00 00'}, bytearray(b'\xe0N\xe4\x08\xdc\x1b\x00\x00\x00\x00\x00\x00\x00')
2026-03-27 14:18:13,462 BTPWorkerThread-898 (_rx_task) root DEBUG client.py                 82    logger_log                : event_handler Header(svc_id=1, op=130, ctrl_index=0, data_len=13) (b'\xe0N\xe4\x08\xdc\x1b\x00\x00\x00\x00\x00\x00\x00',)
2026-03-27 14:18:13,473 BTPWorkerThread-898 (_rx_task) root DEBUG client.py                 82    logger_log                : gap_connected_ev_ b'\xe0N\xe4\x08\xdc\x1b\x00\x00\x00\x00\x00\x00\x00'
2026-03-27 14:18:13,478 LT1-thread root DEBUG client.py                 82    logger_log                : gap_pair None 224
2026-03-27 14:18:13,478 LT1-thread root DEBUG client.py                 82    logger_log                : send, 1 17 0 "bytearray(b'\\xe0N\\xe4\\x08\\xdc\\x1b\\x00')"
2026-03-27 14:18:13,478 LT1-thread root DEBUG client.py                 82    logger_log                : sending frame '0111000700e04ee408dc1b00'
2026-03-27 14:18:13,478 LT1-thread root DEBUG client.py                 82    logger_log                : gap_command_rsp_succ
2026-03-27 14:18:13,478 LT1-thread root DEBUG client.py                 82    logger_log                : read
2026-03-27 14:18:13,518 BTPWorkerThread-898 (_rx_task) root DEBUG client.py                 82    logger_log                : Read 5 bytes
2026-03-27 14:18:13,523 BTPWorkerThread-898 (_rx_task) root DEBUG client.py                 82    logger_log                : Received: hdr: Header(svc_id=0x01, op=0x11, ctrl_index=0x00, data_len=0x00) bytearray(b'\x01\x11\x00\x00\x00')
2026-03-27 14:18:13,528 BTPWorkerThread-898 (_rx_task) root DEBUG client.py                 82    logger_log                : Received data: {''}, bytearray(b'')
2026-03-27 14:18:13,534 LT1-thread root DEBUG client.py                 82    logger_log                : received Header(svc_id=1, op=17, ctrl_index=0, data_len=0) (b'',)
2026-03-27 14:18:13,534 LT1-thread root DEBUG client.py                 82    logger_log                : hfp_ag_connect None 224 1
2026-03-27 14:18:13,534 LT1-thread root DEBUG client.py                 82    logger_log                : send, 34 2 0 "bytearray(b'\\xe0N\\xe4\\x08\\xdc\\x1b\\x00\\x01')"
2026-03-27 14:18:13,534 LT1-thread root DEBUG client.py                 82    logger_log                : sending frame '2202000800e04ee408dc1b0001'
2026-03-27 14:18:13,535 LT1-thread root DEBUG client.py                 82    logger_log                : read
2026-03-27 14:18:13,566 BTPWorkerThread-898 (_rx_task) root DEBUG client.py                 82    logger_log                : Read 5 bytes
2026-03-27 14:18:13,572 BTPWorkerThread-898 (_rx_task) root DEBUG client.py                 82    logger_log                : Received: hdr: Header(svc_id=0x22, op=0x02, ctrl_index=0x00, data_len=0x00) bytearray(b'"\x02\x00\x00\x00')
2026-03-27 14:18:13,578 BTPWorkerThread-898 (_rx_task) root DEBUG client.py                 82    logger_log                : Received data: {''}, bytearray(b'')
2026-03-27 14:18:13,578 LT1-thread root DEBUG client.py                 82    logger_log                : Sending response 'OK' to wid 121 test case HFP/AG/TCA/BV-06-C
2026-03-27 14:18:13,581 LT1-thread root DEBUG client.py                 82    logger_log                : ClientCallback.get_result run_test_case
2026-03-27 14:18:14,571 BTPWorkerThread-898 (_rx_task) root DEBUG client.py                 82    logger_log                : Read 5 bytes
2026-03-27 14:18:14,572 BTPWorkerThread-898 (_rx_task) root DEBUG client.py                 82    logger_log                : Received: hdr: Header(svc_id=0x01, op=0x91, ctrl_index=0x00, data_len=0x09) bytearray(b'\x01\x91\x00\t\x00')
2026-03-27 14:18:14,572 BTPWorkerThread-898 (_rx_task) root DEBUG client.py                 82    logger_log                : Read 9 bytes data
2026-03-27 14:18:14,572 BTPWorkerThread-898 (_rx_task) root DEBUG client.py                 82    logger_log                : Received data: {'e0 4e e4 08 dc 1b 00 01 10'}, bytearray(b'\xe0N\xe4\x08\xdc\x1b\x00\x01\x10')
2026-03-27 14:18:14,572 BTPWorkerThread-898 (_rx_task) root DEBUG client.py                 82    logger_log                : event_handler Header(svc_id=1, op=145, ctrl_index=0, data_len=9) (b'\xe0N\xe4\x08\xdc\x1b\x00\x01\x10',)
2026-03-27 14:18:14,572 BTPWorkerThread-898 (_rx_task) root DEBUG client.py                 82    logger_log                : gap_encryption_change_ev_
2026-03-27 14:18:14,572 BTPWorkerThread-898 (_rx_task) root DEBUG client.py                 82    logger_log                : enc change received b'\xe0N\xe4\x08\xdc\x1b\x00\x01\x10'
2026-03-27 14:18:14,572 BTPWorkerThread-898 (_rx_task) root DEBUG client.py                 82    logger_log                : received (224, '001bdc08e44e', 1, 16)
2026-03-27 14:18:14,572 BTPWorkerThread-898 (_rx_task) root DEBUG client.py                 82    logger_log                : Read 5 bytes
2026-03-27 14:18:14,572 BTPWorkerThread-898 (_rx_task) root DEBUG client.py                 82    logger_log                : Received: hdr: Header(svc_id=0x01, op=0x89, ctrl_index=0x00, data_len=0x08) bytearray(b'\x01\x89\x00\x08\x00')
2026-03-27 14:18:14,573 BTPWorkerThread-898 (_rx_task) root DEBUG client.py                 82    logger_log                : Read 8 bytes data
2026-03-27 14:18:14,573 BTPWorkerThread-898 (_rx_task) root DEBUG client.py                 82    logger_log                : Received data: {'e0 4e e4 08 dc 1b 00 02'}, bytearray(b'\xe0N\xe4\x08\xdc\x1b\x00\x02')
2026-03-27 14:18:14,573 BTPWorkerThread-898 (_rx_task) root DEBUG client.py                 82    logger_log                : event_handler Header(svc_id=1, op=137, ctrl_index=0, data_len=8) (b'\xe0N\xe4\x08\xdc\x1b\x00\x02',)
2026-03-27 14:18:14,573 BTPWorkerThread-898 (_rx_task) root DEBUG client.py                 82    logger_log                : gap_sec_level_changed_ev_
2026-03-27 14:18:14,573 BTPWorkerThread-898 (_rx_task) root DEBUG client.py                 82    logger_log                : received b'\xe0N\xe4\x08\xdc\x1b\x00\x02'
2026-03-27 14:18:14,573 BTPWorkerThread-898 (_rx_task) root DEBUG client.py                 82    logger_log                : received (224, '001bdc08e44e', 2)
2026-03-27 14:18:14,664 LT1-callback ClientCallback.on_implicit_send INFO client.py                 82    logger_log                : 
    ********************
    BEGIN OnImplicitSend:
    project_name: HFP
    wid: 12
    test_case_name: HFP/AG/TCA/BV-06-C
    description: Click Ok, then place a call from an external line to the Implementation Under Test (IUT).  Do not answer the call unless prompted to do so.
    style: MMI_Style_Ok_Cancel1 0x11041
2026-03-27 14:18:14,664 LT1-callback ClientCallback.on_implicit_send INFO client.py                 82    logger_log                : Calling test cases on_implicit_send
2026-03-27 14:18:14,664 LT1-callback ClientCallback.on_implicit_send INFO client.py                 82    logger_log                : 
    on_implicit_send returned response: WAIT
    END OnImplicitSend
    ********************
2026-03-27 14:18:14,669 BTPWorkerThread-898 (_rx_task) root DEBUG client.py                 82    logger_log                : Read 5 bytes
2026-03-27 14:18:14,669 BTPWorkerThread-898 (_rx_task) root DEBUG client.py                 82    logger_log                : Received: hdr: Header(svc_id=0x22, op=0x80, ctrl_index=0x00, data_len=0x07) bytearray(b'"\x80\x00\x07\x00')
2026-03-27 14:18:14,669 BTPWorkerThread-898 (_rx_task) root DEBUG client.py                 82    logger_log                : Read 7 bytes data
2026-03-27 14:18:14,669 BTPWorkerThread-898 (_rx_task) root DEBUG client.py                 82    logger_log                : Received data: {'e0 4e e4 08 dc 1b 00'}, bytearray(b'\xe0N\xe4\x08\xdc\x1b\x00')
2026-03-27 14:18:14,669 BTPWorkerThread-898 (_rx_task) root DEBUG client.py                 82    logger_log                : event_handler Header(svc_id=34, op=128, ctrl_index=0, data_len=7) (b'\xe0N\xe4\x08\xdc\x1b\x00',)
2026-03-27 14:18:14,671 BTPWorkerThread-898 (_rx_task) root DEBUG client.py                 82    logger_log                : hfp_ag_connected_ev b'\xe0N\xe4\x08\xdc\x1b\x00' 7
2026-03-27 14:18:14,671 BTPWorkerThread-898 (_rx_task) root DEBUG client.py                 82    logger_log                : HFP AG connected to addr b'N\xe4\x08\xdc\x1b\x00'
2026-03-27 14:18:15,582 LT1-thread root DEBUG client.py                 82    logger_log                : HFP HFP/AG/TCA/BV-06-C on_implicit_send
2026-03-27 14:18:15,582 LT1-thread root DEBUG client.py                 82    logger_log                : hfp_ag_wid_hdl, 12, Click Ok, then place a call from an external line to the Implementation Under Test (IUT).  Do not answer the call unless prompted to do so., HFP/AG/TCA/BV-06-C
2026-03-27 14:18:15,582 LT1-thread root DEBUG client.py                 82    logger_log                : hfp_ag_remote_incoming None 224 '1234567'
2026-03-27 14:18:15,582 LT1-thread root DEBUG client.py                 82    logger_log                : send, 34 4 0 "bytearray(b'\\xe0N\\xe4\\x08\\xdc\\x1b\\x00\\x071234567')"
2026-03-27 14:18:15,582 LT1-thread root DEBUG client.py                 82    logger_log                : sending frame '2204000f00e04ee408dc1b000731323334353637'
2026-03-27 14:18:15,583 LT1-thread root DEBUG client.py                 82    logger_log                : read
2026-03-27 14:18:15,620 BTPWorkerThread-898 (_rx_task) root DEBUG client.py                 82    logger_log                : Read 5 bytes
2026-03-27 14:18:15,632 BTPWorkerThread-898 (_rx_task) root DEBUG client.py                 82    logger_log                : Received: hdr: Header(svc_id=0x22, op=0x04, ctrl_index=0x00, data_len=0x00) bytearray(b'"\x04\x00\x00\x00')
2026-03-27 14:18:15,637 BTPWorkerThread-898 (_rx_task) root DEBUG client.py                 82    logger_log                : Received data: {''}, bytearray(b'')
2026-03-27 14:18:15,637 LT1-thread root DEBUG client.py                 82    logger_log                : Sending response 'OK' to wid 12 test case HFP/AG/TCA/BV-06-C
2026-03-27 14:18:15,637 BTPWorkerThread-898 (_rx_task) root DEBUG client.py                 82    logger_log                : Read 5 bytes
2026-03-27 14:18:15,638 BTPWorkerThread-898 (_rx_task) root DEBUG client.py                 82    logger_log                : Received: hdr: Header(svc_id=0x22, op=0x85, ctrl_index=0x00, data_len=0x10) bytearray(b'"\x85\x00\x10\x00')
2026-03-27 14:18:15,638 BTPWorkerThread-898 (_rx_task) root DEBUG client.py                 82    logger_log                : Read 16 bytes data
2026-03-27 14:18:15,639 BTPWorkerThread-898 (_rx_task) root DEBUG client.py                 82    logger_log                : Received data: {'e0 4e e4 08 dc 1b 00 00 07 31 32 33 34 35 36 37'}, bytearray(b'\xe0N\xe4\x08\xdc\x1b\x00\x00\x071234567')
2026-03-27 14:18:15,639 BTPWorkerThread-898 (_rx_task) root DEBUG client.py                 82    logger_log                : event_handler Header(svc_id=34, op=133, ctrl_index=0, data_len=16) (b'\xe0N\xe4\x08\xdc\x1b\x00\x00\x071234567',)
2026-03-27 14:18:15,639 BTPWorkerThread-898 (_rx_task) root DEBUG client.py                 82    logger_log                : hfp_ag_incoming_ev b'\xe0N\xe4\x08\xdc\x1b\x00\x00\x071234567' 16
2026-03-27 14:18:15,639 BTPWorkerThread-898 (_rx_task) root DEBUG client.py                 82    logger_log                : HFP AG incoming call from addr b'N\xe4\x08\xdc\x1b\x00', call_index 0, number '1234567'
2026-03-27 14:18:15,639 BTPWorkerThread-898 (_rx_task) root DEBUG client.py                 82    logger_log                : Read 5 bytes
2026-03-27 14:18:15,640 BTPWorkerThread-898 (_rx_task) root DEBUG client.py                 82    logger_log                : Received: hdr: Header(svc_id=0x22, op=0x87, ctrl_index=0x00, data_len=0x09) bytearray(b'"\x87\x00\t\x00')
2026-03-27 14:18:15,640 LT1-thread root DEBUG client.py                 82    logger_log                : ClientCallback.get_result run_test_case
2026-03-27 14:18:15,640 BTPWorkerThread-898 (_rx_task) root DEBUG client.py                 82    logger_log                : Read 9 bytes data
2026-03-27 14:18:15,641 BTPWorkerThread-898 (_rx_task) root DEBUG client.py                 82    logger_log                : Received data: {'e0 4e e4 08 dc 1b 00 00 01'}, bytearray(b'\xe0N\xe4\x08\xdc\x1b\x00\x00\x01')
2026-03-27 14:18:15,641 BTPWorkerThread-898 (_rx_task) root DEBUG client.py                 82    logger_log                : event_handler Header(svc_id=34, op=135, ctrl_index=0, data_len=9) (b'\xe0N\xe4\x08\xdc\x1b\x00\x00\x01',)
2026-03-27 14:18:15,642 BTPWorkerThread-898 (_rx_task) root DEBUG client.py                 82    logger_log                : hfp_ag_ringing_ev b'\xe0N\xe4\x08\xdc\x1b\x00\x00\x01' 9
2026-03-27 14:18:15,642 BTPWorkerThread-898 (_rx_task) root DEBUG client.py                 82    logger_log                : HFP AG ringing from addr b'N\xe4\x08\xdc\x1b\x00', call_index 0, in_band 1
2026-03-27 14:18:15,642 BTPWorkerThread-898 (_rx_task) root DEBUG client.py                 82    logger_log                : Read 5 bytes
2026-03-27 14:18:15,642 BTPWorkerThread-898 (_rx_task) root DEBUG client.py                 82    logger_log                : Received: hdr: Header(svc_id=0x22, op=0x87, ctrl_index=0x00, data_len=0x09) bytearray(b'"\x87\x00\t\x00')
2026-03-27 14:18:15,642 BTPWorkerThread-898 (_rx_task) root DEBUG client.py                 82    logger_log                : Read 9 bytes data
2026-03-27 14:18:15,643 BTPWorkerThread-898 (_rx_task) root DEBUG client.py                 82    logger_log                : Received data: {'e0 4e e4 08 dc 1b 00 00 01'}, bytearray(b'\xe0N\xe4\x08\xdc\x1b\x00\x00\x01')
2026-03-27 14:18:15,643 BTPWorkerThread-898 (_rx_task) root DEBUG client.py                 82    logger_log                : event_handler Header(svc_id=34, op=135, ctrl_index=0, data_len=9) (b'\xe0N\xe4\x08\xdc\x1b\x00\x00\x01',)
2026-03-27 14:18:15,643 BTPWorkerThread-898 (_rx_task) root DEBUG client.py                 82    logger_log                : hfp_ag_ringing_ev b'\xe0N\xe4\x08\xdc\x1b\x00\x00\x01' 9
2026-03-27 14:18:15,643 BTPWorkerThread-898 (_rx_task) root DEBUG client.py                 82    logger_log                : HFP AG ringing from addr b'N\xe4\x08\xdc\x1b\x00', call_index 0, in_band 1
2026-03-27 14:18:15,691 BTPWorkerThread-898 (_rx_task) root DEBUG client.py                 82    logger_log                : Read 5 bytes
2026-03-27 14:18:15,691 BTPWorkerThread-898 (_rx_task) root DEBUG client.py                 82    logger_log                : Received: hdr: Header(svc_id=0x22, op=0x82, ctrl_index=0x00, data_len=0x07) bytearray(b'"\x82\x00\x07\x00')
2026-03-27 14:18:15,692 BTPWorkerThread-898 (_rx_task) root DEBUG client.py                 82    logger_log                : Read 7 bytes data
2026-03-27 14:18:15,692 BTPWorkerThread-898 (_rx_task) root DEBUG client.py                 82    logger_log                : Received data: {'e0 4e e4 08 dc 1b 00'}, bytearray(b'\xe0N\xe4\x08\xdc\x1b\x00')
2026-03-27 14:18:15,692 BTPWorkerThread-898 (_rx_task) root DEBUG client.py                 82    logger_log                : event_handler Header(svc_id=34, op=130, ctrl_index=0, data_len=7) (b'\xe0N\xe4\x08\xdc\x1b\x00',)
2026-03-27 14:18:15,692 BTPWorkerThread-898 (_rx_task) root DEBUG client.py                 82    logger_log                : hfp_ag_sco_connected_ev b'\xe0N\xe4\x08\xdc\x1b\x00' 7
2026-03-27 14:18:15,692 BTPWorkerThread-898 (_rx_task) root DEBUG client.py                 82    logger_log                : HFP AG SCO connected to addr b'N\xe4\x08\xdc\x1b\x00'
2026-03-27 14:18:15,754 BTPWorkerThread-898 (_rx_task) root DEBUG client.py                 82    logger_log                : Read 5 bytes
2026-03-27 14:18:15,754 BTPWorkerThread-898 (_rx_task) root DEBUG client.py                 82    logger_log                : Received: hdr: Header(svc_id=0x22, op=0x88, ctrl_index=0x00, data_len=0x08) bytearray(b'"\x88\x00\x08\x00')
2026-03-27 14:18:15,754 BTPWorkerThread-898 (_rx_task) root DEBUG client.py                 82    logger_log                : Read 8 bytes data
2026-03-27 14:18:15,755 BTPWorkerThread-898 (_rx_task) root DEBUG client.py                 82    logger_log                : Received data: {'e0 4e e4 08 dc 1b 00 00'}, bytearray(b'\xe0N\xe4\x08\xdc\x1b\x00\x00')
2026-03-27 14:18:15,755 BTPWorkerThread-898 (_rx_task) root DEBUG client.py                 82    logger_log                : event_handler Header(svc_id=34, op=136, ctrl_index=0, data_len=8) (b'\xe0N\xe4\x08\xdc\x1b\x00\x00',)
2026-03-27 14:18:15,755 BTPWorkerThread-898 (_rx_task) root DEBUG client.py                 82    logger_log                : hfp_ag_call_accepted_ev b'\xe0N\xe4\x08\xdc\x1b\x00\x00' 8
2026-03-27 14:18:15,755 BTPWorkerThread-898 (_rx_task) root DEBUG client.py                 82    logger_log                : HFP AG call accepted from addr b'N\xe4\x08\xdc\x1b\x00', call_index 0
2026-03-27 14:18:15,756 LT1-callback ClientCallback.on_implicit_send INFO client.py                 82    logger_log                : 
    ********************
    BEGIN OnImplicitSend:
    project_name: HFP
    wid: 35
    test_case_name: HFP/AG/TCA/BV-06-C
    description: Verify the presence of an audio connection, then click Ok.
    style: MMI_Style_Ok_Cancel1 0x11041
2026-03-27 14:18:15,756 LT1-callback ClientCallback.on_implicit_send INFO client.py                 82    logger_log                : Calling test cases on_implicit_send
2026-03-27 14:18:15,756 LT1-callback ClientCallback.on_implicit_send INFO client.py                 82    logger_log                : 
    on_implicit_send returned response: WAIT
    END OnImplicitSend
    ********************
2026-03-27 14:18:16,640 LT1-thread root DEBUG client.py                 82    logger_log                : HFP HFP/AG/TCA/BV-06-C on_implicit_send
2026-03-27 14:18:16,640 LT1-thread root DEBUG client.py                 82    logger_log                : hfp_ag_wid_hdl, 35, Verify the presence of an audio connection, then click Ok., HFP/AG/TCA/BV-06-C
2026-03-27 14:18:16,641 LT1-thread root DEBUG client.py                 82    logger_log                : Sending response 'OK' to wid 35 test case HFP/AG/TCA/BV-06-C
2026-03-27 14:18:16,642 LT1-thread root DEBUG client.py                 82    logger_log                : ClientCallback.get_result run_test_case
2026-03-27 14:18:16,647 LT1-callback ClientCallback.on_implicit_send INFO client.py                 82    logger_log                : 
    ********************
    BEGIN OnImplicitSend:
    project_name: HFP
    wid: 4
    test_case_name: HFP/AG/TCA/BV-06-C
    description: Click Ok, then close the audio connection (SCO) between the Implementation Under Test (IUT) and the PTS.  Do not close the service level connection (SLC) or power-off the IUT.
    style: MMI_Style_Ok_Cancel1 0x11041
2026-03-27 14:18:16,647 LT1-callback ClientCallback.on_implicit_send INFO client.py                 82    logger_log                : Calling test cases on_implicit_send
2026-03-27 14:18:16,647 LT1-callback ClientCallback.on_implicit_send INFO client.py                 82    logger_log                : 
    on_implicit_send returned response: WAIT
    END OnImplicitSend
    ********************
2026-03-27 14:18:17,644 LT1-thread root DEBUG client.py                 82    logger_log                : HFP HFP/AG/TCA/BV-06-C on_implicit_send
2026-03-27 14:18:17,644 LT1-thread root DEBUG client.py                 82    logger_log                : hfp_ag_wid_hdl, 4, Click Ok, then close the audio connection (SCO) between the Implementation Under Test (IUT) and the PTS.  Do not close the service level connection (SLC) or power-off the IUT., HFP/AG/TCA/BV-06-C
2026-03-27 14:18:17,644 LT1-thread root DEBUG client.py                 82    logger_log                : hfp_ag_audio_disconnect None 224
2026-03-27 14:18:17,644 LT1-thread root DEBUG client.py                 82    logger_log                : send, 34 18 0 "bytearray(b'\\xe0N\\xe4\\x08\\xdc\\x1b\\x00')"
2026-03-27 14:18:17,644 LT1-thread root DEBUG client.py                 82    logger_log                : sending frame '2212000700e04ee408dc1b00'
2026-03-27 14:18:17,645 LT1-thread root DEBUG client.py                 82    logger_log                : read
2026-03-27 14:18:17,680 BTPWorkerThread-898 (_rx_task) root DEBUG client.py                 82    logger_log                : Read 5 bytes
2026-03-27 14:18:17,690 BTPWorkerThread-898 (_rx_task) root DEBUG client.py                 82    logger_log                : Received: hdr: Header(svc_id=0x22, op=0x12, ctrl_index=0x00, data_len=0x00) bytearray(b'"\x12\x00\x00\x00')
2026-03-27 14:18:17,696 BTPWorkerThread-898 (_rx_task) root DEBUG client.py                 82    logger_log                : Received data: {''}, bytearray(b'')
2026-03-27 14:18:17,707 LT1-thread root DEBUG client.py                 82    logger_log                : Sending response 'OK' to wid 4 test case HFP/AG/TCA/BV-06-C
2026-03-27 14:18:17,707 BTPWorkerThread-898 (_rx_task) root DEBUG client.py                 82    logger_log                : Read 5 bytes
2026-03-27 14:18:17,707 BTPWorkerThread-898 (_rx_task) root DEBUG client.py                 82    logger_log                : Received: hdr: Header(svc_id=0x22, op=0x83, ctrl_index=0x00, data_len=0x08) bytearray(b'"\x83\x00\x08\x00')
2026-03-27 14:18:17,708 BTPWorkerThread-898 (_rx_task) root DEBUG client.py                 82    logger_log                : Read 8 bytes data
2026-03-27 14:18:17,708 BTPWorkerThread-898 (_rx_task) root DEBUG client.py                 82    logger_log                : Received data: {'e0 4e e4 08 dc 1b 00 16'}, bytearray(b'\xe0N\xe4\x08\xdc\x1b\x00\x16')
2026-03-27 14:18:17,708 BTPWorkerThread-898 (_rx_task) root DEBUG client.py                 82    logger_log                : event_handler Header(svc_id=34, op=131, ctrl_index=0, data_len=8) (b'\xe0N\xe4\x08\xdc\x1b\x00\x16',)
2026-03-27 14:18:17,709 BTPWorkerThread-898 (_rx_task) root DEBUG client.py                 82    logger_log                : hfp_ag_sco_disconnected_ev b'\xe0N\xe4\x08\xdc\x1b\x00\x16' 8
2026-03-27 14:18:17,709 BTPWorkerThread-898 (_rx_task) root DEBUG client.py                 82    logger_log                : HFP AG SCO disconnected from addr b'N\xe4\x08\xdc\x1b\x00', reason 22
2026-03-27 14:18:17,709 LT1-thread root DEBUG client.py                 82    logger_log                : ClientCallback.get_result run_test_case
2026-03-27 14:18:17,712 LT1-callback ClientCallback.on_implicit_send INFO client.py                 82    logger_log                : 
    ********************
    BEGIN OnImplicitSend:
    project_name: HFP
    wid: 170
    test_case_name: HFP/AG/TCA/BV-06-C
    description: Click OK, then take action so that the network becomes unavailable to the IUT.
    style: MMI_Style_Ok_Cancel1 0x11041
2026-03-27 14:18:17,712 LT1-callback ClientCallback.on_implicit_send INFO client.py                 82    logger_log                : Calling test cases on_implicit_send
2026-03-27 14:18:17,712 LT1-callback ClientCallback.on_implicit_send INFO client.py                 82    logger_log                : 
    on_implicit_send returned response: WAIT
    END OnImplicitSend
    ********************
2026-03-27 14:18:18,711 LT1-thread root DEBUG client.py                 82    logger_log                : HFP HFP/AG/TCA/BV-06-C on_implicit_send
2026-03-27 14:18:18,711 LT1-thread root DEBUG client.py                 82    logger_log                : hfp_ag_wid_hdl, 170, Click OK, then take action so that the network becomes unavailable to the IUT., HFP/AG/TCA/BV-06-C
2026-03-27 14:18:18,711 LT1-thread root DEBUG client.py                 82    logger_log                : hfp_ag_terminate_call None 224 0
2026-03-27 14:18:18,711 LT1-thread root DEBUG client.py                 82    logger_log                : send, 34 12 0 "bytearray(b'\\xe0N\\xe4\\x08\\xdc\\x1b\\x00\\x00')"
2026-03-27 14:18:18,711 LT1-thread root DEBUG client.py                 82    logger_log                : sending frame '220c000800e04ee408dc1b0000'
2026-03-27 14:18:18,712 LT1-thread root DEBUG client.py                 82    logger_log                : read
2026-03-27 14:18:18,744 BTPWorkerThread-898 (_rx_task) root DEBUG client.py                 82    logger_log                : Read 5 bytes
2026-03-27 14:18:18,750 BTPWorkerThread-898 (_rx_task) root DEBUG client.py                 82    logger_log                : Received: hdr: Header(svc_id=0x22, op=0x8c, ctrl_index=0x00, data_len=0x08) bytearray(b'"\x8c\x00\x08\x00')
2026-03-27 14:18:18,756 BTPWorkerThread-898 (_rx_task) root DEBUG client.py                 82    logger_log                : Read 8 bytes data
2026-03-27 14:18:18,756 BTPWorkerThread-898 (_rx_task) root DEBUG client.py                 82    logger_log                : Received data: {'e0 4e e4 08 dc 1b 00 00'}, bytearray(b'\xe0N\xe4\x08\xdc\x1b\x00\x00')
2026-03-27 14:18:18,756 BTPWorkerThread-898 (_rx_task) root DEBUG client.py                 82    logger_log                : event_handler Header(svc_id=34, op=140, ctrl_index=0, data_len=8) (b'\xe0N\xe4\x08\xdc\x1b\x00\x00',)
2026-03-27 14:18:18,767 BTPWorkerThread-898 (_rx_task) root DEBUG client.py                 82    logger_log                : hfp_ag_call_terminated_ev b'\xe0N\xe4\x08\xdc\x1b\x00\x00' 8
2026-03-27 14:18:18,767 BTPWorkerThread-898 (_rx_task) root DEBUG client.py                 82    logger_log                : HFP AG call terminated from addr b'N\xe4\x08\xdc\x1b\x00', call_index 0
2026-03-27 14:18:18,767 BTPWorkerThread-898 (_rx_task) root DEBUG client.py                 82    logger_log                : Read 5 bytes
2026-03-27 14:18:18,767 BTPWorkerThread-898 (_rx_task) root DEBUG client.py                 82    logger_log                : Received: hdr: Header(svc_id=0x22, op=0x0c, ctrl_index=0x00, data_len=0x00) bytearray(b'"\x0c\x00\x00\x00')
2026-03-27 14:18:18,773 BTPWorkerThread-898 (_rx_task) root DEBUG client.py                 82    logger_log                : Received data: {''}, bytearray(b'')
2026-03-27 14:18:18,773 LT1-thread root DEBUG client.py                 82    logger_log                : hfp_ag_set_service_availability None 224 0
2026-03-27 14:18:18,773 LT1-thread root DEBUG client.py                 82    logger_log                : send, 34 29 0 "bytearray(b'\\xe0N\\xe4\\x08\\xdc\\x1b\\x00\\x00')"
2026-03-27 14:18:18,774 LT1-thread root DEBUG client.py                 82    logger_log                : sending frame '221d000800e04ee408dc1b0000'
2026-03-27 14:18:18,774 LT1-thread root DEBUG client.py                 82    logger_log                : read
2026-03-27 14:18:18,815 BTPWorkerThread-898 (_rx_task) root DEBUG client.py                 82    logger_log                : Read 5 bytes
2026-03-27 14:18:18,826 BTPWorkerThread-898 (_rx_task) root DEBUG client.py                 82    logger_log                : Received: hdr: Header(svc_id=0x22, op=0x1d, ctrl_index=0x00, data_len=0x00) bytearray(b'"\x1d\x00\x00\x00')
2026-03-27 14:18:18,837 BTPWorkerThread-898 (_rx_task) root DEBUG client.py                 82    logger_log                : Received data: {''}, bytearray(b'')
2026-03-27 14:18:18,837 LT1-thread root DEBUG client.py                 82    logger_log                : Sending response 'OK' to wid 170 test case HFP/AG/TCA/BV-06-C
2026-03-27 14:18:18,840 LT1-thread root DEBUG client.py                 82    logger_log                : ClientCallback.get_result run_test_case
2026-03-27 14:19:19,764 BTPWorkerThread-898 (_rx_task) root DEBUG client.py                 82    logger_log                : Read 5 bytes
2026-03-27 14:19:19,764 BTPWorkerThread-898 (_rx_task) root DEBUG client.py                 82    logger_log                : Received: hdr: Header(svc_id=0x01, op=0x83, ctrl_index=0x00, data_len=0x07) bytearray(b'\x01\x83\x00\x07\x00')
2026-03-27 14:19:19,765 BTPWorkerThread-898 (_rx_task) root DEBUG client.py                 82    logger_log                : Read 7 bytes data
2026-03-27 14:19:19,765 BTPWorkerThread-898 (_rx_task) root DEBUG client.py                 82    logger_log                : Received data: {'e0 4e e4 08 dc 1b 00'}, bytearray(b'\xe0N\xe4\x08\xdc\x1b\x00')
2026-03-27 14:19:19,765 BTPWorkerThread-898 (_rx_task) root DEBUG client.py                 82    logger_log                : event_handler Header(svc_id=1, op=131, ctrl_index=0, data_len=7) (b'\xe0N\xe4\x08\xdc\x1b\x00',)
2026-03-27 14:19:19,765 BTPWorkerThread-898 (_rx_task) root DEBUG client.py                 82    logger_log                : gap_disconnected_ev_ b'\xe0N\xe4\x08\xdc\x1b\x00'
2026-03-27 14:19:19,765 BTPWorkerThread-898 (_rx_task) root DEBUG client.py                 82    logger_log                : Read 5 bytes
2026-03-27 14:19:19,765 BTPWorkerThread-898 (_rx_task) root DEBUG client.py                 82    logger_log                : Received: hdr: Header(svc_id=0x22, op=0x81, ctrl_index=0x00, data_len=0x07) bytearray(b'"\x81\x00\x07\x00')
2026-03-27 14:19:19,765 BTPWorkerThread-898 (_rx_task) root DEBUG client.py                 82    logger_log                : Read 7 bytes data
2026-03-27 14:19:19,766 BTPWorkerThread-898 (_rx_task) root DEBUG client.py                 82    logger_log                : Received data: {'e0 4e e4 08 dc 1b 00'}, bytearray(b'\xe0N\xe4\x08\xdc\x1b\x00')
2026-03-27 14:19:19,766 BTPWorkerThread-898 (_rx_task) root DEBUG client.py                 82    logger_log                : event_handler Header(svc_id=34, op=129, ctrl_index=0, data_len=7) (b'\xe0N\xe4\x08\xdc\x1b\x00',)
2026-03-27 14:19:19,766 BTPWorkerThread-898 (_rx_task) root DEBUG client.py                 82    logger_log                : hfp_ag_disconnected_ev b'\xe0N\xe4\x08\xdc\x1b\x00' 7
2026-03-27 14:19:19,766 BTPWorkerThread-898 (_rx_task) root DEBUG client.py                 82    logger_log                : HFP AG disconnected from addr b'N\xe4\x08\xdc\x1b\x00'
2026-03-27 14:19:22,545 LT1-callback ClientCallback.log INFO client.py                 82    logger_log                : PTS_LOGTYPE_START_TEST Start Test Case 

+1640 ms
 HFP/AG/TCA/BV-06-C HFP/AG/TCA/BV-06-C

2026-03-27 14:19:23,413 LT1-callback ClientCallback.log INFO client.py                 82    logger_log                : PTS_LOGTYPE_FINAL_VERDICT Final Verdict 

+73312 ms
 HFP/AG/TCA/BV-06-C FAIL

2026-03-27 14:19:23,419 LT1-callback ClientCallback.log INFO client.py                 82    logger_log                : PTS_LOGTYPE_FINAL_VERDICT Encrypted Verdict 

+73312 ms
 HFP/AG/TCA/BV-06-C A1#M2M4NzI5ZjAyM2I3MGM5OTBjODBiYzI3MzFjODhjN2M4MTQ1MTM0NTU4MGNhMTZjZGRjZTdhMzg4ZjYwMmZlYw==#q6rswsh2OH+V4UdKTOwttvDMtRNm6nNTQkIQwaGRFh3jnouF3qsweUS/Fre6i4ir

2026-03-27 14:19:23,425 LT1-callback ClientCallback.log INFO client.py                 82    logger_log                : PTS_LOGTYPE_END_TEST Test Case Ended 

+73312 ms
 HFP/AG/TCA/BV-06-C HFP/AG/TCA/BV-06-C

2026-03-27 14:19:23,545 LT1-callback root DEBUG client.py                 82    logger_log                : ClientCallback, set_result, run_test_case, FAIL
2026-03-27 14:19:23,545 LT1-thread root DEBUG client.py                 82    logger_log                : After run_test_case error_code=0 status='FAIL'
2026-03-27 14:19:23,546 LT1-thread root DEBUG client.py                 82    logger_log                : post_run HFP HFP/AG/TCA/BV-06-C 0
2026-03-27 14:19:23,546 MainThread root DEBUG client.py                 82    logger_log                : Interrupting HFP HFP/AG/TCA/BV-06-C test case of thread LT1-thread
2026-03-27 14:19:23,546 LT1-thread root DEBUG client.py                 82    logger_log                : Starting test function: class=<class 'autopts.ptsprojects.testcase.TestFuncCleanUp'>, func=<bound method Stack.cleanup of <autopts.ptsprojects.stack.stack.Stack object at 0x00000285DC63BA70>> start_wid=None stop_wid=None post_wid=None skip_call=None call_count=2 args=() kwds={}
2026-03-27 14:19:23,547 LT1-thread root DEBUG client.py                 82    logger_log                : Test function parameters: args=(), kwds={}
2026-03-27 14:19:23,547 LT1-thread root DEBUG client.py                 82    logger_log                : Starting test function: class=<class 'autopts.ptsprojects.testcase.TestFuncCleanUp'>, func=<bound method ZephyrCtl.stop of <autopts.ptsprojects.zephyr.iutctl.ZephyrCtl object at 0x00000285DC5B4CB0>> start_wid=None stop_wid=None post_wid=None skip_call=None call_count=2 args=() kwds={}
2026-03-27 14:19:23,547 LT1-thread root DEBUG client.py                 82    logger_log                : Test function parameters: args=(), kwds={}
2026-03-27 14:19:23,547 LT1-thread root DEBUG client.py                 82    logger_log                : <class 'autopts.ptsprojects.zephyr.iutctl.ZephyrCtl'>.stop
2026-03-27 14:19:23,547 LT1-thread root DEBUG client.py                 82    logger_log                : About to reset DUT: JLink -CommandFile reset.jlink -usb 1063214216 -device MIMXRT1176XXXA_M7
2026-03-27 14:19:24,233 BTPWorkerThread-898 (_rx_task) root DEBUG client.py                 82    logger_log                : Read 5 bytes
2026-03-27 14:19:24,234 BTPWorkerThread-898 (_rx_task) root DEBUG client.py                 82    logger_log                : Received: hdr: Header(svc_id=0x00, op=0x80, ctrl_index=0xff, data_len=0x00) bytearray(b'\x00\x80\xff\x00\x00')
2026-03-27 14:19:24,234 BTPWorkerThread-898 (_rx_task) root DEBUG client.py                 82    logger_log                : Received data: {''}, bytearray(b'')
2026-03-27 14:19:24,234 BTPWorkerThread-898 (_rx_task) root DEBUG client.py                 82    logger_log                : event_handler Header(svc_id=0, op=128, ctrl_index=255, data_len=0) (b'',)
2026-03-27 14:19:24,234 BTPWorkerThread-898 (_rx_task) root DEBUG client.py                 82    logger_log                : core_iut_ready_ev
2026-03-27 14:19:24,730 LT1-thread root DEBUG client.py                 82    logger_log                : IUT ready event received OK
2026-03-27 14:19:24,730 LT1-thread root DEBUG client.py                 82    logger_log                : Waiting for _rx_worker to finish ...
2026-03-27 14:19:25,235 BTPWorkerThread-898 (_rx_task) root DEBUG client.py                 82    logger_log                : BTPWorkerThread-898 (_rx_task) finishing...
2026-03-27 14:19:28,244 LT1-thread root DEBUG client.py                 82    logger_log                : post_run, cleanup running post test case script
2026-03-27 14:19:28,244 LT1-thread root DEBUG client.py                 82    logger_log                : post_run, run post test case script
2026-03-27 14:19:28,338 LT1-thread root DEBUG client.py                 82    logger_log                : Done TestCase _run_test_case HFP HFP/AG/TCA/BV-06-C
