2026-10-08 20:06:32,916 LT1-thread root DEBUG client.py                 1099  _run_test_case            : Starting TestCase _run_test_case AVDTP AVDTP/SRC/ACP/SIG/SMG/BV-24-C
2026-10-08 20:06:32,916 LT1-thread root DEBUG testcase.py               727   pre_run                   : pre_run AVDTP AVDTP/SRC/ACP/SIG/SMG/BV-24-C
2026-10-08 20:06:32,917 LT1-thread root DEBUG testcase.py               729   pre_run                   : About to run test case AVDTP AVDTP/SRC/ACP/SIG/SMG/BV-24-C with commands:
2026-10-08 20:06:32,917 LT1-thread root DEBUG testcase.py               731   pre_run                   : 0) class=<class 'autopts.ptsprojects.testcase.TestFunc'>, func=<bound method ZTestCase._test_case_start of <autopts.ptsprojects.zephyr.ztestcase.ZTestCase object at 0x000002C687D400E0>> start_wid=None stop_wid=None post_wid=None skip_call=None call_count=0 args=() kwds={}
2026-10-08 20:06:32,917 LT1-thread root DEBUG testcase.py               731   pre_run                   : 1) class=<class 'autopts.ptsprojects.testcase.TestFunc'>, func=<function test_cases.<locals>.<lambda> at 0x000002C687D059E0> start_wid=None stop_wid=None post_wid=None skip_call=None call_count=28 args=() kwds={}
2026-10-08 20:06:32,917 LT1-thread root DEBUG testcase.py               731   pre_run                   : 2) class=<class 'autopts.ptsprojects.testcase.TestFunc'>, func=<function core_reg_svc_gap at 0x000002C684E2E160> start_wid=None stop_wid=None post_wid=None skip_call=None call_count=28 args=() kwds={}
2026-10-08 20:06:32,917 LT1-thread root DEBUG testcase.py               731   pre_run                   : 3) class=<class 'autopts.ptsprojects.testcase.TestFunc'>, func=<bound method Stack.gap_init of <autopts.ptsprojects.stack.stack.Stack object at 0x000002C6862F6F00>> start_wid=None stop_wid=None post_wid=None skip_call=None call_count=28 args=(b'Tester_08E44E',) kwds={}
2026-10-08 20:06:32,917 LT1-thread root DEBUG testcase.py               731   pre_run                   : 4) class=<class 'autopts.ptsprojects.testcase.TestFunc'>, func=<function gap_read_controller_info at 0x000002C684E6EB60> start_wid=None stop_wid=None post_wid=None skip_call=None call_count=28 args=() kwds={}
2026-10-08 20:06:32,917 LT1-thread root DEBUG testcase.py               731   pre_run                   : 5) class=<class 'autopts.ptsprojects.testcase.TestFunc'>, func=<function test_cases.<locals>.<lambda> at 0x000002C687D05EE0> start_wid=None stop_wid=None post_wid=None skip_call=None call_count=28 args=() kwds={}
2026-10-08 20:06:32,917 LT1-thread root DEBUG testcase.py               731   pre_run                   : 6) class=<class 'autopts.ptsprojects.testcase.TestFunc'>, func=<function set_pts_addr at 0x000002C684E2DD00> start_wid=None stop_wid=None post_wid=None skip_call=None call_count=28 args=('00:1B:DC:08:E4:4E', 0) kwds={}
2026-10-08 20:06:32,917 LT1-thread root DEBUG testcase.py               731   pre_run                   : 7) class=<class 'autopts.ptsprojects.testcase.TestFunc'>, func=<function core_reg_svc_gatt at 0x000002C684E2E2A0> start_wid=None stop_wid=None post_wid=None skip_call=None call_count=28 args=() kwds={}
2026-10-08 20:06:32,917 LT1-thread root DEBUG testcase.py               731   pre_run                   : 8) class=<class 'autopts.ptsprojects.testcase.TestFunc'>, func=<bound method Stack.gatt_init of <autopts.ptsprojects.stack.stack.Stack object at 0x000002C6862F6F00>> start_wid=None stop_wid=None post_wid=None skip_call=None call_count=28 args=() kwds={}
2026-10-08 20:06:32,918 LT1-thread root DEBUG testcase.py               731   pre_run                   : 9) class=<class 'autopts.ptsprojects.testcase.TestFunc'>, func=<function core_reg_svc_avdtp at 0x000002C684E2FA60> start_wid=None stop_wid=None post_wid=None skip_call=None call_count=28 args=() kwds={}
2026-10-08 20:06:32,918 LT1-thread root DEBUG testcase.py               731   pre_run                   : 10) class=<class 'autopts.ptsprojects.testcase.TestFunc'>, func=<bound method Stack.avdtp_init of <autopts.ptsprojects.stack.stack.Stack object at 0x000002C6862F6F00>> start_wid=None stop_wid=None post_wid=None skip_call=None call_count=28 args=() kwds={}
2026-10-08 20:06:32,918 LT1-thread root DEBUG testcase.py               731   pre_run                   : 11) class=<class 'autopts.ptsprojects.testcase.TestFunc'>, func=<function core_reg_svc_a2dp at 0x000002C684E2F9C0> start_wid=None stop_wid=None post_wid=None skip_call=None call_count=28 args=() kwds={}
2026-10-08 20:06:32,918 LT1-thread root DEBUG testcase.py               731   pre_run                   : 12) class=<class 'autopts.ptsprojects.testcase.TestFunc'>, func=<bound method Stack.a2dp_init of <autopts.ptsprojects.stack.stack.Stack object at 0x000002C6862F6F00>> start_wid=None stop_wid=None post_wid=None skip_call=None call_count=28 args=() kwds={}
2026-10-08 20:06:32,918 LT1-thread root DEBUG testcase.py               731   pre_run                   : 13) class=<class 'autopts.ptsprojects.testcase.TestFunc'>, func=<function a2dp_register_endpoint at 0x000002C684E34400> start_wid=None stop_wid=None post_wid=None skip_call=None call_count=0 args=(0, 0, 0, 0, None) kwds={}
2026-10-08 20:06:32,918 LT1-thread root DEBUG testcase.py               731   pre_run                   : 14) class=<class 'autopts.ptsprojects.testcase.TestFuncCleanUp'>, func=<bound method ZTestCase._test_case_cleanup of <autopts.ptsprojects.zephyr.ztestcase.ZTestCase object at 0x000002C687D400E0>> start_wid=None stop_wid=None post_wid=None skip_call=None call_count=0 args=() kwds={}
2026-10-08 20:06:32,918 LT1-thread root DEBUG testcase.py               738   pre_run                   : pre_run, run pre test case script
2026-10-08 20:06:32,925 LT1-thread root DEBUG testcase.py               254   start                     : Starting test function: class=<class 'autopts.ptsprojects.testcase.TestFunc'>, func=<bound method ZTestCase._test_case_start of <autopts.ptsprojects.zephyr.ztestcase.ZTestCase object at 0x000002C687D400E0>> start_wid=None stop_wid=None post_wid=None skip_call=None call_count=1 args=() kwds={}
2026-10-08 20:06:32,925 LT1-thread root DEBUG testcase.py               266   start                     : Test function parameters: args=(), kwds={}
2026-10-08 20:06:32,926 LT1-thread root DEBUG iutctl.py                 172   start                     : <class 'autopts.ptsprojects.zephyr.iutctl.create_zephyr_ctl_class.<locals>.ZephyrCtl'>.start
2026-10-08 20:06:32,926 LT1-thread root DEBUG iutctl.py                 325   flush_serial              : <class 'autopts.ptsprojects.zephyr.iutctl.create_zephyr_ctl_class.<locals>.ZephyrCtl'>.flush_serial
2026-10-08 20:06:34,101 LT1-thread root DEBUG iutctl.py                 249   _start_tty_mode           : Starting socat process: socat.exe -x -v tcp:10.17.12.9:51480,retry=100,interval=1 /dev/ttyS2,raw,b115200,
2026-10-08 20:06:34,107 LT1-thread root DEBUG iutctl_common.py          402   accept                    : 
2026-10-08 20:06:34,180 BTPWorkerThread-2163 (_rx_task) root DEBUG iutctl_common.py          299   _rx_task                  : BTPWorkerThread-2163 (_rx_task) started
2026-10-08 20:06:34,181 LT1-thread root DEBUG iutctl.py                 395   wait_iut_ready_event      : IUT ready event received OK
2026-10-08 20:06:34,181 LT1-thread root DEBUG btp.py                    51    read_supp_svcs            : 
2026-10-08 20:06:34,181 LT1-thread root DEBUG iutctl_common.py          161   send                      : 0 2 255 ''
2026-10-08 20:06:34,181 LT1-thread root DEBUG iutctl_common.py          166   send                      : sending frame '0002ff0000'
2026-10-08 20:06:34,181 LT1-thread root DEBUG iutctl_common.py          339   read                      : 
2026-10-08 20:06:34,192 BTPWorkerThread-2163 (_rx_task) root DEBUG iutctl_common.py          123   read                      : Read 5 bytes
2026-10-08 20:06:34,203 BTPWorkerThread-2163 (_rx_task) root DEBUG iutctl_common.py          131   read                      : Received: hdr: Header(svc_id=0x00, op=0x02, ctrl_index=0xff, data_len=0x06) bytearray(b'\x00\x02\xff\x06\x00')
2026-10-08 20:06:34,220 BTPWorkerThread-2163 (_rx_task) root DEBUG iutctl_common.py          139   read                      : Read 6 bytes data
2026-10-08 20:06:34,232 BTPWorkerThread-2163 (_rx_task) root DEBUG iutctl_common.py          154   read                      : Received data: {'0f 00 00 a0 ff 03'}, bytearray(b'\x0f\x00\x00\xa0\xff\x03')
2026-10-08 20:06:34,249 LT1-thread root DEBUG btp.py                    62    read_supp_svcs            : received Header(svc_id=0, op=2, ctrl_index=255, data_len=6) (b'\x0f\x00\x00\xa0\xff\x03',)
2026-10-08 20:06:34,249 LT1-thread root DEBUG testcase.py               254   start                     : Starting test function: class=<class 'autopts.ptsprojects.testcase.TestFunc'>, func=<function test_cases.<locals>.<lambda> at 0x000002C687D059E0> start_wid=None stop_wid=None post_wid=None skip_call=None call_count=29 args=() kwds={}
2026-10-08 20:06:34,249 LT1-thread root DEBUG testcase.py               266   start                     : Test function parameters: args=(), kwds={}
2026-10-08 20:06:34,252 LT1-thread root DEBUG testcase.py               254   start                     : Starting test function: class=<class 'autopts.ptsprojects.testcase.TestFunc'>, func=<function core_reg_svc_gap at 0x000002C684E2E160> start_wid=None stop_wid=None post_wid=None skip_call=None call_count=29 args=() kwds={}
2026-10-08 20:06:34,252 LT1-thread root DEBUG testcase.py               266   start                     : Test function parameters: args=(), kwds={}
2026-10-08 20:06:34,252 LT1-thread root DEBUG btp.py                    117   core_reg_svc_univ         : core_reg_svc_univ: gap_reg (GAP)
2026-10-08 20:06:34,252 LT1-thread root DEBUG iutctl_common.py          161   send                      : 0 3 255 '1'
2026-10-08 20:06:34,252 LT1-thread root DEBUG iutctl_common.py          166   send                      : sending frame '0003ff010001'
2026-10-08 20:06:34,252 LT1-thread root DEBUG btp.py                    654   core_reg_svc_rsp_succ     : 
2026-10-08 20:06:34,253 LT1-thread root DEBUG iutctl_common.py          339   read                      : 
2026-10-08 20:06:38,364 BTPWorkerThread-2163 (_rx_task) root DEBUG iutctl_common.py          123   read                      : Read 5 bytes
2026-10-08 20:06:38,370 BTPWorkerThread-2163 (_rx_task) root DEBUG iutctl_common.py          131   read                      : Received: hdr: Header(svc_id=0x00, op=0x03, ctrl_index=0xff, data_len=0x00) bytearray(b'\x00\x03\xff\x00\x00')
2026-10-08 20:06:38,370 BTPWorkerThread-2163 (_rx_task) root DEBUG iutctl_common.py          154   read                      : Received data: {''}, bytearray(b'')
2026-10-08 20:06:38,370 LT1-thread root DEBUG btp.py                    665   core_reg_svc_rsp_succ     : received Header(svc_id=0, op=3, ctrl_index=255, data_len=0) (b'',)
2026-10-08 20:06:38,370 LT1-thread root DEBUG btp.py                    666   core_reg_svc_rsp_succ     : expected ((0, 3, 255, 0), (b'',))
2026-10-08 20:06:38,371 LT1-thread root DEBUG btp.py                    671   core_reg_svc_rsp_succ     : response is valid
2026-10-08 20:06:38,371 LT1-thread root DEBUG btp.py                    674   core_reg_svc_rsp_succ     : Reading supported commands for service: GAP
2026-10-08 20:06:38,371 LT1-thread root DEBUG iutctl_common.py          161   send                      : 1 1 255 ''
2026-10-08 20:06:38,371 LT1-thread root DEBUG iutctl_common.py          166   send                      : sending frame '0101ff0000'
2026-10-08 20:06:38,371 LT1-thread root DEBUG iutctl_common.py          339   read                      : 
2026-10-08 20:06:38,414 BTPWorkerThread-2163 (_rx_task) root DEBUG iutctl_common.py          123   read                      : Read 5 bytes
2026-10-08 20:06:38,425 BTPWorkerThread-2163 (_rx_task) root DEBUG iutctl_common.py          131   read                      : Received: hdr: Header(svc_id=0x01, op=0x01, ctrl_index=0xff, data_len=0x07) bytearray(b'\x01\x01\xff\x07\x00')
2026-10-08 20:06:38,442 BTPWorkerThread-2163 (_rx_task) root DEBUG iutctl_common.py          139   read                      : Read 7 bytes data
2026-10-08 20:06:38,447 BTPWorkerThread-2163 (_rx_task) root DEBUG iutctl_common.py          154   read                      : Received data: {'6e ff 7f 1f fe ff 2e'}, bytearray(b'n\xff\x7f\x1f\xfe\xff.')
2026-10-08 20:06:38,452 LT1-thread root DEBUG testcase.py               254   start                     : Starting test function: class=<class 'autopts.ptsprojects.testcase.TestFunc'>, func=<bound method Stack.gap_init of <autopts.ptsprojects.stack.stack.Stack object at 0x000002C6862F6F00>> start_wid=None stop_wid=None post_wid=None skip_call=None call_count=29 args=(b'Tester_08E44E',) kwds={}
2026-10-08 20:06:38,452 LT1-thread root DEBUG testcase.py               266   start                     : Test function parameters: args=(b'Tester_08E44E',), kwds={}
2026-10-08 20:06:38,452 LT1-thread root DEBUG testcase.py               254   start                     : Starting test function: class=<class 'autopts.ptsprojects.testcase.TestFunc'>, func=<function gap_read_controller_info at 0x000002C684E6EB60> start_wid=None stop_wid=None post_wid=None skip_call=None call_count=29 args=() kwds={}
2026-10-08 20:06:38,452 LT1-thread root DEBUG testcase.py               266   start                     : Test function parameters: args=(), kwds={}
2026-10-08 20:06:38,452 LT1-thread root DEBUG gap.py                    1163  gap_read_controller_info  : 
2026-10-08 20:06:38,452 LT1-thread root DEBUG iutctl_common.py          161   send                      : 1 3 0 ''
2026-10-08 20:06:38,452 LT1-thread root DEBUG iutctl_common.py          166   send                      : sending frame '0103000000'
2026-10-08 20:06:38,452 LT1-thread root DEBUG iutctl_common.py          339   read                      : 
2026-10-08 20:06:38,491 BTPWorkerThread-2163 (_rx_task) root DEBUG iutctl_common.py          123   read                      : Read 5 bytes
2026-10-08 20:06:38,503 BTPWorkerThread-2163 (_rx_task) root DEBUG iutctl_common.py          131   read                      : Received: hdr: Header(svc_id=0x01, op=0x03, ctrl_index=0x00, data_len=0x115) bytearray(b'\x01\x03\x00\x15\x01')
2026-10-08 20:06:38,524 BTPWorkerThread-2163 (_rx_task) root DEBUG iutctl_common.py          139   read                      : Read 277 bytes data
2026-10-08 20:06:38,534 BTPWorkerThread-2163 (_rx_task) root DEBUG iutctl_common.py          154   read                      : Received data: {'19 78 ee 69 17 d0 d3 06 02 00 13 02 00 00 00 00 00 62 74 70 5f 74 65 73 74 65 72 00 00 00 00 00 00 00 00 00 00 00 00 00 00 00 00 00 00 00 00 00 00 00 00 00 00 00 00 00 00 00 00 00 00 00 00 00 00 00 00 00 00 00 00 00 00 00 00 00 00 00 00 00 00 00 00 00 00 00 00 00 00 00 00 00 00 00 00 00 00 00 00 00 00 00 00 00 00 00 00 00 00 00 00 00 00 00 00 00 00 00 00 00 00 00 00 00 00 00 00 00 00 00 00 00 00 00 00 00 00 00 00 00 00 00 00 00 00 00 00 00 00 00 00 00 00 00 00 00 00 00 00 00 00 00 00 00 00 00 00 00 00 00 00 00 00 00 00 00 00 00 00 00 00 00 00 00 00 00 00 00 00 00 00 00 00 00 00 00 00 00 00 00 00 00 00 00 00 00 00 00 00 00 00 00 00 00 00 00 00 00 00 00 00 00 00 00 00 00 00 00 00 00 00 00 00 00 00 00 00 00 00 00 00 00 00 00 00 00 00 00 00 00 00 00 00 00 00 00 00 00 00 00 00 00 00 00 00 00 00 00 00 00 00 00 00 00 00 00 00'}, bytearray(b'\x19x\xeei\x17\xd0\xd3\x06\x02\x00\x13\x02\x00\x00\x00\x00\x00btp_tester\x00\x00\x00\x00\x00\x00\x00\x00\x00\x00\x00\x00\x00\x00\x00\x00\x00\x00\x00\x00\x00\x00\x00\x00\x00\x00\x00\x00\x00\x00\x00\x00\x00\x00\x00\x00\x00\x00\x00\x00\x00\x00\x00\x00\x00\x00\x00\x00\x00\x00\x00\x00\x00\x00\x00\x00\x00\x00\x00\x00\x00\x00\x00\x00\x00\x00\x00\x00\x00\x00\x00\x00\x00\x00\x00\x00\x00\x00\x00\x00\x00\x00\x00\x00\x00\x00\x00\x00\x00\x00\x00\x00\x00\x00\x00\x00\x00\x00\x00\x00\x00\x00\x00\x00\x00\x00\x00\x00\x00\x00\x00\x00\x00\x00\x00\x00\x00\x00\x00\x00\x00\x00\x00\x00\x00\x00\x00\x00\x00\x00\x00\x00\x00\x00\x00\x00\x00\x00\x00\x00\x00\x00\x00\x00\x00\x00\x00\x00\x00\x00\x00\x00\x00\x00\x00\x00\x00\x00\x00\x00\x00\x00\x00\x00\x00\x00\x00\x00\x00\x00\x00\x00\x00\x00\x00\x00\x00\x00\x00\x00\x00\x00\x00\x00\x00\x00\x00\x00\x00\x00\x00\x00\x00\x00\x00\x00\x00\x00\x00\x00\x00\x00\x00\x00\x00\x00\x00\x00\x00\x00\x00\x00\x00\x00\x00\x00\x00\x00\x00\x00\x00\x00\x00\x00\x00\x00\x00\x00\x00\x00\x00\x00\x00\x00\x00\x00\x00\x00\x00\x00\x00\x00\x00\x00\x00\x00\x00\x00\x00\x00')
2026-10-08 20:06:38,550 LT1-thread root DEBUG gap.py                    1170  gap_read_controller_info  : received Header(svc_id=1, op=3, ctrl_index=0, data_len=277) (b'\x19x\xeei\x17\xd0\xd3\x06\x02\x00\x13\x02\x00\x00\x00\x00\x00btp_tester\x00\x00\x00\x00\x00\x00\x00\x00\x00\x00\x00\x00\x00\x00\x00\x00\x00\x00\x00\x00\x00\x00\x00\x00\x00\x00\x00\x00\x00\x00\x00\x00\x00\x00\x00\x00\x00\x00\x00\x00\x00\x00\x00\x00\x00\x00\x00\x00\x00\x00\x00\x00\x00\x00\x00\x00\x00\x00\x00\x00\x00\x00\x00\x00\x00\x00\x00\x00\x00\x00\x00\x00\x00\x00\x00\x00\x00\x00\x00\x00\x00\x00\x00\x00\x00\x00\x00\x00\x00\x00\x00\x00\x00\x00\x00\x00\x00\x00\x00\x00\x00\x00\x00\x00\x00\x00\x00\x00\x00\x00\x00\x00\x00\x00\x00\x00\x00\x00\x00\x00\x00\x00\x00\x00\x00\x00\x00\x00\x00\x00\x00\x00\x00\x00\x00\x00\x00\x00\x00\x00\x00\x00\x00\x00\x00\x00\x00\x00\x00\x00\x00\x00\x00\x00\x00\x00\x00\x00\x00\x00\x00\x00\x00\x00\x00\x00\x00\x00\x00\x00\x00\x00\x00\x00\x00\x00\x00\x00\x00\x00\x00\x00\x00\x00\x00\x00\x00\x00\x00\x00\x00\x00\x00\x00\x00\x00\x00\x00\x00\x00\x00\x00\x00\x00\x00\x00\x00\x00\x00\x00\x00\x00\x00\x00\x00\x00\x00\x00\x00\x00\x00\x00\x00\x00\x00\x00\x00\x00\x00\x00\x00\x00\x00\x00\x00\x00\x00\x00\x00\x00\x00\x00\x00\x00\x00\x00\x00\x00\x00\x00',)
2026-10-08 20:06:38,550 LT1-thread root DEBUG gap.py                    1191  gap_read_controller_info  : IUT address 'd01769ee7819' 'public'
2026-10-08 20:06:38,550 LT1-thread root DEBUG gap.py                    596   __gap_current_settings_update : 531
2026-10-08 20:06:38,550 LT1-thread root DEBUG testcase.py               254   start                     : Starting test function: class=<class 'autopts.ptsprojects.testcase.TestFunc'>, func=<function test_cases.<locals>.<lambda> at 0x000002C687D05EE0> start_wid=None stop_wid=None post_wid=None skip_call=None call_count=29 args=() kwds={}
2026-10-08 20:06:38,550 LT1-thread root DEBUG testcase.py               266   start                     : Test function parameters: args=(), kwds={}
2026-10-08 20:06:38,553 LT1-thread root DEBUG testcase.py               254   start                     : Starting test function: class=<class 'autopts.ptsprojects.testcase.TestFunc'>, func=<function set_pts_addr at 0x000002C684E2DD00> start_wid=None stop_wid=None post_wid=None skip_call=None call_count=29 args=('00:1B:DC:08:E4:4E', 0) kwds={}
2026-10-08 20:06:38,553 LT1-thread root DEBUG testcase.py               266   start                     : Test function parameters: args=('00:1B:DC:08:E4:4E', 0), kwds={}
2026-10-08 20:06:38,553 LT1-thread root DEBUG testcase.py               254   start                     : Starting test function: class=<class 'autopts.ptsprojects.testcase.TestFunc'>, func=<function core_reg_svc_gatt at 0x000002C684E2E2A0> start_wid=None stop_wid=None post_wid=None skip_call=None call_count=29 args=() kwds={}
2026-10-08 20:06:38,553 LT1-thread root DEBUG testcase.py               266   start                     : Test function parameters: args=(), kwds={}
2026-10-08 20:06:38,553 LT1-thread root DEBUG btp.py                    117   core_reg_svc_univ         : core_reg_svc_univ: gatt_reg (GATT)
2026-10-08 20:06:38,553 LT1-thread root DEBUG iutctl_common.py          161   send                      : 0 3 255 '2'
2026-10-08 20:06:38,553 LT1-thread root DEBUG iutctl_common.py          166   send                      : sending frame '0003ff010002'
2026-10-08 20:06:38,554 LT1-thread root DEBUG btp.py                    654   core_reg_svc_rsp_succ     : 
2026-10-08 20:06:38,554 LT1-thread root DEBUG iutctl_common.py          339   read                      : 
2026-10-08 20:06:38,596 BTPWorkerThread-2163 (_rx_task) root DEBUG iutctl_common.py          123   read                      : Read 5 bytes
2026-10-08 20:06:38,602 BTPWorkerThread-2163 (_rx_task) root DEBUG iutctl_common.py          131   read                      : Received: hdr: Header(svc_id=0x00, op=0x03, ctrl_index=0xff, data_len=0x00) bytearray(b'\x00\x03\xff\x00\x00')
2026-10-08 20:06:38,607 BTPWorkerThread-2163 (_rx_task) root DEBUG iutctl_common.py          154   read                      : Received data: {''}, bytearray(b'')
2026-10-08 20:06:38,618 LT1-thread root DEBUG btp.py                    665   core_reg_svc_rsp_succ     : received Header(svc_id=0, op=3, ctrl_index=255, data_len=0) (b'',)
2026-10-08 20:06:38,618 LT1-thread root DEBUG btp.py                    666   core_reg_svc_rsp_succ     : expected ((0, 3, 255, 0), (b'',))
2026-10-08 20:06:38,618 LT1-thread root DEBUG btp.py                    671   core_reg_svc_rsp_succ     : response is valid
2026-10-08 20:06:38,618 LT1-thread root DEBUG btp.py                    674   core_reg_svc_rsp_succ     : Reading supported commands for service: GATT
2026-10-08 20:06:38,618 LT1-thread root DEBUG iutctl_common.py          161   send                      : 2 1 255 ''
2026-10-08 20:06:38,618 LT1-thread root DEBUG iutctl_common.py          166   send                      : sending frame '0201ff0000'
2026-10-08 20:06:38,618 LT1-thread root DEBUG iutctl_common.py          339   read                      : 
2026-10-08 20:06:38,652 BTPWorkerThread-2163 (_rx_task) root DEBUG iutctl_common.py          123   read                      : Read 5 bytes
2026-10-08 20:06:38,662 BTPWorkerThread-2163 (_rx_task) root DEBUG iutctl_common.py          131   read                      : Received: hdr: Header(svc_id=0x02, op=0x01, ctrl_index=0xff, data_len=0x05) bytearray(b'\x02\x01\xff\x05\x00')
2026-10-08 20:06:38,667 BTPWorkerThread-2163 (_rx_task) root DEBUG iutctl_common.py          139   read                      : Read 5 bytes data
2026-10-08 20:06:38,672 BTPWorkerThread-2163 (_rx_task) root DEBUG iutctl_common.py          154   read                      : Received data: {'fe fe bf fd 0f'}, bytearray(b'\xfe\xfe\xbf\xfd\x0f')
2026-10-08 20:06:38,678 LT1-thread root DEBUG testcase.py               254   start                     : Starting test function: class=<class 'autopts.ptsprojects.testcase.TestFunc'>, func=<bound method Stack.gatt_init of <autopts.ptsprojects.stack.stack.Stack object at 0x000002C6862F6F00>> start_wid=None stop_wid=None post_wid=None skip_call=None call_count=29 args=() kwds={}
2026-10-08 20:06:38,678 LT1-thread root DEBUG testcase.py               266   start                     : Test function parameters: args=(), kwds={}
2026-10-08 20:06:38,678 LT1-thread root DEBUG testcase.py               254   start                     : Starting test function: class=<class 'autopts.ptsprojects.testcase.TestFunc'>, func=<function core_reg_svc_avdtp at 0x000002C684E2FA60> start_wid=None stop_wid=None post_wid=None skip_call=None call_count=29 args=() kwds={}
2026-10-08 20:06:38,678 LT1-thread root DEBUG testcase.py               266   start                     : Test function parameters: args=(), kwds={}
2026-10-08 20:06:38,678 LT1-thread root DEBUG btp.py                    117   core_reg_svc_univ         : core_reg_svc_univ: avdtp_reg (AVDTP)
2026-10-08 20:06:38,678 LT1-thread root DEBUG iutctl_common.py          161   send                      : 0 3 255 '36'
2026-10-08 20:06:38,678 LT1-thread root DEBUG iutctl_common.py          166   send                      : sending frame '0003ff010024'
2026-10-08 20:06:38,679 LT1-thread root DEBUG btp.py                    654   core_reg_svc_rsp_succ     : 
2026-10-08 20:06:38,679 LT1-thread root DEBUG iutctl_common.py          339   read                      : 
2026-10-08 20:06:38,711 BTPWorkerThread-2163 (_rx_task) root DEBUG iutctl_common.py          123   read                      : Read 5 bytes
2026-10-08 20:06:38,717 BTPWorkerThread-2163 (_rx_task) root DEBUG iutctl_common.py          131   read                      : Received: hdr: Header(svc_id=0x00, op=0x03, ctrl_index=0xff, data_len=0x00) bytearray(b'\x00\x03\xff\x00\x00')
2026-10-08 20:06:38,717 BTPWorkerThread-2163 (_rx_task) root DEBUG iutctl_common.py          154   read                      : Received data: {''}, bytearray(b'')
2026-10-08 20:06:38,722 LT1-thread root DEBUG btp.py                    665   core_reg_svc_rsp_succ     : received Header(svc_id=0, op=3, ctrl_index=255, data_len=0) (b'',)
2026-10-08 20:06:38,722 LT1-thread root DEBUG btp.py                    666   core_reg_svc_rsp_succ     : expected ((0, 3, 255, 0), (b'',))
2026-10-08 20:06:38,722 LT1-thread root DEBUG btp.py                    671   core_reg_svc_rsp_succ     : response is valid
2026-10-08 20:06:38,722 LT1-thread root DEBUG btp.py                    674   core_reg_svc_rsp_succ     : Reading supported commands for service: AVDTP
2026-10-08 20:06:38,722 LT1-thread root DEBUG iutctl_common.py          161   send                      : 36 1 255 ''
2026-10-08 20:06:38,722 LT1-thread root DEBUG iutctl_common.py          166   send                      : sending frame '2401ff0000'
2026-10-08 20:06:38,723 LT1-thread root DEBUG iutctl_common.py          339   read                      : 
2026-10-08 20:06:38,754 BTPWorkerThread-2163 (_rx_task) root DEBUG iutctl_common.py          123   read                      : Read 5 bytes
2026-10-08 20:06:38,760 BTPWorkerThread-2163 (_rx_task) root DEBUG iutctl_common.py          131   read                      : Received: hdr: Header(svc_id=0x24, op=0x01, ctrl_index=0xff, data_len=0x01) bytearray(b'$\x01\xff\x01\x00')
2026-10-08 20:06:38,765 BTPWorkerThread-2163 (_rx_task) root DEBUG iutctl_common.py          139   read                      : Read 1 bytes data
2026-10-08 20:06:38,765 BTPWorkerThread-2163 (_rx_task) root DEBUG iutctl_common.py          154   read                      : Received data: {'02'}, bytearray(b'\x02')
2026-10-08 20:06:38,765 LT1-thread root DEBUG testcase.py               254   start                     : Starting test function: class=<class 'autopts.ptsprojects.testcase.TestFunc'>, func=<bound method Stack.avdtp_init of <autopts.ptsprojects.stack.stack.Stack object at 0x000002C6862F6F00>> start_wid=None stop_wid=None post_wid=None skip_call=None call_count=29 args=() kwds={}
2026-10-08 20:06:38,766 LT1-thread root DEBUG testcase.py               266   start                     : Test function parameters: args=(), kwds={}
2026-10-08 20:06:38,766 LT1-thread root DEBUG testcase.py               254   start                     : Starting test function: class=<class 'autopts.ptsprojects.testcase.TestFunc'>, func=<function core_reg_svc_a2dp at 0x000002C684E2F9C0> start_wid=None stop_wid=None post_wid=None skip_call=None call_count=29 args=() kwds={}
2026-10-08 20:06:38,766 LT1-thread root DEBUG testcase.py               266   start                     : Test function parameters: args=(), kwds={}
2026-10-08 20:06:38,766 LT1-thread root DEBUG btp.py                    117   core_reg_svc_univ         : core_reg_svc_univ: a2dp_reg (A2DP)
2026-10-08 20:06:38,766 LT1-thread root DEBUG iutctl_common.py          161   send                      : 0 3 255 '35'
2026-10-08 20:06:38,766 LT1-thread root DEBUG iutctl_common.py          166   send                      : sending frame '0003ff010023'
2026-10-08 20:06:38,766 LT1-thread root DEBUG btp.py                    654   core_reg_svc_rsp_succ     : 
2026-10-08 20:06:38,766 LT1-thread root DEBUG iutctl_common.py          339   read                      : 
2026-10-08 20:06:38,798 BTPWorkerThread-2163 (_rx_task) root DEBUG iutctl_common.py          123   read                      : Read 5 bytes
2026-10-08 20:06:38,803 BTPWorkerThread-2163 (_rx_task) root DEBUG iutctl_common.py          131   read                      : Received: hdr: Header(svc_id=0x00, op=0x03, ctrl_index=0xff, data_len=0x00) bytearray(b'\x00\x03\xff\x00\x00')
2026-10-08 20:06:38,808 BTPWorkerThread-2163 (_rx_task) root DEBUG iutctl_common.py          154   read                      : Received data: {''}, bytearray(b'')
2026-10-08 20:06:38,813 LT1-thread root DEBUG btp.py                    665   core_reg_svc_rsp_succ     : received Header(svc_id=0, op=3, ctrl_index=255, data_len=0) (b'',)
2026-10-08 20:06:38,813 LT1-thread root DEBUG btp.py                    666   core_reg_svc_rsp_succ     : expected ((0, 3, 255, 0), (b'',))
2026-10-08 20:06:38,813 LT1-thread root DEBUG btp.py                    671   core_reg_svc_rsp_succ     : response is valid
2026-10-08 20:06:38,813 LT1-thread root DEBUG btp.py                    674   core_reg_svc_rsp_succ     : Reading supported commands for service: A2DP
2026-10-08 20:06:38,813 LT1-thread root DEBUG iutctl_common.py          161   send                      : 35 1 255 ''
2026-10-08 20:06:38,813 LT1-thread root DEBUG iutctl_common.py          166   send                      : sending frame '2301ff0000'
2026-10-08 20:06:38,814 LT1-thread root DEBUG iutctl_common.py          339   read                      : 
2026-10-08 20:06:38,849 BTPWorkerThread-2163 (_rx_task) root DEBUG iutctl_common.py          123   read                      : Read 5 bytes
2026-10-08 20:06:38,861 BTPWorkerThread-2163 (_rx_task) root DEBUG iutctl_common.py          131   read                      : Received: hdr: Header(svc_id=0x23, op=0x01, ctrl_index=0xff, data_len=0x03) bytearray(b'#\x01\xff\x03\x00')
2026-10-08 20:06:38,872 BTPWorkerThread-2163 (_rx_task) root DEBUG iutctl_common.py          139   read                      : Read 3 bytes data
2026-10-08 20:06:38,883 BTPWorkerThread-2163 (_rx_task) root DEBUG iutctl_common.py          154   read                      : Received data: {'fe ff 01'}, bytearray(b'\xfe\xff\x01')
2026-10-08 20:06:38,889 LT1-thread root DEBUG testcase.py               254   start                     : Starting test function: class=<class 'autopts.ptsprojects.testcase.TestFunc'>, func=<bound method Stack.a2dp_init of <autopts.ptsprojects.stack.stack.Stack object at 0x000002C6862F6F00>> start_wid=None stop_wid=None post_wid=None skip_call=None call_count=29 args=() kwds={}
2026-10-08 20:06:38,889 LT1-thread root DEBUG testcase.py               266   start                     : Test function parameters: args=(), kwds={}
2026-10-08 20:06:38,889 LT1-thread root DEBUG testcase.py               254   start                     : Starting test function: class=<class 'autopts.ptsprojects.testcase.TestFunc'>, func=<function a2dp_register_endpoint at 0x000002C684E34400> start_wid=None stop_wid=None post_wid=None skip_call=None call_count=1 args=(0, 0, 0, 0, None) kwds={}
2026-10-08 20:06:38,889 LT1-thread root DEBUG testcase.py               266   start                     : Test function parameters: args=(0, 0, 0, 0, None), kwds={}
2026-10-08 20:06:38,889 LT1-thread root DEBUG a2dp.py                   90    a2dp_register_endpoint    : a2dp_register_endpoint 0 0 0 0 None
2026-10-08 20:06:38,889 LT1-thread root DEBUG iutctl_common.py          161   send                      : 35 4 0 "bytearray(b'\\x00\\x00\\x00\\x00\\x00\\x00')"
2026-10-08 20:06:38,889 LT1-thread root DEBUG iutctl_common.py          166   send                      : sending frame '2304000600000000000000'
2026-10-08 20:06:38,890 LT1-thread root DEBUG iutctl_common.py          339   read                      : 
2026-10-08 20:06:38,919 BTPWorkerThread-2163 (_rx_task) root DEBUG iutctl_common.py          123   read                      : Read 5 bytes
2026-10-08 20:06:38,930 BTPWorkerThread-2163 (_rx_task) root DEBUG iutctl_common.py          131   read                      : Received: hdr: Header(svc_id=0x23, op=0x04, ctrl_index=0x00, data_len=0x00) bytearray(b'#\x04\x00\x00\x00')
2026-10-08 20:06:38,930 BTPWorkerThread-2163 (_rx_task) root DEBUG iutctl_common.py          154   read                      : Received data: {''}, bytearray(b'')
2026-10-08 20:06:38,932 LT1-thread root DEBUG client.py                 276   get_result                : ClientCallback.get_result run_test_case
2026-10-08 20:06:40,484 LT1-callback ClientCallback.on_implicit_send INFO client.py                 223   on_implicit_send          : 
    ********************
    BEGIN OnImplicitSend:
    project_name: AVDTP
    wid: 1047
    test_case_name: AVDTP/SRC/ACP/SIG/SMG/BV-24-C
    description: Action: Place the IUT in connectable mode.

Description : PTS requires that the IUT be in connectable mode.The PTS will attempt to establish an ACL connection.
    style: MMI_Style_Ok_Cancel2 0x11141
2026-10-08 20:06:40,485 LT1-callback ClientCallback.on_implicit_send INFO client.py                 236   on_implicit_send          : Calling test cases on_implicit_send
2026-10-08 20:06:40,485 LT1-callback ClientCallback.on_implicit_send INFO client.py                 249   on_implicit_send          : 
    on_implicit_send returned response: WAIT
    END OnImplicitSend
    ********************
2026-10-08 20:06:40,934 LT1-thread root DEBUG testcase.py               679   run_wid                   : AVDTP AVDTP/SRC/ACP/SIG/SMG/BV-24-C on_implicit_send
2026-10-08 20:06:40,934 LT1-thread root DEBUG avdtp_wid.py              25    avdtp_wid_hdl             : avdtp_wid_hdl, 1047, Action: Place the IUT in connectable mode.

Description : PTS requires that the IUT be in connectable mode.The PTS will attempt to establish an ACL connection., AVDTP/SRC/ACP/SIG/SMG/BV-24-C
2026-10-08 20:06:40,934 LT1-thread root DEBUG gap.py                    984   gap_set_connectable       : 
2026-10-08 20:06:40,934 LT1-thread root DEBUG gap.py                    1035  gap_set_general_discoverable : 
2026-10-08 20:06:40,934 LT1-thread root DEBUG iutctl_common.py          161   send                      : 1 8 0 '1'
2026-10-08 20:06:40,934 LT1-thread root DEBUG iutctl_common.py          166   send                      : sending frame '010800010001'
2026-10-08 20:06:40,934 LT1-thread root DEBUG gap.py                    1229  gap_command_rsp_succ      : 
2026-10-08 20:06:40,935 LT1-thread root DEBUG iutctl_common.py          339   read                      : 
2026-10-08 20:06:40,991 BTPWorkerThread-2163 (_rx_task) root DEBUG iutctl_common.py          123   read                      : Read 5 bytes
2026-10-08 20:06:40,991 BTPWorkerThread-2163 (_rx_task) root DEBUG iutctl_common.py          131   read                      : Received: hdr: Header(svc_id=0x01, op=0x08, ctrl_index=0x00, data_len=0x04) bytearray(b'\x01\x08\x00\x04\x00')
2026-10-08 20:06:41,002 BTPWorkerThread-2163 (_rx_task) root DEBUG iutctl_common.py          139   read                      : Read 4 bytes data
2026-10-08 20:06:41,007 BTPWorkerThread-2163 (_rx_task) root DEBUG iutctl_common.py          154   read                      : Received data: {'1b 02 00 00'}, bytearray(b'\x1b\x02\x00\x00')
2026-10-08 20:06:41,013 LT1-thread root DEBUG gap.py                    1234  gap_command_rsp_succ      : received Header(svc_id=1, op=8, ctrl_index=0, data_len=4) (b'\x1b\x02\x00\x00',)
2026-10-08 20:06:41,013 LT1-thread root DEBUG gap.py                    596   __gap_current_settings_update : (b'\x1b\x02\x00\x00',)
2026-10-08 20:06:41,013 LT1-thread root DEBUG testcase.py               722   run_wid                   : Sending response 'OK' to wid 1047 test case AVDTP/SRC/ACP/SIG/SMG/BV-24-C
2026-10-08 20:06:41,015 LT1-thread root DEBUG client.py                 276   get_result                : ClientCallback.get_result run_test_case
2026-10-08 20:06:43,649 LT1-callback ClientCallback.on_implicit_send INFO client.py                 223   on_implicit_send          : 
    ********************
    BEGIN OnImplicitSend:
    project_name: AVDTP
    wid: 1002
    test_case_name: AVDTP/SRC/ACP/SIG/SMG/BV-24-C
    description: If necessary, take action to accept the AVDTP Signaling Channel Connection initiated by the tester.

Description: Make sure the IUT (Implementation Under Test) is in a state to accept incoming Bluetooth connections.  Some devices may need to be on a specific screen, like a Bluetooth settings screen, in order to pair with PTS.  If the IUT is still having problems pairing with PTS, try running a test case where the IUT connects to PTS to establish pairing.
    style: MMI_Style_Ok_Cancel2 0x11141
2026-10-08 20:06:43,649 LT1-callback ClientCallback.on_implicit_send INFO client.py                 236   on_implicit_send          : Calling test cases on_implicit_send
2026-10-08 20:06:43,649 LT1-callback ClientCallback.on_implicit_send INFO client.py                 249   on_implicit_send          : 
    on_implicit_send returned response: WAIT
    END OnImplicitSend
    ********************
2026-10-08 20:06:43,649 BTPWorkerThread-2163 (_rx_task) root DEBUG iutctl_common.py          123   read                      : Read 5 bytes
2026-10-08 20:06:43,650 BTPWorkerThread-2163 (_rx_task) root DEBUG iutctl_common.py          131   read                      : Received: hdr: Header(svc_id=0x01, op=0x82, ctrl_index=0x00, data_len=0x0d) bytearray(b'\x01\x82\x00\r\x00')
2026-10-08 20:06:43,650 BTPWorkerThread-2163 (_rx_task) root DEBUG iutctl_common.py          139   read                      : Read 13 bytes data
2026-10-08 20:06:43,650 BTPWorkerThread-2163 (_rx_task) root DEBUG iutctl_common.py          154   read                      : Received data: {'e0 4e e4 08 dc 1b 00 00 00 00 00 00 00'}, bytearray(b'\xe0N\xe4\x08\xdc\x1b\x00\x00\x00\x00\x00\x00\x00')
2026-10-08 20:06:43,650 BTPWorkerThread-2163 (_rx_task) root DEBUG btp.py                    736   event_handler             : Header(svc_id=1, op=130, ctrl_index=0, data_len=13) (b'\xe0N\xe4\x08\xdc\x1b\x00\x00\x00\x00\x00\x00\x00',)
2026-10-08 20:06:43,650 BTPWorkerThread-2163 (_rx_task) root DEBUG gap.py                    215   gap_connected_ev_         : b'\xe0N\xe4\x08\xdc\x1b\x00\x00\x00\x00\x00\x00\x00'
2026-10-08 20:06:43,650 BTPWorkerThread-2163 (_rx_task) root DEBUG iutctl_common.py          123   read                      : Read 5 bytes
2026-10-08 20:06:43,650 BTPWorkerThread-2163 (_rx_task) root DEBUG iutctl_common.py          131   read                      : Received: hdr: Header(svc_id=0x01, op=0x80, ctrl_index=0x00, data_len=0x04) bytearray(b'\x01\x80\x00\x04\x00')
2026-10-08 20:06:43,651 BTPWorkerThread-2163 (_rx_task) root DEBUG iutctl_common.py          139   read                      : Read 4 bytes data
2026-10-08 20:06:43,651 BTPWorkerThread-2163 (_rx_task) root DEBUG iutctl_common.py          154   read                      : Received data: {'1b 02 00 00'}, bytearray(b'\x1b\x02\x00\x00')
2026-10-08 20:06:43,651 BTPWorkerThread-2163 (_rx_task) root DEBUG btp.py                    736   event_handler             : Header(svc_id=1, op=128, ctrl_index=0, data_len=4) (b'\x1b\x02\x00\x00',)
2026-10-08 20:06:43,651 BTPWorkerThread-2163 (_rx_task) root DEBUG gap.py                    183   gap_new_settings_ev_      : b'\x1b\x02\x00\x00'
2026-10-08 20:06:43,651 BTPWorkerThread-2163 (_rx_task) root DEBUG gap.py                    596   __gap_current_settings_update : 539
2026-10-08 20:06:44,016 LT1-thread root DEBUG testcase.py               679   run_wid                   : AVDTP AVDTP/SRC/ACP/SIG/SMG/BV-24-C on_implicit_send
2026-10-08 20:06:44,016 LT1-thread root DEBUG avdtp_wid.py              25    avdtp_wid_hdl             : avdtp_wid_hdl, 1002, If necessary, take action to accept the AVDTP Signaling Channel Connection initiated by the tester.

Description: Make sure the IUT (Implementation Under Test) is in a state to accept incoming Bluetooth connections.  Some devices may need to be on a specific screen, like a Bluetooth settings screen, in order to pair with PTS.  If the IUT is still having problems pairing with PTS, try running a test case where the IUT connects to PTS to establish pairing., AVDTP/SRC/ACP/SIG/SMG/BV-24-C
2026-10-08 20:06:44,016 LT1-thread root DEBUG testcase.py               722   run_wid                   : Sending response 'OK' to wid 1002 test case AVDTP/SRC/ACP/SIG/SMG/BV-24-C
2026-10-08 20:06:44,018 LT1-thread root DEBUG client.py                 276   get_result                : ClientCallback.get_result run_test_case
2026-10-08 20:06:45,260 BTPWorkerThread-2163 (_rx_task) root DEBUG iutctl_common.py          123   read                      : Read 5 bytes
2026-10-08 20:06:45,260 BTPWorkerThread-2163 (_rx_task) root DEBUG iutctl_common.py          131   read                      : Received: hdr: Header(svc_id=0x01, op=0x91, ctrl_index=0x00, data_len=0x09) bytearray(b'\x01\x91\x00\t\x00')
2026-10-08 20:06:45,260 BTPWorkerThread-2163 (_rx_task) root DEBUG iutctl_common.py          139   read                      : Read 9 bytes data
2026-10-08 20:06:45,261 BTPWorkerThread-2163 (_rx_task) root DEBUG iutctl_common.py          154   read                      : Received data: {'e0 4e e4 08 dc 1b 00 01 10'}, bytearray(b'\xe0N\xe4\x08\xdc\x1b\x00\x01\x10')
2026-10-08 20:06:45,261 BTPWorkerThread-2163 (_rx_task) root DEBUG btp.py                    736   event_handler             : Header(svc_id=1, op=145, ctrl_index=0, data_len=9) (b'\xe0N\xe4\x08\xdc\x1b\x00\x01\x10',)
2026-10-08 20:06:45,261 BTPWorkerThread-2163 (_rx_task) root DEBUG gap.py                    494   gap_encryption_change_ev_ : 
2026-10-08 20:06:45,261 BTPWorkerThread-2163 (_rx_task) root DEBUG gap.py                    496   gap_encryption_change_ev_ : enc change received b'\xe0N\xe4\x08\xdc\x1b\x00\x01\x10'
2026-10-08 20:06:45,261 BTPWorkerThread-2163 (_rx_task) root DEBUG gap.py                    505   gap_encryption_change_ev_ : received (224, '001bdc08e44e', 1, 16)
2026-10-08 20:06:45,261 BTPWorkerThread-2163 (_rx_task) root DEBUG iutctl_common.py          123   read                      : Read 5 bytes
2026-10-08 20:06:45,261 BTPWorkerThread-2163 (_rx_task) root DEBUG iutctl_common.py          131   read                      : Received: hdr: Header(svc_id=0x01, op=0x89, ctrl_index=0x00, data_len=0x08) bytearray(b'\x01\x89\x00\x08\x00')
2026-10-08 20:06:45,261 BTPWorkerThread-2163 (_rx_task) root DEBUG iutctl_common.py          139   read                      : Read 8 bytes data
2026-10-08 20:06:45,261 BTPWorkerThread-2163 (_rx_task) root DEBUG iutctl_common.py          154   read                      : Received data: {'e0 4e e4 08 dc 1b 00 02'}, bytearray(b'\xe0N\xe4\x08\xdc\x1b\x00\x02')
2026-10-08 20:06:45,262 BTPWorkerThread-2163 (_rx_task) root DEBUG btp.py                    736   event_handler             : Header(svc_id=1, op=137, ctrl_index=0, data_len=8) (b'\xe0N\xe4\x08\xdc\x1b\x00\x02',)
2026-10-08 20:06:45,262 BTPWorkerThread-2163 (_rx_task) root DEBUG gap.py                    300   gap_sec_level_changed_ev_ : 
2026-10-08 20:06:45,262 BTPWorkerThread-2163 (_rx_task) root DEBUG gap.py                    302   gap_sec_level_changed_ev_ : received b'\xe0N\xe4\x08\xdc\x1b\x00\x02'
2026-10-08 20:06:45,262 BTPWorkerThread-2163 (_rx_task) root DEBUG gap.py                    313   gap_sec_level_changed_ev_ : received (224, '001bdc08e44e', 2)
2026-10-08 20:06:45,282 BTPWorkerThread-2163 (_rx_task) root DEBUG iutctl_common.py          123   read                      : Read 5 bytes
2026-10-08 20:06:45,282 BTPWorkerThread-2163 (_rx_task) root DEBUG iutctl_common.py          131   read                      : Received: hdr: Header(svc_id=0x23, op=0x80, ctrl_index=0x00, data_len=0x08) bytearray(b'#\x80\x00\x08\x00')
2026-10-08 20:06:45,282 BTPWorkerThread-2163 (_rx_task) root DEBUG iutctl_common.py          139   read                      : Read 8 bytes data
2026-10-08 20:06:45,283 BTPWorkerThread-2163 (_rx_task) root DEBUG iutctl_common.py          154   read                      : Received data: {'e0 4e e4 08 dc 1b 00 00'}, bytearray(b'\xe0N\xe4\x08\xdc\x1b\x00\x00')
2026-10-08 20:06:45,283 BTPWorkerThread-2163 (_rx_task) root DEBUG btp.py                    736   event_handler             : Header(svc_id=35, op=128, ctrl_index=0, data_len=8) (b'\xe0N\xe4\x08\xdc\x1b\x00\x00',)
2026-10-08 20:06:45,283 BTPWorkerThread-2163 (_rx_task) root DEBUG a2dp.py                   328   a2dp_connected_ev         : a2dp_connected_ev b'\xe0N\xe4\x08\xdc\x1b\x00\x00' 8
2026-10-08 20:06:45,283 BTPWorkerThread-2163 (_rx_task) root DEBUG a2dp.py                   333   a2dp_connected_ev         : A2DP connected to addr b'N\xe4\x08\xdc\x1b\x00', result 0
2026-10-08 20:06:45,293 LT1-callback ClientCallback.on_implicit_send INFO client.py                 223   on_implicit_send          : 
    ********************
    BEGIN OnImplicitSend:
    project_name: AVDTP
    wid: 1004
    test_case_name: AVDTP/SRC/ACP/SIG/SMG/BV-24-C
    description: If necessary, take action to accept the AVDTP Discover operation initiated by the tester.
    style: MMI_Style_Ok_Cancel2 0x11141
2026-10-08 20:06:45,293 LT1-callback ClientCallback.on_implicit_send INFO client.py                 236   on_implicit_send          : Calling test cases on_implicit_send
2026-10-08 20:06:45,293 LT1-callback ClientCallback.on_implicit_send INFO client.py                 249   on_implicit_send          : 
    on_implicit_send returned response: WAIT
    END OnImplicitSend
    ********************
2026-10-08 20:06:45,388 BTPWorkerThread-2163 (_rx_task) root DEBUG iutctl_common.py          123   read                      : Read 5 bytes
2026-10-08 20:06:45,388 BTPWorkerThread-2163 (_rx_task) root DEBUG iutctl_common.py          131   read                      : Received: hdr: Header(svc_id=0x23, op=0x85, ctrl_index=0x00, data_len=0x0f) bytearray(b'#\x85\x00\x0f\x00')
2026-10-08 20:06:45,388 BTPWorkerThread-2163 (_rx_task) root DEBUG iutctl_common.py          139   read                      : Read 15 bytes data
2026-10-08 20:06:45,389 BTPWorkerThread-2163 (_rx_task) root DEBUG iutctl_common.py          154   read                      : Received data: {'e0 4e e4 08 dc 1b 00 00 00 00 04 11 15 0e 64'}, bytearray(b'\xe0N\xe4\x08\xdc\x1b\x00\x00\x00\x00\x04\x11\x15\x0ed')
2026-10-08 20:06:45,389 BTPWorkerThread-2163 (_rx_task) root DEBUG btp.py                    736   event_handler             : Header(svc_id=35, op=133, ctrl_index=0, data_len=15) (b'\xe0N\xe4\x08\xdc\x1b\x00\x00\x00\x00\x04\x11\x15\x0ed',)
2026-10-08 20:06:45,389 BTPWorkerThread-2163 (_rx_task) root DEBUG a2dp.py                   506   a2dp_config_req_ev        : a2dp_config_req_ev b'\xe0N\xe4\x08\xdc\x1b\x00\x00\x00\x00\x04\x11\x15\x0ed' 15
2026-10-08 20:06:45,389 BTPWorkerThread-2163 (_rx_task) root DEBUG a2dp.py                   514   a2dp_config_req_ev        : A2DP config request: addr b'N\xe4\x08\xdc\x1b\x00', local_ep 0, delay_report 0
2026-10-08 20:06:45,464 BTPWorkerThread-2163 (_rx_task) root DEBUG iutctl_common.py          123   read                      : Read 5 bytes
2026-10-08 20:06:45,465 BTPWorkerThread-2163 (_rx_task) root DEBUG iutctl_common.py          131   read                      : Received: hdr: Header(svc_id=0x23, op=0x90, ctrl_index=0x00, data_len=0x09) bytearray(b'#\x90\x00\t\x00')
2026-10-08 20:06:45,465 BTPWorkerThread-2163 (_rx_task) root DEBUG iutctl_common.py          139   read                      : Read 5 bytes data
2026-10-08 20:06:45,475 BTPWorkerThread-2163 (_rx_task) root DEBUG iutctl_common.py          139   read                      : Read 4 bytes data
2026-10-08 20:06:45,476 BTPWorkerThread-2163 (_rx_task) root DEBUG iutctl_common.py          154   read                      : Received data: {'e0 4e e4 08 dc 1b 00 00 00'}, bytearray(b'\xe0N\xe4\x08\xdc\x1b\x00\x00\x00')
2026-10-08 20:06:45,476 BTPWorkerThread-2163 (_rx_task) root DEBUG btp.py                    736   event_handler             : Header(svc_id=35, op=144, ctrl_index=0, data_len=9) (b'\xe0N\xe4\x08\xdc\x1b\x00\x00\x00',)
2026-10-08 20:06:45,476 BTPWorkerThread-2163 (_rx_task) root DEBUG a2dp.py                   651   a2dp_abort_req_ev         : a2dp_abort_req_ev b'\xe0N\xe4\x08\xdc\x1b\x00\x00\x00' 9
2026-10-08 20:06:45,476 BTPWorkerThread-2163 (_rx_task) root DEBUG a2dp.py                   656   a2dp_abort_req_ev         : A2DP abort request: addr b'N\xe4\x08\xdc\x1b\x00', stream_id 0
2026-10-08 20:06:46,019 LT1-thread root DEBUG testcase.py               679   run_wid                   : AVDTP AVDTP/SRC/ACP/SIG/SMG/BV-24-C on_implicit_send
2026-10-08 20:06:46,019 LT1-thread root DEBUG avdtp_wid.py              25    avdtp_wid_hdl             : avdtp_wid_hdl, 1004, If necessary, take action to accept the AVDTP Discover operation initiated by the tester., AVDTP/SRC/ACP/SIG/SMG/BV-24-C
2026-10-08 20:06:46,019 LT1-thread root DEBUG testcase.py               722   run_wid                   : Sending response 'OK' to wid 1004 test case AVDTP/SRC/ACP/SIG/SMG/BV-24-C
2026-10-08 20:06:46,021 LT1-thread root DEBUG client.py                 276   get_result                : ClientCallback.get_result run_test_case
2026-10-08 20:06:46,023 LT1-callback ClientCallback.on_implicit_send INFO client.py                 223   on_implicit_send          : 
    ********************
    BEGIN OnImplicitSend:
    project_name: AVDTP
    wid: 1009
    test_case_name: AVDTP/SRC/ACP/SIG/SMG/BV-24-C
    description: If necessary, take action to accept the AVDTP Set Configuration operation initiated by the tester.
    style: MMI_Style_Ok_Cancel2 0x11141
2026-10-08 20:06:46,023 LT1-callback ClientCallback.on_implicit_send INFO client.py                 236   on_implicit_send          : Calling test cases on_implicit_send
2026-10-08 20:06:46,023 LT1-callback ClientCallback.on_implicit_send INFO client.py                 249   on_implicit_send          : 
    on_implicit_send returned response: WAIT
    END OnImplicitSend
    ********************
2026-10-08 20:06:46,520 BTPWorkerThread-2163 (_rx_task) root DEBUG iutctl_common.py          123   read                      : Read 5 bytes
2026-10-08 20:06:46,520 BTPWorkerThread-2163 (_rx_task) root DEBUG iutctl_common.py          131   read                      : Received: hdr: Header(svc_id=0x23, op=0x81, ctrl_index=0x00, data_len=0x07) bytearray(b'#\x81\x00\x07\x00')
2026-10-08 20:06:46,520 BTPWorkerThread-2163 (_rx_task) root DEBUG iutctl_common.py          139   read                      : Read 7 bytes data
2026-10-08 20:06:46,521 BTPWorkerThread-2163 (_rx_task) root DEBUG iutctl_common.py          154   read                      : Received data: {'e0 4e e4 08 dc 1b 00'}, bytearray(b'\xe0N\xe4\x08\xdc\x1b\x00')
2026-10-08 20:06:46,521 BTPWorkerThread-2163 (_rx_task) root DEBUG btp.py                    736   event_handler             : Header(svc_id=35, op=129, ctrl_index=0, data_len=7) (b'\xe0N\xe4\x08\xdc\x1b\x00',)
2026-10-08 20:06:46,521 BTPWorkerThread-2163 (_rx_task) root DEBUG a2dp.py                   341   a2dp_disconnected_ev      : a2dp_disconnected_ev b'\xe0N\xe4\x08\xdc\x1b\x00' 7
2026-10-08 20:06:46,521 BTPWorkerThread-2163 (_rx_task) root DEBUG a2dp.py                   346   a2dp_disconnected_ev      : A2DP disconnected from addr b'N\xe4\x08\xdc\x1b\x00'
2026-10-08 20:06:46,521 BTPWorkerThread-2163 (_rx_task) root DEBUG iutctl_common.py          123   read                      : Read 5 bytes
2026-10-08 20:06:46,521 BTPWorkerThread-2163 (_rx_task) root DEBUG iutctl_common.py          131   read                      : Received: hdr: Header(svc_id=0x01, op=0x83, ctrl_index=0x00, data_len=0x07) bytearray(b'\x01\x83\x00\x07\x00')
2026-10-08 20:06:46,521 BTPWorkerThread-2163 (_rx_task) root DEBUG iutctl_common.py          139   read                      : Read 7 bytes data
2026-10-08 20:06:46,521 BTPWorkerThread-2163 (_rx_task) root DEBUG iutctl_common.py          154   read                      : Received data: {'e0 4e e4 08 dc 1b 00'}, bytearray(b'\xe0N\xe4\x08\xdc\x1b\x00')
2026-10-08 20:06:46,522 BTPWorkerThread-2163 (_rx_task) root DEBUG btp.py                    736   event_handler             : Header(svc_id=1, op=131, ctrl_index=0, data_len=7) (b'\xe0N\xe4\x08\xdc\x1b\x00',)
2026-10-08 20:06:46,522 BTPWorkerThread-2163 (_rx_task) root DEBUG gap.py                    228   gap_disconnected_ev_      : b'\xe0N\xe4\x08\xdc\x1b\x00'
2026-10-08 20:06:47,021 LT1-thread root DEBUG testcase.py               679   run_wid                   : AVDTP AVDTP/SRC/ACP/SIG/SMG/BV-24-C on_implicit_send
2026-10-08 20:06:47,022 LT1-thread root DEBUG avdtp_wid.py              25    avdtp_wid_hdl             : avdtp_wid_hdl, 1009, If necessary, take action to accept the AVDTP Set Configuration operation initiated by the tester., AVDTP/SRC/ACP/SIG/SMG/BV-24-C
2026-10-08 20:06:47,022 LT1-thread root DEBUG testcase.py               722   run_wid                   : Sending response 'OK' to wid 1009 test case AVDTP/SRC/ACP/SIG/SMG/BV-24-C
2026-10-08 20:06:47,024 LT1-thread root DEBUG client.py                 276   get_result                : ClientCallback.get_result run_test_case
2026-10-08 20:06:47,026 LT1-callback ClientCallback.on_implicit_send INFO client.py                 223   on_implicit_send          : 
    ********************
    BEGIN OnImplicitSend:
    project_name: AVDTP
    wid: 1000
    test_case_name: AVDTP/SRC/ACP/SIG/SMG/BV-24-C
    description: If necessary, take action to accept the AVDTP Abort operation initiated by the tester..
    style: MMI_Style_Ok_Cancel2 0x11141
2026-10-08 20:06:47,026 LT1-callback ClientCallback.on_implicit_send INFO client.py                 236   on_implicit_send          : Calling test cases on_implicit_send
2026-10-08 20:06:47,026 LT1-callback ClientCallback.on_implicit_send INFO client.py                 249   on_implicit_send          : 
    on_implicit_send returned response: WAIT
    END OnImplicitSend
    ********************
2026-10-08 20:06:48,025 LT1-thread root DEBUG testcase.py               679   run_wid                   : AVDTP AVDTP/SRC/ACP/SIG/SMG/BV-24-C on_implicit_send
2026-10-08 20:06:48,025 LT1-thread root DEBUG avdtp_wid.py              25    avdtp_wid_hdl             : avdtp_wid_hdl, 1000, If necessary, take action to accept the AVDTP Abort operation initiated by the tester.., AVDTP/SRC/ACP/SIG/SMG/BV-24-C
2026-10-08 20:06:48,025 LT1-thread root DEBUG testcase.py               722   run_wid                   : Sending response 'OK' to wid 1000 test case AVDTP/SRC/ACP/SIG/SMG/BV-24-C
2026-10-08 20:06:48,027 LT1-thread root DEBUG client.py                 276   get_result                : ClientCallback.get_result run_test_case
2026-10-08 20:06:49,223 LT1-callback ClientCallback.log INFO client.py                 200   log                       : PTS_LOGTYPE_START_TEST Start Test Case 

+140 ms
 AVDTP/SRC/ACP/SIG/SMG/BV-24-C AVDTP/SRC/ACP/SIG/SMG/BV-24-C

2026-10-08 20:06:49,558 LT1-callback ClientCallback.log INFO client.py                 200   log                       : PTS_LOGTYPE_FINAL_VERDICT Final Verdict 

+10078 ms
 AVDTP/SRC/ACP/SIG/SMG/BV-24-C PASS

2026-10-08 20:06:49,562 LT1-callback ClientCallback.log INFO client.py                 200   log                       : PTS_LOGTYPE_FINAL_VERDICT Encrypted Verdict 

+10078 ms
 AVDTP/SRC/ACP/SIG/SMG/BV-24-C A1#ZWY4MzQ5MDg3MmQwNTIxOGQzMzQ5YjY2ODA5M2MzNjQ5ZDY4NmY0Yjc2MzIzM2VkNTUyNTFhNGU4Mjg1MjI0NA==#PhTZdfeT3XirKSM7EJv+vu0/8hKA+L90V700liduUytgViE9c3IWy9UKJkJii9M9R2XK5j5wXWU=

2026-10-08 20:06:49,640 LT1-callback ClientCallback.log INFO client.py                 200   log                       : PTS_LOGTYPE_END_TEST Test Case Ended 

+10078 ms
 AVDTP/SRC/ACP/SIG/SMG/BV-24-C AVDTP/SRC/ACP/SIG/SMG/BV-24-C

2026-10-08 20:06:49,731 LT1-callback root DEBUG client.py                 261   set_result                : ClientCallback, set_result, run_test_case, PASS
2026-10-08 20:06:49,732 LT1-thread root DEBUG client.py                 1186  _run_test_case            : After run_test_case error_code=0 status='PASS'
2026-10-08 20:06:49,732 LT1-thread root DEBUG testcase.py               766   post_run                  : post_run AVDTP AVDTP/SRC/ACP/SIG/SMG/BV-24-C 0
2026-10-08 20:06:49,732 LT1-thread root DEBUG testcase.py               254   start                     : Starting test function: class=<class 'autopts.ptsprojects.testcase.TestFuncCleanUp'>, func=<bound method ZTestCase._test_case_cleanup of <autopts.ptsprojects.zephyr.ztestcase.ZTestCase object at 0x000002C687D400E0>> start_wid=None stop_wid=None post_wid=None skip_call=None call_count=1 args=() kwds={}
2026-10-08 20:06:49,732 LT1-thread root DEBUG testcase.py               266   start                     : Test function parameters: args=(), kwds={}
2026-10-08 20:06:49,732 LT1-thread root DEBUG iutctl.py                 415   stop                      : <class 'autopts.ptsprojects.zephyr.iutctl.create_zephyr_ctl_class.<locals>.ZephyrCtl'>.stop
2026-10-08 20:06:49,732 LT1-thread root DEBUG __init__.py               51    reset                     : About to reset DUT: JLink -CommandFile reset.jlink -usb 1063214216 -device MIMXRT1176XXXA_M7
2026-10-08 20:06:50,024 BTPWorkerThread-2163 (_rx_task) root DEBUG iutctl_common.py          123   read                      : Read 5 bytes
2026-10-08 20:06:50,024 BTPWorkerThread-2163 (_rx_task) root DEBUG iutctl_common.py          131   read                      : Received: hdr: Header(svc_id=0x00, op=0x80, ctrl_index=0xff, data_len=0x00) bytearray(b'\x00\x80\xff\x00\x00')
2026-10-08 20:06:50,024 BTPWorkerThread-2163 (_rx_task) root DEBUG iutctl_common.py          154   read                      : Received data: {''}, bytearray(b'')
2026-10-08 20:06:50,025 BTPWorkerThread-2163 (_rx_task) root DEBUG btp.py                    736   event_handler             : Header(svc_id=0, op=128, ctrl_index=255, data_len=0) (b'',)
2026-10-08 20:06:50,025 BTPWorkerThread-2163 (_rx_task) root DEBUG core.py                   23    core_iut_ready_ev         : 
2026-10-08 20:06:50,088 LT1-thread root DEBUG iutctl.py                 436   _stop_tty_mode            : IUT ready event received OK
2026-10-08 20:06:50,088 LT1-thread root DEBUG iutctl_common.py          416   close                     : Waiting for _rx_worker to finish ...
2026-10-08 20:06:51,026 BTPWorkerThread-2163 (_rx_task) root DEBUG iutctl_common.py          332   _rx_task                  : BTPWorkerThread-2163 (_rx_task) finishing...
2026-10-08 20:06:54,032 LT1-thread root DEBUG testcase.py               794   post_run                  : post_run, cleanup running post test case script
2026-10-08 20:06:54,032 LT1-thread root DEBUG testcase.py               802   post_run                  : post_run, run post test case script
2026-10-08 20:06:54,104 LT1-thread root DEBUG client.py                 1220  _run_test_case            : Done TestCase _run_test_case AVDTP AVDTP/SRC/ACP/SIG/SMG/BV-24-C
