20:52:40:695    > BTP_CORE_CMD_READ_SUPPORTED_SERVICES (0x00|0x02|0xff)
                  raw data (0): 00 02 ff 00 00|
20:52:40:750    < BTP_CORE_CMD_READ_SUPPORTED_SERVICES (0x00|0x02|0xff)
                  raw data (6): 00 02 ff 06 00|0f 00 00 a0 ff 03
20:52:40:761    > BTP_CORE_CMD_REGISTER_SERVICE (0x00|0x03|0xff)
                  raw data (1): 00 03 ff 01 00|01
20:52:44:872    < BTP_CORE_CMD_REGISTER_SERVICE (0x00|0x03|0xff)
                  raw data (0): 00 03 ff 00 00|
20:52:44:879    > BTP_GAP_CMD_READ_SUPPORTED_COMMANDS (0x01|0x01|0xff)
                  raw data (0): 01 01 ff 00 00|
20:52:44:943    < BTP_GAP_CMD_READ_SUPPORTED_COMMANDS (0x01|0x01|0xff)
                  raw data (7): 01 01 ff 07 00|6e ff 7f 1f fe ff 2e
20:52:44:949    > BTP_GAP_CMD_READ_CONTROLLER_INFO (0x01|0x03|0x00)
                  raw data (0): 01 03 00 00 00|
20:52:45:019    < BTP_GAP_CMD_READ_CONTROLLER_INFO (0x01|0x03|0x00)
                  raw data (277): 
                  01 03 00 15 01|19 78 ee 69 17 d0 d3 06 02 00 13 
                  02 00 00 00 00 00 62 74 70 5f 74 65 73 74 65 72 
                  00 00 00 00 00 00 00 00 00 00 00 00 00 00 00 00 
                  00 00 00 00 00 00 00 00 00 00 00 00 00 00 00 00 
                  00 00 00 00 00 00 00 00 00 00 00 00 00 00 00 00 
                  00 00 00 00 00 00 00 00 00 00 00 00 00 00 00 00 
                  00 00 00 00 00 00 00 00 00 00 00 00 00 00 00 00 
                  00 00 00 00 00 00 00 00 00 00 00 00 00 00 00 00 
                  00 00 00 00 00 00 00 00 00 00 00 00 00 00 00 00 
                  00 00 00 00 00 00 00 00 00 00 00 00 00 00 00 00 
                  00 00 00 00 00 00 00 00 00 00 00 00 00 00 00 00 
                  00 00 00 00 00 00 00 00 00 00 00 00 00 00 00 00 
                  00 00 00 00 00 00 00 00 00 00 00 00 00 00 00 00 
                  00 00 00 00 00 00 00 00 00 00 00 00 00 00 00 00 
                  00 00 00 00 00 00 00 00 00 00 00 00 00 00 00 00 
                  00 00 00 00 00 00 00 00 00 00 00 00 00 00 00 00 
                  00 00 00 00 00 00 00 00 00 00 00 00 00 00 00 00 
                  00 00 00 00 00 00 00 00 00 00
20:52:45:045    > BTP_CORE_CMD_REGISTER_SERVICE (0x00|0x03|0xff)
                  raw data (37): 00 03 ff 01 00|25
20:52:45:107    < BTP_CORE_CMD_REGISTER_SERVICE (0x00|0x03|0xff)
                  raw data (0): 00 03 ff 00 00|
20:52:45:118    > BTP_AVRCP_CMD_READ_SUPPORTED_COMMANDS (0x25|0x01|0xff)
                  raw data (0): 25 01 ff 00 00|
20:52:45:194    < BTP_AVRCP_CMD_READ_SUPPORTED_COMMANDS (0x25|0x01|0xff)
                  raw data (5): 25 01 ff 05 00|fe ff ff ff 1f
20:52:48:215    > BTP_GAP_CMD_SET_DISCOVERABLE (0x01|0x08|0x00)
                  raw data (1): 01 08 00 01 00|01
20:52:48:319    < BTP_GAP_CMD_SET_DISCOVERABLE (0x01|0x08|0x00)
                  raw data (4): 01 08 00 04 00|1b 02 00 00
20:52:48:325    > BTP_GAP_CMD_START_ADVERTISING (0x01|0x0a|0x00)
                  raw data (22): 
                  01 0a 00 16 00|0f 00 09 0d 54 65 73 74 65 72 5f 
                  30 38 45 34 34 45 ff ff ff ff 00
20:52:48:398    < BTP_GAP_CMD_START_ADVERTISING (0x01|0x0a|0x00)
                  raw data (4): 01 0a 00 04 00|1b 06 00 00
20:52:50:955    < BTP_GAP_EV_DEVICE_CONNECTED (0x01|0x82|0x00)
                  raw data (13): 
                  01 82 00 0d 00|e0 4e e4 08 dc 1b 00 00 00 00 00 
                  00 00
20:52:50:955    < BTP_GAP_EV_NEW_SETTINGS (0x01|0x80|0x00)
                  raw data (4): 01 80 00 04 00|1b 02 00 00
20:52:52:655    < BTP_GAP_EV_ENCRYPTION_CHANGE (0x01|0x91|0x00)
                  raw data (9): 01 91 00 09 00|e0 4e e4 08 dc 1b 00 01 10
20:52:52:656    < BTP_GAP_EV_SEC_LEVEL_CHANGED (0x01|0x89|0x00)
                  raw data (8): 01 89 00 08 00|e0 4e e4 08 dc 1b 00 02
20:52:52:666    < BTP_AVRCP_EV_CONTROL_CONNECTED (0x25|0x80|0x00)
                  raw data (7): 25 80 00 07 00|e0 4e e4 08 dc 1b 00
20:52:52:667    < BTP_AVRCP_EV_CONTROL_CONNECTED (0x25|0x80|0x00)
                  raw data (7): 25 80 00 07 00|e0 4e e4 08 dc 1b 00
20:52:53:722    > BTP_AVRCP_CMD_PASS_THROUGH (0x25|0x08|0x00)
                  raw data (10): 25 08 00 0a 00|e0 4e e4 08 dc 1b 00 20 00 00
20:52:53:771    < BTP_AVRCP_CMD_PASS_THROUGH (0x25|0x08|0x00)
                  raw data (0): 25 08 00 00 00|
20:52:53:868    < BTP_AVRCP_EV_PASS_THROUGH_RSP (0x25|0x86|0x00)
                  raw data (10): 25 86 00 0a 00|e0 4e e4 08 dc 1b 00 09 20 00
20:52:54:874    > BTP_AVRCP_CMD_PASS_THROUGH (0x25|0x08|0x00)
                  raw data (10): 25 08 00 0a 00|e0 4e e4 08 dc 1b 00 20 00 00
20:52:54:921    < BTP_AVRCP_CMD_PASS_THROUGH (0x25|0x08|0x00)
                  raw data (0): 25 08 00 00 00|
20:52:55:051    < BTP_AVRCP_EV_PASS_THROUGH_RSP (0x25|0x86|0x00)
                  raw data (10): 25 86 00 0a 00|e0 4e e4 08 dc 1b 00 09 20 00
20:52:56:131    > BTP_AVRCP_CMD_PASS_THROUGH (0x25|0x08|0x00)
                  raw data (10): 25 08 00 0a 00|e0 4e e4 08 dc 1b 00 20 00 00
20:52:56:173    < BTP_AVRCP_CMD_PASS_THROUGH (0x25|0x08|0x00)
                  raw data (0): 25 08 00 00 00|
20:52:56:292    < BTP_AVRCP_EV_PASS_THROUGH_RSP (0x25|0x86|0x00)
                  raw data (10): 25 86 00 0a 00|e0 4e e4 08 dc 1b 00 09 20 00
20:52:56:476    > BTP_AVRCP_CMD_PASS_THROUGH (0x25|0x08|0x00)
                  raw data (10): 25 08 00 0a 00|e0 4e e4 08 dc 1b 00 20 01 00
20:52:56:528    < BTP_AVRCP_CMD_PASS_THROUGH (0x25|0x08|0x00)
                  raw data (0): 25 08 00 00 00|
20:52:56:613    < BTP_AVRCP_EV_PASS_THROUGH_RSP (0x25|0x86|0x00)
                  raw data (10): 25 86 00 0a 00|e0 4e e4 08 dc 1b 00 09 a0 00
20:52:57:643    > BTP_AVRCP_CMD_PASS_THROUGH (0x25|0x08|0x00)
                  raw data (10): 25 08 00 0a 00|e0 4e e4 08 dc 1b 00 21 00 00
20:52:57:695    < BTP_AVRCP_CMD_PASS_THROUGH (0x25|0x08|0x00)
                  raw data (0): 25 08 00 00 00|
20:52:57:774    < BTP_AVRCP_EV_PASS_THROUGH_RSP (0x25|0x86|0x00)
                  raw data (10): 25 86 00 0a 00|e0 4e e4 08 dc 1b 00 09 21 00
20:52:58:797    > BTP_AVRCP_CMD_PASS_THROUGH (0x25|0x08|0x00)
                  raw data (10): 25 08 00 0a 00|e0 4e e4 08 dc 1b 00 21 00 00
20:52:58:849    < BTP_AVRCP_CMD_PASS_THROUGH (0x25|0x08|0x00)
                  raw data (0): 25 08 00 00 00|
20:52:58:942    < BTP_AVRCP_EV_PASS_THROUGH_RSP (0x25|0x86|0x00)
                  raw data (10): 25 86 00 0a 00|e0 4e e4 08 dc 1b 00 09 21 00
20:52:59:953    > BTP_AVRCP_CMD_PASS_THROUGH (0x25|0x08|0x00)
                  raw data (10): 25 08 00 0a 00|e0 4e e4 08 dc 1b 00 21 00 00
20:52:59:996    < BTP_AVRCP_CMD_PASS_THROUGH (0x25|0x08|0x00)
                  raw data (0): 25 08 00 00 00|
20:53:00:099    < BTP_AVRCP_EV_PASS_THROUGH_RSP (0x25|0x86|0x00)
                  raw data (10): 25 86 00 0a 00|e0 4e e4 08 dc 1b 00 09 21 00
20:53:00:299    > BTP_AVRCP_CMD_PASS_THROUGH (0x25|0x08|0x00)
                  raw data (10): 25 08 00 0a 00|e0 4e e4 08 dc 1b 00 21 01 00
20:53:00:352    < BTP_AVRCP_CMD_PASS_THROUGH (0x25|0x08|0x00)
                  raw data (0): 25 08 00 00 00|
20:53:00:454    < BTP_AVRCP_EV_PASS_THROUGH_RSP (0x25|0x86|0x00)
                  raw data (10): 25 86 00 0a 00|e0 4e e4 08 dc 1b 00 09 a1 00
20:53:01:557    > BTP_AVRCP_CMD_PASS_THROUGH (0x25|0x08|0x00)
                  raw data (10): 25 08 00 0a 00|e0 4e e4 08 dc 1b 00 22 00 00
20:53:01:606    < BTP_AVRCP_CMD_PASS_THROUGH (0x25|0x08|0x00)
                  raw data (0): 25 08 00 00 00|
20:53:01:702    < BTP_AVRCP_EV_PASS_THROUGH_RSP (0x25|0x86|0x00)
                  raw data (10): 25 86 00 0a 00|e0 4e e4 08 dc 1b 00 09 22 00
20:53:02:709    > BTP_AVRCP_CMD_PASS_THROUGH (0x25|0x08|0x00)
                  raw data (10): 25 08 00 0a 00|e0 4e e4 08 dc 1b 00 22 00 00
20:53:02:767    < BTP_AVRCP_CMD_PASS_THROUGH (0x25|0x08|0x00)
                  raw data (0): 25 08 00 00 00|
20:53:02:860    < BTP_AVRCP_EV_PASS_THROUGH_RSP (0x25|0x86|0x00)
                  raw data (10): 25 86 00 0a 00|e0 4e e4 08 dc 1b 00 09 22 00
20:53:03:871    > BTP_AVRCP_CMD_PASS_THROUGH (0x25|0x08|0x00)
                  raw data (10): 25 08 00 0a 00|e0 4e e4 08 dc 1b 00 22 00 00
20:53:03:915    < BTP_AVRCP_CMD_PASS_THROUGH (0x25|0x08|0x00)
                  raw data (0): 25 08 00 00 00|
20:53:04:016    < BTP_AVRCP_EV_PASS_THROUGH_RSP (0x25|0x86|0x00)
                  raw data (10): 25 86 00 0a 00|e0 4e e4 08 dc 1b 00 09 22 00
20:53:04:118    > BTP_AVRCP_CMD_PASS_THROUGH (0x25|0x08|0x00)
                  raw data (10): 25 08 00 0a 00|e0 4e e4 08 dc 1b 00 22 01 00
20:53:04:162    < BTP_AVRCP_CMD_PASS_THROUGH (0x25|0x08|0x00)
                  raw data (0): 25 08 00 00 00|
20:53:04:273    < BTP_AVRCP_EV_PASS_THROUGH_RSP (0x25|0x86|0x00)
                  raw data (10): 25 86 00 0a 00|e0 4e e4 08 dc 1b 00 09 a2 00
20:53:05:367    > BTP_AVRCP_CMD_PASS_THROUGH (0x25|0x08|0x00)
                  raw data (10): 25 08 00 0a 00|e0 4e e4 08 dc 1b 00 23 00 00
20:53:05:415    < BTP_AVRCP_CMD_PASS_THROUGH (0x25|0x08|0x00)
                  raw data (0): 25 08 00 00 00|
20:53:05:512    < BTP_AVRCP_EV_PASS_THROUGH_RSP (0x25|0x86|0x00)
                  raw data (10): 25 86 00 0a 00|e0 4e e4 08 dc 1b 00 09 23 00
20:53:06:522    > BTP_AVRCP_CMD_PASS_THROUGH (0x25|0x08|0x00)
                  raw data (10): 25 08 00 0a 00|e0 4e e4 08 dc 1b 00 23 00 00
20:53:06:568    < BTP_AVRCP_CMD_PASS_THROUGH (0x25|0x08|0x00)
                  raw data (0): 25 08 00 00 00|
20:53:06:661    < BTP_AVRCP_EV_PASS_THROUGH_RSP (0x25|0x86|0x00)
                  raw data (10): 25 86 00 0a 00|e0 4e e4 08 dc 1b 00 09 23 00
20:53:07:673    > BTP_AVRCP_CMD_PASS_THROUGH (0x25|0x08|0x00)
                  raw data (10): 25 08 00 0a 00|e0 4e e4 08 dc 1b 00 23 00 00
20:53:07:728    < BTP_AVRCP_CMD_PASS_THROUGH (0x25|0x08|0x00)
                  raw data (0): 25 08 00 00 00|
20:53:07:831    < BTP_AVRCP_EV_PASS_THROUGH_RSP (0x25|0x86|0x00)
                  raw data (10): 25 86 00 0a 00|e0 4e e4 08 dc 1b 00 09 23 00
20:53:08:031    > BTP_AVRCP_CMD_PASS_THROUGH (0x25|0x08|0x00)
                  raw data (10): 25 08 00 0a 00|e0 4e e4 08 dc 1b 00 23 01 00
20:53:08:080    < BTP_AVRCP_CMD_PASS_THROUGH (0x25|0x08|0x00)
                  raw data (0): 25 08 00 00 00|
20:53:08:166    < BTP_AVRCP_EV_PASS_THROUGH_RSP (0x25|0x86|0x00)
                  raw data (10): 25 86 00 0a 00|e0 4e e4 08 dc 1b 00 09 a3 00
20:53:09:185    > BTP_AVRCP_CMD_PASS_THROUGH (0x25|0x08|0x00)
                  raw data (10): 25 08 00 0a 00|e0 4e e4 08 dc 1b 00 24 00 00
20:53:09:243    < BTP_AVRCP_CMD_PASS_THROUGH (0x25|0x08|0x00)
                  raw data (0): 25 08 00 00 00|
20:53:09:347    < BTP_AVRCP_EV_PASS_THROUGH_RSP (0x25|0x86|0x00)
                  raw data (10): 25 86 00 0a 00|e0 4e e4 08 dc 1b 00 09 24 00
20:53:10:446    > BTP_AVRCP_CMD_PASS_THROUGH (0x25|0x08|0x00)
                  raw data (10): 25 08 00 0a 00|e0 4e e4 08 dc 1b 00 24 00 00
20:53:10:486    < BTP_AVRCP_CMD_PASS_THROUGH (0x25|0x08|0x00)
                  raw data (0): 25 08 00 00 00|
20:53:10:588    < BTP_AVRCP_EV_PASS_THROUGH_RSP (0x25|0x86|0x00)
                  raw data (10): 25 86 00 0a 00|e0 4e e4 08 dc 1b 00 09 24 00
20:53:11:691    > BTP_AVRCP_CMD_PASS_THROUGH (0x25|0x08|0x00)
                  raw data (10): 25 08 00 0a 00|e0 4e e4 08 dc 1b 00 24 00 00
20:53:11:739    < BTP_AVRCP_CMD_PASS_THROUGH (0x25|0x08|0x00)
                  raw data (0): 25 08 00 00 00|
20:53:11:837    < BTP_AVRCP_EV_PASS_THROUGH_RSP (0x25|0x86|0x00)
                  raw data (10): 25 86 00 0a 00|e0 4e e4 08 dc 1b 00 09 24 00
20:53:11:941    > BTP_AVRCP_CMD_PASS_THROUGH (0x25|0x08|0x00)
                  raw data (10): 25 08 00 0a 00|e0 4e e4 08 dc 1b 00 24 01 00
20:53:11:987    < BTP_AVRCP_CMD_PASS_THROUGH (0x25|0x08|0x00)
                  raw data (0): 25 08 00 00 00|
20:53:12:073    < BTP_AVRCP_EV_PASS_THROUGH_RSP (0x25|0x86|0x00)
                  raw data (10): 25 86 00 0a 00|e0 4e e4 08 dc 1b 00 09 a4 00
20:53:13:092    > BTP_AVRCP_CMD_PASS_THROUGH (0x25|0x08|0x00)
                  raw data (10): 25 08 00 0a 00|e0 4e e4 08 dc 1b 00 25 00 00
20:53:13:136    < BTP_AVRCP_CMD_PASS_THROUGH (0x25|0x08|0x00)
                  raw data (0): 25 08 00 00 00|
20:53:13:241    < BTP_AVRCP_EV_PASS_THROUGH_RSP (0x25|0x86|0x00)
                  raw data (10): 25 86 00 0a 00|e0 4e e4 08 dc 1b 00 09 25 00
20:53:14:244    > BTP_AVRCP_CMD_PASS_THROUGH (0x25|0x08|0x00)
                  raw data (10): 25 08 00 0a 00|e0 4e e4 08 dc 1b 00 25 00 00
20:53:14:296    < BTP_AVRCP_CMD_PASS_THROUGH (0x25|0x08|0x00)
                  raw data (0): 25 08 00 00 00|
20:53:14:397    < BTP_AVRCP_EV_PASS_THROUGH_RSP (0x25|0x86|0x00)
                  raw data (10): 25 86 00 0a 00|e0 4e e4 08 dc 1b 00 09 25 00
20:53:15:406    > BTP_AVRCP_CMD_PASS_THROUGH (0x25|0x08|0x00)
                  raw data (10): 25 08 00 0a 00|e0 4e e4 08 dc 1b 00 25 00 00
20:53:15:451    < BTP_AVRCP_CMD_PASS_THROUGH (0x25|0x08|0x00)
                  raw data (0): 25 08 00 00 00|
20:53:15:545    < BTP_AVRCP_EV_PASS_THROUGH_RSP (0x25|0x86|0x00)
                  raw data (10): 25 86 00 0a 00|e0 4e e4 08 dc 1b 00 09 25 00
20:53:15:654    > BTP_AVRCP_CMD_PASS_THROUGH (0x25|0x08|0x00)
                  raw data (10): 25 08 00 0a 00|e0 4e e4 08 dc 1b 00 25 01 00
20:53:15:695    < BTP_AVRCP_CMD_PASS_THROUGH (0x25|0x08|0x00)
                  raw data (0): 25 08 00 00 00|
20:53:15:803    < BTP_AVRCP_EV_PASS_THROUGH_RSP (0x25|0x86|0x00)
                  raw data (10): 25 86 00 0a 00|e0 4e e4 08 dc 1b 00 09 a5 00
20:53:16:900    > BTP_AVRCP_CMD_PASS_THROUGH (0x25|0x08|0x00)
                  raw data (10): 25 08 00 0a 00|e0 4e e4 08 dc 1b 00 26 00 00
20:53:16:939    < BTP_AVRCP_CMD_PASS_THROUGH (0x25|0x08|0x00)
                  raw data (0): 25 08 00 00 00|
20:53:17:038    < BTP_AVRCP_EV_PASS_THROUGH_RSP (0x25|0x86|0x00)
                  raw data (10): 25 86 00 0a 00|e0 4e e4 08 dc 1b 00 09 26 00
20:53:18:041    > BTP_AVRCP_CMD_PASS_THROUGH (0x25|0x08|0x00)
                  raw data (10): 25 08 00 0a 00|e0 4e e4 08 dc 1b 00 26 00 00
20:53:18:092    < BTP_AVRCP_CMD_PASS_THROUGH (0x25|0x08|0x00)
                  raw data (0): 25 08 00 00 00|
20:53:18:200    < BTP_AVRCP_EV_PASS_THROUGH_RSP (0x25|0x86|0x00)
                  raw data (10): 25 86 00 0a 00|e0 4e e4 08 dc 1b 00 09 26 00
20:53:19:297    > BTP_AVRCP_CMD_PASS_THROUGH (0x25|0x08|0x00)
                  raw data (10): 25 08 00 0a 00|e0 4e e4 08 dc 1b 00 26 00 00
20:53:19:340    < BTP_AVRCP_CMD_PASS_THROUGH (0x25|0x08|0x00)
                  raw data (0): 25 08 00 00 00|
20:53:19:442    < BTP_AVRCP_EV_PASS_THROUGH_RSP (0x25|0x86|0x00)
                  raw data (10): 25 86 00 0a 00|e0 4e e4 08 dc 1b 00 09 26 00
20:53:19:643    > BTP_AVRCP_CMD_PASS_THROUGH (0x25|0x08|0x00)
                  raw data (10): 25 08 00 0a 00|e0 4e e4 08 dc 1b 00 26 01 00
20:53:19:677    < BTP_AVRCP_CMD_PASS_THROUGH (0x25|0x08|0x00)
                  raw data (0): 25 08 00 00 00|
20:53:19:786    < BTP_AVRCP_EV_PASS_THROUGH_RSP (0x25|0x86|0x00)
                  raw data (10): 25 86 00 0a 00|e0 4e e4 08 dc 1b 00 09 a6 00
20:53:20:882    > BTP_AVRCP_CMD_PASS_THROUGH (0x25|0x08|0x00)
                  raw data (10): 25 08 00 0a 00|e0 4e e4 08 dc 1b 00 27 00 00
20:53:20:936    < BTP_AVRCP_CMD_PASS_THROUGH (0x25|0x08|0x00)
                  raw data (0): 25 08 00 00 00|
20:53:21:017    < BTP_AVRCP_EV_PASS_THROUGH_RSP (0x25|0x86|0x00)
                  raw data (10): 25 86 00 0a 00|e0 4e e4 08 dc 1b 00 09 27 00
20:53:22:039    > BTP_AVRCP_CMD_PASS_THROUGH (0x25|0x08|0x00)
                  raw data (10): 25 08 00 0a 00|e0 4e e4 08 dc 1b 00 27 00 00
20:53:22:081    < BTP_AVRCP_CMD_PASS_THROUGH (0x25|0x08|0x00)
                  raw data (0): 25 08 00 00 00|
20:53:22:181    < BTP_AVRCP_EV_PASS_THROUGH_RSP (0x25|0x86|0x00)
                  raw data (10): 25 86 00 0a 00|e0 4e e4 08 dc 1b 00 09 27 00
20:53:23:185    > BTP_AVRCP_CMD_PASS_THROUGH (0x25|0x08|0x00)
                  raw data (10): 25 08 00 0a 00|e0 4e e4 08 dc 1b 00 27 00 00
20:53:23:236    < BTP_AVRCP_CMD_PASS_THROUGH (0x25|0x08|0x00)
                  raw data (0): 25 08 00 00 00|
20:53:23:345    < BTP_AVRCP_EV_PASS_THROUGH_RSP (0x25|0x86|0x00)
                  raw data (10): 25 86 00 0a 00|e0 4e e4 08 dc 1b 00 09 27 00
20:53:23:453    > BTP_AVRCP_CMD_PASS_THROUGH (0x25|0x08|0x00)
                  raw data (10): 25 08 00 0a 00|e0 4e e4 08 dc 1b 00 27 01 00
20:53:23:503    < BTP_AVRCP_CMD_PASS_THROUGH (0x25|0x08|0x00)
                  raw data (0): 25 08 00 00 00|
20:53:23:602    < BTP_AVRCP_EV_PASS_THROUGH_RSP (0x25|0x86|0x00)
                  raw data (10): 25 86 00 0a 00|e0 4e e4 08 dc 1b 00 09 a7 00
20:53:24:608    > BTP_AVRCP_CMD_PASS_THROUGH (0x25|0x08|0x00)
                  raw data (10): 25 08 00 0a 00|e0 4e e4 08 dc 1b 00 28 00 00
20:53:24:651    < BTP_AVRCP_CMD_PASS_THROUGH (0x25|0x08|0x00)
                  raw data (0): 25 08 00 00 00|
20:53:24:764    < BTP_AVRCP_EV_PASS_THROUGH_RSP (0x25|0x86|0x00)
                  raw data (10): 25 86 00 0a 00|e0 4e e4 08 dc 1b 00 09 28 00
20:53:25:854    > BTP_AVRCP_CMD_PASS_THROUGH (0x25|0x08|0x00)
                  raw data (10): 25 08 00 0a 00|e0 4e e4 08 dc 1b 00 28 00 00
20:53:25:905    < BTP_AVRCP_CMD_PASS_THROUGH (0x25|0x08|0x00)
                  raw data (0): 25 08 00 00 00|
20:53:26:003    < BTP_AVRCP_EV_PASS_THROUGH_RSP (0x25|0x86|0x00)
                  raw data (10): 25 86 00 0a 00|e0 4e e4 08 dc 1b 00 09 28 00
20:53:27:009    > BTP_AVRCP_CMD_PASS_THROUGH (0x25|0x08|0x00)
                  raw data (10): 25 08 00 0a 00|e0 4e e4 08 dc 1b 00 28 00 00
20:53:27:062    < BTP_AVRCP_CMD_PASS_THROUGH (0x25|0x08|0x00)
                  raw data (0): 25 08 00 00 00|
20:53:27:152    < BTP_AVRCP_EV_PASS_THROUGH_RSP (0x25|0x86|0x00)
                  raw data (10): 25 86 00 0a 00|e0 4e e4 08 dc 1b 00 09 28 00
20:53:27:265    > BTP_AVRCP_CMD_PASS_THROUGH (0x25|0x08|0x00)
                  raw data (10): 25 08 00 0a 00|e0 4e e4 08 dc 1b 00 28 01 00
20:53:27:314    < BTP_AVRCP_CMD_PASS_THROUGH (0x25|0x08|0x00)
                  raw data (0): 25 08 00 00 00|
20:53:27:413    < BTP_AVRCP_EV_PASS_THROUGH_RSP (0x25|0x86|0x00)
                  raw data (10): 25 86 00 0a 00|e0 4e e4 08 dc 1b 00 09 a8 00
20:53:28:419    > BTP_AVRCP_CMD_PASS_THROUGH (0x25|0x08|0x00)
                  raw data (10): 25 08 00 0a 00|e0 4e e4 08 dc 1b 00 29 00 00
20:53:28:466    < BTP_AVRCP_CMD_PASS_THROUGH (0x25|0x08|0x00)
                  raw data (0): 25 08 00 00 00|
20:53:28:555    < BTP_AVRCP_EV_PASS_THROUGH_RSP (0x25|0x86|0x00)
                  raw data (10): 25 86 00 0a 00|e0 4e e4 08 dc 1b 00 09 29 00
20:53:29:568    > BTP_AVRCP_CMD_PASS_THROUGH (0x25|0x08|0x00)
                  raw data (10): 25 08 00 0a 00|e0 4e e4 08 dc 1b 00 29 00 00
20:53:29:617    < BTP_AVRCP_CMD_PASS_THROUGH (0x25|0x08|0x00)
                  raw data (0): 25 08 00 00 00|
20:53:29:726    < BTP_AVRCP_EV_PASS_THROUGH_RSP (0x25|0x86|0x00)
                  raw data (10): 25 86 00 0a 00|e0 4e e4 08 dc 1b 00 09 29 00
20:53:30:821    > BTP_AVRCP_CMD_PASS_THROUGH (0x25|0x08|0x00)
                  raw data (10): 25 08 00 0a 00|e0 4e e4 08 dc 1b 00 29 00 00
20:53:30:879    < BTP_AVRCP_CMD_PASS_THROUGH (0x25|0x08|0x00)
                  raw data (0): 25 08 00 00 00|
20:53:30:981    < BTP_AVRCP_EV_PASS_THROUGH_RSP (0x25|0x86|0x00)
                  raw data (10): 25 86 00 0a 00|e0 4e e4 08 dc 1b 00 09 29 00
20:53:31:181    > BTP_AVRCP_CMD_PASS_THROUGH (0x25|0x08|0x00)
                  raw data (10): 25 08 00 0a 00|e0 4e e4 08 dc 1b 00 29 01 00
20:53:31:228    < BTP_AVRCP_CMD_PASS_THROUGH (0x25|0x08|0x00)
                  raw data (0): 25 08 00 00 00|
20:53:31:326    < BTP_AVRCP_EV_PASS_THROUGH_RSP (0x25|0x86|0x00)
                  raw data (10): 25 86 00 0a 00|e0 4e e4 08 dc 1b 00 09 a9 00
20:53:32:333    > BTP_AVRCP_CMD_PASS_THROUGH (0x25|0x08|0x00)
                  raw data (10): 25 08 00 0a 00|e0 4e e4 08 dc 1b 00 2a 00 00
20:53:32:385    < BTP_AVRCP_CMD_PASS_THROUGH (0x25|0x08|0x00)
                  raw data (0): 25 08 00 00 00|
20:53:32:477    < BTP_AVRCP_EV_PASS_THROUGH_RSP (0x25|0x86|0x00)
                  raw data (10): 25 86 00 0a 00|e0 4e e4 08 dc 1b 00 09 2a 00
20:53:33:487    > BTP_AVRCP_CMD_PASS_THROUGH (0x25|0x08|0x00)
                  raw data (10): 25 08 00 0a 00|e0 4e e4 08 dc 1b 00 2a 00 00
20:53:33:535    < BTP_AVRCP_CMD_PASS_THROUGH (0x25|0x08|0x00)
                  raw data (0): 25 08 00 00 00|
20:53:33:630    < BTP_AVRCP_EV_PASS_THROUGH_RSP (0x25|0x86|0x00)
                  raw data (10): 25 86 00 0a 00|e0 4e e4 08 dc 1b 00 09 2a 00
20:53:34:646    > BTP_AVRCP_CMD_PASS_THROUGH (0x25|0x08|0x00)
                  raw data (10): 25 08 00 0a 00|e0 4e e4 08 dc 1b 00 2a 00 00
20:53:34:686    < BTP_AVRCP_CMD_PASS_THROUGH (0x25|0x08|0x00)
                  raw data (0): 25 08 00 00 00|
20:53:34:784    < BTP_AVRCP_EV_PASS_THROUGH_RSP (0x25|0x86|0x00)
                  raw data (10): 25 86 00 0a 00|e0 4e e4 08 dc 1b 00 09 2a 00
20:53:34:888    > BTP_AVRCP_CMD_PASS_THROUGH (0x25|0x08|0x00)
                  raw data (10): 25 08 00 0a 00|e0 4e e4 08 dc 1b 00 2a 01 00
20:53:34:933    < BTP_AVRCP_CMD_PASS_THROUGH (0x25|0x08|0x00)
                  raw data (0): 25 08 00 00 00|
20:53:35:041    < BTP_AVRCP_EV_PASS_THROUGH_RSP (0x25|0x86|0x00)
                  raw data (10): 25 86 00 0a 00|e0 4e e4 08 dc 1b 00 09 aa 00
20:53:36:138    > BTP_AVRCP_CMD_PASS_THROUGH (0x25|0x08|0x00)
                  raw data (10): 25 08 00 0a 00|e0 4e e4 08 dc 1b 00 2b 00 00
20:53:36:195    < BTP_AVRCP_CMD_PASS_THROUGH (0x25|0x08|0x00)
                  raw data (0): 25 08 00 00 00|
20:53:36:299    < BTP_AVRCP_EV_PASS_THROUGH_RSP (0x25|0x86|0x00)
                  raw data (10): 25 86 00 0a 00|e0 4e e4 08 dc 1b 00 09 2b 00
20:53:37:398    > BTP_AVRCP_CMD_PASS_THROUGH (0x25|0x08|0x00)
                  raw data (10): 25 08 00 0a 00|e0 4e e4 08 dc 1b 00 2b 00 00
20:53:37:458    < BTP_AVRCP_CMD_PASS_THROUGH (0x25|0x08|0x00)
                  raw data (0): 25 08 00 00 00|
20:53:37:535    < BTP_AVRCP_EV_PASS_THROUGH_RSP (0x25|0x86|0x00)
                  raw data (10): 25 86 00 0a 00|e0 4e e4 08 dc 1b 00 09 2b 00
20:53:38:573    > BTP_AVRCP_CMD_PASS_THROUGH (0x25|0x08|0x00)
                  raw data (10): 25 08 00 0a 00|e0 4e e4 08 dc 1b 00 2b 00 00
20:53:38:624    < BTP_AVRCP_CMD_PASS_THROUGH (0x25|0x08|0x00)
                  raw data (0): 25 08 00 00 00|
20:53:38:739    < BTP_AVRCP_EV_PASS_THROUGH_RSP (0x25|0x86|0x00)
                  raw data (10): 25 86 00 0a 00|e0 4e e4 08 dc 1b 00 09 2b 00
20:53:38:842    > BTP_AVRCP_CMD_PASS_THROUGH (0x25|0x08|0x00)
                  raw data (10): 25 08 00 0a 00|e0 4e e4 08 dc 1b 00 2b 01 00
20:53:38:887    < BTP_AVRCP_CMD_PASS_THROUGH (0x25|0x08|0x00)
                  raw data (0): 25 08 00 00 00|
20:53:39:002    < BTP_AVRCP_EV_PASS_THROUGH_RSP (0x25|0x86|0x00)
                  raw data (10): 25 86 00 0a 00|e0 4e e4 08 dc 1b 00 09 ab 00
20:53:40:008    > BTP_AVRCP_CMD_PASS_THROUGH (0x25|0x08|0x00)
                  raw data (10): 25 08 00 0a 00|e0 4e e4 08 dc 1b 00 2c 00 00
20:53:40:059    < BTP_AVRCP_CMD_PASS_THROUGH (0x25|0x08|0x00)
                  raw data (0): 25 08 00 00 00|
20:53:40:153    < BTP_AVRCP_EV_PASS_THROUGH_RSP (0x25|0x86|0x00)
                  raw data (10): 25 86 00 0a 00|e0 4e e4 08 dc 1b 00 09 2c 00
20:53:41:172    > BTP_AVRCP_CMD_PASS_THROUGH (0x25|0x08|0x00)
                  raw data (10): 25 08 00 0a 00|e0 4e e4 08 dc 1b 00 2c 00 00
20:53:41:212    < BTP_AVRCP_CMD_PASS_THROUGH (0x25|0x08|0x00)
                  raw data (0): 25 08 00 00 00|
20:53:41:307    < BTP_AVRCP_EV_PASS_THROUGH_RSP (0x25|0x86|0x00)
                  raw data (10): 25 86 00 0a 00|e0 4e e4 08 dc 1b 00 09 2c 00
20:53:42:318    > BTP_AVRCP_CMD_PASS_THROUGH (0x25|0x08|0x00)
                  raw data (10): 25 08 00 0a 00|e0 4e e4 08 dc 1b 00 2c 00 00
20:53:42:372    < BTP_AVRCP_CMD_PASS_THROUGH (0x25|0x08|0x00)
                  raw data (0): 25 08 00 00 00|
20:53:42:470    < BTP_AVRCP_EV_PASS_THROUGH_RSP (0x25|0x86|0x00)
                  raw data (10): 25 86 00 0a 00|e0 4e e4 08 dc 1b 00 09 2c 00
20:53:42:585    > BTP_AVRCP_CMD_PASS_THROUGH (0x25|0x08|0x00)
                  raw data (10): 25 08 00 0a 00|e0 4e e4 08 dc 1b 00 2c 01 00
20:53:42:639    < BTP_AVRCP_CMD_PASS_THROUGH (0x25|0x08|0x00)
                  raw data (0): 25 08 00 00 00|
20:53:42:722    < BTP_AVRCP_EV_PASS_THROUGH_RSP (0x25|0x86|0x00)
                  raw data (10): 25 86 00 0a 00|e0 4e e4 08 dc 1b 00 09 ac 00
20:53:43:759    > BTP_AVRCP_CMD_PASS_THROUGH (0x25|0x08|0x00)
                  raw data (10): 25 08 00 0a 00|e0 4e e4 08 dc 1b 00 33 00 00
20:53:43:815    < BTP_AVRCP_CMD_PASS_THROUGH (0x25|0x08|0x00)
                  raw data (0): 25 08 00 00 00|
20:53:43:908    < BTP_AVRCP_EV_PASS_THROUGH_RSP (0x25|0x86|0x00)
                  raw data (10): 25 86 00 0a 00|e0 4e e4 08 dc 1b 00 09 33 00
20:53:44:917    > BTP_AVRCP_CMD_PASS_THROUGH (0x25|0x08|0x00)
                  raw data (10): 25 08 00 0a 00|e0 4e e4 08 dc 1b 00 33 00 00
20:53:44:967    < BTP_AVRCP_CMD_PASS_THROUGH (0x25|0x08|0x00)
                  raw data (0): 25 08 00 00 00|
20:53:45:070    < BTP_AVRCP_EV_PASS_THROUGH_RSP (0x25|0x86|0x00)
                  raw data (10): 25 86 00 0a 00|e0 4e e4 08 dc 1b 00 09 33 00
20:53:46:173    > BTP_AVRCP_CMD_PASS_THROUGH (0x25|0x08|0x00)
                  raw data (10): 25 08 00 0a 00|e0 4e e4 08 dc 1b 00 33 00 00
20:53:46:224    < BTP_AVRCP_CMD_PASS_THROUGH (0x25|0x08|0x00)
                  raw data (0): 25 08 00 00 00|
20:53:46:323    < BTP_AVRCP_EV_PASS_THROUGH_RSP (0x25|0x86|0x00)
                  raw data (10): 25 86 00 0a 00|e0 4e e4 08 dc 1b 00 09 33 00
20:53:46:426    > BTP_AVRCP_CMD_PASS_THROUGH (0x25|0x08|0x00)
                  raw data (10): 25 08 00 0a 00|e0 4e e4 08 dc 1b 00 33 01 00
20:53:46:481    < BTP_AVRCP_CMD_PASS_THROUGH (0x25|0x08|0x00)
                  raw data (0): 25 08 00 00 00|
20:53:46:585    < BTP_AVRCP_EV_PASS_THROUGH_RSP (0x25|0x86|0x00)
                  raw data (10): 25 86 00 0a 00|e0 4e e4 08 dc 1b 00 09 b3 00
20:53:47:687    > BTP_AVRCP_CMD_PASS_THROUGH (0x25|0x08|0x00)
                  raw data (10): 25 08 00 0a 00|e0 4e e4 08 dc 1b 00 34 00 00
20:53:47:742    < BTP_AVRCP_CMD_PASS_THROUGH (0x25|0x08|0x00)
                  raw data (0): 25 08 00 00 00|
20:53:47:848    < BTP_AVRCP_EV_PASS_THROUGH_RSP (0x25|0x86|0x00)
                  raw data (10): 25 86 00 0a 00|e0 4e e4 08 dc 1b 00 09 34 00
20:53:48:861    > BTP_AVRCP_CMD_PASS_THROUGH (0x25|0x08|0x00)
                  raw data (10): 25 08 00 0a 00|e0 4e e4 08 dc 1b 00 34 00 00
20:53:48:910    < BTP_AVRCP_CMD_PASS_THROUGH (0x25|0x08|0x00)
                  raw data (0): 25 08 00 00 00|
20:53:49:008    < BTP_AVRCP_EV_PASS_THROUGH_RSP (0x25|0x86|0x00)
                  raw data (10): 25 86 00 0a 00|e0 4e e4 08 dc 1b 00 09 34 00
20:53:50:014    > BTP_AVRCP_CMD_PASS_THROUGH (0x25|0x08|0x00)
                  raw data (10): 25 08 00 0a 00|e0 4e e4 08 dc 1b 00 34 00 00
20:53:50:061    < BTP_AVRCP_CMD_PASS_THROUGH (0x25|0x08|0x00)
                  raw data (0): 25 08 00 00 00|
20:53:50:169    < BTP_AVRCP_EV_PASS_THROUGH_RSP (0x25|0x86|0x00)
                  raw data (10): 25 86 00 0a 00|e0 4e e4 08 dc 1b 00 09 34 00
20:53:50:364    > BTP_AVRCP_CMD_PASS_THROUGH (0x25|0x08|0x00)
                  raw data (10): 25 08 00 0a 00|e0 4e e4 08 dc 1b 00 34 01 00
20:53:50:410    < BTP_AVRCP_CMD_PASS_THROUGH (0x25|0x08|0x00)
                  raw data (0): 25 08 00 00 00|
20:53:50:503    < BTP_AVRCP_EV_PASS_THROUGH_RSP (0x25|0x86|0x00)
                  raw data (10): 25 86 00 0a 00|e0 4e e4 08 dc 1b 00 09 b4 00
20:53:51:515    > BTP_AVRCP_CMD_PASS_THROUGH (0x25|0x08|0x00)
                  raw data (10): 25 08 00 0a 00|e0 4e e4 08 dc 1b 00 35 00 00
20:53:51:563    < BTP_AVRCP_CMD_PASS_THROUGH (0x25|0x08|0x00)
                  raw data (0): 25 08 00 00 00|
20:53:51:673    < BTP_AVRCP_EV_PASS_THROUGH_RSP (0x25|0x86|0x00)
                  raw data (10): 25 86 00 0a 00|e0 4e e4 08 dc 1b 00 09 35 00
20:53:52:766    > BTP_AVRCP_CMD_PASS_THROUGH (0x25|0x08|0x00)
                  raw data (10): 25 08 00 0a 00|e0 4e e4 08 dc 1b 00 35 00 00
20:53:52:822    < BTP_AVRCP_CMD_PASS_THROUGH (0x25|0x08|0x00)
                  raw data (0): 25 08 00 00 00|
20:53:52:901    < BTP_AVRCP_EV_PASS_THROUGH_RSP (0x25|0x86|0x00)
                  raw data (10): 25 86 00 0a 00|e0 4e e4 08 dc 1b 00 09 35 00
20:53:53:931    > BTP_AVRCP_CMD_PASS_THROUGH (0x25|0x08|0x00)
                  raw data (10): 25 08 00 0a 00|e0 4e e4 08 dc 1b 00 35 00 00
20:53:53:985    < BTP_AVRCP_CMD_PASS_THROUGH (0x25|0x08|0x00)
                  raw data (0): 25 08 00 00 00|
20:53:54:081    < BTP_AVRCP_EV_PASS_THROUGH_RSP (0x25|0x86|0x00)
                  raw data (10): 25 86 00 0a 00|e0 4e e4 08 dc 1b 00 09 35 00
20:53:54:197    > BTP_AVRCP_CMD_PASS_THROUGH (0x25|0x08|0x00)
                  raw data (10): 25 08 00 0a 00|e0 4e e4 08 dc 1b 00 35 01 00
20:53:54:228    < BTP_AVRCP_CMD_PASS_THROUGH (0x25|0x08|0x00)
                  raw data (0): 25 08 00 00 00|
20:53:54:342    < BTP_AVRCP_EV_PASS_THROUGH_RSP (0x25|0x86|0x00)
                  raw data (10): 25 86 00 0a 00|e0 4e e4 08 dc 1b 00 09 b5 00
20:53:55:446    > BTP_AVRCP_CMD_PASS_THROUGH (0x25|0x08|0x00)
                  raw data (10): 25 08 00 0a 00|e0 4e e4 08 dc 1b 00 36 00 00
20:53:55:499    < BTP_AVRCP_CMD_PASS_THROUGH (0x25|0x08|0x00)
                  raw data (0): 25 08 00 00 00|
20:53:55:599    < BTP_AVRCP_EV_PASS_THROUGH_RSP (0x25|0x86|0x00)
                  raw data (10): 25 86 00 0a 00|e0 4e e4 08 dc 1b 00 09 36 00
20:53:56:601    > BTP_AVRCP_CMD_PASS_THROUGH (0x25|0x08|0x00)
                  raw data (10): 25 08 00 0a 00|e0 4e e4 08 dc 1b 00 36 00 00
20:53:56:650    < BTP_AVRCP_CMD_PASS_THROUGH (0x25|0x08|0x00)
                  raw data (0): 25 08 00 00 00|
20:53:56:749    < BTP_AVRCP_EV_PASS_THROUGH_RSP (0x25|0x86|0x00)
                  raw data (10): 25 86 00 0a 00|e0 4e e4 08 dc 1b 00 09 36 00
20:53:57:765    > BTP_AVRCP_CMD_PASS_THROUGH (0x25|0x08|0x00)
                  raw data (10): 25 08 00 0a 00|e0 4e e4 08 dc 1b 00 36 00 00
20:53:57:810    < BTP_AVRCP_CMD_PASS_THROUGH (0x25|0x08|0x00)
                  raw data (0): 25 08 00 00 00|
20:53:57:911    < BTP_AVRCP_EV_PASS_THROUGH_RSP (0x25|0x86|0x00)
                  raw data (10): 25 86 00 0a 00|e0 4e e4 08 dc 1b 00 09 36 00
20:53:58:112    > BTP_AVRCP_CMD_PASS_THROUGH (0x25|0x08|0x00)
                  raw data (10): 25 08 00 0a 00|e0 4e e4 08 dc 1b 00 36 01 00
20:53:58:167    < BTP_AVRCP_CMD_PASS_THROUGH (0x25|0x08|0x00)
                  raw data (0): 25 08 00 00 00|
20:53:58:259    < BTP_AVRCP_EV_PASS_THROUGH_RSP (0x25|0x86|0x00)
                  raw data (10): 25 86 00 0a 00|e0 4e e4 08 dc 1b 00 09 b6 00
20:53:59:282    > BTP_AVRCP_CMD_PASS_THROUGH (0x25|0x08|0x00)
                  raw data (10): 25 08 00 0a 00|e0 4e e4 08 dc 1b 00 40 00 00
20:53:59:337    < BTP_AVRCP_CMD_PASS_THROUGH (0x25|0x08|0x00)
                  raw data (0): 25 08 00 00 00|
20:53:59:424    < BTP_AVRCP_EV_PASS_THROUGH_RSP (0x25|0x86|0x00)
                  raw data (10): 25 86 00 0a 00|e0 4e e4 08 dc 1b 00 09 40 00
20:54:00:440    > BTP_AVRCP_CMD_PASS_THROUGH (0x25|0x08|0x00)
                  raw data (10): 25 08 00 0a 00|e0 4e e4 08 dc 1b 00 40 00 00
20:54:00:489    < BTP_AVRCP_CMD_PASS_THROUGH (0x25|0x08|0x00)
                  raw data (0): 25 08 00 00 00|
20:54:00:586    < BTP_AVRCP_EV_PASS_THROUGH_RSP (0x25|0x86|0x00)
                  raw data (10): 25 86 00 0a 00|e0 4e e4 08 dc 1b 00 09 40 00
20:54:01:594    > BTP_AVRCP_CMD_PASS_THROUGH (0x25|0x08|0x00)
                  raw data (10): 25 08 00 0a 00|e0 4e e4 08 dc 1b 00 40 00 00
20:54:01:643    < BTP_AVRCP_CMD_PASS_THROUGH (0x25|0x08|0x00)
                  raw data (0): 25 08 00 00 00|
20:54:01:750    < BTP_AVRCP_EV_PASS_THROUGH_RSP (0x25|0x86|0x00)
                  raw data (10): 25 86 00 0a 00|e0 4e e4 08 dc 1b 00 09 40 00
20:54:01:945    > BTP_AVRCP_CMD_PASS_THROUGH (0x25|0x08|0x00)
                  raw data (10): 25 08 00 0a 00|e0 4e e4 08 dc 1b 00 40 01 00
20:54:01:998    < BTP_AVRCP_CMD_PASS_THROUGH (0x25|0x08|0x00)
                  raw data (0): 25 08 00 00 00|
20:54:02:097    < BTP_AVRCP_EV_PASS_THROUGH_RSP (0x25|0x86|0x00)
                  raw data (10): 25 86 00 0a 00|e0 4e e4 08 dc 1b 00 09 c0 00
20:54:03:103    > BTP_AVRCP_CMD_PASS_THROUGH (0x25|0x08|0x00)
                  raw data (10): 25 08 00 0a 00|e0 4e e4 08 dc 1b 00 44 00 00
20:54:03:144    < BTP_AVRCP_CMD_PASS_THROUGH (0x25|0x08|0x00)
                  raw data (0): 25 08 00 00 00|
20:54:03:248    < BTP_AVRCP_EV_PASS_THROUGH_RSP (0x25|0x86|0x00)
                  raw data (10): 25 86 00 0a 00|e0 4e e4 08 dc 1b 00 09 44 00
20:54:04:347    > BTP_AVRCP_CMD_PASS_THROUGH (0x25|0x08|0x00)
                  raw data (10): 25 08 00 0a 00|e0 4e e4 08 dc 1b 00 44 00 00
20:54:04:398    < BTP_AVRCP_CMD_PASS_THROUGH (0x25|0x08|0x00)
                  raw data (0): 25 08 00 00 00|
20:54:04:506    < BTP_AVRCP_EV_PASS_THROUGH_RSP (0x25|0x86|0x00)
                  raw data (10): 25 86 00 0a 00|e0 4e e4 08 dc 1b 00 09 44 00
20:54:05:603    > BTP_AVRCP_CMD_PASS_THROUGH (0x25|0x08|0x00)
                  raw data (10): 25 08 00 0a 00|e0 4e e4 08 dc 1b 00 44 00 00
20:54:05:654    < BTP_AVRCP_CMD_PASS_THROUGH (0x25|0x08|0x00)
                  raw data (0): 25 08 00 00 00|
20:54:05:740    < BTP_AVRCP_EV_PASS_THROUGH_RSP (0x25|0x86|0x00)
                  raw data (10): 25 86 00 0a 00|e0 4e e4 08 dc 1b 00 09 44 00
20:54:05:856    > BTP_AVRCP_CMD_PASS_THROUGH (0x25|0x08|0x00)
                  raw data (10): 25 08 00 0a 00|e0 4e e4 08 dc 1b 00 44 01 00
20:54:05:896    < BTP_AVRCP_CMD_PASS_THROUGH (0x25|0x08|0x00)
                  raw data (0): 25 08 00 00 00|
20:54:06:009    < BTP_AVRCP_EV_PASS_THROUGH_RSP (0x25|0x86|0x00)
                  raw data (10): 25 86 00 0a 00|e0 4e e4 08 dc 1b 00 09 c4 00
20:54:07:101    > BTP_AVRCP_CMD_PASS_THROUGH (0x25|0x08|0x00)
                  raw data (10): 25 08 00 0a 00|e0 4e e4 08 dc 1b 00 46 00 00
20:54:07:154    < BTP_AVRCP_CMD_PASS_THROUGH (0x25|0x08|0x00)
                  raw data (0): 25 08 00 00 00|
20:54:07:252    < BTP_AVRCP_EV_PASS_THROUGH_RSP (0x25|0x86|0x00)
                  raw data (10): 25 86 00 0a 00|e0 4e e4 08 dc 1b 00 09 46 00
20:54:08:256    > BTP_AVRCP_CMD_PASS_THROUGH (0x25|0x08|0x00)
                  raw data (10): 25 08 00 0a 00|e0 4e e4 08 dc 1b 00 46 00 00
20:54:08:306    < BTP_AVRCP_CMD_PASS_THROUGH (0x25|0x08|0x00)
                  raw data (0): 25 08 00 00 00|
20:54:08:402    < BTP_AVRCP_EV_PASS_THROUGH_RSP (0x25|0x86|0x00)
                  raw data (10): 25 86 00 0a 00|e0 4e e4 08 dc 1b 00 09 46 00
20:54:09:411    > BTP_AVRCP_CMD_PASS_THROUGH (0x25|0x08|0x00)
                  raw data (10): 25 08 00 0a 00|e0 4e e4 08 dc 1b 00 46 00 00
20:54:09:470    < BTP_AVRCP_CMD_PASS_THROUGH (0x25|0x08|0x00)
                  raw data (0): 25 08 00 00 00|
20:54:09:561    < BTP_AVRCP_EV_PASS_THROUGH_RSP (0x25|0x86|0x00)
                  raw data (10): 25 86 00 0a 00|e0 4e e4 08 dc 1b 00 09 46 00
20:54:09:673    > BTP_AVRCP_CMD_PASS_THROUGH (0x25|0x08|0x00)
                  raw data (10): 25 08 00 0a 00|e0 4e e4 08 dc 1b 00 46 01 00
20:54:09:729    < BTP_AVRCP_CMD_PASS_THROUGH (0x25|0x08|0x00)
                  raw data (0): 25 08 00 00 00|
20:54:09:820    < BTP_AVRCP_EV_PASS_THROUGH_RSP (0x25|0x86|0x00)
                  raw data (10): 25 86 00 0a 00|e0 4e e4 08 dc 1b 00 09 c6 00
20:54:10:835    > BTP_AVRCP_CMD_PASS_THROUGH (0x25|0x08|0x00)
                  raw data (10): 25 08 00 0a 00|e0 4e e4 08 dc 1b 00 45 00 00
20:54:10:877    < BTP_AVRCP_CMD_PASS_THROUGH (0x25|0x08|0x00)
                  raw data (0): 25 08 00 00 00|
20:54:10:979    < BTP_AVRCP_EV_PASS_THROUGH_RSP (0x25|0x86|0x00)
                  raw data (10): 25 86 00 0a 00|e0 4e e4 08 dc 1b 00 09 45 00
20:54:12:080    > BTP_AVRCP_CMD_PASS_THROUGH (0x25|0x08|0x00)
                  raw data (10): 25 08 00 0a 00|e0 4e e4 08 dc 1b 00 45 00 00
20:54:12:135    < BTP_AVRCP_CMD_PASS_THROUGH (0x25|0x08|0x00)
                  raw data (0): 25 08 00 00 00|
20:54:12:217    < BTP_AVRCP_EV_PASS_THROUGH_RSP (0x25|0x86|0x00)
                  raw data (10): 25 86 00 0a 00|e0 4e e4 08 dc 1b 00 09 45 00
20:54:13:244    > BTP_AVRCP_CMD_PASS_THROUGH (0x25|0x08|0x00)
                  raw data (10): 25 08 00 0a 00|e0 4e e4 08 dc 1b 00 45 00 00
20:54:13:289    < BTP_AVRCP_CMD_PASS_THROUGH (0x25|0x08|0x00)
                  raw data (0): 25 08 00 00 00|
20:54:13:387    < BTP_AVRCP_EV_PASS_THROUGH_RSP (0x25|0x86|0x00)
                  raw data (10): 25 86 00 0a 00|e0 4e e4 08 dc 1b 00 09 45 00
20:54:13:496    > BTP_AVRCP_CMD_PASS_THROUGH (0x25|0x08|0x00)
                  raw data (10): 25 08 00 0a 00|e0 4e e4 08 dc 1b 00 45 01 00
20:54:13:544    < BTP_AVRCP_CMD_PASS_THROUGH (0x25|0x08|0x00)
                  raw data (0): 25 08 00 00 00|
20:54:13:647    < BTP_AVRCP_EV_PASS_THROUGH_RSP (0x25|0x86|0x00)
                  raw data (10): 25 86 00 0a 00|e0 4e e4 08 dc 1b 00 09 c5 00
20:54:14:750    > BTP_AVRCP_CMD_PASS_THROUGH (0x25|0x08|0x00)
                  raw data (10): 25 08 00 0a 00|e0 4e e4 08 dc 1b 00 47 00 00
20:54:14:796    < BTP_AVRCP_CMD_PASS_THROUGH (0x25|0x08|0x00)
                  raw data (0): 25 08 00 00 00|
20:54:14:898    < BTP_AVRCP_EV_PASS_THROUGH_RSP (0x25|0x86|0x00)
                  raw data (10): 25 86 00 0a 00|e0 4e e4 08 dc 1b 00 09 47 00
20:54:15:999    > BTP_AVRCP_CMD_PASS_THROUGH (0x25|0x08|0x00)
                  raw data (10): 25 08 00 0a 00|e0 4e e4 08 dc 1b 00 47 00 00
20:54:16:052    < BTP_AVRCP_CMD_PASS_THROUGH (0x25|0x08|0x00)
                  raw data (0): 25 08 00 00 00|
20:54:16:144    < BTP_AVRCP_EV_PASS_THROUGH_RSP (0x25|0x86|0x00)
                  raw data (10): 25 86 00 0a 00|e0 4e e4 08 dc 1b 00 09 47 00
20:54:17:157    > BTP_AVRCP_CMD_PASS_THROUGH (0x25|0x08|0x00)
                  raw data (10): 25 08 00 0a 00|e0 4e e4 08 dc 1b 00 47 00 00
20:54:17:208    < BTP_AVRCP_CMD_PASS_THROUGH (0x25|0x08|0x00)
                  raw data (0): 25 08 00 00 00|
20:54:17:305    < BTP_AVRCP_EV_PASS_THROUGH_RSP (0x25|0x86|0x00)
                  raw data (10): 25 86 00 0a 00|e0 4e e4 08 dc 1b 00 09 47 00
20:54:17:410    > BTP_AVRCP_CMD_PASS_THROUGH (0x25|0x08|0x00)
                  raw data (10): 25 08 00 0a 00|e0 4e e4 08 dc 1b 00 47 01 00
20:54:17:457    < BTP_AVRCP_CMD_PASS_THROUGH (0x25|0x08|0x00)
                  raw data (0): 25 08 00 00 00|
20:54:17:542    < BTP_AVRCP_EV_PASS_THROUGH_RSP (0x25|0x86|0x00)
                  raw data (10): 25 86 00 0a 00|e0 4e e4 08 dc 1b 00 09 c7 00
20:54:18:562    > BTP_AVRCP_CMD_PASS_THROUGH (0x25|0x08|0x00)
                  raw data (10): 25 08 00 0a 00|e0 4e e4 08 dc 1b 00 48 00 00
20:54:18:615    < BTP_AVRCP_CMD_PASS_THROUGH (0x25|0x08|0x00)
                  raw data (0): 25 08 00 00 00|
20:54:18:712    < BTP_AVRCP_EV_PASS_THROUGH_RSP (0x25|0x86|0x00)
                  raw data (10): 25 86 00 0a 00|e0 4e e4 08 dc 1b 00 09 48 00
20:54:19:718    > BTP_AVRCP_CMD_PASS_THROUGH (0x25|0x08|0x00)
                  raw data (10): 25 08 00 0a 00|e0 4e e4 08 dc 1b 00 48 00 00
20:54:19:776    < BTP_AVRCP_CMD_PASS_THROUGH (0x25|0x08|0x00)
                  raw data (0): 25 08 00 00 00|
20:54:19:857    < BTP_AVRCP_EV_PASS_THROUGH_RSP (0x25|0x86|0x00)
                  raw data (10): 25 86 00 0a 00|e0 4e e4 08 dc 1b 00 09 48 00
20:54:20:880    > BTP_AVRCP_CMD_PASS_THROUGH (0x25|0x08|0x00)
                  raw data (10): 25 08 00 0a 00|e0 4e e4 08 dc 1b 00 48 00 00
20:54:20:931    < BTP_AVRCP_CMD_PASS_THROUGH (0x25|0x08|0x00)
                  raw data (0): 25 08 00 00 00|
20:54:21:037    < BTP_AVRCP_EV_PASS_THROUGH_RSP (0x25|0x86|0x00)
                  raw data (10): 25 86 00 0a 00|e0 4e e4 08 dc 1b 00 09 48 00
20:54:21:237    > BTP_AVRCP_CMD_PASS_THROUGH (0x25|0x08|0x00)
                  raw data (10): 25 08 00 0a 00|e0 4e e4 08 dc 1b 00 48 01 00
20:54:21:289    < BTP_AVRCP_CMD_PASS_THROUGH (0x25|0x08|0x00)
                  raw data (0): 25 08 00 00 00|
20:54:21:371    < BTP_AVRCP_EV_PASS_THROUGH_RSP (0x25|0x86|0x00)
                  raw data (10): 25 86 00 0a 00|e0 4e e4 08 dc 1b 00 09 c8 00
20:54:22:406    > BTP_AVRCP_CMD_PASS_THROUGH (0x25|0x08|0x00)
                  raw data (10): 25 08 00 0a 00|e0 4e e4 08 dc 1b 00 49 00 00
20:54:22:451    < BTP_AVRCP_CMD_PASS_THROUGH (0x25|0x08|0x00)
                  raw data (0): 25 08 00 00 00|
20:54:22:541    < BTP_AVRCP_EV_PASS_THROUGH_RSP (0x25|0x86|0x00)
                  raw data (10): 25 86 00 0a 00|e0 4e e4 08 dc 1b 00 09 49 00
20:54:23:554    > BTP_AVRCP_CMD_PASS_THROUGH (0x25|0x08|0x00)
                  raw data (10): 25 08 00 0a 00|e0 4e e4 08 dc 1b 00 49 00 00
20:54:23:599    < BTP_AVRCP_CMD_PASS_THROUGH (0x25|0x08|0x00)
                  raw data (0): 25 08 00 00 00|
20:54:23:688    < BTP_AVRCP_EV_PASS_THROUGH_RSP (0x25|0x86|0x00)
                  raw data (10): 25 86 00 0a 00|e0 4e e4 08 dc 1b 00 09 49 00
20:54:24:703    > BTP_AVRCP_CMD_PASS_THROUGH (0x25|0x08|0x00)
                  raw data (10): 25 08 00 0a 00|e0 4e e4 08 dc 1b 00 49 00 00
20:54:24:760    < BTP_AVRCP_CMD_PASS_THROUGH (0x25|0x08|0x00)
                  raw data (0): 25 08 00 00 00|
20:54:24:857    < BTP_AVRCP_EV_PASS_THROUGH_RSP (0x25|0x86|0x00)
                  raw data (10): 25 86 00 0a 00|e0 4e e4 08 dc 1b 00 09 49 00
20:54:24:962    > BTP_AVRCP_CMD_PASS_THROUGH (0x25|0x08|0x00)
                  raw data (10): 25 08 00 0a 00|e0 4e e4 08 dc 1b 00 49 01 00
20:54:25:018    < BTP_AVRCP_CMD_PASS_THROUGH (0x25|0x08|0x00)
                  raw data (0): 25 08 00 00 00|
20:54:25:115    < BTP_AVRCP_EV_PASS_THROUGH_RSP (0x25|0x86|0x00)
                  raw data (10): 25 86 00 0a 00|e0 4e e4 08 dc 1b 00 09 c9 00
20:54:26:123    > BTP_AVRCP_CMD_PASS_THROUGH (0x25|0x08|0x00)
                  raw data (10): 25 08 00 0a 00|e0 4e e4 08 dc 1b 00 4a 00 00
20:54:26:163    < BTP_AVRCP_CMD_PASS_THROUGH (0x25|0x08|0x00)
                  raw data (0): 25 08 00 00 00|
20:54:26:255    < BTP_AVRCP_EV_PASS_THROUGH_RSP (0x25|0x86|0x00)
                  raw data (10): 25 86 00 0a 00|e0 4e e4 08 dc 1b 00 09 4a 00
20:54:27:265    > BTP_AVRCP_CMD_PASS_THROUGH (0x25|0x08|0x00)
                  raw data (10): 25 08 00 0a 00|e0 4e e4 08 dc 1b 00 4a 00 00
20:54:27:322    < BTP_AVRCP_CMD_PASS_THROUGH (0x25|0x08|0x00)
                  raw data (0): 25 08 00 00 00|
20:54:27:402    < BTP_AVRCP_EV_PASS_THROUGH_RSP (0x25|0x86|0x00)
                  raw data (10): 25 86 00 0a 00|e0 4e e4 08 dc 1b 00 09 4a 00
20:54:28:427    > BTP_AVRCP_CMD_PASS_THROUGH (0x25|0x08|0x00)
                  raw data (10): 25 08 00 0a 00|e0 4e e4 08 dc 1b 00 4a 00 00
20:54:28:471    < BTP_AVRCP_CMD_PASS_THROUGH (0x25|0x08|0x00)
                  raw data (0): 25 08 00 00 00|
20:54:28:572    < BTP_AVRCP_EV_PASS_THROUGH_RSP (0x25|0x86|0x00)
                  raw data (10): 25 86 00 0a 00|e0 4e e4 08 dc 1b 00 09 4a 00
20:54:28:774    > BTP_AVRCP_CMD_PASS_THROUGH (0x25|0x08|0x00)
                  raw data (10): 25 08 00 0a 00|e0 4e e4 08 dc 1b 00 4a 01 00
20:54:28:826    < BTP_AVRCP_CMD_PASS_THROUGH (0x25|0x08|0x00)
                  raw data (0): 25 08 00 00 00|
20:54:28:915    < BTP_AVRCP_EV_PASS_THROUGH_RSP (0x25|0x86|0x00)
                  raw data (10): 25 86 00 0a 00|e0 4e e4 08 dc 1b 00 09 ca 00
20:54:29:931    > BTP_AVRCP_CMD_PASS_THROUGH (0x25|0x08|0x00)
                  raw data (10): 25 08 00 0a 00|e0 4e e4 08 dc 1b 00 4b 00 00
20:54:29:976    < BTP_AVRCP_CMD_PASS_THROUGH (0x25|0x08|0x00)
                  raw data (0): 25 08 00 00 00|
20:54:30:089    < BTP_AVRCP_EV_PASS_THROUGH_RSP (0x25|0x86|0x00)
                  raw data (10): 25 86 00 0a 00|e0 4e e4 08 dc 1b 00 09 4b 00
20:54:31:178    > BTP_AVRCP_CMD_PASS_THROUGH (0x25|0x08|0x00)
                  raw data (10): 25 08 00 0a 00|e0 4e e4 08 dc 1b 00 4b 00 00
20:54:31:232    < BTP_AVRCP_CMD_PASS_THROUGH (0x25|0x08|0x00)
                  raw data (0): 25 08 00 00 00|
20:54:31:321    < BTP_AVRCP_EV_PASS_THROUGH_RSP (0x25|0x86|0x00)
                  raw data (10): 25 86 00 0a 00|e0 4e e4 08 dc 1b 00 09 4b 00
20:54:32:337    > BTP_AVRCP_CMD_PASS_THROUGH (0x25|0x08|0x00)
                  raw data (10): 25 08 00 0a 00|e0 4e e4 08 dc 1b 00 4b 00 00
20:54:32:384    < BTP_AVRCP_CMD_PASS_THROUGH (0x25|0x08|0x00)
                  raw data (0): 25 08 00 00 00|
20:54:32:482    < BTP_AVRCP_EV_PASS_THROUGH_RSP (0x25|0x86|0x00)
                  raw data (10): 25 86 00 0a 00|e0 4e e4 08 dc 1b 00 09 4b 00
20:54:32:586    > BTP_AVRCP_CMD_PASS_THROUGH (0x25|0x08|0x00)
                  raw data (10): 25 08 00 0a 00|e0 4e e4 08 dc 1b 00 4b 01 00
20:54:32:638    < BTP_AVRCP_CMD_PASS_THROUGH (0x25|0x08|0x00)
                  raw data (0): 25 08 00 00 00|
20:54:32:740    < BTP_AVRCP_EV_PASS_THROUGH_RSP (0x25|0x86|0x00)
                  raw data (10): 25 86 00 0a 00|e0 4e e4 08 dc 1b 00 09 cb 00
20:54:33:843    > BTP_AVRCP_CMD_PASS_THROUGH (0x25|0x08|0x00)
                  raw data (10): 25 08 00 0a 00|e0 4e e4 08 dc 1b 00 4c 00 00
20:54:33:885    < BTP_AVRCP_CMD_PASS_THROUGH (0x25|0x08|0x00)
                  raw data (0): 25 08 00 00 00|
20:54:33:978    < BTP_AVRCP_EV_PASS_THROUGH_RSP (0x25|0x86|0x00)
                  raw data (10): 25 86 00 0a 00|e0 4e e4 08 dc 1b 00 09 4c 00
20:54:34:988    > BTP_AVRCP_CMD_PASS_THROUGH (0x25|0x08|0x00)
                  raw data (10): 25 08 00 0a 00|e0 4e e4 08 dc 1b 00 4c 00 00
20:54:35:041    < BTP_AVRCP_CMD_PASS_THROUGH (0x25|0x08|0x00)
                  raw data (0): 25 08 00 00 00|
20:54:35:129    < BTP_AVRCP_EV_PASS_THROUGH_RSP (0x25|0x86|0x00)
                  raw data (10): 25 86 00 0a 00|e0 4e e4 08 dc 1b 00 09 4c 00
20:54:36:145    > BTP_AVRCP_CMD_PASS_THROUGH (0x25|0x08|0x00)
                  raw data (10): 25 08 00 0a 00|e0 4e e4 08 dc 1b 00 4c 00 00
20:54:36:194    < BTP_AVRCP_CMD_PASS_THROUGH (0x25|0x08|0x00)
                  raw data (0): 25 08 00 00 00|
20:54:36:296    < BTP_AVRCP_EV_PASS_THROUGH_RSP (0x25|0x86|0x00)
                  raw data (10): 25 86 00 0a 00|e0 4e e4 08 dc 1b 00 09 4c 00
20:54:36:497    > BTP_AVRCP_CMD_PASS_THROUGH (0x25|0x08|0x00)
                  raw data (10): 25 08 00 0a 00|e0 4e e4 08 dc 1b 00 4c 01 00
20:54:36:545    < BTP_AVRCP_CMD_PASS_THROUGH (0x25|0x08|0x00)
                  raw data (0): 25 08 00 00 00|
20:54:36:651    < BTP_AVRCP_EV_PASS_THROUGH_RSP (0x25|0x86|0x00)
                  raw data (10): 25 86 00 0a 00|e0 4e e4 08 dc 1b 00 09 cc 00
20:54:37:749    > BTP_AVRCP_CMD_PASS_THROUGH (0x25|0x08|0x00)
                  raw data (10): 25 08 00 0a 00|e0 4e e4 08 dc 1b 00 50 00 00
20:54:37:790    < BTP_AVRCP_CMD_PASS_THROUGH (0x25|0x08|0x00)
                  raw data (0): 25 08 00 00 00|
20:54:37:903    < BTP_AVRCP_EV_PASS_THROUGH_RSP (0x25|0x86|0x00)
                  raw data (10): 25 86 00 0a 00|e0 4e e4 08 dc 1b 00 09 50 00
20:54:38:999    > BTP_AVRCP_CMD_PASS_THROUGH (0x25|0x08|0x00)
                  raw data (10): 25 08 00 0a 00|e0 4e e4 08 dc 1b 00 50 00 00
20:54:39:047    < BTP_AVRCP_CMD_PASS_THROUGH (0x25|0x08|0x00)
                  raw data (0): 25 08 00 00 00|
20:54:39:134    < BTP_AVRCP_EV_PASS_THROUGH_RSP (0x25|0x86|0x00)
                  raw data (10): 25 86 00 0a 00|e0 4e e4 08 dc 1b 00 09 50 00
20:54:40:152    > BTP_AVRCP_CMD_PASS_THROUGH (0x25|0x08|0x00)
                  raw data (10): 25 08 00 0a 00|e0 4e e4 08 dc 1b 00 50 00 00
20:54:40:196    < BTP_AVRCP_CMD_PASS_THROUGH (0x25|0x08|0x00)
                  raw data (0): 25 08 00 00 00|
20:54:40:310    < BTP_AVRCP_EV_PASS_THROUGH_RSP (0x25|0x86|0x00)
                  raw data (10): 25 86 00 0a 00|e0 4e e4 08 dc 1b 00 09 50 00
20:54:40:499    > BTP_AVRCP_CMD_PASS_THROUGH (0x25|0x08|0x00)
                  raw data (10): 25 08 00 0a 00|e0 4e e4 08 dc 1b 00 50 01 00
20:54:40:544    < BTP_AVRCP_CMD_PASS_THROUGH (0x25|0x08|0x00)
                  raw data (0): 25 08 00 00 00|
20:54:40:652    < BTP_AVRCP_EV_PASS_THROUGH_RSP (0x25|0x86|0x00)
                  raw data (10): 25 86 00 0a 00|e0 4e e4 08 dc 1b 00 09 d0 00
20:54:41:749    > BTP_AVRCP_CMD_PASS_THROUGH (0x25|0x08|0x00)
                  raw data (10): 25 08 00 0a 00|e0 4e e4 08 dc 1b 00 51 00 00
20:54:41:795    < BTP_AVRCP_CMD_PASS_THROUGH (0x25|0x08|0x00)
                  raw data (0): 25 08 00 00 00|
20:54:41:898    < BTP_AVRCP_EV_PASS_THROUGH_RSP (0x25|0x86|0x00)
                  raw data (10): 25 86 00 0a 00|e0 4e e4 08 dc 1b 00 09 51 00
20:54:42:998    > BTP_AVRCP_CMD_PASS_THROUGH (0x25|0x08|0x00)
                  raw data (10): 25 08 00 0a 00|e0 4e e4 08 dc 1b 00 51 00 00
20:54:43:042    < BTP_AVRCP_CMD_PASS_THROUGH (0x25|0x08|0x00)
                  raw data (0): 25 08 00 00 00|
20:54:43:134    < BTP_AVRCP_EV_PASS_THROUGH_RSP (0x25|0x86|0x00)
                  raw data (10): 25 86 00 0a 00|e0 4e e4 08 dc 1b 00 09 51 00
20:54:44:147    > BTP_AVRCP_CMD_PASS_THROUGH (0x25|0x08|0x00)
                  raw data (10): 25 08 00 0a 00|e0 4e e4 08 dc 1b 00 51 00 00
20:54:44:199    < BTP_AVRCP_CMD_PASS_THROUGH (0x25|0x08|0x00)
                  raw data (0): 25 08 00 00 00|
20:54:44:297    < BTP_AVRCP_EV_PASS_THROUGH_RSP (0x25|0x86|0x00)
                  raw data (10): 25 86 00 0a 00|e0 4e e4 08 dc 1b 00 09 51 00
20:54:44:402    > BTP_AVRCP_CMD_PASS_THROUGH (0x25|0x08|0x00)
                  raw data (10): 25 08 00 0a 00|e0 4e e4 08 dc 1b 00 51 01 00
20:54:44:456    < BTP_AVRCP_CMD_PASS_THROUGH (0x25|0x08|0x00)
                  raw data (0): 25 08 00 00 00|
20:54:44:555    < BTP_AVRCP_EV_PASS_THROUGH_RSP (0x25|0x86|0x00)
                  raw data (10): 25 86 00 0a 00|e0 4e e4 08 dc 1b 00 09 d1 00
20:54:45:561    > BTP_AVRCP_CMD_PASS_THROUGH (0x25|0x08|0x00)
                  raw data (10): 25 08 00 0a 00|e0 4e e4 08 dc 1b 00 71 00 00
20:54:45:604    < BTP_AVRCP_CMD_PASS_THROUGH (0x25|0x08|0x00)
                  raw data (0): 25 08 00 00 00|
20:54:45:704    < BTP_AVRCP_EV_PASS_THROUGH_RSP (0x25|0x86|0x00)
                  raw data (10): 25 86 00 0a 00|e0 4e e4 08 dc 1b 00 09 71 00
20:54:46:711    > BTP_AVRCP_CMD_PASS_THROUGH (0x25|0x08|0x00)
                  raw data (10): 25 08 00 0a 00|e0 4e e4 08 dc 1b 00 71 00 00
20:54:46:774    < BTP_AVRCP_CMD_PASS_THROUGH (0x25|0x08|0x00)
                  raw data (0): 25 08 00 00 00|
20:54:46:860    < BTP_AVRCP_EV_PASS_THROUGH_RSP (0x25|0x86|0x00)
                  raw data (10): 25 86 00 0a 00|e0 4e e4 08 dc 1b 00 09 71 00
20:54:47:879    > BTP_AVRCP_CMD_PASS_THROUGH (0x25|0x08|0x00)
                  raw data (10): 25 08 00 0a 00|e0 4e e4 08 dc 1b 00 71 00 00
20:54:47:930    < BTP_AVRCP_CMD_PASS_THROUGH (0x25|0x08|0x00)
                  raw data (0): 25 08 00 00 00|
20:54:48:036    < BTP_AVRCP_EV_PASS_THROUGH_RSP (0x25|0x86|0x00)
                  raw data (10): 25 86 00 0a 00|e0 4e e4 08 dc 1b 00 09 71 00
20:54:48:233    > BTP_AVRCP_CMD_PASS_THROUGH (0x25|0x08|0x00)
                  raw data (10): 25 08 00 0a 00|e0 4e e4 08 dc 1b 00 71 01 00
20:54:48:281    < BTP_AVRCP_CMD_PASS_THROUGH (0x25|0x08|0x00)
                  raw data (0): 25 08 00 00 00|
20:54:48:368    < BTP_AVRCP_EV_PASS_THROUGH_RSP (0x25|0x86|0x00)
                  raw data (10): 25 86 00 0a 00|e0 4e e4 08 dc 1b 00 09 f1 00
20:54:49:385    > BTP_AVRCP_CMD_PASS_THROUGH (0x25|0x08|0x00)
                  raw data (10): 25 08 00 0a 00|e0 4e e4 08 dc 1b 00 72 00 00
20:54:49:428    < BTP_AVRCP_CMD_PASS_THROUGH (0x25|0x08|0x00)
                  raw data (0): 25 08 00 00 00|
20:54:49:518    < BTP_AVRCP_EV_PASS_THROUGH_RSP (0x25|0x86|0x00)
                  raw data (10): 25 86 00 0a 00|e0 4e e4 08 dc 1b 00 09 72 00
20:54:50:530    > BTP_AVRCP_CMD_PASS_THROUGH (0x25|0x08|0x00)
                  raw data (10): 25 08 00 0a 00|e0 4e e4 08 dc 1b 00 72 00 00
20:54:50:584    < BTP_AVRCP_CMD_PASS_THROUGH (0x25|0x08|0x00)
                  raw data (0): 25 08 00 00 00|
20:54:50:684    < BTP_AVRCP_EV_PASS_THROUGH_RSP (0x25|0x86|0x00)
                  raw data (10): 25 86 00 0a 00|e0 4e e4 08 dc 1b 00 09 72 00
20:54:51:688    > BTP_AVRCP_CMD_PASS_THROUGH (0x25|0x08|0x00)
                  raw data (10): 25 08 00 0a 00|e0 4e e4 08 dc 1b 00 72 00 00
20:54:51:740    < BTP_AVRCP_CMD_PASS_THROUGH (0x25|0x08|0x00)
                  raw data (0): 25 08 00 00 00|
20:54:51:847    < BTP_AVRCP_EV_PASS_THROUGH_RSP (0x25|0x86|0x00)
                  raw data (10): 25 86 00 0a 00|e0 4e e4 08 dc 1b 00 09 72 00
20:54:52:044    > BTP_AVRCP_CMD_PASS_THROUGH (0x25|0x08|0x00)
                  raw data (10): 25 08 00 0a 00|e0 4e e4 08 dc 1b 00 72 01 00
20:54:52:096    < BTP_AVRCP_CMD_PASS_THROUGH (0x25|0x08|0x00)
                  raw data (0): 25 08 00 00 00|
20:54:52:182    < BTP_AVRCP_EV_PASS_THROUGH_RSP (0x25|0x86|0x00)
                  raw data (10): 25 86 00 0a 00|e0 4e e4 08 dc 1b 00 09 f2 00
20:54:53:200    > BTP_AVRCP_CMD_PASS_THROUGH (0x25|0x08|0x00)
                  raw data (10): 25 08 00 0a 00|e0 4e e4 08 dc 1b 00 73 00 00
20:54:53:255    < BTP_AVRCP_CMD_PASS_THROUGH (0x25|0x08|0x00)
                  raw data (0): 25 08 00 00 00|
20:54:53:341    < BTP_AVRCP_EV_PASS_THROUGH_RSP (0x25|0x86|0x00)
                  raw data (10): 25 86 00 0a 00|e0 4e e4 08 dc 1b 00 09 73 00
20:54:54:357    > BTP_AVRCP_CMD_PASS_THROUGH (0x25|0x08|0x00)
                  raw data (10): 25 08 00 0a 00|e0 4e e4 08 dc 1b 00 73 00 00
20:54:54:410    < BTP_AVRCP_CMD_PASS_THROUGH (0x25|0x08|0x00)
                  raw data (0): 25 08 00 00 00|
20:54:54:502    < BTP_AVRCP_EV_PASS_THROUGH_RSP (0x25|0x86|0x00)
                  raw data (10): 25 86 00 0a 00|e0 4e e4 08 dc 1b 00 09 73 00
20:54:55:515    > BTP_AVRCP_CMD_PASS_THROUGH (0x25|0x08|0x00)
                  raw data (10): 25 08 00 0a 00|e0 4e e4 08 dc 1b 00 73 00 00
20:54:55:559    < BTP_AVRCP_CMD_PASS_THROUGH (0x25|0x08|0x00)
                  raw data (0): 25 08 00 00 00|
20:54:55:656    < BTP_AVRCP_EV_PASS_THROUGH_RSP (0x25|0x86|0x00)
                  raw data (10): 25 86 00 0a 00|e0 4e e4 08 dc 1b 00 09 73 00
20:54:55:761    > BTP_AVRCP_CMD_PASS_THROUGH (0x25|0x08|0x00)
                  raw data (10): 25 08 00 0a 00|e0 4e e4 08 dc 1b 00 73 01 00
20:54:55:811    < BTP_AVRCP_CMD_PASS_THROUGH (0x25|0x08|0x00)
                  raw data (0): 25 08 00 00 00|
20:54:55:915    < BTP_AVRCP_EV_PASS_THROUGH_RSP (0x25|0x86|0x00)
                  raw data (10): 25 86 00 0a 00|e0 4e e4 08 dc 1b 00 09 f3 00
20:54:56:921    > BTP_AVRCP_CMD_PASS_THROUGH (0x25|0x08|0x00)
                  raw data (10): 25 08 00 0a 00|e0 4e e4 08 dc 1b 00 74 00 00
20:54:56:961    < BTP_AVRCP_CMD_PASS_THROUGH (0x25|0x08|0x00)
                  raw data (0): 25 08 00 00 00|
20:54:57:072    < BTP_AVRCP_EV_PASS_THROUGH_RSP (0x25|0x86|0x00)
                  raw data (10): 25 86 00 0a 00|e0 4e e4 08 dc 1b 00 09 74 00
20:54:58:164    > BTP_AVRCP_CMD_PASS_THROUGH (0x25|0x08|0x00)
                  raw data (10): 25 08 00 0a 00|e0 4e e4 08 dc 1b 00 74 00 00
20:54:58:199    < BTP_AVRCP_CMD_PASS_THROUGH (0x25|0x08|0x00)
                  raw data (0): 25 08 00 00 00|
20:54:58:302    < BTP_AVRCP_EV_PASS_THROUGH_RSP (0x25|0x86|0x00)
                  raw data (10): 25 86 00 0a 00|e0 4e e4 08 dc 1b 00 09 74 00
20:54:59:404    > BTP_AVRCP_CMD_PASS_THROUGH (0x25|0x08|0x00)
                  raw data (10): 25 08 00 0a 00|e0 4e e4 08 dc 1b 00 74 00 00
20:54:59:464    < BTP_AVRCP_CMD_PASS_THROUGH (0x25|0x08|0x00)
                  raw data (0): 25 08 00 00 00|
20:54:59:555    < BTP_AVRCP_EV_PASS_THROUGH_RSP (0x25|0x86|0x00)
                  raw data (10): 25 86 00 0a 00|e0 4e e4 08 dc 1b 00 09 74 00
20:54:59:667    > BTP_AVRCP_CMD_PASS_THROUGH (0x25|0x08|0x00)
                  raw data (10): 25 08 00 0a 00|e0 4e e4 08 dc 1b 00 74 01 00
20:54:59:719    < BTP_AVRCP_CMD_PASS_THROUGH (0x25|0x08|0x00)
                  raw data (0): 25 08 00 00 00|
20:54:59:815    < BTP_AVRCP_EV_PASS_THROUGH_RSP (0x25|0x86|0x00)
                  raw data (10): 25 86 00 0a 00|e0 4e e4 08 dc 1b 00 09 f4 00
20:55:00:823    > BTP_AVRCP_CMD_PASS_THROUGH (0x25|0x08|0x00)
                  raw data (10): 25 08 00 0a 00|e0 4e e4 08 dc 1b 00 75 00 00
20:55:00:885    < BTP_AVRCP_CMD_PASS_THROUGH (0x25|0x08|0x00)
                  raw data (0): 25 08 00 00 00|
20:55:00:983    < BTP_AVRCP_EV_PASS_THROUGH_RSP (0x25|0x86|0x00)
                  raw data (10): 25 86 00 0a 00|e0 4e e4 08 dc 1b 00 09 75 00
20:55:01:987    > BTP_AVRCP_CMD_PASS_THROUGH (0x25|0x08|0x00)
                  raw data (10): 25 08 00 0a 00|e0 4e e4 08 dc 1b 00 75 00 00
20:55:02:028    < BTP_AVRCP_CMD_PASS_THROUGH (0x25|0x08|0x00)
                  raw data (0): 25 08 00 00 00|
20:55:02:131    < BTP_AVRCP_EV_PASS_THROUGH_RSP (0x25|0x86|0x00)
                  raw data (10): 25 86 00 0a 00|e0 4e e4 08 dc 1b 00 09 75 00
20:55:03:138    > BTP_AVRCP_CMD_PASS_THROUGH (0x25|0x08|0x00)
                  raw data (10): 25 08 00 0a 00|e0 4e e4 08 dc 1b 00 75 00 00
20:55:03:191    < BTP_AVRCP_CMD_PASS_THROUGH (0x25|0x08|0x00)
                  raw data (0): 25 08 00 00 00|
20:55:03:288    < BTP_AVRCP_EV_PASS_THROUGH_RSP (0x25|0x86|0x00)
                  raw data (10): 25 86 00 0a 00|e0 4e e4 08 dc 1b 00 09 75 00
20:55:03:394    > BTP_AVRCP_CMD_PASS_THROUGH (0x25|0x08|0x00)
                  raw data (10): 25 08 00 0a 00|e0 4e e4 08 dc 1b 00 75 01 00
20:55:03:440    < BTP_AVRCP_CMD_PASS_THROUGH (0x25|0x08|0x00)
                  raw data (0): 25 08 00 00 00|
20:55:03:547    < BTP_AVRCP_EV_PASS_THROUGH_RSP (0x25|0x86|0x00)
                  raw data (10): 25 86 00 0a 00|e0 4e e4 08 dc 1b 00 09 f5 00
20:55:04:645    > BTP_AVRCP_CMD_PASS_THROUGH (0x25|0x08|0x00)
                  raw data (15): 
                  25 08 00 0f 00|e0 4e e4 08 dc 1b 00 7e 00 05 00 
                  19 58 00 00
20:55:04:700    < BTP_AVRCP_CMD_PASS_THROUGH (0x25|0x08|0x00)
                  raw data (0): 25 08 00 00 00|
20:55:04:792    < BTP_AVRCP_EV_PASS_THROUGH_RSP (0x25|0x86|0x00)
                  raw data (15): 
                  25 86 00 0f 00|e0 4e e4 08 dc 1b 00 09 7e 05 00 
                  19 58 00 00
20:55:05:803    > BTP_AVRCP_CMD_PASS_THROUGH (0x25|0x08|0x00)
                  raw data (15): 
                  25 08 00 0f 00|e0 4e e4 08 dc 1b 00 7e 00 05 00 
                  19 58 00 00
20:55:05:837    < BTP_AVRCP_CMD_PASS_THROUGH (0x25|0x08|0x00)
                  raw data (0): 25 08 00 00 00|
20:55:05:943    < BTP_AVRCP_EV_PASS_THROUGH_RSP (0x25|0x86|0x00)
                  raw data (15): 
                  25 86 00 0f 00|e0 4e e4 08 dc 1b 00 09 7e 05 00 
                  19 58 00 00
20:55:07:041    > BTP_AVRCP_CMD_PASS_THROUGH (0x25|0x08|0x00)
                  raw data (15): 
                  25 08 00 0f 00|e0 4e e4 08 dc 1b 00 7e 00 05 00 
                  19 58 00 00
20:55:07:085    < BTP_AVRCP_CMD_PASS_THROUGH (0x25|0x08|0x00)
                  raw data (0): 25 08 00 00 00|
20:55:07:189    < BTP_AVRCP_EV_PASS_THROUGH_RSP (0x25|0x86|0x00)
                  raw data (15): 
                  25 86 00 0f 00|e0 4e e4 08 dc 1b 00 09 7e 05 00 
                  19 58 00 00
20:55:07:389    > BTP_AVRCP_CMD_PASS_THROUGH (0x25|0x08|0x00)
                  raw data (15): 
                  25 08 00 0f 00|e0 4e e4 08 dc 1b 00 7e 01 05 00 
                  19 58 00 00
20:55:07:430    < BTP_AVRCP_CMD_PASS_THROUGH (0x25|0x08|0x00)
                  raw data (0): 25 08 00 00 00|
20:55:07:544    < BTP_AVRCP_EV_PASS_THROUGH_RSP (0x25|0x86|0x00)
                  raw data (15): 
                  25 86 00 0f 00|e0 4e e4 08 dc 1b 00 09 fe 05 00 
                  19 58 00 00
20:55:08:545    < BTP_AVRCP_EV_CONTROL_DISCONNECTED (0x25|0x81|0x00)
                  raw data (7): 25 81 00 07 00|e0 4e e4 08 dc 1b 00
20:55:08:545    < BTP_AVRCP_EV_CONTROL_DISCONNECTED (0x25|0x81|0x00)
                  raw data (7): 25 81 00 07 00|e0 12 d8 1b 60 a1 76
20:55:14:076    < BTP_CORE_EV_IUT_READY (0x00|0x80|0xff)
                  raw data (0): 00 80 ff 00 00|
