18:12:03:774    > BTP_CORE_CMD_READ_SUPPORTED_SERVICES (0x00|0x02|0xff)
                  raw data (0): 00 02 ff 00 00|
18:12:03:809    < BTP_CORE_CMD_READ_SUPPORTED_SERVICES (0x00|0x02|0xff)
                  raw data (6): 00 02 ff 06 00|0f 00 00 a0 ff 03
18:12:03:818    > BTP_CORE_CMD_REGISTER_SERVICE (0x00|0x03|0xff)
                  raw data (1): 00 03 ff 01 00|01
18:12:07:934    < BTP_CORE_CMD_REGISTER_SERVICE (0x00|0x03|0xff)
                  raw data (0): 00 03 ff 00 00|
18:12:07:939    > BTP_GAP_CMD_READ_SUPPORTED_COMMANDS (0x01|0x01|0xff)
                  raw data (0): 01 01 ff 00 00|
18:12:08:010    < BTP_GAP_CMD_READ_SUPPORTED_COMMANDS (0x01|0x01|0xff)
                  raw data (7): 01 01 ff 07 00|6e ff 7f 1f fe ff 2e
18:12:08:016    > BTP_GAP_CMD_READ_CONTROLLER_INFO (0x01|0x03|0x00)
                  raw data (0): 01 03 00 00 00|
18:12:08:087    < BTP_GAP_CMD_READ_CONTROLLER_INFO (0x01|0x03|0x00)
                  raw data (277): 
                  01 03 00 15 01|19 78 ee 69 17 d0 d3 06 02 00 13 
                  02 00 00 00 00 00 62 74 70 5f 74 65 73 74 65 72 
                  00 00 00 00 00 00 00 00 00 00 00 00 00 00 00 00 
                  00 00 00 00 00 00 00 00 00 00 00 00 00 00 00 00 
                  00 00 00 00 00 00 00 00 00 00 00 00 00 00 00 00 
                  00 00 00 00 00 00 00 00 00 00 00 00 00 00 00 00 
                  00 00 00 00 00 00 00 00 00 00 00 00 00 00 00 00 
                  00 00 00 00 00 00 00 00 00 00 00 00 00 00 00 00 
                  00 00 00 00 00 00 00 00 00 00 00 00 00 00 00 00 
                  00 00 00 00 00 00 00 00 00 00 00 00 00 00 00 00 
                  00 00 00 00 00 00 00 00 00 00 00 00 00 00 00 00 
                  00 00 00 00 00 00 00 00 00 00 00 00 00 00 00 00 
                  00 00 00 00 00 00 00 00 00 00 00 00 00 00 00 00 
                  00 00 00 00 00 00 00 00 00 00 00 00 00 00 00 00 
                  00 00 00 00 00 00 00 00 00 00 00 00 00 00 00 00 
                  00 00 00 00 00 00 00 00 00 00 00 00 00 00 00 00 
                  00 00 00 00 00 00 00 00 00 00 00 00 00 00 00 00 
                  00 00 00 00 00 00 00 00 00 00
18:12:08:103    > BTP_CORE_CMD_REGISTER_SERVICE (0x00|0x03|0xff)
                  raw data (2): 00 03 ff 01 00|02
18:12:08:152    < BTP_CORE_CMD_REGISTER_SERVICE (0x00|0x03|0xff)
                  raw data (0): 00 03 ff 00 00|
18:12:08:153    > BTP_GATT_CMD_READ_SUPPORTED_COMMANDS (0x02|0x01|0xff)
                  raw data (0): 02 01 ff 00 00|
18:12:08:206    < BTP_GATT_CMD_READ_SUPPORTED_COMMANDS (0x02|0x01|0xff)
                  raw data (5): 02 01 ff 05 00|fe fe bf fd 0f
18:12:08:218    > BTP_CORE_CMD_REGISTER_SERVICE (0x00|0x03|0xff)
                  raw data (35): 00 03 ff 01 00|23
18:12:08:261    < BTP_CORE_CMD_REGISTER_SERVICE (0x00|0x03|0xff)
                  raw data (0): 00 03 ff 00 00|
18:12:08:272    > BTP_A2DP_CMD_READ_SUPPORTED_COMMANDS (0x23|0x01|0xff)
                  raw data (0): 23 01 ff 00 00|
18:12:08:338    < BTP_A2DP_CMD_READ_SUPPORTED_COMMANDS (0x23|0x01|0xff)
                  raw data (3): 23 01 ff 03 00|fe ff 01
18:12:08:339    > BTP_A2DP_CMD_REGISTER_ENDPOINT (0x23|0x04|0x00)
                  raw data (6): 23 04 00 06 00|00 01 00 00 00 00
18:12:08:396    < BTP_A2DP_CMD_REGISTER_ENDPOINT (0x23|0x04|0x00)
                  raw data (0): 23 04 00 00 00|
18:12:09:409    > BTP_GAP_CMD_UNPAIR (0x01|0x12|0x00)
                  raw data (7): 01 12 00 07 00|00 4e e4 08 dc 1b 00
18:12:09:457    < BTP_GAP_CMD_UNPAIR (0x01|0x12|0x00)
                  raw data (0): 01 12 00 00 00|
18:12:12:474    > BTP_GAP_CMD_CONNECT (0x01|0x0e|0x00)
                  raw data (8): 01 0e 00 08 00|e0 4e e4 08 dc 1b 00 00
18:12:12:540    < BTP_GAP_CMD_CONNECT (0x01|0x0e|0x00)
                  raw data (0): 01 0e 00 00 00|
18:12:15:570    < BTP_GAP_EV_DEVICE_CONNECTED (0x01|0x82|0x00)
                  raw data (13): 
                  01 82 00 0d 00|e0 4e e4 08 dc 1b 00 00 00 00 00 
                  00 00
18:12:16:664    > BTP_A2DP_CMD_CONNECT (0x23|0x02|0x00)
                  raw data (7): 23 02 00 07 00|e0 4e e4 08 dc 1b 00
18:12:16:701    < BTP_A2DP_CMD_CONNECT (0x23|0x02|0x00)
                  raw data (0): 23 02 00 00 00|
18:12:17:325    < BTP_GAP_EV_ENCRYPTION_CHANGE (0x01|0x91|0x00)
                  raw data (9): 01 91 00 09 00|e0 4e e4 08 dc 1b 00 01 10
18:12:17:326    < BTP_GAP_EV_SEC_LEVEL_CHANGED (0x01|0x89|0x00)
                  raw data (8): 01 89 00 08 00|e0 4e e4 08 dc 1b 00 02
18:12:17:346    < BTP_A2DP_EV_CONNECTED (0x23|0x80|0x00)
                  raw data (8): 23 80 00 08 00|e0 4e e4 08 dc 1b 00 00
18:12:18:349    < BTP_A2DP_EV_DISCONNECTED (0x23|0x81|0x00)
                  raw data (7): 23 81 00 07 00|e0 4e e4 08 dc 1b 00
18:12:18:361    < BTP_GAP_EV_DEVICE_DISCONNECTED (0x01|0x83|0x00)
                  raw data (7): 01 83 00 07 00|e0 4e e4 08 dc 1b 00
18:12:21:928    < BTP_CORE_EV_IUT_READY (0x00|0x80|0xff)
                  raw data (0): 00 80 ff 00 00|
