2026-09-23 19:58:58,471 LT1-thread root DEBUG client.py                 1099  _run_test_case            : Starting TestCase _run_test_case AVDTP AVDTP/SNK/INT/SIG/SMG/BV-15-C
2026-09-23 19:58:58,471 LT1-thread root DEBUG testcase.py               727   pre_run                   : pre_run AVDTP AVDTP/SNK/INT/SIG/SMG/BV-15-C
2026-09-23 19:58:58,471 LT1-thread root DEBUG testcase.py               729   pre_run                   : About to run test case AVDTP AVDTP/SNK/INT/SIG/SMG/BV-15-C with commands:
2026-09-23 19:58:58,471 LT1-thread root DEBUG testcase.py               731   pre_run                   : 0) class=<class 'autopts.ptsprojects.testcase.TestFunc'>, func=<bound method ZTestCase._test_case_start of <autopts.ptsprojects.zephyr.ztestcase.ZTestCase object at 0x000001E0BD9B6E40>> start_wid=None stop_wid=None post_wid=None skip_call=None call_count=0 args=() kwds={}
2026-09-23 19:58:58,472 LT1-thread root DEBUG testcase.py               731   pre_run                   : 1) class=<class 'autopts.ptsprojects.testcase.TestFunc'>, func=<function test_cases.<locals>.<lambda> at 0x000001E0BD937420> start_wid=None stop_wid=None post_wid=None skip_call=None call_count=48 args=() kwds={}
2026-09-23 19:58:58,472 LT1-thread root DEBUG testcase.py               731   pre_run                   : 2) class=<class 'autopts.ptsprojects.testcase.TestFunc'>, func=<function core_reg_svc_gap at 0x000001E0BA25E160> start_wid=None stop_wid=None post_wid=None skip_call=None call_count=48 args=() kwds={}
2026-09-23 19:58:58,472 LT1-thread root DEBUG testcase.py               731   pre_run                   : 3) class=<class 'autopts.ptsprojects.testcase.TestFunc'>, func=<bound method Stack.gap_init of <autopts.ptsprojects.stack.stack.Stack object at 0x000001E0B9424A70>> start_wid=None stop_wid=None post_wid=None skip_call=None call_count=48 args=(b'Tester_08E44E',) kwds={}
2026-09-23 19:58:58,472 LT1-thread root DEBUG testcase.py               731   pre_run                   : 4) class=<class 'autopts.ptsprojects.testcase.TestFunc'>, func=<function gap_read_controller_info at 0x000001E0BA29EB60> start_wid=None stop_wid=None post_wid=None skip_call=None call_count=48 args=() kwds={}
2026-09-23 19:58:58,472 LT1-thread root DEBUG testcase.py               731   pre_run                   : 5) class=<class 'autopts.ptsprojects.testcase.TestFunc'>, func=<function test_cases.<locals>.<lambda> at 0x000001E0BD936C00> start_wid=None stop_wid=None post_wid=None skip_call=None call_count=48 args=() kwds={}
2026-09-23 19:58:58,472 LT1-thread root DEBUG testcase.py               731   pre_run                   : 6) class=<class 'autopts.ptsprojects.testcase.TestFunc'>, func=<function set_pts_addr at 0x000001E0BA25DD00> start_wid=None stop_wid=None post_wid=None skip_call=None call_count=48 args=('00:1B:DC:08:E4:4E', 0) kwds={}
2026-09-23 19:58:58,472 LT1-thread root DEBUG testcase.py               731   pre_run                   : 7) class=<class 'autopts.ptsprojects.testcase.TestFunc'>, func=<function core_reg_svc_gatt at 0x000001E0BA25E2A0> start_wid=None stop_wid=None post_wid=None skip_call=None call_count=48 args=() kwds={}
2026-09-23 19:58:58,472 LT1-thread root DEBUG testcase.py               731   pre_run                   : 8) class=<class 'autopts.ptsprojects.testcase.TestFunc'>, func=<bound method Stack.gatt_init of <autopts.ptsprojects.stack.stack.Stack object at 0x000001E0B9424A70>> start_wid=None stop_wid=None post_wid=None skip_call=None call_count=48 args=() kwds={}
2026-09-23 19:58:58,472 LT1-thread root DEBUG testcase.py               731   pre_run                   : 9) class=<class 'autopts.ptsprojects.testcase.TestFunc'>, func=<function core_reg_svc_avdtp at 0x000001E0BA25FA60> start_wid=None stop_wid=None post_wid=None skip_call=None call_count=48 args=() kwds={}
2026-09-23 19:58:58,472 LT1-thread root DEBUG testcase.py               731   pre_run                   : 10) class=<class 'autopts.ptsprojects.testcase.TestFunc'>, func=<bound method Stack.avdtp_init of <autopts.ptsprojects.stack.stack.Stack object at 0x000001E0B9424A70>> start_wid=None stop_wid=None post_wid=None skip_call=None call_count=48 args=() kwds={}
2026-09-23 19:58:58,472 LT1-thread root DEBUG testcase.py               731   pre_run                   : 11) class=<class 'autopts.ptsprojects.testcase.TestFunc'>, func=<function core_reg_svc_a2dp at 0x000001E0BA25F9C0> start_wid=None stop_wid=None post_wid=None skip_call=None call_count=48 args=() kwds={}
2026-09-23 19:58:58,472 LT1-thread root DEBUG testcase.py               731   pre_run                   : 12) class=<class 'autopts.ptsprojects.testcase.TestFunc'>, func=<bound method Stack.a2dp_init of <autopts.ptsprojects.stack.stack.Stack object at 0x000001E0B9424A70>> start_wid=None stop_wid=None post_wid=None skip_call=None call_count=48 args=() kwds={}
2026-09-23 19:58:58,472 LT1-thread root DEBUG testcase.py               731   pre_run                   : 13) class=<class 'autopts.ptsprojects.testcase.TestFunc'>, func=<function a2dp_register_endpoint at 0x000001E0BA264400> start_wid=None stop_wid=None post_wid=None skip_call=None call_count=0 args=(0, 1, 0, 0, None) kwds={}
2026-09-23 19:58:58,473 LT1-thread root DEBUG testcase.py               731   pre_run                   : 14) class=<class 'autopts.ptsprojects.testcase.TestFuncCleanUp'>, func=<bound method ZTestCase._test_case_cleanup of <autopts.ptsprojects.zephyr.ztestcase.ZTestCase object at 0x000001E0BD9B6E40>> start_wid=None stop_wid=None post_wid=None skip_call=None call_count=0 args=() kwds={}
2026-09-23 19:58:58,473 LT1-thread root DEBUG testcase.py               738   pre_run                   : pre_run, run pre test case script
2026-09-23 19:58:58,480 LT1-thread root DEBUG testcase.py               254   start                     : Starting test function: class=<class 'autopts.ptsprojects.testcase.TestFunc'>, func=<bound method ZTestCase._test_case_start of <autopts.ptsprojects.zephyr.ztestcase.ZTestCase object at 0x000001E0BD9B6E40>> start_wid=None stop_wid=None post_wid=None skip_call=None call_count=1 args=() kwds={}
2026-09-23 19:58:58,480 LT1-thread root DEBUG testcase.py               266   start                     : Test function parameters: args=(), kwds={}
2026-09-23 19:58:58,480 LT1-thread root DEBUG iutctl.py                 172   start                     : <class 'autopts.ptsprojects.zephyr.iutctl.create_zephyr_ctl_class.<locals>.ZephyrCtl'>.start
2026-09-23 19:58:58,480 LT1-thread root DEBUG iutctl.py                 325   flush_serial              : <class 'autopts.ptsprojects.zephyr.iutctl.create_zephyr_ctl_class.<locals>.ZephyrCtl'>.flush_serial
2026-09-23 19:58:59,672 LT1-thread root DEBUG iutctl.py                 249   _start_tty_mode           : Starting socat process: socat.exe -x -v tcp:10.17.12.9:59145,retry=100,interval=1 /dev/ttyS2,raw,b115200,
2026-09-23 19:58:59,680 LT1-thread root DEBUG iutctl_common.py          402   accept                    : 
2026-09-23 19:58:59,761 BTPWorkerThread-2583 (_rx_task) root DEBUG iutctl_common.py          299   _rx_task                  : BTPWorkerThread-2583 (_rx_task) started
2026-09-23 19:58:59,762 LT1-thread root DEBUG iutctl.py                 395   wait_iut_ready_event      : IUT ready event received OK
2026-09-23 19:58:59,762 LT1-thread root DEBUG btp.py                    51    read_supp_svcs            : 
2026-09-23 19:58:59,763 LT1-thread root DEBUG iutctl_common.py          161   send                      : 0 2 255 ''
2026-09-23 19:58:59,763 LT1-thread root DEBUG iutctl_common.py          166   send                      : sending frame '0002ff0000'
2026-09-23 19:58:59,763 LT1-thread root DEBUG iutctl_common.py          339   read                      : 
2026-09-23 19:58:59,779 BTPWorkerThread-2583 (_rx_task) root DEBUG iutctl_common.py          123   read                      : Read 5 bytes
2026-09-23 19:58:59,791 BTPWorkerThread-2583 (_rx_task) root DEBUG iutctl_common.py          131   read                      : Received: hdr: Header(svc_id=0x00, op=0x02, ctrl_index=0xff, data_len=0x06) bytearray(b'\x00\x02\xff\x06\x00')
2026-09-23 19:58:59,802 BTPWorkerThread-2583 (_rx_task) root DEBUG iutctl_common.py          139   read                      : Read 6 bytes data
2026-09-23 19:58:59,813 BTPWorkerThread-2583 (_rx_task) root DEBUG iutctl_common.py          154   read                      : Received data: {'0f 00 00 a0 ff 03'}, bytearray(b'\x0f\x00\x00\xa0\xff\x03')
2026-09-23 19:58:59,824 LT1-thread root DEBUG btp.py                    62    read_supp_svcs            : received Header(svc_id=0, op=2, ctrl_index=255, data_len=6) (b'\x0f\x00\x00\xa0\xff\x03',)
2026-09-23 19:58:59,824 LT1-thread root DEBUG testcase.py               254   start                     : Starting test function: class=<class 'autopts.ptsprojects.testcase.TestFunc'>, func=<function test_cases.<locals>.<lambda> at 0x000001E0BD937420> start_wid=None stop_wid=None post_wid=None skip_call=None call_count=49 args=() kwds={}
2026-09-23 19:58:59,824 LT1-thread root DEBUG testcase.py               266   start                     : Test function parameters: args=(), kwds={}
2026-09-23 19:58:59,827 LT1-thread root DEBUG testcase.py               254   start                     : Starting test function: class=<class 'autopts.ptsprojects.testcase.TestFunc'>, func=<function core_reg_svc_gap at 0x000001E0BA25E160> start_wid=None stop_wid=None post_wid=None skip_call=None call_count=49 args=() kwds={}
2026-09-23 19:58:59,827 LT1-thread root DEBUG testcase.py               266   start                     : Test function parameters: args=(), kwds={}
2026-09-23 19:58:59,828 LT1-thread root DEBUG btp.py                    117   core_reg_svc_univ         : core_reg_svc_univ: gap_reg (GAP)
2026-09-23 19:58:59,828 LT1-thread root DEBUG iutctl_common.py          161   send                      : 0 3 255 '1'
2026-09-23 19:58:59,828 LT1-thread root DEBUG iutctl_common.py          166   send                      : sending frame '0003ff010001'
2026-09-23 19:58:59,828 LT1-thread root DEBUG btp.py                    654   core_reg_svc_rsp_succ     : 
2026-09-23 19:58:59,828 LT1-thread root DEBUG iutctl_common.py          339   read                      : 
2026-09-23 19:59:03,931 BTPWorkerThread-2583 (_rx_task) root DEBUG iutctl_common.py          123   read                      : Read 5 bytes
2026-09-23 19:59:03,942 BTPWorkerThread-2583 (_rx_task) root DEBUG iutctl_common.py          131   read                      : Received: hdr: Header(svc_id=0x00, op=0x03, ctrl_index=0xff, data_len=0x00) bytearray(b'\x00\x03\xff\x00\x00')
2026-09-23 19:59:03,948 BTPWorkerThread-2583 (_rx_task) root DEBUG iutctl_common.py          154   read                      : Received data: {''}, bytearray(b'')
2026-09-23 19:59:03,959 LT1-thread root DEBUG btp.py                    665   core_reg_svc_rsp_succ     : received Header(svc_id=0, op=3, ctrl_index=255, data_len=0) (b'',)
2026-09-23 19:59:03,959 LT1-thread root DEBUG btp.py                    666   core_reg_svc_rsp_succ     : expected ((0, 3, 255, 0), (b'',))
2026-09-23 19:59:03,959 LT1-thread root DEBUG btp.py                    671   core_reg_svc_rsp_succ     : response is valid
2026-09-23 19:59:03,959 LT1-thread root DEBUG btp.py                    674   core_reg_svc_rsp_succ     : Reading supported commands for service: GAP
2026-09-23 19:59:03,959 LT1-thread root DEBUG iutctl_common.py          161   send                      : 1 1 255 ''
2026-09-23 19:59:03,959 LT1-thread root DEBUG iutctl_common.py          166   send                      : sending frame '0101ff0000'
2026-09-23 19:59:03,959 LT1-thread root DEBUG iutctl_common.py          339   read                      : 
2026-09-23 19:59:03,997 BTPWorkerThread-2583 (_rx_task) root DEBUG iutctl_common.py          123   read                      : Read 5 bytes
2026-09-23 19:59:04,008 BTPWorkerThread-2583 (_rx_task) root DEBUG iutctl_common.py          131   read                      : Received: hdr: Header(svc_id=0x01, op=0x01, ctrl_index=0xff, data_len=0x07) bytearray(b'\x01\x01\xff\x07\x00')
2026-09-23 19:59:04,008 BTPWorkerThread-2583 (_rx_task) root DEBUG iutctl_common.py          139   read                      : Read 7 bytes data
2026-09-23 19:59:04,014 BTPWorkerThread-2583 (_rx_task) root DEBUG iutctl_common.py          154   read                      : Received data: {'6e ff 7f 1f fe ff 2e'}, bytearray(b'n\xff\x7f\x1f\xfe\xff.')
2026-09-23 19:59:04,026 LT1-thread root DEBUG testcase.py               254   start                     : Starting test function: class=<class 'autopts.ptsprojects.testcase.TestFunc'>, func=<bound method Stack.gap_init of <autopts.ptsprojects.stack.stack.Stack object at 0x000001E0B9424A70>> start_wid=None stop_wid=None post_wid=None skip_call=None call_count=49 args=(b'Tester_08E44E',) kwds={}
2026-09-23 19:59:04,026 LT1-thread root DEBUG testcase.py               266   start                     : Test function parameters: args=(b'Tester_08E44E',), kwds={}
2026-09-23 19:59:04,026 LT1-thread root DEBUG testcase.py               254   start                     : Starting test function: class=<class 'autopts.ptsprojects.testcase.TestFunc'>, func=<function gap_read_controller_info at 0x000001E0BA29EB60> start_wid=None stop_wid=None post_wid=None skip_call=None call_count=49 args=() kwds={}
2026-09-23 19:59:04,026 LT1-thread root DEBUG testcase.py               266   start                     : Test function parameters: args=(), kwds={}
2026-09-23 19:59:04,026 LT1-thread root DEBUG gap.py                    1163  gap_read_controller_info  : 
2026-09-23 19:59:04,027 LT1-thread root DEBUG iutctl_common.py          161   send                      : 1 3 0 ''
2026-09-23 19:59:04,027 LT1-thread root DEBUG iutctl_common.py          166   send                      : sending frame '0103000000'
2026-09-23 19:59:04,027 LT1-thread root DEBUG iutctl_common.py          339   read                      : 
2026-09-23 19:59:04,062 BTPWorkerThread-2583 (_rx_task) root DEBUG iutctl_common.py          123   read                      : Read 5 bytes
2026-09-23 19:59:04,074 BTPWorkerThread-2583 (_rx_task) root DEBUG iutctl_common.py          131   read                      : Received: hdr: Header(svc_id=0x01, op=0x03, ctrl_index=0x00, data_len=0x115) bytearray(b'\x01\x03\x00\x15\x01')
2026-09-23 19:59:04,096 BTPWorkerThread-2583 (_rx_task) root DEBUG iutctl_common.py          139   read                      : Read 277 bytes data
2026-09-23 19:59:04,107 BTPWorkerThread-2583 (_rx_task) root DEBUG iutctl_common.py          154   read                      : Received data: {'19 78 ee 69 17 d0 d3 06 02 00 13 02 00 00 00 00 00 62 74 70 5f 74 65 73 74 65 72 00 00 00 00 00 00 00 00 00 00 00 00 00 00 00 00 00 00 00 00 00 00 00 00 00 00 00 00 00 00 00 00 00 00 00 00 00 00 00 00 00 00 00 00 00 00 00 00 00 00 00 00 00 00 00 00 00 00 00 00 00 00 00 00 00 00 00 00 00 00 00 00 00 00 00 00 00 00 00 00 00 00 00 00 00 00 00 00 00 00 00 00 00 00 00 00 00 00 00 00 00 00 00 00 00 00 00 00 00 00 00 00 00 00 00 00 00 00 00 00 00 00 00 00 00 00 00 00 00 00 00 00 00 00 00 00 00 00 00 00 00 00 00 00 00 00 00 00 00 00 00 00 00 00 00 00 00 00 00 00 00 00 00 00 00 00 00 00 00 00 00 00 00 00 00 00 00 00 00 00 00 00 00 00 00 00 00 00 00 00 00 00 00 00 00 00 00 00 00 00 00 00 00 00 00 00 00 00 00 00 00 00 00 00 00 00 00 00 00 00 00 00 00 00 00 00 00 00 00 00 00 00 00 00 00 00 00 00 00 00 00 00 00 00 00 00 00 00 00 00'}, bytearray(b'\x19x\xeei\x17\xd0\xd3\x06\x02\x00\x13\x02\x00\x00\x00\x00\x00btp_tester\x00\x00\x00\x00\x00\x00\x00\x00\x00\x00\x00\x00\x00\x00\x00\x00\x00\x00\x00\x00\x00\x00\x00\x00\x00\x00\x00\x00\x00\x00\x00\x00\x00\x00\x00\x00\x00\x00\x00\x00\x00\x00\x00\x00\x00\x00\x00\x00\x00\x00\x00\x00\x00\x00\x00\x00\x00\x00\x00\x00\x00\x00\x00\x00\x00\x00\x00\x00\x00\x00\x00\x00\x00\x00\x00\x00\x00\x00\x00\x00\x00\x00\x00\x00\x00\x00\x00\x00\x00\x00\x00\x00\x00\x00\x00\x00\x00\x00\x00\x00\x00\x00\x00\x00\x00\x00\x00\x00\x00\x00\x00\x00\x00\x00\x00\x00\x00\x00\x00\x00\x00\x00\x00\x00\x00\x00\x00\x00\x00\x00\x00\x00\x00\x00\x00\x00\x00\x00\x00\x00\x00\x00\x00\x00\x00\x00\x00\x00\x00\x00\x00\x00\x00\x00\x00\x00\x00\x00\x00\x00\x00\x00\x00\x00\x00\x00\x00\x00\x00\x00\x00\x00\x00\x00\x00\x00\x00\x00\x00\x00\x00\x00\x00\x00\x00\x00\x00\x00\x00\x00\x00\x00\x00\x00\x00\x00\x00\x00\x00\x00\x00\x00\x00\x00\x00\x00\x00\x00\x00\x00\x00\x00\x00\x00\x00\x00\x00\x00\x00\x00\x00\x00\x00\x00\x00\x00\x00\x00\x00\x00\x00\x00\x00\x00\x00\x00\x00\x00\x00\x00\x00\x00\x00\x00\x00\x00\x00\x00\x00\x00')
2026-09-23 19:59:04,112 LT1-thread root DEBUG gap.py                    1170  gap_read_controller_info  : received Header(svc_id=1, op=3, ctrl_index=0, data_len=277) (b'\x19x\xeei\x17\xd0\xd3\x06\x02\x00\x13\x02\x00\x00\x00\x00\x00btp_tester\x00\x00\x00\x00\x00\x00\x00\x00\x00\x00\x00\x00\x00\x00\x00\x00\x00\x00\x00\x00\x00\x00\x00\x00\x00\x00\x00\x00\x00\x00\x00\x00\x00\x00\x00\x00\x00\x00\x00\x00\x00\x00\x00\x00\x00\x00\x00\x00\x00\x00\x00\x00\x00\x00\x00\x00\x00\x00\x00\x00\x00\x00\x00\x00\x00\x00\x00\x00\x00\x00\x00\x00\x00\x00\x00\x00\x00\x00\x00\x00\x00\x00\x00\x00\x00\x00\x00\x00\x00\x00\x00\x00\x00\x00\x00\x00\x00\x00\x00\x00\x00\x00\x00\x00\x00\x00\x00\x00\x00\x00\x00\x00\x00\x00\x00\x00\x00\x00\x00\x00\x00\x00\x00\x00\x00\x00\x00\x00\x00\x00\x00\x00\x00\x00\x00\x00\x00\x00\x00\x00\x00\x00\x00\x00\x00\x00\x00\x00\x00\x00\x00\x00\x00\x00\x00\x00\x00\x00\x00\x00\x00\x00\x00\x00\x00\x00\x00\x00\x00\x00\x00\x00\x00\x00\x00\x00\x00\x00\x00\x00\x00\x00\x00\x00\x00\x00\x00\x00\x00\x00\x00\x00\x00\x00\x00\x00\x00\x00\x00\x00\x00\x00\x00\x00\x00\x00\x00\x00\x00\x00\x00\x00\x00\x00\x00\x00\x00\x00\x00\x00\x00\x00\x00\x00\x00\x00\x00\x00\x00\x00\x00\x00\x00\x00\x00\x00\x00\x00\x00\x00\x00\x00\x00\x00\x00\x00\x00\x00\x00\x00',)
2026-09-23 19:59:04,112 LT1-thread root DEBUG gap.py                    1191  gap_read_controller_info  : IUT address 'd01769ee7819' 'public'
2026-09-23 19:59:04,112 LT1-thread root DEBUG gap.py                    596   __gap_current_settings_update : 531
2026-09-23 19:59:04,112 LT1-thread root DEBUG testcase.py               254   start                     : Starting test function: class=<class 'autopts.ptsprojects.testcase.TestFunc'>, func=<function test_cases.<locals>.<lambda> at 0x000001E0BD936C00> start_wid=None stop_wid=None post_wid=None skip_call=None call_count=49 args=() kwds={}
2026-09-23 19:59:04,113 LT1-thread root DEBUG testcase.py               266   start                     : Test function parameters: args=(), kwds={}
2026-09-23 19:59:04,115 LT1-thread root DEBUG testcase.py               254   start                     : Starting test function: class=<class 'autopts.ptsprojects.testcase.TestFunc'>, func=<function set_pts_addr at 0x000001E0BA25DD00> start_wid=None stop_wid=None post_wid=None skip_call=None call_count=49 args=('00:1B:DC:08:E4:4E', 0) kwds={}
2026-09-23 19:59:04,116 LT1-thread root DEBUG testcase.py               266   start                     : Test function parameters: args=('00:1B:DC:08:E4:4E', 0), kwds={}
2026-09-23 19:59:04,116 LT1-thread root DEBUG testcase.py               254   start                     : Starting test function: class=<class 'autopts.ptsprojects.testcase.TestFunc'>, func=<function core_reg_svc_gatt at 0x000001E0BA25E2A0> start_wid=None stop_wid=None post_wid=None skip_call=None call_count=49 args=() kwds={}
2026-09-23 19:59:04,116 LT1-thread root DEBUG testcase.py               266   start                     : Test function parameters: args=(), kwds={}
2026-09-23 19:59:04,116 LT1-thread root DEBUG btp.py                    117   core_reg_svc_univ         : core_reg_svc_univ: gatt_reg (GATT)
2026-09-23 19:59:04,116 LT1-thread root DEBUG iutctl_common.py          161   send                      : 0 3 255 '2'
2026-09-23 19:59:04,116 LT1-thread root DEBUG iutctl_common.py          166   send                      : sending frame '0003ff010002'
2026-09-23 19:59:04,117 LT1-thread root DEBUG btp.py                    654   core_reg_svc_rsp_succ     : 
2026-09-23 19:59:04,117 LT1-thread root DEBUG iutctl_common.py          339   read                      : 
2026-09-23 19:59:04,150 BTPWorkerThread-2583 (_rx_task) root DEBUG iutctl_common.py          123   read                      : Read 5 bytes
2026-09-23 19:59:04,161 BTPWorkerThread-2583 (_rx_task) root DEBUG iutctl_common.py          131   read                      : Received: hdr: Header(svc_id=0x00, op=0x03, ctrl_index=0xff, data_len=0x00) bytearray(b'\x00\x03\xff\x00\x00')
2026-09-23 19:59:04,161 BTPWorkerThread-2583 (_rx_task) root DEBUG iutctl_common.py          154   read                      : Received data: {''}, bytearray(b'')
2026-09-23 19:59:04,172 LT1-thread root DEBUG btp.py                    665   core_reg_svc_rsp_succ     : received Header(svc_id=0, op=3, ctrl_index=255, data_len=0) (b'',)
2026-09-23 19:59:04,172 LT1-thread root DEBUG btp.py                    666   core_reg_svc_rsp_succ     : expected ((0, 3, 255, 0), (b'',))
2026-09-23 19:59:04,172 LT1-thread root DEBUG btp.py                    671   core_reg_svc_rsp_succ     : response is valid
2026-09-23 19:59:04,172 LT1-thread root DEBUG btp.py                    674   core_reg_svc_rsp_succ     : Reading supported commands for service: GATT
2026-09-23 19:59:04,172 LT1-thread root DEBUG iutctl_common.py          161   send                      : 2 1 255 ''
2026-09-23 19:59:04,172 LT1-thread root DEBUG iutctl_common.py          166   send                      : sending frame '0201ff0000'
2026-09-23 19:59:04,173 LT1-thread root DEBUG iutctl_common.py          339   read                      : 
2026-09-23 19:59:04,210 BTPWorkerThread-2583 (_rx_task) root DEBUG iutctl_common.py          123   read                      : Read 5 bytes
2026-09-23 19:59:04,220 BTPWorkerThread-2583 (_rx_task) root DEBUG iutctl_common.py          131   read                      : Received: hdr: Header(svc_id=0x02, op=0x01, ctrl_index=0xff, data_len=0x05) bytearray(b'\x02\x01\xff\x05\x00')
2026-09-23 19:59:04,231 BTPWorkerThread-2583 (_rx_task) root DEBUG iutctl_common.py          139   read                      : Read 5 bytes data
2026-09-23 19:59:04,242 BTPWorkerThread-2583 (_rx_task) root DEBUG iutctl_common.py          154   read                      : Received data: {'fe fe bf fd 0f'}, bytearray(b'\xfe\xfe\xbf\xfd\x0f')
2026-09-23 19:59:04,254 LT1-thread root DEBUG testcase.py               254   start                     : Starting test function: class=<class 'autopts.ptsprojects.testcase.TestFunc'>, func=<bound method Stack.gatt_init of <autopts.ptsprojects.stack.stack.Stack object at 0x000001E0B9424A70>> start_wid=None stop_wid=None post_wid=None skip_call=None call_count=49 args=() kwds={}
2026-09-23 19:59:04,254 LT1-thread root DEBUG testcase.py               266   start                     : Test function parameters: args=(), kwds={}
2026-09-23 19:59:04,254 LT1-thread root DEBUG testcase.py               254   start                     : Starting test function: class=<class 'autopts.ptsprojects.testcase.TestFunc'>, func=<function core_reg_svc_avdtp at 0x000001E0BA25FA60> start_wid=None stop_wid=None post_wid=None skip_call=None call_count=49 args=() kwds={}
2026-09-23 19:59:04,254 LT1-thread root DEBUG testcase.py               266   start                     : Test function parameters: args=(), kwds={}
2026-09-23 19:59:04,254 LT1-thread root DEBUG btp.py                    117   core_reg_svc_univ         : core_reg_svc_univ: avdtp_reg (AVDTP)
2026-09-23 19:59:04,254 LT1-thread root DEBUG iutctl_common.py          161   send                      : 0 3 255 '36'
2026-09-23 19:59:04,255 LT1-thread root DEBUG iutctl_common.py          166   send                      : sending frame '0003ff010024'
2026-09-23 19:59:04,255 LT1-thread root DEBUG btp.py                    654   core_reg_svc_rsp_succ     : 
2026-09-23 19:59:04,255 LT1-thread root DEBUG iutctl_common.py          339   read                      : 
2026-09-23 19:59:04,299 BTPWorkerThread-2583 (_rx_task) root DEBUG iutctl_common.py          123   read                      : Read 5 bytes
2026-09-23 19:59:04,310 BTPWorkerThread-2583 (_rx_task) root DEBUG iutctl_common.py          131   read                      : Received: hdr: Header(svc_id=0x00, op=0x03, ctrl_index=0xff, data_len=0x00) bytearray(b'\x00\x03\xff\x00\x00')
2026-09-23 19:59:04,321 BTPWorkerThread-2583 (_rx_task) root DEBUG iutctl_common.py          154   read                      : Received data: {''}, bytearray(b'')
2026-09-23 19:59:04,327 LT1-thread root DEBUG btp.py                    665   core_reg_svc_rsp_succ     : received Header(svc_id=0, op=3, ctrl_index=255, data_len=0) (b'',)
2026-09-23 19:59:04,327 LT1-thread root DEBUG btp.py                    666   core_reg_svc_rsp_succ     : expected ((0, 3, 255, 0), (b'',))
2026-09-23 19:59:04,327 LT1-thread root DEBUG btp.py                    671   core_reg_svc_rsp_succ     : response is valid
2026-09-23 19:59:04,327 LT1-thread root DEBUG btp.py                    674   core_reg_svc_rsp_succ     : Reading supported commands for service: AVDTP
2026-09-23 19:59:04,327 LT1-thread root DEBUG iutctl_common.py          161   send                      : 36 1 255 ''
2026-09-23 19:59:04,327 LT1-thread root DEBUG iutctl_common.py          166   send                      : sending frame '2401ff0000'
2026-09-23 19:59:04,328 LT1-thread root DEBUG iutctl_common.py          339   read                      : 
2026-09-23 19:59:04,359 BTPWorkerThread-2583 (_rx_task) root DEBUG iutctl_common.py          123   read                      : Read 5 bytes
2026-09-23 19:59:04,370 BTPWorkerThread-2583 (_rx_task) root DEBUG iutctl_common.py          131   read                      : Received: hdr: Header(svc_id=0x24, op=0x01, ctrl_index=0xff, data_len=0x01) bytearray(b'$\x01\xff\x01\x00')
2026-09-23 19:59:04,382 BTPWorkerThread-2583 (_rx_task) root DEBUG iutctl_common.py          139   read                      : Read 1 bytes data
2026-09-23 19:59:04,387 BTPWorkerThread-2583 (_rx_task) root DEBUG iutctl_common.py          154   read                      : Received data: {'02'}, bytearray(b'\x02')
2026-09-23 19:59:04,387 LT1-thread root DEBUG testcase.py               254   start                     : Starting test function: class=<class 'autopts.ptsprojects.testcase.TestFunc'>, func=<bound method Stack.avdtp_init of <autopts.ptsprojects.stack.stack.Stack object at 0x000001E0B9424A70>> start_wid=None stop_wid=None post_wid=None skip_call=None call_count=49 args=() kwds={}
2026-09-23 19:59:04,387 LT1-thread root DEBUG testcase.py               266   start                     : Test function parameters: args=(), kwds={}
2026-09-23 19:59:04,388 LT1-thread root DEBUG testcase.py               254   start                     : Starting test function: class=<class 'autopts.ptsprojects.testcase.TestFunc'>, func=<function core_reg_svc_a2dp at 0x000001E0BA25F9C0> start_wid=None stop_wid=None post_wid=None skip_call=None call_count=49 args=() kwds={}
2026-09-23 19:59:04,388 LT1-thread root DEBUG testcase.py               266   start                     : Test function parameters: args=(), kwds={}
2026-09-23 19:59:04,388 LT1-thread root DEBUG btp.py                    117   core_reg_svc_univ         : core_reg_svc_univ: a2dp_reg (A2DP)
2026-09-23 19:59:04,388 LT1-thread root DEBUG iutctl_common.py          161   send                      : 0 3 255 '35'
2026-09-23 19:59:04,388 LT1-thread root DEBUG iutctl_common.py          166   send                      : sending frame '0003ff010023'
2026-09-23 19:59:04,388 LT1-thread root DEBUG btp.py                    654   core_reg_svc_rsp_succ     : 
2026-09-23 19:59:04,388 LT1-thread root DEBUG iutctl_common.py          339   read                      : 
2026-09-23 19:59:04,431 BTPWorkerThread-2583 (_rx_task) root DEBUG iutctl_common.py          123   read                      : Read 5 bytes
2026-09-23 19:59:04,442 BTPWorkerThread-2583 (_rx_task) root DEBUG iutctl_common.py          131   read                      : Received: hdr: Header(svc_id=0x00, op=0x03, ctrl_index=0xff, data_len=0x00) bytearray(b'\x00\x03\xff\x00\x00')
2026-09-23 19:59:04,453 BTPWorkerThread-2583 (_rx_task) root DEBUG iutctl_common.py          154   read                      : Received data: {''}, bytearray(b'')
2026-09-23 19:59:04,471 LT1-thread root DEBUG btp.py                    665   core_reg_svc_rsp_succ     : received Header(svc_id=0, op=3, ctrl_index=255, data_len=0) (b'',)
2026-09-23 19:59:04,471 LT1-thread root DEBUG btp.py                    666   core_reg_svc_rsp_succ     : expected ((0, 3, 255, 0), (b'',))
2026-09-23 19:59:04,471 LT1-thread root DEBUG btp.py                    671   core_reg_svc_rsp_succ     : response is valid
2026-09-23 19:59:04,471 LT1-thread root DEBUG btp.py                    674   core_reg_svc_rsp_succ     : Reading supported commands for service: A2DP
2026-09-23 19:59:04,471 LT1-thread root DEBUG iutctl_common.py          161   send                      : 35 1 255 ''
2026-09-23 19:59:04,471 LT1-thread root DEBUG iutctl_common.py          166   send                      : sending frame '2301ff0000'
2026-09-23 19:59:04,472 LT1-thread root DEBUG iutctl_common.py          339   read                      : 
2026-09-23 19:59:04,502 BTPWorkerThread-2583 (_rx_task) root DEBUG iutctl_common.py          123   read                      : Read 5 bytes
2026-09-23 19:59:04,513 BTPWorkerThread-2583 (_rx_task) root DEBUG iutctl_common.py          131   read                      : Received: hdr: Header(svc_id=0x23, op=0x01, ctrl_index=0xff, data_len=0x03) bytearray(b'#\x01\xff\x03\x00')
2026-09-23 19:59:04,530 BTPWorkerThread-2583 (_rx_task) root DEBUG iutctl_common.py          139   read                      : Read 3 bytes data
2026-09-23 19:59:04,536 BTPWorkerThread-2583 (_rx_task) root DEBUG iutctl_common.py          154   read                      : Received data: {'fe ff 01'}, bytearray(b'\xfe\xff\x01')
2026-09-23 19:59:04,552 LT1-thread root DEBUG testcase.py               254   start                     : Starting test function: class=<class 'autopts.ptsprojects.testcase.TestFunc'>, func=<bound method Stack.a2dp_init of <autopts.ptsprojects.stack.stack.Stack object at 0x000001E0B9424A70>> start_wid=None stop_wid=None post_wid=None skip_call=None call_count=49 args=() kwds={}
2026-09-23 19:59:04,552 LT1-thread root DEBUG testcase.py               266   start                     : Test function parameters: args=(), kwds={}
2026-09-23 19:59:04,552 LT1-thread root DEBUG testcase.py               254   start                     : Starting test function: class=<class 'autopts.ptsprojects.testcase.TestFunc'>, func=<function a2dp_register_endpoint at 0x000001E0BA264400> start_wid=None stop_wid=None post_wid=None skip_call=None call_count=1 args=(0, 1, 0, 0, None) kwds={}
2026-09-23 19:59:04,552 LT1-thread root DEBUG testcase.py               266   start                     : Test function parameters: args=(0, 1, 0, 0, None), kwds={}
2026-09-23 19:59:04,552 LT1-thread root DEBUG a2dp.py                   90    a2dp_register_endpoint    : a2dp_register_endpoint 0 1 0 0 None
2026-09-23 19:59:04,552 LT1-thread root DEBUG iutctl_common.py          161   send                      : 35 4 0 "bytearray(b'\\x00\\x01\\x00\\x00\\x00\\x00')"
2026-09-23 19:59:04,552 LT1-thread root DEBUG iutctl_common.py          166   send                      : sending frame '2304000600000100000000'
2026-09-23 19:59:04,553 LT1-thread root DEBUG iutctl_common.py          339   read                      : 
2026-09-23 19:59:04,588 BTPWorkerThread-2583 (_rx_task) root DEBUG iutctl_common.py          123   read                      : Read 5 bytes
2026-09-23 19:59:04,599 BTPWorkerThread-2583 (_rx_task) root DEBUG iutctl_common.py          131   read                      : Received: hdr: Header(svc_id=0x23, op=0x04, ctrl_index=0x00, data_len=0x00) bytearray(b'#\x04\x00\x00\x00')
2026-09-23 19:59:04,610 BTPWorkerThread-2583 (_rx_task) root DEBUG iutctl_common.py          154   read                      : Received data: {''}, bytearray(b'')
2026-09-23 19:59:04,617 LT1-thread root DEBUG client.py                 276   get_result                : ClientCallback.get_result run_test_case
2026-09-23 19:59:06,391 LT1-callback ClientCallback.on_implicit_send INFO client.py                 223   on_implicit_send          : 
    ********************
    BEGIN OnImplicitSend:
    project_name: AVDTP
    wid: 1047
    test_case_name: AVDTP/SNK/INT/SIG/SMG/BV-15-C
    description: Action: Place the IUT in connectable mode.

Description : PTS requires that the IUT be in connectable mode.The PTS will attempt to establish an ACL connection.
    style: MMI_Style_Ok_Cancel2 0x11141
2026-09-23 19:59:06,391 LT1-callback ClientCallback.on_implicit_send INFO client.py                 236   on_implicit_send          : Calling test cases on_implicit_send
2026-09-23 19:59:06,391 LT1-callback ClientCallback.on_implicit_send INFO client.py                 249   on_implicit_send          : 
    on_implicit_send returned response: WAIT
    END OnImplicitSend
    ********************
2026-09-23 19:59:06,619 LT1-thread root DEBUG testcase.py               679   run_wid                   : AVDTP AVDTP/SNK/INT/SIG/SMG/BV-15-C on_implicit_send
2026-09-23 19:59:06,619 LT1-thread root DEBUG avdtp_wid.py              25    avdtp_wid_hdl             : avdtp_wid_hdl, 1047, Action: Place the IUT in connectable mode.

Description : PTS requires that the IUT be in connectable mode.The PTS will attempt to establish an ACL connection., AVDTP/SNK/INT/SIG/SMG/BV-15-C
2026-09-23 19:59:06,619 LT1-thread root DEBUG gap.py                    984   gap_set_connectable       : 
2026-09-23 19:59:06,619 LT1-thread root DEBUG gap.py                    1035  gap_set_general_discoverable : 
2026-09-23 19:59:06,619 LT1-thread root DEBUG iutctl_common.py          161   send                      : 1 8 0 '1'
2026-09-23 19:59:06,619 LT1-thread root DEBUG iutctl_common.py          166   send                      : sending frame '010800010001'
2026-09-23 19:59:06,619 LT1-thread root DEBUG gap.py                    1229  gap_command_rsp_succ      : 
2026-09-23 19:59:06,620 LT1-thread root DEBUG iutctl_common.py          339   read                      : 
2026-09-23 19:59:06,679 BTPWorkerThread-2583 (_rx_task) root DEBUG iutctl_common.py          123   read                      : Read 5 bytes
2026-09-23 19:59:06,684 BTPWorkerThread-2583 (_rx_task) root DEBUG iutctl_common.py          131   read                      : Received: hdr: Header(svc_id=0x01, op=0x08, ctrl_index=0x00, data_len=0x04) bytearray(b'\x01\x08\x00\x04\x00')
2026-09-23 19:59:06,689 BTPWorkerThread-2583 (_rx_task) root DEBUG iutctl_common.py          139   read                      : Read 4 bytes data
2026-09-23 19:59:06,689 BTPWorkerThread-2583 (_rx_task) root DEBUG iutctl_common.py          154   read                      : Received data: {'1b 02 00 00'}, bytearray(b'\x1b\x02\x00\x00')
2026-09-23 19:59:06,695 LT1-thread root DEBUG gap.py                    1234  gap_command_rsp_succ      : received Header(svc_id=1, op=8, ctrl_index=0, data_len=4) (b'\x1b\x02\x00\x00',)
2026-09-23 19:59:06,695 LT1-thread root DEBUG gap.py                    596   __gap_current_settings_update : (b'\x1b\x02\x00\x00',)
2026-09-23 19:59:06,695 LT1-thread root DEBUG testcase.py               722   run_wid                   : Sending response 'OK' to wid 1047 test case AVDTP/SNK/INT/SIG/SMG/BV-15-C
2026-09-23 19:59:06,697 LT1-thread root DEBUG client.py                 276   get_result                : ClientCallback.get_result run_test_case
2026-09-23 19:59:09,349 LT1-callback ClientCallback.on_implicit_send INFO client.py                 223   on_implicit_send          : 
    ********************
    BEGIN OnImplicitSend:
    project_name: AVDTP
    wid: 1002
    test_case_name: AVDTP/SNK/INT/SIG/SMG/BV-15-C
    description: If necessary, take action to accept the AVDTP Signaling Channel Connection initiated by the tester.

Description: Make sure the IUT (Implementation Under Test) is in a state to accept incoming Bluetooth connections.  Some devices may need to be on a specific screen, like a Bluetooth settings screen, in order to pair with PTS.  If the IUT is still having problems pairing with PTS, try running a test case where the IUT connects to PTS to establish pairing.
    style: MMI_Style_Ok_Cancel2 0x11141
2026-09-23 19:59:09,349 LT1-callback ClientCallback.on_implicit_send INFO client.py                 236   on_implicit_send          : Calling test cases on_implicit_send
2026-09-23 19:59:09,349 LT1-callback ClientCallback.on_implicit_send INFO client.py                 249   on_implicit_send          : 
    on_implicit_send returned response: WAIT
    END OnImplicitSend
    ********************
2026-09-23 19:59:09,356 BTPWorkerThread-2583 (_rx_task) root DEBUG iutctl_common.py          123   read                      : Read 5 bytes
2026-09-23 19:59:09,356 BTPWorkerThread-2583 (_rx_task) root DEBUG iutctl_common.py          131   read                      : Received: hdr: Header(svc_id=0x01, op=0x82, ctrl_index=0x00, data_len=0x0d) bytearray(b'\x01\x82\x00\r\x00')
2026-09-23 19:59:09,356 BTPWorkerThread-2583 (_rx_task) root DEBUG iutctl_common.py          139   read                      : Read 13 bytes data
2026-09-23 19:59:09,357 BTPWorkerThread-2583 (_rx_task) root DEBUG iutctl_common.py          154   read                      : Received data: {'e0 4e e4 08 dc 1b 00 00 00 00 00 00 00'}, bytearray(b'\xe0N\xe4\x08\xdc\x1b\x00\x00\x00\x00\x00\x00\x00')
2026-09-23 19:59:09,357 BTPWorkerThread-2583 (_rx_task) root DEBUG btp.py                    736   event_handler             : Header(svc_id=1, op=130, ctrl_index=0, data_len=13) (b'\xe0N\xe4\x08\xdc\x1b\x00\x00\x00\x00\x00\x00\x00',)
2026-09-23 19:59:09,357 BTPWorkerThread-2583 (_rx_task) root DEBUG gap.py                    215   gap_connected_ev_         : b'\xe0N\xe4\x08\xdc\x1b\x00\x00\x00\x00\x00\x00\x00'
2026-09-23 19:59:09,357 BTPWorkerThread-2583 (_rx_task) root DEBUG iutctl_common.py          123   read                      : Read 5 bytes
2026-09-23 19:59:09,357 BTPWorkerThread-2583 (_rx_task) root DEBUG iutctl_common.py          131   read                      : Received: hdr: Header(svc_id=0x01, op=0x80, ctrl_index=0x00, data_len=0x04) bytearray(b'\x01\x80\x00\x04\x00')
2026-09-23 19:59:09,357 BTPWorkerThread-2583 (_rx_task) root DEBUG iutctl_common.py          139   read                      : Read 4 bytes data
2026-09-23 19:59:09,357 BTPWorkerThread-2583 (_rx_task) root DEBUG iutctl_common.py          154   read                      : Received data: {'1b 02 00 00'}, bytearray(b'\x1b\x02\x00\x00')
2026-09-23 19:59:09,357 BTPWorkerThread-2583 (_rx_task) root DEBUG btp.py                    736   event_handler             : Header(svc_id=1, op=128, ctrl_index=0, data_len=4) (b'\x1b\x02\x00\x00',)
2026-09-23 19:59:09,357 BTPWorkerThread-2583 (_rx_task) root DEBUG gap.py                    183   gap_new_settings_ev_      : b'\x1b\x02\x00\x00'
2026-09-23 19:59:09,357 BTPWorkerThread-2583 (_rx_task) root DEBUG gap.py                    596   __gap_current_settings_update : 539
2026-09-23 19:59:09,698 LT1-thread root DEBUG testcase.py               679   run_wid                   : AVDTP AVDTP/SNK/INT/SIG/SMG/BV-15-C on_implicit_send
2026-09-23 19:59:09,698 LT1-thread root DEBUG avdtp_wid.py              25    avdtp_wid_hdl             : avdtp_wid_hdl, 1002, If necessary, take action to accept the AVDTP Signaling Channel Connection initiated by the tester.

Description: Make sure the IUT (Implementation Under Test) is in a state to accept incoming Bluetooth connections.  Some devices may need to be on a specific screen, like a Bluetooth settings screen, in order to pair with PTS.  If the IUT is still having problems pairing with PTS, try running a test case where the IUT connects to PTS to establish pairing., AVDTP/SNK/INT/SIG/SMG/BV-15-C
2026-09-23 19:59:09,698 LT1-thread root DEBUG testcase.py               722   run_wid                   : Sending response 'OK' to wid 1002 test case AVDTP/SNK/INT/SIG/SMG/BV-15-C
2026-09-23 19:59:09,700 LT1-thread root DEBUG client.py                 276   get_result                : ClientCallback.get_result run_test_case
2026-09-23 19:59:10,940 BTPWorkerThread-2583 (_rx_task) root DEBUG iutctl_common.py          123   read                      : Read 5 bytes
2026-09-23 19:59:10,940 BTPWorkerThread-2583 (_rx_task) root DEBUG iutctl_common.py          131   read                      : Received: hdr: Header(svc_id=0x01, op=0x91, ctrl_index=0x00, data_len=0x09) bytearray(b'\x01\x91\x00\t\x00')
2026-09-23 19:59:10,941 BTPWorkerThread-2583 (_rx_task) root DEBUG iutctl_common.py          139   read                      : Read 9 bytes data
2026-09-23 19:59:10,941 BTPWorkerThread-2583 (_rx_task) root DEBUG iutctl_common.py          154   read                      : Received data: {'e0 4e e4 08 dc 1b 00 01 10'}, bytearray(b'\xe0N\xe4\x08\xdc\x1b\x00\x01\x10')
2026-09-23 19:59:10,941 BTPWorkerThread-2583 (_rx_task) root DEBUG btp.py                    736   event_handler             : Header(svc_id=1, op=145, ctrl_index=0, data_len=9) (b'\xe0N\xe4\x08\xdc\x1b\x00\x01\x10',)
2026-09-23 19:59:10,941 BTPWorkerThread-2583 (_rx_task) root DEBUG gap.py                    494   gap_encryption_change_ev_ : 
2026-09-23 19:59:10,941 BTPWorkerThread-2583 (_rx_task) root DEBUG gap.py                    496   gap_encryption_change_ev_ : enc change received b'\xe0N\xe4\x08\xdc\x1b\x00\x01\x10'
2026-09-23 19:59:10,941 BTPWorkerThread-2583 (_rx_task) root DEBUG gap.py                    505   gap_encryption_change_ev_ : received (224, '001bdc08e44e', 1, 16)
2026-09-23 19:59:10,941 BTPWorkerThread-2583 (_rx_task) root DEBUG iutctl_common.py          123   read                      : Read 5 bytes
2026-09-23 19:59:10,941 BTPWorkerThread-2583 (_rx_task) root DEBUG iutctl_common.py          131   read                      : Received: hdr: Header(svc_id=0x01, op=0x89, ctrl_index=0x00, data_len=0x08) bytearray(b'\x01\x89\x00\x08\x00')
2026-09-23 19:59:10,941 BTPWorkerThread-2583 (_rx_task) root DEBUG iutctl_common.py          139   read                      : Read 8 bytes data
2026-09-23 19:59:10,942 BTPWorkerThread-2583 (_rx_task) root DEBUG iutctl_common.py          154   read                      : Received data: {'e0 4e e4 08 dc 1b 00 02'}, bytearray(b'\xe0N\xe4\x08\xdc\x1b\x00\x02')
2026-09-23 19:59:10,942 BTPWorkerThread-2583 (_rx_task) root DEBUG btp.py                    736   event_handler             : Header(svc_id=1, op=137, ctrl_index=0, data_len=8) (b'\xe0N\xe4\x08\xdc\x1b\x00\x02',)
2026-09-23 19:59:10,942 BTPWorkerThread-2583 (_rx_task) root DEBUG gap.py                    300   gap_sec_level_changed_ev_ : 
2026-09-23 19:59:10,942 BTPWorkerThread-2583 (_rx_task) root DEBUG gap.py                    302   gap_sec_level_changed_ev_ : received b'\xe0N\xe4\x08\xdc\x1b\x00\x02'
2026-09-23 19:59:10,942 BTPWorkerThread-2583 (_rx_task) root DEBUG gap.py                    313   gap_sec_level_changed_ev_ : received (224, '001bdc08e44e', 2)
2026-09-23 19:59:10,952 LT1-callback ClientCallback.on_implicit_send INFO client.py                 223   on_implicit_send          : 
    ********************
    BEGIN OnImplicitSend:
    project_name: AVDTP
    wid: 1020
    test_case_name: AVDTP/SNK/INT/SIG/SMG/BV-15-C
    description: Open a streaming media channel.

Action: If the IUT (Implementation Under Test) is already connected to PTS, attempting to send or receive streaming media should trigger this action.  If the IUT is not connected to PTS, attempting to connect may trigger this action.
    style: MMI_Style_Ok_Cancel2 0x11141
2026-09-23 19:59:10,952 LT1-callback ClientCallback.on_implicit_send INFO client.py                 236   on_implicit_send          : Calling test cases on_implicit_send
2026-09-23 19:59:10,952 LT1-callback ClientCallback.on_implicit_send INFO client.py                 249   on_implicit_send          : 
    on_implicit_send returned response: WAIT
    END OnImplicitSend
    ********************
2026-09-23 19:59:10,962 BTPWorkerThread-2583 (_rx_task) root DEBUG iutctl_common.py          123   read                      : Read 5 bytes
2026-09-23 19:59:10,962 BTPWorkerThread-2583 (_rx_task) root DEBUG iutctl_common.py          131   read                      : Received: hdr: Header(svc_id=0x23, op=0x80, ctrl_index=0x00, data_len=0x08) bytearray(b'#\x80\x00\x08\x00')
2026-09-23 19:59:10,962 BTPWorkerThread-2583 (_rx_task) root DEBUG iutctl_common.py          139   read                      : Read 8 bytes data
2026-09-23 19:59:10,963 BTPWorkerThread-2583 (_rx_task) root DEBUG iutctl_common.py          154   read                      : Received data: {'e0 4e e4 08 dc 1b 00 00'}, bytearray(b'\xe0N\xe4\x08\xdc\x1b\x00\x00')
2026-09-23 19:59:10,963 BTPWorkerThread-2583 (_rx_task) root DEBUG btp.py                    736   event_handler             : Header(svc_id=35, op=128, ctrl_index=0, data_len=8) (b'\xe0N\xe4\x08\xdc\x1b\x00\x00',)
2026-09-23 19:59:10,963 BTPWorkerThread-2583 (_rx_task) root DEBUG a2dp.py                   328   a2dp_connected_ev         : a2dp_connected_ev b'\xe0N\xe4\x08\xdc\x1b\x00\x00' 8
2026-09-23 19:59:10,963 BTPWorkerThread-2583 (_rx_task) root DEBUG a2dp.py                   333   a2dp_connected_ev         : A2DP connected to addr b'N\xe4\x08\xdc\x1b\x00', result 0
2026-09-23 19:59:11,702 LT1-thread root DEBUG testcase.py               679   run_wid                   : AVDTP AVDTP/SNK/INT/SIG/SMG/BV-15-C on_implicit_send
2026-09-23 19:59:11,702 LT1-thread root DEBUG avdtp_wid.py              25    avdtp_wid_hdl             : avdtp_wid_hdl, 1020, Open a streaming media channel.

Action: If the IUT (Implementation Under Test) is already connected to PTS, attempting to send or receive streaming media should trigger this action.  If the IUT is not connected to PTS, attempting to connect may trigger this action., AVDTP/SNK/INT/SIG/SMG/BV-15-C
2026-09-23 19:59:11,702 LT1-thread root DEBUG a2dp.py                   111   a2dp_discover             : a2dp_discover None 224
2026-09-23 19:59:11,702 LT1-thread root DEBUG iutctl_common.py          161   send                      : 35 5 0 "bytearray(b'\\xe0N\\xe4\\x08\\xdc\\x1b\\x00')"
2026-09-23 19:59:11,702 LT1-thread root DEBUG iutctl_common.py          166   send                      : sending frame '2305000700e04ee408dc1b00'
2026-09-23 19:59:11,703 LT1-thread root DEBUG iutctl_common.py          339   read                      : 
2026-09-23 19:59:11,730 BTPWorkerThread-2583 (_rx_task) root DEBUG iutctl_common.py          123   read                      : Read 5 bytes
2026-09-23 19:59:11,742 BTPWorkerThread-2583 (_rx_task) root DEBUG iutctl_common.py          131   read                      : Received: hdr: Header(svc_id=0x23, op=0x05, ctrl_index=0x00, data_len=0x00) bytearray(b'#\x05\x00\x00\x00')
2026-09-23 19:59:11,742 BTPWorkerThread-2583 (_rx_task) root DEBUG iutctl_common.py          154   read                      : Received data: {''}, bytearray(b'')
2026-09-23 19:59:11,742 LT1-thread root DEBUG a2dp.py                   795   a2dp_wait_for_discovered  : a2dp_wait_for_discovered None
2026-09-23 19:59:11,865 BTPWorkerThread-2583 (_rx_task) root DEBUG iutctl_common.py          123   read                      : Read 5 bytes
2026-09-23 19:59:11,865 BTPWorkerThread-2583 (_rx_task) root DEBUG iutctl_common.py          131   read                      : Received: hdr: Header(svc_id=0x23, op=0x83, ctrl_index=0x00, data_len=0x10) bytearray(b'#\x83\x00\x10\x00')
2026-09-23 19:59:11,865 BTPWorkerThread-2583 (_rx_task) root DEBUG iutctl_common.py          139   read                      : Read 16 bytes data
2026-09-23 19:59:11,866 BTPWorkerThread-2583 (_rx_task) root DEBUG iutctl_common.py          154   read                      : Received data: {'e0 4e e4 08 dc 1b 00 01 07 06 00 00 ff ff 02 fa'}, bytearray(b'\xe0N\xe4\x08\xdc\x1b\x00\x01\x07\x06\x00\x00\xff\xff\x02\xfa')
2026-09-23 19:59:11,866 BTPWorkerThread-2583 (_rx_task) root DEBUG btp.py                    736   event_handler             : Header(svc_id=35, op=131, ctrl_index=0, data_len=16) (b'\xe0N\xe4\x08\xdc\x1b\x00\x01\x07\x06\x00\x00\xff\xff\x02\xfa',)
2026-09-23 19:59:11,866 BTPWorkerThread-2583 (_rx_task) root DEBUG a2dp.py                   408   a2dp_get_capabilities_ev  : a2dp_get_capabilities_ev b'\xe0N\xe4\x08\xdc\x1b\x00\x01\x07\x06\x00\x00\xff\xff\x02\xfa' 16
2026-09-23 19:59:11,866 BTPWorkerThread-2583 (_rx_task) root DEBUG a2dp.py                   423   a2dp_get_capabilities_ev  : A2DP endpoint discovered: addr b'N\xe4\x08\xdc\x1b\x00', ep_id 1
2026-09-23 19:59:11,866 BTPWorkerThread-2583 (_rx_task) root DEBUG a2dp.py                   448   a2dp_get_capabilities_ev  :   Capability: category=7, losc=6
2026-09-23 19:59:11,940 BTPWorkerThread-2583 (_rx_task) root DEBUG iutctl_common.py          123   read                      : Read 5 bytes
2026-09-23 19:59:11,940 BTPWorkerThread-2583 (_rx_task) root DEBUG iutctl_common.py          131   read                      : Received: hdr: Header(svc_id=0x23, op=0x83, ctrl_index=0x00, data_len=0x12) bytearray(b'#\x83\x00\x12\x00')
2026-09-23 19:59:11,940 BTPWorkerThread-2583 (_rx_task) root DEBUG iutctl_common.py          139   read                      : Read 18 bytes data
2026-09-23 19:59:11,941 BTPWorkerThread-2583 (_rx_task) root DEBUG iutctl_common.py          154   read                      : Received data: {'e0 4e e4 08 dc 1b 00 02 07 08 00 02 fe 01 8c 80 00 00'}, bytearray(b'\xe0N\xe4\x08\xdc\x1b\x00\x02\x07\x08\x00\x02\xfe\x01\x8c\x80\x00\x00')
2026-09-23 19:59:11,941 BTPWorkerThread-2583 (_rx_task) root DEBUG btp.py                    736   event_handler             : Header(svc_id=35, op=131, ctrl_index=0, data_len=18) (b'\xe0N\xe4\x08\xdc\x1b\x00\x02\x07\x08\x00\x02\xfe\x01\x8c\x80\x00\x00',)
2026-09-23 19:59:11,941 BTPWorkerThread-2583 (_rx_task) root DEBUG a2dp.py                   408   a2dp_get_capabilities_ev  : a2dp_get_capabilities_ev b'\xe0N\xe4\x08\xdc\x1b\x00\x02\x07\x08\x00\x02\xfe\x01\x8c\x80\x00\x00' 18
2026-09-23 19:59:11,941 BTPWorkerThread-2583 (_rx_task) root DEBUG a2dp.py                   423   a2dp_get_capabilities_ev  : A2DP endpoint discovered: addr b'N\xe4\x08\xdc\x1b\x00', ep_id 2
2026-09-23 19:59:11,941 BTPWorkerThread-2583 (_rx_task) root DEBUG a2dp.py                   448   a2dp_get_capabilities_ev  :   Capability: category=7, losc=8
2026-09-23 19:59:12,027 BTPWorkerThread-2583 (_rx_task) root DEBUG iutctl_common.py          123   read                      : Read 5 bytes
2026-09-23 19:59:12,027 BTPWorkerThread-2583 (_rx_task) root DEBUG iutctl_common.py          131   read                      : Received: hdr: Header(svc_id=0x23, op=0x83, ctrl_index=0x00, data_len=0x13) bytearray(b'#\x83\x00\x13\x00')
2026-09-23 19:59:12,027 BTPWorkerThread-2583 (_rx_task) root DEBUG iutctl_common.py          139   read                      : Read 19 bytes data
2026-09-23 19:59:12,028 BTPWorkerThread-2583 (_rx_task) root DEBUG iutctl_common.py          154   read                      : Received data: {'e0 4e e4 08 dc 1b 00 03 07 09 00 03 80 00 0c 0c 80 00 00'}, bytearray(b'\xe0N\xe4\x08\xdc\x1b\x00\x03\x07\t\x00\x03\x80\x00\x0c\x0c\x80\x00\x00')
2026-09-23 19:59:12,028 BTPWorkerThread-2583 (_rx_task) root DEBUG btp.py                    736   event_handler             : Header(svc_id=35, op=131, ctrl_index=0, data_len=19) (b'\xe0N\xe4\x08\xdc\x1b\x00\x03\x07\t\x00\x03\x80\x00\x0c\x0c\x80\x00\x00',)
2026-09-23 19:59:12,028 BTPWorkerThread-2583 (_rx_task) root DEBUG a2dp.py                   408   a2dp_get_capabilities_ev  : a2dp_get_capabilities_ev b'\xe0N\xe4\x08\xdc\x1b\x00\x03\x07\t\x00\x03\x80\x00\x0c\x0c\x80\x00\x00' 19
2026-09-23 19:59:12,028 BTPWorkerThread-2583 (_rx_task) root DEBUG a2dp.py                   423   a2dp_get_capabilities_ev  : A2DP endpoint discovered: addr b'N\xe4\x08\xdc\x1b\x00', ep_id 3
2026-09-23 19:59:12,028 BTPWorkerThread-2583 (_rx_task) root DEBUG a2dp.py                   448   a2dp_get_capabilities_ev  :   Capability: category=7, losc=9
2026-09-23 19:59:12,103 BTPWorkerThread-2583 (_rx_task) root DEBUG iutctl_common.py          123   read                      : Read 5 bytes
2026-09-23 19:59:12,103 BTPWorkerThread-2583 (_rx_task) root DEBUG iutctl_common.py          131   read                      : Received: hdr: Header(svc_id=0x23, op=0x83, ctrl_index=0x00, data_len=0x10) bytearray(b'#\x83\x00\x10\x00')
2026-09-23 19:59:12,103 BTPWorkerThread-2583 (_rx_task) root DEBUG iutctl_common.py          139   read                      : Read 16 bytes data
2026-09-23 19:59:12,104 BTPWorkerThread-2583 (_rx_task) root DEBUG iutctl_common.py          154   read                      : Received data: {'e0 4e e4 08 dc 1b 00 04 07 06 00 00 ff ff 02 fa'}, bytearray(b'\xe0N\xe4\x08\xdc\x1b\x00\x04\x07\x06\x00\x00\xff\xff\x02\xfa')
2026-09-23 19:59:12,104 BTPWorkerThread-2583 (_rx_task) root DEBUG btp.py                    736   event_handler             : Header(svc_id=35, op=131, ctrl_index=0, data_len=16) (b'\xe0N\xe4\x08\xdc\x1b\x00\x04\x07\x06\x00\x00\xff\xff\x02\xfa',)
2026-09-23 19:59:12,104 BTPWorkerThread-2583 (_rx_task) root DEBUG a2dp.py                   408   a2dp_get_capabilities_ev  : a2dp_get_capabilities_ev b'\xe0N\xe4\x08\xdc\x1b\x00\x04\x07\x06\x00\x00\xff\xff\x02\xfa' 16
2026-09-23 19:59:12,104 BTPWorkerThread-2583 (_rx_task) root DEBUG a2dp.py                   423   a2dp_get_capabilities_ev  : A2DP endpoint discovered: addr b'N\xe4\x08\xdc\x1b\x00', ep_id 4
2026-09-23 19:59:12,104 BTPWorkerThread-2583 (_rx_task) root DEBUG a2dp.py                   448   a2dp_get_capabilities_ev  :   Capability: category=7, losc=6
2026-09-23 19:59:12,104 BTPWorkerThread-2583 (_rx_task) root DEBUG iutctl_common.py          123   read                      : Read 5 bytes
2026-09-23 19:59:12,104 BTPWorkerThread-2583 (_rx_task) root DEBUG iutctl_common.py          131   read                      : Received: hdr: Header(svc_id=0x23, op=0x82, ctrl_index=0x00, data_len=0x11) bytearray(b'#\x82\x00\x11\x00')
2026-09-23 19:59:12,104 BTPWorkerThread-2583 (_rx_task) root DEBUG iutctl_common.py          139   read                      : Read 17 bytes data
2026-09-23 19:59:12,105 BTPWorkerThread-2583 (_rx_task) root DEBUG iutctl_common.py          154   read                      : Received data: {'e0 4e e4 08 dc 1b 00 00 08 01 00 02 00 03 00 04 00'}, bytearray(b'\xe0N\xe4\x08\xdc\x1b\x00\x00\x08\x01\x00\x02\x00\x03\x00\x04\x00')
2026-09-23 19:59:12,105 BTPWorkerThread-2583 (_rx_task) root DEBUG btp.py                    736   event_handler             : Header(svc_id=35, op=130, ctrl_index=0, data_len=17) (b'\xe0N\xe4\x08\xdc\x1b\x00\x00\x08\x01\x00\x02\x00\x03\x00\x04\x00',)
2026-09-23 19:59:12,105 BTPWorkerThread-2583 (_rx_task) root DEBUG a2dp.py                   353   a2dp_discovered_ev        : a2dp_discovered_ev b'\xe0N\xe4\x08\xdc\x1b\x00\x00\x08\x01\x00\x02\x00\x03\x00\x04\x00' 17
2026-09-23 19:59:12,105 BTPWorkerThread-2583 (_rx_task) root DEBUG a2dp.py                   362   a2dp_discovered_ev        : A2DP discovered: addr b'N\xe4\x08\xdc\x1b\x00', result 0, sep_len 8
2026-09-23 19:59:12,105 BTPWorkerThread-2583 (_rx_task) root DEBUG a2dp.py                   393   a2dp_discovered_ev        :   SEP 0: ep_id=1, in_use=0, media_type=0, tsep=0
2026-09-23 19:59:12,105 BTPWorkerThread-2583 (_rx_task) root DEBUG a2dp.py                   393   a2dp_discovered_ev        :   SEP 1: ep_id=2, in_use=0, media_type=0, tsep=0
2026-09-23 19:59:12,105 BTPWorkerThread-2583 (_rx_task) root DEBUG a2dp.py                   393   a2dp_discovered_ev        :   SEP 2: ep_id=3, in_use=0, media_type=0, tsep=0
2026-09-23 19:59:12,105 BTPWorkerThread-2583 (_rx_task) root DEBUG a2dp.py                   393   a2dp_discovered_ev        :   SEP 3: ep_id=4, in_use=0, media_type=0, tsep=0
2026-09-23 19:59:12,145 LT1-thread root DEBUG a2dp.py                   143   a2dp_get_all_capabilities : a2dp_get_all_capabilities None 224 1
2026-09-23 19:59:12,145 LT1-thread root DEBUG iutctl_common.py          161   send                      : 35 7 0 "bytearray(b'\\xe0N\\xe4\\x08\\xdc\\x1b\\x00\\x01')"
2026-09-23 19:59:12,146 LT1-thread root DEBUG iutctl_common.py          166   send                      : sending frame '2307000800e04ee408dc1b0001'
2026-09-23 19:59:12,146 LT1-thread root DEBUG iutctl_common.py          339   read                      : 
2026-09-23 19:59:12,174 BTPWorkerThread-2583 (_rx_task) root DEBUG iutctl_common.py          123   read                      : Read 5 bytes
2026-09-23 19:59:12,186 BTPWorkerThread-2583 (_rx_task) root DEBUG iutctl_common.py          131   read                      : Received: hdr: Header(svc_id=0x23, op=0x07, ctrl_index=0x00, data_len=0x00) bytearray(b'#\x07\x00\x00\x00')
2026-09-23 19:59:12,192 BTPWorkerThread-2583 (_rx_task) root DEBUG iutctl_common.py          154   read                      : Received data: {''}, bytearray(b'')
2026-09-23 19:59:12,192 LT1-thread root DEBUG a2dp.py                   803   a2dp_wait_for_get_capabilities_finished : a2dp_wait_for_get_capabilities_finished None
2026-09-23 19:59:12,192 LT1-thread root INFO a2dp.py                   524   wait_for_get_capabilities_finished : addr 001bdc08e44e, ep_id 4
2026-09-23 19:59:12,193 LT1-thread root DEBUG a2dp.py                   160   a2dp_stream_config        : a2dp_stream_config None 224 1 1 0 None
2026-09-23 19:59:12,193 LT1-thread root DEBUG iutctl_common.py          161   send                      : 35 8 0 "bytearray(b'\\xe0N\\xe4\\x08\\xdc\\x1b\\x00\\x01\\x01\\x00\\x00\\x00')"
2026-09-23 19:59:12,193 LT1-thread root DEBUG iutctl_common.py          166   send                      : sending frame '2308000c00e04ee408dc1b000101000000'
2026-09-23 19:59:12,193 LT1-thread root DEBUG iutctl_common.py          339   read                      : 
2026-09-23 19:59:12,235 BTPWorkerThread-2583 (_rx_task) root DEBUG iutctl_common.py          123   read                      : Read 5 bytes
2026-09-23 19:59:12,235 BTPWorkerThread-2583 (_rx_task) root DEBUG iutctl_common.py          131   read                      : Received: hdr: Header(svc_id=0x23, op=0x08, ctrl_index=0x00, data_len=0x00) bytearray(b'#\x08\x00\x00\x00')
2026-09-23 19:59:12,241 BTPWorkerThread-2583 (_rx_task) root DEBUG iutctl_common.py          154   read                      : Received data: {''}, bytearray(b'')
2026-09-23 19:59:12,251 LT1-thread root DEBUG a2dp.py                   769   a2dp_wait_for_stream_state : a2dp_wait_for_stream_state None 0 'configured'
2026-09-23 19:59:12,267 BTPWorkerThread-2583 (_rx_task) root DEBUG iutctl_common.py          123   read                      : Read 5 bytes
2026-09-23 19:59:12,267 BTPWorkerThread-2583 (_rx_task) root DEBUG iutctl_common.py          131   read                      : Received: hdr: Header(svc_id=0x23, op=0x86, ctrl_index=0x00, data_len=0x09) bytearray(b'#\x86\x00\t\x00')
2026-09-23 19:59:12,267 BTPWorkerThread-2583 (_rx_task) root DEBUG iutctl_common.py          139   read                      : Read 6 bytes data
2026-09-23 19:59:12,277 BTPWorkerThread-2583 (_rx_task) root DEBUG iutctl_common.py          139   read                      : Read 3 bytes data
2026-09-23 19:59:12,278 BTPWorkerThread-2583 (_rx_task) root DEBUG iutctl_common.py          154   read                      : Received data: {'e0 4e e4 08 dc 1b 00 00 00'}, bytearray(b'\xe0N\xe4\x08\xdc\x1b\x00\x00\x00')
2026-09-23 19:59:12,278 BTPWorkerThread-2583 (_rx_task) root DEBUG btp.py                    736   event_handler             : Header(svc_id=35, op=134, ctrl_index=0, data_len=9) (b'\xe0N\xe4\x08\xdc\x1b\x00\x00\x00',)
2026-09-23 19:59:12,278 BTPWorkerThread-2583 (_rx_task) root DEBUG a2dp.py                   522   a2dp_config_rsp_ev        : a2dp_config_rsp_ev b'\xe0N\xe4\x08\xdc\x1b\x00\x00\x00' 9
2026-09-23 19:59:12,278 BTPWorkerThread-2583 (_rx_task) root DEBUG a2dp.py                   527   a2dp_config_rsp_ev        : A2DP config response: addr b'N\xe4\x08\xdc\x1b\x00', stream_id 0, err 0
2026-09-23 19:59:12,352 LT1-thread root DEBUG a2dp.py                   185   a2dp_stream_establish     : a2dp_stream_establish None 224 0
2026-09-23 19:59:12,352 LT1-thread root DEBUG iutctl_common.py          161   send                      : 35 9 0 "bytearray(b'\\xe0N\\xe4\\x08\\xdc\\x1b\\x00\\x00')"
2026-09-23 19:59:12,352 LT1-thread root DEBUG iutctl_common.py          166   send                      : sending frame '2309000800e04ee408dc1b0000'
2026-09-23 19:59:12,353 LT1-thread root DEBUG iutctl_common.py          339   read                      : 
2026-09-23 19:59:12,390 BTPWorkerThread-2583 (_rx_task) root DEBUG iutctl_common.py          123   read                      : Read 5 bytes
2026-09-23 19:59:12,400 BTPWorkerThread-2583 (_rx_task) root DEBUG iutctl_common.py          131   read                      : Received: hdr: Header(svc_id=0x23, op=0x09, ctrl_index=0x00, data_len=0x00) bytearray(b'#\t\x00\x00\x00')
2026-09-23 19:59:12,405 BTPWorkerThread-2583 (_rx_task) root DEBUG iutctl_common.py          154   read                      : Received data: {''}, bytearray(b'')
2026-09-23 19:59:12,416 LT1-thread root DEBUG a2dp.py                   769   a2dp_wait_for_stream_state : a2dp_wait_for_stream_state None 0 'established'
2026-09-23 19:59:12,472 BTPWorkerThread-2583 (_rx_task) root DEBUG iutctl_common.py          123   read                      : Read 5 bytes
2026-09-23 19:59:12,472 BTPWorkerThread-2583 (_rx_task) root DEBUG iutctl_common.py          131   read                      : Received: hdr: Header(svc_id=0x23, op=0x89, ctrl_index=0x00, data_len=0x09) bytearray(b'#\x89\x00\t\x00')
2026-09-23 19:59:12,472 BTPWorkerThread-2583 (_rx_task) root DEBUG iutctl_common.py          139   read                      : Read 9 bytes data
2026-09-23 19:59:12,473 BTPWorkerThread-2583 (_rx_task) root DEBUG iutctl_common.py          154   read                      : Received data: {'e0 4e e4 08 dc 1b 00 00 00'}, bytearray(b'\xe0N\xe4\x08\xdc\x1b\x00\x00\x00')
2026-09-23 19:59:12,473 BTPWorkerThread-2583 (_rx_task) root DEBUG btp.py                    736   event_handler             : Header(svc_id=35, op=137, ctrl_index=0, data_len=9) (b'\xe0N\xe4\x08\xdc\x1b\x00\x00\x00',)
2026-09-23 19:59:12,473 BTPWorkerThread-2583 (_rx_task) root DEBUG a2dp.py                   563   a2dp_establish_rsp_ev     : a2dp_establish_rsp_ev b'\xe0N\xe4\x08\xdc\x1b\x00\x00\x00' 9
2026-09-23 19:59:12,473 BTPWorkerThread-2583 (_rx_task) root DEBUG a2dp.py                   568   a2dp_establish_rsp_ev     : A2DP establish response: addr b'N\xe4\x08\xdc\x1b\x00', stream_id 0, err 0
2026-09-23 19:59:12,517 LT1-thread root DEBUG testcase.py               722   run_wid                   : Sending response 'OK' to wid 1020 test case AVDTP/SNK/INT/SIG/SMG/BV-15-C
2026-09-23 19:59:12,519 LT1-thread root DEBUG client.py                 276   get_result                : ClientCallback.get_result run_test_case
2026-09-23 19:59:12,522 LT1-callback ClientCallback.on_implicit_send INFO client.py                 223   on_implicit_send          : 
    ********************
    BEGIN OnImplicitSend:
    project_name: AVDTP
    wid: 14
    test_case_name: AVDTP/SNK/INT/SIG/SMG/BV-15-C
    description: Take action to initiate an AVDTP media transport.
    style: MMI_Style_Ok_Cancel2 0x11141
2026-09-23 19:59:12,522 LT1-callback ClientCallback.on_implicit_send INFO client.py                 236   on_implicit_send          : Calling test cases on_implicit_send
2026-09-23 19:59:12,522 LT1-callback ClientCallback.on_implicit_send INFO client.py                 249   on_implicit_send          : 
    on_implicit_send returned response: WAIT
    END OnImplicitSend
    ********************
2026-09-23 19:59:13,520 LT1-thread root DEBUG testcase.py               679   run_wid                   : AVDTP AVDTP/SNK/INT/SIG/SMG/BV-15-C on_implicit_send
2026-09-23 19:59:13,520 LT1-thread root DEBUG avdtp_wid.py              25    avdtp_wid_hdl             : avdtp_wid_hdl, 14, Take action to initiate an AVDTP media transport., AVDTP/SNK/INT/SIG/SMG/BV-15-C
2026-09-23 19:59:13,520 LT1-thread root DEBUG testcase.py               722   run_wid                   : Sending response 'OK' to wid 14 test case AVDTP/SNK/INT/SIG/SMG/BV-15-C
2026-09-23 19:59:13,521 LT1-thread root DEBUG client.py                 276   get_result                : ClientCallback.get_result run_test_case
2026-09-23 19:59:14,481 BTPWorkerThread-2583 (_rx_task) root DEBUG iutctl_common.py          123   read                      : Read 5 bytes
2026-09-23 19:59:14,481 BTPWorkerThread-2583 (_rx_task) root DEBUG iutctl_common.py          131   read                      : Received: hdr: Header(svc_id=0x23, op=0x81, ctrl_index=0x00, data_len=0x07) bytearray(b'#\x81\x00\x07\x00')
2026-09-23 19:59:14,481 BTPWorkerThread-2583 (_rx_task) root DEBUG iutctl_common.py          139   read                      : Read 7 bytes data
2026-09-23 19:59:14,482 BTPWorkerThread-2583 (_rx_task) root DEBUG iutctl_common.py          154   read                      : Received data: {'e0 4e e4 08 dc 1b 00'}, bytearray(b'\xe0N\xe4\x08\xdc\x1b\x00')
2026-09-23 19:59:14,482 BTPWorkerThread-2583 (_rx_task) root DEBUG btp.py                    736   event_handler             : Header(svc_id=35, op=129, ctrl_index=0, data_len=7) (b'\xe0N\xe4\x08\xdc\x1b\x00',)
2026-09-23 19:59:14,482 BTPWorkerThread-2583 (_rx_task) root DEBUG a2dp.py                   341   a2dp_disconnected_ev      : a2dp_disconnected_ev b'\xe0N\xe4\x08\xdc\x1b\x00' 7
2026-09-23 19:59:14,482 BTPWorkerThread-2583 (_rx_task) root DEBUG a2dp.py                   346   a2dp_disconnected_ev      : A2DP disconnected from addr b'N\xe4\x08\xdc\x1b\x00'
2026-09-23 19:59:14,482 BTPWorkerThread-2583 (_rx_task) root DEBUG iutctl_common.py          123   read                      : Read 5 bytes
2026-09-23 19:59:14,482 BTPWorkerThread-2583 (_rx_task) root DEBUG iutctl_common.py          131   read                      : Received: hdr: Header(svc_id=0x01, op=0x83, ctrl_index=0x00, data_len=0x07) bytearray(b'\x01\x83\x00\x07\x00')
2026-09-23 19:59:14,482 BTPWorkerThread-2583 (_rx_task) root DEBUG iutctl_common.py          139   read                      : Read 7 bytes data
2026-09-23 19:59:14,482 BTPWorkerThread-2583 (_rx_task) root DEBUG iutctl_common.py          154   read                      : Received data: {'e0 4e e4 08 dc 1b 00'}, bytearray(b'\xe0N\xe4\x08\xdc\x1b\x00')
2026-09-23 19:59:14,483 BTPWorkerThread-2583 (_rx_task) root DEBUG btp.py                    736   event_handler             : Header(svc_id=1, op=131, ctrl_index=0, data_len=7) (b'\xe0N\xe4\x08\xdc\x1b\x00',)
2026-09-23 19:59:14,483 BTPWorkerThread-2583 (_rx_task) root DEBUG gap.py                    228   gap_disconnected_ev_      : b'\xe0N\xe4\x08\xdc\x1b\x00'
2026-09-23 19:59:17,187 LT1-callback ClientCallback.log INFO client.py                 200   log                       : PTS_LOGTYPE_START_TEST Start Test Case 

+156 ms
 AVDTP/SNK/INT/SIG/SMG/BV-15-C AVDTP/SNK/INT/SIG/SMG/BV-15-C

2026-09-23 19:59:17,587 LT1-callback ClientCallback.log INFO client.py                 200   log                       : PTS_LOGTYPE_FINAL_VERDICT Final Verdict 

+12141 ms
 AVDTP/SNK/INT/SIG/SMG/BV-15-C PASS

2026-09-23 19:59:17,591 LT1-callback ClientCallback.log INFO client.py                 200   log                       : PTS_LOGTYPE_FINAL_VERDICT Encrypted Verdict 

+12141 ms
 AVDTP/SNK/INT/SIG/SMG/BV-15-C A1#ZWY4MzQ5MDg3MmQwNTIxOGQzMzQ5YjY2ODA5M2MzNjQ5ZDY4NmY0Yjc2MzIzM2VkNTUyNTFhNGU4Mjg1MjI0NA==#gLl5CRHt7sEv3bLtivFpNLfCCstvJcYoBWTNDpCW9gq6Td411/tmKFCEP23yfH5AXUzyXY6mZCw=

2026-09-23 19:59:17,596 LT1-callback ClientCallback.log INFO client.py                 200   log                       : PTS_LOGTYPE_END_TEST Test Case Ended 

+12141 ms
 AVDTP/SNK/INT/SIG/SMG/BV-15-C AVDTP/SNK/INT/SIG/SMG/BV-15-C

2026-09-23 19:59:17,630 LT1-callback root DEBUG client.py                 261   set_result                : ClientCallback, set_result, run_test_case, PASS
2026-09-23 19:59:17,631 LT1-thread root DEBUG client.py                 1186  _run_test_case            : After run_test_case error_code=0 status='PASS'
2026-09-23 19:59:17,631 LT1-thread root DEBUG testcase.py               766   post_run                  : post_run AVDTP AVDTP/SNK/INT/SIG/SMG/BV-15-C 0
2026-09-23 19:59:17,631 LT1-thread root DEBUG testcase.py               254   start                     : Starting test function: class=<class 'autopts.ptsprojects.testcase.TestFuncCleanUp'>, func=<bound method ZTestCase._test_case_cleanup of <autopts.ptsprojects.zephyr.ztestcase.ZTestCase object at 0x000001E0BD9B6E40>> start_wid=None stop_wid=None post_wid=None skip_call=None call_count=1 args=() kwds={}
2026-09-23 19:59:17,631 LT1-thread root DEBUG testcase.py               266   start                     : Test function parameters: args=(), kwds={}
2026-09-23 19:59:17,631 LT1-thread root DEBUG iutctl.py                 415   stop                      : <class 'autopts.ptsprojects.zephyr.iutctl.create_zephyr_ctl_class.<locals>.ZephyrCtl'>.stop
2026-09-23 19:59:17,631 LT1-thread root DEBUG __init__.py               51    reset                     : About to reset DUT: JLink -CommandFile reset.jlink -usb 1063214216 -device MIMXRT1176XXXA_M7
2026-09-23 19:59:17,936 BTPWorkerThread-2583 (_rx_task) root DEBUG iutctl_common.py          123   read                      : Read 5 bytes
2026-09-23 19:59:17,936 BTPWorkerThread-2583 (_rx_task) root DEBUG iutctl_common.py          131   read                      : Received: hdr: Header(svc_id=0x00, op=0x80, ctrl_index=0xff, data_len=0x00) bytearray(b'\x00\x80\xff\x00\x00')
2026-09-23 19:59:17,937 BTPWorkerThread-2583 (_rx_task) root DEBUG iutctl_common.py          154   read                      : Received data: {''}, bytearray(b'')
2026-09-23 19:59:17,937 BTPWorkerThread-2583 (_rx_task) root DEBUG btp.py                    736   event_handler             : Header(svc_id=0, op=128, ctrl_index=255, data_len=0) (b'',)
2026-09-23 19:59:17,937 BTPWorkerThread-2583 (_rx_task) root DEBUG core.py                   23    core_iut_ready_ev         : 
2026-09-23 19:59:18,007 LT1-thread root DEBUG iutctl.py                 436   _stop_tty_mode            : IUT ready event received OK
2026-09-23 19:59:18,007 LT1-thread root DEBUG iutctl_common.py          416   close                     : Waiting for _rx_worker to finish ...
2026-09-23 19:59:18,937 BTPWorkerThread-2583 (_rx_task) root DEBUG iutctl_common.py          332   _rx_task                  : BTPWorkerThread-2583 (_rx_task) finishing...
2026-09-23 19:59:21,943 LT1-thread root DEBUG testcase.py               794   post_run                  : post_run, cleanup running post test case script
2026-09-23 19:59:21,943 LT1-thread root DEBUG testcase.py               802   post_run                  : post_run, run post test case script
2026-09-23 19:59:22,017 LT1-thread root DEBUG client.py                 1220  _run_test_case            : Done TestCase _run_test_case AVDTP AVDTP/SNK/INT/SIG/SMG/BV-15-C
