2026-10-09 04:50:44,785 LT1-thread root DEBUG client.py                 1099  _run_test_case            : Starting TestCase _run_test_case HFP HFP/HF/ACS/BV-05-C
2026-10-09 04:50:44,785 LT1-thread root DEBUG testcase.py               727   pre_run                   : pre_run HFP HFP/HF/ACS/BV-05-C
2026-10-09 04:50:44,785 LT1-thread root DEBUG testcase.py               729   pre_run                   : About to run test case HFP HFP/HF/ACS/BV-05-C with commands:
2026-10-09 04:50:44,786 LT1-thread root DEBUG testcase.py               731   pre_run                   : 0) class=<class 'autopts.ptsprojects.testcase.TestFunc'>, func=<bound method ZTestCase._test_case_start of <autopts.ptsprojects.zephyr.ztestcase.ZTestCase object at 0x000002C687C36B70>> start_wid=None stop_wid=None post_wid=None skip_call=None call_count=0 args=() kwds={}
2026-10-09 04:50:44,786 LT1-thread root DEBUG testcase.py               731   pre_run                   : 1) class=<class 'autopts.ptsprojects.testcase.TestFunc'>, func=<function core_reg_svc_gap at 0x000002C684E2E160> start_wid=None stop_wid=None post_wid=None skip_call=None call_count=167 args=() kwds={}
2026-10-09 04:50:44,786 LT1-thread root DEBUG testcase.py               731   pre_run                   : 2) class=<class 'autopts.ptsprojects.testcase.TestFunc'>, func=<bound method Stack.gap_init of <autopts.ptsprojects.stack.stack.Stack object at 0x000002C6862F6F00>> start_wid=None stop_wid=None post_wid=None skip_call=None call_count=167 args=(b'Tester_08E44E',) kwds={}
2026-10-09 04:50:44,786 LT1-thread root DEBUG testcase.py               731   pre_run                   : 3) class=<class 'autopts.ptsprojects.testcase.TestFunc'>, func=<function gap_read_controller_info at 0x000002C684E6EB60> start_wid=None stop_wid=None post_wid=None skip_call=None call_count=167 args=() kwds={}
2026-10-09 04:50:44,786 LT1-thread root DEBUG testcase.py               731   pre_run                   : 4) class=<class 'autopts.ptsprojects.testcase.TestFunc'>, func=<function test_cases.<locals>.<lambda> at 0x000002C687C10AE0> start_wid=None stop_wid=None post_wid=None skip_call=None call_count=167 args=() kwds={}
2026-10-09 04:50:44,786 LT1-thread root DEBUG testcase.py               731   pre_run                   : 5) class=<class 'autopts.ptsprojects.testcase.TestFunc'>, func=<function set_pts_addr at 0x000002C684E2DD00> start_wid=None stop_wid=None post_wid=None skip_call=None call_count=167 args=('00:1B:DC:08:E4:4E', 0) kwds={}
2026-10-09 04:50:44,786 LT1-thread root DEBUG testcase.py               731   pre_run                   : 6) class=<class 'autopts.ptsprojects.testcase.TestFunc'>, func=<function gap_set_connectable at 0x000002C684E6E480> start_wid=None stop_wid=None post_wid=None skip_call=None call_count=167 args=() kwds={}
2026-10-09 04:50:44,786 LT1-thread root DEBUG testcase.py               731   pre_run                   : 7) class=<class 'autopts.ptsprojects.testcase.TestFunc'>, func=<function gap_set_general_discoverable at 0x000002C684E6E660> start_wid=None stop_wid=None post_wid=None skip_call=None call_count=167 args=() kwds={}
2026-10-09 04:50:44,786 LT1-thread root DEBUG testcase.py               731   pre_run                   : 8) class=<class 'autopts.ptsprojects.testcase.TestFunc'>, func=<function gap_set_io_capability at 0x000002C684E6E020> start_wid=None stop_wid=None post_wid=None skip_call=None call_count=167 args=(3,) kwds={}
2026-10-09 04:50:44,787 LT1-thread root DEBUG testcase.py               731   pre_run                   : 9) class=<class 'autopts.ptsprojects.testcase.TestFunc'>, func=<function core_reg_svc_hfp_hf at 0x000002C684E2F880> start_wid=None stop_wid=None post_wid=None skip_call=None call_count=15 args=() kwds={}
2026-10-09 04:50:44,787 LT1-thread root DEBUG testcase.py               731   pre_run                   : 10) class=<class 'autopts.ptsprojects.testcase.TestFunc'>, func=<bound method Stack.hfp_hf_init of <autopts.ptsprojects.stack.stack.Stack object at 0x000002C6862F6F00>> start_wid=None stop_wid=None post_wid=None skip_call=None call_count=15 args=() kwds={}
2026-10-09 04:50:44,787 LT1-thread root DEBUG testcase.py               731   pre_run                   : 11) class=<class 'autopts.ptsprojects.testcase.TestFuncCleanUp'>, func=<bound method ZTestCase._test_case_cleanup of <autopts.ptsprojects.zephyr.ztestcase.ZTestCase object at 0x000002C687C36B70>> start_wid=None stop_wid=None post_wid=None skip_call=None call_count=0 args=() kwds={}
2026-10-09 04:50:44,787 LT1-thread root DEBUG testcase.py               738   pre_run                   : pre_run, run pre test case script
2026-10-09 04:50:44,794 LT1-thread root DEBUG testcase.py               254   start                     : Starting test function: class=<class 'autopts.ptsprojects.testcase.TestFunc'>, func=<bound method ZTestCase._test_case_start of <autopts.ptsprojects.zephyr.ztestcase.ZTestCase object at 0x000002C687C36B70>> start_wid=None stop_wid=None post_wid=None skip_call=None call_count=1 args=() kwds={}
2026-10-09 04:50:44,794 LT1-thread root DEBUG testcase.py               266   start                     : Test function parameters: args=(), kwds={}
2026-10-09 04:50:44,795 LT1-thread root DEBUG iutctl.py                 172   start                     : <class 'autopts.ptsprojects.zephyr.iutctl.create_zephyr_ctl_class.<locals>.ZephyrCtl'>.start
2026-10-09 04:50:44,795 LT1-thread root DEBUG iutctl.py                 325   flush_serial              : <class 'autopts.ptsprojects.zephyr.iutctl.create_zephyr_ctl_class.<locals>.ZephyrCtl'>.flush_serial
2026-10-09 04:50:45,976 LT1-thread root DEBUG iutctl.py                 249   _start_tty_mode           : Starting socat process: socat.exe -x -v tcp:10.17.12.9:51127,retry=100,interval=1 /dev/ttyS2,raw,b115200,
2026-10-09 04:50:45,983 LT1-thread root DEBUG iutctl_common.py          402   accept                    : 
2026-10-09 04:50:46,055 BTPWorkerThread-25091 (_rx_task) root DEBUG iutctl_common.py          299   _rx_task                  : BTPWorkerThread-25091 (_rx_task) started
2026-10-09 04:50:46,055 LT1-thread root DEBUG iutctl.py                 395   wait_iut_ready_event      : IUT ready event received OK
2026-10-09 04:50:46,056 LT1-thread root DEBUG btp.py                    51    read_supp_svcs            : 
2026-10-09 04:50:46,056 LT1-thread root DEBUG iutctl_common.py          161   send                      : 0 2 255 ''
2026-10-09 04:50:46,056 LT1-thread root DEBUG iutctl_common.py          166   send                      : sending frame '0002ff0000'
2026-10-09 04:50:46,056 LT1-thread root DEBUG iutctl_common.py          339   read                      : 
2026-10-09 04:50:46,067 BTPWorkerThread-25091 (_rx_task) root DEBUG iutctl_common.py          123   read                      : Read 5 bytes
2026-10-09 04:50:46,078 BTPWorkerThread-25091 (_rx_task) root DEBUG iutctl_common.py          131   read                      : Received: hdr: Header(svc_id=0x00, op=0x02, ctrl_index=0xff, data_len=0x06) bytearray(b'\x00\x02\xff\x06\x00')
2026-10-09 04:50:46,083 BTPWorkerThread-25091 (_rx_task) root DEBUG iutctl_common.py          139   read                      : Read 6 bytes data
2026-10-09 04:50:46,093 BTPWorkerThread-25091 (_rx_task) root DEBUG iutctl_common.py          154   read                      : Received data: {'0f 00 00 a0 ff 03'}, bytearray(b'\x0f\x00\x00\xa0\xff\x03')
2026-10-09 04:50:46,104 LT1-thread root DEBUG btp.py                    62    read_supp_svcs            : received Header(svc_id=0, op=2, ctrl_index=255, data_len=6) (b'\x0f\x00\x00\xa0\xff\x03',)
2026-10-09 04:50:46,104 LT1-thread root DEBUG testcase.py               254   start                     : Starting test function: class=<class 'autopts.ptsprojects.testcase.TestFunc'>, func=<function core_reg_svc_gap at 0x000002C684E2E160> start_wid=None stop_wid=None post_wid=None skip_call=None call_count=168 args=() kwds={}
2026-10-09 04:50:46,104 LT1-thread root DEBUG testcase.py               266   start                     : Test function parameters: args=(), kwds={}
2026-10-09 04:50:46,104 LT1-thread root DEBUG btp.py                    117   core_reg_svc_univ         : core_reg_svc_univ: gap_reg (GAP)
2026-10-09 04:50:46,104 LT1-thread root DEBUG iutctl_common.py          161   send                      : 0 3 255 '1'
2026-10-09 04:50:46,104 LT1-thread root DEBUG iutctl_common.py          166   send                      : sending frame '0003ff010001'
2026-10-09 04:50:46,105 LT1-thread root DEBUG btp.py                    654   core_reg_svc_rsp_succ     : 
2026-10-09 04:50:46,105 LT1-thread root DEBUG iutctl_common.py          339   read                      : 
2026-10-09 04:50:50,216 BTPWorkerThread-25091 (_rx_task) root DEBUG iutctl_common.py          123   read                      : Read 5 bytes
2026-10-09 04:50:50,221 BTPWorkerThread-25091 (_rx_task) root DEBUG iutctl_common.py          131   read                      : Received: hdr: Header(svc_id=0x00, op=0x03, ctrl_index=0xff, data_len=0x00) bytearray(b'\x00\x03\xff\x00\x00')
2026-10-09 04:50:50,221 BTPWorkerThread-25091 (_rx_task) root DEBUG iutctl_common.py          154   read                      : Received data: {''}, bytearray(b'')
2026-10-09 04:50:50,221 LT1-thread root DEBUG btp.py                    665   core_reg_svc_rsp_succ     : received Header(svc_id=0, op=3, ctrl_index=255, data_len=0) (b'',)
2026-10-09 04:50:50,221 LT1-thread root DEBUG btp.py                    666   core_reg_svc_rsp_succ     : expected ((0, 3, 255, 0), (b'',))
2026-10-09 04:50:50,221 LT1-thread root DEBUG btp.py                    671   core_reg_svc_rsp_succ     : response is valid
2026-10-09 04:50:50,221 LT1-thread root DEBUG btp.py                    674   core_reg_svc_rsp_succ     : Reading supported commands for service: GAP
2026-10-09 04:50:50,221 LT1-thread root DEBUG iutctl_common.py          161   send                      : 1 1 255 ''
2026-10-09 04:50:50,221 LT1-thread root DEBUG iutctl_common.py          166   send                      : sending frame '0101ff0000'
2026-10-09 04:50:50,221 LT1-thread root DEBUG iutctl_common.py          339   read                      : 
2026-10-09 04:50:50,259 BTPWorkerThread-25091 (_rx_task) root DEBUG iutctl_common.py          123   read                      : Read 5 bytes
2026-10-09 04:50:50,259 BTPWorkerThread-25091 (_rx_task) root DEBUG iutctl_common.py          131   read                      : Received: hdr: Header(svc_id=0x01, op=0x01, ctrl_index=0xff, data_len=0x07) bytearray(b'\x01\x01\xff\x07\x00')
2026-10-09 04:50:50,270 BTPWorkerThread-25091 (_rx_task) root DEBUG iutctl_common.py          139   read                      : Read 7 bytes data
2026-10-09 04:50:50,281 BTPWorkerThread-25091 (_rx_task) root DEBUG iutctl_common.py          154   read                      : Received data: {'6e ff 7f 1f fe ff 2e'}, bytearray(b'n\xff\x7f\x1f\xfe\xff.')
2026-10-09 04:50:50,291 LT1-thread root DEBUG testcase.py               254   start                     : Starting test function: class=<class 'autopts.ptsprojects.testcase.TestFunc'>, func=<bound method Stack.gap_init of <autopts.ptsprojects.stack.stack.Stack object at 0x000002C6862F6F00>> start_wid=None stop_wid=None post_wid=None skip_call=None call_count=168 args=(b'Tester_08E44E',) kwds={}
2026-10-09 04:50:50,291 LT1-thread root DEBUG testcase.py               266   start                     : Test function parameters: args=(b'Tester_08E44E',), kwds={}
2026-10-09 04:50:50,291 LT1-thread root DEBUG testcase.py               254   start                     : Starting test function: class=<class 'autopts.ptsprojects.testcase.TestFunc'>, func=<function gap_read_controller_info at 0x000002C684E6EB60> start_wid=None stop_wid=None post_wid=None skip_call=None call_count=168 args=() kwds={}
2026-10-09 04:50:50,291 LT1-thread root DEBUG testcase.py               266   start                     : Test function parameters: args=(), kwds={}
2026-10-09 04:50:50,291 LT1-thread root DEBUG gap.py                    1163  gap_read_controller_info  : 
2026-10-09 04:50:50,291 LT1-thread root DEBUG iutctl_common.py          161   send                      : 1 3 0 ''
2026-10-09 04:50:50,291 LT1-thread root DEBUG iutctl_common.py          166   send                      : sending frame '0103000000'
2026-10-09 04:50:50,292 LT1-thread root DEBUG iutctl_common.py          339   read                      : 
2026-10-09 04:50:50,325 BTPWorkerThread-25091 (_rx_task) root DEBUG iutctl_common.py          123   read                      : Read 5 bytes
2026-10-09 04:50:50,335 BTPWorkerThread-25091 (_rx_task) root DEBUG iutctl_common.py          131   read                      : Received: hdr: Header(svc_id=0x01, op=0x03, ctrl_index=0x00, data_len=0x115) bytearray(b'\x01\x03\x00\x15\x01')
2026-10-09 04:50:50,346 BTPWorkerThread-25091 (_rx_task) root DEBUG iutctl_common.py          139   read                      : Read 242 bytes data
2026-10-09 04:50:50,362 BTPWorkerThread-25091 (_rx_task) root DEBUG iutctl_common.py          139   read                      : Read 35 bytes data
2026-10-09 04:50:50,373 BTPWorkerThread-25091 (_rx_task) root DEBUG iutctl_common.py          154   read                      : Received data: {'19 78 ee 69 17 d0 d3 06 02 00 13 02 00 00 00 00 00 62 74 70 5f 74 65 73 74 65 72 00 00 00 00 00 00 00 00 00 00 00 00 00 00 00 00 00 00 00 00 00 00 00 00 00 00 00 00 00 00 00 00 00 00 00 00 00 00 00 00 00 00 00 00 00 00 00 00 00 00 00 00 00 00 00 00 00 00 00 00 00 00 00 00 00 00 00 00 00 00 00 00 00 00 00 00 00 00 00 00 00 00 00 00 00 00 00 00 00 00 00 00 00 00 00 00 00 00 00 00 00 00 00 00 00 00 00 00 00 00 00 00 00 00 00 00 00 00 00 00 00 00 00 00 00 00 00 00 00 00 00 00 00 00 00 00 00 00 00 00 00 00 00 00 00 00 00 00 00 00 00 00 00 00 00 00 00 00 00 00 00 00 00 00 00 00 00 00 00 00 00 00 00 00 00 00 00 00 00 00 00 00 00 00 00 00 00 00 00 00 00 00 00 00 00 00 00 00 00 00 00 00 00 00 00 00 00 00 00 00 00 00 00 00 00 00 00 00 00 00 00 00 00 00 00 00 00 00 00 00 00 00 00 00 00 00 00 00 00 00 00 00 00 00 00 00 00 00 00 00'}, bytearray(b'\x19x\xeei\x17\xd0\xd3\x06\x02\x00\x13\x02\x00\x00\x00\x00\x00btp_tester\x00\x00\x00\x00\x00\x00\x00\x00\x00\x00\x00\x00\x00\x00\x00\x00\x00\x00\x00\x00\x00\x00\x00\x00\x00\x00\x00\x00\x00\x00\x00\x00\x00\x00\x00\x00\x00\x00\x00\x00\x00\x00\x00\x00\x00\x00\x00\x00\x00\x00\x00\x00\x00\x00\x00\x00\x00\x00\x00\x00\x00\x00\x00\x00\x00\x00\x00\x00\x00\x00\x00\x00\x00\x00\x00\x00\x00\x00\x00\x00\x00\x00\x00\x00\x00\x00\x00\x00\x00\x00\x00\x00\x00\x00\x00\x00\x00\x00\x00\x00\x00\x00\x00\x00\x00\x00\x00\x00\x00\x00\x00\x00\x00\x00\x00\x00\x00\x00\x00\x00\x00\x00\x00\x00\x00\x00\x00\x00\x00\x00\x00\x00\x00\x00\x00\x00\x00\x00\x00\x00\x00\x00\x00\x00\x00\x00\x00\x00\x00\x00\x00\x00\x00\x00\x00\x00\x00\x00\x00\x00\x00\x00\x00\x00\x00\x00\x00\x00\x00\x00\x00\x00\x00\x00\x00\x00\x00\x00\x00\x00\x00\x00\x00\x00\x00\x00\x00\x00\x00\x00\x00\x00\x00\x00\x00\x00\x00\x00\x00\x00\x00\x00\x00\x00\x00\x00\x00\x00\x00\x00\x00\x00\x00\x00\x00\x00\x00\x00\x00\x00\x00\x00\x00\x00\x00\x00\x00\x00\x00\x00\x00\x00\x00\x00\x00\x00\x00\x00\x00\x00\x00\x00\x00\x00\x00\x00\x00\x00\x00\x00')
2026-10-09 04:50:50,384 LT1-thread root DEBUG gap.py                    1170  gap_read_controller_info  : received Header(svc_id=1, op=3, ctrl_index=0, data_len=277) (b'\x19x\xeei\x17\xd0\xd3\x06\x02\x00\x13\x02\x00\x00\x00\x00\x00btp_tester\x00\x00\x00\x00\x00\x00\x00\x00\x00\x00\x00\x00\x00\x00\x00\x00\x00\x00\x00\x00\x00\x00\x00\x00\x00\x00\x00\x00\x00\x00\x00\x00\x00\x00\x00\x00\x00\x00\x00\x00\x00\x00\x00\x00\x00\x00\x00\x00\x00\x00\x00\x00\x00\x00\x00\x00\x00\x00\x00\x00\x00\x00\x00\x00\x00\x00\x00\x00\x00\x00\x00\x00\x00\x00\x00\x00\x00\x00\x00\x00\x00\x00\x00\x00\x00\x00\x00\x00\x00\x00\x00\x00\x00\x00\x00\x00\x00\x00\x00\x00\x00\x00\x00\x00\x00\x00\x00\x00\x00\x00\x00\x00\x00\x00\x00\x00\x00\x00\x00\x00\x00\x00\x00\x00\x00\x00\x00\x00\x00\x00\x00\x00\x00\x00\x00\x00\x00\x00\x00\x00\x00\x00\x00\x00\x00\x00\x00\x00\x00\x00\x00\x00\x00\x00\x00\x00\x00\x00\x00\x00\x00\x00\x00\x00\x00\x00\x00\x00\x00\x00\x00\x00\x00\x00\x00\x00\x00\x00\x00\x00\x00\x00\x00\x00\x00\x00\x00\x00\x00\x00\x00\x00\x00\x00\x00\x00\x00\x00\x00\x00\x00\x00\x00\x00\x00\x00\x00\x00\x00\x00\x00\x00\x00\x00\x00\x00\x00\x00\x00\x00\x00\x00\x00\x00\x00\x00\x00\x00\x00\x00\x00\x00\x00\x00\x00\x00\x00\x00\x00\x00\x00\x00\x00\x00\x00\x00\x00\x00\x00\x00',)
2026-10-09 04:50:50,384 LT1-thread root DEBUG gap.py                    1191  gap_read_controller_info  : IUT address 'd01769ee7819' 'public'
2026-10-09 04:50:50,384 LT1-thread root DEBUG gap.py                    596   __gap_current_settings_update : 531
2026-10-09 04:50:50,384 LT1-thread root DEBUG testcase.py               254   start                     : Starting test function: class=<class 'autopts.ptsprojects.testcase.TestFunc'>, func=<function test_cases.<locals>.<lambda> at 0x000002C687C10AE0> start_wid=None stop_wid=None post_wid=None skip_call=None call_count=168 args=() kwds={}
2026-10-09 04:50:50,384 LT1-thread root DEBUG testcase.py               266   start                     : Test function parameters: args=(), kwds={}
2026-10-09 04:50:50,388 LT1-thread root DEBUG testcase.py               254   start                     : Starting test function: class=<class 'autopts.ptsprojects.testcase.TestFunc'>, func=<function set_pts_addr at 0x000002C684E2DD00> start_wid=None stop_wid=None post_wid=None skip_call=None call_count=168 args=('00:1B:DC:08:E4:4E', 0) kwds={}
2026-10-09 04:50:50,388 LT1-thread root DEBUG testcase.py               266   start                     : Test function parameters: args=('00:1B:DC:08:E4:4E', 0), kwds={}
2026-10-09 04:50:50,388 LT1-thread root DEBUG testcase.py               254   start                     : Starting test function: class=<class 'autopts.ptsprojects.testcase.TestFunc'>, func=<function gap_set_connectable at 0x000002C684E6E480> start_wid=None stop_wid=None post_wid=None skip_call=None call_count=168 args=() kwds={}
2026-10-09 04:50:50,388 LT1-thread root DEBUG testcase.py               266   start                     : Test function parameters: args=(), kwds={}
2026-10-09 04:50:50,388 LT1-thread root DEBUG gap.py                    984   gap_set_connectable       : 
2026-10-09 04:50:50,389 LT1-thread root DEBUG testcase.py               254   start                     : Starting test function: class=<class 'autopts.ptsprojects.testcase.TestFunc'>, func=<function gap_set_general_discoverable at 0x000002C684E6E660> start_wid=None stop_wid=None post_wid=None skip_call=None call_count=168 args=() kwds={}
2026-10-09 04:50:50,389 LT1-thread root DEBUG testcase.py               266   start                     : Test function parameters: args=(), kwds={}
2026-10-09 04:50:50,389 LT1-thread root DEBUG gap.py                    1035  gap_set_general_discoverable : 
2026-10-09 04:50:50,389 LT1-thread root DEBUG iutctl_common.py          161   send                      : 1 8 0 '1'
2026-10-09 04:50:50,389 LT1-thread root DEBUG iutctl_common.py          166   send                      : sending frame '010800010001'
2026-10-09 04:50:50,389 LT1-thread root DEBUG gap.py                    1229  gap_command_rsp_succ      : 
2026-10-09 04:50:50,389 LT1-thread root DEBUG iutctl_common.py          339   read                      : 
2026-10-09 04:50:50,443 BTPWorkerThread-25091 (_rx_task) root DEBUG iutctl_common.py          123   read                      : Read 5 bytes
2026-10-09 04:50:50,454 BTPWorkerThread-25091 (_rx_task) root DEBUG iutctl_common.py          131   read                      : Received: hdr: Header(svc_id=0x01, op=0x08, ctrl_index=0x00, data_len=0x04) bytearray(b'\x01\x08\x00\x04\x00')
2026-10-09 04:50:50,459 BTPWorkerThread-25091 (_rx_task) root DEBUG iutctl_common.py          139   read                      : Read 4 bytes data
2026-10-09 04:50:50,465 BTPWorkerThread-25091 (_rx_task) root DEBUG iutctl_common.py          154   read                      : Received data: {'1b 02 00 00'}, bytearray(b'\x1b\x02\x00\x00')
2026-10-09 04:50:50,477 LT1-thread root DEBUG gap.py                    1234  gap_command_rsp_succ      : received Header(svc_id=1, op=8, ctrl_index=0, data_len=4) (b'\x1b\x02\x00\x00',)
2026-10-09 04:50:50,477 LT1-thread root DEBUG gap.py                    596   __gap_current_settings_update : (b'\x1b\x02\x00\x00',)
2026-10-09 04:50:50,477 LT1-thread root DEBUG testcase.py               254   start                     : Starting test function: class=<class 'autopts.ptsprojects.testcase.TestFunc'>, func=<function gap_set_io_capability at 0x000002C684E6E020> start_wid=None stop_wid=None post_wid=None skip_call=None call_count=168 args=(3,) kwds={}
2026-10-09 04:50:50,477 LT1-thread root DEBUG testcase.py               266   start                     : Test function parameters: args=(3,), kwds={}
2026-10-09 04:50:50,477 LT1-thread root DEBUG gap.py                    861   gap_set_io_capability     : 3
2026-10-09 04:50:50,477 LT1-thread root DEBUG iutctl_common.py          161   send                      : 1 16 0 '\x03'
2026-10-09 04:50:50,477 LT1-thread root DEBUG iutctl_common.py          166   send                      : sending frame '011000010003'
2026-10-09 04:50:50,478 LT1-thread root DEBUG gap.py                    1229  gap_command_rsp_succ      : 
2026-10-09 04:50:50,478 LT1-thread root DEBUG iutctl_common.py          339   read                      : 
2026-10-09 04:50:50,506 BTPWorkerThread-25091 (_rx_task) root DEBUG iutctl_common.py          123   read                      : Read 5 bytes
2026-10-09 04:50:50,512 BTPWorkerThread-25091 (_rx_task) root DEBUG iutctl_common.py          131   read                      : Received: hdr: Header(svc_id=0x01, op=0x10, ctrl_index=0x00, data_len=0x00) bytearray(b'\x01\x10\x00\x00\x00')
2026-10-09 04:50:50,512 BTPWorkerThread-25091 (_rx_task) root DEBUG iutctl_common.py          154   read                      : Received data: {''}, bytearray(b'')
2026-10-09 04:50:50,518 LT1-thread root DEBUG gap.py                    1234  gap_command_rsp_succ      : received Header(svc_id=1, op=16, ctrl_index=0, data_len=0) (b'',)
2026-10-09 04:50:50,518 LT1-thread root DEBUG testcase.py               254   start                     : Starting test function: class=<class 'autopts.ptsprojects.testcase.TestFunc'>, func=<function core_reg_svc_hfp_hf at 0x000002C684E2F880> start_wid=None stop_wid=None post_wid=None skip_call=None call_count=16 args=() kwds={}
2026-10-09 04:50:50,518 LT1-thread root DEBUG testcase.py               266   start                     : Test function parameters: args=(), kwds={}
2026-10-09 04:50:50,518 LT1-thread root DEBUG btp.py                    117   core_reg_svc_univ         : core_reg_svc_univ: hfp_hf_reg (HFP_HF)
2026-10-09 04:50:50,518 LT1-thread root DEBUG iutctl_common.py          161   send                      : 0 3 255 '33'
2026-10-09 04:50:50,518 LT1-thread root DEBUG iutctl_common.py          166   send                      : sending frame '0003ff010021'
2026-10-09 04:50:50,519 LT1-thread root DEBUG btp.py                    654   core_reg_svc_rsp_succ     : 
2026-10-09 04:50:50,519 LT1-thread root DEBUG iutctl_common.py          339   read                      : 
2026-10-09 04:50:50,551 BTPWorkerThread-25091 (_rx_task) root DEBUG iutctl_common.py          123   read                      : Read 5 bytes
2026-10-09 04:50:50,562 BTPWorkerThread-25091 (_rx_task) root DEBUG iutctl_common.py          131   read                      : Received: hdr: Header(svc_id=0x00, op=0x03, ctrl_index=0xff, data_len=0x00) bytearray(b'\x00\x03\xff\x00\x00')
2026-10-09 04:50:50,568 BTPWorkerThread-25091 (_rx_task) root DEBUG iutctl_common.py          154   read                      : Received data: {''}, bytearray(b'')
2026-10-09 04:50:50,578 LT1-thread root DEBUG btp.py                    665   core_reg_svc_rsp_succ     : received Header(svc_id=0, op=3, ctrl_index=255, data_len=0) (b'',)
2026-10-09 04:50:50,578 LT1-thread root DEBUG btp.py                    666   core_reg_svc_rsp_succ     : expected ((0, 3, 255, 0), (b'',))
2026-10-09 04:50:50,578 LT1-thread root DEBUG btp.py                    671   core_reg_svc_rsp_succ     : response is valid
2026-10-09 04:50:50,578 LT1-thread root DEBUG btp.py                    674   core_reg_svc_rsp_succ     : Reading supported commands for service: HFP_HF
2026-10-09 04:50:50,578 LT1-thread root DEBUG iutctl_common.py          161   send                      : 33 1 255 ''
2026-10-09 04:50:50,578 LT1-thread root DEBUG iutctl_common.py          166   send                      : sending frame '2101ff0000'
2026-10-09 04:50:50,579 LT1-thread root DEBUG iutctl_common.py          339   read                      : 
2026-10-09 04:50:50,614 BTPWorkerThread-25091 (_rx_task) root DEBUG iutctl_common.py          123   read                      : Read 5 bytes
2026-10-09 04:50:50,625 BTPWorkerThread-25091 (_rx_task) root DEBUG iutctl_common.py          131   read                      : Received: hdr: Header(svc_id=0x21, op=0x01, ctrl_index=0xff, data_len=0x05) bytearray(b'!\x01\xff\x05\x00')
2026-10-09 04:50:50,631 BTPWorkerThread-25091 (_rx_task) root DEBUG iutctl_common.py          139   read                      : Read 5 bytes data
2026-10-09 04:50:50,636 BTPWorkerThread-25091 (_rx_task) root DEBUG iutctl_common.py          154   read                      : Received data: {'fe ff ff ff 7f'}, bytearray(b'\xfe\xff\xff\xff\x7f')
2026-10-09 04:50:50,636 LT1-thread root DEBUG testcase.py               254   start                     : Starting test function: class=<class 'autopts.ptsprojects.testcase.TestFunc'>, func=<bound method Stack.hfp_hf_init of <autopts.ptsprojects.stack.stack.Stack object at 0x000002C6862F6F00>> start_wid=None stop_wid=None post_wid=None skip_call=None call_count=16 args=() kwds={}
2026-10-09 04:50:50,636 LT1-thread root DEBUG testcase.py               266   start                     : Test function parameters: args=(), kwds={}
2026-10-09 04:50:50,639 LT1-thread root DEBUG client.py                 276   get_result                : ClientCallback.get_result run_test_case
2026-10-09 04:51:03,355 BTPWorkerThread-25091 (_rx_task) root DEBUG iutctl_common.py          123   read                      : Read 5 bytes
2026-10-09 04:51:03,356 BTPWorkerThread-25091 (_rx_task) root DEBUG iutctl_common.py          131   read                      : Received: hdr: Header(svc_id=0x01, op=0x82, ctrl_index=0x00, data_len=0x0d) bytearray(b'\x01\x82\x00\r\x00')
2026-10-09 04:51:03,356 BTPWorkerThread-25091 (_rx_task) root DEBUG iutctl_common.py          139   read                      : Read 13 bytes data
2026-10-09 04:51:03,356 BTPWorkerThread-25091 (_rx_task) root DEBUG iutctl_common.py          154   read                      : Received data: {'e0 4e e4 08 dc 1b 00 00 00 00 00 00 00'}, bytearray(b'\xe0N\xe4\x08\xdc\x1b\x00\x00\x00\x00\x00\x00\x00')
2026-10-09 04:51:03,356 BTPWorkerThread-25091 (_rx_task) root DEBUG btp.py                    736   event_handler             : Header(svc_id=1, op=130, ctrl_index=0, data_len=13) (b'\xe0N\xe4\x08\xdc\x1b\x00\x00\x00\x00\x00\x00\x00',)
2026-10-09 04:51:03,357 BTPWorkerThread-25091 (_rx_task) root DEBUG gap.py                    215   gap_connected_ev_         : b'\xe0N\xe4\x08\xdc\x1b\x00\x00\x00\x00\x00\x00\x00'
2026-10-09 04:51:03,357 BTPWorkerThread-25091 (_rx_task) root DEBUG iutctl_common.py          123   read                      : Read 5 bytes
2026-10-09 04:51:03,357 BTPWorkerThread-25091 (_rx_task) root DEBUG iutctl_common.py          131   read                      : Received: hdr: Header(svc_id=0x01, op=0x80, ctrl_index=0x00, data_len=0x04) bytearray(b'\x01\x80\x00\x04\x00')
2026-10-09 04:51:03,357 BTPWorkerThread-25091 (_rx_task) root DEBUG iutctl_common.py          139   read                      : Read 4 bytes data
2026-10-09 04:51:03,357 BTPWorkerThread-25091 (_rx_task) root DEBUG iutctl_common.py          154   read                      : Received data: {'1b 02 00 00'}, bytearray(b'\x1b\x02\x00\x00')
2026-10-09 04:51:03,357 BTPWorkerThread-25091 (_rx_task) root DEBUG btp.py                    736   event_handler             : Header(svc_id=1, op=128, ctrl_index=0, data_len=4) (b'\x1b\x02\x00\x00',)
2026-10-09 04:51:03,358 BTPWorkerThread-25091 (_rx_task) root DEBUG gap.py                    183   gap_new_settings_ev_      : b'\x1b\x02\x00\x00'
2026-10-09 04:51:03,358 BTPWorkerThread-25091 (_rx_task) root DEBUG gap.py                    596   __gap_current_settings_update : 539
2026-10-09 04:51:05,013 BTPWorkerThread-25091 (_rx_task) root DEBUG iutctl_common.py          123   read                      : Read 5 bytes
2026-10-09 04:51:05,013 BTPWorkerThread-25091 (_rx_task) root DEBUG iutctl_common.py          131   read                      : Received: hdr: Header(svc_id=0x01, op=0x91, ctrl_index=0x00, data_len=0x09) bytearray(b'\x01\x91\x00\t\x00')
2026-10-09 04:51:05,013 BTPWorkerThread-25091 (_rx_task) root DEBUG iutctl_common.py          139   read                      : Read 9 bytes data
2026-10-09 04:51:05,013 BTPWorkerThread-25091 (_rx_task) root DEBUG iutctl_common.py          154   read                      : Received data: {'e0 4e e4 08 dc 1b 00 01 10'}, bytearray(b'\xe0N\xe4\x08\xdc\x1b\x00\x01\x10')
2026-10-09 04:51:05,013 BTPWorkerThread-25091 (_rx_task) root DEBUG btp.py                    736   event_handler             : Header(svc_id=1, op=145, ctrl_index=0, data_len=9) (b'\xe0N\xe4\x08\xdc\x1b\x00\x01\x10',)
2026-10-09 04:51:05,013 BTPWorkerThread-25091 (_rx_task) root DEBUG gap.py                    494   gap_encryption_change_ev_ : 
2026-10-09 04:51:05,013 BTPWorkerThread-25091 (_rx_task) root DEBUG gap.py                    496   gap_encryption_change_ev_ : enc change received b'\xe0N\xe4\x08\xdc\x1b\x00\x01\x10'
2026-10-09 04:51:05,013 BTPWorkerThread-25091 (_rx_task) root DEBUG gap.py                    505   gap_encryption_change_ev_ : received (224, '001bdc08e44e', 1, 16)
2026-10-09 04:51:05,013 BTPWorkerThread-25091 (_rx_task) root DEBUG iutctl_common.py          123   read                      : Read 5 bytes
2026-10-09 04:51:05,013 BTPWorkerThread-25091 (_rx_task) root DEBUG iutctl_common.py          131   read                      : Received: hdr: Header(svc_id=0x01, op=0x89, ctrl_index=0x00, data_len=0x08) bytearray(b'\x01\x89\x00\x08\x00')
2026-10-09 04:51:05,013 BTPWorkerThread-25091 (_rx_task) root DEBUG iutctl_common.py          139   read                      : Read 8 bytes data
2026-10-09 04:51:05,013 BTPWorkerThread-25091 (_rx_task) root DEBUG iutctl_common.py          154   read                      : Received data: {'e0 4e e4 08 dc 1b 00 02'}, bytearray(b'\xe0N\xe4\x08\xdc\x1b\x00\x02')
2026-10-09 04:51:05,013 BTPWorkerThread-25091 (_rx_task) root DEBUG btp.py                    736   event_handler             : Header(svc_id=1, op=137, ctrl_index=0, data_len=8) (b'\xe0N\xe4\x08\xdc\x1b\x00\x02',)
2026-10-09 04:51:05,014 BTPWorkerThread-25091 (_rx_task) root DEBUG gap.py                    300   gap_sec_level_changed_ev_ : 
2026-10-09 04:51:05,014 BTPWorkerThread-25091 (_rx_task) root DEBUG gap.py                    302   gap_sec_level_changed_ev_ : received b'\xe0N\xe4\x08\xdc\x1b\x00\x02'
2026-10-09 04:51:05,014 BTPWorkerThread-25091 (_rx_task) root DEBUG gap.py                    313   gap_sec_level_changed_ev_ : received (224, '001bdc08e44e', 2)
2026-10-09 04:51:05,216 LT1-callback ClientCallback.on_implicit_send INFO client.py                 223   on_implicit_send          : 
    ********************
    BEGIN OnImplicitSend:
    project_name: HFP
    wid: 3
    test_case_name: HFP/HF/ACS/BV-05-C
    description: Click Ok, then initiate an audio connection (SCO) from the Implementation Under Test (IUT) to the PTS.
    style: MMI_Style_Ok_Cancel1 0x11041
2026-10-09 04:51:05,216 LT1-callback ClientCallback.on_implicit_send INFO client.py                 236   on_implicit_send          : Calling test cases on_implicit_send
2026-10-09 04:51:05,216 LT1-callback ClientCallback.on_implicit_send INFO client.py                 249   on_implicit_send          : 
    on_implicit_send returned response: WAIT
    END OnImplicitSend
    ********************
2026-10-09 04:51:05,226 BTPWorkerThread-25091 (_rx_task) root DEBUG iutctl_common.py          123   read                      : Read 5 bytes
2026-10-09 04:51:05,227 BTPWorkerThread-25091 (_rx_task) root DEBUG iutctl_common.py          131   read                      : Received: hdr: Header(svc_id=0x21, op=0x80, ctrl_index=0x00, data_len=0x07) bytearray(b'!\x80\x00\x07\x00')
2026-10-09 04:51:05,227 BTPWorkerThread-25091 (_rx_task) root DEBUG iutctl_common.py          139   read                      : Read 7 bytes data
2026-10-09 04:51:05,227 BTPWorkerThread-25091 (_rx_task) root DEBUG iutctl_common.py          154   read                      : Received data: {'e0 4e e4 08 dc 1b 00'}, bytearray(b'\xe0N\xe4\x08\xdc\x1b\x00')
2026-10-09 04:51:05,227 BTPWorkerThread-25091 (_rx_task) root DEBUG btp.py                    736   event_handler             : Header(svc_id=33, op=128, ctrl_index=0, data_len=7) (b'\xe0N\xe4\x08\xdc\x1b\x00',)
2026-10-09 04:51:05,227 BTPWorkerThread-25091 (_rx_task) root DEBUG hfp_hf.py                 662   hfp_hf_connected_ev       : hfp_hf_connected_ev b'\xe0N\xe4\x08\xdc\x1b\x00' 7
2026-10-09 04:51:05,227 BTPWorkerThread-25091 (_rx_task) root DEBUG hfp_hf.py                 667   hfp_hf_connected_ev       : HFP HF connected to addr b'N\xe4\x08\xdc\x1b\x00'
2026-10-09 04:51:05,646 LT1-thread root DEBUG testcase.py               679   run_wid                   : HFP HFP/HF/ACS/BV-05-C on_implicit_send
2026-10-09 04:51:05,646 LT1-thread root DEBUG hfp_hf_wid.py             25    hfp_hf_wid_hdl            : hfp_hf_wid_hdl, 3, Click Ok, then initiate an audio connection (SCO) from the Implementation Under Test (IUT) to the PTS., HFP/HF/ACS/BV-05-C
2026-10-09 04:51:05,646 LT1-thread root DEBUG hfp_hf.py                 305   hfp_hf_audio_connect      : hfp_hf_audio_connect None 224
2026-10-09 04:51:05,646 LT1-thread root DEBUG iutctl_common.py          161   send                      : 33 16 0 "bytearray(b'\\xe0N\\xe4\\x08\\xdc\\x1b\\x00')"
2026-10-09 04:51:05,646 LT1-thread root DEBUG iutctl_common.py          166   send                      : sending frame '2110000700e04ee408dc1b00'
2026-10-09 04:51:05,647 LT1-thread root DEBUG iutctl_common.py          339   read                      : 
2026-10-09 04:51:05,680 BTPWorkerThread-25091 (_rx_task) root DEBUG iutctl_common.py          123   read                      : Read 5 bytes
2026-10-09 04:51:05,680 BTPWorkerThread-25091 (_rx_task) root DEBUG iutctl_common.py          131   read                      : Received: hdr: Header(svc_id=0x21, op=0x10, ctrl_index=0x00, data_len=0x00) bytearray(b'!\x10\x00\x00\x00')
2026-10-09 04:51:05,685 BTPWorkerThread-25091 (_rx_task) root DEBUG iutctl_common.py          154   read                      : Received data: {''}, bytearray(b'')
2026-10-09 04:51:05,685 LT1-thread root DEBUG testcase.py               722   run_wid                   : Sending response 'OK' to wid 3 test case HFP/HF/ACS/BV-05-C
2026-10-09 04:51:05,686 BTPWorkerThread-25091 (_rx_task) root DEBUG iutctl_common.py          123   read                      : Read 5 bytes
2026-10-09 04:51:05,686 BTPWorkerThread-25091 (_rx_task) root DEBUG iutctl_common.py          131   read                      : Received: hdr: Header(svc_id=0x21, op=0x98, ctrl_index=0x00, data_len=0x08) bytearray(b'!\x98\x00\x08\x00')
2026-10-09 04:51:05,686 BTPWorkerThread-25091 (_rx_task) root DEBUG iutctl_common.py          139   read                      : Read 8 bytes data
2026-10-09 04:51:05,687 BTPWorkerThread-25091 (_rx_task) root DEBUG iutctl_common.py          154   read                      : Received data: {'e0 4e e4 08 dc 1b 00 01'}, bytearray(b'\xe0N\xe4\x08\xdc\x1b\x00\x01')
2026-10-09 04:51:05,687 BTPWorkerThread-25091 (_rx_task) root DEBUG btp.py                    736   event_handler             : Header(svc_id=33, op=152, ctrl_index=0, data_len=8) (b'\xe0N\xe4\x08\xdc\x1b\x00\x01',)
2026-10-09 04:51:05,688 LT1-thread root DEBUG client.py                 276   get_result                : ClientCallback.get_result run_test_case
2026-10-09 04:51:05,688 BTPWorkerThread-25091 (_rx_task) root DEBUG hfp_hf.py                 935   hfp_hf_codec_negotiate_ev : hfp_hf_codec_negotiate_ev b'\xe0N\xe4\x08\xdc\x1b\x00\x01' 8
2026-10-09 04:51:05,688 BTPWorkerThread-25091 (_rx_task) root DEBUG hfp_hf.py                 940   hfp_hf_codec_negotiate_ev : HFP HF codec negotiate from addr b'N\xe4\x08\xdc\x1b\x00', codec_id 1
2026-10-09 04:51:09,909 LT1-callback ClientCallback.on_implicit_send INFO client.py                 223   on_implicit_send          : 
    ********************
    BEGIN OnImplicitSend:
    project_name: HFP
    wid: 35
    test_case_name: HFP/HF/ACS/BV-05-C
    description: Verify the presence of an audio connection, then click Ok.
    style: MMI_Style_Ok_Cancel1 0x11041
2026-10-09 04:51:09,909 LT1-callback ClientCallback.on_implicit_send INFO client.py                 236   on_implicit_send          : Calling test cases on_implicit_send
2026-10-09 04:51:09,909 LT1-callback ClientCallback.on_implicit_send INFO client.py                 249   on_implicit_send          : 
    on_implicit_send returned response: WAIT
    END OnImplicitSend
    ********************
2026-10-09 04:51:09,938 BTPWorkerThread-25091 (_rx_task) root DEBUG iutctl_common.py          123   read                      : Read 5 bytes
2026-10-09 04:51:09,938 BTPWorkerThread-25091 (_rx_task) root DEBUG iutctl_common.py          131   read                      : Received: hdr: Header(svc_id=0x21, op=0x82, ctrl_index=0x00, data_len=0x07) bytearray(b'!\x82\x00\x07\x00')
2026-10-09 04:51:09,938 BTPWorkerThread-25091 (_rx_task) root DEBUG iutctl_common.py          139   read                      : Read 7 bytes data
2026-10-09 04:51:09,939 BTPWorkerThread-25091 (_rx_task) root DEBUG iutctl_common.py          154   read                      : Received data: {'e0 4e e4 08 dc 1b 00'}, bytearray(b'\xe0N\xe4\x08\xdc\x1b\x00')
2026-10-09 04:51:09,939 BTPWorkerThread-25091 (_rx_task) root DEBUG btp.py                    736   event_handler             : Header(svc_id=33, op=130, ctrl_index=0, data_len=7) (b'\xe0N\xe4\x08\xdc\x1b\x00',)
2026-10-09 04:51:09,939 BTPWorkerThread-25091 (_rx_task) root DEBUG hfp_hf.py                 686   hfp_hf_sco_connected_ev   : hfp_hf_sco_connected_ev b'\xe0N\xe4\x08\xdc\x1b\x00' 7
2026-10-09 04:51:09,939 BTPWorkerThread-25091 (_rx_task) root DEBUG hfp_hf.py                 691   hfp_hf_sco_connected_ev   : HFP HF SCO connected to addr b'N\xe4\x08\xdc\x1b\x00'
2026-10-09 04:51:10,691 LT1-thread root DEBUG testcase.py               679   run_wid                   : HFP HFP/HF/ACS/BV-05-C on_implicit_send
2026-10-09 04:51:10,691 LT1-thread root DEBUG hfp_hf_wid.py             25    hfp_hf_wid_hdl            : hfp_hf_wid_hdl, 35, Verify the presence of an audio connection, then click Ok., HFP/HF/ACS/BV-05-C
2026-10-09 04:51:10,691 LT1-thread root DEBUG testcase.py               722   run_wid                   : Sending response 'OK' to wid 35 test case HFP/HF/ACS/BV-05-C
2026-10-09 04:51:10,693 LT1-thread root DEBUG client.py                 276   get_result                : ClientCallback.get_result run_test_case
2026-10-09 04:51:30,025 BTPWorkerThread-25091 (_rx_task) root DEBUG iutctl_common.py          123   read                      : Read 5 bytes
2026-10-09 04:51:30,025 BTPWorkerThread-25091 (_rx_task) root DEBUG iutctl_common.py          131   read                      : Received: hdr: Header(svc_id=0x21, op=0x83, ctrl_index=0x00, data_len=0x08) bytearray(b'!\x83\x00\x08\x00')
2026-10-09 04:51:30,025 BTPWorkerThread-25091 (_rx_task) root DEBUG iutctl_common.py          139   read                      : Read 8 bytes data
2026-10-09 04:51:30,026 BTPWorkerThread-25091 (_rx_task) root DEBUG iutctl_common.py          154   read                      : Received data: {'e0 4e e4 08 dc 1b 00 08'}, bytearray(b'\xe0N\xe4\x08\xdc\x1b\x00\x08')
2026-10-09 04:51:30,026 BTPWorkerThread-25091 (_rx_task) root DEBUG btp.py                    736   event_handler             : Header(svc_id=33, op=131, ctrl_index=0, data_len=8) (b'\xe0N\xe4\x08\xdc\x1b\x00\x08',)
2026-10-09 04:51:30,026 BTPWorkerThread-25091 (_rx_task) root DEBUG hfp_hf.py                 698   hfp_hf_sco_disconnected_ev : hfp_hf_sco_disconnected_ev b'\xe0N\xe4\x08\xdc\x1b\x00\x08' 8
2026-10-09 04:51:30,026 BTPWorkerThread-25091 (_rx_task) root DEBUG hfp_hf.py                 703   hfp_hf_sco_disconnected_ev : HFP HF SCO disconnected from addr b'N\xe4\x08\xdc\x1b\x00', reason 8
2026-10-09 04:51:30,210 BTPWorkerThread-25091 (_rx_task) root DEBUG iutctl_common.py          123   read                      : Read 5 bytes
2026-10-09 04:51:30,210 BTPWorkerThread-25091 (_rx_task) root DEBUG iutctl_common.py          131   read                      : Received: hdr: Header(svc_id=0x01, op=0x83, ctrl_index=0x00, data_len=0x07) bytearray(b'\x01\x83\x00\x07\x00')
2026-10-09 04:51:30,211 BTPWorkerThread-25091 (_rx_task) root DEBUG iutctl_common.py          139   read                      : Read 7 bytes data
2026-10-09 04:51:30,211 BTPWorkerThread-25091 (_rx_task) root DEBUG iutctl_common.py          154   read                      : Received data: {'e0 4e e4 08 dc 1b 00'}, bytearray(b'\xe0N\xe4\x08\xdc\x1b\x00')
2026-10-09 04:51:30,211 BTPWorkerThread-25091 (_rx_task) root DEBUG btp.py                    736   event_handler             : Header(svc_id=1, op=131, ctrl_index=0, data_len=7) (b'\xe0N\xe4\x08\xdc\x1b\x00',)
2026-10-09 04:51:30,211 BTPWorkerThread-25091 (_rx_task) root DEBUG gap.py                    228   gap_disconnected_ev_      : b'\xe0N\xe4\x08\xdc\x1b\x00'
2026-10-09 04:51:30,212 BTPWorkerThread-25091 (_rx_task) root DEBUG iutctl_common.py          123   read                      : Read 5 bytes
2026-10-09 04:51:30,212 BTPWorkerThread-25091 (_rx_task) root DEBUG iutctl_common.py          131   read                      : Received: hdr: Header(svc_id=0x21, op=0x81, ctrl_index=0x00, data_len=0x07) bytearray(b'!\x81\x00\x07\x00')
2026-10-09 04:51:30,212 BTPWorkerThread-25091 (_rx_task) root DEBUG iutctl_common.py          139   read                      : Read 7 bytes data
2026-10-09 04:51:30,212 BTPWorkerThread-25091 (_rx_task) root DEBUG iutctl_common.py          154   read                      : Received data: {'e0 4e e4 08 dc 1b 00'}, bytearray(b'\xe0N\xe4\x08\xdc\x1b\x00')
2026-10-09 04:51:30,213 BTPWorkerThread-25091 (_rx_task) root DEBUG btp.py                    736   event_handler             : Header(svc_id=33, op=129, ctrl_index=0, data_len=7) (b'\xe0N\xe4\x08\xdc\x1b\x00',)
2026-10-09 04:51:30,213 BTPWorkerThread-25091 (_rx_task) root DEBUG hfp_hf.py                 674   hfp_hf_disconnected_ev    : hfp_hf_disconnected_ev b'\xe0N\xe4\x08\xdc\x1b\x00' 7
2026-10-09 04:51:30,213 BTPWorkerThread-25091 (_rx_task) root DEBUG hfp_hf.py                 679   hfp_hf_disconnected_ev    : HFP HF disconnected from addr b'N\xe4\x08\xdc\x1b\x00'
2026-10-09 04:54:30,216 LT1-callback ClientCallback.log INFO client.py                 200   log                       : PTS_LOGTYPE_START_TEST Start Test Case 

+141 ms
 HFP/HF/ACS/BV-05-C HFP/HF/ACS/BV-05-C

2026-10-09 04:54:30,859 LT1-callback ClientCallback.log INFO client.py                 200   log                       : PTS_LOGTYPE_FINAL_VERDICT Final Verdict 

+219282 ms
 HFP/HF/ACS/BV-05-C INDCSV

2026-10-09 04:54:30,865 LT1-callback ClientCallback.log INFO client.py                 200   log                       : PTS_LOGTYPE_FINAL_VERDICT Encrypted Verdict 

+219282 ms
 HFP/HF/ACS/BV-05-C A1#ZWY4MzQ5MDg3MmQwNTIxOGQzMzQ5YjY2ODA5M2MzNjQ5ZDY4NmY0Yjc2MzIzM2VkNTUyNTFhNGU4Mjg1MjI0NA==#PhTZdfeT3XgO0F34WkeYQXaS3+qTkRbisv0fu3q2F4xG6aitJMeGfosciyoEF2TC

2026-10-09 04:54:30,875 LT1-callback ClientCallback.log INFO client.py                 200   log                       : PTS_LOGTYPE_END_TEST Test Case Ended 

+219282 ms
 HFP/HF/ACS/BV-05-C HFP/HF/ACS/BV-05-C

2026-10-09 04:54:30,935 LT1-callback root DEBUG client.py                 261   set_result                : ClientCallback, set_result, run_test_case, INDCSV
2026-10-09 04:54:30,936 LT1-thread root DEBUG client.py                 1186  _run_test_case            : After run_test_case error_code=0 status='INDCSV'
2026-10-09 04:54:30,936 LT1-thread root DEBUG testcase.py               766   post_run                  : post_run HFP HFP/HF/ACS/BV-05-C 0
2026-10-09 04:54:30,937 MainThread root DEBUG client.py                 1313  run_test_case             : Interrupting HFP HFP/HF/ACS/BV-05-C test case of thread LT1-thread
2026-10-09 04:54:30,937 LT1-thread root DEBUG testcase.py               254   start                     : Starting test function: class=<class 'autopts.ptsprojects.testcase.TestFuncCleanUp'>, func=<bound method ZTestCase._test_case_cleanup of <autopts.ptsprojects.zephyr.ztestcase.ZTestCase object at 0x000002C687C36B70>> start_wid=None stop_wid=None post_wid=None skip_call=None call_count=1 args=() kwds={}
2026-10-09 04:54:30,937 LT1-thread root DEBUG testcase.py               266   start                     : Test function parameters: args=(), kwds={}
2026-10-09 04:54:30,937 LT1-thread root DEBUG iutctl.py                 415   stop                      : <class 'autopts.ptsprojects.zephyr.iutctl.create_zephyr_ctl_class.<locals>.ZephyrCtl'>.stop
2026-10-09 04:54:30,937 LT1-thread root DEBUG __init__.py               51    reset                     : About to reset DUT: JLink -CommandFile reset.jlink -usb 1063214216 -device MIMXRT1176XXXA_M7
2026-10-09 04:54:31,322 BTPWorkerThread-25091 (_rx_task) root DEBUG iutctl_common.py          123   read                      : Read 5 bytes
2026-10-09 04:54:31,322 BTPWorkerThread-25091 (_rx_task) root DEBUG iutctl_common.py          131   read                      : Received: hdr: Header(svc_id=0x00, op=0x80, ctrl_index=0xff, data_len=0x00) bytearray(b'\x00\x80\xff\x00\x00')
2026-10-09 04:54:31,323 BTPWorkerThread-25091 (_rx_task) root DEBUG iutctl_common.py          154   read                      : Received data: {''}, bytearray(b'')
2026-10-09 04:54:31,323 BTPWorkerThread-25091 (_rx_task) root DEBUG btp.py                    736   event_handler             : Header(svc_id=0, op=128, ctrl_index=255, data_len=0) (b'',)
2026-10-09 04:54:31,323 BTPWorkerThread-25091 (_rx_task) root DEBUG core.py                   23    core_iut_ready_ev         : 
2026-10-09 04:54:31,396 LT1-thread root DEBUG iutctl.py                 436   _stop_tty_mode            : IUT ready event received OK
2026-10-09 04:54:31,397 LT1-thread root DEBUG iutctl_common.py          416   close                     : Waiting for _rx_worker to finish ...
2026-10-09 04:54:32,324 BTPWorkerThread-25091 (_rx_task) root DEBUG iutctl_common.py          332   _rx_task                  : BTPWorkerThread-25091 (_rx_task) finishing...
2026-10-09 04:54:35,330 LT1-thread root DEBUG testcase.py               794   post_run                  : post_run, cleanup running post test case script
2026-10-09 04:54:35,330 LT1-thread root DEBUG testcase.py               802   post_run                  : post_run, run post test case script
2026-10-09 04:54:35,420 LT1-thread root DEBUG client.py                 1220  _run_test_case            : Done TestCase _run_test_case HFP HFP/HF/ACS/BV-05-C
