2026-09-17 15:48:44,907 LT1-thread root DEBUG client.py                 1099  _run_test_case            : Starting TestCase _run_test_case GAP GAP/SEC/AUT/BV-26-C
2026-09-17 15:48:44,908 LT1-thread root DEBUG testcase.py               727   pre_run                   : pre_run GAP GAP/SEC/AUT/BV-26-C
2026-09-17 15:48:44,908 LT1-thread root DEBUG testcase.py               729   pre_run                   : About to run test case GAP GAP/SEC/AUT/BV-26-C with commands:
2026-09-17 15:48:44,908 LT1-thread root DEBUG testcase.py               731   pre_run                   : 0) class=<class 'autopts.ptsprojects.testcase.TestFunc'>, func=<bound method ZTestCase._test_case_start of <autopts.ptsprojects.zephyr.ztestcase.ZTestCase object at 0x00000203DCD3D310>> start_wid=None stop_wid=None post_wid=None skip_call=None call_count=0 args=() kwds={}
2026-09-17 15:48:44,908 LT1-thread root DEBUG testcase.py               731   pre_run                   : 1) class=<class 'autopts.ptsprojects.testcase.TestFunc'>, func=<function core_reg_svc_gap at 0x00000203DA228720> start_wid=None stop_wid=None post_wid=None skip_call=None call_count=153 args=() kwds={}
2026-09-17 15:48:44,909 LT1-thread root DEBUG testcase.py               731   pre_run                   : 2) class=<class 'autopts.ptsprojects.testcase.TestFunc'>, func=<bound method Stack.gap_init of <autopts.ptsprojects.stack.stack.Stack object at 0x00000203DA34D4F0>> start_wid=None stop_wid=None post_wid=None skip_call=None call_count=153 args=(b'Tester_08E44E', 'ABCD', '1111', '1111', '11', '1111', b'\x17github.com/auto-pts', (8, 'PADV_Tester'), 'FF') kwds={}
2026-09-17 15:48:44,909 LT1-thread root DEBUG testcase.py               731   pre_run                   : 3) class=<class 'autopts.ptsprojects.testcase.TestFunc'>, func=<function gap_read_controller_info at 0x00000203DA247560> start_wid=None stop_wid=None post_wid=None skip_call=None call_count=153 args=() kwds={}
2026-09-17 15:48:44,909 LT1-thread root DEBUG testcase.py               731   pre_run                   : 4) class=<class 'autopts.ptsprojects.testcase.TestFunc'>, func=<function test_cases.<locals>.<lambda> at 0x00000203DCC65BC0> start_wid=None stop_wid=None post_wid=None skip_call=None call_count=153 args=() kwds={}
2026-09-17 15:48:44,909 LT1-thread root DEBUG testcase.py               731   pre_run                   : 5) class=<class 'autopts.ptsprojects.testcase.TestFunc'>, func=<function test_cases.<locals>.<lambda> at 0x00000203DCC65C60> start_wid=None stop_wid=None post_wid=None skip_call=None call_count=153 args=() kwds={}
2026-09-17 15:48:44,909 LT1-thread root DEBUG testcase.py               731   pre_run                   : 6) class=<class 'autopts.ptsprojects.testcase.TestFunc'>, func=<function test_cases.<locals>.<lambda> at 0x00000203DCC65D00> start_wid=None stop_wid=None post_wid=None skip_call=None call_count=153 args=() kwds={}
2026-09-17 15:48:44,909 LT1-thread root DEBUG testcase.py               731   pre_run                   : 7) class=<class 'autopts.ptsprojects.testcase.TestFunc'>, func=<function test_cases.<locals>.<lambda> at 0x00000203DCC65DA0> start_wid=None stop_wid=None post_wid=None skip_call=None call_count=153 args=() kwds={}
2026-09-17 15:48:44,909 LT1-thread root DEBUG testcase.py               731   pre_run                   : 8) class=<class 'autopts.ptsprojects.testcase.TestFunc'>, func=<function test_cases.<locals>.<lambda> at 0x00000203DCCF5300> start_wid=None stop_wid=None post_wid=None skip_call=None call_count=153 args=() kwds={}
2026-09-17 15:48:44,909 LT1-thread root DEBUG testcase.py               731   pre_run                   : 9) class=<class 'autopts.ptsprojects.testcase.TestFunc'>, func=<function test_cases.<locals>.<lambda> at 0x00000203DCCF53A0> start_wid=None stop_wid=None post_wid=None skip_call=None call_count=153 args=() kwds={}
2026-09-17 15:48:44,909 LT1-thread root DEBUG testcase.py               731   pre_run                   : 10) class=<class 'autopts.ptsprojects.testcase.TestFunc'>, func=<function test_cases.<locals>.<lambda> at 0x00000203DCCF5440> start_wid=None stop_wid=None post_wid=None skip_call=None call_count=153 args=() kwds={}
2026-09-17 15:48:44,909 LT1-thread root DEBUG testcase.py               731   pre_run                   : 11) class=<class 'autopts.ptsprojects.testcase.TestFunc'>, func=<function test_cases.<locals>.<lambda> at 0x00000203DCCF54E0> start_wid=None stop_wid=None post_wid=None skip_call=None call_count=153 args=() kwds={}
2026-09-17 15:48:44,909 LT1-thread root DEBUG testcase.py               731   pre_run                   : 12) class=<class 'autopts.ptsprojects.testcase.TestFunc'>, func=<function test_cases.<locals>.<lambda> at 0x00000203DCCF5580> start_wid=None stop_wid=None post_wid=None skip_call=None call_count=153 args=() kwds={}
2026-09-17 15:48:44,909 LT1-thread root DEBUG testcase.py               731   pre_run                   : 13) class=<class 'autopts.ptsprojects.testcase.TestFunc'>, func=<function test_cases.<locals>.<lambda> at 0x00000203DCCF5620> start_wid=None stop_wid=None post_wid=None skip_call=None call_count=153 args=() kwds={}
2026-09-17 15:48:44,909 LT1-thread root DEBUG testcase.py               731   pre_run                   : 14) class=<class 'autopts.ptsprojects.testcase.TestFunc'>, func=<function core_reg_svc_gatt at 0x00000203DA228860> start_wid=None stop_wid=None post_wid=None skip_call=None call_count=153 args=() kwds={}
2026-09-17 15:48:44,909 LT1-thread root DEBUG testcase.py               731   pre_run                   : 15) class=<class 'autopts.ptsprojects.testcase.TestFunc'>, func=<bound method Stack.gatt_init of <autopts.ptsprojects.stack.stack.Stack object at 0x00000203DA34D4F0>> start_wid=None stop_wid=None post_wid=None skip_call=None call_count=153 args=() kwds={}
2026-09-17 15:48:44,910 LT1-thread root DEBUG testcase.py               731   pre_run                   : 16) class=<class 'autopts.ptsprojects.testcase.TestFunc'>, func=<function gap_set_io_capability at 0x00000203DA246A20> start_wid=None stop_wid=None post_wid=None skip_call=None call_count=153 args=(4,) kwds={}
2026-09-17 15:48:44,910 LT1-thread root DEBUG testcase.py               731   pre_run                   : 17) class=<class 'autopts.ptsprojects.testcase.TestFunc'>, func=<function gap_set_broadcast_code at 0x00000203DA26CC20> start_wid=None stop_wid=None post_wid=None skip_call=None call_count=153 args=('0102680553F1415AA265BBAFC6EA03B8',) kwds={}
2026-09-17 15:48:44,910 LT1-thread root DEBUG testcase.py               731   pre_run                   : 18) class=<class 'autopts.ptsprojects.testcase.TestFunc'>, func=<function set_pts_addr at 0x00000203DA2282C0> start_wid=None stop_wid=None post_wid=None skip_call=None call_count=153 args=('00:1B:DC:08:E4:4E', 0) kwds={}
2026-09-17 15:48:44,910 LT1-thread root DEBUG testcase.py               731   pre_run                   : 19) class=<class 'autopts.ptsprojects.testcase.TestFunc'>, func=<function gatts_add_svc at 0x00000203DA2722A0> start_wid=None stop_wid=None post_wid=None skip_call=None call_count=115 args=(0, 'AA51') kwds={}
2026-09-17 15:48:44,910 LT1-thread root DEBUG testcase.py               731   pre_run                   : 20) class=<class 'autopts.ptsprojects.testcase.TestFunc'>, func=<function gatts_add_char at 0x00000203DA2723E0> start_wid=None stop_wid=None post_wid=None skip_call=None call_count=115 args=(0, 2, 17, 'AA52') kwds={}
2026-09-17 15:48:44,910 LT1-thread root DEBUG testcase.py               731   pre_run                   : 21) class=<class 'autopts.ptsprojects.testcase.TestFunc'>, func=<function gatts_set_val at 0x00000203DA272480> start_wid=None stop_wid=None post_wid=None skip_call=None call_count=115 args=(0, '01') kwds={}
2026-09-17 15:48:44,910 LT1-thread root DEBUG testcase.py               731   pre_run                   : 22) class=<class 'autopts.ptsprojects.testcase.TestFunc'>, func=<function gatts_add_char at 0x00000203DA2723E0> start_wid=None stop_wid=None post_wid=None skip_call=None call_count=115 args=(0, 2, 5, 'AA53') kwds={}
2026-09-17 15:48:44,910 LT1-thread root DEBUG testcase.py               731   pre_run                   : 23) class=<class 'autopts.ptsprojects.testcase.TestFunc'>, func=<function gatts_set_val at 0x00000203DA272480> start_wid=None stop_wid=None post_wid=None skip_call=None call_count=115 args=(0, '02') kwds={}
2026-09-17 15:48:44,910 LT1-thread root DEBUG testcase.py               731   pre_run                   : 24) class=<class 'autopts.ptsprojects.testcase.TestFunc'>, func=<function gatts_add_char at 0x00000203DA2723E0> start_wid=None stop_wid=None post_wid=None skip_call=None call_count=115 args=(0, 10, 48, 'AA55') kwds={}
2026-09-17 15:48:44,910 LT1-thread root DEBUG testcase.py               731   pre_run                   : 25) class=<class 'autopts.ptsprojects.testcase.TestFunc'>, func=<function gatts_set_val at 0x00000203DA272480> start_wid=None stop_wid=None post_wid=None skip_call=None call_count=115 args=(0, '04') kwds={}
2026-09-17 15:48:44,910 LT1-thread root DEBUG testcase.py               731   pre_run                   : 26) class=<class 'autopts.ptsprojects.testcase.TestFunc'>, func=<function gatts_start_server at 0x00000203DA272700> start_wid=None stop_wid=None post_wid=None skip_call=None call_count=115 args=() kwds={}
2026-09-17 15:48:44,910 LT1-thread root DEBUG testcase.py               731   pre_run                   : 27) class=<class 'autopts.ptsprojects.testcase.TestFuncCleanUp'>, func=<bound method ZTestCase._test_case_cleanup of <autopts.ptsprojects.zephyr.ztestcase.ZTestCase object at 0x00000203DCD3D310>> start_wid=None stop_wid=None post_wid=None skip_call=None call_count=0 args=() kwds={}
2026-09-17 15:48:44,910 LT1-thread root DEBUG testcase.py               738   pre_run                   : pre_run, run pre test case script
2026-09-17 15:48:44,918 LT1-thread root DEBUG testcase.py               254   start                     : Starting test function: class=<class 'autopts.ptsprojects.testcase.TestFunc'>, func=<bound method ZTestCase._test_case_start of <autopts.ptsprojects.zephyr.ztestcase.ZTestCase object at 0x00000203DCD3D310>> start_wid=None stop_wid=None post_wid=None skip_call=None call_count=1 args=() kwds={}
2026-09-17 15:48:44,918 LT1-thread root DEBUG testcase.py               266   start                     : Test function parameters: args=(), kwds={}
2026-09-17 15:48:44,919 LT1-thread root DEBUG iutctl.py                 172   start                     : <class 'autopts.ptsprojects.zephyr.iutctl.create_zephyr_ctl_class.<locals>.ZephyrCtl'>.start
2026-09-17 15:48:44,919 LT1-thread root DEBUG iutctl.py                 325   flush_serial              : <class 'autopts.ptsprojects.zephyr.iutctl.create_zephyr_ctl_class.<locals>.ZephyrCtl'>.flush_serial
2026-09-17 15:48:46,103 LT1-thread root DEBUG iutctl.py                 249   _start_tty_mode           : Starting socat process: socat.exe -x -v tcp:10.17.12.9:60268,retry=100,interval=1 /dev/ttyS2,raw,b115200,
2026-09-17 15:48:46,111 LT1-thread root DEBUG iutctl_common.py          402   accept                    : 
2026-09-17 15:48:46,661 BTPWorkerThread-3917 (_rx_task) root DEBUG iutctl_common.py          299   _rx_task                  : BTPWorkerThread-3917 (_rx_task) started
2026-09-17 15:48:46,662 LT1-thread root DEBUG iutctl.py                 395   wait_iut_ready_event      : IUT ready event received OK
2026-09-17 15:48:46,662 LT1-thread root DEBUG btp.py                    51    read_supp_svcs            : 
2026-09-17 15:48:46,662 LT1-thread root DEBUG iutctl_common.py          161   send                      : 0 2 255 ''
2026-09-17 15:48:46,662 LT1-thread root DEBUG iutctl_common.py          166   send                      : sending frame '0002ff0000'
2026-09-17 15:48:46,662 LT1-thread root DEBUG iutctl_common.py          339   read                      : 
2026-09-17 15:48:46,680 BTPWorkerThread-3917 (_rx_task) root DEBUG iutctl_common.py          123   read                      : Read 5 bytes
2026-09-17 15:48:46,690 BTPWorkerThread-3917 (_rx_task) root DEBUG iutctl_common.py          131   read                      : Received: hdr: Header(svc_id=0x00, op=0x02, ctrl_index=0xff, data_len=0x05) bytearray(b'\x00\x02\xff\x05\x00')
2026-09-17 15:48:46,696 BTPWorkerThread-3917 (_rx_task) root DEBUG iutctl_common.py          139   read                      : Read 5 bytes data
2026-09-17 15:48:46,696 BTPWorkerThread-3917 (_rx_task) root DEBUG iutctl_common.py          154   read                      : Received data: {'0f 00 00 a0 01'}, bytearray(b'\x0f\x00\x00\xa0\x01')
2026-09-17 15:48:46,701 LT1-thread root DEBUG btp.py                    62    read_supp_svcs            : received Header(svc_id=0, op=2, ctrl_index=255, data_len=5) (b'\x0f\x00\x00\xa0\x01',)
2026-09-17 15:48:46,701 LT1-thread root DEBUG testcase.py               254   start                     : Starting test function: class=<class 'autopts.ptsprojects.testcase.TestFunc'>, func=<function core_reg_svc_gap at 0x00000203DA228720> start_wid=None stop_wid=None post_wid=None skip_call=None call_count=154 args=() kwds={}
2026-09-17 15:48:46,701 LT1-thread root DEBUG testcase.py               266   start                     : Test function parameters: args=(), kwds={}
2026-09-17 15:48:46,701 LT1-thread root DEBUG btp.py                    117   core_reg_svc_univ         : core_reg_svc_univ: gap_reg (GAP)
2026-09-17 15:48:46,701 LT1-thread root DEBUG iutctl_common.py          161   send                      : 0 3 255 '1'
2026-09-17 15:48:46,701 LT1-thread root DEBUG iutctl_common.py          166   send                      : sending frame '0003ff010001'
2026-09-17 15:48:46,701 LT1-thread root DEBUG btp.py                    618   core_reg_svc_rsp_succ     : 
2026-09-17 15:48:46,701 LT1-thread root DEBUG iutctl_common.py          339   read                      : 
2026-09-17 15:48:50,830 BTPWorkerThread-3917 (_rx_task) root DEBUG iutctl_common.py          123   read                      : Read 5 bytes
2026-09-17 15:48:50,830 BTPWorkerThread-3917 (_rx_task) root DEBUG iutctl_common.py          131   read                      : Received: hdr: Header(svc_id=0x00, op=0x03, ctrl_index=0xff, data_len=0x00) bytearray(b'\x00\x03\xff\x00\x00')
2026-09-17 15:48:50,830 BTPWorkerThread-3917 (_rx_task) root DEBUG iutctl_common.py          154   read                      : Received data: {''}, bytearray(b'')
2026-09-17 15:48:50,832 LT1-thread root DEBUG btp.py                    629   core_reg_svc_rsp_succ     : received Header(svc_id=0, op=3, ctrl_index=255, data_len=0) (b'',)
2026-09-17 15:48:50,832 LT1-thread root DEBUG btp.py                    630   core_reg_svc_rsp_succ     : expected ((0, 3, 255, 0), (b'',))
2026-09-17 15:48:50,833 LT1-thread root DEBUG btp.py                    635   core_reg_svc_rsp_succ     : response is valid
2026-09-17 15:48:50,833 LT1-thread root DEBUG btp.py                    638   core_reg_svc_rsp_succ     : Reading supported commands for service: GAP
2026-09-17 15:48:50,833 LT1-thread root DEBUG iutctl_common.py          161   send                      : 1 1 255 ''
2026-09-17 15:48:50,833 LT1-thread root DEBUG iutctl_common.py          166   send                      : sending frame '0101ff0000'
2026-09-17 15:48:50,833 LT1-thread root DEBUG iutctl_common.py          339   read                      : 
2026-09-17 15:48:50,883 BTPWorkerThread-3917 (_rx_task) root DEBUG iutctl_common.py          123   read                      : Read 5 bytes
2026-09-17 15:48:50,894 BTPWorkerThread-3917 (_rx_task) root DEBUG iutctl_common.py          131   read                      : Received: hdr: Header(svc_id=0x01, op=0x01, ctrl_index=0xff, data_len=0x07) bytearray(b'\x01\x01\xff\x07\x00')
2026-09-17 15:48:50,916 BTPWorkerThread-3917 (_rx_task) root DEBUG iutctl_common.py          139   read                      : Read 7 bytes data
2026-09-17 15:48:50,928 BTPWorkerThread-3917 (_rx_task) root DEBUG iutctl_common.py          154   read                      : Received data: {'6e ff 7f 1f fe ff 0e'}, bytearray(b'n\xff\x7f\x1f\xfe\xff\x0e')
2026-09-17 15:48:50,944 LT1-thread root DEBUG testcase.py               254   start                     : Starting test function: class=<class 'autopts.ptsprojects.testcase.TestFunc'>, func=<bound method Stack.gap_init of <autopts.ptsprojects.stack.stack.Stack object at 0x00000203DA34D4F0>> start_wid=None stop_wid=None post_wid=None skip_call=None call_count=154 args=(b'Tester_08E44E', 'ABCD', '1111', '1111', '11', '1111', b'\x17github.com/auto-pts', (8, 'PADV_Tester'), 'FF') kwds={}
2026-09-17 15:48:50,944 LT1-thread root DEBUG testcase.py               266   start                     : Test function parameters: args=(b'Tester_08E44E', 'ABCD', '1111', '1111', '11', '1111', b'\x17github.com/auto-pts', (8, 'PADV_Tester'), 'FF'), kwds={}
2026-09-17 15:48:50,944 LT1-thread root DEBUG testcase.py               254   start                     : Starting test function: class=<class 'autopts.ptsprojects.testcase.TestFunc'>, func=<function gap_read_controller_info at 0x00000203DA247560> start_wid=None stop_wid=None post_wid=None skip_call=None call_count=154 args=() kwds={}
2026-09-17 15:48:50,944 LT1-thread root DEBUG testcase.py               266   start                     : Test function parameters: args=(), kwds={}
2026-09-17 15:48:50,944 LT1-thread root DEBUG gap.py                    1161  gap_read_controller_info  : 
2026-09-17 15:48:50,944 LT1-thread root DEBUG iutctl_common.py          161   send                      : 1 3 0 ''
2026-09-17 15:48:50,945 LT1-thread root DEBUG iutctl_common.py          166   send                      : sending frame '0103000000'
2026-09-17 15:48:50,945 LT1-thread root DEBUG iutctl_common.py          339   read                      : 
2026-09-17 15:48:50,983 BTPWorkerThread-3917 (_rx_task) root DEBUG iutctl_common.py          123   read                      : Read 5 bytes
2026-09-17 15:48:50,994 BTPWorkerThread-3917 (_rx_task) root DEBUG iutctl_common.py          131   read                      : Received: hdr: Header(svc_id=0x01, op=0x03, ctrl_index=0x00, data_len=0x115) bytearray(b'\x01\x03\x00\x15\x01')
2026-09-17 15:48:51,016 BTPWorkerThread-3917 (_rx_task) root DEBUG iutctl_common.py          139   read                      : Read 277 bytes data
2026-09-17 15:48:51,022 BTPWorkerThread-3917 (_rx_task) root DEBUG iutctl_common.py          154   read                      : Received data: {'19 78 ee 69 17 d0 d3 06 02 00 13 02 00 00 00 00 00 62 74 70 5f 74 65 73 74 65 72 00 00 00 00 00 00 00 00 00 00 00 00 00 00 00 00 00 00 00 00 00 00 00 00 00 00 00 00 00 00 00 00 00 00 00 00 00 00 00 00 00 00 00 00 00 00 00 00 00 00 00 00 00 00 00 00 00 00 00 00 00 00 00 00 00 00 00 00 00 00 00 00 00 00 00 00 00 00 00 00 00 00 00 00 00 00 00 00 00 00 00 00 00 00 00 00 00 00 00 00 00 00 00 00 00 00 00 00 00 00 00 00 00 00 00 00 00 00 00 00 00 00 00 00 00 00 00 00 00 00 00 00 00 00 00 00 00 00 00 00 00 00 00 00 00 00 00 00 00 00 00 00 00 00 00 00 00 00 00 00 00 00 00 00 00 00 00 00 00 00 00 00 00 00 00 00 00 00 00 00 00 00 00 00 00 00 00 00 00 00 00 00 00 00 00 00 00 00 00 00 00 00 00 00 00 00 00 00 00 00 00 00 00 00 00 00 00 00 00 00 00 00 00 00 00 00 00 00 00 00 00 00 00 00 00 00 00 00 00 00 00 00 00 00 00 00 00 00 00 00'}, bytearray(b'\x19x\xeei\x17\xd0\xd3\x06\x02\x00\x13\x02\x00\x00\x00\x00\x00btp_tester\x00\x00\x00\x00\x00\x00\x00\x00\x00\x00\x00\x00\x00\x00\x00\x00\x00\x00\x00\x00\x00\x00\x00\x00\x00\x00\x00\x00\x00\x00\x00\x00\x00\x00\x00\x00\x00\x00\x00\x00\x00\x00\x00\x00\x00\x00\x00\x00\x00\x00\x00\x00\x00\x00\x00\x00\x00\x00\x00\x00\x00\x00\x00\x00\x00\x00\x00\x00\x00\x00\x00\x00\x00\x00\x00\x00\x00\x00\x00\x00\x00\x00\x00\x00\x00\x00\x00\x00\x00\x00\x00\x00\x00\x00\x00\x00\x00\x00\x00\x00\x00\x00\x00\x00\x00\x00\x00\x00\x00\x00\x00\x00\x00\x00\x00\x00\x00\x00\x00\x00\x00\x00\x00\x00\x00\x00\x00\x00\x00\x00\x00\x00\x00\x00\x00\x00\x00\x00\x00\x00\x00\x00\x00\x00\x00\x00\x00\x00\x00\x00\x00\x00\x00\x00\x00\x00\x00\x00\x00\x00\x00\x00\x00\x00\x00\x00\x00\x00\x00\x00\x00\x00\x00\x00\x00\x00\x00\x00\x00\x00\x00\x00\x00\x00\x00\x00\x00\x00\x00\x00\x00\x00\x00\x00\x00\x00\x00\x00\x00\x00\x00\x00\x00\x00\x00\x00\x00\x00\x00\x00\x00\x00\x00\x00\x00\x00\x00\x00\x00\x00\x00\x00\x00\x00\x00\x00\x00\x00\x00\x00\x00\x00\x00\x00\x00\x00\x00\x00\x00\x00\x00\x00\x00\x00\x00\x00\x00\x00\x00\x00')
2026-09-17 15:48:51,022 LT1-thread root DEBUG gap.py                    1168  gap_read_controller_info  : received Header(svc_id=1, op=3, ctrl_index=0, data_len=277) (b'\x19x\xeei\x17\xd0\xd3\x06\x02\x00\x13\x02\x00\x00\x00\x00\x00btp_tester\x00\x00\x00\x00\x00\x00\x00\x00\x00\x00\x00\x00\x00\x00\x00\x00\x00\x00\x00\x00\x00\x00\x00\x00\x00\x00\x00\x00\x00\x00\x00\x00\x00\x00\x00\x00\x00\x00\x00\x00\x00\x00\x00\x00\x00\x00\x00\x00\x00\x00\x00\x00\x00\x00\x00\x00\x00\x00\x00\x00\x00\x00\x00\x00\x00\x00\x00\x00\x00\x00\x00\x00\x00\x00\x00\x00\x00\x00\x00\x00\x00\x00\x00\x00\x00\x00\x00\x00\x00\x00\x00\x00\x00\x00\x00\x00\x00\x00\x00\x00\x00\x00\x00\x00\x00\x00\x00\x00\x00\x00\x00\x00\x00\x00\x00\x00\x00\x00\x00\x00\x00\x00\x00\x00\x00\x00\x00\x00\x00\x00\x00\x00\x00\x00\x00\x00\x00\x00\x00\x00\x00\x00\x00\x00\x00\x00\x00\x00\x00\x00\x00\x00\x00\x00\x00\x00\x00\x00\x00\x00\x00\x00\x00\x00\x00\x00\x00\x00\x00\x00\x00\x00\x00\x00\x00\x00\x00\x00\x00\x00\x00\x00\x00\x00\x00\x00\x00\x00\x00\x00\x00\x00\x00\x00\x00\x00\x00\x00\x00\x00\x00\x00\x00\x00\x00\x00\x00\x00\x00\x00\x00\x00\x00\x00\x00\x00\x00\x00\x00\x00\x00\x00\x00\x00\x00\x00\x00\x00\x00\x00\x00\x00\x00\x00\x00\x00\x00\x00\x00\x00\x00\x00\x00\x00\x00\x00\x00\x00\x00\x00',)
2026-09-17 15:48:51,022 LT1-thread root DEBUG gap.py                    1189  gap_read_controller_info  : IUT address 'd01769ee7819' 'public'
2026-09-17 15:48:51,023 LT1-thread root DEBUG gap.py                    594   __gap_current_settings_update : 531
2026-09-17 15:48:51,023 LT1-thread root DEBUG testcase.py               254   start                     : Starting test function: class=<class 'autopts.ptsprojects.testcase.TestFunc'>, func=<function test_cases.<locals>.<lambda> at 0x00000203DCC65BC0> start_wid=None stop_wid=None post_wid=None skip_call=None call_count=154 args=() kwds={}
2026-09-17 15:48:51,023 LT1-thread root DEBUG testcase.py               266   start                     : Test function parameters: args=(), kwds={}
2026-09-17 15:48:51,026 LT1-thread root DEBUG testcase.py               254   start                     : Starting test function: class=<class 'autopts.ptsprojects.testcase.TestFunc'>, func=<function test_cases.<locals>.<lambda> at 0x00000203DCC65C60> start_wid=None stop_wid=None post_wid=None skip_call=None call_count=154 args=() kwds={}
2026-09-17 15:48:51,026 LT1-thread root DEBUG testcase.py               266   start                     : Test function parameters: args=(), kwds={}
2026-09-17 15:48:51,029 LT1-thread root DEBUG testcase.py               254   start                     : Starting test function: class=<class 'autopts.ptsprojects.testcase.TestFunc'>, func=<function test_cases.<locals>.<lambda> at 0x00000203DCC65D00> start_wid=None stop_wid=None post_wid=None skip_call=None call_count=154 args=() kwds={}
2026-09-17 15:48:51,029 LT1-thread root DEBUG testcase.py               266   start                     : Test function parameters: args=(), kwds={}
2026-09-17 15:48:51,032 LT1-thread root DEBUG testcase.py               254   start                     : Starting test function: class=<class 'autopts.ptsprojects.testcase.TestFunc'>, func=<function test_cases.<locals>.<lambda> at 0x00000203DCC65DA0> start_wid=None stop_wid=None post_wid=None skip_call=None call_count=154 args=() kwds={}
2026-09-17 15:48:51,032 LT1-thread root DEBUG testcase.py               266   start                     : Test function parameters: args=(), kwds={}
2026-09-17 15:48:51,035 LT1-thread root DEBUG testcase.py               254   start                     : Starting test function: class=<class 'autopts.ptsprojects.testcase.TestFunc'>, func=<function test_cases.<locals>.<lambda> at 0x00000203DCCF5300> start_wid=None stop_wid=None post_wid=None skip_call=None call_count=154 args=() kwds={}
2026-09-17 15:48:51,035 LT1-thread root DEBUG testcase.py               266   start                     : Test function parameters: args=(), kwds={}
2026-09-17 15:48:51,038 LT1-thread root DEBUG testcase.py               254   start                     : Starting test function: class=<class 'autopts.ptsprojects.testcase.TestFunc'>, func=<function test_cases.<locals>.<lambda> at 0x00000203DCCF53A0> start_wid=None stop_wid=None post_wid=None skip_call=None call_count=154 args=() kwds={}
2026-09-17 15:48:51,038 LT1-thread root DEBUG testcase.py               266   start                     : Test function parameters: args=(), kwds={}
2026-09-17 15:48:51,041 LT1-thread root DEBUG testcase.py               254   start                     : Starting test function: class=<class 'autopts.ptsprojects.testcase.TestFunc'>, func=<function test_cases.<locals>.<lambda> at 0x00000203DCCF5440> start_wid=None stop_wid=None post_wid=None skip_call=None call_count=154 args=() kwds={}
2026-09-17 15:48:51,041 LT1-thread root DEBUG testcase.py               266   start                     : Test function parameters: args=(), kwds={}
2026-09-17 15:48:51,044 LT1-thread root DEBUG testcase.py               254   start                     : Starting test function: class=<class 'autopts.ptsprojects.testcase.TestFunc'>, func=<function test_cases.<locals>.<lambda> at 0x00000203DCCF54E0> start_wid=None stop_wid=None post_wid=None skip_call=None call_count=154 args=() kwds={}
2026-09-17 15:48:51,044 LT1-thread root DEBUG testcase.py               266   start                     : Test function parameters: args=(), kwds={}
2026-09-17 15:48:51,046 LT1-thread root DEBUG testcase.py               254   start                     : Starting test function: class=<class 'autopts.ptsprojects.testcase.TestFunc'>, func=<function test_cases.<locals>.<lambda> at 0x00000203DCCF5580> start_wid=None stop_wid=None post_wid=None skip_call=None call_count=154 args=() kwds={}
2026-09-17 15:48:51,047 LT1-thread root DEBUG testcase.py               266   start                     : Test function parameters: args=(), kwds={}
2026-09-17 15:48:51,049 LT1-thread root DEBUG testcase.py               254   start                     : Starting test function: class=<class 'autopts.ptsprojects.testcase.TestFunc'>, func=<function test_cases.<locals>.<lambda> at 0x00000203DCCF5620> start_wid=None stop_wid=None post_wid=None skip_call=None call_count=154 args=() kwds={}
2026-09-17 15:48:51,049 LT1-thread root DEBUG testcase.py               266   start                     : Test function parameters: args=(), kwds={}
2026-09-17 15:48:51,052 LT1-thread root DEBUG testcase.py               254   start                     : Starting test function: class=<class 'autopts.ptsprojects.testcase.TestFunc'>, func=<function core_reg_svc_gatt at 0x00000203DA228860> start_wid=None stop_wid=None post_wid=None skip_call=None call_count=154 args=() kwds={}
2026-09-17 15:48:51,052 LT1-thread root DEBUG testcase.py               266   start                     : Test function parameters: args=(), kwds={}
2026-09-17 15:48:51,053 LT1-thread root DEBUG btp.py                    117   core_reg_svc_univ         : core_reg_svc_univ: gatt_reg (GATT)
2026-09-17 15:48:51,053 LT1-thread root DEBUG iutctl_common.py          161   send                      : 0 3 255 '2'
2026-09-17 15:48:51,053 LT1-thread root DEBUG iutctl_common.py          166   send                      : sending frame '0003ff010002'
2026-09-17 15:48:51,053 LT1-thread root DEBUG btp.py                    618   core_reg_svc_rsp_succ     : 
2026-09-17 15:48:51,053 LT1-thread root DEBUG iutctl_common.py          339   read                      : 
2026-09-17 15:48:51,093 BTPWorkerThread-3917 (_rx_task) root DEBUG iutctl_common.py          123   read                      : Read 5 bytes
2026-09-17 15:48:51,098 BTPWorkerThread-3917 (_rx_task) root DEBUG iutctl_common.py          131   read                      : Received: hdr: Header(svc_id=0x00, op=0x03, ctrl_index=0xff, data_len=0x00) bytearray(b'\x00\x03\xff\x00\x00')
2026-09-17 15:48:51,098 BTPWorkerThread-3917 (_rx_task) root DEBUG iutctl_common.py          154   read                      : Received data: {''}, bytearray(b'')
2026-09-17 15:48:51,104 LT1-thread root DEBUG btp.py                    629   core_reg_svc_rsp_succ     : received Header(svc_id=0, op=3, ctrl_index=255, data_len=0) (b'',)
2026-09-17 15:48:51,104 LT1-thread root DEBUG btp.py                    630   core_reg_svc_rsp_succ     : expected ((0, 3, 255, 0), (b'',))
2026-09-17 15:48:51,104 LT1-thread root DEBUG btp.py                    635   core_reg_svc_rsp_succ     : response is valid
2026-09-17 15:48:51,104 LT1-thread root DEBUG btp.py                    638   core_reg_svc_rsp_succ     : Reading supported commands for service: GATT
2026-09-17 15:48:51,104 LT1-thread root DEBUG iutctl_common.py          161   send                      : 2 1 255 ''
2026-09-17 15:48:51,105 LT1-thread root DEBUG iutctl_common.py          166   send                      : sending frame '0201ff0000'
2026-09-17 15:48:51,105 LT1-thread root DEBUG iutctl_common.py          339   read                      : 
2026-09-17 15:48:51,148 BTPWorkerThread-3917 (_rx_task) root DEBUG iutctl_common.py          123   read                      : Read 5 bytes
2026-09-17 15:48:51,160 BTPWorkerThread-3917 (_rx_task) root DEBUG iutctl_common.py          131   read                      : Received: hdr: Header(svc_id=0x02, op=0x01, ctrl_index=0xff, data_len=0x05) bytearray(b'\x02\x01\xff\x05\x00')
2026-09-17 15:48:51,182 BTPWorkerThread-3917 (_rx_task) root DEBUG iutctl_common.py          139   read                      : Read 5 bytes data
2026-09-17 15:48:51,194 BTPWorkerThread-3917 (_rx_task) root DEBUG iutctl_common.py          154   read                      : Received data: {'fe fe bf fd 0f'}, bytearray(b'\xfe\xfe\xbf\xfd\x0f')
2026-09-17 15:48:51,210 LT1-thread root DEBUG testcase.py               254   start                     : Starting test function: class=<class 'autopts.ptsprojects.testcase.TestFunc'>, func=<bound method Stack.gatt_init of <autopts.ptsprojects.stack.stack.Stack object at 0x00000203DA34D4F0>> start_wid=None stop_wid=None post_wid=None skip_call=None call_count=154 args=() kwds={}
2026-09-17 15:48:51,210 LT1-thread root DEBUG testcase.py               266   start                     : Test function parameters: args=(), kwds={}
2026-09-17 15:48:51,210 LT1-thread root DEBUG testcase.py               254   start                     : Starting test function: class=<class 'autopts.ptsprojects.testcase.TestFunc'>, func=<function gap_set_io_capability at 0x00000203DA246A20> start_wid=None stop_wid=None post_wid=None skip_call=None call_count=154 args=(4,) kwds={}
2026-09-17 15:48:51,210 LT1-thread root DEBUG testcase.py               266   start                     : Test function parameters: args=(4,), kwds={}
2026-09-17 15:48:51,210 LT1-thread root DEBUG gap.py                    859   gap_set_io_capability     : 4
2026-09-17 15:48:51,210 LT1-thread root DEBUG iutctl_common.py          161   send                      : 1 16 0 '\x04'
2026-09-17 15:48:51,210 LT1-thread root DEBUG iutctl_common.py          166   send                      : sending frame '011000010004'
2026-09-17 15:48:51,211 LT1-thread root DEBUG gap.py                    1227  gap_command_rsp_succ      : 
2026-09-17 15:48:51,211 LT1-thread root DEBUG iutctl_common.py          339   read                      : 
2026-09-17 15:48:51,246 BTPWorkerThread-3917 (_rx_task) root DEBUG iutctl_common.py          123   read                      : Read 5 bytes
2026-09-17 15:48:51,258 BTPWorkerThread-3917 (_rx_task) root DEBUG iutctl_common.py          131   read                      : Received: hdr: Header(svc_id=0x01, op=0x10, ctrl_index=0x00, data_len=0x00) bytearray(b'\x01\x10\x00\x00\x00')
2026-09-17 15:48:51,269 BTPWorkerThread-3917 (_rx_task) root DEBUG iutctl_common.py          154   read                      : Received data: {''}, bytearray(b'')
2026-09-17 15:48:51,281 LT1-thread root DEBUG gap.py                    1232  gap_command_rsp_succ      : received Header(svc_id=1, op=16, ctrl_index=0, data_len=0) (b'',)
2026-09-17 15:48:51,281 LT1-thread root DEBUG testcase.py               254   start                     : Starting test function: class=<class 'autopts.ptsprojects.testcase.TestFunc'>, func=<function gap_set_broadcast_code at 0x00000203DA26CC20> start_wid=None stop_wid=None post_wid=None skip_call=None call_count=154 args=('0102680553F1415AA265BBAFC6EA03B8',) kwds={}
2026-09-17 15:48:51,281 LT1-thread root DEBUG testcase.py               266   start                     : Test function parameters: args=('0102680553F1415AA265BBAFC6EA03B8',), kwds={}
2026-09-17 15:48:51,281 LT1-thread root DEBUG gap.py                    1889  gap_set_broadcast_code    : '0102680553F1415AA265BBAFC6EA03B8'
2026-09-17 15:48:51,281 LT1-thread root DEBUG testcase.py               254   start                     : Starting test function: class=<class 'autopts.ptsprojects.testcase.TestFunc'>, func=<function set_pts_addr at 0x00000203DA2282C0> start_wid=None stop_wid=None post_wid=None skip_call=None call_count=154 args=('00:1B:DC:08:E4:4E', 0) kwds={}
2026-09-17 15:48:51,282 LT1-thread root DEBUG testcase.py               266   start                     : Test function parameters: args=('00:1B:DC:08:E4:4E', 0), kwds={}
2026-09-17 15:48:51,282 LT1-thread root DEBUG testcase.py               254   start                     : Starting test function: class=<class 'autopts.ptsprojects.testcase.TestFunc'>, func=<function gatts_add_svc at 0x00000203DA2722A0> start_wid=None stop_wid=None post_wid=None skip_call=None call_count=116 args=(0, 'AA51') kwds={}
2026-09-17 15:48:51,282 LT1-thread root DEBUG testcase.py               266   start                     : Test function parameters: args=(0, 'AA51'), kwds={}
2026-09-17 15:48:51,282 LT1-thread root DEBUG gatt.py                   143   gatts_add_svc             : 0 'AA51'
2026-09-17 15:48:51,282 LT1-thread root DEBUG iutctl_common.py          161   send                      : 2 2 0 "bytearray(b'\\x00\\x02Q\\xaa')"
2026-09-17 15:48:51,282 LT1-thread root DEBUG iutctl_common.py          166   send                      : sending frame '0202000400000251aa'
2026-09-17 15:48:51,282 LT1-thread root DEBUG gatt.py                   1190  gatt_command_rsp_succ     : 
2026-09-17 15:48:51,282 LT1-thread root DEBUG iutctl_common.py          339   read                      : 
2026-09-17 15:48:51,324 BTPWorkerThread-3917 (_rx_task) root DEBUG iutctl_common.py          123   read                      : Read 5 bytes
2026-09-17 15:48:51,334 BTPWorkerThread-3917 (_rx_task) root DEBUG iutctl_common.py          131   read                      : Received: hdr: Header(svc_id=0x02, op=0x02, ctrl_index=0x00, data_len=0x02) bytearray(b'\x02\x02\x00\x02\x00')
2026-09-17 15:48:51,356 BTPWorkerThread-3917 (_rx_task) root DEBUG iutctl_common.py          139   read                      : Read 2 bytes data
2026-09-17 15:48:51,367 BTPWorkerThread-3917 (_rx_task) root DEBUG iutctl_common.py          154   read                      : Received data: {'00 00'}, bytearray(b'\x00\x00')
2026-09-17 15:48:51,383 LT1-thread root DEBUG gatt.py                   1195  gatt_command_rsp_succ     : received Header(svc_id=2, op=2, ctrl_index=0, data_len=2) (b'\x00\x00',)
2026-09-17 15:48:51,383 LT1-thread root DEBUG testcase.py               254   start                     : Starting test function: class=<class 'autopts.ptsprojects.testcase.TestFunc'>, func=<function gatts_add_char at 0x00000203DA2723E0> start_wid=None stop_wid=None post_wid=None skip_call=None call_count=116 args=(0, 2, 17, 'AA52') kwds={}
2026-09-17 15:48:51,383 LT1-thread root DEBUG testcase.py               266   start                     : Test function parameters: args=(0, 2, 17, 'AA52'), kwds={}
2026-09-17 15:48:51,383 LT1-thread root DEBUG gatt.py                   177   gatts_add_char            : 0 2 17 'AA52'
2026-09-17 15:48:51,383 LT1-thread root DEBUG iutctl_common.py          161   send                      : 2 3 0 "bytearray(b'\\x00\\x00\\x02\\x11\\x02R\\xaa')"
2026-09-17 15:48:51,383 LT1-thread root DEBUG iutctl_common.py          166   send                      : sending frame '0203000700000002110252aa'
2026-09-17 15:48:51,384 LT1-thread root DEBUG gatt.py                   1190  gatt_command_rsp_succ     : 
2026-09-17 15:48:51,384 LT1-thread root DEBUG iutctl_common.py          339   read                      : 
2026-09-17 15:48:51,424 BTPWorkerThread-3917 (_rx_task) root DEBUG iutctl_common.py          123   read                      : Read 5 bytes
2026-09-17 15:48:51,429 BTPWorkerThread-3917 (_rx_task) root DEBUG iutctl_common.py          131   read                      : Received: hdr: Header(svc_id=0x02, op=0x03, ctrl_index=0x00, data_len=0x02) bytearray(b'\x02\x03\x00\x02\x00')
2026-09-17 15:48:51,451 BTPWorkerThread-3917 (_rx_task) root DEBUG iutctl_common.py          139   read                      : Read 2 bytes data
2026-09-17 15:48:51,462 BTPWorkerThread-3917 (_rx_task) root DEBUG iutctl_common.py          154   read                      : Received data: {'00 00'}, bytearray(b'\x00\x00')
2026-09-17 15:48:51,478 LT1-thread root DEBUG gatt.py                   1195  gatt_command_rsp_succ     : received Header(svc_id=2, op=3, ctrl_index=0, data_len=2) (b'\x00\x00',)
2026-09-17 15:48:51,478 LT1-thread root DEBUG testcase.py               254   start                     : Starting test function: class=<class 'autopts.ptsprojects.testcase.TestFunc'>, func=<function gatts_set_val at 0x00000203DA272480> start_wid=None stop_wid=None post_wid=None skip_call=None call_count=116 args=(0, '01') kwds={}
2026-09-17 15:48:51,478 LT1-thread root DEBUG testcase.py               266   start                     : Test function parameters: args=(0, '01'), kwds={}
2026-09-17 15:48:51,478 LT1-thread root DEBUG gatt.py                   209   gatts_set_val             : 0 '01' 
2026-09-17 15:48:51,478 LT1-thread root DEBUG iutctl_common.py          161   send                      : 2 6 0 "bytearray(b'\\x00\\x00\\x01\\x00\\x01')"
2026-09-17 15:48:51,478 LT1-thread root DEBUG iutctl_common.py          166   send                      : sending frame '02060005000000010001'
2026-09-17 15:48:51,478 LT1-thread root DEBUG gatt.py                   1190  gatt_command_rsp_succ     : 
2026-09-17 15:48:51,479 LT1-thread root DEBUG iutctl_common.py          339   read                      : 
2026-09-17 15:48:51,523 BTPWorkerThread-3917 (_rx_task) root DEBUG iutctl_common.py          123   read                      : Read 5 bytes
2026-09-17 15:48:51,533 BTPWorkerThread-3917 (_rx_task) root DEBUG iutctl_common.py          131   read                      : Received: hdr: Header(svc_id=0x02, op=0x06, ctrl_index=0x00, data_len=0x00) bytearray(b'\x02\x06\x00\x00\x00')
2026-09-17 15:48:51,545 BTPWorkerThread-3917 (_rx_task) root DEBUG iutctl_common.py          154   read                      : Received data: {''}, bytearray(b'')
2026-09-17 15:48:51,556 LT1-thread root DEBUG gatt.py                   1195  gatt_command_rsp_succ     : received Header(svc_id=2, op=6, ctrl_index=0, data_len=0) (b'',)
2026-09-17 15:48:51,556 LT1-thread root DEBUG testcase.py               254   start                     : Starting test function: class=<class 'autopts.ptsprojects.testcase.TestFunc'>, func=<function gatts_add_char at 0x00000203DA2723E0> start_wid=None stop_wid=None post_wid=None skip_call=None call_count=116 args=(0, 2, 5, 'AA53') kwds={}
2026-09-17 15:48:51,556 LT1-thread root DEBUG testcase.py               266   start                     : Test function parameters: args=(0, 2, 5, 'AA53'), kwds={}
2026-09-17 15:48:51,556 LT1-thread root DEBUG gatt.py                   177   gatts_add_char            : 0 2 5 'AA53'
2026-09-17 15:48:51,556 LT1-thread root DEBUG iutctl_common.py          161   send                      : 2 3 0 "bytearray(b'\\x00\\x00\\x02\\x05\\x02S\\xaa')"
2026-09-17 15:48:51,556 LT1-thread root DEBUG iutctl_common.py          166   send                      : sending frame '0203000700000002050253aa'
2026-09-17 15:48:51,557 LT1-thread root DEBUG gatt.py                   1190  gatt_command_rsp_succ     : 
2026-09-17 15:48:51,557 LT1-thread root DEBUG iutctl_common.py          339   read                      : 
2026-09-17 15:48:51,599 BTPWorkerThread-3917 (_rx_task) root DEBUG iutctl_common.py          123   read                      : Read 5 bytes
2026-09-17 15:48:51,610 BTPWorkerThread-3917 (_rx_task) root DEBUG iutctl_common.py          131   read                      : Received: hdr: Header(svc_id=0x02, op=0x03, ctrl_index=0x00, data_len=0x02) bytearray(b'\x02\x03\x00\x02\x00')
2026-09-17 15:48:51,633 BTPWorkerThread-3917 (_rx_task) root DEBUG iutctl_common.py          139   read                      : Read 2 bytes data
2026-09-17 15:48:51,644 BTPWorkerThread-3917 (_rx_task) root DEBUG iutctl_common.py          154   read                      : Received data: {'00 00'}, bytearray(b'\x00\x00')
2026-09-17 15:48:51,660 LT1-thread root DEBUG gatt.py                   1195  gatt_command_rsp_succ     : received Header(svc_id=2, op=3, ctrl_index=0, data_len=2) (b'\x00\x00',)
2026-09-17 15:48:51,660 LT1-thread root DEBUG testcase.py               254   start                     : Starting test function: class=<class 'autopts.ptsprojects.testcase.TestFunc'>, func=<function gatts_set_val at 0x00000203DA272480> start_wid=None stop_wid=None post_wid=None skip_call=None call_count=116 args=(0, '02') kwds={}
2026-09-17 15:48:51,660 LT1-thread root DEBUG testcase.py               266   start                     : Test function parameters: args=(0, '02'), kwds={}
2026-09-17 15:48:51,660 LT1-thread root DEBUG gatt.py                   209   gatts_set_val             : 0 '02' 
2026-09-17 15:48:51,660 LT1-thread root DEBUG iutctl_common.py          161   send                      : 2 6 0 "bytearray(b'\\x00\\x00\\x01\\x00\\x02')"
2026-09-17 15:48:51,660 LT1-thread root DEBUG iutctl_common.py          166   send                      : sending frame '02060005000000010002'
2026-09-17 15:48:51,661 LT1-thread root DEBUG gatt.py                   1190  gatt_command_rsp_succ     : 
2026-09-17 15:48:51,661 LT1-thread root DEBUG iutctl_common.py          339   read                      : 
2026-09-17 15:48:51,698 BTPWorkerThread-3917 (_rx_task) root DEBUG iutctl_common.py          123   read                      : Read 5 bytes
2026-09-17 15:48:51,708 BTPWorkerThread-3917 (_rx_task) root DEBUG iutctl_common.py          131   read                      : Received: hdr: Header(svc_id=0x02, op=0x06, ctrl_index=0x00, data_len=0x00) bytearray(b'\x02\x06\x00\x00\x00')
2026-09-17 15:48:51,720 BTPWorkerThread-3917 (_rx_task) root DEBUG iutctl_common.py          154   read                      : Received data: {''}, bytearray(b'')
2026-09-17 15:48:51,731 LT1-thread root DEBUG gatt.py                   1195  gatt_command_rsp_succ     : received Header(svc_id=2, op=6, ctrl_index=0, data_len=0) (b'',)
2026-09-17 15:48:51,731 LT1-thread root DEBUG testcase.py               254   start                     : Starting test function: class=<class 'autopts.ptsprojects.testcase.TestFunc'>, func=<function gatts_add_char at 0x00000203DA2723E0> start_wid=None stop_wid=None post_wid=None skip_call=None call_count=116 args=(0, 10, 48, 'AA55') kwds={}
2026-09-17 15:48:51,731 LT1-thread root DEBUG testcase.py               266   start                     : Test function parameters: args=(0, 10, 48, 'AA55'), kwds={}
2026-09-17 15:48:51,731 LT1-thread root DEBUG gatt.py                   177   gatts_add_char            : 0 10 48 'AA55'
2026-09-17 15:48:51,731 LT1-thread root DEBUG iutctl_common.py          161   send                      : 2 3 0 "bytearray(b'\\x00\\x00\\n0\\x02U\\xaa')"
2026-09-17 15:48:51,732 LT1-thread root DEBUG iutctl_common.py          166   send                      : sending frame '020300070000000a300255aa'
2026-09-17 15:48:51,732 LT1-thread root DEBUG gatt.py                   1190  gatt_command_rsp_succ     : 
2026-09-17 15:48:51,732 LT1-thread root DEBUG iutctl_common.py          339   read                      : 
2026-09-17 15:48:51,774 BTPWorkerThread-3917 (_rx_task) root DEBUG iutctl_common.py          123   read                      : Read 5 bytes
2026-09-17 15:48:51,785 BTPWorkerThread-3917 (_rx_task) root DEBUG iutctl_common.py          131   read                      : Received: hdr: Header(svc_id=0x02, op=0x03, ctrl_index=0x00, data_len=0x02) bytearray(b'\x02\x03\x00\x02\x00')
2026-09-17 15:48:51,808 BTPWorkerThread-3917 (_rx_task) root DEBUG iutctl_common.py          139   read                      : Read 2 bytes data
2026-09-17 15:48:51,819 BTPWorkerThread-3917 (_rx_task) root DEBUG iutctl_common.py          154   read                      : Received data: {'00 00'}, bytearray(b'\x00\x00')
2026-09-17 15:48:51,835 LT1-thread root DEBUG gatt.py                   1195  gatt_command_rsp_succ     : received Header(svc_id=2, op=3, ctrl_index=0, data_len=2) (b'\x00\x00',)
2026-09-17 15:48:51,835 LT1-thread root DEBUG testcase.py               254   start                     : Starting test function: class=<class 'autopts.ptsprojects.testcase.TestFunc'>, func=<function gatts_set_val at 0x00000203DA272480> start_wid=None stop_wid=None post_wid=None skip_call=None call_count=116 args=(0, '04') kwds={}
2026-09-17 15:48:51,835 LT1-thread root DEBUG testcase.py               266   start                     : Test function parameters: args=(0, '04'), kwds={}
2026-09-17 15:48:51,835 LT1-thread root DEBUG gatt.py                   209   gatts_set_val             : 0 '04' 
2026-09-17 15:48:51,835 LT1-thread root DEBUG iutctl_common.py          161   send                      : 2 6 0 "bytearray(b'\\x00\\x00\\x01\\x00\\x04')"
2026-09-17 15:48:51,835 LT1-thread root DEBUG iutctl_common.py          166   send                      : sending frame '02060005000000010004'
2026-09-17 15:48:51,835 LT1-thread root DEBUG gatt.py                   1190  gatt_command_rsp_succ     : 
2026-09-17 15:48:51,836 LT1-thread root DEBUG iutctl_common.py          339   read                      : 
2026-09-17 15:48:51,873 BTPWorkerThread-3917 (_rx_task) root DEBUG iutctl_common.py          123   read                      : Read 5 bytes
2026-09-17 15:48:51,884 BTPWorkerThread-3917 (_rx_task) root DEBUG iutctl_common.py          131   read                      : Received: hdr: Header(svc_id=0x02, op=0x06, ctrl_index=0x00, data_len=0x00) bytearray(b'\x02\x06\x00\x00\x00')
2026-09-17 15:48:51,889 BTPWorkerThread-3917 (_rx_task) root DEBUG iutctl_common.py          154   read                      : Received data: {''}, bytearray(b'')
2026-09-17 15:48:51,899 LT1-thread root DEBUG gatt.py                   1195  gatt_command_rsp_succ     : received Header(svc_id=2, op=6, ctrl_index=0, data_len=0) (b'',)
2026-09-17 15:48:51,899 LT1-thread root DEBUG testcase.py               254   start                     : Starting test function: class=<class 'autopts.ptsprojects.testcase.TestFunc'>, func=<function gatts_start_server at 0x00000203DA272700> start_wid=None stop_wid=None post_wid=None skip_call=None call_count=116 args=() kwds={}
2026-09-17 15:48:51,899 LT1-thread root DEBUG testcase.py               266   start                     : Test function parameters: args=(), kwds={}
2026-09-17 15:48:51,899 LT1-thread root DEBUG gatt.py                   306   gatts_start_server        : 
2026-09-17 15:48:51,899 LT1-thread root DEBUG iutctl_common.py          161   send                      : 2 7 0 ''
2026-09-17 15:48:51,899 LT1-thread root DEBUG iutctl_common.py          166   send                      : sending frame '0207000000'
2026-09-17 15:48:51,900 LT1-thread root DEBUG gatt.py                   1190  gatt_command_rsp_succ     : 
2026-09-17 15:48:51,900 LT1-thread root DEBUG iutctl_common.py          339   read                      : 
2026-09-17 15:48:51,934 BTPWorkerThread-3917 (_rx_task) root DEBUG iutctl_common.py          123   read                      : Read 5 bytes
2026-09-17 15:48:51,939 BTPWorkerThread-3917 (_rx_task) root DEBUG iutctl_common.py          131   read                      : Received: hdr: Header(svc_id=0x02, op=0x07, ctrl_index=0x00, data_len=0x03) bytearray(b'\x02\x07\x00\x03\x00')
2026-09-17 15:48:51,951 BTPWorkerThread-3917 (_rx_task) root DEBUG iutctl_common.py          139   read                      : Read 3 bytes data
2026-09-17 15:48:51,957 BTPWorkerThread-3917 (_rx_task) root DEBUG iutctl_common.py          154   read                      : Received data: {'00 00 00'}, bytearray(b'\x00\x00\x00')
2026-09-17 15:48:51,979 LT1-thread root DEBUG gatt.py                   1195  gatt_command_rsp_succ     : received Header(svc_id=2, op=7, ctrl_index=0, data_len=3) (b'\x00\x00\x00',)
2026-09-17 15:48:51,981 LT1-thread root DEBUG client.py                 276   get_result                : ClientCallback.get_result run_test_case
2026-09-17 15:48:56,054 LT1-callback ClientCallback.on_implicit_send INFO client.py                 223   on_implicit_send          : 
    ********************
    BEGIN OnImplicitSend:
    project_name: GAP
    wid: 91
    test_case_name: GAP/SEC/AUT/BV-26-C
    description: Please send a connectable undirected advertising report.
    style: MMI_Style_Ok_Cancel2 0x11141
2026-09-17 15:48:56,054 LT1-callback ClientCallback.on_implicit_send INFO client.py                 236   on_implicit_send          : Calling test cases on_implicit_send
2026-09-17 15:48:56,054 LT1-callback ClientCallback.on_implicit_send INFO client.py                 249   on_implicit_send          : 
    on_implicit_send returned response: WAIT
    END OnImplicitSend
    ********************
2026-09-17 15:48:56,984 LT1-thread root DEBUG testcase.py               679   run_wid                   : GAP GAP/SEC/AUT/BV-26-C on_implicit_send
2026-09-17 15:48:56,984 LT1-thread root DEBUG gap_wid.py                26    gap_wid_hdl               : gap_wid_hdl, 91, Please send a connectable undirected advertising report., GAP/SEC/AUT/BV-26-C
2026-09-17 15:48:56,984 LT1-thread root DEBUG gap.py                    982   gap_set_connectable       : 
2026-09-17 15:48:56,984 LT1-thread root DEBUG gap.py                    648   gap_start_advertising     : {9: b'Tester_08E44E'} None
2026-09-17 15:48:56,984 LT1-thread root DEBUG iutctl_common.py          161   send                      : 1 10 0 "bytearray(b'\\x0f\\x00\\t\\rTester_08E44E\\xff\\xff\\xff\\xff\\x00')"
2026-09-17 15:48:56,984 LT1-thread root DEBUG iutctl_common.py          166   send                      : sending frame '010a0016000f00090d5465737465725f303845343445ffffffff00'
2026-09-17 15:48:56,984 LT1-thread root DEBUG gap.py                    1227  gap_command_rsp_succ      : 
2026-09-17 15:48:56,985 LT1-thread root DEBUG iutctl_common.py          339   read                      : 
2026-09-17 15:48:57,019 BTPWorkerThread-3917 (_rx_task) root DEBUG iutctl_common.py          123   read                      : Read 5 bytes
2026-09-17 15:48:57,030 BTPWorkerThread-3917 (_rx_task) root DEBUG iutctl_common.py          131   read                      : Received: hdr: Header(svc_id=0x01, op=0x0a, ctrl_index=0x00, data_len=0x04) bytearray(b'\x01\n\x00\x04\x00')
2026-09-17 15:48:57,036 BTPWorkerThread-3917 (_rx_task) root DEBUG iutctl_common.py          139   read                      : Read 4 bytes data
2026-09-17 15:48:57,042 BTPWorkerThread-3917 (_rx_task) root DEBUG iutctl_common.py          154   read                      : Received data: {'13 06 00 00'}, bytearray(b'\x13\x06\x00\x00')
2026-09-17 15:48:57,048 LT1-thread root DEBUG gap.py                    1232  gap_command_rsp_succ      : received Header(svc_id=1, op=10, ctrl_index=0, data_len=4) (b'\x13\x06\x00\x00',)
2026-09-17 15:48:57,048 LT1-thread root DEBUG gap.py                    594   __gap_current_settings_update : (b'\x13\x06\x00\x00',)
2026-09-17 15:48:57,048 LT1-thread root DEBUG testcase.py               722   run_wid                   : Sending response 'OK' to wid 91 test case GAP/SEC/AUT/BV-26-C
2026-09-17 15:48:57,051 LT1-thread root DEBUG client.py                 276   get_result                : ClientCallback.get_result run_test_case
2026-09-17 15:48:57,282 BTPWorkerThread-3917 (_rx_task) root DEBUG iutctl_common.py          123   read                      : Read 5 bytes
2026-09-17 15:48:57,283 BTPWorkerThread-3917 (_rx_task) root DEBUG iutctl_common.py          131   read                      : Received: hdr: Header(svc_id=0x01, op=0x82, ctrl_index=0x00, data_len=0x0d) bytearray(b'\x01\x82\x00\r\x00')
2026-09-17 15:48:57,283 BTPWorkerThread-3917 (_rx_task) root DEBUG iutctl_common.py          139   read                      : Read 13 bytes data
2026-09-17 15:48:57,283 BTPWorkerThread-3917 (_rx_task) root DEBUG iutctl_common.py          154   read                      : Received data: {'00 4e e4 08 dc 1b 00 3c 00 00 00 d0 07'}, bytearray(b'\x00N\xe4\x08\xdc\x1b\x00<\x00\x00\x00\xd0\x07')
2026-09-17 15:48:57,283 BTPWorkerThread-3917 (_rx_task) root DEBUG btp.py                    700   event_handler             : Header(svc_id=1, op=130, ctrl_index=0, data_len=13) (b'\x00N\xe4\x08\xdc\x1b\x00<\x00\x00\x00\xd0\x07',)
2026-09-17 15:48:57,283 BTPWorkerThread-3917 (_rx_task) root DEBUG gap.py                    213   gap_connected_ev_         : b'\x00N\xe4\x08\xdc\x1b\x00<\x00\x00\x00\xd0\x07'
2026-09-17 15:48:57,283 BTPWorkerThread-3917 (_rx_task) root DEBUG iutctl_common.py          123   read                      : Read 5 bytes
2026-09-17 15:48:57,283 BTPWorkerThread-3917 (_rx_task) root DEBUG iutctl_common.py          131   read                      : Received: hdr: Header(svc_id=0x01, op=0x80, ctrl_index=0x00, data_len=0x04) bytearray(b'\x01\x80\x00\x04\x00')
2026-09-17 15:48:57,283 BTPWorkerThread-3917 (_rx_task) root DEBUG iutctl_common.py          139   read                      : Read 4 bytes data
2026-09-17 15:48:57,284 BTPWorkerThread-3917 (_rx_task) root DEBUG iutctl_common.py          154   read                      : Received data: {'13 02 00 00'}, bytearray(b'\x13\x02\x00\x00')
2026-09-17 15:48:57,284 BTPWorkerThread-3917 (_rx_task) root DEBUG btp.py                    700   event_handler             : Header(svc_id=1, op=128, ctrl_index=0, data_len=4) (b'\x13\x02\x00\x00',)
2026-09-17 15:48:57,284 BTPWorkerThread-3917 (_rx_task) root DEBUG gap.py                    181   gap_new_settings_ev_      : b'\x13\x02\x00\x00'
2026-09-17 15:48:57,284 BTPWorkerThread-3917 (_rx_task) root DEBUG gap.py                    594   __gap_current_settings_update : 531
2026-09-17 15:49:58,963 LT1-callback ClientCallback.on_implicit_send INFO client.py                 223   on_implicit_send          : 
    ********************
    BEGIN OnImplicitSend:
    project_name: GAP
    wid: 118
    test_case_name: GAP/SEC/AUT/BV-26-C
    description: Please press ok to disconnect the link.
    style: MMI_Style_Ok_Cancel1 0x11041
2026-09-17 15:49:58,963 LT1-callback ClientCallback.on_implicit_send INFO client.py                 236   on_implicit_send          : Calling test cases on_implicit_send
2026-09-17 15:49:58,963 LT1-callback ClientCallback.on_implicit_send INFO client.py                 249   on_implicit_send          : 
    on_implicit_send returned response: WAIT
    END OnImplicitSend
    ********************
2026-09-17 15:49:59,054 BTPWorkerThread-3917 (_rx_task) root DEBUG iutctl_common.py          123   read                      : Read 5 bytes
2026-09-17 15:49:59,055 BTPWorkerThread-3917 (_rx_task) root DEBUG iutctl_common.py          131   read                      : Received: hdr: Header(svc_id=0x01, op=0x91, ctrl_index=0x00, data_len=0x09) bytearray(b'\x01\x91\x00\t\x00')
2026-09-17 15:49:59,055 BTPWorkerThread-3917 (_rx_task) root DEBUG iutctl_common.py          139   read                      : Read 9 bytes data
2026-09-17 15:49:59,055 BTPWorkerThread-3917 (_rx_task) root DEBUG iutctl_common.py          154   read                      : Received data: {'00 4e e4 08 dc 1b 00 01 10'}, bytearray(b'\x00N\xe4\x08\xdc\x1b\x00\x01\x10')
2026-09-17 15:49:59,055 BTPWorkerThread-3917 (_rx_task) root DEBUG btp.py                    700   event_handler             : Header(svc_id=1, op=145, ctrl_index=0, data_len=9) (b'\x00N\xe4\x08\xdc\x1b\x00\x01\x10',)
2026-09-17 15:49:59,055 BTPWorkerThread-3917 (_rx_task) root DEBUG gap.py                    492   gap_encryption_change_ev_ : 
2026-09-17 15:49:59,055 BTPWorkerThread-3917 (_rx_task) root DEBUG gap.py                    494   gap_encryption_change_ev_ : enc change received b'\x00N\xe4\x08\xdc\x1b\x00\x01\x10'
2026-09-17 15:49:59,055 BTPWorkerThread-3917 (_rx_task) root DEBUG gap.py                    503   gap_encryption_change_ev_ : received (0, '001bdc08e44e', 1, 16)
2026-09-17 15:49:59,055 BTPWorkerThread-3917 (_rx_task) root DEBUG iutctl_common.py          123   read                      : Read 4 bytes
2026-09-17 15:49:59,065 BTPWorkerThread-3917 (_rx_task) root DEBUG iutctl_common.py          123   read                      : Read 1 bytes
2026-09-17 15:49:59,066 BTPWorkerThread-3917 (_rx_task) root DEBUG iutctl_common.py          131   read                      : Received: hdr: Header(svc_id=0x01, op=0x89, ctrl_index=0x00, data_len=0x08) bytearray(b'\x01\x89\x00\x08\x00')
2026-09-17 15:49:59,066 BTPWorkerThread-3917 (_rx_task) root DEBUG iutctl_common.py          139   read                      : Read 8 bytes data
2026-09-17 15:49:59,066 BTPWorkerThread-3917 (_rx_task) root DEBUG iutctl_common.py          154   read                      : Received data: {'00 4e e4 08 dc 1b 00 02'}, bytearray(b'\x00N\xe4\x08\xdc\x1b\x00\x02')
2026-09-17 15:49:59,066 BTPWorkerThread-3917 (_rx_task) root DEBUG btp.py                    700   event_handler             : Header(svc_id=1, op=137, ctrl_index=0, data_len=8) (b'\x00N\xe4\x08\xdc\x1b\x00\x02',)
2026-09-17 15:49:59,066 BTPWorkerThread-3917 (_rx_task) root DEBUG gap.py                    298   gap_sec_level_changed_ev_ : 
2026-09-17 15:49:59,066 BTPWorkerThread-3917 (_rx_task) root DEBUG gap.py                    300   gap_sec_level_changed_ev_ : received b'\x00N\xe4\x08\xdc\x1b\x00\x02'
2026-09-17 15:49:59,066 BTPWorkerThread-3917 (_rx_task) root DEBUG gap.py                    311   gap_sec_level_changed_ev_ : received (0, '001bdc08e44e', 2)
2026-09-17 15:49:59,082 LT1-thread root DEBUG testcase.py               679   run_wid                   : GAP GAP/SEC/AUT/BV-26-C on_implicit_send
2026-09-17 15:49:59,082 LT1-thread root DEBUG gap_wid.py                26    gap_wid_hdl               : gap_wid_hdl, 118, Please press ok to disconnect the link., GAP/SEC/AUT/BV-26-C
2026-09-17 15:49:59,082 LT1-thread root DEBUG testcase.py               722   run_wid                   : Sending response 'OK' to wid 118 test case GAP/SEC/AUT/BV-26-C
2026-09-17 15:49:59,084 LT1-thread root DEBUG client.py                 276   get_result                : ClientCallback.get_result run_test_case
2026-09-17 15:49:59,187 BTPWorkerThread-3917 (_rx_task) root DEBUG iutctl_common.py          123   read                      : Read 5 bytes
2026-09-17 15:49:59,187 BTPWorkerThread-3917 (_rx_task) root DEBUG iutctl_common.py          131   read                      : Received: hdr: Header(svc_id=0x01, op=0x98, ctrl_index=0x00, data_len=0x08) bytearray(b'\x01\x98\x00\x08\x00')
2026-09-17 15:49:59,187 BTPWorkerThread-3917 (_rx_task) root DEBUG iutctl_common.py          139   read                      : Read 8 bytes data
2026-09-17 15:49:59,187 BTPWorkerThread-3917 (_rx_task) root DEBUG iutctl_common.py          154   read                      : Received data: {'00 4e e4 08 dc 1b 00 01'}, bytearray(b'\x00N\xe4\x08\xdc\x1b\x00\x01')
2026-09-17 15:49:59,187 BTPWorkerThread-3917 (_rx_task) root DEBUG btp.py                    700   event_handler             : Header(svc_id=1, op=152, ctrl_index=0, data_len=8) (b'\x00N\xe4\x08\xdc\x1b\x00\x01',)
2026-09-17 15:49:59,187 BTPWorkerThread-3917 (_rx_task) root DEBUG gap.py                    509   gap_peer_car_status_ev_   : 
2026-09-17 15:49:59,187 BTPWorkerThread-3917 (_rx_task) root DEBUG gap.py                    516   gap_peer_car_status_ev_   : received (0, '001bdc08e44e', 1)
2026-09-17 15:49:59,340 BTPWorkerThread-3917 (_rx_task) root DEBUG iutctl_common.py          123   read                      : Read 5 bytes
2026-09-17 15:49:59,341 BTPWorkerThread-3917 (_rx_task) root DEBUG iutctl_common.py          131   read                      : Received: hdr: Header(svc_id=0x01, op=0x83, ctrl_index=0x00, data_len=0x07) bytearray(b'\x01\x83\x00\x07\x00')
2026-09-17 15:49:59,341 BTPWorkerThread-3917 (_rx_task) root DEBUG iutctl_common.py          139   read                      : Read 7 bytes data
2026-09-17 15:49:59,341 BTPWorkerThread-3917 (_rx_task) root DEBUG iutctl_common.py          154   read                      : Received data: {'00 4e e4 08 dc 1b 00'}, bytearray(b'\x00N\xe4\x08\xdc\x1b\x00')
2026-09-17 15:49:59,341 BTPWorkerThread-3917 (_rx_task) root DEBUG btp.py                    700   event_handler             : Header(svc_id=1, op=131, ctrl_index=0, data_len=7) (b'\x00N\xe4\x08\xdc\x1b\x00',)
2026-09-17 15:49:59,341 BTPWorkerThread-3917 (_rx_task) root DEBUG gap.py                    226   gap_disconnected_ev_      : b'\x00N\xe4\x08\xdc\x1b\x00'
2026-09-17 15:49:59,634 LT1-callback ClientCallback.on_implicit_send INFO client.py                 223   on_implicit_send          : 
    ********************
    BEGIN OnImplicitSend:
    project_name: GAP
    wid: 91
    test_case_name: GAP/SEC/AUT/BV-26-C
    description: Please send a connectable undirected advertising report.
    style: MMI_Style_Ok_Cancel2 0x11141
2026-09-17 15:49:59,634 LT1-callback ClientCallback.on_implicit_send INFO client.py                 236   on_implicit_send          : Calling test cases on_implicit_send
2026-09-17 15:49:59,634 LT1-callback ClientCallback.on_implicit_send INFO client.py                 249   on_implicit_send          : 
    on_implicit_send returned response: WAIT
    END OnImplicitSend
    ********************
2026-09-17 15:50:00,085 LT1-thread root DEBUG testcase.py               679   run_wid                   : GAP GAP/SEC/AUT/BV-26-C on_implicit_send
2026-09-17 15:50:00,085 LT1-thread root DEBUG gap_wid.py                26    gap_wid_hdl               : gap_wid_hdl, 91, Please send a connectable undirected advertising report., GAP/SEC/AUT/BV-26-C
2026-09-17 15:50:00,085 LT1-thread root DEBUG gap.py                    982   gap_set_connectable       : 
2026-09-17 15:50:00,085 LT1-thread root DEBUG gap.py                    648   gap_start_advertising     : {9: b'Tester_08E44E'} None
2026-09-17 15:50:00,085 LT1-thread root DEBUG iutctl_common.py          161   send                      : 1 10 0 "bytearray(b'\\x0f\\x00\\t\\rTester_08E44E\\xff\\xff\\xff\\xff\\x00')"
2026-09-17 15:50:00,086 LT1-thread root DEBUG iutctl_common.py          166   send                      : sending frame '010a0016000f00090d5465737465725f303845343445ffffffff00'
2026-09-17 15:50:00,086 LT1-thread root DEBUG gap.py                    1227  gap_command_rsp_succ      : 
2026-09-17 15:50:00,086 LT1-thread root DEBUG iutctl_common.py          339   read                      : 
2026-09-17 15:50:00,119 BTPWorkerThread-3917 (_rx_task) root DEBUG iutctl_common.py          123   read                      : Read 5 bytes
2026-09-17 15:50:00,119 BTPWorkerThread-3917 (_rx_task) root DEBUG iutctl_common.py          131   read                      : Received: hdr: Header(svc_id=0x01, op=0x0a, ctrl_index=0x00, data_len=0x04) bytearray(b'\x01\n\x00\x04\x00')
2026-09-17 15:50:00,125 BTPWorkerThread-3917 (_rx_task) root DEBUG iutctl_common.py          139   read                      : Read 4 bytes data
2026-09-17 15:50:00,135 BTPWorkerThread-3917 (_rx_task) root DEBUG iutctl_common.py          154   read                      : Received data: {'13 06 00 00'}, bytearray(b'\x13\x06\x00\x00')
2026-09-17 15:50:00,140 LT1-thread root DEBUG gap.py                    1232  gap_command_rsp_succ      : received Header(svc_id=1, op=10, ctrl_index=0, data_len=4) (b'\x13\x06\x00\x00',)
2026-09-17 15:50:00,140 LT1-thread root DEBUG gap.py                    594   __gap_current_settings_update : (b'\x13\x06\x00\x00',)
2026-09-17 15:50:00,140 LT1-thread root DEBUG testcase.py               722   run_wid                   : Sending response 'OK' to wid 91 test case GAP/SEC/AUT/BV-26-C
2026-09-17 15:50:00,142 LT1-thread root DEBUG client.py                 276   get_result                : ClientCallback.get_result run_test_case
2026-09-17 15:50:00,756 BTPWorkerThread-3917 (_rx_task) root DEBUG iutctl_common.py          123   read                      : Read 5 bytes
2026-09-17 15:50:00,757 BTPWorkerThread-3917 (_rx_task) root DEBUG iutctl_common.py          131   read                      : Received: hdr: Header(svc_id=0x01, op=0x82, ctrl_index=0x00, data_len=0x0d) bytearray(b'\x01\x82\x00\r\x00')
2026-09-17 15:50:00,757 BTPWorkerThread-3917 (_rx_task) root DEBUG iutctl_common.py          139   read                      : Read 13 bytes data
2026-09-17 15:50:00,757 BTPWorkerThread-3917 (_rx_task) root DEBUG iutctl_common.py          154   read                      : Received data: {'00 4e e4 08 dc 1b 00 3c 00 00 00 d0 07'}, bytearray(b'\x00N\xe4\x08\xdc\x1b\x00<\x00\x00\x00\xd0\x07')
2026-09-17 15:50:00,757 BTPWorkerThread-3917 (_rx_task) root DEBUG btp.py                    700   event_handler             : Header(svc_id=1, op=130, ctrl_index=0, data_len=13) (b'\x00N\xe4\x08\xdc\x1b\x00<\x00\x00\x00\xd0\x07',)
2026-09-17 15:50:00,757 BTPWorkerThread-3917 (_rx_task) root DEBUG gap.py                    213   gap_connected_ev_         : b'\x00N\xe4\x08\xdc\x1b\x00<\x00\x00\x00\xd0\x07'
2026-09-17 15:50:00,757 BTPWorkerThread-3917 (_rx_task) root DEBUG iutctl_common.py          123   read                      : Read 5 bytes
2026-09-17 15:50:00,757 BTPWorkerThread-3917 (_rx_task) root DEBUG iutctl_common.py          131   read                      : Received: hdr: Header(svc_id=0x01, op=0x80, ctrl_index=0x00, data_len=0x04) bytearray(b'\x01\x80\x00\x04\x00')
2026-09-17 15:50:00,757 BTPWorkerThread-3917 (_rx_task) root DEBUG iutctl_common.py          139   read                      : Read 4 bytes data
2026-09-17 15:50:00,758 BTPWorkerThread-3917 (_rx_task) root DEBUG iutctl_common.py          154   read                      : Received data: {'13 02 00 00'}, bytearray(b'\x13\x02\x00\x00')
2026-09-17 15:50:00,758 BTPWorkerThread-3917 (_rx_task) root DEBUG btp.py                    700   event_handler             : Header(svc_id=1, op=128, ctrl_index=0, data_len=4) (b'\x13\x02\x00\x00',)
2026-09-17 15:50:00,758 BTPWorkerThread-3917 (_rx_task) root DEBUG gap.py                    181   gap_new_settings_ev_      : b'\x13\x02\x00\x00'
2026-09-17 15:50:00,758 BTPWorkerThread-3917 (_rx_task) root DEBUG gap.py                    594   __gap_current_settings_update : 531
2026-09-17 15:50:01,327 LT1-callback ClientCallback.on_implicit_send INFO client.py                 223   on_implicit_send          : 
    ********************
    BEGIN OnImplicitSend:
    project_name: GAP
    wid: 112
    test_case_name: GAP/SEC/AUT/BV-26-C
    description: Please send an ATT service request - read or write request with handle 0x0007 (octet).Discover services if needed.
    style: MMI_Style_Ok_Cancel2 0x11141
2026-09-17 15:50:01,327 LT1-callback ClientCallback.on_implicit_send INFO client.py                 236   on_implicit_send          : Calling test cases on_implicit_send
2026-09-17 15:50:01,327 LT1-callback ClientCallback.on_implicit_send INFO client.py                 249   on_implicit_send          : 
    on_implicit_send returned response: WAIT
    END OnImplicitSend
    ********************
2026-09-17 15:50:02,144 LT1-thread root DEBUG testcase.py               679   run_wid                   : GAP GAP/SEC/AUT/BV-26-C on_implicit_send
2026-09-17 15:50:02,144 LT1-thread root DEBUG gap_wid.py                26    gap_wid_hdl               : gap_wid_hdl, 112, Please send an ATT service request - read or write request with handle 0x0007 (octet).Discover services if needed., GAP/SEC/AUT/BV-26-C
2026-09-17 15:50:02,144 LT1-thread root DEBUG btp.py                    344   parse_handle_description  : description='Please send an ATT service request - read or write request with handle 0x0007 (octet).Discover services if needed.'
2026-09-17 15:50:02,144 LT1-thread root DEBUG btp.py                    349   parse_handle_description  : handle='0007'
2026-09-17 15:50:02,144 LT1-thread root DEBUG gatt.py                   826   gattc_read                : 0 '001bdc08e44e' 7
2026-09-17 15:50:02,144 LT1-thread root DEBUG iutctl_common.py          161   send                      : 2 17 0 "bytearray(b'\\x00N\\xe4\\x08\\xdc\\x1b\\x00\\x07\\x00')"
2026-09-17 15:50:02,144 LT1-thread root DEBUG iutctl_common.py          166   send                      : sending frame '0211000900004ee408dc1b000700'
2026-09-17 15:50:02,145 LT1-thread root DEBUG iutctl_common.py          339   read                      : 
2026-09-17 15:50:02,268 BTPWorkerThread-3917 (_rx_task) root DEBUG iutctl_common.py          123   read                      : Read 5 bytes
2026-09-17 15:50:02,278 BTPWorkerThread-3917 (_rx_task) root DEBUG iutctl_common.py          131   read                      : Received: hdr: Header(svc_id=0x02, op=0x11, ctrl_index=0x00, data_len=0x03) bytearray(b'\x02\x11\x00\x03\x00')
2026-09-17 15:50:02,284 BTPWorkerThread-3917 (_rx_task) root DEBUG iutctl_common.py          139   read                      : Read 3 bytes data
2026-09-17 15:50:02,284 BTPWorkerThread-3917 (_rx_task) root DEBUG iutctl_common.py          154   read                      : Received data: {'05 00 00'}, bytearray(b'\x05\x00\x00')
2026-09-17 15:50:02,284 BTPWorkerThread-3917 (_rx_task) root DEBUG iutctl_common.py          123   read                      : Read 5 bytes
2026-09-17 15:50:02,285 BTPWorkerThread-3917 (_rx_task) root DEBUG iutctl_common.py          131   read                      : Received: hdr: Header(svc_id=0x01, op=0x8b, ctrl_index=0x00, data_len=0x07) bytearray(b'\x01\x8b\x00\x07\x00')
2026-09-17 15:50:02,285 BTPWorkerThread-3917 (_rx_task) root DEBUG iutctl_common.py          139   read                      : Read 7 bytes data
2026-09-17 15:50:02,285 LT1-thread root DEBUG gatt.py                   1647  gattc_read_rsp            : received Header(svc_id=2, op=17, ctrl_index=0, data_len=3) (b'\x05\x00\x00',)
2026-09-17 15:50:02,286 BTPWorkerThread-3917 (_rx_task) root DEBUG iutctl_common.py          154   read                      : Received data: {'00 4e e4 08 dc 1b 00'}, bytearray(b'\x00N\xe4\x08\xdc\x1b\x00')
2026-09-17 15:50:02,286 BTPWorkerThread-3917 (_rx_task) root DEBUG btp.py                    700   event_handler             : Header(svc_id=1, op=139, ctrl_index=0, data_len=7) (b'\x00N\xe4\x08\xdc\x1b\x00',)
2026-09-17 15:50:02,286 BTPWorkerThread-3917 (_rx_task) root DEBUG gap.py                    348   gap_bond_lost_ev_         : 
2026-09-17 15:50:02,286 BTPWorkerThread-3917 (_rx_task) root DEBUG gap.py                    350   gap_bond_lost_ev_         : received b'\x00N\xe4\x08\xdc\x1b\x00'
2026-09-17 15:50:02,286 BTPWorkerThread-3917 (_rx_task) root DEBUG gap.py                    359   gap_bond_lost_ev_         : received (0, '001bdc08e44e')
2026-09-17 15:50:02,286 LT1-thread root DEBUG gatt.py                   1653  gattc_read_rsp            : 5 (b'',)
2026-09-17 15:50:02,286 LT1-thread root DEBUG testcase.py               722   run_wid                   : Sending response 'OK' to wid 112 test case GAP/SEC/AUT/BV-26-C
2026-09-17 15:50:02,288 LT1-thread root DEBUG client.py                 276   get_result                : ClientCallback.get_result run_test_case
2026-09-17 15:50:03,262 BTPWorkerThread-3917 (_rx_task) root DEBUG iutctl_common.py          123   read                      : Read 5 bytes
2026-09-17 15:50:03,263 BTPWorkerThread-3917 (_rx_task) root DEBUG iutctl_common.py          131   read                      : Received: hdr: Header(svc_id=0x01, op=0x91, ctrl_index=0x00, data_len=0x09) bytearray(b'\x01\x91\x00\t\x00')
2026-09-17 15:50:03,263 BTPWorkerThread-3917 (_rx_task) root DEBUG iutctl_common.py          139   read                      : Read 9 bytes data
2026-09-17 15:50:03,263 BTPWorkerThread-3917 (_rx_task) root DEBUG iutctl_common.py          154   read                      : Received data: {'00 4e e4 08 dc 1b 00 01 10'}, bytearray(b'\x00N\xe4\x08\xdc\x1b\x00\x01\x10')
2026-09-17 15:50:03,263 BTPWorkerThread-3917 (_rx_task) root DEBUG btp.py                    700   event_handler             : Header(svc_id=1, op=145, ctrl_index=0, data_len=9) (b'\x00N\xe4\x08\xdc\x1b\x00\x01\x10',)
2026-09-17 15:50:03,263 BTPWorkerThread-3917 (_rx_task) root DEBUG gap.py                    492   gap_encryption_change_ev_ : 
2026-09-17 15:50:03,263 BTPWorkerThread-3917 (_rx_task) root DEBUG gap.py                    494   gap_encryption_change_ev_ : enc change received b'\x00N\xe4\x08\xdc\x1b\x00\x01\x10'
2026-09-17 15:50:03,263 BTPWorkerThread-3917 (_rx_task) root DEBUG gap.py                    503   gap_encryption_change_ev_ : received (0, '001bdc08e44e', 1, 16)
2026-09-17 15:50:03,263 BTPWorkerThread-3917 (_rx_task) root DEBUG iutctl_common.py          123   read                      : Read 5 bytes
2026-09-17 15:50:03,263 BTPWorkerThread-3917 (_rx_task) root DEBUG iutctl_common.py          131   read                      : Received: hdr: Header(svc_id=0x01, op=0x89, ctrl_index=0x00, data_len=0x08) bytearray(b'\x01\x89\x00\x08\x00')
2026-09-17 15:50:03,263 BTPWorkerThread-3917 (_rx_task) root DEBUG iutctl_common.py          139   read                      : Read 8 bytes data
2026-09-17 15:50:03,264 BTPWorkerThread-3917 (_rx_task) root DEBUG iutctl_common.py          154   read                      : Received data: {'00 4e e4 08 dc 1b 00 02'}, bytearray(b'\x00N\xe4\x08\xdc\x1b\x00\x02')
2026-09-17 15:50:03,264 BTPWorkerThread-3917 (_rx_task) root DEBUG btp.py                    700   event_handler             : Header(svc_id=1, op=137, ctrl_index=0, data_len=8) (b'\x00N\xe4\x08\xdc\x1b\x00\x02',)
2026-09-17 15:50:03,264 BTPWorkerThread-3917 (_rx_task) root DEBUG gap.py                    298   gap_sec_level_changed_ev_ : 
2026-09-17 15:50:03,264 BTPWorkerThread-3917 (_rx_task) root DEBUG gap.py                    300   gap_sec_level_changed_ev_ : received b'\x00N\xe4\x08\xdc\x1b\x00\x02'
2026-09-17 15:50:03,264 BTPWorkerThread-3917 (_rx_task) root DEBUG gap.py                    311   gap_sec_level_changed_ev_ : received (0, '001bdc08e44e', 2)
2026-09-17 15:50:03,383 BTPWorkerThread-3917 (_rx_task) root DEBUG iutctl_common.py          123   read                      : Read 5 bytes
2026-09-17 15:50:03,383 BTPWorkerThread-3917 (_rx_task) root DEBUG iutctl_common.py          131   read                      : Received: hdr: Header(svc_id=0x01, op=0x98, ctrl_index=0x00, data_len=0x08) bytearray(b'\x01\x98\x00\x08\x00')
2026-09-17 15:50:03,384 BTPWorkerThread-3917 (_rx_task) root DEBUG iutctl_common.py          139   read                      : Read 8 bytes data
2026-09-17 15:50:03,384 BTPWorkerThread-3917 (_rx_task) root DEBUG iutctl_common.py          154   read                      : Received data: {'00 4e e4 08 dc 1b 00 01'}, bytearray(b'\x00N\xe4\x08\xdc\x1b\x00\x01')
2026-09-17 15:50:03,384 BTPWorkerThread-3917 (_rx_task) root DEBUG btp.py                    700   event_handler             : Header(svc_id=1, op=152, ctrl_index=0, data_len=8) (b'\x00N\xe4\x08\xdc\x1b\x00\x01',)
2026-09-17 15:50:03,384 BTPWorkerThread-3917 (_rx_task) root DEBUG gap.py                    509   gap_peer_car_status_ev_   : 
2026-09-17 15:50:03,384 BTPWorkerThread-3917 (_rx_task) root DEBUG gap.py                    516   gap_peer_car_status_ev_   : received (0, '001bdc08e44e', 1)
2026-09-17 15:50:03,662 LT1-callback ClientCallback.on_implicit_send INFO client.py                 223   on_implicit_send          : 
    ********************
    BEGIN OnImplicitSend:
    project_name: GAP
    wid: 112
    test_case_name: GAP/SEC/AUT/BV-26-C
    description: Please send an ATT service request - read or write request with handle 0x0007 (octet).Discover services if needed.
    style: MMI_Style_Ok_Cancel2 0x11141
2026-09-17 15:50:03,662 LT1-callback ClientCallback.on_implicit_send INFO client.py                 236   on_implicit_send          : Calling test cases on_implicit_send
2026-09-17 15:50:03,662 LT1-callback ClientCallback.on_implicit_send INFO client.py                 249   on_implicit_send          : 
    on_implicit_send returned response: WAIT
    END OnImplicitSend
    ********************
2026-09-17 15:50:04,289 LT1-thread root DEBUG testcase.py               679   run_wid                   : GAP GAP/SEC/AUT/BV-26-C on_implicit_send
2026-09-17 15:50:04,289 LT1-thread root DEBUG gap_wid.py                26    gap_wid_hdl               : gap_wid_hdl, 112, Please send an ATT service request - read or write request with handle 0x0007 (octet).Discover services if needed., GAP/SEC/AUT/BV-26-C
2026-09-17 15:50:04,289 LT1-thread root DEBUG btp.py                    344   parse_handle_description  : description='Please send an ATT service request - read or write request with handle 0x0007 (octet).Discover services if needed.'
2026-09-17 15:50:04,289 LT1-thread root DEBUG btp.py                    349   parse_handle_description  : handle='0007'
2026-09-17 15:50:04,289 LT1-thread root DEBUG gatt.py                   826   gattc_read                : 0 '001bdc08e44e' 7
2026-09-17 15:50:04,289 LT1-thread root DEBUG iutctl_common.py          161   send                      : 2 17 0 "bytearray(b'\\x00N\\xe4\\x08\\xdc\\x1b\\x00\\x07\\x00')"
2026-09-17 15:50:04,289 LT1-thread root DEBUG iutctl_common.py          166   send                      : sending frame '0211000900004ee408dc1b000700'
2026-09-17 15:50:04,290 LT1-thread root DEBUG iutctl_common.py          339   read                      : 
2026-09-17 15:50:04,818 BTPWorkerThread-3917 (_rx_task) root DEBUG iutctl_common.py          123   read                      : Read 5 bytes
2026-09-17 15:50:04,823 BTPWorkerThread-3917 (_rx_task) root DEBUG iutctl_common.py          131   read                      : Received: hdr: Header(svc_id=0x02, op=0x11, ctrl_index=0x00, data_len=0x29) bytearray(b'\x02\x11\x00)\x00')
2026-09-17 15:50:04,835 BTPWorkerThread-3917 (_rx_task) root DEBUG iutctl_common.py          139   read                      : Read 41 bytes data
2026-09-17 15:50:04,835 BTPWorkerThread-3917 (_rx_task) root DEBUG iutctl_common.py          154   read                      : Received data: {'00 26 00 46 75 74 75 72 65 20 43 68 61 72 61 63 74 65 72 69 73 74 69 63 20 77 69 6c 6c 20 62 65 20 70 75 74 20 68 65 72 65'}, bytearray(b'\x00&\x00Future Characteristic will be put here')
2026-09-17 15:50:04,840 BTPWorkerThread-3917 (_rx_task) root DEBUG iutctl_common.py          123   read                      : Read 5 bytes
2026-09-17 15:50:04,840 LT1-thread root DEBUG gatt.py                   1647  gattc_read_rsp            : received Header(svc_id=2, op=17, ctrl_index=0, data_len=41) (b'\x00&\x00Future Characteristic will be put here',)
2026-09-17 15:50:04,840 BTPWorkerThread-3917 (_rx_task) root DEBUG iutctl_common.py          131   read                      : Received: hdr: Header(svc_id=0x01, op=0x83, ctrl_index=0x00, data_len=0x07) bytearray(b'\x01\x83\x00\x07\x00')
2026-09-17 15:50:04,840 BTPWorkerThread-3917 (_rx_task) root DEBUG iutctl_common.py          139   read                      : Read 7 bytes data
2026-09-17 15:50:04,840 LT1-thread root DEBUG gatt.py                   1653  gattc_read_rsp            : 0 (b'Future Characteristic will be put here',)
2026-09-17 15:50:04,840 LT1-thread root DEBUG testcase.py               722   run_wid                   : Sending response 'OK' to wid 112 test case GAP/SEC/AUT/BV-26-C
2026-09-17 15:50:04,840 BTPWorkerThread-3917 (_rx_task) root DEBUG iutctl_common.py          154   read                      : Received data: {'00 4e e4 08 dc 1b 00'}, bytearray(b'\x00N\xe4\x08\xdc\x1b\x00')
2026-09-17 15:50:04,840 BTPWorkerThread-3917 (_rx_task) root DEBUG btp.py                    700   event_handler             : Header(svc_id=1, op=131, ctrl_index=0, data_len=7) (b'\x00N\xe4\x08\xdc\x1b\x00',)
2026-09-17 15:50:04,840 BTPWorkerThread-3917 (_rx_task) root DEBUG gap.py                    226   gap_disconnected_ev_      : b'\x00N\xe4\x08\xdc\x1b\x00'
2026-09-17 15:50:04,842 LT1-thread root DEBUG client.py                 276   get_result                : ClientCallback.get_result run_test_case
2026-09-17 15:50:07,453 LT1-callback ClientCallback.log INFO client.py                 200   log                       : PTS_LOGTYPE_START_TEST Start Test Case 

+1641 ms
 GAP/SEC/AUT/BV-26-C GAP/SEC/AUT/BV-26-C

2026-09-17 15:50:07,993 LT1-callback ClientCallback.log INFO client.py                 200   log                       : PTS_LOGTYPE_FINAL_VERDICT Final Verdict 

+74219 ms
 GAP/SEC/AUT/BV-26-C PASS

2026-09-17 15:50:07,998 LT1-callback ClientCallback.log INFO client.py                 200   log                       : PTS_LOGTYPE_FINAL_VERDICT Encrypted Verdict 

+74219 ms
 GAP/SEC/AUT/BV-26-C A1#ZDc5ZDIyZGNjOWE2ZmY1M2Q3YWQ0NDU2MDA3MzI2ZThjMzZjM2ZhYWUwMTMxZWU5MjBmNTdkYWE1YzIxYWZkMA==#6Ad/8EudwFIJ1eb1LWCaTmQNL+DpLobxTecB38XCZaRJ3ZHZZFVLPXrmIvzneDG6

2026-09-17 15:50:08,002 LT1-callback ClientCallback.log INFO client.py                 200   log                       : PTS_LOGTYPE_END_TEST Test Case Ended 

+74219 ms
 GAP/SEC/AUT/BV-26-C GAP/SEC/AUT/BV-26-C

2026-09-17 15:50:08,120 LT1-callback root DEBUG client.py                 261   set_result                : ClientCallback, set_result, run_test_case, PASS
2026-09-17 15:50:08,120 LT1-thread root DEBUG client.py                 1186  _run_test_case            : After run_test_case error_code=0 status='PASS'
2026-09-17 15:50:08,120 LT1-thread root DEBUG testcase.py               766   post_run                  : post_run GAP GAP/SEC/AUT/BV-26-C 0
2026-09-17 15:50:08,121 LT1-thread root DEBUG testcase.py               254   start                     : Starting test function: class=<class 'autopts.ptsprojects.testcase.TestFuncCleanUp'>, func=<bound method ZTestCase._test_case_cleanup of <autopts.ptsprojects.zephyr.ztestcase.ZTestCase object at 0x00000203DCD3D310>> start_wid=None stop_wid=None post_wid=None skip_call=None call_count=1 args=() kwds={}
2026-09-17 15:50:08,121 LT1-thread root DEBUG testcase.py               266   start                     : Test function parameters: args=(), kwds={}
2026-09-17 15:50:08,121 LT1-thread root DEBUG iutctl.py                 415   stop                      : <class 'autopts.ptsprojects.zephyr.iutctl.create_zephyr_ctl_class.<locals>.ZephyrCtl'>.stop
2026-09-17 15:50:08,121 LT1-thread root DEBUG __init__.py               51    reset                     : About to reset DUT: JLink -CommandFile reset.jlink -usb 1063214216 -device MIMXRT1176XXXA_M7
2026-09-17 15:50:08,436 BTPWorkerThread-3917 (_rx_task) root DEBUG iutctl_common.py          123   read                      : Read 5 bytes
2026-09-17 15:50:08,437 BTPWorkerThread-3917 (_rx_task) root DEBUG iutctl_common.py          131   read                      : Received: hdr: Header(svc_id=0x00, op=0x80, ctrl_index=0xff, data_len=0x00) bytearray(b'\x00\x80\xff\x00\x00')
2026-09-17 15:50:08,437 BTPWorkerThread-3917 (_rx_task) root DEBUG iutctl_common.py          154   read                      : Received data: {''}, bytearray(b'')
2026-09-17 15:50:08,437 BTPWorkerThread-3917 (_rx_task) root DEBUG btp.py                    700   event_handler             : Header(svc_id=0, op=128, ctrl_index=255, data_len=0) (b'',)
2026-09-17 15:50:08,437 BTPWorkerThread-3917 (_rx_task) root DEBUG core.py                   23    core_iut_ready_ev         : 
2026-09-17 15:50:08,509 LT1-thread root DEBUG iutctl.py                 436   _stop_tty_mode            : IUT ready event received OK
2026-09-17 15:50:08,509 LT1-thread root DEBUG iutctl_common.py          416   close                     : Waiting for _rx_worker to finish ...
2026-09-17 15:50:09,437 BTPWorkerThread-3917 (_rx_task) root DEBUG iutctl_common.py          332   _rx_task                  : BTPWorkerThread-3917 (_rx_task) finishing...
2026-09-17 15:50:12,444 LT1-thread root DEBUG testcase.py               794   post_run                  : post_run, cleanup running post test case script
2026-09-17 15:50:12,445 LT1-thread root DEBUG testcase.py               802   post_run                  : post_run, run post test case script
2026-09-17 15:50:12,524 LT1-thread root DEBUG client.py                 1220  _run_test_case            : Done TestCase _run_test_case GAP GAP/SEC/AUT/BV-26-C
