2026-09-24 17:22:18,733 LT1-thread root DEBUG client.py                 1099  _run_test_case            : Starting TestCase _run_test_case GAP GAP/GAT/BV-05-C
2026-09-24 17:22:18,733 LT1-thread root DEBUG testcase.py               727   pre_run                   : pre_run GAP GAP/GAT/BV-05-C
2026-09-24 17:22:18,733 LT1-thread root DEBUG testcase.py               729   pre_run                   : About to run test case GAP GAP/GAT/BV-05-C with commands:
2026-09-24 17:22:18,734 LT1-thread root DEBUG testcase.py               731   pre_run                   : 0) class=<class 'autopts.ptsprojects.testcase.TestFunc'>, func=<bound method ZTestCase._test_case_start of <autopts.ptsprojects.zephyr.ztestcase.ZTestCase object at 0x000002622B3F6A50>> start_wid=None stop_wid=None post_wid=None skip_call=None call_count=0 args=() kwds={}
2026-09-24 17:22:18,734 LT1-thread root DEBUG testcase.py               731   pre_run                   : 1) class=<class 'autopts.ptsprojects.testcase.TestFunc'>, func=<function core_reg_svc_gap at 0x0000026227D2E160> start_wid=None stop_wid=None post_wid=None skip_call=None call_count=201 args=() kwds={}
2026-09-24 17:22:18,734 LT1-thread root DEBUG testcase.py               731   pre_run                   : 2) class=<class 'autopts.ptsprojects.testcase.TestFunc'>, func=<bound method Stack.gap_init of <autopts.ptsprojects.stack.stack.Stack object at 0x000002622ACA1670>> start_wid=None stop_wid=None post_wid=None skip_call=None call_count=201 args=(b'Tester_08E44E', 'ABCD', '1111', '1111', '11', '1111', b'\x17github.com/auto-pts', (8, 'PADV_Tester'), 'FF') kwds={}
2026-09-24 17:22:18,734 LT1-thread root DEBUG testcase.py               731   pre_run                   : 3) class=<class 'autopts.ptsprojects.testcase.TestFunc'>, func=<function gap_read_controller_info at 0x0000026227D6EB60> start_wid=None stop_wid=None post_wid=None skip_call=None call_count=201 args=() kwds={}
2026-09-24 17:22:18,734 LT1-thread root DEBUG testcase.py               731   pre_run                   : 4) class=<class 'autopts.ptsprojects.testcase.TestFunc'>, func=<function test_cases.<locals>.<lambda> at 0x000002622B3920C0> start_wid=None stop_wid=None post_wid=None skip_call=None call_count=201 args=() kwds={}
2026-09-24 17:22:18,734 LT1-thread root DEBUG testcase.py               731   pre_run                   : 5) class=<class 'autopts.ptsprojects.testcase.TestFunc'>, func=<function test_cases.<locals>.<lambda> at 0x000002622B392020> start_wid=None stop_wid=None post_wid=None skip_call=None call_count=201 args=() kwds={}
2026-09-24 17:22:18,734 LT1-thread root DEBUG testcase.py               731   pre_run                   : 6) class=<class 'autopts.ptsprojects.testcase.TestFunc'>, func=<function test_cases.<locals>.<lambda> at 0x000002622B392160> start_wid=None stop_wid=None post_wid=None skip_call=None call_count=201 args=() kwds={}
2026-09-24 17:22:18,734 LT1-thread root DEBUG testcase.py               731   pre_run                   : 7) class=<class 'autopts.ptsprojects.testcase.TestFunc'>, func=<function test_cases.<locals>.<lambda> at 0x000002622B392200> start_wid=None stop_wid=None post_wid=None skip_call=None call_count=201 args=() kwds={}
2026-09-24 17:22:18,734 LT1-thread root DEBUG testcase.py               731   pre_run                   : 8) class=<class 'autopts.ptsprojects.testcase.TestFunc'>, func=<function test_cases.<locals>.<lambda> at 0x000002622B3922A0> start_wid=None stop_wid=None post_wid=None skip_call=None call_count=201 args=() kwds={}
2026-09-24 17:22:18,734 LT1-thread root DEBUG testcase.py               731   pre_run                   : 9) class=<class 'autopts.ptsprojects.testcase.TestFunc'>, func=<function test_cases.<locals>.<lambda> at 0x000002622B392340> start_wid=None stop_wid=None post_wid=None skip_call=None call_count=201 args=() kwds={}
2026-09-24 17:22:18,735 LT1-thread root DEBUG testcase.py               731   pre_run                   : 10) class=<class 'autopts.ptsprojects.testcase.TestFunc'>, func=<function test_cases.<locals>.<lambda> at 0x000002622B3923E0> start_wid=None stop_wid=None post_wid=None skip_call=None call_count=201 args=() kwds={}
2026-09-24 17:22:18,735 LT1-thread root DEBUG testcase.py               731   pre_run                   : 11) class=<class 'autopts.ptsprojects.testcase.TestFunc'>, func=<function test_cases.<locals>.<lambda> at 0x000002622B392480> start_wid=None stop_wid=None post_wid=None skip_call=None call_count=201 args=() kwds={}
2026-09-24 17:22:18,735 LT1-thread root DEBUG testcase.py               731   pre_run                   : 12) class=<class 'autopts.ptsprojects.testcase.TestFunc'>, func=<function test_cases.<locals>.<lambda> at 0x000002622B392520> start_wid=None stop_wid=None post_wid=None skip_call=None call_count=201 args=() kwds={}
2026-09-24 17:22:18,735 LT1-thread root DEBUG testcase.py               731   pre_run                   : 13) class=<class 'autopts.ptsprojects.testcase.TestFunc'>, func=<function test_cases.<locals>.<lambda> at 0x000002622B3925C0> start_wid=None stop_wid=None post_wid=None skip_call=None call_count=201 args=() kwds={}
2026-09-24 17:22:18,735 LT1-thread root DEBUG testcase.py               731   pre_run                   : 14) class=<class 'autopts.ptsprojects.testcase.TestFunc'>, func=<function core_reg_svc_gatt at 0x0000026227D2E2A0> start_wid=None stop_wid=None post_wid=None skip_call=None call_count=201 args=() kwds={}
2026-09-24 17:22:18,735 LT1-thread root DEBUG testcase.py               731   pre_run                   : 15) class=<class 'autopts.ptsprojects.testcase.TestFunc'>, func=<bound method Stack.gatt_init of <autopts.ptsprojects.stack.stack.Stack object at 0x000002622ACA1670>> start_wid=None stop_wid=None post_wid=None skip_call=None call_count=201 args=() kwds={}
2026-09-24 17:22:18,735 LT1-thread root DEBUG testcase.py               731   pre_run                   : 16) class=<class 'autopts.ptsprojects.testcase.TestFunc'>, func=<function gap_set_io_capability at 0x0000026227D6E020> start_wid=None stop_wid=None post_wid=None skip_call=None call_count=201 args=(4,) kwds={}
2026-09-24 17:22:18,735 LT1-thread root DEBUG testcase.py               731   pre_run                   : 17) class=<class 'autopts.ptsprojects.testcase.TestFunc'>, func=<function gap_set_broadcast_code at 0x0000026227D74220> start_wid=None stop_wid=None post_wid=None skip_call=None call_count=201 args=('0102680553F1415AA265BBAFC6EA03B8',) kwds={}
2026-09-24 17:22:18,735 LT1-thread root DEBUG testcase.py               731   pre_run                   : 18) class=<class 'autopts.ptsprojects.testcase.TestFunc'>, func=<function set_pts_addr at 0x0000026227D2DD00> start_wid=None stop_wid=None post_wid=None skip_call=None call_count=201 args=('00:1B:DC:08:E4:4E', 0) kwds={}
2026-09-24 17:22:18,735 LT1-thread root DEBUG testcase.py               731   pre_run                   : 19) class=<class 'autopts.ptsprojects.testcase.TestFunc'>, func=<function gatts_add_svc at 0x0000026227D85940> start_wid=None stop_wid=None post_wid=None skip_call=None call_count=164 args=(0, 'AA51') kwds={}
2026-09-24 17:22:18,735 LT1-thread root DEBUG testcase.py               731   pre_run                   : 20) class=<class 'autopts.ptsprojects.testcase.TestFunc'>, func=<function gatts_add_char at 0x0000026227D85A80> start_wid=None stop_wid=None post_wid=None skip_call=None call_count=164 args=(0, 2, 17, 'AA52') kwds={}
2026-09-24 17:22:18,735 LT1-thread root DEBUG testcase.py               731   pre_run                   : 21) class=<class 'autopts.ptsprojects.testcase.TestFunc'>, func=<function gatts_set_val at 0x0000026227D85B20> start_wid=None stop_wid=None post_wid=None skip_call=None call_count=164 args=(0, '01') kwds={}
2026-09-24 17:22:18,735 LT1-thread root DEBUG testcase.py               731   pre_run                   : 22) class=<class 'autopts.ptsprojects.testcase.TestFunc'>, func=<function gatts_add_char at 0x0000026227D85A80> start_wid=None stop_wid=None post_wid=None skip_call=None call_count=164 args=(0, 2, 5, 'AA53') kwds={}
2026-09-24 17:22:18,735 LT1-thread root DEBUG testcase.py               731   pre_run                   : 23) class=<class 'autopts.ptsprojects.testcase.TestFunc'>, func=<function gatts_set_val at 0x0000026227D85B20> start_wid=None stop_wid=None post_wid=None skip_call=None call_count=164 args=(0, '02') kwds={}
2026-09-24 17:22:18,736 LT1-thread root DEBUG testcase.py               731   pre_run                   : 24) class=<class 'autopts.ptsprojects.testcase.TestFunc'>, func=<function gatts_add_char at 0x0000026227D85A80> start_wid=None stop_wid=None post_wid=None skip_call=None call_count=164 args=(0, 10, 48, 'AA55') kwds={}
2026-09-24 17:22:18,736 LT1-thread root DEBUG testcase.py               731   pre_run                   : 25) class=<class 'autopts.ptsprojects.testcase.TestFunc'>, func=<function gatts_set_val at 0x0000026227D85B20> start_wid=None stop_wid=None post_wid=None skip_call=None call_count=164 args=(0, '04') kwds={}
2026-09-24 17:22:18,736 LT1-thread root DEBUG testcase.py               731   pre_run                   : 26) class=<class 'autopts.ptsprojects.testcase.TestFunc'>, func=<function gatts_start_server at 0x0000026227D85DA0> start_wid=None stop_wid=None post_wid=None skip_call=None call_count=164 args=() kwds={}
2026-09-24 17:22:18,736 LT1-thread root DEBUG testcase.py               731   pre_run                   : 27) class=<class 'autopts.ptsprojects.testcase.TestFuncCleanUp'>, func=<bound method ZTestCase._test_case_cleanup of <autopts.ptsprojects.zephyr.ztestcase.ZTestCase object at 0x000002622B3F6A50>> start_wid=None stop_wid=None post_wid=None skip_call=None call_count=0 args=() kwds={}
2026-09-24 17:22:18,736 LT1-thread root DEBUG testcase.py               738   pre_run                   : pre_run, run pre test case script
2026-09-24 17:22:18,744 LT1-thread root DEBUG testcase.py               254   start                     : Starting test function: class=<class 'autopts.ptsprojects.testcase.TestFunc'>, func=<bound method ZTestCase._test_case_start of <autopts.ptsprojects.zephyr.ztestcase.ZTestCase object at 0x000002622B3F6A50>> start_wid=None stop_wid=None post_wid=None skip_call=None call_count=1 args=() kwds={}
2026-09-24 17:22:18,744 LT1-thread root DEBUG testcase.py               266   start                     : Test function parameters: args=(), kwds={}
2026-09-24 17:22:18,745 LT1-thread root DEBUG iutctl.py                 172   start                     : <class 'autopts.ptsprojects.zephyr.iutctl.create_zephyr_ctl_class.<locals>.ZephyrCtl'>.start
2026-09-24 17:22:18,745 LT1-thread root DEBUG iutctl.py                 325   flush_serial              : <class 'autopts.ptsprojects.zephyr.iutctl.create_zephyr_ctl_class.<locals>.ZephyrCtl'>.flush_serial
2026-09-24 17:22:19,936 LT1-thread root DEBUG iutctl.py                 249   _start_tty_mode           : Starting socat process: socat.exe -x -v tcp:10.17.12.9:63086,retry=100,interval=1 /dev/ttyS2,raw,b115200,
2026-09-24 17:22:19,943 LT1-thread root DEBUG iutctl_common.py          402   accept                    : 
2026-09-24 17:22:20,018 BTPWorkerThread-12956 (_rx_task) root DEBUG iutctl_common.py          299   _rx_task                  : BTPWorkerThread-12956 (_rx_task) started
2026-09-24 17:22:20,018 LT1-thread root DEBUG iutctl.py                 395   wait_iut_ready_event      : IUT ready event received OK
2026-09-24 17:22:20,019 LT1-thread root DEBUG btp.py                    51    read_supp_svcs            : 
2026-09-24 17:22:20,019 LT1-thread root DEBUG iutctl_common.py          161   send                      : 0 2 255 ''
2026-09-24 17:22:20,019 LT1-thread root DEBUG iutctl_common.py          166   send                      : sending frame '0002ff0000'
2026-09-24 17:22:20,019 LT1-thread root DEBUG iutctl_common.py          339   read                      : 
2026-09-24 17:22:20,030 BTPWorkerThread-12956 (_rx_task) root DEBUG iutctl_common.py          123   read                      : Read 5 bytes
2026-09-24 17:22:20,040 BTPWorkerThread-12956 (_rx_task) root DEBUG iutctl_common.py          131   read                      : Received: hdr: Header(svc_id=0x00, op=0x02, ctrl_index=0xff, data_len=0x06) bytearray(b'\x00\x02\xff\x06\x00')
2026-09-24 17:22:20,046 BTPWorkerThread-12956 (_rx_task) root DEBUG iutctl_common.py          139   read                      : Read 6 bytes data
2026-09-24 17:22:20,057 BTPWorkerThread-12956 (_rx_task) root DEBUG iutctl_common.py          154   read                      : Received data: {'0f 00 00 a0 ff 03'}, bytearray(b'\x0f\x00\x00\xa0\xff\x03')
2026-09-24 17:22:20,068 LT1-thread root DEBUG btp.py                    62    read_supp_svcs            : received Header(svc_id=0, op=2, ctrl_index=255, data_len=6) (b'\x0f\x00\x00\xa0\xff\x03',)
2026-09-24 17:22:20,068 LT1-thread root DEBUG testcase.py               254   start                     : Starting test function: class=<class 'autopts.ptsprojects.testcase.TestFunc'>, func=<function core_reg_svc_gap at 0x0000026227D2E160> start_wid=None stop_wid=None post_wid=None skip_call=None call_count=202 args=() kwds={}
2026-09-24 17:22:20,068 LT1-thread root DEBUG testcase.py               266   start                     : Test function parameters: args=(), kwds={}
2026-09-24 17:22:20,068 LT1-thread root DEBUG btp.py                    117   core_reg_svc_univ         : core_reg_svc_univ: gap_reg (GAP)
2026-09-24 17:22:20,068 LT1-thread root DEBUG iutctl_common.py          161   send                      : 0 3 255 '1'
2026-09-24 17:22:20,068 LT1-thread root DEBUG iutctl_common.py          166   send                      : sending frame '0003ff010001'
2026-09-24 17:22:20,068 LT1-thread root DEBUG btp.py                    654   core_reg_svc_rsp_succ     : 
2026-09-24 17:22:20,069 LT1-thread root DEBUG iutctl_common.py          339   read                      : 
2026-09-24 17:22:24,182 BTPWorkerThread-12956 (_rx_task) root DEBUG iutctl_common.py          123   read                      : Read 5 bytes
2026-09-24 17:22:24,193 BTPWorkerThread-12956 (_rx_task) root DEBUG iutctl_common.py          131   read                      : Received: hdr: Header(svc_id=0x00, op=0x03, ctrl_index=0xff, data_len=0x00) bytearray(b'\x00\x03\xff\x00\x00')
2026-09-24 17:22:24,193 BTPWorkerThread-12956 (_rx_task) root DEBUG iutctl_common.py          154   read                      : Received data: {''}, bytearray(b'')
2026-09-24 17:22:24,198 LT1-thread root DEBUG btp.py                    665   core_reg_svc_rsp_succ     : received Header(svc_id=0, op=3, ctrl_index=255, data_len=0) (b'',)
2026-09-24 17:22:24,198 LT1-thread root DEBUG btp.py                    666   core_reg_svc_rsp_succ     : expected ((0, 3, 255, 0), (b'',))
2026-09-24 17:22:24,198 LT1-thread root DEBUG btp.py                    671   core_reg_svc_rsp_succ     : response is valid
2026-09-24 17:22:24,198 LT1-thread root DEBUG btp.py                    674   core_reg_svc_rsp_succ     : Reading supported commands for service: GAP
2026-09-24 17:22:24,198 LT1-thread root DEBUG iutctl_common.py          161   send                      : 1 1 255 ''
2026-09-24 17:22:24,199 LT1-thread root DEBUG iutctl_common.py          166   send                      : sending frame '0101ff0000'
2026-09-24 17:22:24,199 LT1-thread root DEBUG iutctl_common.py          339   read                      : 
2026-09-24 17:22:24,231 BTPWorkerThread-12956 (_rx_task) root DEBUG iutctl_common.py          123   read                      : Read 5 bytes
2026-09-24 17:22:24,237 BTPWorkerThread-12956 (_rx_task) root DEBUG iutctl_common.py          131   read                      : Received: hdr: Header(svc_id=0x01, op=0x01, ctrl_index=0xff, data_len=0x07) bytearray(b'\x01\x01\xff\x07\x00')
2026-09-24 17:22:24,243 BTPWorkerThread-12956 (_rx_task) root DEBUG iutctl_common.py          139   read                      : Read 7 bytes data
2026-09-24 17:22:24,254 BTPWorkerThread-12956 (_rx_task) root DEBUG iutctl_common.py          154   read                      : Received data: {'6e ff 7f 1f fe ff 2e'}, bytearray(b'n\xff\x7f\x1f\xfe\xff.')
2026-09-24 17:22:24,264 LT1-thread root DEBUG testcase.py               254   start                     : Starting test function: class=<class 'autopts.ptsprojects.testcase.TestFunc'>, func=<bound method Stack.gap_init of <autopts.ptsprojects.stack.stack.Stack object at 0x000002622ACA1670>> start_wid=None stop_wid=None post_wid=None skip_call=None call_count=202 args=(b'Tester_08E44E', 'ABCD', '1111', '1111', '11', '1111', b'\x17github.com/auto-pts', (8, 'PADV_Tester'), 'FF') kwds={}
2026-09-24 17:22:24,264 LT1-thread root DEBUG testcase.py               266   start                     : Test function parameters: args=(b'Tester_08E44E', 'ABCD', '1111', '1111', '11', '1111', b'\x17github.com/auto-pts', (8, 'PADV_Tester'), 'FF'), kwds={}
2026-09-24 17:22:24,264 LT1-thread root DEBUG testcase.py               254   start                     : Starting test function: class=<class 'autopts.ptsprojects.testcase.TestFunc'>, func=<function gap_read_controller_info at 0x0000026227D6EB60> start_wid=None stop_wid=None post_wid=None skip_call=None call_count=202 args=() kwds={}
2026-09-24 17:22:24,264 LT1-thread root DEBUG testcase.py               266   start                     : Test function parameters: args=(), kwds={}
2026-09-24 17:22:24,264 LT1-thread root DEBUG gap.py                    1163  gap_read_controller_info  : 
2026-09-24 17:22:24,264 LT1-thread root DEBUG iutctl_common.py          161   send                      : 1 3 0 ''
2026-09-24 17:22:24,264 LT1-thread root DEBUG iutctl_common.py          166   send                      : sending frame '0103000000'
2026-09-24 17:22:24,265 LT1-thread root DEBUG iutctl_common.py          339   read                      : 
2026-09-24 17:22:24,296 BTPWorkerThread-12956 (_rx_task) root DEBUG iutctl_common.py          123   read                      : Read 5 bytes
2026-09-24 17:22:24,306 BTPWorkerThread-12956 (_rx_task) root DEBUG iutctl_common.py          131   read                      : Received: hdr: Header(svc_id=0x01, op=0x03, ctrl_index=0x00, data_len=0x115) bytearray(b'\x01\x03\x00\x15\x01')
2026-09-24 17:22:24,306 BTPWorkerThread-12956 (_rx_task) root DEBUG iutctl_common.py          139   read                      : Read 246 bytes data
2026-09-24 17:22:24,322 BTPWorkerThread-12956 (_rx_task) root DEBUG iutctl_common.py          139   read                      : Read 31 bytes data
2026-09-24 17:22:24,322 BTPWorkerThread-12956 (_rx_task) root DEBUG iutctl_common.py          154   read                      : Received data: {'19 78 ee 69 17 d0 d3 06 02 00 13 02 00 00 00 00 00 62 74 70 5f 74 65 73 74 65 72 00 00 00 00 00 00 00 00 00 00 00 00 00 00 00 00 00 00 00 00 00 00 00 00 00 00 00 00 00 00 00 00 00 00 00 00 00 00 00 00 00 00 00 00 00 00 00 00 00 00 00 00 00 00 00 00 00 00 00 00 00 00 00 00 00 00 00 00 00 00 00 00 00 00 00 00 00 00 00 00 00 00 00 00 00 00 00 00 00 00 00 00 00 00 00 00 00 00 00 00 00 00 00 00 00 00 00 00 00 00 00 00 00 00 00 00 00 00 00 00 00 00 00 00 00 00 00 00 00 00 00 00 00 00 00 00 00 00 00 00 00 00 00 00 00 00 00 00 00 00 00 00 00 00 00 00 00 00 00 00 00 00 00 00 00 00 00 00 00 00 00 00 00 00 00 00 00 00 00 00 00 00 00 00 00 00 00 00 00 00 00 00 00 00 00 00 00 00 00 00 00 00 00 00 00 00 00 00 00 00 00 00 00 00 00 00 00 00 00 00 00 00 00 00 00 00 00 00 00 00 00 00 00 00 00 00 00 00 00 00 00 00 00 00 00 00 00 00 00 00'}, bytearray(b'\x19x\xeei\x17\xd0\xd3\x06\x02\x00\x13\x02\x00\x00\x00\x00\x00btp_tester\x00\x00\x00\x00\x00\x00\x00\x00\x00\x00\x00\x00\x00\x00\x00\x00\x00\x00\x00\x00\x00\x00\x00\x00\x00\x00\x00\x00\x00\x00\x00\x00\x00\x00\x00\x00\x00\x00\x00\x00\x00\x00\x00\x00\x00\x00\x00\x00\x00\x00\x00\x00\x00\x00\x00\x00\x00\x00\x00\x00\x00\x00\x00\x00\x00\x00\x00\x00\x00\x00\x00\x00\x00\x00\x00\x00\x00\x00\x00\x00\x00\x00\x00\x00\x00\x00\x00\x00\x00\x00\x00\x00\x00\x00\x00\x00\x00\x00\x00\x00\x00\x00\x00\x00\x00\x00\x00\x00\x00\x00\x00\x00\x00\x00\x00\x00\x00\x00\x00\x00\x00\x00\x00\x00\x00\x00\x00\x00\x00\x00\x00\x00\x00\x00\x00\x00\x00\x00\x00\x00\x00\x00\x00\x00\x00\x00\x00\x00\x00\x00\x00\x00\x00\x00\x00\x00\x00\x00\x00\x00\x00\x00\x00\x00\x00\x00\x00\x00\x00\x00\x00\x00\x00\x00\x00\x00\x00\x00\x00\x00\x00\x00\x00\x00\x00\x00\x00\x00\x00\x00\x00\x00\x00\x00\x00\x00\x00\x00\x00\x00\x00\x00\x00\x00\x00\x00\x00\x00\x00\x00\x00\x00\x00\x00\x00\x00\x00\x00\x00\x00\x00\x00\x00\x00\x00\x00\x00\x00\x00\x00\x00\x00\x00\x00\x00\x00\x00\x00\x00\x00\x00\x00\x00\x00\x00\x00\x00\x00\x00\x00')
2026-09-24 17:22:24,327 LT1-thread root DEBUG gap.py                    1170  gap_read_controller_info  : received Header(svc_id=1, op=3, ctrl_index=0, data_len=277) (b'\x19x\xeei\x17\xd0\xd3\x06\x02\x00\x13\x02\x00\x00\x00\x00\x00btp_tester\x00\x00\x00\x00\x00\x00\x00\x00\x00\x00\x00\x00\x00\x00\x00\x00\x00\x00\x00\x00\x00\x00\x00\x00\x00\x00\x00\x00\x00\x00\x00\x00\x00\x00\x00\x00\x00\x00\x00\x00\x00\x00\x00\x00\x00\x00\x00\x00\x00\x00\x00\x00\x00\x00\x00\x00\x00\x00\x00\x00\x00\x00\x00\x00\x00\x00\x00\x00\x00\x00\x00\x00\x00\x00\x00\x00\x00\x00\x00\x00\x00\x00\x00\x00\x00\x00\x00\x00\x00\x00\x00\x00\x00\x00\x00\x00\x00\x00\x00\x00\x00\x00\x00\x00\x00\x00\x00\x00\x00\x00\x00\x00\x00\x00\x00\x00\x00\x00\x00\x00\x00\x00\x00\x00\x00\x00\x00\x00\x00\x00\x00\x00\x00\x00\x00\x00\x00\x00\x00\x00\x00\x00\x00\x00\x00\x00\x00\x00\x00\x00\x00\x00\x00\x00\x00\x00\x00\x00\x00\x00\x00\x00\x00\x00\x00\x00\x00\x00\x00\x00\x00\x00\x00\x00\x00\x00\x00\x00\x00\x00\x00\x00\x00\x00\x00\x00\x00\x00\x00\x00\x00\x00\x00\x00\x00\x00\x00\x00\x00\x00\x00\x00\x00\x00\x00\x00\x00\x00\x00\x00\x00\x00\x00\x00\x00\x00\x00\x00\x00\x00\x00\x00\x00\x00\x00\x00\x00\x00\x00\x00\x00\x00\x00\x00\x00\x00\x00\x00\x00\x00\x00\x00\x00\x00\x00\x00\x00\x00\x00\x00',)
2026-09-24 17:22:24,327 LT1-thread root DEBUG gap.py                    1191  gap_read_controller_info  : IUT address 'd01769ee7819' 'public'
2026-09-24 17:22:24,327 LT1-thread root DEBUG gap.py                    596   __gap_current_settings_update : 531
2026-09-24 17:22:24,327 LT1-thread root DEBUG testcase.py               254   start                     : Starting test function: class=<class 'autopts.ptsprojects.testcase.TestFunc'>, func=<function test_cases.<locals>.<lambda> at 0x000002622B3920C0> start_wid=None stop_wid=None post_wid=None skip_call=None call_count=202 args=() kwds={}
2026-09-24 17:22:24,327 LT1-thread root DEBUG testcase.py               266   start                     : Test function parameters: args=(), kwds={}
2026-09-24 17:22:24,336 LT1-thread root DEBUG testcase.py               254   start                     : Starting test function: class=<class 'autopts.ptsprojects.testcase.TestFunc'>, func=<function test_cases.<locals>.<lambda> at 0x000002622B392020> start_wid=None stop_wid=None post_wid=None skip_call=None call_count=202 args=() kwds={}
2026-09-24 17:22:24,336 LT1-thread root DEBUG testcase.py               266   start                     : Test function parameters: args=(), kwds={}
2026-09-24 17:22:24,344 LT1-thread root DEBUG testcase.py               254   start                     : Starting test function: class=<class 'autopts.ptsprojects.testcase.TestFunc'>, func=<function test_cases.<locals>.<lambda> at 0x000002622B392160> start_wid=None stop_wid=None post_wid=None skip_call=None call_count=202 args=() kwds={}
2026-09-24 17:22:24,344 LT1-thread root DEBUG testcase.py               266   start                     : Test function parameters: args=(), kwds={}
2026-09-24 17:22:24,352 LT1-thread root DEBUG testcase.py               254   start                     : Starting test function: class=<class 'autopts.ptsprojects.testcase.TestFunc'>, func=<function test_cases.<locals>.<lambda> at 0x000002622B392200> start_wid=None stop_wid=None post_wid=None skip_call=None call_count=202 args=() kwds={}
2026-09-24 17:22:24,353 LT1-thread root DEBUG testcase.py               266   start                     : Test function parameters: args=(), kwds={}
2026-09-24 17:22:24,360 LT1-thread root DEBUG testcase.py               254   start                     : Starting test function: class=<class 'autopts.ptsprojects.testcase.TestFunc'>, func=<function test_cases.<locals>.<lambda> at 0x000002622B3922A0> start_wid=None stop_wid=None post_wid=None skip_call=None call_count=202 args=() kwds={}
2026-09-24 17:22:24,360 LT1-thread root DEBUG testcase.py               266   start                     : Test function parameters: args=(), kwds={}
2026-09-24 17:22:24,369 LT1-thread root DEBUG testcase.py               254   start                     : Starting test function: class=<class 'autopts.ptsprojects.testcase.TestFunc'>, func=<function test_cases.<locals>.<lambda> at 0x000002622B392340> start_wid=None stop_wid=None post_wid=None skip_call=None call_count=202 args=() kwds={}
2026-09-24 17:22:24,369 LT1-thread root DEBUG testcase.py               266   start                     : Test function parameters: args=(), kwds={}
2026-09-24 17:22:24,377 LT1-thread root DEBUG testcase.py               254   start                     : Starting test function: class=<class 'autopts.ptsprojects.testcase.TestFunc'>, func=<function test_cases.<locals>.<lambda> at 0x000002622B3923E0> start_wid=None stop_wid=None post_wid=None skip_call=None call_count=202 args=() kwds={}
2026-09-24 17:22:24,377 LT1-thread root DEBUG testcase.py               266   start                     : Test function parameters: args=(), kwds={}
2026-09-24 17:22:24,384 LT1-thread root DEBUG testcase.py               254   start                     : Starting test function: class=<class 'autopts.ptsprojects.testcase.TestFunc'>, func=<function test_cases.<locals>.<lambda> at 0x000002622B392480> start_wid=None stop_wid=None post_wid=None skip_call=None call_count=202 args=() kwds={}
2026-09-24 17:22:24,384 LT1-thread root DEBUG testcase.py               266   start                     : Test function parameters: args=(), kwds={}
2026-09-24 17:22:24,392 LT1-thread root DEBUG testcase.py               254   start                     : Starting test function: class=<class 'autopts.ptsprojects.testcase.TestFunc'>, func=<function test_cases.<locals>.<lambda> at 0x000002622B392520> start_wid=None stop_wid=None post_wid=None skip_call=None call_count=202 args=() kwds={}
2026-09-24 17:22:24,392 LT1-thread root DEBUG testcase.py               266   start                     : Test function parameters: args=(), kwds={}
2026-09-24 17:22:24,400 LT1-thread root DEBUG testcase.py               254   start                     : Starting test function: class=<class 'autopts.ptsprojects.testcase.TestFunc'>, func=<function test_cases.<locals>.<lambda> at 0x000002622B3925C0> start_wid=None stop_wid=None post_wid=None skip_call=None call_count=202 args=() kwds={}
2026-09-24 17:22:24,400 LT1-thread root DEBUG testcase.py               266   start                     : Test function parameters: args=(), kwds={}
2026-09-24 17:22:24,408 LT1-thread root DEBUG testcase.py               254   start                     : Starting test function: class=<class 'autopts.ptsprojects.testcase.TestFunc'>, func=<function core_reg_svc_gatt at 0x0000026227D2E2A0> start_wid=None stop_wid=None post_wid=None skip_call=None call_count=202 args=() kwds={}
2026-09-24 17:22:24,408 LT1-thread root DEBUG testcase.py               266   start                     : Test function parameters: args=(), kwds={}
2026-09-24 17:22:24,408 LT1-thread root DEBUG btp.py                    117   core_reg_svc_univ         : core_reg_svc_univ: gatt_reg (GATT)
2026-09-24 17:22:24,408 LT1-thread root DEBUG iutctl_common.py          161   send                      : 0 3 255 '2'
2026-09-24 17:22:24,408 LT1-thread root DEBUG iutctl_common.py          166   send                      : sending frame '0003ff010002'
2026-09-24 17:22:24,408 LT1-thread root DEBUG btp.py                    654   core_reg_svc_rsp_succ     : 
2026-09-24 17:22:24,408 LT1-thread root DEBUG iutctl_common.py          339   read                      : 
2026-09-24 17:22:24,445 BTPWorkerThread-12956 (_rx_task) root DEBUG iutctl_common.py          123   read                      : Read 5 bytes
2026-09-24 17:22:24,456 BTPWorkerThread-12956 (_rx_task) root DEBUG iutctl_common.py          131   read                      : Received: hdr: Header(svc_id=0x00, op=0x03, ctrl_index=0xff, data_len=0x00) bytearray(b'\x00\x03\xff\x00\x00')
2026-09-24 17:22:24,462 BTPWorkerThread-12956 (_rx_task) root DEBUG iutctl_common.py          154   read                      : Received data: {''}, bytearray(b'')
2026-09-24 17:22:24,473 LT1-thread root DEBUG btp.py                    665   core_reg_svc_rsp_succ     : received Header(svc_id=0, op=3, ctrl_index=255, data_len=0) (b'',)
2026-09-24 17:22:24,473 LT1-thread root DEBUG btp.py                    666   core_reg_svc_rsp_succ     : expected ((0, 3, 255, 0), (b'',))
2026-09-24 17:22:24,473 LT1-thread root DEBUG btp.py                    671   core_reg_svc_rsp_succ     : response is valid
2026-09-24 17:22:24,473 LT1-thread root DEBUG btp.py                    674   core_reg_svc_rsp_succ     : Reading supported commands for service: GATT
2026-09-24 17:22:24,473 LT1-thread root DEBUG iutctl_common.py          161   send                      : 2 1 255 ''
2026-09-24 17:22:24,474 LT1-thread root DEBUG iutctl_common.py          166   send                      : sending frame '0201ff0000'
2026-09-24 17:22:24,474 LT1-thread root DEBUG iutctl_common.py          339   read                      : 
2026-09-24 17:22:24,511 BTPWorkerThread-12956 (_rx_task) root DEBUG iutctl_common.py          123   read                      : Read 5 bytes
2026-09-24 17:22:24,522 BTPWorkerThread-12956 (_rx_task) root DEBUG iutctl_common.py          131   read                      : Received: hdr: Header(svc_id=0x02, op=0x01, ctrl_index=0xff, data_len=0x05) bytearray(b'\x02\x01\xff\x05\x00')
2026-09-24 17:22:24,534 BTPWorkerThread-12956 (_rx_task) root DEBUG iutctl_common.py          139   read                      : Read 5 bytes data
2026-09-24 17:22:24,544 BTPWorkerThread-12956 (_rx_task) root DEBUG iutctl_common.py          154   read                      : Received data: {'fe fe bf fd 0f'}, bytearray(b'\xfe\xfe\xbf\xfd\x0f')
2026-09-24 17:22:24,554 LT1-thread root DEBUG testcase.py               254   start                     : Starting test function: class=<class 'autopts.ptsprojects.testcase.TestFunc'>, func=<bound method Stack.gatt_init of <autopts.ptsprojects.stack.stack.Stack object at 0x000002622ACA1670>> start_wid=None stop_wid=None post_wid=None skip_call=None call_count=202 args=() kwds={}
2026-09-24 17:22:24,554 LT1-thread root DEBUG testcase.py               266   start                     : Test function parameters: args=(), kwds={}
2026-09-24 17:22:24,554 LT1-thread root DEBUG testcase.py               254   start                     : Starting test function: class=<class 'autopts.ptsprojects.testcase.TestFunc'>, func=<function gap_set_io_capability at 0x0000026227D6E020> start_wid=None stop_wid=None post_wid=None skip_call=None call_count=202 args=(4,) kwds={}
2026-09-24 17:22:24,554 LT1-thread root DEBUG testcase.py               266   start                     : Test function parameters: args=(4,), kwds={}
2026-09-24 17:22:24,554 LT1-thread root DEBUG gap.py                    861   gap_set_io_capability     : 4
2026-09-24 17:22:24,554 LT1-thread root DEBUG iutctl_common.py          161   send                      : 1 16 0 '\x04'
2026-09-24 17:22:24,554 LT1-thread root DEBUG iutctl_common.py          166   send                      : sending frame '011000010004'
2026-09-24 17:22:24,555 LT1-thread root DEBUG gap.py                    1229  gap_command_rsp_succ      : 
2026-09-24 17:22:24,555 LT1-thread root DEBUG iutctl_common.py          339   read                      : 
2026-09-24 17:22:24,593 BTPWorkerThread-12956 (_rx_task) root DEBUG iutctl_common.py          123   read                      : Read 5 bytes
2026-09-24 17:22:24,598 BTPWorkerThread-12956 (_rx_task) root DEBUG iutctl_common.py          131   read                      : Received: hdr: Header(svc_id=0x01, op=0x10, ctrl_index=0x00, data_len=0x00) bytearray(b'\x01\x10\x00\x00\x00')
2026-09-24 17:22:24,603 BTPWorkerThread-12956 (_rx_task) root DEBUG iutctl_common.py          154   read                      : Received data: {''}, bytearray(b'')
2026-09-24 17:22:24,609 LT1-thread root DEBUG gap.py                    1234  gap_command_rsp_succ      : received Header(svc_id=1, op=16, ctrl_index=0, data_len=0) (b'',)
2026-09-24 17:22:24,609 LT1-thread root DEBUG testcase.py               254   start                     : Starting test function: class=<class 'autopts.ptsprojects.testcase.TestFunc'>, func=<function gap_set_broadcast_code at 0x0000026227D74220> start_wid=None stop_wid=None post_wid=None skip_call=None call_count=202 args=('0102680553F1415AA265BBAFC6EA03B8',) kwds={}
2026-09-24 17:22:24,609 LT1-thread root DEBUG testcase.py               266   start                     : Test function parameters: args=('0102680553F1415AA265BBAFC6EA03B8',), kwds={}
2026-09-24 17:22:24,609 LT1-thread root DEBUG gap.py                    1891  gap_set_broadcast_code    : '0102680553F1415AA265BBAFC6EA03B8'
2026-09-24 17:22:24,610 LT1-thread root DEBUG testcase.py               254   start                     : Starting test function: class=<class 'autopts.ptsprojects.testcase.TestFunc'>, func=<function set_pts_addr at 0x0000026227D2DD00> start_wid=None stop_wid=None post_wid=None skip_call=None call_count=202 args=('00:1B:DC:08:E4:4E', 0) kwds={}
2026-09-24 17:22:24,610 LT1-thread root DEBUG testcase.py               266   start                     : Test function parameters: args=('00:1B:DC:08:E4:4E', 0), kwds={}
2026-09-24 17:22:24,610 LT1-thread root DEBUG testcase.py               254   start                     : Starting test function: class=<class 'autopts.ptsprojects.testcase.TestFunc'>, func=<function gatts_add_svc at 0x0000026227D85940> start_wid=None stop_wid=None post_wid=None skip_call=None call_count=165 args=(0, 'AA51') kwds={}
2026-09-24 17:22:24,610 LT1-thread root DEBUG testcase.py               266   start                     : Test function parameters: args=(0, 'AA51'), kwds={}
2026-09-24 17:22:24,610 LT1-thread root DEBUG gatt.py                   143   gatts_add_svc             : 0 'AA51'
2026-09-24 17:22:24,610 LT1-thread root DEBUG iutctl_common.py          161   send                      : 2 2 0 "bytearray(b'\\x00\\x02Q\\xaa')"
2026-09-24 17:22:24,610 LT1-thread root DEBUG iutctl_common.py          166   send                      : sending frame '0202000400000251aa'
2026-09-24 17:22:24,610 LT1-thread root DEBUG gatt.py                   1190  gatt_command_rsp_succ     : 
2026-09-24 17:22:24,610 LT1-thread root DEBUG iutctl_common.py          339   read                      : 
2026-09-24 17:22:24,641 BTPWorkerThread-12956 (_rx_task) root DEBUG iutctl_common.py          123   read                      : Read 5 bytes
2026-09-24 17:22:24,653 BTPWorkerThread-12956 (_rx_task) root DEBUG iutctl_common.py          131   read                      : Received: hdr: Header(svc_id=0x02, op=0x02, ctrl_index=0x00, data_len=0x02) bytearray(b'\x02\x02\x00\x02\x00')
2026-09-24 17:22:24,659 BTPWorkerThread-12956 (_rx_task) root DEBUG iutctl_common.py          139   read                      : Read 2 bytes data
2026-09-24 17:22:24,664 BTPWorkerThread-12956 (_rx_task) root DEBUG iutctl_common.py          154   read                      : Received data: {'00 00'}, bytearray(b'\x00\x00')
2026-09-24 17:22:24,669 LT1-thread root DEBUG gatt.py                   1195  gatt_command_rsp_succ     : received Header(svc_id=2, op=2, ctrl_index=0, data_len=2) (b'\x00\x00',)
2026-09-24 17:22:24,669 LT1-thread root DEBUG testcase.py               254   start                     : Starting test function: class=<class 'autopts.ptsprojects.testcase.TestFunc'>, func=<function gatts_add_char at 0x0000026227D85A80> start_wid=None stop_wid=None post_wid=None skip_call=None call_count=165 args=(0, 2, 17, 'AA52') kwds={}
2026-09-24 17:22:24,669 LT1-thread root DEBUG testcase.py               266   start                     : Test function parameters: args=(0, 2, 17, 'AA52'), kwds={}
2026-09-24 17:22:24,669 LT1-thread root DEBUG gatt.py                   177   gatts_add_char            : 0 2 17 'AA52'
2026-09-24 17:22:24,669 LT1-thread root DEBUG iutctl_common.py          161   send                      : 2 3 0 "bytearray(b'\\x00\\x00\\x02\\x11\\x02R\\xaa')"
2026-09-24 17:22:24,669 LT1-thread root DEBUG iutctl_common.py          166   send                      : sending frame '0203000700000002110252aa'
2026-09-24 17:22:24,670 LT1-thread root DEBUG gatt.py                   1190  gatt_command_rsp_succ     : 
2026-09-24 17:22:24,670 LT1-thread root DEBUG iutctl_common.py          339   read                      : 
2026-09-24 17:22:24,708 BTPWorkerThread-12956 (_rx_task) root DEBUG iutctl_common.py          123   read                      : Read 5 bytes
2026-09-24 17:22:24,718 BTPWorkerThread-12956 (_rx_task) root DEBUG iutctl_common.py          131   read                      : Received: hdr: Header(svc_id=0x02, op=0x03, ctrl_index=0x00, data_len=0x02) bytearray(b'\x02\x03\x00\x02\x00')
2026-09-24 17:22:24,733 BTPWorkerThread-12956 (_rx_task) root DEBUG iutctl_common.py          139   read                      : Read 2 bytes data
2026-09-24 17:22:24,738 BTPWorkerThread-12956 (_rx_task) root DEBUG iutctl_common.py          154   read                      : Received data: {'00 00'}, bytearray(b'\x00\x00')
2026-09-24 17:22:24,744 LT1-thread root DEBUG gatt.py                   1195  gatt_command_rsp_succ     : received Header(svc_id=2, op=3, ctrl_index=0, data_len=2) (b'\x00\x00',)
2026-09-24 17:22:24,744 LT1-thread root DEBUG testcase.py               254   start                     : Starting test function: class=<class 'autopts.ptsprojects.testcase.TestFunc'>, func=<function gatts_set_val at 0x0000026227D85B20> start_wid=None stop_wid=None post_wid=None skip_call=None call_count=165 args=(0, '01') kwds={}
2026-09-24 17:22:24,744 LT1-thread root DEBUG testcase.py               266   start                     : Test function parameters: args=(0, '01'), kwds={}
2026-09-24 17:22:24,744 LT1-thread root DEBUG gatt.py                   209   gatts_set_val             : 0 '01' 
2026-09-24 17:22:24,744 LT1-thread root DEBUG iutctl_common.py          161   send                      : 2 6 0 "bytearray(b'\\x00\\x00\\x01\\x00\\x01')"
2026-09-24 17:22:24,744 LT1-thread root DEBUG iutctl_common.py          166   send                      : sending frame '02060005000000010001'
2026-09-24 17:22:24,745 LT1-thread root DEBUG gatt.py                   1190  gatt_command_rsp_succ     : 
2026-09-24 17:22:24,745 LT1-thread root DEBUG iutctl_common.py          339   read                      : 
2026-09-24 17:22:24,772 BTPWorkerThread-12956 (_rx_task) root DEBUG iutctl_common.py          123   read                      : Read 5 bytes
2026-09-24 17:22:24,772 BTPWorkerThread-12956 (_rx_task) root DEBUG iutctl_common.py          131   read                      : Received: hdr: Header(svc_id=0x02, op=0x06, ctrl_index=0x00, data_len=0x00) bytearray(b'\x02\x06\x00\x00\x00')
2026-09-24 17:22:24,772 BTPWorkerThread-12956 (_rx_task) root DEBUG iutctl_common.py          154   read                      : Received data: {''}, bytearray(b'')
2026-09-24 17:22:24,777 LT1-thread root DEBUG gatt.py                   1195  gatt_command_rsp_succ     : received Header(svc_id=2, op=6, ctrl_index=0, data_len=0) (b'',)
2026-09-24 17:22:24,777 LT1-thread root DEBUG testcase.py               254   start                     : Starting test function: class=<class 'autopts.ptsprojects.testcase.TestFunc'>, func=<function gatts_add_char at 0x0000026227D85A80> start_wid=None stop_wid=None post_wid=None skip_call=None call_count=165 args=(0, 2, 5, 'AA53') kwds={}
2026-09-24 17:22:24,777 LT1-thread root DEBUG testcase.py               266   start                     : Test function parameters: args=(0, 2, 5, 'AA53'), kwds={}
2026-09-24 17:22:24,777 LT1-thread root DEBUG gatt.py                   177   gatts_add_char            : 0 2 5 'AA53'
2026-09-24 17:22:24,777 LT1-thread root DEBUG iutctl_common.py          161   send                      : 2 3 0 "bytearray(b'\\x00\\x00\\x02\\x05\\x02S\\xaa')"
2026-09-24 17:22:24,777 LT1-thread root DEBUG iutctl_common.py          166   send                      : sending frame '0203000700000002050253aa'
2026-09-24 17:22:24,778 LT1-thread root DEBUG gatt.py                   1190  gatt_command_rsp_succ     : 
2026-09-24 17:22:24,778 LT1-thread root DEBUG iutctl_common.py          339   read                      : 
2026-09-24 17:22:24,814 BTPWorkerThread-12956 (_rx_task) root DEBUG iutctl_common.py          123   read                      : Read 5 bytes
2026-09-24 17:22:24,824 BTPWorkerThread-12956 (_rx_task) root DEBUG iutctl_common.py          131   read                      : Received: hdr: Header(svc_id=0x02, op=0x03, ctrl_index=0x00, data_len=0x02) bytearray(b'\x02\x03\x00\x02\x00')
2026-09-24 17:22:24,848 BTPWorkerThread-12956 (_rx_task) root DEBUG iutctl_common.py          139   read                      : Read 2 bytes data
2026-09-24 17:22:24,853 BTPWorkerThread-12956 (_rx_task) root DEBUG iutctl_common.py          154   read                      : Received data: {'00 00'}, bytearray(b'\x00\x00')
2026-09-24 17:22:24,853 LT1-thread root DEBUG gatt.py                   1195  gatt_command_rsp_succ     : received Header(svc_id=2, op=3, ctrl_index=0, data_len=2) (b'\x00\x00',)
2026-09-24 17:22:24,853 LT1-thread root DEBUG testcase.py               254   start                     : Starting test function: class=<class 'autopts.ptsprojects.testcase.TestFunc'>, func=<function gatts_set_val at 0x0000026227D85B20> start_wid=None stop_wid=None post_wid=None skip_call=None call_count=165 args=(0, '02') kwds={}
2026-09-24 17:22:24,853 LT1-thread root DEBUG testcase.py               266   start                     : Test function parameters: args=(0, '02'), kwds={}
2026-09-24 17:22:24,853 LT1-thread root DEBUG gatt.py                   209   gatts_set_val             : 0 '02' 
2026-09-24 17:22:24,853 LT1-thread root DEBUG iutctl_common.py          161   send                      : 2 6 0 "bytearray(b'\\x00\\x00\\x01\\x00\\x02')"
2026-09-24 17:22:24,854 LT1-thread root DEBUG iutctl_common.py          166   send                      : sending frame '02060005000000010002'
2026-09-24 17:22:24,854 LT1-thread root DEBUG gatt.py                   1190  gatt_command_rsp_succ     : 
2026-09-24 17:22:24,854 LT1-thread root DEBUG iutctl_common.py          339   read                      : 
2026-09-24 17:22:24,897 BTPWorkerThread-12956 (_rx_task) root DEBUG iutctl_common.py          123   read                      : Read 5 bytes
2026-09-24 17:22:24,907 BTPWorkerThread-12956 (_rx_task) root DEBUG iutctl_common.py          131   read                      : Received: hdr: Header(svc_id=0x02, op=0x06, ctrl_index=0x00, data_len=0x00) bytearray(b'\x02\x06\x00\x00\x00')
2026-09-24 17:22:24,912 BTPWorkerThread-12956 (_rx_task) root DEBUG iutctl_common.py          154   read                      : Received data: {''}, bytearray(b'')
2026-09-24 17:22:24,922 LT1-thread root DEBUG gatt.py                   1195  gatt_command_rsp_succ     : received Header(svc_id=2, op=6, ctrl_index=0, data_len=0) (b'',)
2026-09-24 17:22:24,922 LT1-thread root DEBUG testcase.py               254   start                     : Starting test function: class=<class 'autopts.ptsprojects.testcase.TestFunc'>, func=<function gatts_add_char at 0x0000026227D85A80> start_wid=None stop_wid=None post_wid=None skip_call=None call_count=165 args=(0, 10, 48, 'AA55') kwds={}
2026-09-24 17:22:24,922 LT1-thread root DEBUG testcase.py               266   start                     : Test function parameters: args=(0, 10, 48, 'AA55'), kwds={}
2026-09-24 17:22:24,922 LT1-thread root DEBUG gatt.py                   177   gatts_add_char            : 0 10 48 'AA55'
2026-09-24 17:22:24,922 LT1-thread root DEBUG iutctl_common.py          161   send                      : 2 3 0 "bytearray(b'\\x00\\x00\\n0\\x02U\\xaa')"
2026-09-24 17:22:24,922 LT1-thread root DEBUG iutctl_common.py          166   send                      : sending frame '020300070000000a300255aa'
2026-09-24 17:22:24,923 LT1-thread root DEBUG gatt.py                   1190  gatt_command_rsp_succ     : 
2026-09-24 17:22:24,923 LT1-thread root DEBUG iutctl_common.py          339   read                      : 
2026-09-24 17:22:24,963 BTPWorkerThread-12956 (_rx_task) root DEBUG iutctl_common.py          123   read                      : Read 5 bytes
2026-09-24 17:22:24,968 BTPWorkerThread-12956 (_rx_task) root DEBUG iutctl_common.py          131   read                      : Received: hdr: Header(svc_id=0x02, op=0x03, ctrl_index=0x00, data_len=0x02) bytearray(b'\x02\x03\x00\x02\x00')
2026-09-24 17:22:24,973 BTPWorkerThread-12956 (_rx_task) root DEBUG iutctl_common.py          139   read                      : Read 2 bytes data
2026-09-24 17:22:24,978 BTPWorkerThread-12956 (_rx_task) root DEBUG iutctl_common.py          154   read                      : Received data: {'00 00'}, bytearray(b'\x00\x00')
2026-09-24 17:22:24,983 LT1-thread root DEBUG gatt.py                   1195  gatt_command_rsp_succ     : received Header(svc_id=2, op=3, ctrl_index=0, data_len=2) (b'\x00\x00',)
2026-09-24 17:22:24,983 LT1-thread root DEBUG testcase.py               254   start                     : Starting test function: class=<class 'autopts.ptsprojects.testcase.TestFunc'>, func=<function gatts_set_val at 0x0000026227D85B20> start_wid=None stop_wid=None post_wid=None skip_call=None call_count=165 args=(0, '04') kwds={}
2026-09-24 17:22:24,983 LT1-thread root DEBUG testcase.py               266   start                     : Test function parameters: args=(0, '04'), kwds={}
2026-09-24 17:22:24,983 LT1-thread root DEBUG gatt.py                   209   gatts_set_val             : 0 '04' 
2026-09-24 17:22:24,983 LT1-thread root DEBUG iutctl_common.py          161   send                      : 2 6 0 "bytearray(b'\\x00\\x00\\x01\\x00\\x04')"
2026-09-24 17:22:24,983 LT1-thread root DEBUG iutctl_common.py          166   send                      : sending frame '02060005000000010004'
2026-09-24 17:22:24,984 LT1-thread root DEBUG gatt.py                   1190  gatt_command_rsp_succ     : 
2026-09-24 17:22:24,984 LT1-thread root DEBUG iutctl_common.py          339   read                      : 
2026-09-24 17:22:25,022 BTPWorkerThread-12956 (_rx_task) root DEBUG iutctl_common.py          123   read                      : Read 5 bytes
2026-09-24 17:22:25,034 BTPWorkerThread-12956 (_rx_task) root DEBUG iutctl_common.py          131   read                      : Received: hdr: Header(svc_id=0x02, op=0x06, ctrl_index=0x00, data_len=0x00) bytearray(b'\x02\x06\x00\x00\x00')
2026-09-24 17:22:25,039 BTPWorkerThread-12956 (_rx_task) root DEBUG iutctl_common.py          154   read                      : Received data: {''}, bytearray(b'')
2026-09-24 17:22:25,045 LT1-thread root DEBUG gatt.py                   1195  gatt_command_rsp_succ     : received Header(svc_id=2, op=6, ctrl_index=0, data_len=0) (b'',)
2026-09-24 17:22:25,045 LT1-thread root DEBUG testcase.py               254   start                     : Starting test function: class=<class 'autopts.ptsprojects.testcase.TestFunc'>, func=<function gatts_start_server at 0x0000026227D85DA0> start_wid=None stop_wid=None post_wid=None skip_call=None call_count=165 args=() kwds={}
2026-09-24 17:22:25,045 LT1-thread root DEBUG testcase.py               266   start                     : Test function parameters: args=(), kwds={}
2026-09-24 17:22:25,045 LT1-thread root DEBUG gatt.py                   306   gatts_start_server        : 
2026-09-24 17:22:25,045 LT1-thread root DEBUG iutctl_common.py          161   send                      : 2 7 0 ''
2026-09-24 17:22:25,045 LT1-thread root DEBUG iutctl_common.py          166   send                      : sending frame '0207000000'
2026-09-24 17:22:25,046 LT1-thread root DEBUG gatt.py                   1190  gatt_command_rsp_succ     : 
2026-09-24 17:22:25,046 LT1-thread root DEBUG iutctl_common.py          339   read                      : 
2026-09-24 17:22:25,075 BTPWorkerThread-12956 (_rx_task) root DEBUG iutctl_common.py          123   read                      : Read 5 bytes
2026-09-24 17:22:25,087 BTPWorkerThread-12956 (_rx_task) root DEBUG iutctl_common.py          131   read                      : Received: hdr: Header(svc_id=0x02, op=0x07, ctrl_index=0x00, data_len=0x03) bytearray(b'\x02\x07\x00\x03\x00')
2026-09-24 17:22:25,098 BTPWorkerThread-12956 (_rx_task) root DEBUG iutctl_common.py          139   read                      : Read 3 bytes data
2026-09-24 17:22:25,103 BTPWorkerThread-12956 (_rx_task) root DEBUG iutctl_common.py          154   read                      : Received data: {'00 00 00'}, bytearray(b'\x00\x00\x00')
2026-09-24 17:22:25,114 LT1-thread root DEBUG gatt.py                   1195  gatt_command_rsp_succ     : received Header(svc_id=2, op=7, ctrl_index=0, data_len=3) (b'\x00\x00\x00',)
2026-09-24 17:22:25,116 LT1-thread root DEBUG client.py                 276   get_result                : ClientCallback.get_result run_test_case
2026-09-24 17:22:27,321 LT1-callback ClientCallback.on_implicit_send INFO client.py                 223   on_implicit_send          : 
    ********************
    BEGIN OnImplicitSend:
    project_name: GAP
    wid: 91
    test_case_name: GAP/GAT/BV-05-C
    description: Please send a connectable undirected advertising report.
    style: MMI_Style_Ok_Cancel2 0x11141
2026-09-24 17:22:27,321 LT1-callback ClientCallback.on_implicit_send INFO client.py                 236   on_implicit_send          : Calling test cases on_implicit_send
2026-09-24 17:22:27,321 LT1-callback ClientCallback.on_implicit_send INFO client.py                 249   on_implicit_send          : 
    on_implicit_send returned response: WAIT
    END OnImplicitSend
    ********************
2026-09-24 17:22:28,118 LT1-thread root DEBUG testcase.py               679   run_wid                   : GAP GAP/GAT/BV-05-C on_implicit_send
2026-09-24 17:22:28,118 LT1-thread root DEBUG gap_wid.py                26    gap_wid_hdl               : gap_wid_hdl, 91, Please send a connectable undirected advertising report., GAP/GAT/BV-05-C
2026-09-24 17:22:28,118 LT1-thread root DEBUG gap.py                    984   gap_set_connectable       : 
2026-09-24 17:22:28,118 LT1-thread root DEBUG gap.py                    650   gap_start_advertising     : {9: b'Tester_08E44E'} None
2026-09-24 17:22:28,118 LT1-thread root DEBUG iutctl_common.py          161   send                      : 1 10 0 "bytearray(b'\\x0f\\x00\\t\\rTester_08E44E\\xff\\xff\\xff\\xff\\x00')"
2026-09-24 17:22:28,119 LT1-thread root DEBUG iutctl_common.py          166   send                      : sending frame '010a0016000f00090d5465737465725f303845343445ffffffff00'
2026-09-24 17:22:28,119 LT1-thread root DEBUG gap.py                    1229  gap_command_rsp_succ      : 
2026-09-24 17:22:28,119 LT1-thread root DEBUG iutctl_common.py          339   read                      : 
2026-09-24 17:22:28,147 BTPWorkerThread-12956 (_rx_task) root DEBUG iutctl_common.py          123   read                      : Read 5 bytes
2026-09-24 17:22:28,158 BTPWorkerThread-12956 (_rx_task) root DEBUG iutctl_common.py          131   read                      : Received: hdr: Header(svc_id=0x01, op=0x0a, ctrl_index=0x00, data_len=0x04) bytearray(b'\x01\n\x00\x04\x00')
2026-09-24 17:22:28,164 BTPWorkerThread-12956 (_rx_task) root DEBUG iutctl_common.py          139   read                      : Read 4 bytes data
2026-09-24 17:22:28,169 BTPWorkerThread-12956 (_rx_task) root DEBUG iutctl_common.py          154   read                      : Received data: {'13 06 00 00'}, bytearray(b'\x13\x06\x00\x00')
2026-09-24 17:22:28,175 LT1-thread root DEBUG gap.py                    1234  gap_command_rsp_succ      : received Header(svc_id=1, op=10, ctrl_index=0, data_len=4) (b'\x13\x06\x00\x00',)
2026-09-24 17:22:28,175 LT1-thread root DEBUG gap.py                    596   __gap_current_settings_update : (b'\x13\x06\x00\x00',)
2026-09-24 17:22:28,175 LT1-thread root DEBUG testcase.py               722   run_wid                   : Sending response 'OK' to wid 91 test case GAP/GAT/BV-05-C
2026-09-24 17:22:28,177 LT1-thread root DEBUG client.py                 276   get_result                : ClientCallback.get_result run_test_case
2026-09-24 17:22:28,281 BTPWorkerThread-12956 (_rx_task) root DEBUG iutctl_common.py          123   read                      : Read 5 bytes
2026-09-24 17:22:28,281 BTPWorkerThread-12956 (_rx_task) root DEBUG iutctl_common.py          131   read                      : Received: hdr: Header(svc_id=0x01, op=0x82, ctrl_index=0x00, data_len=0x0d) bytearray(b'\x01\x82\x00\r\x00')
2026-09-24 17:22:28,282 BTPWorkerThread-12956 (_rx_task) root DEBUG iutctl_common.py          139   read                      : Read 13 bytes data
2026-09-24 17:22:28,282 BTPWorkerThread-12956 (_rx_task) root DEBUG iutctl_common.py          154   read                      : Received data: {'00 4e e4 08 dc 1b 00 3c 00 00 00 d0 07'}, bytearray(b'\x00N\xe4\x08\xdc\x1b\x00<\x00\x00\x00\xd0\x07')
2026-09-24 17:22:28,282 BTPWorkerThread-12956 (_rx_task) root DEBUG btp.py                    736   event_handler             : Header(svc_id=1, op=130, ctrl_index=0, data_len=13) (b'\x00N\xe4\x08\xdc\x1b\x00<\x00\x00\x00\xd0\x07',)
2026-09-24 17:22:28,282 BTPWorkerThread-12956 (_rx_task) root DEBUG gap.py                    215   gap_connected_ev_         : b'\x00N\xe4\x08\xdc\x1b\x00<\x00\x00\x00\xd0\x07'
2026-09-24 17:22:28,282 BTPWorkerThread-12956 (_rx_task) root DEBUG iutctl_common.py          123   read                      : Read 5 bytes
2026-09-24 17:22:28,282 BTPWorkerThread-12956 (_rx_task) root DEBUG iutctl_common.py          131   read                      : Received: hdr: Header(svc_id=0x01, op=0x80, ctrl_index=0x00, data_len=0x04) bytearray(b'\x01\x80\x00\x04\x00')
2026-09-24 17:22:28,282 BTPWorkerThread-12956 (_rx_task) root DEBUG iutctl_common.py          139   read                      : Read 4 bytes data
2026-09-24 17:22:28,282 BTPWorkerThread-12956 (_rx_task) root DEBUG iutctl_common.py          154   read                      : Received data: {'13 02 00 00'}, bytearray(b'\x13\x02\x00\x00')
2026-09-24 17:22:28,282 BTPWorkerThread-12956 (_rx_task) root DEBUG btp.py                    736   event_handler             : Header(svc_id=1, op=128, ctrl_index=0, data_len=4) (b'\x13\x02\x00\x00',)
2026-09-24 17:22:28,282 BTPWorkerThread-12956 (_rx_task) root DEBUG gap.py                    183   gap_new_settings_ev_      : b'\x13\x02\x00\x00'
2026-09-24 17:22:28,283 BTPWorkerThread-12956 (_rx_task) root DEBUG gap.py                    596   __gap_current_settings_update : 531
2026-09-24 17:22:31,222 BTPWorkerThread-12956 (_rx_task) root DEBUG iutctl_common.py          123   read                      : Read 5 bytes
2026-09-24 17:22:31,223 BTPWorkerThread-12956 (_rx_task) root DEBUG iutctl_common.py          131   read                      : Received: hdr: Header(svc_id=0x01, op=0x86, ctrl_index=0x00, data_len=0x0b) bytearray(b'\x01\x86\x00\x0b\x00')
2026-09-24 17:22:31,223 BTPWorkerThread-12956 (_rx_task) root DEBUG iutctl_common.py          139   read                      : Read 11 bytes data
2026-09-24 17:22:31,223 BTPWorkerThread-12956 (_rx_task) root DEBUG iutctl_common.py          154   read                      : Received data: {'00 4e e4 08 dc 1b 00 2f 7a 04 00'}, bytearray(b'\x00N\xe4\x08\xdc\x1b\x00/z\x04\x00')
2026-09-24 17:22:31,223 BTPWorkerThread-12956 (_rx_task) root DEBUG btp.py                    736   event_handler             : Header(svc_id=1, op=134, ctrl_index=0, data_len=11) (b'\x00N\xe4\x08\xdc\x1b\x00/z\x04\x00',)
2026-09-24 17:22:31,223 BTPWorkerThread-12956 (_rx_task) root DEBUG gap.py                    462   gap_passkey_confirm_req_ev_ : 
2026-09-24 17:22:31,223 BTPWorkerThread-12956 (_rx_task) root DEBUG gap.py                    474   gap_passkey_confirm_req_ev_ : passkey = '293423'
2026-09-24 17:22:31,349 LT1-callback ClientCallback.on_implicit_send INFO client.py                 223   on_implicit_send          : 
    ********************
    BEGIN OnImplicitSend:
    project_name: GAP
    wid: 2004
    test_case_name: GAP/GAT/BV-05-C
    description: Please confirm that 6 digit number is matched with 293423.
    style: MMI_Style_Ok_Cancel1 0x11041
2026-09-24 17:22:31,349 LT1-callback ClientCallback.on_implicit_send INFO client.py                 236   on_implicit_send          : Calling test cases on_implicit_send
2026-09-24 17:22:31,349 LT1-callback ClientCallback.on_implicit_send INFO client.py                 249   on_implicit_send          : 
    on_implicit_send returned response: WAIT
    END OnImplicitSend
    ********************
2026-09-24 17:22:32,180 LT1-thread root DEBUG testcase.py               679   run_wid                   : GAP GAP/GAT/BV-05-C on_implicit_send
2026-09-24 17:22:32,180 LT1-thread root DEBUG gap_wid.py                26    gap_wid_hdl               : gap_wid_hdl, 2004, Please confirm that 6 digit number is matched with 293423., GAP/GAT/BV-05-C
2026-09-24 17:22:32,180 LT1-thread root DEBUG gap.py                    952   gap_passkey_confirm_response : '001bdc08e44e' 0
2026-09-24 17:22:32,180 LT1-thread root DEBUG iutctl_common.py          161   send                      : 1 20 0 "bytearray(b'\\x00N\\xe4\\x08\\xdc\\x1b\\x00\\x01')"
2026-09-24 17:22:32,180 LT1-thread root DEBUG iutctl_common.py          166   send                      : sending frame '0114000800004ee408dc1b0001'
2026-09-24 17:22:32,180 LT1-thread root DEBUG gap.py                    1229  gap_command_rsp_succ      : 
2026-09-24 17:22:32,181 LT1-thread root DEBUG iutctl_common.py          339   read                      : 
2026-09-24 17:22:32,208 BTPWorkerThread-12956 (_rx_task) root DEBUG iutctl_common.py          123   read                      : Read 5 bytes
2026-09-24 17:22:32,218 BTPWorkerThread-12956 (_rx_task) root DEBUG iutctl_common.py          131   read                      : Received: hdr: Header(svc_id=0x01, op=0x14, ctrl_index=0x00, data_len=0x00) bytearray(b'\x01\x14\x00\x00\x00')
2026-09-24 17:22:32,218 BTPWorkerThread-12956 (_rx_task) root DEBUG iutctl_common.py          154   read                      : Received data: {''}, bytearray(b'')
2026-09-24 17:22:32,225 LT1-thread root DEBUG gap.py                    1234  gap_command_rsp_succ      : received Header(svc_id=1, op=20, ctrl_index=0, data_len=0) (b'',)
2026-09-24 17:22:32,225 LT1-thread root DEBUG testcase.py               722   run_wid                   : Sending response 'OK' to wid 2004 test case GAP/GAT/BV-05-C
2026-09-24 17:22:32,226 LT1-thread root DEBUG client.py                 276   get_result                : ClientCallback.get_result run_test_case
2026-09-24 17:22:32,822 BTPWorkerThread-12956 (_rx_task) root DEBUG iutctl_common.py          123   read                      : Read 5 bytes
2026-09-24 17:22:32,822 BTPWorkerThread-12956 (_rx_task) root DEBUG iutctl_common.py          131   read                      : Received: hdr: Header(svc_id=0x01, op=0x91, ctrl_index=0x00, data_len=0x09) bytearray(b'\x01\x91\x00\t\x00')
2026-09-24 17:22:32,822 BTPWorkerThread-12956 (_rx_task) root DEBUG iutctl_common.py          139   read                      : Read 9 bytes data
2026-09-24 17:22:32,823 BTPWorkerThread-12956 (_rx_task) root DEBUG iutctl_common.py          154   read                      : Received data: {'00 4e e4 08 dc 1b 00 01 10'}, bytearray(b'\x00N\xe4\x08\xdc\x1b\x00\x01\x10')
2026-09-24 17:22:32,823 BTPWorkerThread-12956 (_rx_task) root DEBUG btp.py                    736   event_handler             : Header(svc_id=1, op=145, ctrl_index=0, data_len=9) (b'\x00N\xe4\x08\xdc\x1b\x00\x01\x10',)
2026-09-24 17:22:32,823 BTPWorkerThread-12956 (_rx_task) root DEBUG gap.py                    494   gap_encryption_change_ev_ : 
2026-09-24 17:22:32,823 BTPWorkerThread-12956 (_rx_task) root DEBUG gap.py                    496   gap_encryption_change_ev_ : enc change received b'\x00N\xe4\x08\xdc\x1b\x00\x01\x10'
2026-09-24 17:22:32,823 BTPWorkerThread-12956 (_rx_task) root DEBUG gap.py                    505   gap_encryption_change_ev_ : received (0, '001bdc08e44e', 1, 16)
2026-09-24 17:22:32,823 BTPWorkerThread-12956 (_rx_task) root DEBUG iutctl_common.py          123   read                      : Read 5 bytes
2026-09-24 17:22:32,823 BTPWorkerThread-12956 (_rx_task) root DEBUG iutctl_common.py          131   read                      : Received: hdr: Header(svc_id=0x01, op=0x89, ctrl_index=0x00, data_len=0x08) bytearray(b'\x01\x89\x00\x08\x00')
2026-09-24 17:22:32,823 BTPWorkerThread-12956 (_rx_task) root DEBUG iutctl_common.py          139   read                      : Read 8 bytes data
2026-09-24 17:22:32,823 BTPWorkerThread-12956 (_rx_task) root DEBUG iutctl_common.py          154   read                      : Received data: {'00 4e e4 08 dc 1b 00 04'}, bytearray(b'\x00N\xe4\x08\xdc\x1b\x00\x04')
2026-09-24 17:22:32,823 BTPWorkerThread-12956 (_rx_task) root DEBUG btp.py                    736   event_handler             : Header(svc_id=1, op=137, ctrl_index=0, data_len=8) (b'\x00N\xe4\x08\xdc\x1b\x00\x04',)
2026-09-24 17:22:32,823 BTPWorkerThread-12956 (_rx_task) root DEBUG gap.py                    300   gap_sec_level_changed_ev_ : 
2026-09-24 17:22:32,824 BTPWorkerThread-12956 (_rx_task) root DEBUG gap.py                    302   gap_sec_level_changed_ev_ : received b'\x00N\xe4\x08\xdc\x1b\x00\x04'
2026-09-24 17:22:32,824 BTPWorkerThread-12956 (_rx_task) root DEBUG gap.py                    313   gap_sec_level_changed_ev_ : received (0, '001bdc08e44e', 4)
2026-09-24 17:22:32,952 BTPWorkerThread-12956 (_rx_task) root DEBUG iutctl_common.py          123   read                      : Read 5 bytes
2026-09-24 17:22:32,952 BTPWorkerThread-12956 (_rx_task) root DEBUG iutctl_common.py          131   read                      : Received: hdr: Header(svc_id=0x01, op=0x98, ctrl_index=0x00, data_len=0x08) bytearray(b'\x01\x98\x00\x08\x00')
2026-09-24 17:22:32,952 BTPWorkerThread-12956 (_rx_task) root DEBUG iutctl_common.py          139   read                      : Read 8 bytes data
2026-09-24 17:22:32,952 BTPWorkerThread-12956 (_rx_task) root DEBUG iutctl_common.py          154   read                      : Received data: {'00 4e e4 08 dc 1b 00 01'}, bytearray(b'\x00N\xe4\x08\xdc\x1b\x00\x01')
2026-09-24 17:22:32,952 BTPWorkerThread-12956 (_rx_task) root DEBUG btp.py                    736   event_handler             : Header(svc_id=1, op=152, ctrl_index=0, data_len=8) (b'\x00N\xe4\x08\xdc\x1b\x00\x01',)
2026-09-24 17:22:32,952 BTPWorkerThread-12956 (_rx_task) root DEBUG gap.py                    511   gap_peer_car_status_ev_   : 
2026-09-24 17:22:32,952 BTPWorkerThread-12956 (_rx_task) root DEBUG gap.py                    518   gap_peer_car_status_ev_   : received (0, '001bdc08e44e', 1)
2026-09-24 17:22:36,398 BTPWorkerThread-12956 (_rx_task) root DEBUG iutctl_common.py          123   read                      : Read 5 bytes
2026-09-24 17:22:36,398 BTPWorkerThread-12956 (_rx_task) root DEBUG iutctl_common.py          131   read                      : Received: hdr: Header(svc_id=0x01, op=0x83, ctrl_index=0x00, data_len=0x07) bytearray(b'\x01\x83\x00\x07\x00')
2026-09-24 17:22:36,398 BTPWorkerThread-12956 (_rx_task) root DEBUG iutctl_common.py          139   read                      : Read 7 bytes data
2026-09-24 17:22:36,399 BTPWorkerThread-12956 (_rx_task) root DEBUG iutctl_common.py          154   read                      : Received data: {'00 4e e4 08 dc 1b 00'}, bytearray(b'\x00N\xe4\x08\xdc\x1b\x00')
2026-09-24 17:22:36,399 BTPWorkerThread-12956 (_rx_task) root DEBUG btp.py                    736   event_handler             : Header(svc_id=1, op=131, ctrl_index=0, data_len=7) (b'\x00N\xe4\x08\xdc\x1b\x00',)
2026-09-24 17:22:36,399 BTPWorkerThread-12956 (_rx_task) root DEBUG gap.py                    228   gap_disconnected_ev_      : b'\x00N\xe4\x08\xdc\x1b\x00'
2026-09-24 17:22:39,030 LT1-callback ClientCallback.log INFO client.py                 200   log                       : PTS_LOGTYPE_START_TEST Start Test Case 

+156 ms
 GAP/GAT/BV-05-C GAP/GAT/BV-05-C

2026-09-24 17:22:39,637 LT1-callback ClientCallback.log INFO client.py                 200   log                       : PTS_LOGTYPE_FINAL_VERDICT Final Verdict 

+13031 ms
 GAP/GAT/BV-05-C PASS

2026-09-24 17:22:39,642 LT1-callback ClientCallback.log INFO client.py                 200   log                       : PTS_LOGTYPE_FINAL_VERDICT Encrypted Verdict 

+13031 ms
 GAP/GAT/BV-05-C A1#ZWY4MzQ5MDg3MmQwNTIxOGQzMzQ5YjY2ODA5M2MzNjQ5ZDY4NmY0Yjc2MzIzM2VkNTUyNTFhNGU4Mjg1MjI0NA==#RZL+jKhtMN42cxIxPNIBuLf8xvctSvYhgKB+pa70c84s5nZbojsc+w==

2026-09-24 17:22:39,647 LT1-callback ClientCallback.log INFO client.py                 200   log                       : PTS_LOGTYPE_END_TEST Test Case Ended 

+13031 ms
 GAP/GAT/BV-05-C GAP/GAT/BV-05-C

2026-09-24 17:22:39,794 LT1-callback root DEBUG client.py                 261   set_result                : ClientCallback, set_result, run_test_case, PASS
2026-09-24 17:22:39,794 LT1-thread root DEBUG client.py                 1186  _run_test_case            : After run_test_case error_code=0 status='PASS'
2026-09-24 17:22:39,794 LT1-thread root DEBUG testcase.py               766   post_run                  : post_run GAP GAP/GAT/BV-05-C 0
2026-09-24 17:22:39,794 LT1-thread root DEBUG testcase.py               254   start                     : Starting test function: class=<class 'autopts.ptsprojects.testcase.TestFuncCleanUp'>, func=<bound method ZTestCase._test_case_cleanup of <autopts.ptsprojects.zephyr.ztestcase.ZTestCase object at 0x000002622B3F6A50>> start_wid=None stop_wid=None post_wid=None skip_call=None call_count=1 args=() kwds={}
2026-09-24 17:22:39,794 LT1-thread root DEBUG testcase.py               266   start                     : Test function parameters: args=(), kwds={}
2026-09-24 17:22:39,795 LT1-thread root DEBUG iutctl.py                 415   stop                      : <class 'autopts.ptsprojects.zephyr.iutctl.create_zephyr_ctl_class.<locals>.ZephyrCtl'>.stop
2026-09-24 17:22:39,795 LT1-thread root DEBUG __init__.py               51    reset                     : About to reset DUT: JLink -CommandFile reset.jlink -usb 1063214216 -device MIMXRT1176XXXA_M7
2026-09-24 17:22:40,111 BTPWorkerThread-12956 (_rx_task) root DEBUG iutctl_common.py          123   read                      : Read 5 bytes
2026-09-24 17:22:40,111 BTPWorkerThread-12956 (_rx_task) root DEBUG iutctl_common.py          131   read                      : Received: hdr: Header(svc_id=0x00, op=0x80, ctrl_index=0xff, data_len=0x00) bytearray(b'\x00\x80\xff\x00\x00')
2026-09-24 17:22:40,112 BTPWorkerThread-12956 (_rx_task) root DEBUG iutctl_common.py          154   read                      : Received data: {''}, bytearray(b'')
2026-09-24 17:22:40,112 BTPWorkerThread-12956 (_rx_task) root DEBUG btp.py                    736   event_handler             : Header(svc_id=0, op=128, ctrl_index=255, data_len=0) (b'',)
2026-09-24 17:22:40,112 BTPWorkerThread-12956 (_rx_task) root DEBUG core.py                   23    core_iut_ready_ev         : 
2026-09-24 17:22:40,176 LT1-thread root DEBUG iutctl.py                 436   _stop_tty_mode            : IUT ready event received OK
2026-09-24 17:22:40,176 LT1-thread root DEBUG iutctl_common.py          416   close                     : Waiting for _rx_worker to finish ...
2026-09-24 17:22:41,112 BTPWorkerThread-12956 (_rx_task) root DEBUG iutctl_common.py          332   _rx_task                  : BTPWorkerThread-12956 (_rx_task) finishing...
2026-09-24 17:22:44,120 LT1-thread root DEBUG testcase.py               794   post_run                  : post_run, cleanup running post test case script
2026-09-24 17:22:44,120 LT1-thread root DEBUG testcase.py               802   post_run                  : post_run, run post test case script
2026-09-24 17:22:44,198 LT1-thread root DEBUG client.py                 1220  _run_test_case            : Done TestCase _run_test_case GAP GAP/GAT/BV-05-C
