22:52:15:530    > BTP_CORE_CMD_READ_SUPPORTED_SERVICES (0x00|0x02|0xff)
                  raw data (0): 00 02 ff 00 00|
22:52:15:560    < BTP_CORE_CMD_READ_SUPPORTED_SERVICES (0x00|0x02|0xff)
                  raw data (6): 00 02 ff 06 00|0f 00 00 a0 ff 03
22:52:15:576    > BTP_CORE_CMD_REGISTER_SERVICE (0x00|0x03|0xff)
                  raw data (1): 00 03 ff 01 00|01
22:52:19:694    < BTP_CORE_CMD_REGISTER_SERVICE (0x00|0x03|0xff)
                  raw data (0): 00 03 ff 00 00|
22:52:19:700    > BTP_GAP_CMD_READ_SUPPORTED_COMMANDS (0x01|0x01|0xff)
                  raw data (0): 01 01 ff 00 00|
22:52:19:763    < BTP_GAP_CMD_READ_SUPPORTED_COMMANDS (0x01|0x01|0xff)
                  raw data (7): 01 01 ff 07 00|6e ff 7f 1f fe ff 2e
22:52:19:770    > BTP_GAP_CMD_READ_CONTROLLER_INFO (0x01|0x03|0x00)
                  raw data (0): 01 03 00 00 00|
22:52:19:837    < BTP_GAP_CMD_READ_CONTROLLER_INFO (0x01|0x03|0x00)
                  raw data (277): 
                  01 03 00 15 01|19 78 ee 69 17 d0 d3 06 02 00 13 
                  02 00 00 00 00 00 62 74 70 5f 74 65 73 74 65 72 
                  00 00 00 00 00 00 00 00 00 00 00 00 00 00 00 00 
                  00 00 00 00 00 00 00 00 00 00 00 00 00 00 00 00 
                  00 00 00 00 00 00 00 00 00 00 00 00 00 00 00 00 
                  00 00 00 00 00 00 00 00 00 00 00 00 00 00 00 00 
                  00 00 00 00 00 00 00 00 00 00 00 00 00 00 00 00 
                  00 00 00 00 00 00 00 00 00 00 00 00 00 00 00 00 
                  00 00 00 00 00 00 00 00 00 00 00 00 00 00 00 00 
                  00 00 00 00 00 00 00 00 00 00 00 00 00 00 00 00 
                  00 00 00 00 00 00 00 00 00 00 00 00 00 00 00 00 
                  00 00 00 00 00 00 00 00 00 00 00 00 00 00 00 00 
                  00 00 00 00 00 00 00 00 00 00 00 00 00 00 00 00 
                  00 00 00 00 00 00 00 00 00 00 00 00 00 00 00 00 
                  00 00 00 00 00 00 00 00 00 00 00 00 00 00 00 00 
                  00 00 00 00 00 00 00 00 00 00 00 00 00 00 00 00 
                  00 00 00 00 00 00 00 00 00 00 00 00 00 00 00 00 
                  00 00 00 00 00 00 00 00 00 00
22:52:19:928    > BTP_CORE_CMD_REGISTER_SERVICE (0x00|0x03|0xff)
                  raw data (2): 00 03 ff 01 00|02
22:52:19:973    < BTP_CORE_CMD_REGISTER_SERVICE (0x00|0x03|0xff)
                  raw data (0): 00 03 ff 00 00|
22:52:19:979    > BTP_GATT_CMD_READ_SUPPORTED_COMMANDS (0x02|0x01|0xff)
                  raw data (0): 02 01 ff 00 00|
22:52:20:050    < BTP_GATT_CMD_READ_SUPPORTED_COMMANDS (0x02|0x01|0xff)
                  raw data (5): 02 01 ff 05 00|fe fe bf fd 0f
22:52:20:057    > BTP_GAP_CMD_SET_IO_CAP (0x01|0x10|0x00)
                  raw data (1): 01 10 00 01 00|04
22:52:20:109    < BTP_GAP_CMD_SET_IO_CAP (0x01|0x10|0x00)
                  raw data (0): 01 10 00 00 00|
22:52:20:180    > BTP_GAP_CMD_SET_IO_CAP (0x01|0x10|0x00)
                  raw data (1): 01 10 00 01 00|03
22:52:20:235    < BTP_GAP_CMD_SET_IO_CAP (0x01|0x10|0x00)
                  raw data (0): 01 10 00 00 00|
22:52:20:241    > BTP_CORE_CMD_REGISTER_SERVICE (0x00|0x03|0xff)
                  raw data (3): 00 03 ff 01 00|03
22:52:20:299    < BTP_CORE_CMD_REGISTER_SERVICE (0x00|0x03|0xff)
                  raw data (0): 00 03 ff 00 00|
22:52:20:304    > BTP_L2CAP_CMD_READ_SUPPORTED_COMMANDS (0x03|0x01|0xff)
                  raw data (0): 03 01 ff 00 00|
22:52:20:363    < BTP_L2CAP_CMD_READ_SUPPORTED_COMMANDS (0x03|0x01|0xff)
                  raw data (2): 03 01 ff 02 00|be 1f
22:52:20:370    > BTP_GAP_CMD_SET_IO_CAP (0x01|0x10|0x00)
                  raw data (1): 01 10 00 01 00|01
22:52:20:428    < BTP_GAP_CMD_SET_IO_CAP (0x01|0x10|0x00)
                  raw data (0): 01 10 00 00 00|
22:52:22:442    > BTP_GAP_CMD_START_DISCOVERY (0x01|0x0c|0x00)
                  raw data (1): 01 0c 00 01 00|02
22:52:22:489    < BTP_GAP_CMD_START_DISCOVERY (0x01|0x0c|0x00)
                  raw data (0): 01 0c 00 00 00|
22:52:22:516    < BTP_GAP_EV_DEVICE_FOUND (0x01|0x81|0x00)
                  raw data (38): 
                  01 81 00 26 00|e0 53 00 4c 17 e5 44 ad 03 1b 00 
                  09 09 4e 58 4c 36 36 35 32 38 02 0a 0c 0d 03 0c 
                  11 0a 11 0b 11 0e 11 1f 11 1e 11
22:52:22:594    < BTP_GAP_EV_DEVICE_FOUND (0x01|0x81|0x00)
                  raw data (38): 
                  01 81 00 26 00|e0 53 00 4c 17 e5 44 ae 03 1b 00 
                  09 09 4e 58 4c 36 36 35 32 38 02 0a 0c 0d 03 0c 
                  11 0a 11 0b 11 0e 11 1f 11 1e 11
22:52:23:054    < BTP_GAP_EV_DEVICE_FOUND (0x01|0x81|0x00)
                  raw data (38): 
                  01 81 00 26 00|e0 53 00 4c 17 e5 44 ae 03 1b 00 
                  09 09 4e 58 4c 36 36 35 32 38 02 0a 0c 0d 03 0c 
                  11 0a 11 0b 11 0e 11 1f 11 1e 11
22:52:23:322    < BTP_GAP_EV_DEVICE_FOUND (0x01|0x81|0x00)
                  raw data (38): 
                  01 81 00 26 00|e0 53 00 4c 17 e5 44 ad 03 1b 00 
                  09 09 4e 58 4c 36 36 35 32 38 02 0a 0c 0d 03 0c 
                  11 0a 11 0b 11 0e 11 1f 11 1e 11
22:52:23:547    < BTP_GAP_EV_DEVICE_FOUND (0x01|0x81|0x00)
                  raw data (42): 
                  01 81 00 2a 00|e0 4d 65 9b 70 f3 5c a4 03 1f 00 
                  1e 09 48 46 50 20 41 47 20 44 65 6d 6f 20 35 43 
                  3a 46 33 3a 37 30 3a 39 42 3a 36 35 3a 34 44
22:52:23:667    < BTP_GAP_EV_DEVICE_FOUND (0x01|0x81|0x00)
                  raw data (42): 
                  01 81 00 2a 00|e0 4d 65 9b 70 f3 5c a3 03 1f 00 
                  1e 09 48 46 50 20 41 47 20 44 65 6d 6f 20 35 43 
                  3a 46 33 3a 37 30 3a 39 42 3a 36 35 3a 34 44
22:52:23:947    < BTP_GAP_EV_DEVICE_FOUND (0x01|0x81|0x00)
                  raw data (38): 
                  01 81 00 26 00|e0 53 00 4c 17 e5 44 ab 03 1b 00 
                  09 09 4e 58 4c 36 36 35 32 38 02 0a 0c 0d 03 0c 
                  11 0a 11 0b 11 0e 11 1f 11 1e 11
22:52:24:086    < BTP_GAP_EV_DEVICE_FOUND (0x01|0x81|0x00)
                  raw data (38): 
                  01 81 00 26 00|e0 53 00 4c 17 e5 44 af 03 1b 00 
                  09 09 4e 58 4c 36 36 35 32 38 02 0a 0c 0d 03 0c 
                  11 0a 11 0b 11 0e 11 1f 11 1e 11
22:52:24:255    < BTP_GAP_EV_DEVICE_FOUND (0x01|0x81|0x00)
                  raw data (11): 01 81 00 0b 00|e0 4d 65 9b 70 f3 5c a7 03 00 00
22:52:24:448    < BTP_GAP_EV_DEVICE_FOUND (0x01|0x81|0x00)
                  raw data (35): 
                  01 81 00 23 00|e0 b6 1e d2 64 d5 ac b8 03 18 00 
                  09 09 4b 44 2d 35 35 55 38 47 09 03 0a 11 0c 11 
                  0e 11 00 12 01 05 01 07
22:52:24:470    < BTP_GAP_EV_DEVICE_FOUND (0x01|0x81|0x00)
                  raw data (38): 
                  01 81 00 26 00|e0 53 00 4c 17 e5 44 af 03 1b 00 
                  09 09 4e 58 4c 36 36 35 32 38 02 0a 0c 0d 03 0c 
                  11 0a 11 0b 11 0e 11 1f 11 1e 11
22:52:24:502    < BTP_GAP_EV_DEVICE_FOUND (0x01|0x81|0x00)
                  raw data (42): 
                  01 81 00 2a 00|e0 4d 65 9b 70 f3 5c a7 03 1f 00 
                  1e 09 48 46 50 20 41 47 20 44 65 6d 6f 20 35 43 
                  3a 46 33 3a 37 30 3a 39 42 3a 36 35 3a 34 44
22:52:24:546    < BTP_GAP_EV_DEVICE_FOUND (0x01|0x81|0x00)
                  raw data (35): 
                  01 81 00 23 00|e0 b6 1e d2 64 d5 ac c5 03 18 00 
                  09 09 4b 44 2d 35 35 55 38 47 09 03 0a 11 0c 11 
                  0e 11 00 12 01 05 01 07
22:52:24:826    < BTP_GAP_EV_DEVICE_FOUND (0x01|0x81|0x00)
                  raw data (35): 
                  01 81 00 23 00|e0 b6 1e d2 64 d5 ac ba 03 18 00 
                  09 09 4b 44 2d 35 35 55 38 47 09 03 0a 11 0c 11 
                  0e 11 00 12 01 05 01 07
22:52:24:902    < BTP_GAP_EV_DEVICE_FOUND (0x01|0x81|0x00)
                  raw data (38): 
                  01 81 00 26 00|e0 53 00 4c 17 e5 44 af 03 1b 00 
                  09 09 4e 58 4c 36 36 35 32 38 02 0a 0c 0d 03 0c 
                  11 0a 11 0b 11 0e 11 1f 11 1e 11
22:52:24:957    < BTP_GAP_EV_DEVICE_FOUND (0x01|0x81|0x00)
                  raw data (26): 
                  01 81 00 1a 00|e0 4e e4 08 dc 1b 00 cf 03 0f 00 
                  0e 09 50 54 53 2d 47 41 50 2d 45 34 34 45 00
22:52:24:989    < BTP_GAP_EV_DEVICE_FOUND (0x01|0x81|0x00)
                  raw data (11): 01 81 00 0b 00|e0 b6 1e d2 64 d5 ac bd 03 00 00
22:52:25:118    < BTP_GAP_EV_DEVICE_FOUND (0x01|0x81|0x00)
                  raw data (35): 
                  01 81 00 23 00|e0 b6 1e d2 64 d5 ac b7 03 18 00 
                  09 09 4b 44 2d 35 35 55 38 47 09 03 0a 11 0c 11 
                  0e 11 00 12 01 05 01 07
22:52:25:151    < BTP_GAP_EV_DEVICE_FOUND (0x01|0x81|0x00)
                  raw data (35): 
                  01 81 00 23 00|e0 b6 1e d2 64 d5 ac c4 03 18 00 
                  09 09 4b 44 2d 35 35 55 38 47 09 03 0a 11 0c 11 
                  0e 11 00 12 01 05 01 07
22:52:26:673    < BTP_GAP_EV_DEVICE_FOUND (0x01|0x81|0x00)
                  raw data (38): 
                  01 81 00 26 00|e0 53 00 4c 17 e5 44 a8 03 1b 00 
                  09 09 4e 58 4c 36 36 35 32 38 02 0a 0c 0d 03 0c 
                  11 0a 11 0b 11 0e 11 1f 11 1e 11
22:52:26:885    < BTP_GAP_EV_DEVICE_FOUND (0x01|0x81|0x00)
                  raw data (11): 01 81 00 0b 00|e0 eb b2 06 dc 1b 00 b3 03 00 00
22:52:27:054    < BTP_GAP_EV_DEVICE_FOUND (0x01|0x81|0x00)
                  raw data (35): 
                  01 81 00 23 00|e0 b6 1e d2 64 d5 ac bb 03 18 00 
                  09 09 4b 44 2d 35 35 55 38 47 09 03 0a 11 0c 11 
                  0e 11 00 12 01 05 01 07
22:52:27:237    < BTP_GAP_EV_DEVICE_FOUND (0x01|0x81|0x00)
                  raw data (38): 
                  01 81 00 26 00|e0 53 00 4c 17 e5 44 a7 03 1b 00 
                  09 09 4e 58 4c 36 36 35 32 38 02 0a 0c 0d 03 0c 
                  11 0a 11 0b 11 0e 11 1f 11 1e 11
22:52:27:301    < BTP_GAP_EV_DEVICE_FOUND (0x01|0x81|0x00)
                  raw data (35): 
                  01 81 00 23 00|e0 b6 1e d2 64 d5 ac c3 03 18 00 
                  09 09 4b 44 2d 35 35 55 38 47 09 03 0a 11 0c 11 
                  0e 11 00 12 01 05 01 07
22:52:27:312    < BTP_GAP_EV_DEVICE_FOUND (0x01|0x81|0x00)
                  raw data (42): 
                  01 81 00 2a 00|e0 eb b2 06 dc 1b 00 ae 03 1f 00 
                  1e 09 41 32 44 50 20 53 6f 75 72 63 65 20 30 30 
                  3a 31 42 3a 44 43 3a 30 36 3a 42 32 3a 45 42
22:52:27:449    < BTP_GAP_EV_DEVICE_FOUND (0x01|0x81|0x00)
                  raw data (35): 
                  01 81 00 23 00|e0 b6 1e d2 64 d5 ac be 03 18 00 
                  09 09 4b 44 2d 35 35 55 38 47 09 03 0a 11 0c 11 
                  0e 11 00 12 01 05 01 07
22:52:27:579    < BTP_GAP_EV_DEVICE_FOUND (0x01|0x81|0x00)
                  raw data (42): 
                  01 81 00 2a 00|e0 95 83 06 dc 1b 00 a8 03 1f 00 
                  1e 09 48 46 50 20 41 47 20 44 65 6d 6f 20 30 30 
                  3a 31 42 3a 44 43 3a 30 36 3a 38 33 3a 39 35
22:52:27:845    < BTP_GAP_EV_DEVICE_FOUND (0x01|0x81|0x00)
                  raw data (38): 
                  01 81 00 26 00|e0 53 00 4c 17 e5 44 af 03 1b 00 
                  09 09 4e 58 4c 36 36 35 32 38 02 0a 0c 0d 03 0c 
                  11 0a 11 0b 11 0e 11 1f 11 1e 11
22:52:27:943    < BTP_GAP_EV_DEVICE_FOUND (0x01|0x81|0x00)
                  raw data (11): 01 81 00 0b 00|e0 53 00 4c 17 e5 44 ae 03 00 00
22:52:28:029    < BTP_GAP_EV_DEVICE_FOUND (0x01|0x81|0x00)
                  raw data (11): 01 81 00 0b 00|e0 b6 1e d2 64 d5 ac c3 03 00 00
22:52:28:326    < BTP_GAP_EV_DEVICE_FOUND (0x01|0x81|0x00)
                  raw data (38): 
                  01 81 00 26 00|e0 53 00 4c 17 e5 44 ae 03 1b 00 
                  09 09 4e 58 4c 36 36 35 32 38 02 0a 0c 0d 03 0c 
                  11 0a 11 0b 11 0e 11 1f 11 1e 11
22:52:28:327    < BTP_GAP_EV_DEVICE_FOUND (0x01|0x81|0x00)
                  raw data (11): 01 81 00 0b 00|e0 b6 1e d2 64 d5 ac c5 03 00 00
22:52:28:468    < BTP_GAP_EV_DEVICE_FOUND (0x01|0x81|0x00)
                  raw data (11): 01 81 00 0b 00|e0 b6 1e d2 64 d5 ac a8 03 00 00
22:52:28:711    < BTP_GAP_EV_DEVICE_FOUND (0x01|0x81|0x00)
                  raw data (42): 
                  01 81 00 2a 00|e0 4d 65 9b 70 f3 5c a8 03 1f 00 
                  1e 09 48 46 50 20 41 47 20 44 65 6d 6f 20 35 43 
                  3a 46 33 3a 37 30 3a 39 42 3a 36 35 3a 34 44
22:52:28:787    < BTP_GAP_EV_DEVICE_FOUND (0x01|0x81|0x00)
                  raw data (38): 
                  01 81 00 26 00|e0 53 00 4c 17 e5 44 ad 03 1b 00 
                  09 09 4e 58 4c 36 36 35 32 38 02 0a 0c 0d 03 0c 
                  11 0a 11 0b 11 0e 11 1f 11 1e 11
22:52:28:809    < BTP_GAP_EV_DEVICE_FOUND (0x01|0x81|0x00)
                  raw data (38): 
                  01 81 00 26 00|e0 53 00 4c 17 e5 44 ad 03 1b 00 
                  09 09 4e 58 4c 36 36 35 32 38 02 0a 0c 0d 03 0c 
                  11 0a 11 0b 11 0e 11 1f 11 1e 11
22:52:29:035    < BTP_GAP_EV_DEVICE_FOUND (0x01|0x81|0x00)
                  raw data (11): 01 81 00 0b 00|e0 b6 1e d2 64 d5 ac c5 03 00 00
22:52:29:088    < BTP_GAP_EV_DEVICE_FOUND (0x01|0x81|0x00)
                  raw data (42): 
                  01 81 00 2a 00|e0 4d 65 9b 70 f3 5c a6 03 1f 00 
                  1e 09 48 46 50 20 41 47 20 44 65 6d 6f 20 35 43 
                  3a 46 33 3a 37 30 3a 39 42 3a 36 35 3a 34 44
22:52:29:291    < BTP_GAP_EV_DEVICE_FOUND (0x01|0x81|0x00)
                  raw data (42): 
                  01 81 00 2a 00|e0 4d 65 9b 70 f3 5c a4 03 1f 00 
                  1e 09 48 46 50 20 41 47 20 44 65 6d 6f 20 35 43 
                  3a 46 33 3a 37 30 3a 39 42 3a 36 35 3a 34 44
22:52:29:324    < BTP_GAP_EV_DEVICE_FOUND (0x01|0x81|0x00)
                  raw data (11): 01 81 00 0b 00|e0 b6 1e d2 64 d5 ac b8 03 00 00
22:52:29:466    < BTP_GAP_EV_DEVICE_FOUND (0x01|0x81|0x00)
                  raw data (11): 01 81 00 0b 00|e0 b6 1e d2 64 d5 ac ba 03 00 00
22:52:29:604    < BTP_GAP_EV_DEVICE_FOUND (0x01|0x81|0x00)
                  raw data (11): 01 81 00 0b 00|e0 b6 1e d2 64 d5 ac c3 03 00 00
22:52:29:745    < BTP_GAP_EV_DEVICE_FOUND (0x01|0x81|0x00)
                  raw data (11): 01 81 00 0b 00|e0 b6 1e d2 64 d5 ac b7 03 00 00
22:52:29:959    < BTP_GAP_EV_DEVICE_FOUND (0x01|0x81|0x00)
                  raw data (38): 
                  01 81 00 26 00|e0 53 00 4c 17 e5 44 af 03 1b 00 
                  09 09 4e 58 4c 36 36 35 32 38 02 0a 0c 0d 03 0c 
                  11 0a 11 0b 11 0e 11 1f 11 1e 11
22:52:30:140    < BTP_GAP_EV_DEVICE_FOUND (0x01|0x81|0x00)
                  raw data (38): 
                  01 81 00 26 00|e0 53 00 4c 17 e5 44 ae 03 1b 00 
                  09 09 4e 58 4c 36 36 35 32 38 02 0a 0c 0d 03 0c 
                  11 0a 11 0b 11 0e 11 1f 11 1e 11
22:52:30:182    < BTP_GAP_EV_DEVICE_FOUND (0x01|0x81|0x00)
                  raw data (35): 
                  01 81 00 23 00|e0 b6 1e d2 64 d5 ac bf 03 18 00 
                  09 09 4b 44 2d 35 35 55 38 47 09 03 0a 11 0c 11 
                  0e 11 00 12 01 05 01 07
22:52:30:213    < BTP_GAP_EV_DEVICE_FOUND (0x01|0x81|0x00)
                  raw data (26): 
                  01 81 00 1a 00|e0 4e e4 08 dc 1b 00 ce 03 0f 00 
                  0e 09 50 54 53 2d 47 41 50 2d 45 34 34 45 00
22:52:30:279    < BTP_GAP_EV_DEVICE_FOUND (0x01|0x81|0x00)
                  raw data (42): 
                  01 81 00 2a 00|e0 95 83 06 dc 1b 00 ae 03 1f 00 
                  1e 09 48 46 50 20 41 47 20 44 65 6d 6f 20 30 30 
                  3a 31 42 3a 44 43 3a 30 36 3a 38 33 3a 39 35
22:52:30:405    < BTP_GAP_EV_DEVICE_FOUND (0x01|0x81|0x00)
                  raw data (42): 
                  01 81 00 2a 00|e0 eb b2 06 dc 1b 00 a6 03 1f 00 
                  1e 09 41 32 44 50 20 53 6f 75 72 63 65 20 30 30 
                  3a 31 42 3a 44 43 3a 30 36 3a 42 32 3a 45 42
22:52:30:480    < BTP_GAP_EV_DEVICE_FOUND (0x01|0x81|0x00)
                  raw data (35): 
                  01 81 00 23 00|e0 b6 1e d2 64 d5 ac b1 03 18 00 
                  09 09 4b 44 2d 35 35 55 38 47 09 03 0a 11 0c 11 
                  0e 11 00 12 01 05 01 07
22:52:30:521    < BTP_GAP_EV_DEVICE_FOUND (0x01|0x81|0x00)
                  raw data (42): 
                  01 81 00 2a 00|e0 95 83 06 dc 1b 00 a8 03 1f 00 
                  1e 09 48 46 50 20 41 47 20 44 65 6d 6f 20 30 30 
                  3a 31 42 3a 44 43 3a 30 36 3a 38 33 3a 39 35
22:52:30:661    < BTP_GAP_EV_DEVICE_FOUND (0x01|0x81|0x00)
                  raw data (42): 
                  01 81 00 2a 00|e0 4d 65 9b 70 f3 5c a3 03 1f 00 
                  1e 09 48 46 50 20 41 47 20 44 65 6d 6f 20 35 43 
                  3a 46 33 3a 37 30 3a 39 42 3a 36 35 3a 34 44
22:52:30:800    < BTP_GAP_EV_DEVICE_FOUND (0x01|0x81|0x00)
                  raw data (11): 01 81 00 0b 00|e0 53 00 4c 17 e5 44 ab 03 00 00
22:52:30:843    < BTP_GAP_EV_DEVICE_FOUND (0x01|0x81|0x00)
                  raw data (42): 
                  01 81 00 2a 00|e0 95 83 06 dc 1b 00 af 03 1f 00 
                  1e 09 48 46 50 20 41 47 20 44 65 6d 6f 20 30 30 
                  3a 31 42 3a 44 43 3a 30 36 3a 38 33 3a 39 35
22:52:30:876    < BTP_GAP_EV_DEVICE_FOUND (0x01|0x81|0x00)
                  raw data (42): 
                  01 81 00 2a 00|e0 4d 65 9b 70 f3 5c a4 03 1f 00 
                  1e 09 48 46 50 20 41 47 20 44 65 6d 6f 20 35 43 
                  3a 46 33 3a 37 30 3a 39 42 3a 36 35 3a 34 44
22:52:30:920    < BTP_GAP_EV_DEVICE_FOUND (0x01|0x81|0x00)
                  raw data (11): 01 81 00 0b 00|e0 b6 1e d2 64 d5 ac c2 03 00 00
22:52:31:058    < BTP_GAP_EV_DEVICE_FOUND (0x01|0x81|0x00)
                  raw data (11): 01 81 00 0b 00|e0 b6 1e d2 64 d5 ac be 03 00 00
22:52:31:143    < BTP_GAP_EV_DEVICE_FOUND (0x01|0x81|0x00)
                  raw data (38): 
                  01 81 00 26 00|e0 53 00 4c 17 e5 44 af 03 1b 00 
                  09 09 4e 58 4c 36 36 35 32 38 02 0a 0c 0d 03 0c 
                  11 0a 11 0b 11 0e 11 1f 11 1e 11
22:52:31:462    < BTP_GAP_EV_DEVICE_FOUND (0x01|0x81|0x00)
                  raw data (42): 
                  01 81 00 2a 00|e0 95 83 06 dc 1b 00 af 03 1f 00 
                  1e 09 48 46 50 20 41 47 20 44 65 6d 6f 20 30 30 
                  3a 31 42 3a 44 43 3a 30 36 3a 38 33 3a 39 35
22:52:31:719    < BTP_GAP_EV_DEVICE_FOUND (0x01|0x81|0x00)
                  raw data (38): 
                  01 81 00 26 00|e0 53 00 4c 17 e5 44 a7 03 1b 00 
                  09 09 4e 58 4c 36 36 35 32 38 02 0a 0c 0d 03 0c 
                  11 0a 11 0b 11 0e 11 1f 11 1e 11
22:52:31:771    < BTP_GAP_EV_DEVICE_FOUND (0x01|0x81|0x00)
                  raw data (11): 01 81 00 0b 00|e0 b6 1e d2 64 d5 ac be 03 00 00
22:52:32:115    < BTP_GAP_EV_DEVICE_FOUND (0x01|0x81|0x00)
                  raw data (11): 01 81 00 0b 00|e0 b6 1e d2 64 d5 ac be 03 00 00
22:52:32:126    < BTP_GAP_EV_DEVICE_FOUND (0x01|0x81|0x00)
                  raw data (38): 
                  01 81 00 26 00|e0 53 00 4c 17 e5 44 ae 03 1b 00 
                  09 09 4e 58 4c 36 36 35 32 38 02 0a 0c 0d 03 0c 
                  11 0a 11 0b 11 0e 11 1f 11 1e 11
22:52:32:211    < BTP_GAP_EV_DEVICE_FOUND (0x01|0x81|0x00)
                  raw data (11): 01 81 00 0b 00|e0 b6 1e d2 64 d5 ac be 03 00 00
22:52:32:447    < BTP_GAP_EV_DEVICE_FOUND (0x01|0x81|0x00)
                  raw data (38): 
                  01 81 00 26 00|e0 53 00 4c 17 e5 44 ac 03 1b 00 
                  09 09 4e 58 4c 36 36 35 32 38 02 0a 0c 0d 03 0c 
                  11 0a 11 0b 11 0e 11 1f 11 1e 11
22:52:32:490    > BTP_GAP_CMD_STOP_DISCOVERY (0x01|0x0d|0x00)
                  raw data (0): 01 0d 00 00 00|
22:52:32:538    < BTP_GAP_CMD_STOP_DISCOVERY (0x01|0x0d|0x00)
                  raw data (0): 01 0d 00 00 00|
22:52:32:560    > BTP_GAP_CMD_CONNECT (0x01|0x0e|0x00)
                  raw data (8): 01 0e 00 08 00|e0 4e e4 08 dc 1b 00 00
22:52:32:608    < BTP_GAP_CMD_CONNECT (0x01|0x0e|0x00)
                  raw data (0): 01 0e 00 00 00|
22:52:35:648    < BTP_GAP_EV_DEVICE_CONNECTED (0x01|0x82|0x00)
                  raw data (13): 
                  01 82 00 0d 00|e0 4e e4 08 dc 1b 00 00 00 00 00 
                  00 00
22:52:35:735    > BTP_GAP_CMD_PAIR (0x01|0x11|0x00)
                  raw data (7): 01 11 00 07 00|e0 4e e4 08 dc 1b 00
22:52:35:779    < BTP_GAP_CMD_PAIR (0x01|0x11|0x00)
                  raw data (0): 01 11 00 00 00|
22:52:36:690    < BTP_GAP_EV_PASSKEY_CONFIRM_REQ (0x01|0x86|0x00)
                  raw data (11): 01 86 00 0b 00|e0 4e e4 08 dc 1b 00 36 dc 08 00
22:52:36:782    > BTP_GAP_CMD_PAIR_V2 (0x01|0x2a|0x00)
                  raw data (10): 01 2a 00 0a 00|e0 4e e4 08 dc 1b 00 ff 02 00
22:52:36:832    < BTP_GAP_CMD_PAIR_V2 (0x01|0x2a|0x00)
                  raw data (0): 01 2a 00 00 00|
22:52:37:841    > BTP_GAP_CMD_PASSKEY_CONFIRM (0x01|0x14|0x00)
                  raw data (8): 01 14 00 08 00|e0 4e e4 08 dc 1b 00 01
22:52:37:886    < BTP_GAP_CMD_PASSKEY_CONFIRM (0x01|0x14|0x00)
                  raw data (0): 01 14 00 00 00|
22:52:37:944    < BTP_GAP_EV_ENCRYPTION_CHANGE (0x01|0x91|0x00)
                  raw data (9): 01 91 00 09 00|e0 4e e4 08 dc 1b 00 01 10
22:52:37:945    < BTP_GAP_EV_SEC_LEVEL_CHANGED (0x01|0x89|0x00)
                  raw data (8): 01 89 00 08 00|e0 4e e4 08 dc 1b 00 04
22:52:43:416    < BTP_GAP_EV_DEVICE_DISCONNECTED (0x01|0x83|0x00)
                  raw data (7): 01 83 00 07 00|e0 4e e4 08 dc 1b 00
22:52:46:944    < BTP_CORE_EV_IUT_READY (0x00|0x80|0xff)
                  raw data (0): 00 80 ff 00 00|
