2026-09-24 18:28:20,680 LT1-thread root DEBUG client.py                 1099  _run_test_case            : Starting TestCase _run_test_case GATT GATT/CL/GAW/BV-08-C
2026-09-24 18:28:20,680 LT1-thread root DEBUG testcase.py               727   pre_run                   : pre_run GATT GATT/CL/GAW/BV-08-C
2026-09-24 18:28:20,680 LT1-thread root DEBUG testcase.py               729   pre_run                   : About to run test case GATT GATT/CL/GAW/BV-08-C with commands:
2026-09-24 18:28:20,680 LT1-thread root DEBUG testcase.py               731   pre_run                   : 0) class=<class 'autopts.ptsprojects.testcase.TestFunc'>, func=<bound method ZTestCase._test_case_start of <autopts.ptsprojects.zephyr.ztestcase.ZTestCase object at 0x000002622B38B8F0>> start_wid=None stop_wid=None post_wid=None skip_call=None call_count=0 args=() kwds={}
2026-09-24 18:28:20,681 LT1-thread root DEBUG testcase.py               731   pre_run                   : 1) class=<class 'autopts.ptsprojects.testcase.TestFunc'>, func=<bound method Stack.gap_init of <autopts.ptsprojects.stack.stack.Stack object at 0x000002622ACA1670>> start_wid=None stop_wid=None post_wid=None skip_call=None call_count=58 args=(b'Tester_08E44E',) kwds={}
2026-09-24 18:28:20,681 LT1-thread root DEBUG testcase.py               731   pre_run                   : 2) class=<class 'autopts.ptsprojects.testcase.TestFunc'>, func=<function core_reg_svc_gap at 0x0000026227D2E160> start_wid=None stop_wid=None post_wid=None skip_call=None call_count=58 args=() kwds={}
2026-09-24 18:28:20,681 LT1-thread root DEBUG testcase.py               731   pre_run                   : 3) class=<class 'autopts.ptsprojects.testcase.TestFunc'>, func=<function gap_read_controller_info at 0x0000026227D6EB60> start_wid=None stop_wid=None post_wid=None skip_call=None call_count=58 args=() kwds={}
2026-09-24 18:28:20,681 LT1-thread root DEBUG testcase.py               731   pre_run                   : 4) class=<class 'autopts.ptsprojects.testcase.TestFunc'>, func=<function test_cases_client.<locals>.<lambda> at 0x000002622B390860> start_wid=None stop_wid=None post_wid=None skip_call=None call_count=58 args=() kwds={}
2026-09-24 18:28:20,681 LT1-thread root DEBUG testcase.py               731   pre_run                   : 5) class=<class 'autopts.ptsprojects.testcase.TestFunc'>, func=<function core_reg_svc_gatt at 0x0000026227D2E2A0> start_wid=None stop_wid=None post_wid=None skip_call=None call_count=58 args=() kwds={}
2026-09-24 18:28:20,681 LT1-thread root DEBUG testcase.py               731   pre_run                   : 6) class=<class 'autopts.ptsprojects.testcase.TestFunc'>, func=<function set_pts_addr at 0x0000026227D2DD00> start_wid=None stop_wid=None post_wid=None skip_call=None call_count=58 args=('00:1B:DC:08:E4:4E', 0) kwds={}
2026-09-24 18:28:20,681 LT1-thread root DEBUG testcase.py               731   pre_run                   : 7) class=<class 'autopts.ptsprojects.testcase.TestFunc'>, func=<bound method Stack.gatt_init of <autopts.ptsprojects.stack.stack.Stack object at 0x000002622ACA1670>> start_wid=None stop_wid=None post_wid=None skip_call=None call_count=58 args=() kwds={}
2026-09-24 18:28:20,681 LT1-thread root DEBUG testcase.py               731   pre_run                   : 8) class=<class 'autopts.ptsprojects.testcase.TestFuncCleanUp'>, func=<bound method ZTestCase._test_case_cleanup of <autopts.ptsprojects.zephyr.ztestcase.ZTestCase object at 0x000002622B38B8F0>> start_wid=None stop_wid=None post_wid=None skip_call=None call_count=0 args=() kwds={}
2026-09-24 18:28:20,681 LT1-thread root DEBUG testcase.py               738   pre_run                   : pre_run, run pre test case script
2026-09-24 18:28:20,689 LT1-thread root DEBUG testcase.py               254   start                     : Starting test function: class=<class 'autopts.ptsprojects.testcase.TestFunc'>, func=<bound method ZTestCase._test_case_start of <autopts.ptsprojects.zephyr.ztestcase.ZTestCase object at 0x000002622B38B8F0>> start_wid=None stop_wid=None post_wid=None skip_call=None call_count=1 args=() kwds={}
2026-09-24 18:28:20,689 LT1-thread root DEBUG testcase.py               266   start                     : Test function parameters: args=(), kwds={}
2026-09-24 18:28:20,689 LT1-thread root DEBUG iutctl.py                 172   start                     : <class 'autopts.ptsprojects.zephyr.iutctl.create_zephyr_ctl_class.<locals>.ZephyrCtl'>.start
2026-09-24 18:28:20,690 LT1-thread root DEBUG iutctl.py                 325   flush_serial              : <class 'autopts.ptsprojects.zephyr.iutctl.create_zephyr_ctl_class.<locals>.ZephyrCtl'>.flush_serial
2026-09-24 18:28:21,873 LT1-thread root DEBUG iutctl.py                 249   _start_tty_mode           : Starting socat process: socat.exe -x -v tcp:10.17.12.9:50916,retry=100,interval=1 /dev/ttyS2,raw,b115200,
2026-09-24 18:28:21,880 LT1-thread root DEBUG iutctl_common.py          402   accept                    : 
2026-09-24 18:28:21,955 BTPWorkerThread-14853 (_rx_task) root DEBUG iutctl_common.py          299   _rx_task                  : BTPWorkerThread-14853 (_rx_task) started
2026-09-24 18:28:21,956 LT1-thread root DEBUG iutctl.py                 395   wait_iut_ready_event      : IUT ready event received OK
2026-09-24 18:28:21,956 LT1-thread root DEBUG btp.py                    51    read_supp_svcs            : 
2026-09-24 18:28:21,956 LT1-thread root DEBUG iutctl_common.py          161   send                      : 0 2 255 ''
2026-09-24 18:28:21,956 LT1-thread root DEBUG iutctl_common.py          166   send                      : sending frame '0002ff0000'
2026-09-24 18:28:21,957 LT1-thread root DEBUG iutctl_common.py          339   read                      : 
2026-09-24 18:28:21,973 BTPWorkerThread-14853 (_rx_task) root DEBUG iutctl_common.py          123   read                      : Read 5 bytes
2026-09-24 18:28:21,985 BTPWorkerThread-14853 (_rx_task) root DEBUG iutctl_common.py          131   read                      : Received: hdr: Header(svc_id=0x00, op=0x02, ctrl_index=0xff, data_len=0x06) bytearray(b'\x00\x02\xff\x06\x00')
2026-09-24 18:28:22,007 BTPWorkerThread-14853 (_rx_task) root DEBUG iutctl_common.py          139   read                      : Read 6 bytes data
2026-09-24 18:28:22,017 BTPWorkerThread-14853 (_rx_task) root DEBUG iutctl_common.py          154   read                      : Received data: {'0f 00 00 a0 ff 03'}, bytearray(b'\x0f\x00\x00\xa0\xff\x03')
2026-09-24 18:28:22,028 LT1-thread root DEBUG btp.py                    62    read_supp_svcs            : received Header(svc_id=0, op=2, ctrl_index=255, data_len=6) (b'\x0f\x00\x00\xa0\xff\x03',)
2026-09-24 18:28:22,028 LT1-thread root DEBUG testcase.py               254   start                     : Starting test function: class=<class 'autopts.ptsprojects.testcase.TestFunc'>, func=<bound method Stack.gap_init of <autopts.ptsprojects.stack.stack.Stack object at 0x000002622ACA1670>> start_wid=None stop_wid=None post_wid=None skip_call=None call_count=59 args=(b'Tester_08E44E',) kwds={}
2026-09-24 18:28:22,028 LT1-thread root DEBUG testcase.py               266   start                     : Test function parameters: args=(b'Tester_08E44E',), kwds={}
2026-09-24 18:28:22,028 LT1-thread root DEBUG testcase.py               254   start                     : Starting test function: class=<class 'autopts.ptsprojects.testcase.TestFunc'>, func=<function core_reg_svc_gap at 0x0000026227D2E160> start_wid=None stop_wid=None post_wid=None skip_call=None call_count=59 args=() kwds={}
2026-09-24 18:28:22,028 LT1-thread root DEBUG testcase.py               266   start                     : Test function parameters: args=(), kwds={}
2026-09-24 18:28:22,028 LT1-thread root DEBUG btp.py                    117   core_reg_svc_univ         : core_reg_svc_univ: gap_reg (GAP)
2026-09-24 18:28:22,029 LT1-thread root DEBUG iutctl_common.py          161   send                      : 0 3 255 '1'
2026-09-24 18:28:22,029 LT1-thread root DEBUG iutctl_common.py          166   send                      : sending frame '0003ff010001'
2026-09-24 18:28:22,029 LT1-thread root DEBUG btp.py                    654   core_reg_svc_rsp_succ     : 
2026-09-24 18:28:22,029 LT1-thread root DEBUG iutctl_common.py          339   read                      : 
2026-09-24 18:28:26,138 BTPWorkerThread-14853 (_rx_task) root DEBUG iutctl_common.py          123   read                      : Read 5 bytes
2026-09-24 18:28:26,143 BTPWorkerThread-14853 (_rx_task) root DEBUG iutctl_common.py          131   read                      : Received: hdr: Header(svc_id=0x00, op=0x03, ctrl_index=0xff, data_len=0x00) bytearray(b'\x00\x03\xff\x00\x00')
2026-09-24 18:28:26,148 BTPWorkerThread-14853 (_rx_task) root DEBUG iutctl_common.py          154   read                      : Received data: {''}, bytearray(b'')
2026-09-24 18:28:26,158 LT1-thread root DEBUG btp.py                    665   core_reg_svc_rsp_succ     : received Header(svc_id=0, op=3, ctrl_index=255, data_len=0) (b'',)
2026-09-24 18:28:26,158 LT1-thread root DEBUG btp.py                    666   core_reg_svc_rsp_succ     : expected ((0, 3, 255, 0), (b'',))
2026-09-24 18:28:26,158 LT1-thread root DEBUG btp.py                    671   core_reg_svc_rsp_succ     : response is valid
2026-09-24 18:28:26,158 LT1-thread root DEBUG btp.py                    674   core_reg_svc_rsp_succ     : Reading supported commands for service: GAP
2026-09-24 18:28:26,158 LT1-thread root DEBUG iutctl_common.py          161   send                      : 1 1 255 ''
2026-09-24 18:28:26,158 LT1-thread root DEBUG iutctl_common.py          166   send                      : sending frame '0101ff0000'
2026-09-24 18:28:26,158 LT1-thread root DEBUG iutctl_common.py          339   read                      : 
2026-09-24 18:28:26,197 BTPWorkerThread-14853 (_rx_task) root DEBUG iutctl_common.py          123   read                      : Read 5 bytes
2026-09-24 18:28:26,208 BTPWorkerThread-14853 (_rx_task) root DEBUG iutctl_common.py          131   read                      : Received: hdr: Header(svc_id=0x01, op=0x01, ctrl_index=0xff, data_len=0x07) bytearray(b'\x01\x01\xff\x07\x00')
2026-09-24 18:28:26,213 BTPWorkerThread-14853 (_rx_task) root DEBUG iutctl_common.py          139   read                      : Read 7 bytes data
2026-09-24 18:28:26,218 BTPWorkerThread-14853 (_rx_task) root DEBUG iutctl_common.py          154   read                      : Received data: {'6e ff 7f 1f fe ff 2e'}, bytearray(b'n\xff\x7f\x1f\xfe\xff.')
2026-09-24 18:28:26,229 LT1-thread root DEBUG testcase.py               254   start                     : Starting test function: class=<class 'autopts.ptsprojects.testcase.TestFunc'>, func=<function gap_read_controller_info at 0x0000026227D6EB60> start_wid=None stop_wid=None post_wid=None skip_call=None call_count=59 args=() kwds={}
2026-09-24 18:28:26,229 LT1-thread root DEBUG testcase.py               266   start                     : Test function parameters: args=(), kwds={}
2026-09-24 18:28:26,229 LT1-thread root DEBUG gap.py                    1163  gap_read_controller_info  : 
2026-09-24 18:28:26,229 LT1-thread root DEBUG iutctl_common.py          161   send                      : 1 3 0 ''
2026-09-24 18:28:26,229 LT1-thread root DEBUG iutctl_common.py          166   send                      : sending frame '0103000000'
2026-09-24 18:28:26,229 LT1-thread root DEBUG iutctl_common.py          339   read                      : 
2026-09-24 18:28:26,267 BTPWorkerThread-14853 (_rx_task) root DEBUG iutctl_common.py          123   read                      : Read 5 bytes
2026-09-24 18:28:26,273 BTPWorkerThread-14853 (_rx_task) root DEBUG iutctl_common.py          131   read                      : Received: hdr: Header(svc_id=0x01, op=0x03, ctrl_index=0x00, data_len=0x115) bytearray(b'\x01\x03\x00\x15\x01')
2026-09-24 18:28:26,284 BTPWorkerThread-14853 (_rx_task) root DEBUG iutctl_common.py          139   read                      : Read 240 bytes data
2026-09-24 18:28:26,295 BTPWorkerThread-14853 (_rx_task) root DEBUG iutctl_common.py          139   read                      : Read 37 bytes data
2026-09-24 18:28:26,295 BTPWorkerThread-14853 (_rx_task) root DEBUG iutctl_common.py          154   read                      : Received data: {'19 78 ee 69 17 d0 d3 06 02 00 13 02 00 00 00 00 00 62 74 70 5f 74 65 73 74 65 72 00 00 00 00 00 00 00 00 00 00 00 00 00 00 00 00 00 00 00 00 00 00 00 00 00 00 00 00 00 00 00 00 00 00 00 00 00 00 00 00 00 00 00 00 00 00 00 00 00 00 00 00 00 00 00 00 00 00 00 00 00 00 00 00 00 00 00 00 00 00 00 00 00 00 00 00 00 00 00 00 00 00 00 00 00 00 00 00 00 00 00 00 00 00 00 00 00 00 00 00 00 00 00 00 00 00 00 00 00 00 00 00 00 00 00 00 00 00 00 00 00 00 00 00 00 00 00 00 00 00 00 00 00 00 00 00 00 00 00 00 00 00 00 00 00 00 00 00 00 00 00 00 00 00 00 00 00 00 00 00 00 00 00 00 00 00 00 00 00 00 00 00 00 00 00 00 00 00 00 00 00 00 00 00 00 00 00 00 00 00 00 00 00 00 00 00 00 00 00 00 00 00 00 00 00 00 00 00 00 00 00 00 00 00 00 00 00 00 00 00 00 00 00 00 00 00 00 00 00 00 00 00 00 00 00 00 00 00 00 00 00 00 00 00 00 00 00 00 00 00'}, bytearray(b'\x19x\xeei\x17\xd0\xd3\x06\x02\x00\x13\x02\x00\x00\x00\x00\x00btp_tester\x00\x00\x00\x00\x00\x00\x00\x00\x00\x00\x00\x00\x00\x00\x00\x00\x00\x00\x00\x00\x00\x00\x00\x00\x00\x00\x00\x00\x00\x00\x00\x00\x00\x00\x00\x00\x00\x00\x00\x00\x00\x00\x00\x00\x00\x00\x00\x00\x00\x00\x00\x00\x00\x00\x00\x00\x00\x00\x00\x00\x00\x00\x00\x00\x00\x00\x00\x00\x00\x00\x00\x00\x00\x00\x00\x00\x00\x00\x00\x00\x00\x00\x00\x00\x00\x00\x00\x00\x00\x00\x00\x00\x00\x00\x00\x00\x00\x00\x00\x00\x00\x00\x00\x00\x00\x00\x00\x00\x00\x00\x00\x00\x00\x00\x00\x00\x00\x00\x00\x00\x00\x00\x00\x00\x00\x00\x00\x00\x00\x00\x00\x00\x00\x00\x00\x00\x00\x00\x00\x00\x00\x00\x00\x00\x00\x00\x00\x00\x00\x00\x00\x00\x00\x00\x00\x00\x00\x00\x00\x00\x00\x00\x00\x00\x00\x00\x00\x00\x00\x00\x00\x00\x00\x00\x00\x00\x00\x00\x00\x00\x00\x00\x00\x00\x00\x00\x00\x00\x00\x00\x00\x00\x00\x00\x00\x00\x00\x00\x00\x00\x00\x00\x00\x00\x00\x00\x00\x00\x00\x00\x00\x00\x00\x00\x00\x00\x00\x00\x00\x00\x00\x00\x00\x00\x00\x00\x00\x00\x00\x00\x00\x00\x00\x00\x00\x00\x00\x00\x00\x00\x00\x00\x00\x00\x00\x00\x00\x00\x00\x00')
2026-09-24 18:28:26,300 LT1-thread root DEBUG gap.py                    1170  gap_read_controller_info  : received Header(svc_id=1, op=3, ctrl_index=0, data_len=277) (b'\x19x\xeei\x17\xd0\xd3\x06\x02\x00\x13\x02\x00\x00\x00\x00\x00btp_tester\x00\x00\x00\x00\x00\x00\x00\x00\x00\x00\x00\x00\x00\x00\x00\x00\x00\x00\x00\x00\x00\x00\x00\x00\x00\x00\x00\x00\x00\x00\x00\x00\x00\x00\x00\x00\x00\x00\x00\x00\x00\x00\x00\x00\x00\x00\x00\x00\x00\x00\x00\x00\x00\x00\x00\x00\x00\x00\x00\x00\x00\x00\x00\x00\x00\x00\x00\x00\x00\x00\x00\x00\x00\x00\x00\x00\x00\x00\x00\x00\x00\x00\x00\x00\x00\x00\x00\x00\x00\x00\x00\x00\x00\x00\x00\x00\x00\x00\x00\x00\x00\x00\x00\x00\x00\x00\x00\x00\x00\x00\x00\x00\x00\x00\x00\x00\x00\x00\x00\x00\x00\x00\x00\x00\x00\x00\x00\x00\x00\x00\x00\x00\x00\x00\x00\x00\x00\x00\x00\x00\x00\x00\x00\x00\x00\x00\x00\x00\x00\x00\x00\x00\x00\x00\x00\x00\x00\x00\x00\x00\x00\x00\x00\x00\x00\x00\x00\x00\x00\x00\x00\x00\x00\x00\x00\x00\x00\x00\x00\x00\x00\x00\x00\x00\x00\x00\x00\x00\x00\x00\x00\x00\x00\x00\x00\x00\x00\x00\x00\x00\x00\x00\x00\x00\x00\x00\x00\x00\x00\x00\x00\x00\x00\x00\x00\x00\x00\x00\x00\x00\x00\x00\x00\x00\x00\x00\x00\x00\x00\x00\x00\x00\x00\x00\x00\x00\x00\x00\x00\x00\x00\x00\x00\x00\x00\x00\x00\x00\x00\x00',)
2026-09-24 18:28:26,300 LT1-thread root DEBUG gap.py                    1191  gap_read_controller_info  : IUT address 'd01769ee7819' 'public'
2026-09-24 18:28:26,300 LT1-thread root DEBUG gap.py                    596   __gap_current_settings_update : 531
2026-09-24 18:28:26,300 LT1-thread root DEBUG testcase.py               254   start                     : Starting test function: class=<class 'autopts.ptsprojects.testcase.TestFunc'>, func=<function test_cases_client.<locals>.<lambda> at 0x000002622B390860> start_wid=None stop_wid=None post_wid=None skip_call=None call_count=59 args=() kwds={}
2026-09-24 18:28:26,300 LT1-thread root DEBUG testcase.py               266   start                     : Test function parameters: args=(), kwds={}
2026-09-24 18:28:26,303 LT1-thread root DEBUG testcase.py               254   start                     : Starting test function: class=<class 'autopts.ptsprojects.testcase.TestFunc'>, func=<function core_reg_svc_gatt at 0x0000026227D2E2A0> start_wid=None stop_wid=None post_wid=None skip_call=None call_count=59 args=() kwds={}
2026-09-24 18:28:26,303 LT1-thread root DEBUG testcase.py               266   start                     : Test function parameters: args=(), kwds={}
2026-09-24 18:28:26,305 LT1-thread root DEBUG btp.py                    117   core_reg_svc_univ         : core_reg_svc_univ: gatt_reg (GATT)
2026-09-24 18:28:26,305 LT1-thread root DEBUG iutctl_common.py          161   send                      : 0 3 255 '2'
2026-09-24 18:28:26,305 LT1-thread root DEBUG iutctl_common.py          166   send                      : sending frame '0003ff010002'
2026-09-24 18:28:26,305 LT1-thread root DEBUG btp.py                    654   core_reg_svc_rsp_succ     : 
2026-09-24 18:28:26,305 LT1-thread root DEBUG iutctl_common.py          339   read                      : 
2026-09-24 18:28:26,351 BTPWorkerThread-14853 (_rx_task) root DEBUG iutctl_common.py          123   read                      : Read 5 bytes
2026-09-24 18:28:26,361 BTPWorkerThread-14853 (_rx_task) root DEBUG iutctl_common.py          131   read                      : Received: hdr: Header(svc_id=0x00, op=0x03, ctrl_index=0xff, data_len=0x00) bytearray(b'\x00\x03\xff\x00\x00')
2026-09-24 18:28:26,367 BTPWorkerThread-14853 (_rx_task) root DEBUG iutctl_common.py          154   read                      : Received data: {''}, bytearray(b'')
2026-09-24 18:28:26,373 LT1-thread root DEBUG btp.py                    665   core_reg_svc_rsp_succ     : received Header(svc_id=0, op=3, ctrl_index=255, data_len=0) (b'',)
2026-09-24 18:28:26,373 LT1-thread root DEBUG btp.py                    666   core_reg_svc_rsp_succ     : expected ((0, 3, 255, 0), (b'',))
2026-09-24 18:28:26,373 LT1-thread root DEBUG btp.py                    671   core_reg_svc_rsp_succ     : response is valid
2026-09-24 18:28:26,373 LT1-thread root DEBUG btp.py                    674   core_reg_svc_rsp_succ     : Reading supported commands for service: GATT
2026-09-24 18:28:26,373 LT1-thread root DEBUG iutctl_common.py          161   send                      : 2 1 255 ''
2026-09-24 18:28:26,373 LT1-thread root DEBUG iutctl_common.py          166   send                      : sending frame '0201ff0000'
2026-09-24 18:28:26,374 LT1-thread root DEBUG iutctl_common.py          339   read                      : 
2026-09-24 18:28:26,411 BTPWorkerThread-14853 (_rx_task) root DEBUG iutctl_common.py          123   read                      : Read 5 bytes
2026-09-24 18:28:26,417 BTPWorkerThread-14853 (_rx_task) root DEBUG iutctl_common.py          131   read                      : Received: hdr: Header(svc_id=0x02, op=0x01, ctrl_index=0xff, data_len=0x05) bytearray(b'\x02\x01\xff\x05\x00')
2026-09-24 18:28:26,422 BTPWorkerThread-14853 (_rx_task) root DEBUG iutctl_common.py          139   read                      : Read 5 bytes data
2026-09-24 18:28:26,427 BTPWorkerThread-14853 (_rx_task) root DEBUG iutctl_common.py          154   read                      : Received data: {'fe fe bf fd 0f'}, bytearray(b'\xfe\xfe\xbf\xfd\x0f')
2026-09-24 18:28:26,432 LT1-thread root DEBUG testcase.py               254   start                     : Starting test function: class=<class 'autopts.ptsprojects.testcase.TestFunc'>, func=<function set_pts_addr at 0x0000026227D2DD00> start_wid=None stop_wid=None post_wid=None skip_call=None call_count=59 args=('00:1B:DC:08:E4:4E', 0) kwds={}
2026-09-24 18:28:26,432 LT1-thread root DEBUG testcase.py               266   start                     : Test function parameters: args=('00:1B:DC:08:E4:4E', 0), kwds={}
2026-09-24 18:28:26,432 LT1-thread root DEBUG testcase.py               254   start                     : Starting test function: class=<class 'autopts.ptsprojects.testcase.TestFunc'>, func=<bound method Stack.gatt_init of <autopts.ptsprojects.stack.stack.Stack object at 0x000002622ACA1670>> start_wid=None stop_wid=None post_wid=None skip_call=None call_count=59 args=() kwds={}
2026-09-24 18:28:26,432 LT1-thread root DEBUG testcase.py               266   start                     : Test function parameters: args=(), kwds={}
2026-09-24 18:28:26,434 LT1-thread root DEBUG client.py                 276   get_result                : ClientCallback.get_result run_test_case
2026-09-24 18:28:30,222 LT1-callback ClientCallback.on_implicit_send INFO client.py                 223   on_implicit_send          : 
    ********************
    BEGIN OnImplicitSend:
    project_name: GATT
    wid: 1
    test_case_name: GATT/CL/GAW/BV-08-C
    description: Please prepare IUT into a connectable mode.

Description: Verify that the Implementation Under Test (IUT) can accept GATT connect request from PTS.
    style: MMI_Style_Ok_Cancel2 0x11141
2026-09-24 18:28:30,223 LT1-callback ClientCallback.on_implicit_send INFO client.py                 236   on_implicit_send          : Calling test cases on_implicit_send
2026-09-24 18:28:30,223 LT1-callback ClientCallback.on_implicit_send INFO client.py                 249   on_implicit_send          : 
    on_implicit_send returned response: WAIT
    END OnImplicitSend
    ********************
2026-09-24 18:28:30,437 LT1-thread root DEBUG testcase.py               679   run_wid                   : GATT GATT/CL/GAW/BV-08-C on_implicit_send
2026-09-24 18:28:30,437 LT1-thread root DEBUG gatt_wid.py               24    gatt_wid_hdl              : gatt_wid_hdl, 1, Please prepare IUT into a connectable mode.

Description: Verify that the Implementation Under Test (IUT) can accept GATT connect request from PTS., GATT/CL/GAW/BV-08-C
2026-09-24 18:28:30,437 LT1-thread root DEBUG gap.py                    984   gap_set_connectable       : 
2026-09-24 18:28:30,437 LT1-thread root DEBUG gap.py                    1035  gap_set_general_discoverable : 
2026-09-24 18:28:30,437 LT1-thread root DEBUG iutctl_common.py          161   send                      : 1 8 0 '1'
2026-09-24 18:28:30,437 LT1-thread root DEBUG iutctl_common.py          166   send                      : sending frame '010800010001'
2026-09-24 18:28:30,437 LT1-thread root DEBUG gap.py                    1229  gap_command_rsp_succ      : 
2026-09-24 18:28:30,438 LT1-thread root DEBUG iutctl_common.py          339   read                      : 
2026-09-24 18:28:30,498 BTPWorkerThread-14853 (_rx_task) root DEBUG iutctl_common.py          123   read                      : Read 5 bytes
2026-09-24 18:28:30,509 BTPWorkerThread-14853 (_rx_task) root DEBUG iutctl_common.py          131   read                      : Received: hdr: Header(svc_id=0x01, op=0x08, ctrl_index=0x00, data_len=0x04) bytearray(b'\x01\x08\x00\x04\x00')
2026-09-24 18:28:30,515 BTPWorkerThread-14853 (_rx_task) root DEBUG iutctl_common.py          139   read                      : Read 4 bytes data
2026-09-24 18:28:30,525 BTPWorkerThread-14853 (_rx_task) root DEBUG iutctl_common.py          154   read                      : Received data: {'1b 02 00 00'}, bytearray(b'\x1b\x02\x00\x00')
2026-09-24 18:28:30,535 LT1-thread root DEBUG gap.py                    1234  gap_command_rsp_succ      : received Header(svc_id=1, op=8, ctrl_index=0, data_len=4) (b'\x1b\x02\x00\x00',)
2026-09-24 18:28:30,535 LT1-thread root DEBUG gap.py                    596   __gap_current_settings_update : (b'\x1b\x02\x00\x00',)
2026-09-24 18:28:30,535 LT1-thread root DEBUG gap.py                    650   gap_start_advertising     : {9: b'Tester_08E44E'} None
2026-09-24 18:28:30,535 LT1-thread root DEBUG iutctl_common.py          161   send                      : 1 10 0 "bytearray(b'\\x0f\\x00\\t\\rTester_08E44E\\xff\\xff\\xff\\xff\\x00')"
2026-09-24 18:28:30,535 LT1-thread root DEBUG iutctl_common.py          166   send                      : sending frame '010a0016000f00090d5465737465725f303845343445ffffffff00'
2026-09-24 18:28:30,536 LT1-thread root DEBUG gap.py                    1229  gap_command_rsp_succ      : 
2026-09-24 18:28:30,536 LT1-thread root DEBUG iutctl_common.py          339   read                      : 
2026-09-24 18:28:30,575 BTPWorkerThread-14853 (_rx_task) root DEBUG iutctl_common.py          123   read                      : Read 5 bytes
2026-09-24 18:28:30,586 BTPWorkerThread-14853 (_rx_task) root DEBUG iutctl_common.py          131   read                      : Received: hdr: Header(svc_id=0x01, op=0x0a, ctrl_index=0x00, data_len=0x04) bytearray(b'\x01\n\x00\x04\x00')
2026-09-24 18:28:30,591 BTPWorkerThread-14853 (_rx_task) root DEBUG iutctl_common.py          139   read                      : Read 4 bytes data
2026-09-24 18:28:30,597 BTPWorkerThread-14853 (_rx_task) root DEBUG iutctl_common.py          154   read                      : Received data: {'1b 06 00 00'}, bytearray(b'\x1b\x06\x00\x00')
2026-09-24 18:28:30,603 LT1-thread root DEBUG gap.py                    1234  gap_command_rsp_succ      : received Header(svc_id=1, op=10, ctrl_index=0, data_len=4) (b'\x1b\x06\x00\x00',)
2026-09-24 18:28:30,603 LT1-thread root DEBUG gap.py                    596   __gap_current_settings_update : (b'\x1b\x06\x00\x00',)
2026-09-24 18:28:31,059 BTPWorkerThread-14853 (_rx_task) root DEBUG iutctl_common.py          123   read                      : Read 5 bytes
2026-09-24 18:28:31,059 BTPWorkerThread-14853 (_rx_task) root DEBUG iutctl_common.py          131   read                      : Received: hdr: Header(svc_id=0x01, op=0x82, ctrl_index=0x00, data_len=0x0d) bytearray(b'\x01\x82\x00\r\x00')
2026-09-24 18:28:31,059 BTPWorkerThread-14853 (_rx_task) root DEBUG iutctl_common.py          139   read                      : Read 13 bytes data
2026-09-24 18:28:31,059 BTPWorkerThread-14853 (_rx_task) root DEBUG iutctl_common.py          154   read                      : Received data: {'00 4e e4 08 dc 1b 00 3c 00 00 00 d0 07'}, bytearray(b'\x00N\xe4\x08\xdc\x1b\x00<\x00\x00\x00\xd0\x07')
2026-09-24 18:28:31,060 BTPWorkerThread-14853 (_rx_task) root DEBUG btp.py                    736   event_handler             : Header(svc_id=1, op=130, ctrl_index=0, data_len=13) (b'\x00N\xe4\x08\xdc\x1b\x00<\x00\x00\x00\xd0\x07',)
2026-09-24 18:28:31,060 BTPWorkerThread-14853 (_rx_task) root DEBUG gap.py                    215   gap_connected_ev_         : b'\x00N\xe4\x08\xdc\x1b\x00<\x00\x00\x00\xd0\x07'
2026-09-24 18:28:31,060 BTPWorkerThread-14853 (_rx_task) root DEBUG iutctl_common.py          123   read                      : Read 4 bytes
2026-09-24 18:28:31,070 BTPWorkerThread-14853 (_rx_task) root DEBUG iutctl_common.py          123   read                      : Read 1 bytes
2026-09-24 18:28:31,070 BTPWorkerThread-14853 (_rx_task) root DEBUG iutctl_common.py          131   read                      : Received: hdr: Header(svc_id=0x01, op=0x80, ctrl_index=0x00, data_len=0x04) bytearray(b'\x01\x80\x00\x04\x00')
2026-09-24 18:28:31,070 BTPWorkerThread-14853 (_rx_task) root DEBUG iutctl_common.py          139   read                      : Read 4 bytes data
2026-09-24 18:28:31,071 BTPWorkerThread-14853 (_rx_task) root DEBUG iutctl_common.py          154   read                      : Received data: {'1b 02 00 00'}, bytearray(b'\x1b\x02\x00\x00')
2026-09-24 18:28:31,071 BTPWorkerThread-14853 (_rx_task) root DEBUG btp.py                    736   event_handler             : Header(svc_id=1, op=128, ctrl_index=0, data_len=4) (b'\x1b\x02\x00\x00',)
2026-09-24 18:28:31,071 BTPWorkerThread-14853 (_rx_task) root DEBUG gap.py                    183   gap_new_settings_ev_      : b'\x1b\x02\x00\x00'
2026-09-24 18:28:31,071 BTPWorkerThread-14853 (_rx_task) root DEBUG gap.py                    596   __gap_current_settings_update : 539
2026-09-24 18:28:31,106 LT1-thread root DEBUG testcase.py               722   run_wid                   : Sending response 'OK' to wid 1 test case GATT/CL/GAW/BV-08-C
2026-09-24 18:28:31,108 LT1-thread root DEBUG client.py                 276   get_result                : ClientCallback.get_result run_test_case
2026-09-24 18:28:39,517 LT1-callback ClientCallback.on_implicit_send INFO client.py                 223   on_implicit_send          : 
    ********************
    BEGIN OnImplicitSend:
    project_name: GATT
    wid: 400
    test_case_name: GATT/CL/GAW/BV-08-C
    description: Please prepare IUT into an L2CAP Credit Based Connection connectable mode using LE signaling channel.

Description: Verify that the Implementation Under Test (IUT) can accept L2CAP_CREDIT_BASED_CONNECTION_REQ from PTS.
    style: MMI_Style_Ok_Cancel2 0x11141
2026-09-24 18:28:39,517 LT1-callback ClientCallback.on_implicit_send INFO client.py                 236   on_implicit_send          : Calling test cases on_implicit_send
2026-09-24 18:28:39,517 LT1-callback ClientCallback.on_implicit_send INFO client.py                 249   on_implicit_send          : 
    on_implicit_send returned response: WAIT
    END OnImplicitSend
    ********************
2026-09-24 18:28:39,691 BTPWorkerThread-14853 (_rx_task) root DEBUG iutctl_common.py          123   read                      : Read 5 bytes
2026-09-24 18:28:39,691 BTPWorkerThread-14853 (_rx_task) root DEBUG iutctl_common.py          131   read                      : Received: hdr: Header(svc_id=0x01, op=0x91, ctrl_index=0x00, data_len=0x09) bytearray(b'\x01\x91\x00\t\x00')
2026-09-24 18:28:39,692 BTPWorkerThread-14853 (_rx_task) root DEBUG iutctl_common.py          139   read                      : Read 9 bytes data
2026-09-24 18:28:39,692 BTPWorkerThread-14853 (_rx_task) root DEBUG iutctl_common.py          154   read                      : Received data: {'00 4e e4 08 dc 1b 00 01 10'}, bytearray(b'\x00N\xe4\x08\xdc\x1b\x00\x01\x10')
2026-09-24 18:28:39,692 BTPWorkerThread-14853 (_rx_task) root DEBUG btp.py                    736   event_handler             : Header(svc_id=1, op=145, ctrl_index=0, data_len=9) (b'\x00N\xe4\x08\xdc\x1b\x00\x01\x10',)
2026-09-24 18:28:39,692 BTPWorkerThread-14853 (_rx_task) root DEBUG gap.py                    494   gap_encryption_change_ev_ : 
2026-09-24 18:28:39,692 BTPWorkerThread-14853 (_rx_task) root DEBUG gap.py                    496   gap_encryption_change_ev_ : enc change received b'\x00N\xe4\x08\xdc\x1b\x00\x01\x10'
2026-09-24 18:28:39,692 BTPWorkerThread-14853 (_rx_task) root DEBUG gap.py                    505   gap_encryption_change_ev_ : received (0, '001bdc08e44e', 1, 16)
2026-09-24 18:28:39,692 BTPWorkerThread-14853 (_rx_task) root DEBUG iutctl_common.py          123   read                      : Read 5 bytes
2026-09-24 18:28:39,692 BTPWorkerThread-14853 (_rx_task) root DEBUG iutctl_common.py          131   read                      : Received: hdr: Header(svc_id=0x01, op=0x89, ctrl_index=0x00, data_len=0x08) bytearray(b'\x01\x89\x00\x08\x00')
2026-09-24 18:28:39,692 BTPWorkerThread-14853 (_rx_task) root DEBUG iutctl_common.py          139   read                      : Read 8 bytes data
2026-09-24 18:28:39,692 BTPWorkerThread-14853 (_rx_task) root DEBUG iutctl_common.py          154   read                      : Received data: {'00 4e e4 08 dc 1b 00 02'}, bytearray(b'\x00N\xe4\x08\xdc\x1b\x00\x02')
2026-09-24 18:28:39,693 BTPWorkerThread-14853 (_rx_task) root DEBUG btp.py                    736   event_handler             : Header(svc_id=1, op=137, ctrl_index=0, data_len=8) (b'\x00N\xe4\x08\xdc\x1b\x00\x02',)
2026-09-24 18:28:39,693 BTPWorkerThread-14853 (_rx_task) root DEBUG gap.py                    300   gap_sec_level_changed_ev_ : 
2026-09-24 18:28:39,693 BTPWorkerThread-14853 (_rx_task) root DEBUG gap.py                    302   gap_sec_level_changed_ev_ : received b'\x00N\xe4\x08\xdc\x1b\x00\x02'
2026-09-24 18:28:39,693 BTPWorkerThread-14853 (_rx_task) root DEBUG gap.py                    313   gap_sec_level_changed_ev_ : received (0, '001bdc08e44e', 2)
2026-09-24 18:28:39,821 BTPWorkerThread-14853 (_rx_task) root DEBUG iutctl_common.py          123   read                      : Read 5 bytes
2026-09-24 18:28:39,821 BTPWorkerThread-14853 (_rx_task) root DEBUG iutctl_common.py          131   read                      : Received: hdr: Header(svc_id=0x01, op=0x98, ctrl_index=0x00, data_len=0x08) bytearray(b'\x01\x98\x00\x08\x00')
2026-09-24 18:28:39,821 BTPWorkerThread-14853 (_rx_task) root DEBUG iutctl_common.py          139   read                      : Read 8 bytes data
2026-09-24 18:28:39,822 BTPWorkerThread-14853 (_rx_task) root DEBUG iutctl_common.py          154   read                      : Received data: {'00 4e e4 08 dc 1b 00 00'}, bytearray(b'\x00N\xe4\x08\xdc\x1b\x00\x00')
2026-09-24 18:28:39,822 BTPWorkerThread-14853 (_rx_task) root DEBUG btp.py                    736   event_handler             : Header(svc_id=1, op=152, ctrl_index=0, data_len=8) (b'\x00N\xe4\x08\xdc\x1b\x00\x00',)
2026-09-24 18:28:39,822 BTPWorkerThread-14853 (_rx_task) root DEBUG gap.py                    511   gap_peer_car_status_ev_   : 
2026-09-24 18:28:39,822 BTPWorkerThread-14853 (_rx_task) root DEBUG gap.py                    518   gap_peer_car_status_ev_   : received (0, '001bdc08e44e', 0)
2026-09-24 18:28:40,111 LT1-thread root DEBUG testcase.py               679   run_wid                   : GATT GATT/CL/GAW/BV-08-C on_implicit_send
2026-09-24 18:28:40,111 LT1-thread root DEBUG gatt_wid.py               24    gatt_wid_hdl              : gatt_wid_hdl, 400, Please prepare IUT into an L2CAP Credit Based Connection connectable mode using LE signaling channel.

Description: Verify that the Implementation Under Test (IUT) can accept L2CAP_CREDIT_BASED_CONNECTION_REQ from PTS., GATT/CL/GAW/BV-08-C
2026-09-24 18:28:40,111 LT1-thread root DEBUG testcase.py               722   run_wid                   : Sending response 'OK' to wid 400 test case GATT/CL/GAW/BV-08-C
2026-09-24 18:28:40,113 LT1-thread root DEBUG client.py                 276   get_result                : ClientCallback.get_result run_test_case
2026-09-24 18:28:41,778 LT1-callback ClientCallback.on_implicit_send INFO client.py                 223   on_implicit_send          : 
    ********************
    BEGIN OnImplicitSend:
    project_name: GATT
    wid: 74
    test_case_name: GATT/CL/GAW/BV-08-C
    description: Please send write request with characteristic handle = '00C5'O with <= '2' byte of any octet value to the PTS.

Description: Verify that the Implementation Under Test (IUT) can send write request.
    style: MMI_Style_Ok_Cancel2 0x11141
2026-09-24 18:28:41,778 LT1-callback ClientCallback.on_implicit_send INFO client.py                 236   on_implicit_send          : Calling test cases on_implicit_send
2026-09-24 18:28:41,779 LT1-callback ClientCallback.on_implicit_send INFO client.py                 249   on_implicit_send          : 
    on_implicit_send returned response: WAIT
    END OnImplicitSend
    ********************
2026-09-24 18:28:42,114 LT1-thread root DEBUG testcase.py               679   run_wid                   : GATT GATT/CL/GAW/BV-08-C on_implicit_send
2026-09-24 18:28:42,114 LT1-thread root DEBUG gatt_wid.py               24    gatt_wid_hdl              : gatt_wid_hdl, 74, Please send write request with characteristic handle = '00C5'O with <= '2' byte of any octet value to the PTS.

Description: Verify that the Implementation Under Test (IUT) can send write request., GATT/CL/GAW/BV-08-C
2026-09-24 18:28:42,114 LT1-thread root DEBUG testcase.py               95    parse_description         : parse_description "Please send write request with characteristic handle = '00C5'O with <= '2' byte of any octet value to the PTS.\n\nDescription: Verify that the Implementation Under Test (IUT) can send write request."
2026-09-24 18:28:42,114 LT1-thread root DEBUG testcase.py               99    parse_description         : Parse result: ['00C5', '2']
2026-09-24 18:28:42,114 LT1-thread root DEBUG gatt.py                   1011  gattc_write               : 0 '001bdc08e44e' '00C5' '12' 2
2026-09-24 18:28:42,114 LT1-thread root DEBUG iutctl_common.py          161   send                      : 2 23 0 "bytearray(b'\\x00N\\xe4\\x08\\xdc\\x1b\\x00\\xc5\\x00\\x02\\x00\\x12\\x12')"
2026-09-24 18:28:42,114 LT1-thread root DEBUG iutctl_common.py          166   send                      : sending frame '0217000d00004ee408dc1b00c50002001212'
2026-09-24 18:28:42,115 LT1-thread root DEBUG iutctl_common.py          339   read                      : 
2026-09-24 18:28:42,229 BTPWorkerThread-14853 (_rx_task) root DEBUG iutctl_common.py          123   read                      : Read 5 bytes
2026-09-24 18:28:42,234 BTPWorkerThread-14853 (_rx_task) root DEBUG iutctl_common.py          131   read                      : Received: hdr: Header(svc_id=0x02, op=0x17, ctrl_index=0x00, data_len=0x01) bytearray(b'\x02\x17\x00\x01\x00')
2026-09-24 18:28:42,239 BTPWorkerThread-14853 (_rx_task) root DEBUG iutctl_common.py          139   read                      : Read 1 bytes data
2026-09-24 18:28:42,239 BTPWorkerThread-14853 (_rx_task) root DEBUG iutctl_common.py          154   read                      : Received data: {'00'}, bytearray(b'\x00')
2026-09-24 18:28:42,245 LT1-thread root DEBUG gatt.py                   1769  gattc_write_rsp           : received Header(svc_id=2, op=23, ctrl_index=0, data_len=1) (b'\x00',)
2026-09-24 18:28:42,245 LT1-thread root DEBUG gatt.py                   1775  gattc_write_rsp           : 0
2026-09-24 18:28:42,245 LT1-thread root DEBUG testcase.py               722   run_wid                   : Sending response 'OK' to wid 74 test case GATT/CL/GAW/BV-08-C
2026-09-24 18:28:42,247 LT1-thread root DEBUG client.py                 276   get_result                : ClientCallback.get_result run_test_case
2026-09-24 18:28:43,499 BTPWorkerThread-14853 (_rx_task) root DEBUG iutctl_common.py          123   read                      : Read 5 bytes
2026-09-24 18:28:43,499 BTPWorkerThread-14853 (_rx_task) root DEBUG iutctl_common.py          131   read                      : Received: hdr: Header(svc_id=0x01, op=0x83, ctrl_index=0x00, data_len=0x07) bytearray(b'\x01\x83\x00\x07\x00')
2026-09-24 18:28:43,499 BTPWorkerThread-14853 (_rx_task) root DEBUG iutctl_common.py          139   read                      : Read 7 bytes data
2026-09-24 18:28:43,500 BTPWorkerThread-14853 (_rx_task) root DEBUG iutctl_common.py          154   read                      : Received data: {'00 4e e4 08 dc 1b 00'}, bytearray(b'\x00N\xe4\x08\xdc\x1b\x00')
2026-09-24 18:28:43,500 BTPWorkerThread-14853 (_rx_task) root DEBUG btp.py                    736   event_handler             : Header(svc_id=1, op=131, ctrl_index=0, data_len=7) (b'\x00N\xe4\x08\xdc\x1b\x00',)
2026-09-24 18:28:43,500 BTPWorkerThread-14853 (_rx_task) root DEBUG gap.py                    228   gap_disconnected_ev_      : b'\x00N\xe4\x08\xdc\x1b\x00'
2026-09-24 18:28:47,129 LT1-callback ClientCallback.log INFO client.py                 200   log                       : PTS_LOGTYPE_START_TEST Start Test Case 

+2156 ms
 GATT/CL/GAW/BV-08-C GATT/CL/GAW/BV-08-C

2026-09-24 18:28:47,581 LT1-callback ClientCallback.log INFO client.py                 200   log                       : PTS_LOGTYPE_FINAL_VERDICT Final Verdict 

+20281 ms
 GATT/CL/GAW/BV-08-C PASS

2026-09-24 18:28:47,585 LT1-callback ClientCallback.log INFO client.py                 200   log                       : PTS_LOGTYPE_FINAL_VERDICT Encrypted Verdict 

+20281 ms
 GATT/CL/GAW/BV-08-C A1#ZWY4MzQ5MDg3MmQwNTIxOGQzMzQ5YjY2ODA5M2MzNjQ5ZDY4NmY0Yjc2MzIzM2VkNTUyNTFhNGU4Mjg1MjI0NA==#RZL+jKhtMN6yAJklonAXo8uJdh0YvoUpgunH1k+Dx7WYcmETYaLETUdlyuY+cF1l

2026-09-24 18:28:47,589 LT1-callback ClientCallback.log INFO client.py                 200   log                       : PTS_LOGTYPE_END_TEST Test Case Ended 

+20281 ms
 GATT/CL/GAW/BV-08-C GATT/CL/GAW/BV-08-C

2026-09-24 18:28:47,625 LT1-callback root DEBUG client.py                 261   set_result                : ClientCallback, set_result, run_test_case, PASS
2026-09-24 18:28:47,625 LT1-thread root DEBUG client.py                 1186  _run_test_case            : After run_test_case error_code=0 status='PASS'
2026-09-24 18:28:47,625 LT1-thread root DEBUG testcase.py               766   post_run                  : post_run GATT GATT/CL/GAW/BV-08-C 0
2026-09-24 18:28:47,626 LT1-thread root DEBUG testcase.py               254   start                     : Starting test function: class=<class 'autopts.ptsprojects.testcase.TestFuncCleanUp'>, func=<bound method ZTestCase._test_case_cleanup of <autopts.ptsprojects.zephyr.ztestcase.ZTestCase object at 0x000002622B38B8F0>> start_wid=None stop_wid=None post_wid=None skip_call=None call_count=1 args=() kwds={}
2026-09-24 18:28:47,626 LT1-thread root DEBUG testcase.py               266   start                     : Test function parameters: args=(), kwds={}
2026-09-24 18:28:47,626 LT1-thread root DEBUG iutctl.py                 415   stop                      : <class 'autopts.ptsprojects.zephyr.iutctl.create_zephyr_ctl_class.<locals>.ZephyrCtl'>.stop
2026-09-24 18:28:47,626 LT1-thread root DEBUG __init__.py               51    reset                     : About to reset DUT: JLink -CommandFile reset.jlink -usb 1063214216 -device MIMXRT1176XXXA_M7
2026-09-24 18:28:47,932 BTPWorkerThread-14853 (_rx_task) root DEBUG iutctl_common.py          123   read                      : Read 5 bytes
2026-09-24 18:28:47,932 BTPWorkerThread-14853 (_rx_task) root DEBUG iutctl_common.py          131   read                      : Received: hdr: Header(svc_id=0x00, op=0x80, ctrl_index=0xff, data_len=0x00) bytearray(b'\x00\x80\xff\x00\x00')
2026-09-24 18:28:47,932 BTPWorkerThread-14853 (_rx_task) root DEBUG iutctl_common.py          154   read                      : Received data: {''}, bytearray(b'')
2026-09-24 18:28:47,933 BTPWorkerThread-14853 (_rx_task) root DEBUG btp.py                    736   event_handler             : Header(svc_id=0, op=128, ctrl_index=255, data_len=0) (b'',)
2026-09-24 18:28:47,933 BTPWorkerThread-14853 (_rx_task) root DEBUG core.py                   23    core_iut_ready_ev         : 
2026-09-24 18:28:48,004 LT1-thread root DEBUG iutctl.py                 436   _stop_tty_mode            : IUT ready event received OK
2026-09-24 18:28:48,004 LT1-thread root DEBUG iutctl_common.py          416   close                     : Waiting for _rx_worker to finish ...
2026-09-24 18:28:48,934 BTPWorkerThread-14853 (_rx_task) root DEBUG iutctl_common.py          332   _rx_task                  : BTPWorkerThread-14853 (_rx_task) finishing...
2026-09-24 18:28:51,941 LT1-thread root DEBUG testcase.py               794   post_run                  : post_run, cleanup running post test case script
2026-09-24 18:28:51,941 LT1-thread root DEBUG testcase.py               802   post_run                  : post_run, run post test case script
2026-09-24 18:28:52,018 LT1-thread root DEBUG client.py                 1220  _run_test_case            : Done TestCase _run_test_case GATT GATT/CL/GAW/BV-08-C
