2026-09-17 16:34:47,352 LT1-thread root DEBUG client.py                 1099  _run_test_case            : Starting TestCase _run_test_case GAP GAP/DM/LEP/BV-19-C
2026-09-17 16:34:47,353 LT1-thread root DEBUG testcase.py               727   pre_run                   : pre_run GAP GAP/DM/LEP/BV-19-C
2026-09-17 16:34:47,353 LT1-thread root DEBUG testcase.py               729   pre_run                   : About to run test case GAP GAP/DM/LEP/BV-19-C with commands:
2026-09-17 16:34:47,353 LT1-thread root DEBUG testcase.py               731   pre_run                   : 0) class=<class 'autopts.ptsprojects.testcase.TestFunc'>, func=<bound method ZTestCase._test_case_start of <autopts.ptsprojects.zephyr.ztestcase.ZTestCase object at 0x00000203DCD033E0>> start_wid=None stop_wid=None post_wid=None skip_call=None call_count=0 args=() kwds={}
2026-09-17 16:34:47,353 LT1-thread root DEBUG testcase.py               731   pre_run                   : 1) class=<class 'autopts.ptsprojects.testcase.TestFunc'>, func=<function core_reg_svc_gap at 0x00000203DA228720> start_wid=None stop_wid=None post_wid=None skip_call=None call_count=223 args=() kwds={}
2026-09-17 16:34:47,354 LT1-thread root DEBUG testcase.py               731   pre_run                   : 2) class=<class 'autopts.ptsprojects.testcase.TestFunc'>, func=<bound method Stack.gap_init of <autopts.ptsprojects.stack.stack.Stack object at 0x00000203DA34D4F0>> start_wid=None stop_wid=None post_wid=None skip_call=None call_count=223 args=(b'Tester_08E44E', 'ABCD', '1111', '1111', '11', '1111', b'\x17github.com/auto-pts', (8, 'PADV_Tester'), 'FF') kwds={}
2026-09-17 16:34:47,354 LT1-thread root DEBUG testcase.py               731   pre_run                   : 3) class=<class 'autopts.ptsprojects.testcase.TestFunc'>, func=<function gap_read_controller_info at 0x00000203DA247560> start_wid=None stop_wid=None post_wid=None skip_call=None call_count=223 args=() kwds={}
2026-09-17 16:34:47,354 LT1-thread root DEBUG testcase.py               731   pre_run                   : 4) class=<class 'autopts.ptsprojects.testcase.TestFunc'>, func=<function test_cases.<locals>.<lambda> at 0x00000203DCC65BC0> start_wid=None stop_wid=None post_wid=None skip_call=None call_count=223 args=() kwds={}
2026-09-17 16:34:47,354 LT1-thread root DEBUG testcase.py               731   pre_run                   : 5) class=<class 'autopts.ptsprojects.testcase.TestFunc'>, func=<function test_cases.<locals>.<lambda> at 0x00000203DCC65C60> start_wid=None stop_wid=None post_wid=None skip_call=None call_count=223 args=() kwds={}
2026-09-17 16:34:47,354 LT1-thread root DEBUG testcase.py               731   pre_run                   : 6) class=<class 'autopts.ptsprojects.testcase.TestFunc'>, func=<function test_cases.<locals>.<lambda> at 0x00000203DCC65D00> start_wid=None stop_wid=None post_wid=None skip_call=None call_count=223 args=() kwds={}
2026-09-17 16:34:47,354 LT1-thread root DEBUG testcase.py               731   pre_run                   : 7) class=<class 'autopts.ptsprojects.testcase.TestFunc'>, func=<function test_cases.<locals>.<lambda> at 0x00000203DCC65DA0> start_wid=None stop_wid=None post_wid=None skip_call=None call_count=223 args=() kwds={}
2026-09-17 16:34:47,354 LT1-thread root DEBUG testcase.py               731   pre_run                   : 8) class=<class 'autopts.ptsprojects.testcase.TestFunc'>, func=<function test_cases.<locals>.<lambda> at 0x00000203DCCF5300> start_wid=None stop_wid=None post_wid=None skip_call=None call_count=223 args=() kwds={}
2026-09-17 16:34:47,354 LT1-thread root DEBUG testcase.py               731   pre_run                   : 9) class=<class 'autopts.ptsprojects.testcase.TestFunc'>, func=<function test_cases.<locals>.<lambda> at 0x00000203DCCF53A0> start_wid=None stop_wid=None post_wid=None skip_call=None call_count=223 args=() kwds={}
2026-09-17 16:34:47,354 LT1-thread root DEBUG testcase.py               731   pre_run                   : 10) class=<class 'autopts.ptsprojects.testcase.TestFunc'>, func=<function test_cases.<locals>.<lambda> at 0x00000203DCCF5440> start_wid=None stop_wid=None post_wid=None skip_call=None call_count=223 args=() kwds={}
2026-09-17 16:34:47,354 LT1-thread root DEBUG testcase.py               731   pre_run                   : 11) class=<class 'autopts.ptsprojects.testcase.TestFunc'>, func=<function test_cases.<locals>.<lambda> at 0x00000203DCCF54E0> start_wid=None stop_wid=None post_wid=None skip_call=None call_count=223 args=() kwds={}
2026-09-17 16:34:47,354 LT1-thread root DEBUG testcase.py               731   pre_run                   : 12) class=<class 'autopts.ptsprojects.testcase.TestFunc'>, func=<function test_cases.<locals>.<lambda> at 0x00000203DCCF5580> start_wid=None stop_wid=None post_wid=None skip_call=None call_count=223 args=() kwds={}
2026-09-17 16:34:47,354 LT1-thread root DEBUG testcase.py               731   pre_run                   : 13) class=<class 'autopts.ptsprojects.testcase.TestFunc'>, func=<function test_cases.<locals>.<lambda> at 0x00000203DCCF5620> start_wid=None stop_wid=None post_wid=None skip_call=None call_count=223 args=() kwds={}
2026-09-17 16:34:47,354 LT1-thread root DEBUG testcase.py               731   pre_run                   : 14) class=<class 'autopts.ptsprojects.testcase.TestFunc'>, func=<function core_reg_svc_gatt at 0x00000203DA228860> start_wid=None stop_wid=None post_wid=None skip_call=None call_count=223 args=() kwds={}
2026-09-17 16:34:47,354 LT1-thread root DEBUG testcase.py               731   pre_run                   : 15) class=<class 'autopts.ptsprojects.testcase.TestFunc'>, func=<bound method Stack.gatt_init of <autopts.ptsprojects.stack.stack.Stack object at 0x00000203DA34D4F0>> start_wid=None stop_wid=None post_wid=None skip_call=None call_count=223 args=() kwds={}
2026-09-17 16:34:47,355 LT1-thread root DEBUG testcase.py               731   pre_run                   : 16) class=<class 'autopts.ptsprojects.testcase.TestFunc'>, func=<function gap_set_io_capability at 0x00000203DA246A20> start_wid=None stop_wid=None post_wid=None skip_call=None call_count=223 args=(4,) kwds={}
2026-09-17 16:34:47,355 LT1-thread root DEBUG testcase.py               731   pre_run                   : 17) class=<class 'autopts.ptsprojects.testcase.TestFunc'>, func=<function gap_set_broadcast_code at 0x00000203DA26CC20> start_wid=None stop_wid=None post_wid=None skip_call=None call_count=223 args=('0102680553F1415AA265BBAFC6EA03B8',) kwds={}
2026-09-17 16:34:47,355 LT1-thread root DEBUG testcase.py               731   pre_run                   : 18) class=<class 'autopts.ptsprojects.testcase.TestFunc'>, func=<function set_pts_addr at 0x00000203DA2282C0> start_wid=None stop_wid=None post_wid=None skip_call=None call_count=223 args=('00:1B:DC:08:E4:4E', 0) kwds={}
2026-09-17 16:34:47,355 LT1-thread root DEBUG testcase.py               731   pre_run                   : 19) class=<class 'autopts.ptsprojects.testcase.TestFunc'>, func=<function test_cases.<locals>.<lambda> at 0x00000203DCCF56C0> start_wid=None stop_wid=None post_wid=None skip_call=None call_count=53 args=() kwds={}
2026-09-17 16:34:47,355 LT1-thread root DEBUG testcase.py               731   pre_run                   : 20) class=<class 'autopts.ptsprojects.testcase.TestFunc'>, func=<function test_cases.<locals>.<lambda> at 0x00000203DCCF5760> start_wid=None stop_wid=None post_wid=None skip_call=None call_count=53 args=() kwds={}
2026-09-17 16:34:47,355 LT1-thread root DEBUG testcase.py               731   pre_run                   : 21) class=<class 'autopts.ptsprojects.testcase.TestFunc'>, func=<function test_cases.<locals>.<lambda> at 0x00000203DCCF5800> start_wid=None stop_wid=None post_wid=None skip_call=None call_count=53 args=() kwds={}
2026-09-17 16:34:47,355 LT1-thread root DEBUG testcase.py               731   pre_run                   : 22) class=<class 'autopts.ptsprojects.testcase.TestFunc'>, func=<function test_cases.<locals>.<lambda> at 0x00000203DCCF58A0> start_wid=None stop_wid=None post_wid=None skip_call=None call_count=53 args=() kwds={}
2026-09-17 16:34:47,355 LT1-thread root DEBUG testcase.py               731   pre_run                   : 23) class=<class 'autopts.ptsprojects.testcase.TestFunc'>, func=<function test_cases.<locals>.<lambda> at 0x00000203DCCF5940> start_wid=None stop_wid=None post_wid=None skip_call=None call_count=53 args=() kwds={}
2026-09-17 16:34:47,355 LT1-thread root DEBUG testcase.py               731   pre_run                   : 24) class=<class 'autopts.ptsprojects.testcase.TestFunc'>, func=<function test_cases.<locals>.<lambda> at 0x00000203DCCF59E0> start_wid=None stop_wid=None post_wid=None skip_call=None call_count=53 args=() kwds={}
2026-09-17 16:34:47,355 LT1-thread root DEBUG testcase.py               731   pre_run                   : 25) class=<class 'autopts.ptsprojects.testcase.TestFunc'>, func=<function test_cases.<locals>.<lambda> at 0x00000203DCCF5A80> start_wid=None stop_wid=None post_wid=None skip_call=None call_count=53 args=() kwds={}
2026-09-17 16:34:47,355 LT1-thread root DEBUG testcase.py               731   pre_run                   : 26) class=<class 'autopts.ptsprojects.testcase.TestFunc'>, func=<function gap_set_io_capability at 0x00000203DA246A20> start_wid=None stop_wid=None post_wid=None skip_call=None call_count=53 args=(3,) kwds={}
2026-09-17 16:34:47,355 LT1-thread root DEBUG testcase.py               731   pre_run                   : 27) class=<class 'autopts.ptsprojects.testcase.TestFuncCleanUp'>, func=<bound method ZTestCase._test_case_cleanup of <autopts.ptsprojects.zephyr.ztestcase.ZTestCase object at 0x00000203DCD033E0>> start_wid=None stop_wid=None post_wid=None skip_call=None call_count=0 args=() kwds={}
2026-09-17 16:34:47,355 LT1-thread root DEBUG testcase.py               738   pre_run                   : pre_run, run pre test case script
2026-09-17 16:34:47,364 LT1-thread root DEBUG testcase.py               254   start                     : Starting test function: class=<class 'autopts.ptsprojects.testcase.TestFunc'>, func=<bound method ZTestCase._test_case_start of <autopts.ptsprojects.zephyr.ztestcase.ZTestCase object at 0x00000203DCD033E0>> start_wid=None stop_wid=None post_wid=None skip_call=None call_count=1 args=() kwds={}
2026-09-17 16:34:47,364 LT1-thread root DEBUG testcase.py               266   start                     : Test function parameters: args=(), kwds={}
2026-09-17 16:34:47,364 LT1-thread root DEBUG iutctl.py                 172   start                     : <class 'autopts.ptsprojects.zephyr.iutctl.create_zephyr_ctl_class.<locals>.ZephyrCtl'>.start
2026-09-17 16:34:47,364 LT1-thread root DEBUG iutctl.py                 325   flush_serial              : <class 'autopts.ptsprojects.zephyr.iutctl.create_zephyr_ctl_class.<locals>.ZephyrCtl'>.flush_serial
2026-09-17 16:34:48,550 LT1-thread root DEBUG iutctl.py                 249   _start_tty_mode           : Starting socat process: socat.exe -x -v tcp:10.17.12.9:62709,retry=100,interval=1 /dev/ttyS2,raw,b115200,
2026-09-17 16:34:48,557 LT1-thread root DEBUG iutctl_common.py          402   accept                    : 
2026-09-17 16:34:48,635 BTPWorkerThread-5379 (_rx_task) root DEBUG iutctl_common.py          299   _rx_task                  : BTPWorkerThread-5379 (_rx_task) started
2026-09-17 16:34:48,635 LT1-thread root DEBUG iutctl.py                 395   wait_iut_ready_event      : IUT ready event received OK
2026-09-17 16:34:48,635 LT1-thread root DEBUG btp.py                    51    read_supp_svcs            : 
2026-09-17 16:34:48,636 LT1-thread root DEBUG iutctl_common.py          161   send                      : 0 2 255 ''
2026-09-17 16:34:48,636 LT1-thread root DEBUG iutctl_common.py          166   send                      : sending frame '0002ff0000'
2026-09-17 16:34:48,636 LT1-thread root DEBUG iutctl_common.py          339   read                      : 
2026-09-17 16:34:48,652 BTPWorkerThread-5379 (_rx_task) root DEBUG iutctl_common.py          123   read                      : Read 5 bytes
2026-09-17 16:34:48,663 BTPWorkerThread-5379 (_rx_task) root DEBUG iutctl_common.py          131   read                      : Received: hdr: Header(svc_id=0x00, op=0x02, ctrl_index=0xff, data_len=0x05) bytearray(b'\x00\x02\xff\x05\x00')
2026-09-17 16:34:48,668 BTPWorkerThread-5379 (_rx_task) root DEBUG iutctl_common.py          139   read                      : Read 5 bytes data
2026-09-17 16:34:48,668 BTPWorkerThread-5379 (_rx_task) root DEBUG iutctl_common.py          154   read                      : Received data: {'0f 00 00 a0 01'}, bytearray(b'\x0f\x00\x00\xa0\x01')
2026-09-17 16:34:48,668 LT1-thread root DEBUG btp.py                    62    read_supp_svcs            : received Header(svc_id=0, op=2, ctrl_index=255, data_len=5) (b'\x0f\x00\x00\xa0\x01',)
2026-09-17 16:34:48,668 LT1-thread root DEBUG testcase.py               254   start                     : Starting test function: class=<class 'autopts.ptsprojects.testcase.TestFunc'>, func=<function core_reg_svc_gap at 0x00000203DA228720> start_wid=None stop_wid=None post_wid=None skip_call=None call_count=224 args=() kwds={}
2026-09-17 16:34:48,669 LT1-thread root DEBUG testcase.py               266   start                     : Test function parameters: args=(), kwds={}
2026-09-17 16:34:48,669 LT1-thread root DEBUG btp.py                    117   core_reg_svc_univ         : core_reg_svc_univ: gap_reg (GAP)
2026-09-17 16:34:48,669 LT1-thread root DEBUG iutctl_common.py          161   send                      : 0 3 255 '1'
2026-09-17 16:34:48,669 LT1-thread root DEBUG iutctl_common.py          166   send                      : sending frame '0003ff010001'
2026-09-17 16:34:48,669 LT1-thread root DEBUG btp.py                    618   core_reg_svc_rsp_succ     : 
2026-09-17 16:34:48,669 LT1-thread root DEBUG iutctl_common.py          339   read                      : 
2026-09-17 16:34:52,786 BTPWorkerThread-5379 (_rx_task) root DEBUG iutctl_common.py          123   read                      : Read 5 bytes
2026-09-17 16:34:52,792 BTPWorkerThread-5379 (_rx_task) root DEBUG iutctl_common.py          131   read                      : Received: hdr: Header(svc_id=0x00, op=0x03, ctrl_index=0xff, data_len=0x00) bytearray(b'\x00\x03\xff\x00\x00')
2026-09-17 16:34:52,792 BTPWorkerThread-5379 (_rx_task) root DEBUG iutctl_common.py          154   read                      : Received data: {''}, bytearray(b'')
2026-09-17 16:34:52,797 LT1-thread root DEBUG btp.py                    629   core_reg_svc_rsp_succ     : received Header(svc_id=0, op=3, ctrl_index=255, data_len=0) (b'',)
2026-09-17 16:34:52,797 LT1-thread root DEBUG btp.py                    630   core_reg_svc_rsp_succ     : expected ((0, 3, 255, 0), (b'',))
2026-09-17 16:34:52,797 LT1-thread root DEBUG btp.py                    635   core_reg_svc_rsp_succ     : response is valid
2026-09-17 16:34:52,797 LT1-thread root DEBUG btp.py                    638   core_reg_svc_rsp_succ     : Reading supported commands for service: GAP
2026-09-17 16:34:52,797 LT1-thread root DEBUG iutctl_common.py          161   send                      : 1 1 255 ''
2026-09-17 16:34:52,797 LT1-thread root DEBUG iutctl_common.py          166   send                      : sending frame '0101ff0000'
2026-09-17 16:34:52,798 LT1-thread root DEBUG iutctl_common.py          339   read                      : 
2026-09-17 16:34:52,840 BTPWorkerThread-5379 (_rx_task) root DEBUG iutctl_common.py          123   read                      : Read 5 bytes
2026-09-17 16:34:52,851 BTPWorkerThread-5379 (_rx_task) root DEBUG iutctl_common.py          131   read                      : Received: hdr: Header(svc_id=0x01, op=0x01, ctrl_index=0xff, data_len=0x07) bytearray(b'\x01\x01\xff\x07\x00')
2026-09-17 16:34:52,856 BTPWorkerThread-5379 (_rx_task) root DEBUG iutctl_common.py          139   read                      : Read 7 bytes data
2026-09-17 16:34:52,856 BTPWorkerThread-5379 (_rx_task) root DEBUG iutctl_common.py          154   read                      : Received data: {'6e ff 7f 1f fe ff 0e'}, bytearray(b'n\xff\x7f\x1f\xfe\xff\x0e')
2026-09-17 16:34:52,856 LT1-thread root DEBUG testcase.py               254   start                     : Starting test function: class=<class 'autopts.ptsprojects.testcase.TestFunc'>, func=<bound method Stack.gap_init of <autopts.ptsprojects.stack.stack.Stack object at 0x00000203DA34D4F0>> start_wid=None stop_wid=None post_wid=None skip_call=None call_count=224 args=(b'Tester_08E44E', 'ABCD', '1111', '1111', '11', '1111', b'\x17github.com/auto-pts', (8, 'PADV_Tester'), 'FF') kwds={}
2026-09-17 16:34:52,856 LT1-thread root DEBUG testcase.py               266   start                     : Test function parameters: args=(b'Tester_08E44E', 'ABCD', '1111', '1111', '11', '1111', b'\x17github.com/auto-pts', (8, 'PADV_Tester'), 'FF'), kwds={}
2026-09-17 16:34:52,857 LT1-thread root DEBUG testcase.py               254   start                     : Starting test function: class=<class 'autopts.ptsprojects.testcase.TestFunc'>, func=<function gap_read_controller_info at 0x00000203DA247560> start_wid=None stop_wid=None post_wid=None skip_call=None call_count=224 args=() kwds={}
2026-09-17 16:34:52,857 LT1-thread root DEBUG testcase.py               266   start                     : Test function parameters: args=(), kwds={}
2026-09-17 16:34:52,857 LT1-thread root DEBUG gap.py                    1161  gap_read_controller_info  : 
2026-09-17 16:34:52,857 LT1-thread root DEBUG iutctl_common.py          161   send                      : 1 3 0 ''
2026-09-17 16:34:52,857 LT1-thread root DEBUG iutctl_common.py          166   send                      : sending frame '0103000000'
2026-09-17 16:34:52,857 LT1-thread root DEBUG iutctl_common.py          339   read                      : 
2026-09-17 16:34:52,889 BTPWorkerThread-5379 (_rx_task) root DEBUG iutctl_common.py          123   read                      : Read 5 bytes
2026-09-17 16:34:52,902 BTPWorkerThread-5379 (_rx_task) root DEBUG iutctl_common.py          131   read                      : Received: hdr: Header(svc_id=0x01, op=0x03, ctrl_index=0x00, data_len=0x115) bytearray(b'\x01\x03\x00\x15\x01')
2026-09-17 16:34:52,912 BTPWorkerThread-5379 (_rx_task) root DEBUG iutctl_common.py          139   read                      : Read 277 bytes data
2026-09-17 16:34:52,923 BTPWorkerThread-5379 (_rx_task) root DEBUG iutctl_common.py          154   read                      : Received data: {'19 78 ee 69 17 d0 d3 06 02 00 13 02 00 00 00 00 00 62 74 70 5f 74 65 73 74 65 72 00 00 00 00 00 00 00 00 00 00 00 00 00 00 00 00 00 00 00 00 00 00 00 00 00 00 00 00 00 00 00 00 00 00 00 00 00 00 00 00 00 00 00 00 00 00 00 00 00 00 00 00 00 00 00 00 00 00 00 00 00 00 00 00 00 00 00 00 00 00 00 00 00 00 00 00 00 00 00 00 00 00 00 00 00 00 00 00 00 00 00 00 00 00 00 00 00 00 00 00 00 00 00 00 00 00 00 00 00 00 00 00 00 00 00 00 00 00 00 00 00 00 00 00 00 00 00 00 00 00 00 00 00 00 00 00 00 00 00 00 00 00 00 00 00 00 00 00 00 00 00 00 00 00 00 00 00 00 00 00 00 00 00 00 00 00 00 00 00 00 00 00 00 00 00 00 00 00 00 00 00 00 00 00 00 00 00 00 00 00 00 00 00 00 00 00 00 00 00 00 00 00 00 00 00 00 00 00 00 00 00 00 00 00 00 00 00 00 00 00 00 00 00 00 00 00 00 00 00 00 00 00 00 00 00 00 00 00 00 00 00 00 00 00 00 00 00 00 00 00'}, bytearray(b'\x19x\xeei\x17\xd0\xd3\x06\x02\x00\x13\x02\x00\x00\x00\x00\x00btp_tester\x00\x00\x00\x00\x00\x00\x00\x00\x00\x00\x00\x00\x00\x00\x00\x00\x00\x00\x00\x00\x00\x00\x00\x00\x00\x00\x00\x00\x00\x00\x00\x00\x00\x00\x00\x00\x00\x00\x00\x00\x00\x00\x00\x00\x00\x00\x00\x00\x00\x00\x00\x00\x00\x00\x00\x00\x00\x00\x00\x00\x00\x00\x00\x00\x00\x00\x00\x00\x00\x00\x00\x00\x00\x00\x00\x00\x00\x00\x00\x00\x00\x00\x00\x00\x00\x00\x00\x00\x00\x00\x00\x00\x00\x00\x00\x00\x00\x00\x00\x00\x00\x00\x00\x00\x00\x00\x00\x00\x00\x00\x00\x00\x00\x00\x00\x00\x00\x00\x00\x00\x00\x00\x00\x00\x00\x00\x00\x00\x00\x00\x00\x00\x00\x00\x00\x00\x00\x00\x00\x00\x00\x00\x00\x00\x00\x00\x00\x00\x00\x00\x00\x00\x00\x00\x00\x00\x00\x00\x00\x00\x00\x00\x00\x00\x00\x00\x00\x00\x00\x00\x00\x00\x00\x00\x00\x00\x00\x00\x00\x00\x00\x00\x00\x00\x00\x00\x00\x00\x00\x00\x00\x00\x00\x00\x00\x00\x00\x00\x00\x00\x00\x00\x00\x00\x00\x00\x00\x00\x00\x00\x00\x00\x00\x00\x00\x00\x00\x00\x00\x00\x00\x00\x00\x00\x00\x00\x00\x00\x00\x00\x00\x00\x00\x00\x00\x00\x00\x00\x00\x00\x00\x00\x00\x00\x00\x00\x00\x00\x00\x00')
2026-09-17 16:34:52,940 LT1-thread root DEBUG gap.py                    1168  gap_read_controller_info  : received Header(svc_id=1, op=3, ctrl_index=0, data_len=277) (b'\x19x\xeei\x17\xd0\xd3\x06\x02\x00\x13\x02\x00\x00\x00\x00\x00btp_tester\x00\x00\x00\x00\x00\x00\x00\x00\x00\x00\x00\x00\x00\x00\x00\x00\x00\x00\x00\x00\x00\x00\x00\x00\x00\x00\x00\x00\x00\x00\x00\x00\x00\x00\x00\x00\x00\x00\x00\x00\x00\x00\x00\x00\x00\x00\x00\x00\x00\x00\x00\x00\x00\x00\x00\x00\x00\x00\x00\x00\x00\x00\x00\x00\x00\x00\x00\x00\x00\x00\x00\x00\x00\x00\x00\x00\x00\x00\x00\x00\x00\x00\x00\x00\x00\x00\x00\x00\x00\x00\x00\x00\x00\x00\x00\x00\x00\x00\x00\x00\x00\x00\x00\x00\x00\x00\x00\x00\x00\x00\x00\x00\x00\x00\x00\x00\x00\x00\x00\x00\x00\x00\x00\x00\x00\x00\x00\x00\x00\x00\x00\x00\x00\x00\x00\x00\x00\x00\x00\x00\x00\x00\x00\x00\x00\x00\x00\x00\x00\x00\x00\x00\x00\x00\x00\x00\x00\x00\x00\x00\x00\x00\x00\x00\x00\x00\x00\x00\x00\x00\x00\x00\x00\x00\x00\x00\x00\x00\x00\x00\x00\x00\x00\x00\x00\x00\x00\x00\x00\x00\x00\x00\x00\x00\x00\x00\x00\x00\x00\x00\x00\x00\x00\x00\x00\x00\x00\x00\x00\x00\x00\x00\x00\x00\x00\x00\x00\x00\x00\x00\x00\x00\x00\x00\x00\x00\x00\x00\x00\x00\x00\x00\x00\x00\x00\x00\x00\x00\x00\x00\x00\x00\x00\x00\x00\x00\x00\x00\x00\x00',)
2026-09-17 16:34:52,940 LT1-thread root DEBUG gap.py                    1189  gap_read_controller_info  : IUT address 'd01769ee7819' 'public'
2026-09-17 16:34:52,940 LT1-thread root DEBUG gap.py                    594   __gap_current_settings_update : 531
2026-09-17 16:34:52,940 LT1-thread root DEBUG testcase.py               254   start                     : Starting test function: class=<class 'autopts.ptsprojects.testcase.TestFunc'>, func=<function test_cases.<locals>.<lambda> at 0x00000203DCC65BC0> start_wid=None stop_wid=None post_wid=None skip_call=None call_count=224 args=() kwds={}
2026-09-17 16:34:52,940 LT1-thread root DEBUG testcase.py               266   start                     : Test function parameters: args=(), kwds={}
2026-09-17 16:34:52,949 LT1-thread root DEBUG testcase.py               254   start                     : Starting test function: class=<class 'autopts.ptsprojects.testcase.TestFunc'>, func=<function test_cases.<locals>.<lambda> at 0x00000203DCC65C60> start_wid=None stop_wid=None post_wid=None skip_call=None call_count=224 args=() kwds={}
2026-09-17 16:34:52,949 LT1-thread root DEBUG testcase.py               266   start                     : Test function parameters: args=(), kwds={}
2026-09-17 16:34:52,958 LT1-thread root DEBUG testcase.py               254   start                     : Starting test function: class=<class 'autopts.ptsprojects.testcase.TestFunc'>, func=<function test_cases.<locals>.<lambda> at 0x00000203DCC65D00> start_wid=None stop_wid=None post_wid=None skip_call=None call_count=224 args=() kwds={}
2026-09-17 16:34:52,958 LT1-thread root DEBUG testcase.py               266   start                     : Test function parameters: args=(), kwds={}
2026-09-17 16:34:52,967 LT1-thread root DEBUG testcase.py               254   start                     : Starting test function: class=<class 'autopts.ptsprojects.testcase.TestFunc'>, func=<function test_cases.<locals>.<lambda> at 0x00000203DCC65DA0> start_wid=None stop_wid=None post_wid=None skip_call=None call_count=224 args=() kwds={}
2026-09-17 16:34:52,967 LT1-thread root DEBUG testcase.py               266   start                     : Test function parameters: args=(), kwds={}
2026-09-17 16:34:52,976 LT1-thread root DEBUG testcase.py               254   start                     : Starting test function: class=<class 'autopts.ptsprojects.testcase.TestFunc'>, func=<function test_cases.<locals>.<lambda> at 0x00000203DCCF5300> start_wid=None stop_wid=None post_wid=None skip_call=None call_count=224 args=() kwds={}
2026-09-17 16:34:52,976 LT1-thread root DEBUG testcase.py               266   start                     : Test function parameters: args=(), kwds={}
2026-09-17 16:34:52,985 LT1-thread root DEBUG testcase.py               254   start                     : Starting test function: class=<class 'autopts.ptsprojects.testcase.TestFunc'>, func=<function test_cases.<locals>.<lambda> at 0x00000203DCCF53A0> start_wid=None stop_wid=None post_wid=None skip_call=None call_count=224 args=() kwds={}
2026-09-17 16:34:52,985 LT1-thread root DEBUG testcase.py               266   start                     : Test function parameters: args=(), kwds={}
2026-09-17 16:34:52,994 LT1-thread root DEBUG testcase.py               254   start                     : Starting test function: class=<class 'autopts.ptsprojects.testcase.TestFunc'>, func=<function test_cases.<locals>.<lambda> at 0x00000203DCCF5440> start_wid=None stop_wid=None post_wid=None skip_call=None call_count=224 args=() kwds={}
2026-09-17 16:34:52,994 LT1-thread root DEBUG testcase.py               266   start                     : Test function parameters: args=(), kwds={}
2026-09-17 16:34:53,004 LT1-thread root DEBUG testcase.py               254   start                     : Starting test function: class=<class 'autopts.ptsprojects.testcase.TestFunc'>, func=<function test_cases.<locals>.<lambda> at 0x00000203DCCF54E0> start_wid=None stop_wid=None post_wid=None skip_call=None call_count=224 args=() kwds={}
2026-09-17 16:34:53,004 LT1-thread root DEBUG testcase.py               266   start                     : Test function parameters: args=(), kwds={}
2026-09-17 16:34:53,012 LT1-thread root DEBUG testcase.py               254   start                     : Starting test function: class=<class 'autopts.ptsprojects.testcase.TestFunc'>, func=<function test_cases.<locals>.<lambda> at 0x00000203DCCF5580> start_wid=None stop_wid=None post_wid=None skip_call=None call_count=224 args=() kwds={}
2026-09-17 16:34:53,012 LT1-thread root DEBUG testcase.py               266   start                     : Test function parameters: args=(), kwds={}
2026-09-17 16:34:53,020 LT1-thread root DEBUG testcase.py               254   start                     : Starting test function: class=<class 'autopts.ptsprojects.testcase.TestFunc'>, func=<function test_cases.<locals>.<lambda> at 0x00000203DCCF5620> start_wid=None stop_wid=None post_wid=None skip_call=None call_count=224 args=() kwds={}
2026-09-17 16:34:53,021 LT1-thread root DEBUG testcase.py               266   start                     : Test function parameters: args=(), kwds={}
2026-09-17 16:34:53,029 LT1-thread root DEBUG testcase.py               254   start                     : Starting test function: class=<class 'autopts.ptsprojects.testcase.TestFunc'>, func=<function core_reg_svc_gatt at 0x00000203DA228860> start_wid=None stop_wid=None post_wid=None skip_call=None call_count=224 args=() kwds={}
2026-09-17 16:34:53,029 LT1-thread root DEBUG testcase.py               266   start                     : Test function parameters: args=(), kwds={}
2026-09-17 16:34:53,029 LT1-thread root DEBUG btp.py                    117   core_reg_svc_univ         : core_reg_svc_univ: gatt_reg (GATT)
2026-09-17 16:34:53,029 LT1-thread root DEBUG iutctl_common.py          161   send                      : 0 3 255 '2'
2026-09-17 16:34:53,030 LT1-thread root DEBUG iutctl_common.py          166   send                      : sending frame '0003ff010002'
2026-09-17 16:34:53,030 LT1-thread root DEBUG btp.py                    618   core_reg_svc_rsp_succ     : 
2026-09-17 16:34:53,030 LT1-thread root DEBUG iutctl_common.py          339   read                      : 
2026-09-17 16:34:53,065 BTPWorkerThread-5379 (_rx_task) root DEBUG iutctl_common.py          123   read                      : Read 5 bytes
2026-09-17 16:34:53,076 BTPWorkerThread-5379 (_rx_task) root DEBUG iutctl_common.py          131   read                      : Received: hdr: Header(svc_id=0x00, op=0x03, ctrl_index=0xff, data_len=0x00) bytearray(b'\x00\x03\xff\x00\x00')
2026-09-17 16:34:53,076 BTPWorkerThread-5379 (_rx_task) root DEBUG iutctl_common.py          154   read                      : Received data: {''}, bytearray(b'')
2026-09-17 16:34:53,087 LT1-thread root DEBUG btp.py                    629   core_reg_svc_rsp_succ     : received Header(svc_id=0, op=3, ctrl_index=255, data_len=0) (b'',)
2026-09-17 16:34:53,087 LT1-thread root DEBUG btp.py                    630   core_reg_svc_rsp_succ     : expected ((0, 3, 255, 0), (b'',))
2026-09-17 16:34:53,087 LT1-thread root DEBUG btp.py                    635   core_reg_svc_rsp_succ     : response is valid
2026-09-17 16:34:53,087 LT1-thread root DEBUG btp.py                    638   core_reg_svc_rsp_succ     : Reading supported commands for service: GATT
2026-09-17 16:34:53,087 LT1-thread root DEBUG iutctl_common.py          161   send                      : 2 1 255 ''
2026-09-17 16:34:53,087 LT1-thread root DEBUG iutctl_common.py          166   send                      : sending frame '0201ff0000'
2026-09-17 16:34:53,088 LT1-thread root DEBUG iutctl_common.py          339   read                      : 
2026-09-17 16:34:53,130 BTPWorkerThread-5379 (_rx_task) root DEBUG iutctl_common.py          123   read                      : Read 5 bytes
2026-09-17 16:34:53,141 BTPWorkerThread-5379 (_rx_task) root DEBUG iutctl_common.py          131   read                      : Received: hdr: Header(svc_id=0x02, op=0x01, ctrl_index=0xff, data_len=0x05) bytearray(b'\x02\x01\xff\x05\x00')
2026-09-17 16:34:53,162 BTPWorkerThread-5379 (_rx_task) root DEBUG iutctl_common.py          139   read                      : Read 5 bytes data
2026-09-17 16:34:53,173 BTPWorkerThread-5379 (_rx_task) root DEBUG iutctl_common.py          154   read                      : Received data: {'fe fe bf fd 0f'}, bytearray(b'\xfe\xfe\xbf\xfd\x0f')
2026-09-17 16:34:53,188 LT1-thread root DEBUG testcase.py               254   start                     : Starting test function: class=<class 'autopts.ptsprojects.testcase.TestFunc'>, func=<bound method Stack.gatt_init of <autopts.ptsprojects.stack.stack.Stack object at 0x00000203DA34D4F0>> start_wid=None stop_wid=None post_wid=None skip_call=None call_count=224 args=() kwds={}
2026-09-17 16:34:53,188 LT1-thread root DEBUG testcase.py               266   start                     : Test function parameters: args=(), kwds={}
2026-09-17 16:34:53,188 LT1-thread root DEBUG testcase.py               254   start                     : Starting test function: class=<class 'autopts.ptsprojects.testcase.TestFunc'>, func=<function gap_set_io_capability at 0x00000203DA246A20> start_wid=None stop_wid=None post_wid=None skip_call=None call_count=224 args=(4,) kwds={}
2026-09-17 16:34:53,188 LT1-thread root DEBUG testcase.py               266   start                     : Test function parameters: args=(4,), kwds={}
2026-09-17 16:34:53,188 LT1-thread root DEBUG gap.py                    859   gap_set_io_capability     : 4
2026-09-17 16:34:53,188 LT1-thread root DEBUG iutctl_common.py          161   send                      : 1 16 0 '\x04'
2026-09-17 16:34:53,188 LT1-thread root DEBUG iutctl_common.py          166   send                      : sending frame '011000010004'
2026-09-17 16:34:53,189 LT1-thread root DEBUG gap.py                    1227  gap_command_rsp_succ      : 
2026-09-17 16:34:53,189 LT1-thread root DEBUG iutctl_common.py          339   read                      : 
2026-09-17 16:34:53,226 BTPWorkerThread-5379 (_rx_task) root DEBUG iutctl_common.py          123   read                      : Read 5 bytes
2026-09-17 16:34:53,232 BTPWorkerThread-5379 (_rx_task) root DEBUG iutctl_common.py          131   read                      : Received: hdr: Header(svc_id=0x01, op=0x10, ctrl_index=0x00, data_len=0x00) bytearray(b'\x01\x10\x00\x00\x00')
2026-09-17 16:34:53,237 BTPWorkerThread-5379 (_rx_task) root DEBUG iutctl_common.py          154   read                      : Received data: {''}, bytearray(b'')
2026-09-17 16:34:53,243 LT1-thread root DEBUG gap.py                    1232  gap_command_rsp_succ      : received Header(svc_id=1, op=16, ctrl_index=0, data_len=0) (b'',)
2026-09-17 16:34:53,243 LT1-thread root DEBUG testcase.py               254   start                     : Starting test function: class=<class 'autopts.ptsprojects.testcase.TestFunc'>, func=<function gap_set_broadcast_code at 0x00000203DA26CC20> start_wid=None stop_wid=None post_wid=None skip_call=None call_count=224 args=('0102680553F1415AA265BBAFC6EA03B8',) kwds={}
2026-09-17 16:34:53,243 LT1-thread root DEBUG testcase.py               266   start                     : Test function parameters: args=('0102680553F1415AA265BBAFC6EA03B8',), kwds={}
2026-09-17 16:34:53,243 LT1-thread root DEBUG gap.py                    1889  gap_set_broadcast_code    : '0102680553F1415AA265BBAFC6EA03B8'
2026-09-17 16:34:53,243 LT1-thread root DEBUG testcase.py               254   start                     : Starting test function: class=<class 'autopts.ptsprojects.testcase.TestFunc'>, func=<function set_pts_addr at 0x00000203DA2282C0> start_wid=None stop_wid=None post_wid=None skip_call=None call_count=224 args=('00:1B:DC:08:E4:4E', 0) kwds={}
2026-09-17 16:34:53,243 LT1-thread root DEBUG testcase.py               266   start                     : Test function parameters: args=('00:1B:DC:08:E4:4E', 0), kwds={}
2026-09-17 16:34:53,244 LT1-thread root DEBUG testcase.py               254   start                     : Starting test function: class=<class 'autopts.ptsprojects.testcase.TestFunc'>, func=<function test_cases.<locals>.<lambda> at 0x00000203DCCF56C0> start_wid=None stop_wid=None post_wid=None skip_call=None call_count=54 args=() kwds={}
2026-09-17 16:34:53,244 LT1-thread root DEBUG testcase.py               266   start                     : Test function parameters: args=(), kwds={}
2026-09-17 16:34:53,253 LT1-thread root DEBUG testcase.py               254   start                     : Starting test function: class=<class 'autopts.ptsprojects.testcase.TestFunc'>, func=<function test_cases.<locals>.<lambda> at 0x00000203DCCF5760> start_wid=None stop_wid=None post_wid=None skip_call=None call_count=54 args=() kwds={}
2026-09-17 16:34:53,253 LT1-thread root DEBUG testcase.py               266   start                     : Test function parameters: args=(), kwds={}
2026-09-17 16:34:53,262 LT1-thread root DEBUG testcase.py               254   start                     : Starting test function: class=<class 'autopts.ptsprojects.testcase.TestFunc'>, func=<function test_cases.<locals>.<lambda> at 0x00000203DCCF5800> start_wid=None stop_wid=None post_wid=None skip_call=None call_count=54 args=() kwds={}
2026-09-17 16:34:53,262 LT1-thread root DEBUG testcase.py               266   start                     : Test function parameters: args=(), kwds={}
2026-09-17 16:34:53,274 LT1-thread root DEBUG testcase.py               254   start                     : Starting test function: class=<class 'autopts.ptsprojects.testcase.TestFunc'>, func=<function test_cases.<locals>.<lambda> at 0x00000203DCCF58A0> start_wid=None stop_wid=None post_wid=None skip_call=None call_count=54 args=() kwds={}
2026-09-17 16:34:53,274 LT1-thread root DEBUG testcase.py               266   start                     : Test function parameters: args=(), kwds={}
2026-09-17 16:34:53,283 LT1-thread root DEBUG testcase.py               254   start                     : Starting test function: class=<class 'autopts.ptsprojects.testcase.TestFunc'>, func=<function test_cases.<locals>.<lambda> at 0x00000203DCCF5940> start_wid=None stop_wid=None post_wid=None skip_call=None call_count=54 args=() kwds={}
2026-09-17 16:34:53,283 LT1-thread root DEBUG testcase.py               266   start                     : Test function parameters: args=(), kwds={}
2026-09-17 16:34:53,291 LT1-thread root DEBUG testcase.py               254   start                     : Starting test function: class=<class 'autopts.ptsprojects.testcase.TestFunc'>, func=<function test_cases.<locals>.<lambda> at 0x00000203DCCF59E0> start_wid=None stop_wid=None post_wid=None skip_call=None call_count=54 args=() kwds={}
2026-09-17 16:34:53,291 LT1-thread root DEBUG testcase.py               266   start                     : Test function parameters: args=(), kwds={}
2026-09-17 16:34:53,303 LT1-thread root DEBUG testcase.py               254   start                     : Starting test function: class=<class 'autopts.ptsprojects.testcase.TestFunc'>, func=<function test_cases.<locals>.<lambda> at 0x00000203DCCF5A80> start_wid=None stop_wid=None post_wid=None skip_call=None call_count=54 args=() kwds={}
2026-09-17 16:34:53,303 LT1-thread root DEBUG testcase.py               266   start                     : Test function parameters: args=(), kwds={}
2026-09-17 16:34:53,313 LT1-thread root DEBUG testcase.py               254   start                     : Starting test function: class=<class 'autopts.ptsprojects.testcase.TestFunc'>, func=<function gap_set_io_capability at 0x00000203DA246A20> start_wid=None stop_wid=None post_wid=None skip_call=None call_count=54 args=(3,) kwds={}
2026-09-17 16:34:53,313 LT1-thread root DEBUG testcase.py               266   start                     : Test function parameters: args=(3,), kwds={}
2026-09-17 16:34:53,313 LT1-thread root DEBUG gap.py                    859   gap_set_io_capability     : 3
2026-09-17 16:34:53,313 LT1-thread root DEBUG iutctl_common.py          161   send                      : 1 16 0 '\x03'
2026-09-17 16:34:53,313 LT1-thread root DEBUG iutctl_common.py          166   send                      : sending frame '011000010003'
2026-09-17 16:34:53,314 LT1-thread root DEBUG gap.py                    1227  gap_command_rsp_succ      : 
2026-09-17 16:34:53,314 LT1-thread root DEBUG iutctl_common.py          339   read                      : 
2026-09-17 16:34:53,357 BTPWorkerThread-5379 (_rx_task) root DEBUG iutctl_common.py          123   read                      : Read 5 bytes
2026-09-17 16:34:53,367 BTPWorkerThread-5379 (_rx_task) root DEBUG iutctl_common.py          131   read                      : Received: hdr: Header(svc_id=0x01, op=0x10, ctrl_index=0x00, data_len=0x00) bytearray(b'\x01\x10\x00\x00\x00')
2026-09-17 16:34:53,373 BTPWorkerThread-5379 (_rx_task) root DEBUG iutctl_common.py          154   read                      : Received data: {''}, bytearray(b'')
2026-09-17 16:34:53,389 LT1-thread root DEBUG gap.py                    1232  gap_command_rsp_succ      : received Header(svc_id=1, op=16, ctrl_index=0, data_len=0) (b'',)
2026-09-17 16:34:53,391 LT1-thread root DEBUG client.py                 276   get_result                : ClientCallback.get_result run_test_case
2026-09-17 16:34:55,618 LT1-callback ClientCallback.on_implicit_send INFO client.py                 223   on_implicit_send          : 
    ********************
    BEGIN OnImplicitSend:
    project_name: GAP
    wid: 33
    test_case_name: GAP/DM/LEP/BV-19-C
    description: Please make IUT general discoverable.
    style: MMI_Style_Ok_Cancel1 0x11041
2026-09-17 16:34:55,618 LT1-callback ClientCallback.on_implicit_send INFO client.py                 236   on_implicit_send          : Calling test cases on_implicit_send
2026-09-17 16:34:55,618 LT1-callback ClientCallback.on_implicit_send INFO client.py                 249   on_implicit_send          : 
    on_implicit_send returned response: WAIT
    END OnImplicitSend
    ********************
2026-09-17 16:34:56,392 LT1-thread root DEBUG testcase.py               679   run_wid                   : GAP GAP/DM/LEP/BV-19-C on_implicit_send
2026-09-17 16:34:56,392 LT1-thread root DEBUG gap_wid.py                26    gap_wid_hdl               : gap_wid_hdl, 33, Please make IUT general discoverable., GAP/DM/LEP/BV-19-C
2026-09-17 16:34:56,392 LT1-thread root DEBUG gap.py                    1016  gap_set_non_discoverable  : 
2026-09-17 16:34:56,392 LT1-thread root DEBUG gap.py                    1033  gap_set_general_discoverable : 
2026-09-17 16:34:56,392 LT1-thread root DEBUG iutctl_common.py          161   send                      : 1 8 0 '1'
2026-09-17 16:34:56,392 LT1-thread root DEBUG iutctl_common.py          166   send                      : sending frame '010800010001'
2026-09-17 16:34:56,392 LT1-thread root DEBUG gap.py                    1227  gap_command_rsp_succ      : 
2026-09-17 16:34:56,393 LT1-thread root DEBUG iutctl_common.py          339   read                      : 
2026-09-17 16:34:56,454 BTPWorkerThread-5379 (_rx_task) root DEBUG iutctl_common.py          123   read                      : Read 5 bytes
2026-09-17 16:34:56,465 BTPWorkerThread-5379 (_rx_task) root DEBUG iutctl_common.py          131   read                      : Received: hdr: Header(svc_id=0x01, op=0x08, ctrl_index=0x00, data_len=0x04) bytearray(b'\x01\x08\x00\x04\x00')
2026-09-17 16:34:56,471 BTPWorkerThread-5379 (_rx_task) root DEBUG iutctl_common.py          139   read                      : Read 4 bytes data
2026-09-17 16:34:56,482 BTPWorkerThread-5379 (_rx_task) root DEBUG iutctl_common.py          154   read                      : Received data: {'1b 02 00 00'}, bytearray(b'\x1b\x02\x00\x00')
2026-09-17 16:34:56,488 LT1-thread root DEBUG gap.py                    1232  gap_command_rsp_succ      : received Header(svc_id=1, op=8, ctrl_index=0, data_len=4) (b'\x1b\x02\x00\x00',)
2026-09-17 16:34:56,488 LT1-thread root DEBUG gap.py                    594   __gap_current_settings_update : (b'\x1b\x02\x00\x00',)
2026-09-17 16:34:56,488 LT1-thread root DEBUG testcase.py               722   run_wid                   : Sending response 'OK' to wid 33 test case GAP/DM/LEP/BV-19-C
2026-09-17 16:34:56,491 LT1-thread root DEBUG client.py                 276   get_result                : ClientCallback.get_result run_test_case
2026-09-17 16:34:59,111 BTPWorkerThread-5379 (_rx_task) root DEBUG iutctl_common.py          123   read                      : Read 5 bytes
2026-09-17 16:34:59,111 BTPWorkerThread-5379 (_rx_task) root DEBUG iutctl_common.py          131   read                      : Received: hdr: Header(svc_id=0x01, op=0x82, ctrl_index=0x00, data_len=0x0d) bytearray(b'\x01\x82\x00\r\x00')
2026-09-17 16:34:59,112 BTPWorkerThread-5379 (_rx_task) root DEBUG iutctl_common.py          139   read                      : Read 13 bytes data
2026-09-17 16:34:59,112 BTPWorkerThread-5379 (_rx_task) root DEBUG iutctl_common.py          154   read                      : Received data: {'e0 4e e4 08 dc 1b 00 00 00 00 00 00 00'}, bytearray(b'\xe0N\xe4\x08\xdc\x1b\x00\x00\x00\x00\x00\x00\x00')
2026-09-17 16:34:59,112 BTPWorkerThread-5379 (_rx_task) root DEBUG btp.py                    700   event_handler             : Header(svc_id=1, op=130, ctrl_index=0, data_len=13) (b'\xe0N\xe4\x08\xdc\x1b\x00\x00\x00\x00\x00\x00\x00',)
2026-09-17 16:34:59,112 BTPWorkerThread-5379 (_rx_task) root DEBUG gap.py                    213   gap_connected_ev_         : b'\xe0N\xe4\x08\xdc\x1b\x00\x00\x00\x00\x00\x00\x00'
2026-09-17 16:34:59,112 BTPWorkerThread-5379 (_rx_task) root DEBUG iutctl_common.py          123   read                      : Read 5 bytes
2026-09-17 16:34:59,112 BTPWorkerThread-5379 (_rx_task) root DEBUG iutctl_common.py          131   read                      : Received: hdr: Header(svc_id=0x01, op=0x80, ctrl_index=0x00, data_len=0x04) bytearray(b'\x01\x80\x00\x04\x00')
2026-09-17 16:34:59,112 BTPWorkerThread-5379 (_rx_task) root DEBUG iutctl_common.py          139   read                      : Read 4 bytes data
2026-09-17 16:34:59,112 BTPWorkerThread-5379 (_rx_task) root DEBUG iutctl_common.py          154   read                      : Received data: {'1b 02 00 00'}, bytearray(b'\x1b\x02\x00\x00')
2026-09-17 16:34:59,113 BTPWorkerThread-5379 (_rx_task) root DEBUG btp.py                    700   event_handler             : Header(svc_id=1, op=128, ctrl_index=0, data_len=4) (b'\x1b\x02\x00\x00',)
2026-09-17 16:34:59,113 BTPWorkerThread-5379 (_rx_task) root DEBUG gap.py                    181   gap_new_settings_ev_      : b'\x1b\x02\x00\x00'
2026-09-17 16:34:59,113 BTPWorkerThread-5379 (_rx_task) root DEBUG gap.py                    594   __gap_current_settings_update : 539
2026-09-17 16:35:00,691 BTPWorkerThread-5379 (_rx_task) root DEBUG iutctl_common.py          123   read                      : Read 5 bytes
2026-09-17 16:35:00,692 BTPWorkerThread-5379 (_rx_task) root DEBUG iutctl_common.py          131   read                      : Received: hdr: Header(svc_id=0x01, op=0x91, ctrl_index=0x00, data_len=0x09) bytearray(b'\x01\x91\x00\t\x00')
2026-09-17 16:35:00,692 BTPWorkerThread-5379 (_rx_task) root DEBUG iutctl_common.py          139   read                      : Read 9 bytes data
2026-09-17 16:35:00,692 BTPWorkerThread-5379 (_rx_task) root DEBUG iutctl_common.py          154   read                      : Received data: {'e0 4e e4 08 dc 1b 00 01 10'}, bytearray(b'\xe0N\xe4\x08\xdc\x1b\x00\x01\x10')
2026-09-17 16:35:00,692 BTPWorkerThread-5379 (_rx_task) root DEBUG btp.py                    700   event_handler             : Header(svc_id=1, op=145, ctrl_index=0, data_len=9) (b'\xe0N\xe4\x08\xdc\x1b\x00\x01\x10',)
2026-09-17 16:35:00,692 BTPWorkerThread-5379 (_rx_task) root DEBUG gap.py                    492   gap_encryption_change_ev_ : 
2026-09-17 16:35:00,692 BTPWorkerThread-5379 (_rx_task) root DEBUG gap.py                    494   gap_encryption_change_ev_ : enc change received b'\xe0N\xe4\x08\xdc\x1b\x00\x01\x10'
2026-09-17 16:35:00,692 BTPWorkerThread-5379 (_rx_task) root DEBUG gap.py                    503   gap_encryption_change_ev_ : received (224, '001bdc08e44e', 1, 16)
2026-09-17 16:35:00,692 BTPWorkerThread-5379 (_rx_task) root DEBUG iutctl_common.py          123   read                      : Read 5 bytes
2026-09-17 16:35:00,692 BTPWorkerThread-5379 (_rx_task) root DEBUG iutctl_common.py          131   read                      : Received: hdr: Header(svc_id=0x01, op=0x89, ctrl_index=0x00, data_len=0x08) bytearray(b'\x01\x89\x00\x08\x00')
2026-09-17 16:35:00,693 BTPWorkerThread-5379 (_rx_task) root DEBUG iutctl_common.py          139   read                      : Read 8 bytes data
2026-09-17 16:35:00,693 BTPWorkerThread-5379 (_rx_task) root DEBUG iutctl_common.py          154   read                      : Received data: {'e0 4e e4 08 dc 1b 00 02'}, bytearray(b'\xe0N\xe4\x08\xdc\x1b\x00\x02')
2026-09-17 16:35:00,693 BTPWorkerThread-5379 (_rx_task) root DEBUG btp.py                    700   event_handler             : Header(svc_id=1, op=137, ctrl_index=0, data_len=8) (b'\xe0N\xe4\x08\xdc\x1b\x00\x02',)
2026-09-17 16:35:00,693 BTPWorkerThread-5379 (_rx_task) root DEBUG gap.py                    298   gap_sec_level_changed_ev_ : 
2026-09-17 16:35:00,693 BTPWorkerThread-5379 (_rx_task) root DEBUG gap.py                    300   gap_sec_level_changed_ev_ : received b'\xe0N\xe4\x08\xdc\x1b\x00\x02'
2026-09-17 16:35:00,693 BTPWorkerThread-5379 (_rx_task) root DEBUG gap.py                    311   gap_sec_level_changed_ev_ : received (224, '001bdc08e44e', 2)
2026-09-17 16:35:05,727 BTPWorkerThread-5379 (_rx_task) root DEBUG iutctl_common.py          123   read                      : Read 5 bytes
2026-09-17 16:35:05,727 BTPWorkerThread-5379 (_rx_task) root DEBUG iutctl_common.py          131   read                      : Received: hdr: Header(svc_id=0x01, op=0x83, ctrl_index=0x00, data_len=0x07) bytearray(b'\x01\x83\x00\x07\x00')
2026-09-17 16:35:05,728 BTPWorkerThread-5379 (_rx_task) root DEBUG iutctl_common.py          139   read                      : Read 7 bytes data
2026-09-17 16:35:05,728 BTPWorkerThread-5379 (_rx_task) root DEBUG iutctl_common.py          154   read                      : Received data: {'e0 4e e4 08 dc 1b 00'}, bytearray(b'\xe0N\xe4\x08\xdc\x1b\x00')
2026-09-17 16:35:05,728 BTPWorkerThread-5379 (_rx_task) root DEBUG btp.py                    700   event_handler             : Header(svc_id=1, op=131, ctrl_index=0, data_len=7) (b'\xe0N\xe4\x08\xdc\x1b\x00',)
2026-09-17 16:35:05,728 BTPWorkerThread-5379 (_rx_task) root DEBUG gap.py                    226   gap_disconnected_ev_      : b'\xe0N\xe4\x08\xdc\x1b\x00'
2026-09-17 16:35:06,105 LT1-callback ClientCallback.on_implicit_send INFO client.py                 223   on_implicit_send          : 
    ********************
    BEGIN OnImplicitSend:
    project_name: GAP
    wid: 20001
    test_case_name: GAP/DM/LEP/BV-19-C
    description: Please prepare IUT into a connectable mode.

Description: Verify that the Implementation Under Test (IUT) can accept GATT connect request from PTS.
    style: MMI_Style_Ok_Cancel2 0x11141
2026-09-17 16:35:06,105 LT1-callback ClientCallback.on_implicit_send INFO client.py                 236   on_implicit_send          : Calling test cases on_implicit_send
2026-09-17 16:35:06,105 LT1-callback ClientCallback.on_implicit_send INFO client.py                 249   on_implicit_send          : 
    on_implicit_send returned response: WAIT
    END OnImplicitSend
    ********************
2026-09-17 16:35:06,495 LT1-thread root DEBUG testcase.py               679   run_wid                   : GAP GAP/DM/LEP/BV-19-C on_implicit_send
2026-09-17 16:35:06,495 LT1-thread root DEBUG gap_wid.py                26    gap_wid_hdl               : gap_wid_hdl, 20001, Please prepare IUT into a connectable mode.

Description: Verify that the Implementation Under Test (IUT) can accept GATT connect request from PTS., GAP/DM/LEP/BV-19-C
2026-09-17 16:35:06,495 LT1-thread root DEBUG gap.py                    982   gap_set_connectable       : 
2026-09-17 16:35:06,495 LT1-thread root DEBUG gap.py                    648   gap_start_advertising     : {9: b'Tester_08E44E'} None
2026-09-17 16:35:06,496 LT1-thread root DEBUG iutctl_common.py          161   send                      : 1 10 0 "bytearray(b'\\x0f\\x00\\t\\rTester_08E44E\\xff\\xff\\xff\\xff\\x00')"
2026-09-17 16:35:06,496 LT1-thread root DEBUG iutctl_common.py          166   send                      : sending frame '010a0016000f00090d5465737465725f303845343445ffffffff00'
2026-09-17 16:35:06,496 LT1-thread root DEBUG gap.py                    1227  gap_command_rsp_succ      : 
2026-09-17 16:35:06,496 LT1-thread root DEBUG iutctl_common.py          339   read                      : 
2026-09-17 16:35:06,525 BTPWorkerThread-5379 (_rx_task) root DEBUG iutctl_common.py          123   read                      : Read 5 bytes
2026-09-17 16:35:06,530 BTPWorkerThread-5379 (_rx_task) root DEBUG iutctl_common.py          131   read                      : Received: hdr: Header(svc_id=0x01, op=0x0a, ctrl_index=0x00, data_len=0x04) bytearray(b'\x01\n\x00\x04\x00')
2026-09-17 16:35:06,541 BTPWorkerThread-5379 (_rx_task) root DEBUG iutctl_common.py          139   read                      : Read 4 bytes data
2026-09-17 16:35:06,541 BTPWorkerThread-5379 (_rx_task) root DEBUG iutctl_common.py          154   read                      : Received data: {'1b 06 00 00'}, bytearray(b'\x1b\x06\x00\x00')
2026-09-17 16:35:06,541 LT1-thread root DEBUG gap.py                    1232  gap_command_rsp_succ      : received Header(svc_id=1, op=10, ctrl_index=0, data_len=4) (b'\x1b\x06\x00\x00',)
2026-09-17 16:35:06,541 LT1-thread root DEBUG gap.py                    594   __gap_current_settings_update : (b'\x1b\x06\x00\x00',)
2026-09-17 16:35:06,542 LT1-thread root DEBUG testcase.py               722   run_wid                   : Sending response 'OK' to wid 20001 test case GAP/DM/LEP/BV-19-C
2026-09-17 16:35:06,544 LT1-thread root DEBUG client.py                 276   get_result                : ClientCallback.get_result run_test_case
2026-09-17 16:35:06,777 BTPWorkerThread-5379 (_rx_task) root DEBUG iutctl_common.py          123   read                      : Read 5 bytes
2026-09-17 16:35:06,777 BTPWorkerThread-5379 (_rx_task) root DEBUG iutctl_common.py          131   read                      : Received: hdr: Header(svc_id=0x01, op=0x82, ctrl_index=0x00, data_len=0x0d) bytearray(b'\x01\x82\x00\r\x00')
2026-09-17 16:35:06,777 BTPWorkerThread-5379 (_rx_task) root DEBUG iutctl_common.py          139   read                      : Read 13 bytes data
2026-09-17 16:35:06,778 BTPWorkerThread-5379 (_rx_task) root DEBUG iutctl_common.py          154   read                      : Received data: {'00 4e e4 08 dc 1b 00 3c 00 00 00 d0 07'}, bytearray(b'\x00N\xe4\x08\xdc\x1b\x00<\x00\x00\x00\xd0\x07')
2026-09-17 16:35:06,778 BTPWorkerThread-5379 (_rx_task) root DEBUG btp.py                    700   event_handler             : Header(svc_id=1, op=130, ctrl_index=0, data_len=13) (b'\x00N\xe4\x08\xdc\x1b\x00<\x00\x00\x00\xd0\x07',)
2026-09-17 16:35:06,778 BTPWorkerThread-5379 (_rx_task) root DEBUG gap.py                    213   gap_connected_ev_         : b'\x00N\xe4\x08\xdc\x1b\x00<\x00\x00\x00\xd0\x07'
2026-09-17 16:35:06,778 BTPWorkerThread-5379 (_rx_task) root DEBUG iutctl_common.py          123   read                      : Read 5 bytes
2026-09-17 16:35:06,778 BTPWorkerThread-5379 (_rx_task) root DEBUG iutctl_common.py          131   read                      : Received: hdr: Header(svc_id=0x01, op=0x80, ctrl_index=0x00, data_len=0x04) bytearray(b'\x01\x80\x00\x04\x00')
2026-09-17 16:35:06,778 BTPWorkerThread-5379 (_rx_task) root DEBUG iutctl_common.py          139   read                      : Read 4 bytes data
2026-09-17 16:35:06,778 BTPWorkerThread-5379 (_rx_task) root DEBUG iutctl_common.py          154   read                      : Received data: {'1b 02 00 00'}, bytearray(b'\x1b\x02\x00\x00')
2026-09-17 16:35:06,778 BTPWorkerThread-5379 (_rx_task) root DEBUG btp.py                    700   event_handler             : Header(svc_id=1, op=128, ctrl_index=0, data_len=4) (b'\x1b\x02\x00\x00',)
2026-09-17 16:35:06,778 BTPWorkerThread-5379 (_rx_task) root DEBUG gap.py                    181   gap_new_settings_ev_      : b'\x1b\x02\x00\x00'
2026-09-17 16:35:06,778 BTPWorkerThread-5379 (_rx_task) root DEBUG gap.py                    594   __gap_current_settings_update : 539
2026-09-17 16:35:07,578 BTPWorkerThread-5379 (_rx_task) root DEBUG iutctl_common.py          123   read                      : Read 5 bytes
2026-09-17 16:35:07,578 BTPWorkerThread-5379 (_rx_task) root DEBUG iutctl_common.py          131   read                      : Received: hdr: Header(svc_id=0x01, op=0x91, ctrl_index=0x00, data_len=0x09) bytearray(b'\x01\x91\x00\t\x00')
2026-09-17 16:35:07,579 BTPWorkerThread-5379 (_rx_task) root DEBUG iutctl_common.py          139   read                      : Read 9 bytes data
2026-09-17 16:35:07,579 BTPWorkerThread-5379 (_rx_task) root DEBUG iutctl_common.py          154   read                      : Received data: {'00 4e e4 08 dc 1b 00 01 10'}, bytearray(b'\x00N\xe4\x08\xdc\x1b\x00\x01\x10')
2026-09-17 16:35:07,579 BTPWorkerThread-5379 (_rx_task) root DEBUG btp.py                    700   event_handler             : Header(svc_id=1, op=145, ctrl_index=0, data_len=9) (b'\x00N\xe4\x08\xdc\x1b\x00\x01\x10',)
2026-09-17 16:35:07,579 BTPWorkerThread-5379 (_rx_task) root DEBUG gap.py                    492   gap_encryption_change_ev_ : 
2026-09-17 16:35:07,579 BTPWorkerThread-5379 (_rx_task) root DEBUG gap.py                    494   gap_encryption_change_ev_ : enc change received b'\x00N\xe4\x08\xdc\x1b\x00\x01\x10'
2026-09-17 16:35:07,579 BTPWorkerThread-5379 (_rx_task) root DEBUG gap.py                    503   gap_encryption_change_ev_ : received (0, '001bdc08e44e', 1, 16)
2026-09-17 16:35:07,579 BTPWorkerThread-5379 (_rx_task) root DEBUG iutctl_common.py          123   read                      : Read 5 bytes
2026-09-17 16:35:07,580 BTPWorkerThread-5379 (_rx_task) root DEBUG iutctl_common.py          131   read                      : Received: hdr: Header(svc_id=0x01, op=0x89, ctrl_index=0x00, data_len=0x08) bytearray(b'\x01\x89\x00\x08\x00')
2026-09-17 16:35:07,580 BTPWorkerThread-5379 (_rx_task) root DEBUG iutctl_common.py          139   read                      : Read 8 bytes data
2026-09-17 16:35:07,580 BTPWorkerThread-5379 (_rx_task) root DEBUG iutctl_common.py          154   read                      : Received data: {'00 4e e4 08 dc 1b 00 02'}, bytearray(b'\x00N\xe4\x08\xdc\x1b\x00\x02')
2026-09-17 16:35:07,580 BTPWorkerThread-5379 (_rx_task) root DEBUG btp.py                    700   event_handler             : Header(svc_id=1, op=137, ctrl_index=0, data_len=8) (b'\x00N\xe4\x08\xdc\x1b\x00\x02',)
2026-09-17 16:35:07,580 BTPWorkerThread-5379 (_rx_task) root DEBUG gap.py                    298   gap_sec_level_changed_ev_ : 
2026-09-17 16:35:07,580 BTPWorkerThread-5379 (_rx_task) root DEBUG gap.py                    300   gap_sec_level_changed_ev_ : received b'\x00N\xe4\x08\xdc\x1b\x00\x02'
2026-09-17 16:35:07,580 BTPWorkerThread-5379 (_rx_task) root DEBUG gap.py                    311   gap_sec_level_changed_ev_ : received (0, '001bdc08e44e', 2)
2026-09-17 16:35:07,880 BTPWorkerThread-5379 (_rx_task) root DEBUG iutctl_common.py          123   read                      : Read 5 bytes
2026-09-17 16:35:07,881 BTPWorkerThread-5379 (_rx_task) root DEBUG iutctl_common.py          131   read                      : Received: hdr: Header(svc_id=0x01, op=0x98, ctrl_index=0x00, data_len=0x08) bytearray(b'\x01\x98\x00\x08\x00')
2026-09-17 16:35:07,881 BTPWorkerThread-5379 (_rx_task) root DEBUG iutctl_common.py          139   read                      : Read 8 bytes data
2026-09-17 16:35:07,881 BTPWorkerThread-5379 (_rx_task) root DEBUG iutctl_common.py          154   read                      : Received data: {'00 4e e4 08 dc 1b 00 01'}, bytearray(b'\x00N\xe4\x08\xdc\x1b\x00\x01')
2026-09-17 16:35:07,881 BTPWorkerThread-5379 (_rx_task) root DEBUG btp.py                    700   event_handler             : Header(svc_id=1, op=152, ctrl_index=0, data_len=8) (b'\x00N\xe4\x08\xdc\x1b\x00\x01',)
2026-09-17 16:35:07,881 BTPWorkerThread-5379 (_rx_task) root DEBUG gap.py                    509   gap_peer_car_status_ev_   : 
2026-09-17 16:35:07,881 BTPWorkerThread-5379 (_rx_task) root DEBUG gap.py                    516   gap_peer_car_status_ev_   : received (0, '001bdc08e44e', 1)
2026-09-17 16:35:07,881 BTPWorkerThread-5379 (_rx_task) root DEBUG iutctl_common.py          123   read                      : Read 5 bytes
2026-09-17 16:35:07,881 BTPWorkerThread-5379 (_rx_task) root DEBUG iutctl_common.py          131   read                      : Received: hdr: Header(svc_id=0x01, op=0x83, ctrl_index=0x00, data_len=0x07) bytearray(b'\x01\x83\x00\x07\x00')
2026-09-17 16:35:07,881 BTPWorkerThread-5379 (_rx_task) root DEBUG iutctl_common.py          139   read                      : Read 7 bytes data
2026-09-17 16:35:07,882 BTPWorkerThread-5379 (_rx_task) root DEBUG iutctl_common.py          154   read                      : Received data: {'00 4e e4 08 dc 1b 00'}, bytearray(b'\x00N\xe4\x08\xdc\x1b\x00')
2026-09-17 16:35:07,882 BTPWorkerThread-5379 (_rx_task) root DEBUG btp.py                    700   event_handler             : Header(svc_id=1, op=131, ctrl_index=0, data_len=7) (b'\x00N\xe4\x08\xdc\x1b\x00',)
2026-09-17 16:35:07,882 BTPWorkerThread-5379 (_rx_task) root DEBUG gap.py                    226   gap_disconnected_ev_      : b'\x00N\xe4\x08\xdc\x1b\x00'
2026-09-17 16:35:10,512 LT1-callback ClientCallback.log INFO client.py                 200   log                       : PTS_LOGTYPE_START_TEST Start Test Case 

+141 ms
 GAP/DM/LEP/BV-19-C GAP/DM/LEP/BV-19-C

2026-09-17 16:35:10,927 LT1-callback ClientCallback.log INFO client.py                 200   log                       : PTS_LOGTYPE_FINAL_VERDICT Final Verdict 

+16250 ms
 GAP/DM/LEP/BV-19-C PASS

2026-09-17 16:35:10,932 LT1-callback ClientCallback.log INFO client.py                 200   log                       : PTS_LOGTYPE_FINAL_VERDICT Encrypted Verdict 

+16250 ms
 GAP/DM/LEP/BV-19-C A1#ZWY4MzQ5MDg3MmQwNTIxOGQzMzQ5YjY2ODA5M2MzNjQ5ZDY4NmY0Yjc2MzIzM2VkNTUyNTFhNGU4Mjg1MjI0NA==#ZtVDbgy8SUnoAXPzqvzaL3nTmzMWizzII2Jv4i8gm/zbAqxNYyozydJq3fJVTyop

2026-09-17 16:35:10,937 LT1-callback ClientCallback.log INFO client.py                 200   log                       : PTS_LOGTYPE_END_TEST Test Case Ended 

+16250 ms
 GAP/DM/LEP/BV-19-C GAP/DM/LEP/BV-19-C

2026-09-17 16:35:11,138 LT1-callback root DEBUG client.py                 261   set_result                : ClientCallback, set_result, run_test_case, PASS
2026-09-17 16:35:11,139 LT1-thread root DEBUG client.py                 1186  _run_test_case            : After run_test_case error_code=0 status='PASS'
2026-09-17 16:35:11,139 LT1-thread root DEBUG testcase.py               766   post_run                  : post_run GAP GAP/DM/LEP/BV-19-C 0
2026-09-17 16:35:11,139 LT1-thread root DEBUG testcase.py               254   start                     : Starting test function: class=<class 'autopts.ptsprojects.testcase.TestFuncCleanUp'>, func=<bound method ZTestCase._test_case_cleanup of <autopts.ptsprojects.zephyr.ztestcase.ZTestCase object at 0x00000203DCD033E0>> start_wid=None stop_wid=None post_wid=None skip_call=None call_count=1 args=() kwds={}
2026-09-17 16:35:11,139 LT1-thread root DEBUG testcase.py               266   start                     : Test function parameters: args=(), kwds={}
2026-09-17 16:35:11,139 LT1-thread root DEBUG iutctl.py                 415   stop                      : <class 'autopts.ptsprojects.zephyr.iutctl.create_zephyr_ctl_class.<locals>.ZephyrCtl'>.stop
2026-09-17 16:35:11,139 LT1-thread root DEBUG __init__.py               51    reset                     : About to reset DUT: JLink -CommandFile reset.jlink -usb 1063214216 -device MIMXRT1176XXXA_M7
2026-09-17 16:35:11,462 BTPWorkerThread-5379 (_rx_task) root DEBUG iutctl_common.py          123   read                      : Read 5 bytes
2026-09-17 16:35:11,463 BTPWorkerThread-5379 (_rx_task) root DEBUG iutctl_common.py          131   read                      : Received: hdr: Header(svc_id=0x00, op=0x80, ctrl_index=0xff, data_len=0x00) bytearray(b'\x00\x80\xff\x00\x00')
2026-09-17 16:35:11,463 BTPWorkerThread-5379 (_rx_task) root DEBUG iutctl_common.py          154   read                      : Received data: {''}, bytearray(b'')
2026-09-17 16:35:11,463 BTPWorkerThread-5379 (_rx_task) root DEBUG btp.py                    700   event_handler             : Header(svc_id=0, op=128, ctrl_index=255, data_len=0) (b'',)
2026-09-17 16:35:11,463 BTPWorkerThread-5379 (_rx_task) root DEBUG core.py                   23    core_iut_ready_ev         : 
2026-09-17 16:35:11,528 LT1-thread root DEBUG iutctl.py                 436   _stop_tty_mode            : IUT ready event received OK
2026-09-17 16:35:11,528 LT1-thread root DEBUG iutctl_common.py          416   close                     : Waiting for _rx_worker to finish ...
2026-09-17 16:35:12,464 BTPWorkerThread-5379 (_rx_task) root DEBUG iutctl_common.py          332   _rx_task                  : BTPWorkerThread-5379 (_rx_task) finishing...
2026-09-17 16:35:15,472 LT1-thread root DEBUG testcase.py               794   post_run                  : post_run, cleanup running post test case script
2026-09-17 16:35:15,472 LT1-thread root DEBUG testcase.py               802   post_run                  : post_run, run post test case script
2026-09-17 16:35:15,547 LT1-thread root DEBUG client.py                 1220  _run_test_case            : Done TestCase _run_test_case GAP GAP/DM/LEP/BV-19-C
