16:40:21:378    > BTP_CORE_CMD_READ_SUPPORTED_SERVICES (0x00|0x02|0xff)
                  raw data (0): 00 02 ff 00 00|
16:40:21:449    < BTP_CORE_CMD_READ_SUPPORTED_SERVICES (0x00|0x02|0xff)
                  raw data (6): 00 02 ff 06 00|0f 00 00 a0 01 04
16:40:21:472    > BTP_CORE_CMD_REGISTER_SERVICE (0x00|0x03|0xff)
                  raw data (1): 00 03 ff 01 00|01
16:40:25:597    < BTP_CORE_CMD_REGISTER_SERVICE (0x00|0x03|0xff)
                  raw data (0): 00 03 ff 00 00|
16:40:25:610    > BTP_GAP_CMD_READ_SUPPORTED_COMMANDS (0x01|0x01|0xff)
                  raw data (0): 01 01 ff 00 00|
16:40:25:678    < BTP_GAP_CMD_READ_SUPPORTED_COMMANDS (0x01|0x01|0xff)
                  raw data (7): 01 01 ff 07 00|6e ff 7f 1f fe ff 0e
16:40:25:694    > BTP_GAP_CMD_READ_CONTROLLER_INFO (0x01|0x03|0x00)
                  raw data (0): 01 03 00 00 00|
16:40:25:783    < BTP_GAP_CMD_READ_CONTROLLER_INFO (0x01|0x03|0x00)
                  raw data (277): 
                  01 03 00 15 01|19 78 ee 69 17 d0 d3 06 02 00 13 
                  02 00 00 00 00 00 62 74 70 5f 74 65 73 74 65 72 
                  00 00 00 00 00 00 00 00 00 00 00 00 00 00 00 00 
                  00 00 00 00 00 00 00 00 00 00 00 00 00 00 00 00 
                  00 00 00 00 00 00 00 00 00 00 00 00 00 00 00 00 
                  00 00 00 00 00 00 00 00 00 00 00 00 00 00 00 00 
                  00 00 00 00 00 00 00 00 00 00 00 00 00 00 00 00 
                  00 00 00 00 00 00 00 00 00 00 00 00 00 00 00 00 
                  00 00 00 00 00 00 00 00 00 00 00 00 00 00 00 00 
                  00 00 00 00 00 00 00 00 00 00 00 00 00 00 00 00 
                  00 00 00 00 00 00 00 00 00 00 00 00 00 00 00 00 
                  00 00 00 00 00 00 00 00 00 00 00 00 00 00 00 00 
                  00 00 00 00 00 00 00 00 00 00 00 00 00 00 00 00 
                  00 00 00 00 00 00 00 00 00 00 00 00 00 00 00 00 
                  00 00 00 00 00 00 00 00 00 00 00 00 00 00 00 00 
                  00 00 00 00 00 00 00 00 00 00 00 00 00 00 00 00 
                  00 00 00 00 00 00 00 00 00 00 00 00 00 00 00 00 
                  00 00 00 00 00 00 00 00 00 00
16:40:25:804    > BTP_CORE_CMD_REGISTER_SERVICE (0x00|0x03|0xff)
                  raw data (2): 00 03 ff 01 00|02
16:40:25:849    < BTP_CORE_CMD_REGISTER_SERVICE (0x00|0x03|0xff)
                  raw data (0): 00 03 ff 00 00|
16:40:25:850    > BTP_GATT_CMD_READ_SUPPORTED_COMMANDS (0x02|0x01|0xff)
                  raw data (0): 02 01 ff 00 00|
16:40:25:914    < BTP_GATT_CMD_READ_SUPPORTED_COMMANDS (0x02|0x01|0xff)
                  raw data (5): 02 01 ff 05 00|fe fe bf fd 0f
16:40:25:926    > BTP_CORE_CMD_REGISTER_SERVICE (0x00|0x03|0xff)
                  raw data (42): 00 03 ff 01 00|2a
16:40:25:986    < BTP_CORE_CMD_REGISTER_SERVICE (0x00|0x03|0xff)
                  raw data (0): 00 03 ff 00 00|
16:40:26:004    > BTP_FTP_CMD_READ_SUPPORTED_COMMANDS (0x2a|0x01|0xff)
                  raw data (0): 2a 01 ff 00 00|
16:40:26:080    < BTP_FTP_CMD_READ_SUPPORTED_COMMANDS (0x2a|0x01|0xff)
                  raw data (4): 2a 01 ff 04 00|fe ff ff 3f
16:40:26:102    > BTP_GAP_CMD_SET_DISCOVERABLE (0x01|0x08|0x00)
                  raw data (1): 01 08 00 01 00|01
16:40:26:197    < BTP_GAP_CMD_SET_DISCOVERABLE (0x01|0x08|0x00)
                  raw data (4): 01 08 00 04 00|1b 02 00 00
16:40:36:590    < BTP_GAP_EV_DEVICE_CONNECTED (0x01|0x82|0x00)
                  raw data (13): 
                  01 82 00 0d 00|e0 4e e4 08 dc 1b 00 00 00 00 00 
                  00 00
16:40:36:591    < BTP_GAP_EV_NEW_SETTINGS (0x01|0x80|0x00)
                  raw data (4): 01 80 00 04 00|1b 02 00 00
16:40:38:217    < BTP_GAP_EV_ENCRYPTION_CHANGE (0x01|0x91|0x00)
                  raw data (9): 01 91 00 09 00|e0 4e e4 08 dc 1b 00 01 10
16:40:38:218    < BTP_GAP_EV_SEC_LEVEL_CHANGED (0x01|0x89|0x00)
                  raw data (8): 01 89 00 08 00|e0 4e e4 08 dc 1b 00 02
16:40:38:239    < BTP_FTP_EV_SERVER_L2CAP_CONNECTED (0x2a|0x91|0x00)
                  raw data (7): 2a 91 00 07 00|e0 4e e4 08 dc 1b 00
16:40:38:338    < BTP_FTP_EV_SERVER_CONNECT (0x2a|0x93|0x00)
                  raw data (31): 
                  2a 93 00 1f 00|e0 4e e4 08 dc 1b 00 10 0a 01 13 
                  00 46 00 13 f9 ec 7b c4 95 3c 11 d2 98 4e 52 54 
                  00 dc 9e 09
16:40:38:339    > BTP_FTP_CMD_SERVER_CONNECT (0x2a|0x13|0x00)
                  raw data (31): 
                  2a 13 00 1f 00|e0 4e e4 08 dc 1b 00 c1 15 00 4d 
                  00 15 00 10 08 06 3b 3c 24 c4 8b 32 e7 c1 eb d7 
                  e5 24 b5 38
16:40:38:380    < BTP_FTP_CMD_SERVER_CONNECT (0x2a|0x13|0x00)
                  raw data (0): 2a 13 00 00 00|
16:40:38:381    < BTP_FTP_EV_SERVER_CONNECT (0x2a|0x93|0x00)
                  raw data (102): 
                  2a 93 00 66 00|e0 4e e4 08 dc 1b 00 10 0a 01 5a 
                  00 46 00 13 f9 ec 7b c4 95 3c 11 d2 98 4e 52 54 
                  00 dc 9e 09 4d 00 1b 00 10 b1 2b 9e 72 aa ac 15 
                  d2 51 cc 93 a2 c8 5b 46 55 01 01 00 02 01 00 4e 
                  00 2c 00 10 dc 45 6b 3e d2 34 52 4e e1 59 e2 ec 
                  2d 6f cf 7a 01 03 70 74 73 02 10 08 06 3b 3c 24 
                  c4 8b 32 e7 c1 eb d7 e5 24 b5 38
16:40:38:383    > BTP_FTP_CMD_SERVER_CONNECT (0x2a|0x13|0x00)
                  raw data (31): 
                  2a 13 00 1f 00|e0 4e e4 08 dc 1b 00 a0 15 00 4e 
                  00 15 00 10 79 9e 3e 17 d5 82 6a 3c 64 16 cb dd 
                  34 3e 8e ba
16:40:38:439    < BTP_FTP_CMD_SERVER_CONNECT (0x2a|0x13|0x00)
                  raw data (0): 2a 13 00 00 00|
16:40:38:440    < BTP_FTP_EV_SERVER_PULL_FOLDER_LISTING (0x2a|0x97|0x00)
                  raw data (43): 
                  2a 97 00 2b 00|e0 4e e4 08 dc 1b 00 01 21 00 01 
                  00 03 42 00 19 78 2d 6f 62 65 78 2f 66 6f 6c 64 
                  65 72 2d 6c 69 73 74 69 6e 67 00 cb 00 00 00 01
16:40:38:441    > BTP_FTP_CMD_SERVER_PULL_FOLDER_LISTING (0x2a|0x17|0x00)
                  raw data (166): 
                  2a 17 00 a6 00|e0 4e e4 08 dc 1b 00 a0 9c 00 49 
                  00 9c 3c 3f 78 6d 6c 20 76 65 72 73 69 6f 6e 3d 
                  22 31 2e 30 22 3f 3e 0a 3c 21 44 4f 43 54 59 50 
                  45 20 66 6f 6c 64 65 72 2d 6c 69 73 74 69 6e 67 
                  20 53 59 53 54 45 4d 20 22 6f 62 65 78 2d 66 6f 
                  6c 64 65 72 2d 6c 69 73 74 69 6e 67 2e 64 74 64 
                  22 3e 0a 3c 66 6f 6c 64 65 72 2d 6c 69 73 74 69 
                  6e 67 20 76 65 72 73 69 6f 6e 3d 22 31 2e 30 22 
                  3e 0a 20 20 3c 66 6f 6c 64 65 72 20 6e 61 6d 65 
                  3d 22 70 74 73 22 20 2f 3e 0a 3c 2f 66 6f 6c 64 
                  65 72 2d 6c 69 73 74 69 6e 67 3e
16:40:38:510    < BTP_FTP_CMD_SERVER_PULL_FOLDER_LISTING (0x2a|0x17|0x00)
                  raw data (0): 2a 17 00 00 00|
16:40:38:528    < BTP_FTP_EV_SERVER_SET_FOLDER (0x2a|0x96|0x00)
                  raw data (26): 
                  2a 96 00 1a 00|e0 4e e4 08 dc 1b 00 02 10 00 01 
                  00 0b 00 70 00 74 00 73 00 00 cb 00 00 00 01
16:40:38:529    > BTP_FTP_CMD_SERVER_SET_FOLDER (0x2a|0x16|0x00)
                  raw data (8): 2a 16 00 08 00|e0 4e e4 08 dc 1b 00 a0
16:40:38:584    < BTP_FTP_CMD_SERVER_SET_FOLDER (0x2a|0x16|0x00)
                  raw data (0): 2a 16 00 00 00|
16:40:38:602    < BTP_FTP_EV_SERVER_PULL_FOLDER_LISTING (0x2a|0x97|0x00)
                  raw data (43): 
                  2a 97 00 2b 00|e0 4e e4 08 dc 1b 00 01 21 00 01 
                  00 03 42 00 19 78 2d 6f 62 65 78 2f 66 6f 6c 64 
                  65 72 2d 6c 69 73 74 69 6e 67 00 cb 00 00 00 01
16:40:38:603    > BTP_FTP_CMD_SERVER_PULL_FOLDER_LISTING (0x2a|0x17|0x00)
                  raw data (273): 
                  2a 17 00 11 01|e0 4e e4 08 dc 1b 00 90 07 01 48 
                  01 07 3c 3f 78 6d 6c 20 76 65 72 73 69 6f 6e 3d 
                  22 31 2e 30 22 3f 3e 0a 3c 21 44 4f 43 54 59 50 
                  45 20 66 6f 6c 64 65 72 2d 6c 69 73 74 69 6e 67 
                  20 53 59 53 54 45 4d 20 22 6f 62 65 78 2d 66 6f 
                  6c 64 65 72 2d 6c 69 73 74 69 6e 67 2e 64 74 64 
                  22 3e 0a 3c 66 6f 6c 64 65 72 2d 6c 69 73 74 69 
                  6e 67 20 76 65 72 73 69 6f 6e 3d 22 31 2e 30 22 
                  3e 0a 20 20 3c 70 61 72 65 6e 74 2d 66 6f 6c 64 
                  65 72 20 2f 3e 0a 20 20 3c 66 69 6c 65 20 6e 61 
                  6d 65 3d 22 41 43 54 5f 42 56 5f 30 34 5f 43 2e 
                  74 78 74 22 20 73 69 7a 65 3d 22 31 30 32 34 30 
                  22 20 2f 3e 0a 20 20 3c 66 69 6c 65 20 6e 61 6d 
                  65 3d 22 41 43 54 5f 42 56 5f 30 36 5f 43 2e 74 
                  78 74 22 20 73 69 7a 65 3d 22 31 30 32 34 30 22 
                  20 2f 3e 0a 20 20 3c 66 69 6c 65 20 6e 61 6d 65 
                  3d 22 4f 4d 41 5f 42 56 5f 30 34 5f 49 2e 74 78 
                  74 22 20 73 69 7a
16:40:38:693    < BTP_FTP_CMD_SERVER_PULL_FOLDER_LISTING (0x2a|0x17|0x00)
                  raw data (0): 2a 17 00 00 00|
16:40:38:704    < BTP_FTP_EV_SERVER_PULL_FOLDER_LISTING (0x2a|0x97|0x00)
                  raw data (10): 2a 97 00 0a 00|e0 4e e4 08 dc 1b 00 01 00 00
16:40:38:705    > BTP_FTP_CMD_SERVER_PULL_FOLDER_LISTING (0x2a|0x17|0x00)
                  raw data (273): 
                  2a 17 00 11 01|e0 4e e4 08 dc 1b 00 90 07 01 48 
                  01 07 65 3d 22 31 30 32 34 30 22 20 2f 3e 0a 20 
                  20 3c 66 69 6c 65 20 6e 61 6d 65 3d 22 4f 4d 41 
                  5f 42 56 5f 30 35 5f 49 2e 74 78 74 22 20 73 69 
                  7a 65 3d 22 31 30 32 34 30 22 20 2f 3e 0a 20 20 
                  3c 66 6f 6c 64 65 72 20 6e 61 6d 65 3d 22 4f 4d 
                  41 5f 42 56 5f 30 36 5f 49 22 20 2f 3e 0a 20 20 
                  3c 66 6f 6c 64 65 72 20 6e 61 6d 65 3d 22 4f 4d 
                  41 5f 42 56 5f 30 37 5f 49 22 20 2f 3e 0a 20 20 
                  3c 66 6f 6c 64 65 72 20 6e 61 6d 65 3d 22 4f 4d 
                  41 5f 42 56 5f 30 38 5f 49 22 20 2f 3e 0a 20 20 
                  3c 66 6f 6c 64 65 72 20 6e 61 6d 65 3d 22 4f 54 
                  52 5f 42 56 5f 30 38 5f 49 22 20 2f 3e 0a 20 20 
                  3c 66 6f 6c 64 65 72 20 6e 61 6d 65 3d 22 4f 54 
                  52 5f 42 56 5f 30 39 5f 49 22 20 2f 3e 0a 20 20 
                  3c 66 6f 6c 64 65 72 20 6e 61 6d 65 3d 22 4f 54 
                  52 5f 42 56 5f 31 30 5f 49 22 20 2f 3e 0a 20 20 
                  3c 66 69 6c 65 20
16:40:38:781    < BTP_FTP_CMD_SERVER_PULL_FOLDER_LISTING (0x2a|0x17|0x00)
                  raw data (0): 2a 17 00 00 00|
16:40:38:788    < BTP_FTP_EV_SERVER_PULL_FOLDER_LISTING (0x2a|0x97|0x00)
                  raw data (10): 2a 97 00 0a 00|e0 4e e4 08 dc 1b 00 01 00 00
16:40:38:789    > BTP_FTP_CMD_SERVER_PULL_FOLDER_LISTING (0x2a|0x17|0x00)
                  raw data (201): 
                  2a 17 00 c9 00|e0 4e e4 08 dc 1b 00 a0 bf 00 49 
                  00 bf 6e 61 6d 65 3d 22 4f 54 52 5f 42 56 5f 31 
                  31 2e 74 78 74 22 20 73 69 7a 65 3d 22 31 30 32 
                  34 30 22 20 2f 3e 0a 20 20 3c 66 69 6c 65 20 6e 
                  61 6d 65 3d 22 4f 54 52 5f 42 56 5f 31 32 5f 49 
                  2e 74 78 74 22 20 73 69 7a 65 3d 22 31 30 32 34 
                  30 22 20 2f 3e 0a 20 20 3c 66 69 6c 65 20 6e 61 
                  6d 65 3d 22 53 52 4d 50 5f 42 49 5f 30 32 5f 43 
                  2e 74 78 74 22 20 73 69 7a 65 3d 22 35 31 32 30 
                  30 22 20 2f 3e 0a 20 20 3c 66 69 6c 65 20 6e 61 
                  6d 65 3d 22 67 65 74 2e 74 78 74 22 20 73 69 7a 
                  65 3d 22 31 30 32 34 30 22 20 2f 3e 0a 3c 2f 66 
                  6f 6c 64 65 72 2d 6c 69 73 74 69 6e 67 3e
16:40:38:862    < BTP_FTP_CMD_SERVER_PULL_FOLDER_LISTING (0x2a|0x17|0x00)
                  raw data (0): 2a 17 00 00 00|
16:40:38:879    < BTP_FTP_EV_SERVER_SET_FOLDER (0x2a|0x96|0x00)
                  raw data (42): 
                  2a 96 00 2a 00|e0 4e e4 08 dc 1b 00 02 20 00 01 
                  00 1b 00 4f 00 4d 00 41 00 5f 00 42 00 56 00 5f 
                  00 30 00 36 00 5f 00 49 00 00 cb 00 00 00 01
16:40:38:880    > BTP_FTP_CMD_SERVER_SET_FOLDER (0x2a|0x16|0x00)
                  raw data (8): 2a 16 00 08 00|e0 4e e4 08 dc 1b 00 a0
16:40:38:927    < BTP_FTP_CMD_SERVER_SET_FOLDER (0x2a|0x16|0x00)
                  raw data (0): 2a 16 00 00 00|
16:40:38:944    < BTP_FTP_EV_SERVER_SET_FOLDER (0x2a|0x96|0x00)
                  raw data (18): 
                  2a 96 00 12 00|e0 4e e4 08 dc 1b 00 02 08 00 01 
                  00 03 cb 00 00 00 01
16:40:38:945    > BTP_FTP_CMD_SERVER_SET_FOLDER (0x2a|0x16|0x00)
                  raw data (8): 2a 16 00 08 00|e0 4e e4 08 dc 1b 00 a0
16:40:38:995    < BTP_FTP_CMD_SERVER_SET_FOLDER (0x2a|0x16|0x00)
                  raw data (0): 2a 16 00 00 00|
16:40:39:007    < BTP_FTP_EV_SERVER_DISCONNECT (0x2a|0x94|0x00)
                  raw data (14): 
                  2a 94 00 0e 00|e0 4e e4 08 dc 1b 00 05 00 cb 00 
                  00 00 01
16:40:39:008    > BTP_FTP_CMD_SERVER_DISCONNECT (0x2a|0x14|0x00)
                  raw data (8): 2a 14 00 08 00|e0 4e e4 08 dc 1b 00 a0
16:40:39:065    < BTP_FTP_CMD_SERVER_DISCONNECT (0x2a|0x14|0x00)
                  raw data (0): 2a 14 00 00 00|
16:40:39:083    < BTP_FTP_EV_SERVER_L2CAP_DISCONNECTED (0x2a|0x92|0x00)
                  raw data (7): 2a 92 00 07 00|e0 4e e4 08 dc 1b 00
16:40:39:084    < BTP_GAP_EV_DEVICE_DISCONNECTED (0x01|0x83|0x00)
                  raw data (7): 01 83 00 07 00|e0 4e e4 08 dc 1b 00
16:40:44:168    < BTP_CORE_EV_IUT_READY (0x00|0x80|0xff)
                  raw data (0): 00 80 ff 00 00|
