12:07:14:502    > BTP_CORE_CMD_READ_SUPPORTED_SERVICES (0x00|0x02|0xff)
                  raw data (0): 00 02 ff 00 00|
12:07:14:571    < BTP_CORE_CMD_READ_SUPPORTED_SERVICES (0x00|0x02|0xff)
                  raw data (5): 00 02 ff 05 00|0f 00 00 a0 03
12:07:14:590    > BTP_CORE_CMD_REGISTER_SERVICE (0x00|0x03|0xff)
                  raw data (1): 00 03 ff 01 00|01
12:07:18:737    < BTP_CORE_CMD_REGISTER_SERVICE (0x00|0x03|0xff)
                  raw data (0): 00 03 ff 00 00|
12:07:18:755    > BTP_GAP_CMD_READ_SUPPORTED_COMMANDS (0x01|0x01|0xff)
                  raw data (0): 01 01 ff 00 00|
12:07:18:835    < BTP_GAP_CMD_READ_SUPPORTED_COMMANDS (0x01|0x01|0xff)
                  raw data (7): 01 01 ff 07 00|6e ff 7f 1f fe ff 0e
12:07:18:852    > BTP_GAP_CMD_READ_CONTROLLER_INFO (0x01|0x03|0x00)
                  raw data (0): 01 03 00 00 00|
12:07:18:934    < BTP_GAP_CMD_READ_CONTROLLER_INFO (0x01|0x03|0x00)
                  raw data (277): 
                  01 03 00 15 01|19 78 ee 69 17 d0 d3 06 02 00 13 
                  02 00 00 00 00 00 62 74 70 5f 74 65 73 74 65 72 
                  00 00 00 00 00 00 00 00 00 00 00 00 00 00 00 00 
                  00 00 00 00 00 00 00 00 00 00 00 00 00 00 00 00 
                  00 00 00 00 00 00 00 00 00 00 00 00 00 00 00 00 
                  00 00 00 00 00 00 00 00 00 00 00 00 00 00 00 00 
                  00 00 00 00 00 00 00 00 00 00 00 00 00 00 00 00 
                  00 00 00 00 00 00 00 00 00 00 00 00 00 00 00 00 
                  00 00 00 00 00 00 00 00 00 00 00 00 00 00 00 00 
                  00 00 00 00 00 00 00 00 00 00 00 00 00 00 00 00 
                  00 00 00 00 00 00 00 00 00 00 00 00 00 00 00 00 
                  00 00 00 00 00 00 00 00 00 00 00 00 00 00 00 00 
                  00 00 00 00 00 00 00 00 00 00 00 00 00 00 00 00 
                  00 00 00 00 00 00 00 00 00 00 00 00 00 00 00 00 
                  00 00 00 00 00 00 00 00 00 00 00 00 00 00 00 00 
                  00 00 00 00 00 00 00 00 00 00 00 00 00 00 00 00 
                  00 00 00 00 00 00 00 00 00 00 00 00 00 00 00 00 
                  00 00 00 00 00 00 00 00 00 00
12:07:18:965    > BTP_CORE_CMD_REGISTER_SERVICE (0x00|0x03|0xff)
                  raw data (2): 00 03 ff 01 00|02
12:07:19:025    < BTP_CORE_CMD_REGISTER_SERVICE (0x00|0x03|0xff)
                  raw data (0): 00 03 ff 00 00|
12:07:19:046    > BTP_GATT_CMD_READ_SUPPORTED_COMMANDS (0x02|0x01|0xff)
                  raw data (0): 02 01 ff 00 00|
12:07:19:139    < BTP_GATT_CMD_READ_SUPPORTED_COMMANDS (0x02|0x01|0xff)
                  raw data (5): 02 01 ff 05 00|fe fe bf fd 0f
12:07:19:159    > BTP_CORE_CMD_REGISTER_SERVICE (0x00|0x03|0xff)
                  raw data (33): 00 03 ff 01 00|21
12:07:19:223    < BTP_CORE_CMD_REGISTER_SERVICE (0x00|0x03|0xff)
                  raw data (0): 00 03 ff 00 00|
12:07:19:239    > BTP_BIP_CMD_READ_SUPPORTED_COMMANDS (0x21|0x01|0xff)
                  raw data (0): 21 01 ff 00 00|
12:07:19:321    < BTP_BIP_CMD_READ_SUPPORTED_COMMANDS (0x21|0x01|0xff)
                  raw data (10): 21 01 ff 0a 00|da fe ff ff ff ff ff ff ff 1f
12:07:29:409    > BTP_GAP_CMD_CONNECT (0x01|0x0e|0x00)
                  raw data (8): 01 0e 00 08 00|e0 4e e4 08 dc 1b 00 00
12:07:29:440    < BTP_GAP_CMD_CONNECT (0x01|0x0e|0x00)
                  raw data (0): 01 0e 00 00 00|
12:07:33:255    < BTP_GAP_EV_DEVICE_CONNECTED (0x01|0x82|0x00)
                  raw data (13): 
                  01 82 00 0d 00|e0 4e e4 08 dc 1b 00 00 00 00 00 
                  00 00
12:07:33:263    > BTP_BIP_CMD_SDP_DISCOVER (0x21|0x09|0x00)
                  raw data (9): 21 09 00 09 00|e0 4e e4 08 dc 1b 00 1a 11
12:07:33:337    < BTP_BIP_CMD_SDP_DISCOVER (0x21|0x09|0x00)
                  raw data (0): 21 09 00 00 00|
12:07:33:356    < BTP_BIP_EV_SDP_DISCOVERED (0x21|0xaa|0x00)
                  raw data (17): 
                  21 aa 00 11 00|e0 4e e4 08 dc 1b 00 08 03 10 00 
                  00 00 0f 00 00 00
12:07:33:457    > BTP_BIP_CMD_CONNECT_L2CAP (0x21|0x06|0x00)
                  raw data (9): 21 06 00 09 00|e0 4e e4 08 dc 1b 00 03 10
12:07:33:517    < BTP_BIP_CMD_CONNECT_L2CAP (0x21|0x06|0x00)
                  raw data (0): 21 06 00 00 00|
12:07:35:282    < BTP_GAP_EV_ENCRYPTION_CHANGE (0x01|0x91|0x00)
                  raw data (9): 01 91 00 09 00|e0 4e e4 08 dc 1b 00 01 10
12:07:35:283    < BTP_GAP_EV_SEC_LEVEL_CHANGED (0x01|0x89|0x00)
                  raw data (8): 01 89 00 08 00|e0 4e e4 08 dc 1b 00 02
12:07:35:293    < BTP_BIP_EV_L2CAP_CONNECTED (0x21|0x82|0x00)
                  raw data (7): 21 82 00 07 00|e0 4e e4 08 dc 1b 00
12:07:36:349    > BTP_BIP_CMD_CLIENT_CONNECT (0x21|0x0c|0x00)
                  raw data (8): 21 0c 00 08 00|e0 4e e4 08 dc 1b 00 01
12:07:36:413    < BTP_BIP_CMD_CLIENT_CONNECT (0x21|0x0c|0x00)
                  raw data (0): 21 0c 00 00 00|
12:07:36:430    < BTP_BIP_EV_CLIENT_CONNECTED (0x21|0x97|0x00)
                  raw data (41): 
                  21 97 00 29 00|e0 4e e4 08 dc 1b 00 a0 10 fe 06 
                  e6 06 27 ba 18 00 4a 00 13 8e e9 b3 d0 46 08 11 
                  d5 84 1a 00 02 a5 32 5b 4e cb ba 27 06 e6
12:07:37:536    > BTP_BIP_CMD_GET_IMAGE_LIST (0x21|0x14|0x00)
                  raw data (54): 
                  21 14 00 36 00|e0 4e e4 08 dc 1b 00 01 2c 00 cb 
                  ba 27 06 e6 42 00 14 78 2d 62 74 2f 69 6d 67 2d 
                  6c 69 73 74 69 6e 67 00 97 01 4c 00 0e 01 02 ff 
                  ff 02 02 00 00 03 01 00 71 00 03
12:07:37:589    < BTP_BIP_CMD_GET_IMAGE_LIST (0x21|0x14|0x00)
                  raw data (0): 21 14 00 00 00|
12:07:37:612    < BTP_BIP_EV_CLIENT_GET_IMAGE_LIST_RSP (0x21|0x9b|0x00)
                  raw data (246): 
                  21 9b 00 f6 00|e0 4e e4 08 dc 1b 00 a0 ec 00 4c 
                  00 07 01 02 00 02 71 00 03 97 01 49 00 e0 3c 69 
                  6d 61 67 65 73 2d 6c 69 73 74 69 6e 67 20 76 65 
                  72 73 69 6f 6e 3d 22 31 2e 30 22 3e 0d 0a 20 20 
                  3c 69 6d 61 67 65 20 68 61 6e 64 6c 65 3d 22 31 
                  30 30 30 30 30 31 22 20 63 72 65 61 74 65 64 3d 
                  22 32 30 32 36 30 39 31 35 54 30 34 30 37 33 37 
                  5a 22 20 6d 6f 64 69 66 69 65 64 3d 22 32 30 32 
                  36 30 39 32 32 54 30 34 30 37 33 37 5a 22 20 2f 
                  3e 0d 0a 20 20 3c 69 6d 61 67 65 20 68 61 6e 64 
                  6c 65 3d 22 31 30 30 30 30 30 32 22 20 63 72 65 
                  61 74 65 64 3d 22 32 30 32 36 30 39 31 35 54 30 
                  34 30 37 33 37 5a 22 20 6d 6f 64 69 66 69 65 64 
                  3d 22 32 30 32 36 30 39 32 32 54 30 34 30 37 33 
                  37 5a 22 20 2f 3e 0d 0a 3c 2f 69 6d 61 67 65 73 
                  2d 6c 69 73 74 69 6e 67 3e 0d 0a
12:07:42:638    < BTP_BIP_EV_L2CAP_DISCONNECTED (0x21|0x83|0x00)
                  raw data (7): 21 83 00 07 00|e0 4e e4 08 dc 1b 00
12:07:42:641    < BTP_GAP_EV_DEVICE_DISCONNECTED (0x01|0x83|0x00)
                  raw data (7): 01 83 00 07 00|e0 4e e4 08 dc 1b 00
12:07:46:656    < BTP_CORE_EV_IUT_READY (0x00|0x80|0xff)
                  raw data (0): 00 80 ff 00 00|
