2026-09-17 00:35:50,166 LT1-thread root DEBUG client.py                 1099  _run_test_case            : Starting TestCase _run_test_case GAP GAP/SEC/SEM/BV-25-C
2026-09-17 00:35:50,167 LT1-thread root DEBUG testcase.py               727   pre_run                   : pre_run GAP GAP/SEC/SEM/BV-25-C
2026-09-17 00:35:50,168 LT1-thread root DEBUG testcase.py               729   pre_run                   : About to run test case GAP GAP/SEC/SEM/BV-25-C with commands:
2026-09-17 00:35:50,168 LT1-thread root DEBUG testcase.py               731   pre_run                   : 0) class=<class 'autopts.ptsprojects.testcase.TestFunc'>, func=<bound method ZTestCase._test_case_start of <autopts.ptsprojects.zephyr.ztestcase.ZTestCase object at 0x000002A76A047710>> start_wid=None stop_wid=None post_wid=None skip_call=None call_count=1 args=() kwds={}
2026-09-17 00:35:50,168 LT1-thread root DEBUG testcase.py               731   pre_run                   : 1) class=<class 'autopts.ptsprojects.testcase.TestFunc'>, func=<function core_reg_svc_gap at 0x000002A7673C8720> start_wid=None stop_wid=None post_wid=None skip_call=None call_count=12 args=() kwds={}
2026-09-17 00:35:50,168 LT1-thread root DEBUG testcase.py               731   pre_run                   : 2) class=<class 'autopts.ptsprojects.testcase.TestFunc'>, func=<bound method Stack.gap_init of <autopts.ptsprojects.stack.stack.Stack object at 0x000002A768AF7AD0>> start_wid=None stop_wid=None post_wid=None skip_call=None call_count=12 args=(b'Tester_08E44E', 'ABCD', '1111', '1111', '11', '1111', b'\x17github.com/auto-pts', (8, 'PADV_Tester'), 'FF') kwds={}
2026-09-17 00:35:50,168 LT1-thread root DEBUG testcase.py               731   pre_run                   : 3) class=<class 'autopts.ptsprojects.testcase.TestFunc'>, func=<function gap_read_controller_info at 0x000002A7673E7560> start_wid=None stop_wid=None post_wid=None skip_call=None call_count=12 args=() kwds={}
2026-09-17 00:35:50,169 LT1-thread root DEBUG testcase.py               731   pre_run                   : 4) class=<class 'autopts.ptsprojects.testcase.TestFunc'>, func=<function test_cases.<locals>.<lambda> at 0x000002A769F8EA20> start_wid=None stop_wid=None post_wid=None skip_call=None call_count=12 args=() kwds={}
2026-09-17 00:35:50,169 LT1-thread root DEBUG testcase.py               731   pre_run                   : 5) class=<class 'autopts.ptsprojects.testcase.TestFunc'>, func=<function test_cases.<locals>.<lambda> at 0x000002A769F8E3E0> start_wid=None stop_wid=None post_wid=None skip_call=None call_count=12 args=() kwds={}
2026-09-17 00:35:50,169 LT1-thread root DEBUG testcase.py               731   pre_run                   : 6) class=<class 'autopts.ptsprojects.testcase.TestFunc'>, func=<function test_cases.<locals>.<lambda> at 0x000002A769F8D440> start_wid=None stop_wid=None post_wid=None skip_call=None call_count=12 args=() kwds={}
2026-09-17 00:35:50,169 LT1-thread root DEBUG testcase.py               731   pre_run                   : 7) class=<class 'autopts.ptsprojects.testcase.TestFunc'>, func=<function test_cases.<locals>.<lambda> at 0x000002A769F8D3A0> start_wid=None stop_wid=None post_wid=None skip_call=None call_count=12 args=() kwds={}
2026-09-17 00:35:50,169 LT1-thread root DEBUG testcase.py               731   pre_run                   : 8) class=<class 'autopts.ptsprojects.testcase.TestFunc'>, func=<function test_cases.<locals>.<lambda> at 0x000002A769F8EE80> start_wid=None stop_wid=None post_wid=None skip_call=None call_count=12 args=() kwds={}
2026-09-17 00:35:50,169 LT1-thread root DEBUG testcase.py               731   pre_run                   : 9) class=<class 'autopts.ptsprojects.testcase.TestFunc'>, func=<function test_cases.<locals>.<lambda> at 0x000002A769F8EB60> start_wid=None stop_wid=None post_wid=None skip_call=None call_count=12 args=() kwds={}
2026-09-17 00:35:50,169 LT1-thread root DEBUG testcase.py               731   pre_run                   : 10) class=<class 'autopts.ptsprojects.testcase.TestFunc'>, func=<function test_cases.<locals>.<lambda> at 0x000002A769F8D1C0> start_wid=None stop_wid=None post_wid=None skip_call=None call_count=12 args=() kwds={}
2026-09-17 00:35:50,169 LT1-thread root DEBUG testcase.py               731   pre_run                   : 11) class=<class 'autopts.ptsprojects.testcase.TestFunc'>, func=<function test_cases.<locals>.<lambda> at 0x000002A769F8DDA0> start_wid=None stop_wid=None post_wid=None skip_call=None call_count=12 args=() kwds={}
2026-09-17 00:35:50,169 LT1-thread root DEBUG testcase.py               731   pre_run                   : 12) class=<class 'autopts.ptsprojects.testcase.TestFunc'>, func=<function test_cases.<locals>.<lambda> at 0x000002A769F8FF60> start_wid=None stop_wid=None post_wid=None skip_call=None call_count=12 args=() kwds={}
2026-09-17 00:35:50,169 LT1-thread root DEBUG testcase.py               731   pre_run                   : 13) class=<class 'autopts.ptsprojects.testcase.TestFunc'>, func=<function test_cases.<locals>.<lambda> at 0x000002A769F8C720> start_wid=None stop_wid=None post_wid=None skip_call=None call_count=12 args=() kwds={}
2026-09-17 00:35:50,169 LT1-thread root DEBUG testcase.py               731   pre_run                   : 14) class=<class 'autopts.ptsprojects.testcase.TestFunc'>, func=<function core_reg_svc_gatt at 0x000002A7673C8860> start_wid=None stop_wid=None post_wid=None skip_call=None call_count=12 args=() kwds={}
2026-09-17 00:35:50,170 LT1-thread root DEBUG testcase.py               731   pre_run                   : 15) class=<class 'autopts.ptsprojects.testcase.TestFunc'>, func=<bound method Stack.gatt_init of <autopts.ptsprojects.stack.stack.Stack object at 0x000002A768AF7AD0>> start_wid=None stop_wid=None post_wid=None skip_call=None call_count=12 args=() kwds={}
2026-09-17 00:35:50,170 LT1-thread root DEBUG testcase.py               731   pre_run                   : 16) class=<class 'autopts.ptsprojects.testcase.TestFunc'>, func=<function gap_set_io_capability at 0x000002A7673E6A20> start_wid=None stop_wid=None post_wid=None skip_call=None call_count=12 args=(4,) kwds={}
2026-09-17 00:35:50,170 LT1-thread root DEBUG testcase.py               731   pre_run                   : 17) class=<class 'autopts.ptsprojects.testcase.TestFunc'>, func=<function gap_set_broadcast_code at 0x000002A767408C20> start_wid=None stop_wid=None post_wid=None skip_call=None call_count=12 args=('0102680553F1415AA265BBAFC6EA03B8',) kwds={}
2026-09-17 00:35:50,170 LT1-thread root DEBUG testcase.py               731   pre_run                   : 18) class=<class 'autopts.ptsprojects.testcase.TestFunc'>, func=<function set_pts_addr at 0x000002A7673C82C0> start_wid=None stop_wid=None post_wid=None skip_call=None call_count=12 args=('00:1B:DC:08:E4:4E', 0) kwds={}
2026-09-17 00:35:50,170 LT1-thread root DEBUG testcase.py               731   pre_run                   : 19) class=<class 'autopts.ptsprojects.testcase.TestFunc'>, func=<function test_cases.<locals>.<lambda> at 0x000002A769F8F2E0> start_wid=None stop_wid=None post_wid=None skip_call=None call_count=12 args=() kwds={}
2026-09-17 00:35:50,170 LT1-thread root DEBUG testcase.py               731   pre_run                   : 20) class=<class 'autopts.ptsprojects.testcase.TestFunc'>, func=<function test_cases.<locals>.<lambda> at 0x000002A769F8F920> start_wid=None stop_wid=None post_wid=None skip_call=None call_count=12 args=() kwds={}
2026-09-17 00:35:50,170 LT1-thread root DEBUG testcase.py               731   pre_run                   : 21) class=<class 'autopts.ptsprojects.testcase.TestFunc'>, func=<function test_cases.<locals>.<lambda> at 0x000002A769F8DF80> start_wid=None stop_wid=None post_wid=None skip_call=None call_count=12 args=() kwds={}
2026-09-17 00:35:50,170 LT1-thread root DEBUG testcase.py               731   pre_run                   : 22) class=<class 'autopts.ptsprojects.testcase.TestFunc'>, func=<function test_cases.<locals>.<lambda> at 0x000002A769F8E0C0> start_wid=None stop_wid=None post_wid=None skip_call=None call_count=12 args=() kwds={}
2026-09-17 00:35:50,170 LT1-thread root DEBUG testcase.py               731   pre_run                   : 23) class=<class 'autopts.ptsprojects.testcase.TestFunc'>, func=<function test_cases.<locals>.<lambda> at 0x000002A769F8DE40> start_wid=None stop_wid=None post_wid=None skip_call=None call_count=12 args=() kwds={}
2026-09-17 00:35:50,171 LT1-thread root DEBUG testcase.py               731   pre_run                   : 24) class=<class 'autopts.ptsprojects.testcase.TestFunc'>, func=<function test_cases.<locals>.<lambda> at 0x000002A769F8E980> start_wid=None stop_wid=None post_wid=None skip_call=None call_count=12 args=() kwds={}
2026-09-17 00:35:50,171 LT1-thread root DEBUG testcase.py               731   pre_run                   : 25) class=<class 'autopts.ptsprojects.testcase.TestFunc'>, func=<function test_cases.<locals>.<lambda> at 0x000002A769F8CCC0> start_wid=None stop_wid=None post_wid=None skip_call=None call_count=12 args=() kwds={}
2026-09-17 00:35:50,171 LT1-thread root DEBUG testcase.py               731   pre_run                   : 26) class=<class 'autopts.ptsprojects.testcase.TestFunc'>, func=<function gap_set_io_capability at 0x000002A7673E6A20> start_wid=None stop_wid=None post_wid=None skip_call=None call_count=12 args=(3,) kwds={}
2026-09-17 00:35:50,171 LT1-thread root DEBUG testcase.py               731   pre_run                   : 27) class=<class 'autopts.ptsprojects.testcase.TestFunc'>, func=<function core_reg_svc_l2cap at 0x000002A7673C89A0> start_wid=None stop_wid=None post_wid=None skip_call=None call_count=12 args=() kwds={}
2026-09-17 00:35:50,171 LT1-thread root DEBUG testcase.py               731   pre_run                   : 28) class=<class 'autopts.ptsprojects.testcase.TestFunc'>, func=<bound method Stack.l2cap_init of <autopts.ptsprojects.stack.stack.Stack object at 0x000002A768AF7AD0>> start_wid=None stop_wid=None post_wid=None skip_call=None call_count=12 args=(4097, 120) kwds={}
2026-09-17 00:35:50,171 LT1-thread root DEBUG testcase.py               731   pre_run                   : 29) class=<class 'autopts.ptsprojects.testcase.TestFunc'>, func=<function gap_set_io_capability at 0x000002A7673E6A20> start_wid=None stop_wid=None post_wid=None skip_call=None call_count=1 args=(1,) kwds={}
2026-09-17 00:35:50,171 LT1-thread root DEBUG testcase.py               731   pre_run                   : 30) class=<class 'autopts.ptsprojects.testcase.TestFuncCleanUp'>, func=<bound method ZTestCase._test_case_cleanup of <autopts.ptsprojects.zephyr.ztestcase.ZTestCase object at 0x000002A76A047710>> start_wid=None stop_wid=None post_wid=None skip_call=None call_count=1 args=() kwds={}
2026-09-17 00:35:50,171 LT1-thread root DEBUG testcase.py               738   pre_run                   : pre_run, run pre test case script
2026-09-17 00:35:50,180 LT1-thread root DEBUG testcase.py               254   start                     : Starting test function: class=<class 'autopts.ptsprojects.testcase.TestFunc'>, func=<bound method ZTestCase._test_case_start of <autopts.ptsprojects.zephyr.ztestcase.ZTestCase object at 0x000002A76A047710>> start_wid=None stop_wid=None post_wid=None skip_call=None call_count=2 args=() kwds={}
2026-09-17 00:35:50,181 LT1-thread root DEBUG testcase.py               266   start                     : Test function parameters: args=(), kwds={}
2026-09-17 00:35:50,181 LT1-thread root DEBUG iutctl.py                 172   start                     : <class 'autopts.ptsprojects.zephyr.iutctl.create_zephyr_ctl_class.<locals>.ZephyrCtl'>.start
2026-09-17 00:35:50,181 LT1-thread root DEBUG iutctl.py                 325   flush_serial              : <class 'autopts.ptsprojects.zephyr.iutctl.create_zephyr_ctl_class.<locals>.ZephyrCtl'>.flush_serial
2026-09-17 00:35:51,358 LT1-thread root DEBUG iutctl.py                 249   _start_tty_mode           : Starting socat process: socat.exe -x -v tcp:10.17.12.9:64639,retry=100,interval=1 /dev/ttyS2,raw,b115200,
2026-09-17 00:35:51,366 LT1-thread root DEBUG iutctl_common.py          402   accept                    : 
2026-09-17 00:35:51,442 BTPWorkerThread-7460 (_rx_task) root DEBUG iutctl_common.py          299   _rx_task                  : BTPWorkerThread-7460 (_rx_task) started
2026-09-17 00:35:51,443 LT1-thread root DEBUG iutctl.py                 395   wait_iut_ready_event      : IUT ready event received OK
2026-09-17 00:35:51,443 LT1-thread root DEBUG btp.py                    51    read_supp_svcs            : 
2026-09-17 00:35:51,443 LT1-thread root DEBUG iutctl_common.py          161   send                      : 0 2 255 ''
2026-09-17 00:35:51,443 LT1-thread root DEBUG iutctl_common.py          166   send                      : sending frame '0002ff0000'
2026-09-17 00:35:51,444 LT1-thread root DEBUG iutctl_common.py          339   read                      : 
2026-09-17 00:35:51,459 BTPWorkerThread-7460 (_rx_task) root DEBUG iutctl_common.py          123   read                      : Read 5 bytes
2026-09-17 00:35:51,470 BTPWorkerThread-7460 (_rx_task) root DEBUG iutctl_common.py          131   read                      : Received: hdr: Header(svc_id=0x00, op=0x02, ctrl_index=0xff, data_len=0x05) bytearray(b'\x00\x02\xff\x05\x00')
2026-09-17 00:35:51,493 BTPWorkerThread-7460 (_rx_task) root DEBUG iutctl_common.py          139   read                      : Read 5 bytes data
2026-09-17 00:35:51,504 BTPWorkerThread-7460 (_rx_task) root DEBUG iutctl_common.py          154   read                      : Received data: {'0f 00 00 a0 01'}, bytearray(b'\x0f\x00\x00\xa0\x01')
2026-09-17 00:35:51,520 LT1-thread root DEBUG btp.py                    62    read_supp_svcs            : received Header(svc_id=0, op=2, ctrl_index=255, data_len=5) (b'\x0f\x00\x00\xa0\x01',)
2026-09-17 00:35:51,520 LT1-thread root DEBUG testcase.py               254   start                     : Starting test function: class=<class 'autopts.ptsprojects.testcase.TestFunc'>, func=<function core_reg_svc_gap at 0x000002A7673C8720> start_wid=None stop_wid=None post_wid=None skip_call=None call_count=13 args=() kwds={}
2026-09-17 00:35:51,520 LT1-thread root DEBUG testcase.py               266   start                     : Test function parameters: args=(), kwds={}
2026-09-17 00:35:51,520 LT1-thread root DEBUG btp.py                    117   core_reg_svc_univ         : core_reg_svc_univ: gap_reg (GAP)
2026-09-17 00:35:51,520 LT1-thread root DEBUG iutctl_common.py          161   send                      : 0 3 255 '1'
2026-09-17 00:35:51,520 LT1-thread root DEBUG iutctl_common.py          166   send                      : sending frame '0003ff010001'
2026-09-17 00:35:51,521 LT1-thread root DEBUG btp.py                    618   core_reg_svc_rsp_succ     : 
2026-09-17 00:35:51,521 LT1-thread root DEBUG iutctl_common.py          339   read                      : 
2026-09-17 00:35:55,659 BTPWorkerThread-7460 (_rx_task) root DEBUG iutctl_common.py          123   read                      : Read 5 bytes
2026-09-17 00:35:55,665 BTPWorkerThread-7460 (_rx_task) root DEBUG iutctl_common.py          131   read                      : Received: hdr: Header(svc_id=0x00, op=0x03, ctrl_index=0xff, data_len=0x00) bytearray(b'\x00\x03\xff\x00\x00')
2026-09-17 00:35:55,665 BTPWorkerThread-7460 (_rx_task) root DEBUG iutctl_common.py          154   read                      : Received data: {''}, bytearray(b'')
2026-09-17 00:35:55,675 LT1-thread root DEBUG btp.py                    629   core_reg_svc_rsp_succ     : received Header(svc_id=0, op=3, ctrl_index=255, data_len=0) (b'',)
2026-09-17 00:35:55,675 LT1-thread root DEBUG btp.py                    630   core_reg_svc_rsp_succ     : expected ((0, 3, 255, 0), (b'',))
2026-09-17 00:35:55,675 LT1-thread root DEBUG btp.py                    635   core_reg_svc_rsp_succ     : response is valid
2026-09-17 00:35:55,675 LT1-thread root DEBUG btp.py                    638   core_reg_svc_rsp_succ     : Reading supported commands for service: GAP
2026-09-17 00:35:55,675 LT1-thread root DEBUG iutctl_common.py          161   send                      : 1 1 255 ''
2026-09-17 00:35:55,676 LT1-thread root DEBUG iutctl_common.py          166   send                      : sending frame '0101ff0000'
2026-09-17 00:35:55,676 LT1-thread root DEBUG iutctl_common.py          339   read                      : 
2026-09-17 00:35:55,704 BTPWorkerThread-7460 (_rx_task) root DEBUG iutctl_common.py          123   read                      : Read 5 bytes
2026-09-17 00:35:55,716 BTPWorkerThread-7460 (_rx_task) root DEBUG iutctl_common.py          131   read                      : Received: hdr: Header(svc_id=0x01, op=0x01, ctrl_index=0xff, data_len=0x07) bytearray(b'\x01\x01\xff\x07\x00')
2026-09-17 00:35:55,731 BTPWorkerThread-7460 (_rx_task) root DEBUG iutctl_common.py          139   read                      : Read 7 bytes data
2026-09-17 00:35:55,736 BTPWorkerThread-7460 (_rx_task) root DEBUG iutctl_common.py          154   read                      : Received data: {'6e ff 7f 1f fe ff 0e'}, bytearray(b'n\xff\x7f\x1f\xfe\xff\x0e')
2026-09-17 00:35:55,753 LT1-thread root DEBUG testcase.py               254   start                     : Starting test function: class=<class 'autopts.ptsprojects.testcase.TestFunc'>, func=<bound method Stack.gap_init of <autopts.ptsprojects.stack.stack.Stack object at 0x000002A768AF7AD0>> start_wid=None stop_wid=None post_wid=None skip_call=None call_count=13 args=(b'Tester_08E44E', 'ABCD', '1111', '1111', '11', '1111', b'\x17github.com/auto-pts', (8, 'PADV_Tester'), 'FF') kwds={}
2026-09-17 00:35:55,753 LT1-thread root DEBUG testcase.py               266   start                     : Test function parameters: args=(b'Tester_08E44E', 'ABCD', '1111', '1111', '11', '1111', b'\x17github.com/auto-pts', (8, 'PADV_Tester'), 'FF'), kwds={}
2026-09-17 00:35:55,753 LT1-thread root DEBUG testcase.py               254   start                     : Starting test function: class=<class 'autopts.ptsprojects.testcase.TestFunc'>, func=<function gap_read_controller_info at 0x000002A7673E7560> start_wid=None stop_wid=None post_wid=None skip_call=None call_count=13 args=() kwds={}
2026-09-17 00:35:55,753 LT1-thread root DEBUG testcase.py               266   start                     : Test function parameters: args=(), kwds={}
2026-09-17 00:35:55,754 LT1-thread root DEBUG gap.py                    1161  gap_read_controller_info  : 
2026-09-17 00:35:55,754 LT1-thread root DEBUG iutctl_common.py          161   send                      : 1 3 0 ''
2026-09-17 00:35:55,754 LT1-thread root DEBUG iutctl_common.py          166   send                      : sending frame '0103000000'
2026-09-17 00:35:55,754 LT1-thread root DEBUG iutctl_common.py          339   read                      : 
2026-09-17 00:35:55,796 BTPWorkerThread-7460 (_rx_task) root DEBUG iutctl_common.py          123   read                      : Read 5 bytes
2026-09-17 00:35:55,808 BTPWorkerThread-7460 (_rx_task) root DEBUG iutctl_common.py          131   read                      : Received: hdr: Header(svc_id=0x01, op=0x03, ctrl_index=0x00, data_len=0x115) bytearray(b'\x01\x03\x00\x15\x01')
2026-09-17 00:35:55,830 BTPWorkerThread-7460 (_rx_task) root DEBUG iutctl_common.py          139   read                      : Read 277 bytes data
2026-09-17 00:35:55,842 BTPWorkerThread-7460 (_rx_task) root DEBUG iutctl_common.py          154   read                      : Received data: {'19 78 ee 69 17 d0 d3 06 02 00 13 02 00 00 00 00 00 62 74 70 5f 74 65 73 74 65 72 00 00 00 00 00 00 00 00 00 00 00 00 00 00 00 00 00 00 00 00 00 00 00 00 00 00 00 00 00 00 00 00 00 00 00 00 00 00 00 00 00 00 00 00 00 00 00 00 00 00 00 00 00 00 00 00 00 00 00 00 00 00 00 00 00 00 00 00 00 00 00 00 00 00 00 00 00 00 00 00 00 00 00 00 00 00 00 00 00 00 00 00 00 00 00 00 00 00 00 00 00 00 00 00 00 00 00 00 00 00 00 00 00 00 00 00 00 00 00 00 00 00 00 00 00 00 00 00 00 00 00 00 00 00 00 00 00 00 00 00 00 00 00 00 00 00 00 00 00 00 00 00 00 00 00 00 00 00 00 00 00 00 00 00 00 00 00 00 00 00 00 00 00 00 00 00 00 00 00 00 00 00 00 00 00 00 00 00 00 00 00 00 00 00 00 00 00 00 00 00 00 00 00 00 00 00 00 00 00 00 00 00 00 00 00 00 00 00 00 00 00 00 00 00 00 00 00 00 00 00 00 00 00 00 00 00 00 00 00 00 00 00 00 00 00 00 00 00 00 00'}, bytearray(b'\x19x\xeei\x17\xd0\xd3\x06\x02\x00\x13\x02\x00\x00\x00\x00\x00btp_tester\x00\x00\x00\x00\x00\x00\x00\x00\x00\x00\x00\x00\x00\x00\x00\x00\x00\x00\x00\x00\x00\x00\x00\x00\x00\x00\x00\x00\x00\x00\x00\x00\x00\x00\x00\x00\x00\x00\x00\x00\x00\x00\x00\x00\x00\x00\x00\x00\x00\x00\x00\x00\x00\x00\x00\x00\x00\x00\x00\x00\x00\x00\x00\x00\x00\x00\x00\x00\x00\x00\x00\x00\x00\x00\x00\x00\x00\x00\x00\x00\x00\x00\x00\x00\x00\x00\x00\x00\x00\x00\x00\x00\x00\x00\x00\x00\x00\x00\x00\x00\x00\x00\x00\x00\x00\x00\x00\x00\x00\x00\x00\x00\x00\x00\x00\x00\x00\x00\x00\x00\x00\x00\x00\x00\x00\x00\x00\x00\x00\x00\x00\x00\x00\x00\x00\x00\x00\x00\x00\x00\x00\x00\x00\x00\x00\x00\x00\x00\x00\x00\x00\x00\x00\x00\x00\x00\x00\x00\x00\x00\x00\x00\x00\x00\x00\x00\x00\x00\x00\x00\x00\x00\x00\x00\x00\x00\x00\x00\x00\x00\x00\x00\x00\x00\x00\x00\x00\x00\x00\x00\x00\x00\x00\x00\x00\x00\x00\x00\x00\x00\x00\x00\x00\x00\x00\x00\x00\x00\x00\x00\x00\x00\x00\x00\x00\x00\x00\x00\x00\x00\x00\x00\x00\x00\x00\x00\x00\x00\x00\x00\x00\x00\x00\x00\x00\x00\x00\x00\x00\x00\x00\x00\x00\x00\x00\x00\x00\x00\x00\x00')
2026-09-17 00:35:55,858 LT1-thread root DEBUG gap.py                    1168  gap_read_controller_info  : received Header(svc_id=1, op=3, ctrl_index=0, data_len=277) (b'\x19x\xeei\x17\xd0\xd3\x06\x02\x00\x13\x02\x00\x00\x00\x00\x00btp_tester\x00\x00\x00\x00\x00\x00\x00\x00\x00\x00\x00\x00\x00\x00\x00\x00\x00\x00\x00\x00\x00\x00\x00\x00\x00\x00\x00\x00\x00\x00\x00\x00\x00\x00\x00\x00\x00\x00\x00\x00\x00\x00\x00\x00\x00\x00\x00\x00\x00\x00\x00\x00\x00\x00\x00\x00\x00\x00\x00\x00\x00\x00\x00\x00\x00\x00\x00\x00\x00\x00\x00\x00\x00\x00\x00\x00\x00\x00\x00\x00\x00\x00\x00\x00\x00\x00\x00\x00\x00\x00\x00\x00\x00\x00\x00\x00\x00\x00\x00\x00\x00\x00\x00\x00\x00\x00\x00\x00\x00\x00\x00\x00\x00\x00\x00\x00\x00\x00\x00\x00\x00\x00\x00\x00\x00\x00\x00\x00\x00\x00\x00\x00\x00\x00\x00\x00\x00\x00\x00\x00\x00\x00\x00\x00\x00\x00\x00\x00\x00\x00\x00\x00\x00\x00\x00\x00\x00\x00\x00\x00\x00\x00\x00\x00\x00\x00\x00\x00\x00\x00\x00\x00\x00\x00\x00\x00\x00\x00\x00\x00\x00\x00\x00\x00\x00\x00\x00\x00\x00\x00\x00\x00\x00\x00\x00\x00\x00\x00\x00\x00\x00\x00\x00\x00\x00\x00\x00\x00\x00\x00\x00\x00\x00\x00\x00\x00\x00\x00\x00\x00\x00\x00\x00\x00\x00\x00\x00\x00\x00\x00\x00\x00\x00\x00\x00\x00\x00\x00\x00\x00\x00\x00\x00\x00\x00\x00\x00\x00\x00\x00',)
2026-09-17 00:35:55,858 LT1-thread root DEBUG gap.py                    1189  gap_read_controller_info  : IUT address 'd01769ee7819' 'public'
2026-09-17 00:35:55,858 LT1-thread root DEBUG gap.py                    594   __gap_current_settings_update : 531
2026-09-17 00:35:55,858 LT1-thread root DEBUG testcase.py               254   start                     : Starting test function: class=<class 'autopts.ptsprojects.testcase.TestFunc'>, func=<function test_cases.<locals>.<lambda> at 0x000002A769F8EA20> start_wid=None stop_wid=None post_wid=None skip_call=None call_count=13 args=() kwds={}
2026-09-17 00:35:55,858 LT1-thread root DEBUG testcase.py               266   start                     : Test function parameters: args=(), kwds={}
2026-09-17 00:35:55,861 LT1-thread root DEBUG testcase.py               254   start                     : Starting test function: class=<class 'autopts.ptsprojects.testcase.TestFunc'>, func=<function test_cases.<locals>.<lambda> at 0x000002A769F8E3E0> start_wid=None stop_wid=None post_wid=None skip_call=None call_count=13 args=() kwds={}
2026-09-17 00:35:55,862 LT1-thread root DEBUG testcase.py               266   start                     : Test function parameters: args=(), kwds={}
2026-09-17 00:35:55,865 LT1-thread root DEBUG testcase.py               254   start                     : Starting test function: class=<class 'autopts.ptsprojects.testcase.TestFunc'>, func=<function test_cases.<locals>.<lambda> at 0x000002A769F8D440> start_wid=None stop_wid=None post_wid=None skip_call=None call_count=13 args=() kwds={}
2026-09-17 00:35:55,865 LT1-thread root DEBUG testcase.py               266   start                     : Test function parameters: args=(), kwds={}
2026-09-17 00:35:55,868 LT1-thread root DEBUG testcase.py               254   start                     : Starting test function: class=<class 'autopts.ptsprojects.testcase.TestFunc'>, func=<function test_cases.<locals>.<lambda> at 0x000002A769F8D3A0> start_wid=None stop_wid=None post_wid=None skip_call=None call_count=13 args=() kwds={}
2026-09-17 00:35:55,868 LT1-thread root DEBUG testcase.py               266   start                     : Test function parameters: args=(), kwds={}
2026-09-17 00:35:55,871 LT1-thread root DEBUG testcase.py               254   start                     : Starting test function: class=<class 'autopts.ptsprojects.testcase.TestFunc'>, func=<function test_cases.<locals>.<lambda> at 0x000002A769F8EE80> start_wid=None stop_wid=None post_wid=None skip_call=None call_count=13 args=() kwds={}
2026-09-17 00:35:55,871 LT1-thread root DEBUG testcase.py               266   start                     : Test function parameters: args=(), kwds={}
2026-09-17 00:35:55,874 LT1-thread root DEBUG testcase.py               254   start                     : Starting test function: class=<class 'autopts.ptsprojects.testcase.TestFunc'>, func=<function test_cases.<locals>.<lambda> at 0x000002A769F8EB60> start_wid=None stop_wid=None post_wid=None skip_call=None call_count=13 args=() kwds={}
2026-09-17 00:35:55,875 LT1-thread root DEBUG testcase.py               266   start                     : Test function parameters: args=(), kwds={}
2026-09-17 00:35:55,878 LT1-thread root DEBUG testcase.py               254   start                     : Starting test function: class=<class 'autopts.ptsprojects.testcase.TestFunc'>, func=<function test_cases.<locals>.<lambda> at 0x000002A769F8D1C0> start_wid=None stop_wid=None post_wid=None skip_call=None call_count=13 args=() kwds={}
2026-09-17 00:35:55,878 LT1-thread root DEBUG testcase.py               266   start                     : Test function parameters: args=(), kwds={}
2026-09-17 00:35:55,882 LT1-thread root DEBUG testcase.py               254   start                     : Starting test function: class=<class 'autopts.ptsprojects.testcase.TestFunc'>, func=<function test_cases.<locals>.<lambda> at 0x000002A769F8DDA0> start_wid=None stop_wid=None post_wid=None skip_call=None call_count=13 args=() kwds={}
2026-09-17 00:35:55,882 LT1-thread root DEBUG testcase.py               266   start                     : Test function parameters: args=(), kwds={}
2026-09-17 00:35:55,885 LT1-thread root DEBUG testcase.py               254   start                     : Starting test function: class=<class 'autopts.ptsprojects.testcase.TestFunc'>, func=<function test_cases.<locals>.<lambda> at 0x000002A769F8FF60> start_wid=None stop_wid=None post_wid=None skip_call=None call_count=13 args=() kwds={}
2026-09-17 00:35:55,885 LT1-thread root DEBUG testcase.py               266   start                     : Test function parameters: args=(), kwds={}
2026-09-17 00:35:55,888 LT1-thread root DEBUG testcase.py               254   start                     : Starting test function: class=<class 'autopts.ptsprojects.testcase.TestFunc'>, func=<function test_cases.<locals>.<lambda> at 0x000002A769F8C720> start_wid=None stop_wid=None post_wid=None skip_call=None call_count=13 args=() kwds={}
2026-09-17 00:35:55,889 LT1-thread root DEBUG testcase.py               266   start                     : Test function parameters: args=(), kwds={}
2026-09-17 00:35:55,892 LT1-thread root DEBUG testcase.py               254   start                     : Starting test function: class=<class 'autopts.ptsprojects.testcase.TestFunc'>, func=<function core_reg_svc_gatt at 0x000002A7673C8860> start_wid=None stop_wid=None post_wid=None skip_call=None call_count=13 args=() kwds={}
2026-09-17 00:35:55,892 LT1-thread root DEBUG testcase.py               266   start                     : Test function parameters: args=(), kwds={}
2026-09-17 00:35:55,892 LT1-thread root DEBUG btp.py                    117   core_reg_svc_univ         : core_reg_svc_univ: gatt_reg (GATT)
2026-09-17 00:35:55,892 LT1-thread root DEBUG iutctl_common.py          161   send                      : 0 3 255 '2'
2026-09-17 00:35:55,892 LT1-thread root DEBUG iutctl_common.py          166   send                      : sending frame '0003ff010002'
2026-09-17 00:35:55,892 LT1-thread root DEBUG btp.py                    618   core_reg_svc_rsp_succ     : 
2026-09-17 00:35:55,893 LT1-thread root DEBUG iutctl_common.py          339   read                      : 
2026-09-17 00:35:55,932 BTPWorkerThread-7460 (_rx_task) root DEBUG iutctl_common.py          123   read                      : Read 5 bytes
2026-09-17 00:35:55,944 BTPWorkerThread-7460 (_rx_task) root DEBUG iutctl_common.py          131   read                      : Received: hdr: Header(svc_id=0x00, op=0x03, ctrl_index=0xff, data_len=0x00) bytearray(b'\x00\x03\xff\x00\x00')
2026-09-17 00:35:55,955 BTPWorkerThread-7460 (_rx_task) root DEBUG iutctl_common.py          154   read                      : Received data: {''}, bytearray(b'')
2026-09-17 00:35:55,966 LT1-thread root DEBUG btp.py                    629   core_reg_svc_rsp_succ     : received Header(svc_id=0, op=3, ctrl_index=255, data_len=0) (b'',)
2026-09-17 00:35:55,966 LT1-thread root DEBUG btp.py                    630   core_reg_svc_rsp_succ     : expected ((0, 3, 255, 0), (b'',))
2026-09-17 00:35:55,966 LT1-thread root DEBUG btp.py                    635   core_reg_svc_rsp_succ     : response is valid
2026-09-17 00:35:55,966 LT1-thread root DEBUG btp.py                    638   core_reg_svc_rsp_succ     : Reading supported commands for service: GATT
2026-09-17 00:35:55,967 LT1-thread root DEBUG iutctl_common.py          161   send                      : 2 1 255 ''
2026-09-17 00:35:55,967 LT1-thread root DEBUG iutctl_common.py          166   send                      : sending frame '0201ff0000'
2026-09-17 00:35:55,967 LT1-thread root DEBUG iutctl_common.py          339   read                      : 
2026-09-17 00:35:56,002 BTPWorkerThread-7460 (_rx_task) root DEBUG iutctl_common.py          123   read                      : Read 5 bytes
2026-09-17 00:35:56,013 BTPWorkerThread-7460 (_rx_task) root DEBUG iutctl_common.py          131   read                      : Received: hdr: Header(svc_id=0x02, op=0x01, ctrl_index=0xff, data_len=0x05) bytearray(b'\x02\x01\xff\x05\x00')
2026-09-17 00:35:56,024 BTPWorkerThread-7460 (_rx_task) root DEBUG iutctl_common.py          139   read                      : Read 5 bytes data
2026-09-17 00:35:56,029 BTPWorkerThread-7460 (_rx_task) root DEBUG iutctl_common.py          154   read                      : Received data: {'fe fe bf fd 0f'}, bytearray(b'\xfe\xfe\xbf\xfd\x0f')
2026-09-17 00:35:56,045 LT1-thread root DEBUG testcase.py               254   start                     : Starting test function: class=<class 'autopts.ptsprojects.testcase.TestFunc'>, func=<bound method Stack.gatt_init of <autopts.ptsprojects.stack.stack.Stack object at 0x000002A768AF7AD0>> start_wid=None stop_wid=None post_wid=None skip_call=None call_count=13 args=() kwds={}
2026-09-17 00:35:56,045 LT1-thread root DEBUG testcase.py               266   start                     : Test function parameters: args=(), kwds={}
2026-09-17 00:35:56,045 LT1-thread root DEBUG testcase.py               254   start                     : Starting test function: class=<class 'autopts.ptsprojects.testcase.TestFunc'>, func=<function gap_set_io_capability at 0x000002A7673E6A20> start_wid=None stop_wid=None post_wid=None skip_call=None call_count=13 args=(4,) kwds={}
2026-09-17 00:35:56,045 LT1-thread root DEBUG testcase.py               266   start                     : Test function parameters: args=(4,), kwds={}
2026-09-17 00:35:56,045 LT1-thread root DEBUG gap.py                    859   gap_set_io_capability     : 4
2026-09-17 00:35:56,045 LT1-thread root DEBUG iutctl_common.py          161   send                      : 1 16 0 '\x04'
2026-09-17 00:35:56,046 LT1-thread root DEBUG iutctl_common.py          166   send                      : sending frame '011000010004'
2026-09-17 00:35:56,046 LT1-thread root DEBUG gap.py                    1227  gap_command_rsp_succ      : 
2026-09-17 00:35:56,046 LT1-thread root DEBUG iutctl_common.py          339   read                      : 
2026-09-17 00:35:56,086 BTPWorkerThread-7460 (_rx_task) root DEBUG iutctl_common.py          123   read                      : Read 5 bytes
2026-09-17 00:35:56,091 BTPWorkerThread-7460 (_rx_task) root DEBUG iutctl_common.py          131   read                      : Received: hdr: Header(svc_id=0x01, op=0x10, ctrl_index=0x00, data_len=0x00) bytearray(b'\x01\x10\x00\x00\x00')
2026-09-17 00:35:56,097 BTPWorkerThread-7460 (_rx_task) root DEBUG iutctl_common.py          154   read                      : Received data: {''}, bytearray(b'')
2026-09-17 00:35:56,097 LT1-thread root DEBUG gap.py                    1232  gap_command_rsp_succ      : received Header(svc_id=1, op=16, ctrl_index=0, data_len=0) (b'',)
2026-09-17 00:35:56,097 LT1-thread root DEBUG testcase.py               254   start                     : Starting test function: class=<class 'autopts.ptsprojects.testcase.TestFunc'>, func=<function gap_set_broadcast_code at 0x000002A767408C20> start_wid=None stop_wid=None post_wid=None skip_call=None call_count=13 args=('0102680553F1415AA265BBAFC6EA03B8',) kwds={}
2026-09-17 00:35:56,097 LT1-thread root DEBUG testcase.py               266   start                     : Test function parameters: args=('0102680553F1415AA265BBAFC6EA03B8',), kwds={}
2026-09-17 00:35:56,098 LT1-thread root DEBUG gap.py                    1889  gap_set_broadcast_code    : '0102680553F1415AA265BBAFC6EA03B8'
2026-09-17 00:35:56,098 LT1-thread root DEBUG testcase.py               254   start                     : Starting test function: class=<class 'autopts.ptsprojects.testcase.TestFunc'>, func=<function set_pts_addr at 0x000002A7673C82C0> start_wid=None stop_wid=None post_wid=None skip_call=None call_count=13 args=('00:1B:DC:08:E4:4E', 0) kwds={}
2026-09-17 00:35:56,098 LT1-thread root DEBUG testcase.py               266   start                     : Test function parameters: args=('00:1B:DC:08:E4:4E', 0), kwds={}
2026-09-17 00:35:56,098 LT1-thread root DEBUG testcase.py               254   start                     : Starting test function: class=<class 'autopts.ptsprojects.testcase.TestFunc'>, func=<function test_cases.<locals>.<lambda> at 0x000002A769F8F2E0> start_wid=None stop_wid=None post_wid=None skip_call=None call_count=13 args=() kwds={}
2026-09-17 00:35:56,098 LT1-thread root DEBUG testcase.py               266   start                     : Test function parameters: args=(), kwds={}
2026-09-17 00:35:56,101 LT1-thread root DEBUG testcase.py               254   start                     : Starting test function: class=<class 'autopts.ptsprojects.testcase.TestFunc'>, func=<function test_cases.<locals>.<lambda> at 0x000002A769F8F920> start_wid=None stop_wid=None post_wid=None skip_call=None call_count=13 args=() kwds={}
2026-09-17 00:35:56,101 LT1-thread root DEBUG testcase.py               266   start                     : Test function parameters: args=(), kwds={}
2026-09-17 00:35:56,104 LT1-thread root DEBUG testcase.py               254   start                     : Starting test function: class=<class 'autopts.ptsprojects.testcase.TestFunc'>, func=<function test_cases.<locals>.<lambda> at 0x000002A769F8DF80> start_wid=None stop_wid=None post_wid=None skip_call=None call_count=13 args=() kwds={}
2026-09-17 00:35:56,104 LT1-thread root DEBUG testcase.py               266   start                     : Test function parameters: args=(), kwds={}
2026-09-17 00:35:56,107 LT1-thread root DEBUG testcase.py               254   start                     : Starting test function: class=<class 'autopts.ptsprojects.testcase.TestFunc'>, func=<function test_cases.<locals>.<lambda> at 0x000002A769F8E0C0> start_wid=None stop_wid=None post_wid=None skip_call=None call_count=13 args=() kwds={}
2026-09-17 00:35:56,108 LT1-thread root DEBUG testcase.py               266   start                     : Test function parameters: args=(), kwds={}
2026-09-17 00:35:56,111 LT1-thread root DEBUG testcase.py               254   start                     : Starting test function: class=<class 'autopts.ptsprojects.testcase.TestFunc'>, func=<function test_cases.<locals>.<lambda> at 0x000002A769F8DE40> start_wid=None stop_wid=None post_wid=None skip_call=None call_count=13 args=() kwds={}
2026-09-17 00:35:56,111 LT1-thread root DEBUG testcase.py               266   start                     : Test function parameters: args=(), kwds={}
2026-09-17 00:35:56,114 LT1-thread root DEBUG testcase.py               254   start                     : Starting test function: class=<class 'autopts.ptsprojects.testcase.TestFunc'>, func=<function test_cases.<locals>.<lambda> at 0x000002A769F8E980> start_wid=None stop_wid=None post_wid=None skip_call=None call_count=13 args=() kwds={}
2026-09-17 00:35:56,115 LT1-thread root DEBUG testcase.py               266   start                     : Test function parameters: args=(), kwds={}
2026-09-17 00:35:56,118 LT1-thread root DEBUG testcase.py               254   start                     : Starting test function: class=<class 'autopts.ptsprojects.testcase.TestFunc'>, func=<function test_cases.<locals>.<lambda> at 0x000002A769F8CCC0> start_wid=None stop_wid=None post_wid=None skip_call=None call_count=13 args=() kwds={}
2026-09-17 00:35:56,118 LT1-thread root DEBUG testcase.py               266   start                     : Test function parameters: args=(), kwds={}
2026-09-17 00:35:56,121 LT1-thread root DEBUG testcase.py               254   start                     : Starting test function: class=<class 'autopts.ptsprojects.testcase.TestFunc'>, func=<function gap_set_io_capability at 0x000002A7673E6A20> start_wid=None stop_wid=None post_wid=None skip_call=None call_count=13 args=(3,) kwds={}
2026-09-17 00:35:56,121 LT1-thread root DEBUG testcase.py               266   start                     : Test function parameters: args=(3,), kwds={}
2026-09-17 00:35:56,121 LT1-thread root DEBUG gap.py                    859   gap_set_io_capability     : 3
2026-09-17 00:35:56,122 LT1-thread root DEBUG iutctl_common.py          161   send                      : 1 16 0 '\x03'
2026-09-17 00:35:56,122 LT1-thread root DEBUG iutctl_common.py          166   send                      : sending frame '011000010003'
2026-09-17 00:35:56,122 LT1-thread root DEBUG gap.py                    1227  gap_command_rsp_succ      : 
2026-09-17 00:35:56,122 LT1-thread root DEBUG iutctl_common.py          339   read                      : 
2026-09-17 00:35:56,156 BTPWorkerThread-7460 (_rx_task) root DEBUG iutctl_common.py          123   read                      : Read 5 bytes
2026-09-17 00:35:56,167 BTPWorkerThread-7460 (_rx_task) root DEBUG iutctl_common.py          131   read                      : Received: hdr: Header(svc_id=0x01, op=0x10, ctrl_index=0x00, data_len=0x00) bytearray(b'\x01\x10\x00\x00\x00')
2026-09-17 00:35:56,178 BTPWorkerThread-7460 (_rx_task) root DEBUG iutctl_common.py          154   read                      : Received data: {''}, bytearray(b'')
2026-09-17 00:35:56,199 LT1-thread root DEBUG gap.py                    1232  gap_command_rsp_succ      : received Header(svc_id=1, op=16, ctrl_index=0, data_len=0) (b'',)
2026-09-17 00:35:56,199 LT1-thread root DEBUG testcase.py               254   start                     : Starting test function: class=<class 'autopts.ptsprojects.testcase.TestFunc'>, func=<function core_reg_svc_l2cap at 0x000002A7673C89A0> start_wid=None stop_wid=None post_wid=None skip_call=None call_count=13 args=() kwds={}
2026-09-17 00:35:56,200 LT1-thread root DEBUG testcase.py               266   start                     : Test function parameters: args=(), kwds={}
2026-09-17 00:35:56,200 LT1-thread root DEBUG btp.py                    117   core_reg_svc_univ         : core_reg_svc_univ: l2cap_reg (L2CAP)
2026-09-17 00:35:56,200 LT1-thread root DEBUG iutctl_common.py          161   send                      : 0 3 255 '3'
2026-09-17 00:35:56,200 LT1-thread root DEBUG iutctl_common.py          166   send                      : sending frame '0003ff010003'
2026-09-17 00:35:56,200 LT1-thread root DEBUG btp.py                    618   core_reg_svc_rsp_succ     : 
2026-09-17 00:35:56,200 LT1-thread root DEBUG iutctl_common.py          339   read                      : 
2026-09-17 00:35:56,233 BTPWorkerThread-7460 (_rx_task) root DEBUG iutctl_common.py          123   read                      : Read 5 bytes
2026-09-17 00:35:56,239 BTPWorkerThread-7460 (_rx_task) root DEBUG iutctl_common.py          131   read                      : Received: hdr: Header(svc_id=0x00, op=0x03, ctrl_index=0xff, data_len=0x00) bytearray(b'\x00\x03\xff\x00\x00')
2026-09-17 00:35:56,245 BTPWorkerThread-7460 (_rx_task) root DEBUG iutctl_common.py          154   read                      : Received data: {''}, bytearray(b'')
2026-09-17 00:35:56,260 LT1-thread root DEBUG btp.py                    629   core_reg_svc_rsp_succ     : received Header(svc_id=0, op=3, ctrl_index=255, data_len=0) (b'',)
2026-09-17 00:35:56,260 LT1-thread root DEBUG btp.py                    630   core_reg_svc_rsp_succ     : expected ((0, 3, 255, 0), (b'',))
2026-09-17 00:35:56,260 LT1-thread root DEBUG btp.py                    635   core_reg_svc_rsp_succ     : response is valid
2026-09-17 00:35:56,261 LT1-thread root DEBUG btp.py                    638   core_reg_svc_rsp_succ     : Reading supported commands for service: L2CAP
2026-09-17 00:35:56,261 LT1-thread root DEBUG iutctl_common.py          161   send                      : 3 1 255 ''
2026-09-17 00:35:56,261 LT1-thread root DEBUG iutctl_common.py          166   send                      : sending frame '0301ff0000'
2026-09-17 00:35:56,261 LT1-thread root DEBUG iutctl_common.py          339   read                      : 
2026-09-17 00:35:56,306 BTPWorkerThread-7460 (_rx_task) root DEBUG iutctl_common.py          123   read                      : Read 5 bytes
2026-09-17 00:35:56,316 BTPWorkerThread-7460 (_rx_task) root DEBUG iutctl_common.py          131   read                      : Received: hdr: Header(svc_id=0x03, op=0x01, ctrl_index=0xff, data_len=0x02) bytearray(b'\x03\x01\xff\x02\x00')
2026-09-17 00:35:56,338 BTPWorkerThread-7460 (_rx_task) root DEBUG iutctl_common.py          139   read                      : Read 2 bytes data
2026-09-17 00:35:56,343 BTPWorkerThread-7460 (_rx_task) root DEBUG iutctl_common.py          154   read                      : Received data: {'be 1f'}, bytearray(b'\xbe\x1f')
2026-09-17 00:35:56,343 LT1-thread root DEBUG testcase.py               254   start                     : Starting test function: class=<class 'autopts.ptsprojects.testcase.TestFunc'>, func=<bound method Stack.l2cap_init of <autopts.ptsprojects.stack.stack.Stack object at 0x000002A768AF7AD0>> start_wid=None stop_wid=None post_wid=None skip_call=None call_count=13 args=(4097, 120) kwds={}
2026-09-17 00:35:56,343 LT1-thread root DEBUG testcase.py               266   start                     : Test function parameters: args=(4097, 120), kwds={}
2026-09-17 00:35:56,343 LT1-thread root DEBUG testcase.py               254   start                     : Starting test function: class=<class 'autopts.ptsprojects.testcase.TestFunc'>, func=<function gap_set_io_capability at 0x000002A7673E6A20> start_wid=None stop_wid=None post_wid=None skip_call=None call_count=2 args=(1,) kwds={}
2026-09-17 00:35:56,343 LT1-thread root DEBUG testcase.py               266   start                     : Test function parameters: args=(1,), kwds={}
2026-09-17 00:35:56,344 LT1-thread root DEBUG gap.py                    859   gap_set_io_capability     : 1
2026-09-17 00:35:56,344 LT1-thread root DEBUG iutctl_common.py          161   send                      : 1 16 0 '\x01'
2026-09-17 00:35:56,344 LT1-thread root DEBUG iutctl_common.py          166   send                      : sending frame '011000010001'
2026-09-17 00:35:56,344 LT1-thread root DEBUG gap.py                    1227  gap_command_rsp_succ      : 
2026-09-17 00:35:56,344 LT1-thread root DEBUG iutctl_common.py          339   read                      : 
2026-09-17 00:35:56,381 BTPWorkerThread-7460 (_rx_task) root DEBUG iutctl_common.py          123   read                      : Read 5 bytes
2026-09-17 00:35:56,392 BTPWorkerThread-7460 (_rx_task) root DEBUG iutctl_common.py          131   read                      : Received: hdr: Header(svc_id=0x01, op=0x10, ctrl_index=0x00, data_len=0x00) bytearray(b'\x01\x10\x00\x00\x00')
2026-09-17 00:35:56,402 BTPWorkerThread-7460 (_rx_task) root DEBUG iutctl_common.py          154   read                      : Received data: {''}, bytearray(b'')
2026-09-17 00:35:56,419 LT1-thread root DEBUG gap.py                    1232  gap_command_rsp_succ      : received Header(svc_id=1, op=16, ctrl_index=0, data_len=0) (b'',)
2026-09-17 00:35:56,421 LT1-thread root DEBUG client.py                 276   get_result                : ClientCallback.get_result run_test_case
2026-09-17 00:36:03,688 LT1-callback ClientCallback.on_implicit_send INFO client.py                 223   on_implicit_send          : 
    ********************
    BEGIN OnImplicitSend:
    project_name: GAP
    wid: 91
    test_case_name: GAP/SEC/SEM/BV-25-C
    description: Please send a connectable undirected advertising report.
    style: MMI_Style_Ok_Cancel2 0x11141
2026-09-17 00:36:03,688 LT1-callback ClientCallback.on_implicit_send INFO client.py                 236   on_implicit_send          : Calling test cases on_implicit_send
2026-09-17 00:36:03,689 LT1-callback ClientCallback.on_implicit_send INFO client.py                 249   on_implicit_send          : 
    on_implicit_send returned response: WAIT
    END OnImplicitSend
    ********************
2026-09-17 00:36:04,425 LT1-thread root DEBUG testcase.py               679   run_wid                   : GAP GAP/SEC/SEM/BV-25-C on_implicit_send
2026-09-17 00:36:04,425 LT1-thread root DEBUG gap_wid.py                26    gap_wid_hdl               : gap_wid_hdl, 91, Please send a connectable undirected advertising report., GAP/SEC/SEM/BV-25-C
2026-09-17 00:36:04,425 LT1-thread root DEBUG gap.py                    982   gap_set_connectable       : 
2026-09-17 00:36:04,425 LT1-thread root DEBUG gap.py                    648   gap_start_advertising     : {9: b'Tester_08E44E'} None
2026-09-17 00:36:04,425 LT1-thread root DEBUG iutctl_common.py          161   send                      : 1 10 0 "bytearray(b'\\x0f\\x00\\t\\rTester_08E44E\\xff\\xff\\xff\\xff\\x00')"
2026-09-17 00:36:04,425 LT1-thread root DEBUG iutctl_common.py          166   send                      : sending frame '010a0016000f00090d5465737465725f303845343445ffffffff00'
2026-09-17 00:36:04,426 LT1-thread root DEBUG gap.py                    1227  gap_command_rsp_succ      : 
2026-09-17 00:36:04,426 LT1-thread root DEBUG iutctl_common.py          339   read                      : 
2026-09-17 00:36:04,455 BTPWorkerThread-7460 (_rx_task) root DEBUG iutctl_common.py          123   read                      : Read 5 bytes
2026-09-17 00:36:04,467 BTPWorkerThread-7460 (_rx_task) root DEBUG iutctl_common.py          131   read                      : Received: hdr: Header(svc_id=0x01, op=0x0a, ctrl_index=0x00, data_len=0x04) bytearray(b'\x01\n\x00\x04\x00')
2026-09-17 00:36:04,472 BTPWorkerThread-7460 (_rx_task) root DEBUG iutctl_common.py          139   read                      : Read 4 bytes data
2026-09-17 00:36:04,482 BTPWorkerThread-7460 (_rx_task) root DEBUG iutctl_common.py          154   read                      : Received data: {'13 06 00 00'}, bytearray(b'\x13\x06\x00\x00')
2026-09-17 00:36:04,488 LT1-thread root DEBUG gap.py                    1232  gap_command_rsp_succ      : received Header(svc_id=1, op=10, ctrl_index=0, data_len=4) (b'\x13\x06\x00\x00',)
2026-09-17 00:36:04,488 LT1-thread root DEBUG gap.py                    594   __gap_current_settings_update : (b'\x13\x06\x00\x00',)
2026-09-17 00:36:04,488 LT1-thread root DEBUG testcase.py               722   run_wid                   : Sending response 'OK' to wid 91 test case GAP/SEC/SEM/BV-25-C
2026-09-17 00:36:04,490 LT1-thread root DEBUG client.py                 276   get_result                : ClientCallback.get_result run_test_case
2026-09-17 00:36:04,571 BTPWorkerThread-7460 (_rx_task) root DEBUG iutctl_common.py          123   read                      : Read 5 bytes
2026-09-17 00:36:04,571 BTPWorkerThread-7460 (_rx_task) root DEBUG iutctl_common.py          131   read                      : Received: hdr: Header(svc_id=0x01, op=0x82, ctrl_index=0x00, data_len=0x0d) bytearray(b'\x01\x82\x00\r\x00')
2026-09-17 00:36:04,572 BTPWorkerThread-7460 (_rx_task) root DEBUG iutctl_common.py          139   read                      : Read 13 bytes data
2026-09-17 00:36:04,572 BTPWorkerThread-7460 (_rx_task) root DEBUG iutctl_common.py          154   read                      : Received data: {'00 4e e4 08 dc 1b 00 3c 00 00 00 d0 07'}, bytearray(b'\x00N\xe4\x08\xdc\x1b\x00<\x00\x00\x00\xd0\x07')
2026-09-17 00:36:04,572 BTPWorkerThread-7460 (_rx_task) root DEBUG btp.py                    700   event_handler             : Header(svc_id=1, op=130, ctrl_index=0, data_len=13) (b'\x00N\xe4\x08\xdc\x1b\x00<\x00\x00\x00\xd0\x07',)
2026-09-17 00:36:04,572 BTPWorkerThread-7460 (_rx_task) root DEBUG gap.py                    213   gap_connected_ev_         : b'\x00N\xe4\x08\xdc\x1b\x00<\x00\x00\x00\xd0\x07'
2026-09-17 00:36:04,572 BTPWorkerThread-7460 (_rx_task) root DEBUG iutctl_common.py          123   read                      : Read 5 bytes
2026-09-17 00:36:04,572 BTPWorkerThread-7460 (_rx_task) root DEBUG iutctl_common.py          131   read                      : Received: hdr: Header(svc_id=0x01, op=0x80, ctrl_index=0x00, data_len=0x04) bytearray(b'\x01\x80\x00\x04\x00')
2026-09-17 00:36:04,572 BTPWorkerThread-7460 (_rx_task) root DEBUG iutctl_common.py          139   read                      : Read 4 bytes data
2026-09-17 00:36:04,572 BTPWorkerThread-7460 (_rx_task) root DEBUG iutctl_common.py          154   read                      : Received data: {'13 02 00 00'}, bytearray(b'\x13\x02\x00\x00')
2026-09-17 00:36:04,572 BTPWorkerThread-7460 (_rx_task) root DEBUG btp.py                    700   event_handler             : Header(svc_id=1, op=128, ctrl_index=0, data_len=4) (b'\x13\x02\x00\x00',)
2026-09-17 00:36:04,572 BTPWorkerThread-7460 (_rx_task) root DEBUG gap.py                    181   gap_new_settings_ev_      : b'\x13\x02\x00\x00'
2026-09-17 00:36:04,573 BTPWorkerThread-7460 (_rx_task) root DEBUG gap.py                    594   __gap_current_settings_update : 531
2026-09-17 00:36:05,149 LT1-callback ClientCallback.on_implicit_send INFO client.py                 223   on_implicit_send          : 
    ********************
    BEGIN OnImplicitSend:
    project_name: GAP
    wid: 227
    test_case_name: GAP/SEC/SEM/BV-25-C
    description: Please triggers the authentication procedure on the IUT, by an L2CAP channel establishment or a GATT service request(Write Request to handle 0x0007).
    style: MMI_Style_Ok 0x11040
2026-09-17 00:36:05,149 LT1-callback ClientCallback.on_implicit_send INFO client.py                 236   on_implicit_send          : Calling test cases on_implicit_send
2026-09-17 00:36:05,149 LT1-callback ClientCallback.on_implicit_send INFO client.py                 249   on_implicit_send          : 
    on_implicit_send returned response: WAIT
    END OnImplicitSend
    ********************
2026-09-17 00:36:05,492 LT1-thread root DEBUG testcase.py               679   run_wid                   : GAP GAP/SEC/SEM/BV-25-C on_implicit_send
2026-09-17 00:36:05,492 LT1-thread root DEBUG gap_wid.py                26    gap_wid_hdl               : gap_wid_hdl, 227, Please triggers the authentication procedure on the IUT, by an L2CAP channel establishment or a GATT service request(Write Request to handle 0x0007)., GAP/SEC/SEM/BV-25-C
2026-09-17 00:36:05,492 LT1-thread root DEBUG btp.py                    344   parse_handle_description  : description='Please triggers the authentication procedure on the IUT, by an L2CAP channel establishment or a GATT service request(Write Request to handle 0x0007).'
2026-09-17 00:36:05,492 LT1-thread root DEBUG btp.py                    349   parse_handle_description  : handle='0007'
2026-09-17 00:36:05,492 LT1-thread root DEBUG gatt.py                   1011  gattc_write               : 0 '001bdc08e44e' 7 '02' 1
2026-09-17 00:36:05,492 LT1-thread root DEBUG iutctl_common.py          161   send                      : 2 23 0 "bytearray(b'\\x00N\\xe4\\x08\\xdc\\x1b\\x00\\x07\\x00\\x01\\x00\\x02')"
2026-09-17 00:36:05,492 LT1-thread root DEBUG iutctl_common.py          166   send                      : sending frame '0217000c00004ee408dc1b000700010002'
2026-09-17 00:36:05,493 LT1-thread root DEBUG iutctl_common.py          339   read                      : 
2026-09-17 00:36:05,687 BTPWorkerThread-7460 (_rx_task) root DEBUG iutctl_common.py          123   read                      : Read 5 bytes
2026-09-17 00:36:05,692 BTPWorkerThread-7460 (_rx_task) root DEBUG iutctl_common.py          131   read                      : Received: hdr: Header(svc_id=0x02, op=0x17, ctrl_index=0x00, data_len=0x01) bytearray(b'\x02\x17\x00\x01\x00')
2026-09-17 00:36:05,698 BTPWorkerThread-7460 (_rx_task) root DEBUG iutctl_common.py          139   read                      : Read 1 bytes data
2026-09-17 00:36:05,709 BTPWorkerThread-7460 (_rx_task) root DEBUG iutctl_common.py          154   read                      : Received data: {'00'}, bytearray(b'\x00')
2026-09-17 00:36:05,714 LT1-thread root DEBUG gatt.py                   1769  gattc_write_rsp           : received Header(svc_id=2, op=23, ctrl_index=0, data_len=1) (b'\x00',)
2026-09-17 00:36:05,714 LT1-thread root DEBUG gatt.py                   1775  gattc_write_rsp           : 0
2026-09-17 00:36:05,714 LT1-thread root DEBUG btp.py                    150   verify_att_error          : description='authentication error'
2026-09-17 00:36:05,714 LT1-thread root DEBUG btp.py                    159   verify_att_error          : Verifying values: ['']
2026-09-17 00:36:05,714 LT1-thread root DEBUG btp.py                    161   verify_att_error          : Description values: ['authentication error']
2026-09-17 00:36:05,714 LT1-thread root DEBUG btp.py                    164   verify_att_error          : Verifying: 'authentication error'
2026-09-17 00:36:05,714 LT1-thread root DEBUG btp.py                    168   verify_att_error          : Verification failed, value not in verify values
2026-09-17 00:36:05,715 LT1-thread root DEBUG btp.py                    150   verify_att_error          : description='insufficient encryption'
2026-09-17 00:36:05,715 LT1-thread root DEBUG btp.py                    159   verify_att_error          : Verifying values: ['']
2026-09-17 00:36:05,715 LT1-thread root DEBUG btp.py                    161   verify_att_error          : Description values: ['insufficient encryption']
2026-09-17 00:36:05,715 LT1-thread root DEBUG btp.py                    164   verify_att_error          : Verifying: 'insufficient encryption'
2026-09-17 00:36:05,715 LT1-thread root DEBUG btp.py                    168   verify_att_error          : Verification failed, value not in verify values
2026-09-17 00:36:05,715 LT1-thread root DEBUG testcase.py               722   run_wid                   : Sending response 'Ok' to wid 227 test case GAP/SEC/SEM/BV-25-C
2026-09-17 00:36:05,717 LT1-thread root DEBUG client.py                 276   get_result                : ClientCallback.get_result run_test_case
2026-09-17 00:36:05,719 LT1-callback ClientCallback.on_implicit_send INFO client.py                 223   on_implicit_send          : 
    ********************
    BEGIN OnImplicitSend:
    project_name: GAP
    wid: 242
    test_case_name: GAP/SEC/SEM/BV-25-C
    description: Please send a Security Request.
    style: MMI_Style_Ok_Cancel2 0x11141
2026-09-17 00:36:05,719 LT1-callback ClientCallback.on_implicit_send INFO client.py                 236   on_implicit_send          : Calling test cases on_implicit_send
2026-09-17 00:36:05,719 LT1-callback ClientCallback.on_implicit_send INFO client.py                 249   on_implicit_send          : 
    on_implicit_send returned response: WAIT
    END OnImplicitSend
    ********************
2026-09-17 00:36:06,718 LT1-thread root DEBUG testcase.py               679   run_wid                   : GAP GAP/SEC/SEM/BV-25-C on_implicit_send
2026-09-17 00:36:06,718 LT1-thread root DEBUG gap_wid.py                26    gap_wid_hdl               : gap_wid_hdl, 242, Please send a Security Request., GAP/SEC/SEM/BV-25-C
2026-09-17 00:36:06,718 LT1-thread root DEBUG testcase.py               722   run_wid                   : Sending response 'Cancel' to wid 242 test case GAP/SEC/SEM/BV-25-C
2026-09-17 00:36:06,719 LT1-thread root DEBUG client.py                 276   get_result                : ClientCallback.get_result run_test_case
2026-09-17 00:36:07,570 BTPWorkerThread-7460 (_rx_task) root DEBUG iutctl_common.py          123   read                      : Read 5 bytes
2026-09-17 00:36:07,570 BTPWorkerThread-7460 (_rx_task) root DEBUG iutctl_common.py          131   read                      : Received: hdr: Header(svc_id=0x01, op=0x91, ctrl_index=0x00, data_len=0x09) bytearray(b'\x01\x91\x00\t\x00')
2026-09-17 00:36:07,570 BTPWorkerThread-7460 (_rx_task) root DEBUG iutctl_common.py          139   read                      : Read 9 bytes data
2026-09-17 00:36:07,571 BTPWorkerThread-7460 (_rx_task) root DEBUG iutctl_common.py          154   read                      : Received data: {'00 4e e4 08 dc 1b 00 01 10'}, bytearray(b'\x00N\xe4\x08\xdc\x1b\x00\x01\x10')
2026-09-17 00:36:07,571 BTPWorkerThread-7460 (_rx_task) root DEBUG btp.py                    700   event_handler             : Header(svc_id=1, op=145, ctrl_index=0, data_len=9) (b'\x00N\xe4\x08\xdc\x1b\x00\x01\x10',)
2026-09-17 00:36:07,571 BTPWorkerThread-7460 (_rx_task) root DEBUG gap.py                    492   gap_encryption_change_ev_ : 
2026-09-17 00:36:07,571 BTPWorkerThread-7460 (_rx_task) root DEBUG gap.py                    494   gap_encryption_change_ev_ : enc change received b'\x00N\xe4\x08\xdc\x1b\x00\x01\x10'
2026-09-17 00:36:07,571 BTPWorkerThread-7460 (_rx_task) root DEBUG gap.py                    503   gap_encryption_change_ev_ : received (0, '001bdc08e44e', 1, 16)
2026-09-17 00:36:07,571 BTPWorkerThread-7460 (_rx_task) root DEBUG iutctl_common.py          123   read                      : Read 5 bytes
2026-09-17 00:36:07,571 BTPWorkerThread-7460 (_rx_task) root DEBUG iutctl_common.py          131   read                      : Received: hdr: Header(svc_id=0x01, op=0x89, ctrl_index=0x00, data_len=0x08) bytearray(b'\x01\x89\x00\x08\x00')
2026-09-17 00:36:07,571 BTPWorkerThread-7460 (_rx_task) root DEBUG iutctl_common.py          139   read                      : Read 8 bytes data
2026-09-17 00:36:07,571 BTPWorkerThread-7460 (_rx_task) root DEBUG iutctl_common.py          154   read                      : Received data: {'00 4e e4 08 dc 1b 00 02'}, bytearray(b'\x00N\xe4\x08\xdc\x1b\x00\x02')
2026-09-17 00:36:07,571 BTPWorkerThread-7460 (_rx_task) root DEBUG btp.py                    700   event_handler             : Header(svc_id=1, op=137, ctrl_index=0, data_len=8) (b'\x00N\xe4\x08\xdc\x1b\x00\x02',)
2026-09-17 00:36:07,572 BTPWorkerThread-7460 (_rx_task) root DEBUG gap.py                    298   gap_sec_level_changed_ev_ : 
2026-09-17 00:36:07,572 BTPWorkerThread-7460 (_rx_task) root DEBUG gap.py                    300   gap_sec_level_changed_ev_ : received b'\x00N\xe4\x08\xdc\x1b\x00\x02'
2026-09-17 00:36:07,572 BTPWorkerThread-7460 (_rx_task) root DEBUG gap.py                    311   gap_sec_level_changed_ev_ : received (0, '001bdc08e44e', 2)
2026-09-17 00:36:07,777 BTPWorkerThread-7460 (_rx_task) root DEBUG iutctl_common.py          123   read                      : Read 5 bytes
2026-09-17 00:36:07,777 BTPWorkerThread-7460 (_rx_task) root DEBUG iutctl_common.py          131   read                      : Received: hdr: Header(svc_id=0x01, op=0x83, ctrl_index=0x00, data_len=0x07) bytearray(b'\x01\x83\x00\x07\x00')
2026-09-17 00:36:07,777 BTPWorkerThread-7460 (_rx_task) root DEBUG iutctl_common.py          139   read                      : Read 7 bytes data
2026-09-17 00:36:07,778 BTPWorkerThread-7460 (_rx_task) root DEBUG iutctl_common.py          154   read                      : Received data: {'00 4e e4 08 dc 1b 00'}, bytearray(b'\x00N\xe4\x08\xdc\x1b\x00')
2026-09-17 00:36:07,778 BTPWorkerThread-7460 (_rx_task) root DEBUG btp.py                    700   event_handler             : Header(svc_id=1, op=131, ctrl_index=0, data_len=7) (b'\x00N\xe4\x08\xdc\x1b\x00',)
2026-09-17 00:36:07,778 BTPWorkerThread-7460 (_rx_task) root DEBUG gap.py                    226   gap_disconnected_ev_      : b'\x00N\xe4\x08\xdc\x1b\x00'
2026-09-17 00:36:10,414 LT1-callback ClientCallback.log INFO client.py                 200   log                       : PTS_LOGTYPE_START_TEST Start Test Case 

+1640 ms
 GAP/SEC/SEM/BV-25-C GAP/SEC/SEM/BV-25-C

2026-09-17 00:36:10,977 LT1-callback ClientCallback.log INFO client.py                 200   log                       : PTS_LOGTYPE_FINAL_VERDICT Final Verdict 

+12906 ms
 GAP/SEC/SEM/BV-25-C FAIL

2026-09-17 00:36:10,980 LT1-callback ClientCallback.log INFO client.py                 200   log                       : PTS_LOGTYPE_FINAL_VERDICT Encrypted Verdict 

+12906 ms
 GAP/SEC/SEM/BV-25-C A1#ZGRiY2FkMzg1NzA1NDVkMzczYTAwYWM1YjEzZGZjMzFmODAyNWY4MzBiODE2YWU1ODE5NjY5MzgyMDhmM2Y5MQ==#m7Ei4V2+6KjC2UCL2jv+ACo1APiL2MwAGjEcTAuIvFlgAvMRCMFZE9mCbqtKew5K

2026-09-17 00:36:10,984 LT1-callback ClientCallback.log INFO client.py                 200   log                       : PTS_LOGTYPE_END_TEST Test Case Ended 

+12906 ms
 GAP/SEC/SEM/BV-25-C GAP/SEC/SEM/BV-25-C

2026-09-17 00:36:11,179 LT1-callback root DEBUG client.py                 261   set_result                : ClientCallback, set_result, run_test_case, FAIL
2026-09-17 00:36:11,180 LT1-thread root DEBUG client.py                 1186  _run_test_case            : After run_test_case error_code=0 status='FAIL'
2026-09-17 00:36:11,180 LT1-thread root DEBUG testcase.py               766   post_run                  : post_run GAP GAP/SEC/SEM/BV-25-C 0
2026-09-17 00:36:11,181 MainThread root DEBUG client.py                 1313  run_test_case             : Interrupting GAP GAP/SEC/SEM/BV-25-C test case of thread LT1-thread
2026-09-17 00:36:11,181 LT1-thread root DEBUG testcase.py               254   start                     : Starting test function: class=<class 'autopts.ptsprojects.testcase.TestFuncCleanUp'>, func=<bound method ZTestCase._test_case_cleanup of <autopts.ptsprojects.zephyr.ztestcase.ZTestCase object at 0x000002A76A047710>> start_wid=None stop_wid=None post_wid=None skip_call=None call_count=2 args=() kwds={}
2026-09-17 00:36:11,181 LT1-thread root DEBUG testcase.py               266   start                     : Test function parameters: args=(), kwds={}
2026-09-17 00:36:11,181 LT1-thread root DEBUG iutctl.py                 415   stop                      : <class 'autopts.ptsprojects.zephyr.iutctl.create_zephyr_ctl_class.<locals>.ZephyrCtl'>.stop
2026-09-17 00:36:11,181 LT1-thread root DEBUG __init__.py               51    reset                     : About to reset DUT: JLink -CommandFile reset.jlink -usb 1063214216 -device MIMXRT1176XXXA_M7
2026-09-17 00:36:11,509 BTPWorkerThread-7460 (_rx_task) root DEBUG iutctl_common.py          123   read                      : Read 5 bytes
2026-09-17 00:36:11,509 BTPWorkerThread-7460 (_rx_task) root DEBUG iutctl_common.py          131   read                      : Received: hdr: Header(svc_id=0x00, op=0x80, ctrl_index=0xff, data_len=0x00) bytearray(b'\x00\x80\xff\x00\x00')
2026-09-17 00:36:11,510 BTPWorkerThread-7460 (_rx_task) root DEBUG iutctl_common.py          154   read                      : Received data: {''}, bytearray(b'')
2026-09-17 00:36:11,510 BTPWorkerThread-7460 (_rx_task) root DEBUG btp.py                    700   event_handler             : Header(svc_id=0, op=128, ctrl_index=255, data_len=0) (b'',)
2026-09-17 00:36:11,510 BTPWorkerThread-7460 (_rx_task) root DEBUG core.py                   23    core_iut_ready_ev         : 
2026-09-17 00:36:11,573 LT1-thread root DEBUG iutctl.py                 436   _stop_tty_mode            : IUT ready event received OK
2026-09-17 00:36:11,573 LT1-thread root DEBUG iutctl_common.py          416   close                     : Waiting for _rx_worker to finish ...
2026-09-17 00:36:12,510 BTPWorkerThread-7460 (_rx_task) root DEBUG iutctl_common.py          332   _rx_task                  : BTPWorkerThread-7460 (_rx_task) finishing...
2026-09-17 00:36:15,517 LT1-thread root DEBUG testcase.py               794   post_run                  : post_run, cleanup running post test case script
2026-09-17 00:36:15,517 LT1-thread root DEBUG testcase.py               802   post_run                  : post_run, run post test case script
2026-09-17 00:36:15,594 LT1-thread root DEBUG client.py                 1220  _run_test_case            : Done TestCase _run_test_case GAP GAP/SEC/SEM/BV-25-C
