2026-09-18 12:29:56,292 LT1-thread root DEBUG client.py                 1099  _run_test_case            : Starting TestCase _run_test_case SDP SDP/SR/SA/BV-01-C
2026-09-18 12:29:56,293 LT1-thread root DEBUG testcase.py               727   pre_run                   : pre_run SDP SDP/SR/SA/BV-01-C
2026-09-18 12:29:56,293 LT1-thread root DEBUG testcase.py               729   pre_run                   : About to run test case SDP SDP/SR/SA/BV-01-C with commands:
2026-09-18 12:29:56,293 LT1-thread root DEBUG testcase.py               731   pre_run                   : 0) class=<class 'autopts.ptsprojects.testcase.TestFunc'>, func=<bound method ZTestCase._test_case_start of <autopts.ptsprojects.zephyr.ztestcase.ZTestCase object at 0x000002D194E307A0>> start_wid=None stop_wid=None post_wid=None skip_call=None call_count=0 args=() kwds={}
2026-09-18 12:29:56,294 LT1-thread root DEBUG testcase.py               731   pre_run                   : 1) class=<class 'autopts.ptsprojects.testcase.TestFunc'>, func=<function core_reg_svc_gap at 0x000002D19231C720> start_wid=None stop_wid=None post_wid=None skip_call=None call_count=2 args=() kwds={}
2026-09-18 12:29:56,294 LT1-thread root DEBUG testcase.py               731   pre_run                   : 2) class=<class 'autopts.ptsprojects.testcase.TestFunc'>, func=<bound method Stack.gap_init of <autopts.ptsprojects.stack.stack.Stack object at 0x000002D1930E8D70>> start_wid=None stop_wid=None post_wid=None skip_call=None call_count=2 args=(b'Tester_08E44E',) kwds={}
2026-09-18 12:29:56,294 LT1-thread root DEBUG testcase.py               731   pre_run                   : 3) class=<class 'autopts.ptsprojects.testcase.TestFunc'>, func=<function gap_read_controller_info at 0x000002D192337560> start_wid=None stop_wid=None post_wid=None skip_call=None call_count=2 args=() kwds={}
2026-09-18 12:29:56,294 LT1-thread root DEBUG testcase.py               731   pre_run                   : 4) class=<class 'autopts.ptsprojects.testcase.TestFunc'>, func=<function core_reg_svc_sdp at 0x000002D19231DD00> start_wid=None stop_wid=None post_wid=None skip_call=None call_count=2 args=() kwds={}
2026-09-18 12:29:56,294 LT1-thread root DEBUG testcase.py               731   pre_run                   : 5) class=<class 'autopts.ptsprojects.testcase.TestFunc'>, func=<bound method Stack.sdp_init of <autopts.ptsprojects.stack.stack.Stack object at 0x000002D1930E8D70>> start_wid=None stop_wid=None post_wid=None skip_call=None call_count=2 args=() kwds={}
2026-09-18 12:29:56,294 LT1-thread root DEBUG testcase.py               731   pre_run                   : 6) class=<class 'autopts.ptsprojects.testcase.TestFunc'>, func=<function test_cases.<locals>.<lambda> at 0x000002D194DCA700> start_wid=None stop_wid=None post_wid=None skip_call=None call_count=2 args=() kwds={}
2026-09-18 12:29:56,294 LT1-thread root DEBUG testcase.py               731   pre_run                   : 7) class=<class 'autopts.ptsprojects.testcase.TestFunc'>, func=<function test_cases.<locals>.<lambda> at 0x000002D194E5C680> start_wid=None stop_wid=None post_wid=None skip_call=None call_count=2 args=() kwds={}
2026-09-18 12:29:56,294 LT1-thread root DEBUG testcase.py               731   pre_run                   : 8) class=<class 'autopts.ptsprojects.testcase.TestFunc'>, func=<function set_pts_addr at 0x000002D19231C2C0> start_wid=None stop_wid=None post_wid=None skip_call=None call_count=2 args=('00:1B:DC:08:E4:4E', 0) kwds={}
2026-09-18 12:29:56,294 LT1-thread root DEBUG testcase.py               731   pre_run                   : 9) class=<class 'autopts.ptsprojects.testcase.TestFunc'>, func=<function gap_set_io_capability at 0x000002D192336A20> start_wid=None stop_wid=None post_wid=None skip_call=None call_count=2 args=(3,) kwds={}
2026-09-18 12:29:56,295 LT1-thread root DEBUG testcase.py               731   pre_run                   : 10) class=<class 'autopts.ptsprojects.testcase.TestFunc'>, func=<function gap_set_connectable at 0x000002D192336E80> start_wid=None stop_wid=None post_wid=None skip_call=None call_count=2 args=() kwds={}
2026-09-18 12:29:56,295 LT1-thread root DEBUG testcase.py               731   pre_run                   : 11) class=<class 'autopts.ptsprojects.testcase.TestFunc'>, func=<function gap_set_general_discoverable at 0x000002D192337060> start_wid=None stop_wid=None post_wid=None skip_call=None call_count=2 args=() kwds={}
2026-09-18 12:29:56,295 LT1-thread root DEBUG testcase.py               731   pre_run                   : 12) class=<class 'autopts.ptsprojects.testcase.TestFuncCleanUp'>, func=<bound method ZTestCase._test_case_cleanup of <autopts.ptsprojects.zephyr.ztestcase.ZTestCase object at 0x000002D194E307A0>> start_wid=None stop_wid=None post_wid=None skip_call=None call_count=0 args=() kwds={}
2026-09-18 12:29:56,295 LT1-thread root DEBUG testcase.py               738   pre_run                   : pre_run, run pre test case script
2026-09-18 12:29:56,306 LT1-thread root DEBUG testcase.py               254   start                     : Starting test function: class=<class 'autopts.ptsprojects.testcase.TestFunc'>, func=<bound method ZTestCase._test_case_start of <autopts.ptsprojects.zephyr.ztestcase.ZTestCase object at 0x000002D194E307A0>> start_wid=None stop_wid=None post_wid=None skip_call=None call_count=1 args=() kwds={}
2026-09-18 12:29:56,306 LT1-thread root DEBUG testcase.py               266   start                     : Test function parameters: args=(), kwds={}
2026-09-18 12:29:56,306 LT1-thread root DEBUG iutctl.py                 172   start                     : <class 'autopts.ptsprojects.zephyr.iutctl.create_zephyr_ctl_class.<locals>.ZephyrCtl'>.start
2026-09-18 12:29:56,306 LT1-thread root DEBUG iutctl.py                 325   flush_serial              : <class 'autopts.ptsprojects.zephyr.iutctl.create_zephyr_ctl_class.<locals>.ZephyrCtl'>.flush_serial
2026-09-18 12:29:57,512 LT1-thread root DEBUG iutctl.py                 249   _start_tty_mode           : Starting socat process: socat.exe -x -v tcp:10.17.12.9:63703,retry=100,interval=1 /dev/ttyS2,raw,b115200,
2026-09-18 12:29:57,520 LT1-thread root DEBUG iutctl_common.py          402   accept                    : 
2026-09-18 12:29:58,089 BTPWorkerThread-298 (_rx_task) root DEBUG iutctl_common.py          299   _rx_task                  : BTPWorkerThread-298 (_rx_task) started
2026-09-18 12:29:58,090 LT1-thread root DEBUG iutctl.py                 395   wait_iut_ready_event      : IUT ready event received OK
2026-09-18 12:29:58,090 LT1-thread root DEBUG btp.py                    51    read_supp_svcs            : 
2026-09-18 12:29:58,091 LT1-thread root DEBUG iutctl_common.py          161   send                      : 0 2 255 ''
2026-09-18 12:29:58,091 LT1-thread root DEBUG iutctl_common.py          166   send                      : sending frame '0002ff0000'
2026-09-18 12:29:58,091 LT1-thread root DEBUG iutctl_common.py          339   read                      : 
2026-09-18 12:29:58,106 BTPWorkerThread-298 (_rx_task) root DEBUG iutctl_common.py          123   read                      : Read 4 bytes
2026-09-18 12:29:58,117 BTPWorkerThread-298 (_rx_task) root DEBUG iutctl_common.py          123   read                      : Read 1 bytes
2026-09-18 12:29:58,127 BTPWorkerThread-298 (_rx_task) root DEBUG iutctl_common.py          131   read                      : Received: hdr: Header(svc_id=0x00, op=0x02, ctrl_index=0xff, data_len=0x05) bytearray(b'\x00\x02\xff\x05\x00')
2026-09-18 12:29:58,148 BTPWorkerThread-298 (_rx_task) root DEBUG iutctl_common.py          139   read                      : Read 5 bytes data
2026-09-18 12:29:58,160 BTPWorkerThread-298 (_rx_task) root DEBUG iutctl_common.py          154   read                      : Received data: {'0f 00 00 a0 01'}, bytearray(b'\x0f\x00\x00\xa0\x01')
2026-09-18 12:29:58,175 LT1-thread root DEBUG btp.py                    62    read_supp_svcs            : received Header(svc_id=0, op=2, ctrl_index=255, data_len=5) (b'\x0f\x00\x00\xa0\x01',)
2026-09-18 12:29:58,175 LT1-thread root DEBUG testcase.py               254   start                     : Starting test function: class=<class 'autopts.ptsprojects.testcase.TestFunc'>, func=<function core_reg_svc_gap at 0x000002D19231C720> start_wid=None stop_wid=None post_wid=None skip_call=None call_count=3 args=() kwds={}
2026-09-18 12:29:58,175 LT1-thread root DEBUG testcase.py               266   start                     : Test function parameters: args=(), kwds={}
2026-09-18 12:29:58,175 LT1-thread root DEBUG btp.py                    117   core_reg_svc_univ         : core_reg_svc_univ: gap_reg (GAP)
2026-09-18 12:29:58,175 LT1-thread root DEBUG iutctl_common.py          161   send                      : 0 3 255 '1'
2026-09-18 12:29:58,176 LT1-thread root DEBUG iutctl_common.py          166   send                      : sending frame '0003ff010001'
2026-09-18 12:29:58,176 LT1-thread root DEBUG btp.py                    618   core_reg_svc_rsp_succ     : 
2026-09-18 12:29:58,176 LT1-thread root DEBUG iutctl_common.py          339   read                      : 
2026-09-18 12:30:02,292 BTPWorkerThread-298 (_rx_task) root DEBUG iutctl_common.py          123   read                      : Read 5 bytes
2026-09-18 12:30:02,304 BTPWorkerThread-298 (_rx_task) root DEBUG iutctl_common.py          131   read                      : Received: hdr: Header(svc_id=0x00, op=0x03, ctrl_index=0xff, data_len=0x00) bytearray(b'\x00\x03\xff\x00\x00')
2026-09-18 12:30:02,304 BTPWorkerThread-298 (_rx_task) root DEBUG iutctl_common.py          154   read                      : Received data: {''}, bytearray(b'')
2026-09-18 12:30:02,314 LT1-thread root DEBUG btp.py                    629   core_reg_svc_rsp_succ     : received Header(svc_id=0, op=3, ctrl_index=255, data_len=0) (b'',)
2026-09-18 12:30:02,314 LT1-thread root DEBUG btp.py                    630   core_reg_svc_rsp_succ     : expected ((0, 3, 255, 0), (b'',))
2026-09-18 12:30:02,314 LT1-thread root DEBUG btp.py                    635   core_reg_svc_rsp_succ     : response is valid
2026-09-18 12:30:02,314 LT1-thread root DEBUG btp.py                    638   core_reg_svc_rsp_succ     : Reading supported commands for service: GAP
2026-09-18 12:30:02,314 LT1-thread root DEBUG iutctl_common.py          161   send                      : 1 1 255 ''
2026-09-18 12:30:02,315 LT1-thread root DEBUG iutctl_common.py          166   send                      : sending frame '0101ff0000'
2026-09-18 12:30:02,315 LT1-thread root DEBUG iutctl_common.py          339   read                      : 
2026-09-18 12:30:02,353 BTPWorkerThread-298 (_rx_task) root DEBUG iutctl_common.py          123   read                      : Read 5 bytes
2026-09-18 12:30:02,364 BTPWorkerThread-298 (_rx_task) root DEBUG iutctl_common.py          131   read                      : Received: hdr: Header(svc_id=0x01, op=0x01, ctrl_index=0xff, data_len=0x07) bytearray(b'\x01\x01\xff\x07\x00')
2026-09-18 12:30:02,381 BTPWorkerThread-298 (_rx_task) root DEBUG iutctl_common.py          139   read                      : Read 7 bytes data
2026-09-18 12:30:02,391 BTPWorkerThread-298 (_rx_task) root DEBUG iutctl_common.py          154   read                      : Received data: {'6e ff 7f 1f fe ff 0e'}, bytearray(b'n\xff\x7f\x1f\xfe\xff\x0e')
2026-09-18 12:30:02,401 LT1-thread root DEBUG testcase.py               254   start                     : Starting test function: class=<class 'autopts.ptsprojects.testcase.TestFunc'>, func=<bound method Stack.gap_init of <autopts.ptsprojects.stack.stack.Stack object at 0x000002D1930E8D70>> start_wid=None stop_wid=None post_wid=None skip_call=None call_count=3 args=(b'Tester_08E44E',) kwds={}
2026-09-18 12:30:02,401 LT1-thread root DEBUG testcase.py               266   start                     : Test function parameters: args=(b'Tester_08E44E',), kwds={}
2026-09-18 12:30:02,401 LT1-thread root DEBUG testcase.py               254   start                     : Starting test function: class=<class 'autopts.ptsprojects.testcase.TestFunc'>, func=<function gap_read_controller_info at 0x000002D192337560> start_wid=None stop_wid=None post_wid=None skip_call=None call_count=3 args=() kwds={}
2026-09-18 12:30:02,401 LT1-thread root DEBUG testcase.py               266   start                     : Test function parameters: args=(), kwds={}
2026-09-18 12:30:02,401 LT1-thread root DEBUG gap.py                    1161  gap_read_controller_info  : 
2026-09-18 12:30:02,402 LT1-thread root DEBUG iutctl_common.py          161   send                      : 1 3 0 ''
2026-09-18 12:30:02,402 LT1-thread root DEBUG iutctl_common.py          166   send                      : sending frame '0103000000'
2026-09-18 12:30:02,402 LT1-thread root DEBUG iutctl_common.py          339   read                      : 
2026-09-18 12:30:02,435 BTPWorkerThread-298 (_rx_task) root DEBUG iutctl_common.py          123   read                      : Read 5 bytes
2026-09-18 12:30:02,445 BTPWorkerThread-298 (_rx_task) root DEBUG iutctl_common.py          131   read                      : Received: hdr: Header(svc_id=0x01, op=0x03, ctrl_index=0x00, data_len=0x115) bytearray(b'\x01\x03\x00\x15\x01')
2026-09-18 12:30:02,456 BTPWorkerThread-298 (_rx_task) root DEBUG iutctl_common.py          139   read                      : Read 277 bytes data
2026-09-18 12:30:02,456 BTPWorkerThread-298 (_rx_task) root DEBUG iutctl_common.py          154   read                      : Received data: {'19 78 ee 69 17 d0 d3 06 02 00 13 02 00 00 00 00 00 62 74 70 5f 74 65 73 74 65 72 00 00 00 00 00 00 00 00 00 00 00 00 00 00 00 00 00 00 00 00 00 00 00 00 00 00 00 00 00 00 00 00 00 00 00 00 00 00 00 00 00 00 00 00 00 00 00 00 00 00 00 00 00 00 00 00 00 00 00 00 00 00 00 00 00 00 00 00 00 00 00 00 00 00 00 00 00 00 00 00 00 00 00 00 00 00 00 00 00 00 00 00 00 00 00 00 00 00 00 00 00 00 00 00 00 00 00 00 00 00 00 00 00 00 00 00 00 00 00 00 00 00 00 00 00 00 00 00 00 00 00 00 00 00 00 00 00 00 00 00 00 00 00 00 00 00 00 00 00 00 00 00 00 00 00 00 00 00 00 00 00 00 00 00 00 00 00 00 00 00 00 00 00 00 00 00 00 00 00 00 00 00 00 00 00 00 00 00 00 00 00 00 00 00 00 00 00 00 00 00 00 00 00 00 00 00 00 00 00 00 00 00 00 00 00 00 00 00 00 00 00 00 00 00 00 00 00 00 00 00 00 00 00 00 00 00 00 00 00 00 00 00 00 00 00 00 00 00 00 00'}, bytearray(b'\x19x\xeei\x17\xd0\xd3\x06\x02\x00\x13\x02\x00\x00\x00\x00\x00btp_tester\x00\x00\x00\x00\x00\x00\x00\x00\x00\x00\x00\x00\x00\x00\x00\x00\x00\x00\x00\x00\x00\x00\x00\x00\x00\x00\x00\x00\x00\x00\x00\x00\x00\x00\x00\x00\x00\x00\x00\x00\x00\x00\x00\x00\x00\x00\x00\x00\x00\x00\x00\x00\x00\x00\x00\x00\x00\x00\x00\x00\x00\x00\x00\x00\x00\x00\x00\x00\x00\x00\x00\x00\x00\x00\x00\x00\x00\x00\x00\x00\x00\x00\x00\x00\x00\x00\x00\x00\x00\x00\x00\x00\x00\x00\x00\x00\x00\x00\x00\x00\x00\x00\x00\x00\x00\x00\x00\x00\x00\x00\x00\x00\x00\x00\x00\x00\x00\x00\x00\x00\x00\x00\x00\x00\x00\x00\x00\x00\x00\x00\x00\x00\x00\x00\x00\x00\x00\x00\x00\x00\x00\x00\x00\x00\x00\x00\x00\x00\x00\x00\x00\x00\x00\x00\x00\x00\x00\x00\x00\x00\x00\x00\x00\x00\x00\x00\x00\x00\x00\x00\x00\x00\x00\x00\x00\x00\x00\x00\x00\x00\x00\x00\x00\x00\x00\x00\x00\x00\x00\x00\x00\x00\x00\x00\x00\x00\x00\x00\x00\x00\x00\x00\x00\x00\x00\x00\x00\x00\x00\x00\x00\x00\x00\x00\x00\x00\x00\x00\x00\x00\x00\x00\x00\x00\x00\x00\x00\x00\x00\x00\x00\x00\x00\x00\x00\x00\x00\x00\x00\x00\x00\x00\x00\x00\x00\x00\x00\x00\x00\x00')
2026-09-18 12:30:02,467 LT1-thread root DEBUG gap.py                    1168  gap_read_controller_info  : received Header(svc_id=1, op=3, ctrl_index=0, data_len=277) (b'\x19x\xeei\x17\xd0\xd3\x06\x02\x00\x13\x02\x00\x00\x00\x00\x00btp_tester\x00\x00\x00\x00\x00\x00\x00\x00\x00\x00\x00\x00\x00\x00\x00\x00\x00\x00\x00\x00\x00\x00\x00\x00\x00\x00\x00\x00\x00\x00\x00\x00\x00\x00\x00\x00\x00\x00\x00\x00\x00\x00\x00\x00\x00\x00\x00\x00\x00\x00\x00\x00\x00\x00\x00\x00\x00\x00\x00\x00\x00\x00\x00\x00\x00\x00\x00\x00\x00\x00\x00\x00\x00\x00\x00\x00\x00\x00\x00\x00\x00\x00\x00\x00\x00\x00\x00\x00\x00\x00\x00\x00\x00\x00\x00\x00\x00\x00\x00\x00\x00\x00\x00\x00\x00\x00\x00\x00\x00\x00\x00\x00\x00\x00\x00\x00\x00\x00\x00\x00\x00\x00\x00\x00\x00\x00\x00\x00\x00\x00\x00\x00\x00\x00\x00\x00\x00\x00\x00\x00\x00\x00\x00\x00\x00\x00\x00\x00\x00\x00\x00\x00\x00\x00\x00\x00\x00\x00\x00\x00\x00\x00\x00\x00\x00\x00\x00\x00\x00\x00\x00\x00\x00\x00\x00\x00\x00\x00\x00\x00\x00\x00\x00\x00\x00\x00\x00\x00\x00\x00\x00\x00\x00\x00\x00\x00\x00\x00\x00\x00\x00\x00\x00\x00\x00\x00\x00\x00\x00\x00\x00\x00\x00\x00\x00\x00\x00\x00\x00\x00\x00\x00\x00\x00\x00\x00\x00\x00\x00\x00\x00\x00\x00\x00\x00\x00\x00\x00\x00\x00\x00\x00\x00\x00\x00\x00\x00\x00\x00\x00',)
2026-09-18 12:30:02,467 LT1-thread root DEBUG gap.py                    1189  gap_read_controller_info  : IUT address 'd01769ee7819' 'public'
2026-09-18 12:30:02,467 LT1-thread root DEBUG gap.py                    594   __gap_current_settings_update : 531
2026-09-18 12:30:02,467 LT1-thread root DEBUG testcase.py               254   start                     : Starting test function: class=<class 'autopts.ptsprojects.testcase.TestFunc'>, func=<function core_reg_svc_sdp at 0x000002D19231DD00> start_wid=None stop_wid=None post_wid=None skip_call=None call_count=3 args=() kwds={}
2026-09-18 12:30:02,467 LT1-thread root DEBUG testcase.py               266   start                     : Test function parameters: args=(), kwds={}
2026-09-18 12:30:02,468 LT1-thread root DEBUG btp.py                    117   core_reg_svc_univ         : core_reg_svc_univ: sdp_reg (SDP)
2026-09-18 12:30:02,468 LT1-thread root DEBUG iutctl_common.py          161   send                      : 0 3 255 '31'
2026-09-18 12:30:02,468 LT1-thread root DEBUG iutctl_common.py          166   send                      : sending frame '0003ff01001f'
2026-09-18 12:30:02,468 LT1-thread root DEBUG btp.py                    618   core_reg_svc_rsp_succ     : 
2026-09-18 12:30:02,468 LT1-thread root DEBUG iutctl_common.py          339   read                      : 
2026-09-18 12:30:02,505 BTPWorkerThread-298 (_rx_task) root DEBUG iutctl_common.py          123   read                      : Read 5 bytes
2026-09-18 12:30:02,516 BTPWorkerThread-298 (_rx_task) root DEBUG iutctl_common.py          131   read                      : Received: hdr: Header(svc_id=0x00, op=0x03, ctrl_index=0xff, data_len=0x00) bytearray(b'\x00\x03\xff\x00\x00')
2026-09-18 12:30:02,521 BTPWorkerThread-298 (_rx_task) root DEBUG iutctl_common.py          154   read                      : Received data: {''}, bytearray(b'')
2026-09-18 12:30:02,521 LT1-thread root DEBUG btp.py                    629   core_reg_svc_rsp_succ     : received Header(svc_id=0, op=3, ctrl_index=255, data_len=0) (b'',)
2026-09-18 12:30:02,521 LT1-thread root DEBUG btp.py                    630   core_reg_svc_rsp_succ     : expected ((0, 3, 255, 0), (b'',))
2026-09-18 12:30:02,522 LT1-thread root DEBUG btp.py                    635   core_reg_svc_rsp_succ     : response is valid
2026-09-18 12:30:02,522 LT1-thread root DEBUG btp.py                    638   core_reg_svc_rsp_succ     : Reading supported commands for service: SDP
2026-09-18 12:30:02,522 LT1-thread root DEBUG iutctl_common.py          161   send                      : 31 1 255 ''
2026-09-18 12:30:02,522 LT1-thread root DEBUG iutctl_common.py          166   send                      : sending frame '1f01ff0000'
2026-09-18 12:30:02,522 LT1-thread root DEBUG iutctl_common.py          339   read                      : 
2026-09-18 12:30:02,559 BTPWorkerThread-298 (_rx_task) root DEBUG iutctl_common.py          123   read                      : Read 5 bytes
2026-09-18 12:30:02,570 BTPWorkerThread-298 (_rx_task) root DEBUG iutctl_common.py          131   read                      : Received: hdr: Header(svc_id=0x1f, op=0x01, ctrl_index=0xff, data_len=0x01) bytearray(b'\x1f\x01\xff\x01\x00')
2026-09-18 12:30:02,581 BTPWorkerThread-298 (_rx_task) root DEBUG iutctl_common.py          139   read                      : Read 1 bytes data
2026-09-18 12:30:02,592 BTPWorkerThread-298 (_rx_task) root DEBUG iutctl_common.py          154   read                      : Received data: {'1e'}, bytearray(b'\x1e')
2026-09-18 12:30:02,593 LT1-thread root DEBUG testcase.py               254   start                     : Starting test function: class=<class 'autopts.ptsprojects.testcase.TestFunc'>, func=<bound method Stack.sdp_init of <autopts.ptsprojects.stack.stack.Stack object at 0x000002D1930E8D70>> start_wid=None stop_wid=None post_wid=None skip_call=None call_count=3 args=() kwds={}
2026-09-18 12:30:02,593 LT1-thread root DEBUG testcase.py               266   start                     : Test function parameters: args=(), kwds={}
2026-09-18 12:30:02,593 LT1-thread root DEBUG testcase.py               254   start                     : Starting test function: class=<class 'autopts.ptsprojects.testcase.TestFunc'>, func=<function test_cases.<locals>.<lambda> at 0x000002D194DCA700> start_wid=None stop_wid=None post_wid=None skip_call=None call_count=3 args=() kwds={}
2026-09-18 12:30:02,593 LT1-thread root DEBUG testcase.py               266   start                     : Test function parameters: args=(), kwds={}
2026-09-18 12:30:02,597 LT1-thread root DEBUG testcase.py               254   start                     : Starting test function: class=<class 'autopts.ptsprojects.testcase.TestFunc'>, func=<function test_cases.<locals>.<lambda> at 0x000002D194E5C680> start_wid=None stop_wid=None post_wid=None skip_call=None call_count=3 args=() kwds={}
2026-09-18 12:30:02,597 LT1-thread root DEBUG testcase.py               266   start                     : Test function parameters: args=(), kwds={}
2026-09-18 12:30:02,601 LT1-thread root DEBUG testcase.py               254   start                     : Starting test function: class=<class 'autopts.ptsprojects.testcase.TestFunc'>, func=<function set_pts_addr at 0x000002D19231C2C0> start_wid=None stop_wid=None post_wid=None skip_call=None call_count=3 args=('00:1B:DC:08:E4:4E', 0) kwds={}
2026-09-18 12:30:02,601 LT1-thread root DEBUG testcase.py               266   start                     : Test function parameters: args=('00:1B:DC:08:E4:4E', 0), kwds={}
2026-09-18 12:30:02,602 LT1-thread root DEBUG testcase.py               254   start                     : Starting test function: class=<class 'autopts.ptsprojects.testcase.TestFunc'>, func=<function gap_set_io_capability at 0x000002D192336A20> start_wid=None stop_wid=None post_wid=None skip_call=None call_count=3 args=(3,) kwds={}
2026-09-18 12:30:02,602 LT1-thread root DEBUG testcase.py               266   start                     : Test function parameters: args=(3,), kwds={}
2026-09-18 12:30:02,602 LT1-thread root DEBUG gap.py                    859   gap_set_io_capability     : 3
2026-09-18 12:30:02,602 LT1-thread root DEBUG iutctl_common.py          161   send                      : 1 16 0 '\x03'
2026-09-18 12:30:02,602 LT1-thread root DEBUG iutctl_common.py          166   send                      : sending frame '011000010003'
2026-09-18 12:30:02,603 LT1-thread root DEBUG gap.py                    1227  gap_command_rsp_succ      : 
2026-09-18 12:30:02,603 LT1-thread root DEBUG iutctl_common.py          339   read                      : 
2026-09-18 12:30:02,636 BTPWorkerThread-298 (_rx_task) root DEBUG iutctl_common.py          123   read                      : Read 5 bytes
2026-09-18 12:30:02,647 BTPWorkerThread-298 (_rx_task) root DEBUG iutctl_common.py          131   read                      : Received: hdr: Header(svc_id=0x01, op=0x10, ctrl_index=0x00, data_len=0x00) bytearray(b'\x01\x10\x00\x00\x00')
2026-09-18 12:30:02,657 BTPWorkerThread-298 (_rx_task) root DEBUG iutctl_common.py          154   read                      : Received data: {''}, bytearray(b'')
2026-09-18 12:30:02,668 LT1-thread root DEBUG gap.py                    1232  gap_command_rsp_succ      : received Header(svc_id=1, op=16, ctrl_index=0, data_len=0) (b'',)
2026-09-18 12:30:02,668 LT1-thread root DEBUG testcase.py               254   start                     : Starting test function: class=<class 'autopts.ptsprojects.testcase.TestFunc'>, func=<function gap_set_connectable at 0x000002D192336E80> start_wid=None stop_wid=None post_wid=None skip_call=None call_count=3 args=() kwds={}
2026-09-18 12:30:02,668 LT1-thread root DEBUG testcase.py               266   start                     : Test function parameters: args=(), kwds={}
2026-09-18 12:30:02,668 LT1-thread root DEBUG gap.py                    982   gap_set_connectable       : 
2026-09-18 12:30:02,669 LT1-thread root DEBUG testcase.py               254   start                     : Starting test function: class=<class 'autopts.ptsprojects.testcase.TestFunc'>, func=<function gap_set_general_discoverable at 0x000002D192337060> start_wid=None stop_wid=None post_wid=None skip_call=None call_count=3 args=() kwds={}
2026-09-18 12:30:02,669 LT1-thread root DEBUG testcase.py               266   start                     : Test function parameters: args=(), kwds={}
2026-09-18 12:30:02,669 LT1-thread root DEBUG gap.py                    1033  gap_set_general_discoverable : 
2026-09-18 12:30:02,669 LT1-thread root DEBUG iutctl_common.py          161   send                      : 1 8 0 '1'
2026-09-18 12:30:02,669 LT1-thread root DEBUG iutctl_common.py          166   send                      : sending frame '010800010001'
2026-09-18 12:30:02,669 LT1-thread root DEBUG gap.py                    1227  gap_command_rsp_succ      : 
2026-09-18 12:30:02,669 LT1-thread root DEBUG iutctl_common.py          339   read                      : 
2026-09-18 12:30:02,732 BTPWorkerThread-298 (_rx_task) root DEBUG iutctl_common.py          123   read                      : Read 5 bytes
2026-09-18 12:30:02,744 BTPWorkerThread-298 (_rx_task) root DEBUG iutctl_common.py          131   read                      : Received: hdr: Header(svc_id=0x01, op=0x08, ctrl_index=0x00, data_len=0x04) bytearray(b'\x01\x08\x00\x04\x00')
2026-09-18 12:30:02,761 BTPWorkerThread-298 (_rx_task) root DEBUG iutctl_common.py          139   read                      : Read 4 bytes data
2026-09-18 12:30:02,772 BTPWorkerThread-298 (_rx_task) root DEBUG iutctl_common.py          154   read                      : Received data: {'1b 02 00 00'}, bytearray(b'\x1b\x02\x00\x00')
2026-09-18 12:30:02,788 LT1-thread root DEBUG gap.py                    1232  gap_command_rsp_succ      : received Header(svc_id=1, op=8, ctrl_index=0, data_len=4) (b'\x1b\x02\x00\x00',)
2026-09-18 12:30:02,788 LT1-thread root DEBUG gap.py                    594   __gap_current_settings_update : (b'\x1b\x02\x00\x00',)
2026-09-18 12:30:02,790 LT1-thread root DEBUG client.py                 276   get_result                : ClientCallback.get_result run_test_case
2026-09-18 12:30:09,083 LT1-callback ClientCallback.on_implicit_send INFO client.py                 223   on_implicit_send          : 
    ********************
    BEGIN OnImplicitSend:
    project_name: SDP
    wid: 6000
    test_case_name: SDP/SR/SA/BV-01-C
    description: If necessary take action to accept the SDP channel connection.
    style: MMI_Style_Ok_Cancel2 0x11141
2026-09-18 12:30:09,083 LT1-callback ClientCallback.on_implicit_send INFO client.py                 236   on_implicit_send          : Calling test cases on_implicit_send
2026-09-18 12:30:09,083 LT1-callback ClientCallback.on_implicit_send INFO client.py                 249   on_implicit_send          : 
    on_implicit_send returned response: WAIT
    END OnImplicitSend
    ********************
2026-09-18 12:30:09,794 LT1-thread root DEBUG testcase.py               679   run_wid                   : SDP SDP/SR/SA/BV-01-C on_implicit_send
2026-09-18 12:30:09,794 LT1-thread root DEBUG sdp_wid.py                25    sdp_wid_hdl               : sdp_wid_hdl, 6000, If necessary take action to accept the SDP channel connection., SDP/SR/SA/BV-01-C
2026-09-18 12:30:09,794 LT1-thread root DEBUG testcase.py               722   run_wid                   : Sending response 'OK' to wid 6000 test case SDP/SR/SA/BV-01-C
2026-09-18 12:30:09,796 LT1-thread root DEBUG client.py                 276   get_result                : ClientCallback.get_result run_test_case
2026-09-18 12:30:10,600 LT1-callback ClientCallback.on_implicit_send INFO client.py                 223   on_implicit_send          : 
    ********************
    BEGIN OnImplicitSend:
    project_name: SDP
    wid: 6002
    test_case_name: SDP/SR/SA/BV-01-C
    description: If necessary take action to accept the Service Search operation.
    style: MMI_Style_Ok_Cancel2 0x11141
2026-09-18 12:30:10,600 LT1-callback ClientCallback.on_implicit_send INFO client.py                 236   on_implicit_send          : Calling test cases on_implicit_send
2026-09-18 12:30:10,600 LT1-callback ClientCallback.on_implicit_send INFO client.py                 249   on_implicit_send          : 
    on_implicit_send returned response: WAIT
    END OnImplicitSend
    ********************
2026-09-18 12:30:10,602 BTPWorkerThread-298 (_rx_task) root DEBUG iutctl_common.py          123   read                      : Read 5 bytes
2026-09-18 12:30:10,602 BTPWorkerThread-298 (_rx_task) root DEBUG iutctl_common.py          131   read                      : Received: hdr: Header(svc_id=0x01, op=0x82, ctrl_index=0x00, data_len=0x0d) bytearray(b'\x01\x82\x00\r\x00')
2026-09-18 12:30:10,602 BTPWorkerThread-298 (_rx_task) root DEBUG iutctl_common.py          139   read                      : Read 13 bytes data
2026-09-18 12:30:10,603 BTPWorkerThread-298 (_rx_task) root DEBUG iutctl_common.py          154   read                      : Received data: {'e0 4e e4 08 dc 1b 00 00 00 00 00 00 00'}, bytearray(b'\xe0N\xe4\x08\xdc\x1b\x00\x00\x00\x00\x00\x00\x00')
2026-09-18 12:30:10,603 BTPWorkerThread-298 (_rx_task) root DEBUG btp.py                    700   event_handler             : Header(svc_id=1, op=130, ctrl_index=0, data_len=13) (b'\xe0N\xe4\x08\xdc\x1b\x00\x00\x00\x00\x00\x00\x00',)
2026-09-18 12:30:10,603 BTPWorkerThread-298 (_rx_task) root DEBUG gap.py                    213   gap_connected_ev_         : b'\xe0N\xe4\x08\xdc\x1b\x00\x00\x00\x00\x00\x00\x00'
2026-09-18 12:30:10,603 BTPWorkerThread-298 (_rx_task) root DEBUG iutctl_common.py          123   read                      : Read 5 bytes
2026-09-18 12:30:10,603 BTPWorkerThread-298 (_rx_task) root DEBUG iutctl_common.py          131   read                      : Received: hdr: Header(svc_id=0x01, op=0x80, ctrl_index=0x00, data_len=0x04) bytearray(b'\x01\x80\x00\x04\x00')
2026-09-18 12:30:10,603 BTPWorkerThread-298 (_rx_task) root DEBUG iutctl_common.py          139   read                      : Read 4 bytes data
2026-09-18 12:30:10,603 BTPWorkerThread-298 (_rx_task) root DEBUG iutctl_common.py          154   read                      : Received data: {'1b 02 00 00'}, bytearray(b'\x1b\x02\x00\x00')
2026-09-18 12:30:10,603 BTPWorkerThread-298 (_rx_task) root DEBUG btp.py                    700   event_handler             : Header(svc_id=1, op=128, ctrl_index=0, data_len=4) (b'\x1b\x02\x00\x00',)
2026-09-18 12:30:10,603 BTPWorkerThread-298 (_rx_task) root DEBUG gap.py                    181   gap_new_settings_ev_      : b'\x1b\x02\x00\x00'
2026-09-18 12:30:10,604 BTPWorkerThread-298 (_rx_task) root DEBUG gap.py                    594   __gap_current_settings_update : 539
2026-09-18 12:30:10,797 LT1-thread root DEBUG testcase.py               679   run_wid                   : SDP SDP/SR/SA/BV-01-C on_implicit_send
2026-09-18 12:30:10,797 LT1-thread root DEBUG sdp_wid.py                25    sdp_wid_hdl               : sdp_wid_hdl, 6002, If necessary take action to accept the Service Search operation., SDP/SR/SA/BV-01-C
2026-09-18 12:30:10,797 LT1-thread root DEBUG testcase.py               722   run_wid                   : Sending response 'OK' to wid 6002 test case SDP/SR/SA/BV-01-C
2026-09-18 12:30:10,799 LT1-thread root DEBUG client.py                 276   get_result                : ClientCallback.get_result run_test_case
2026-09-18 12:30:13,376 LT1-callback ClientCallback.on_implicit_send INFO client.py                 223   on_implicit_send          : 
    ********************
    BEGIN OnImplicitSend:
    project_name: SDP
    wid: 6001
    test_case_name: SDP/SR/SA/BV-01-C
    description: If necessary take action to respond to the Service Attribute operation appropriately.
    style: MMI_Style_Ok_Cancel2 0x11141
2026-09-18 12:30:13,376 LT1-callback ClientCallback.on_implicit_send INFO client.py                 236   on_implicit_send          : Calling test cases on_implicit_send
2026-09-18 12:30:13,377 LT1-callback ClientCallback.on_implicit_send INFO client.py                 249   on_implicit_send          : 
    on_implicit_send returned response: WAIT
    END OnImplicitSend
    ********************
2026-09-18 12:30:13,800 LT1-thread root DEBUG testcase.py               679   run_wid                   : SDP SDP/SR/SA/BV-01-C on_implicit_send
2026-09-18 12:30:13,800 LT1-thread root DEBUG sdp_wid.py                25    sdp_wid_hdl               : sdp_wid_hdl, 6001, If necessary take action to respond to the Service Attribute operation appropriately., SDP/SR/SA/BV-01-C
2026-09-18 12:30:13,800 LT1-thread root DEBUG testcase.py               722   run_wid                   : Sending response 'OK' to wid 6001 test case SDP/SR/SA/BV-01-C
2026-09-18 12:30:13,804 LT1-thread root DEBUG client.py                 276   get_result                : ClientCallback.get_result run_test_case
2026-09-18 12:30:14,407 BTPWorkerThread-298 (_rx_task) root DEBUG iutctl_common.py          123   read                      : Read 5 bytes
2026-09-18 12:30:14,407 BTPWorkerThread-298 (_rx_task) root DEBUG iutctl_common.py          131   read                      : Received: hdr: Header(svc_id=0x01, op=0x83, ctrl_index=0x00, data_len=0x07) bytearray(b'\x01\x83\x00\x07\x00')
2026-09-18 12:30:14,408 BTPWorkerThread-298 (_rx_task) root DEBUG iutctl_common.py          139   read                      : Read 7 bytes data
2026-09-18 12:30:14,408 BTPWorkerThread-298 (_rx_task) root DEBUG iutctl_common.py          154   read                      : Received data: {'e0 4e e4 08 dc 1b 00'}, bytearray(b'\xe0N\xe4\x08\xdc\x1b\x00')
2026-09-18 12:30:14,408 BTPWorkerThread-298 (_rx_task) root DEBUG btp.py                    700   event_handler             : Header(svc_id=1, op=131, ctrl_index=0, data_len=7) (b'\xe0N\xe4\x08\xdc\x1b\x00',)
2026-09-18 12:30:14,408 BTPWorkerThread-298 (_rx_task) root DEBUG gap.py                    226   gap_disconnected_ev_      : b'\xe0N\xe4\x08\xdc\x1b\x00'
2026-09-18 12:30:17,117 LT1-callback ClientCallback.log INFO client.py                 200   log                       : PTS_LOGTYPE_START_TEST Start Test Case 

+141 ms
 SDP/SR/SA/BV-01-C SDP/SR/SA/BV-01-C

2026-09-18 12:30:17,534 LT1-callback ClientCallback.log INFO client.py                 200   log                       : PTS_LOGTYPE_FINAL_VERDICT Final Verdict 

+12375 ms
 SDP/SR/SA/BV-01-C PASS

2026-09-18 12:30:17,538 LT1-callback ClientCallback.log INFO client.py                 200   log                       : PTS_LOGTYPE_FINAL_VERDICT Encrypted Verdict 

+12375 ms
 SDP/SR/SA/BV-01-C A1#ZWY4MzQ5MDg3MmQwNTIxOGQzMzQ5YjY2ODA5M2MzNjQ5ZDY4NmY0Yjc2MzIzM2VkNTUyNTFhNGU4Mjg1MjI0NA==#UptUelV49/FWIdGS5WemiQS03OWSDX7woUJShAWREqQdn6OUE/cIBIJZSlhAGrew

2026-09-18 12:30:17,543 LT1-callback ClientCallback.log INFO client.py                 200   log                       : PTS_LOGTYPE_END_TEST Test Case Ended 

+12375 ms
 SDP/SR/SA/BV-01-C SDP/SR/SA/BV-01-C

2026-09-18 12:30:17,636 LT1-callback root DEBUG client.py                 261   set_result                : ClientCallback, set_result, run_test_case, PASS
2026-09-18 12:30:17,637 LT1-thread root DEBUG client.py                 1186  _run_test_case            : After run_test_case error_code=0 status='PASS'
2026-09-18 12:30:17,637 LT1-thread root DEBUG testcase.py               766   post_run                  : post_run SDP SDP/SR/SA/BV-01-C 0
2026-09-18 12:30:17,637 LT1-thread root DEBUG testcase.py               254   start                     : Starting test function: class=<class 'autopts.ptsprojects.testcase.TestFuncCleanUp'>, func=<bound method ZTestCase._test_case_cleanup of <autopts.ptsprojects.zephyr.ztestcase.ZTestCase object at 0x000002D194E307A0>> start_wid=None stop_wid=None post_wid=None skip_call=None call_count=1 args=() kwds={}
2026-09-18 12:30:17,638 LT1-thread root DEBUG testcase.py               266   start                     : Test function parameters: args=(), kwds={}
2026-09-18 12:30:17,638 LT1-thread root DEBUG iutctl.py                 415   stop                      : <class 'autopts.ptsprojects.zephyr.iutctl.create_zephyr_ctl_class.<locals>.ZephyrCtl'>.stop
2026-09-18 12:30:17,638 LT1-thread root DEBUG __init__.py               51    reset                     : About to reset DUT: JLink -CommandFile reset.jlink -usb 1063214216 -device MIMXRT1176XXXA_M7
2026-09-18 12:30:18,038 BTPWorkerThread-298 (_rx_task) root DEBUG iutctl_common.py          123   read                      : Read 5 bytes
2026-09-18 12:30:18,039 BTPWorkerThread-298 (_rx_task) root DEBUG iutctl_common.py          131   read                      : Received: hdr: Header(svc_id=0x00, op=0x80, ctrl_index=0xff, data_len=0x00) bytearray(b'\x00\x80\xff\x00\x00')
2026-09-18 12:30:18,039 BTPWorkerThread-298 (_rx_task) root DEBUG iutctl_common.py          154   read                      : Received data: {''}, bytearray(b'')
2026-09-18 12:30:18,039 BTPWorkerThread-298 (_rx_task) root DEBUG btp.py                    700   event_handler             : Header(svc_id=0, op=128, ctrl_index=255, data_len=0) (b'',)
2026-09-18 12:30:18,039 BTPWorkerThread-298 (_rx_task) root DEBUG core.py                   23    core_iut_ready_ev         : 
2026-09-18 12:30:18,104 LT1-thread root DEBUG iutctl.py                 436   _stop_tty_mode            : IUT ready event received OK
2026-09-18 12:30:18,104 LT1-thread root DEBUG iutctl_common.py          416   close                     : Waiting for _rx_worker to finish ...
2026-09-18 12:30:19,039 BTPWorkerThread-298 (_rx_task) root DEBUG iutctl_common.py          332   _rx_task                  : BTPWorkerThread-298 (_rx_task) finishing...
2026-09-18 12:30:22,047 LT1-thread root DEBUG testcase.py               794   post_run                  : post_run, cleanup running post test case script
2026-09-18 12:30:22,047 LT1-thread root DEBUG testcase.py               802   post_run                  : post_run, run post test case script
2026-09-18 12:30:22,133 LT1-thread root DEBUG client.py                 1220  _run_test_case            : Done TestCase _run_test_case SDP SDP/SR/SA/BV-01-C
