2026-09-21 16:51:25,789 LT1-thread root DEBUG client.py                 1099  _run_test_case            : Starting TestCase _run_test_case FTP FTP/SR/OTR/BV-12-C
2026-09-21 16:51:25,789 LT1-thread root DEBUG testcase.py               727   pre_run                   : pre_run FTP FTP/SR/OTR/BV-12-C
2026-09-21 16:51:25,790 LT1-thread root DEBUG testcase.py               729   pre_run                   : About to run test case FTP FTP/SR/OTR/BV-12-C with commands:
2026-09-21 16:51:25,790 LT1-thread root DEBUG testcase.py               731   pre_run                   : 0) class=<class 'autopts.ptsprojects.testcase.TestFunc'>, func=<bound method ZTestCase._test_case_start of <autopts.ptsprojects.zephyr.ztestcase.ZTestCase object at 0x000001D20B9F8080>> start_wid=None stop_wid=None post_wid=None skip_call=None call_count=0 args=() kwds={}
2026-09-21 16:51:25,790 LT1-thread root DEBUG testcase.py               731   pre_run                   : 1) class=<class 'autopts.ptsprojects.testcase.TestFunc'>, func=<function core_reg_svc_gap at 0x000001D2091834C0> start_wid=None stop_wid=None post_wid=None skip_call=None call_count=95 args=() kwds={}
2026-09-21 16:51:25,790 LT1-thread root DEBUG testcase.py               731   pre_run                   : 2) class=<class 'autopts.ptsprojects.testcase.TestFunc'>, func=<bound method Stack.gap_init of <autopts.ptsprojects.stack.stack.Stack object at 0x000001D20B64E300>> start_wid=None stop_wid=None post_wid=None skip_call=None call_count=95 args=(b'Tester_08E44E',) kwds={}
2026-09-21 16:51:25,790 LT1-thread root DEBUG testcase.py               731   pre_run                   : 3) class=<class 'autopts.ptsprojects.testcase.TestFunc'>, func=<function gap_read_controller_info at 0x000001D2091B63E0> start_wid=None stop_wid=None post_wid=None skip_call=None call_count=95 args=() kwds={}
2026-09-21 16:51:25,790 LT1-thread root DEBUG testcase.py               731   pre_run                   : 4) class=<class 'autopts.ptsprojects.testcase.TestFunc'>, func=<function test_cases.<locals>.<lambda> at 0x000001D20B949C60> start_wid=None stop_wid=None post_wid=None skip_call=None call_count=95 args=() kwds={}
2026-09-21 16:51:25,790 LT1-thread root DEBUG testcase.py               731   pre_run                   : 5) class=<class 'autopts.ptsprojects.testcase.TestFunc'>, func=<function set_pts_addr at 0x000001D209183060> start_wid=None stop_wid=None post_wid=None skip_call=None call_count=95 args=('00:1B:DC:08:E4:4E', 0) kwds={}
2026-09-21 16:51:25,790 LT1-thread root DEBUG testcase.py               731   pre_run                   : 6) class=<class 'autopts.ptsprojects.testcase.TestFunc'>, func=<function core_reg_svc_gatt at 0x000001D209183600> start_wid=None stop_wid=None post_wid=None skip_call=None call_count=95 args=() kwds={}
2026-09-21 16:51:25,790 LT1-thread root DEBUG testcase.py               731   pre_run                   : 7) class=<class 'autopts.ptsprojects.testcase.TestFunc'>, func=<bound method Stack.gatt_init of <autopts.ptsprojects.stack.stack.Stack object at 0x000001D20B64E300>> start_wid=None stop_wid=None post_wid=None skip_call=None call_count=95 args=() kwds={}
2026-09-21 16:51:25,791 LT1-thread root DEBUG testcase.py               731   pre_run                   : 8) class=<class 'autopts.ptsprojects.testcase.TestFunc'>, func=<function core_reg_svc_ftp at 0x000001D20915CC20> start_wid=None stop_wid=None post_wid=None skip_call=None call_count=95 args=() kwds={}
2026-09-21 16:51:25,791 LT1-thread root DEBUG testcase.py               731   pre_run                   : 9) class=<class 'autopts.ptsprojects.testcase.TestFunc'>, func=<bound method Stack.ftp_init of <autopts.ptsprojects.stack.stack.Stack object at 0x000001D20B64E300>> start_wid=None stop_wid=None post_wid=None skip_call=None call_count=95 args=() kwds={}
2026-09-21 16:51:25,791 LT1-thread root DEBUG testcase.py               731   pre_run                   : 10) class=<class 'autopts.ptsprojects.testcase.TestFunc'>, func=<function gap_set_connectable at 0x000001D2091B5D00> start_wid=None stop_wid=None post_wid=None skip_call=None call_count=95 args=() kwds={}
2026-09-21 16:51:25,791 LT1-thread root DEBUG testcase.py               731   pre_run                   : 11) class=<class 'autopts.ptsprojects.testcase.TestFunc'>, func=<function gap_set_general_discoverable at 0x000001D2091B5EE0> start_wid=None stop_wid=None post_wid=None skip_call=None call_count=95 args=() kwds={}
2026-09-21 16:51:25,791 LT1-thread root DEBUG testcase.py               731   pre_run                   : 12) class=<class 'autopts.ptsprojects.testcase.TestFuncCleanUp'>, func=<bound method ZTestCase._test_case_cleanup of <autopts.ptsprojects.zephyr.ztestcase.ZTestCase object at 0x000001D20B9F8080>> start_wid=None stop_wid=None post_wid=None skip_call=None call_count=0 args=() kwds={}
2026-09-21 16:51:25,791 LT1-thread root DEBUG testcase.py               738   pre_run                   : pre_run, run pre test case script
2026-09-21 16:51:25,798 LT1-thread root DEBUG testcase.py               254   start                     : Starting test function: class=<class 'autopts.ptsprojects.testcase.TestFunc'>, func=<bound method ZTestCase._test_case_start of <autopts.ptsprojects.zephyr.ztestcase.ZTestCase object at 0x000001D20B9F8080>> start_wid=None stop_wid=None post_wid=None skip_call=None call_count=1 args=() kwds={}
2026-09-21 16:51:25,799 LT1-thread root DEBUG testcase.py               266   start                     : Test function parameters: args=(), kwds={}
2026-09-21 16:51:25,799 LT1-thread root DEBUG iutctl.py                 172   start                     : <class 'autopts.ptsprojects.zephyr.iutctl.create_zephyr_ctl_class.<locals>.ZephyrCtl'>.start
2026-09-21 16:51:25,799 LT1-thread root DEBUG iutctl.py                 325   flush_serial              : <class 'autopts.ptsprojects.zephyr.iutctl.create_zephyr_ctl_class.<locals>.ZephyrCtl'>.flush_serial
2026-09-21 16:51:26,979 LT1-thread root DEBUG iutctl.py                 249   _start_tty_mode           : Starting socat process: socat.exe -x -v tcp:10.17.12.9:58314,retry=100,interval=1 /dev/ttyS2,raw,b115200,
2026-09-21 16:51:26,986 LT1-thread root DEBUG iutctl_common.py          402   accept                    : 
2026-09-21 16:51:27,061 BTPWorkerThread-15122 (_rx_task) root DEBUG iutctl_common.py          299   _rx_task                  : BTPWorkerThread-15122 (_rx_task) started
2026-09-21 16:51:27,061 LT1-thread root DEBUG iutctl.py                 395   wait_iut_ready_event      : IUT ready event received OK
2026-09-21 16:51:27,062 LT1-thread root DEBUG btp.py                    51    read_supp_svcs            : 
2026-09-21 16:51:27,062 LT1-thread root DEBUG iutctl_common.py          161   send                      : 0 2 255 ''
2026-09-21 16:51:27,062 LT1-thread root DEBUG iutctl_common.py          166   send                      : sending frame '0002ff0000'
2026-09-21 16:51:27,062 LT1-thread root DEBUG iutctl_common.py          339   read                      : 
2026-09-21 16:51:27,072 BTPWorkerThread-15122 (_rx_task) root DEBUG iutctl_common.py          123   read                      : Read 5 bytes
2026-09-21 16:51:27,089 BTPWorkerThread-15122 (_rx_task) root DEBUG iutctl_common.py          131   read                      : Received: hdr: Header(svc_id=0x00, op=0x02, ctrl_index=0xff, data_len=0x06) bytearray(b'\x00\x02\xff\x06\x00')
2026-09-21 16:51:27,094 BTPWorkerThread-15122 (_rx_task) root DEBUG iutctl_common.py          139   read                      : Read 6 bytes data
2026-09-21 16:51:27,105 BTPWorkerThread-15122 (_rx_task) root DEBUG iutctl_common.py          154   read                      : Received data: {'0f 00 00 a0 01 04'}, bytearray(b'\x0f\x00\x00\xa0\x01\x04')
2026-09-21 16:51:27,117 LT1-thread root DEBUG btp.py                    62    read_supp_svcs            : received Header(svc_id=0, op=2, ctrl_index=255, data_len=6) (b'\x0f\x00\x00\xa0\x01\x04',)
2026-09-21 16:51:27,117 LT1-thread root DEBUG testcase.py               254   start                     : Starting test function: class=<class 'autopts.ptsprojects.testcase.TestFunc'>, func=<function core_reg_svc_gap at 0x000001D2091834C0> start_wid=None stop_wid=None post_wid=None skip_call=None call_count=96 args=() kwds={}
2026-09-21 16:51:27,117 LT1-thread root DEBUG testcase.py               266   start                     : Test function parameters: args=(), kwds={}
2026-09-21 16:51:27,117 LT1-thread root DEBUG btp.py                    117   core_reg_svc_univ         : core_reg_svc_univ: gap_reg (GAP)
2026-09-21 16:51:27,117 LT1-thread root DEBUG iutctl_common.py          161   send                      : 0 3 255 '1'
2026-09-21 16:51:27,117 LT1-thread root DEBUG iutctl_common.py          166   send                      : sending frame '0003ff010001'
2026-09-21 16:51:27,118 LT1-thread root DEBUG btp.py                    622   core_reg_svc_rsp_succ     : 
2026-09-21 16:51:27,118 LT1-thread root DEBUG iutctl_common.py          339   read                      : 
2026-09-21 16:51:31,232 BTPWorkerThread-15122 (_rx_task) root DEBUG iutctl_common.py          123   read                      : Read 5 bytes
2026-09-21 16:51:31,242 BTPWorkerThread-15122 (_rx_task) root DEBUG iutctl_common.py          131   read                      : Received: hdr: Header(svc_id=0x00, op=0x03, ctrl_index=0xff, data_len=0x00) bytearray(b'\x00\x03\xff\x00\x00')
2026-09-21 16:51:31,258 BTPWorkerThread-15122 (_rx_task) root DEBUG iutctl_common.py          154   read                      : Received data: {''}, bytearray(b'')
2026-09-21 16:51:31,276 LT1-thread root DEBUG btp.py                    633   core_reg_svc_rsp_succ     : received Header(svc_id=0, op=3, ctrl_index=255, data_len=0) (b'',)
2026-09-21 16:51:31,276 LT1-thread root DEBUG btp.py                    634   core_reg_svc_rsp_succ     : expected ((0, 3, 255, 0), (b'',))
2026-09-21 16:51:31,276 LT1-thread root DEBUG btp.py                    639   core_reg_svc_rsp_succ     : response is valid
2026-09-21 16:51:31,276 LT1-thread root DEBUG btp.py                    642   core_reg_svc_rsp_succ     : Reading supported commands for service: GAP
2026-09-21 16:51:31,276 LT1-thread root DEBUG iutctl_common.py          161   send                      : 1 1 255 ''
2026-09-21 16:51:31,276 LT1-thread root DEBUG iutctl_common.py          166   send                      : sending frame '0101ff0000'
2026-09-21 16:51:31,277 LT1-thread root DEBUG iutctl_common.py          339   read                      : 
2026-09-21 16:51:31,351 BTPWorkerThread-15122 (_rx_task) root DEBUG iutctl_common.py          123   read                      : Read 5 bytes
2026-09-21 16:51:31,351 BTPWorkerThread-15122 (_rx_task) root DEBUG iutctl_common.py          131   read                      : Received: hdr: Header(svc_id=0x01, op=0x01, ctrl_index=0xff, data_len=0x07) bytearray(b'\x01\x01\xff\x07\x00')
2026-09-21 16:51:31,356 BTPWorkerThread-15122 (_rx_task) root DEBUG iutctl_common.py          139   read                      : Read 7 bytes data
2026-09-21 16:51:31,368 BTPWorkerThread-15122 (_rx_task) root DEBUG iutctl_common.py          154   read                      : Received data: {'6e ff 7f 1f fe ff 0e'}, bytearray(b'n\xff\x7f\x1f\xfe\xff\x0e')
2026-09-21 16:51:31,380 LT1-thread root DEBUG testcase.py               254   start                     : Starting test function: class=<class 'autopts.ptsprojects.testcase.TestFunc'>, func=<bound method Stack.gap_init of <autopts.ptsprojects.stack.stack.Stack object at 0x000001D20B64E300>> start_wid=None stop_wid=None post_wid=None skip_call=None call_count=96 args=(b'Tester_08E44E',) kwds={}
2026-09-21 16:51:31,380 LT1-thread root DEBUG testcase.py               266   start                     : Test function parameters: args=(b'Tester_08E44E',), kwds={}
2026-09-21 16:51:31,380 LT1-thread root DEBUG testcase.py               254   start                     : Starting test function: class=<class 'autopts.ptsprojects.testcase.TestFunc'>, func=<function gap_read_controller_info at 0x000001D2091B63E0> start_wid=None stop_wid=None post_wid=None skip_call=None call_count=96 args=() kwds={}
2026-09-21 16:51:31,380 LT1-thread root DEBUG testcase.py               266   start                     : Test function parameters: args=(), kwds={}
2026-09-21 16:51:31,380 LT1-thread root DEBUG gap.py                    1161  gap_read_controller_info  : 
2026-09-21 16:51:31,381 LT1-thread root DEBUG iutctl_common.py          161   send                      : 1 3 0 ''
2026-09-21 16:51:31,381 LT1-thread root DEBUG iutctl_common.py          166   send                      : sending frame '0103000000'
2026-09-21 16:51:31,381 LT1-thread root DEBUG iutctl_common.py          339   read                      : 
2026-09-21 16:51:31,410 BTPWorkerThread-15122 (_rx_task) root DEBUG iutctl_common.py          123   read                      : Read 5 bytes
2026-09-21 16:51:31,422 BTPWorkerThread-15122 (_rx_task) root DEBUG iutctl_common.py          131   read                      : Received: hdr: Header(svc_id=0x01, op=0x03, ctrl_index=0x00, data_len=0x115) bytearray(b'\x01\x03\x00\x15\x01')
2026-09-21 16:51:31,438 BTPWorkerThread-15122 (_rx_task) root DEBUG iutctl_common.py          139   read                      : Read 277 bytes data
2026-09-21 16:51:31,449 BTPWorkerThread-15122 (_rx_task) root DEBUG iutctl_common.py          154   read                      : Received data: {'19 78 ee 69 17 d0 d3 06 02 00 13 02 00 00 00 00 00 62 74 70 5f 74 65 73 74 65 72 00 00 00 00 00 00 00 00 00 00 00 00 00 00 00 00 00 00 00 00 00 00 00 00 00 00 00 00 00 00 00 00 00 00 00 00 00 00 00 00 00 00 00 00 00 00 00 00 00 00 00 00 00 00 00 00 00 00 00 00 00 00 00 00 00 00 00 00 00 00 00 00 00 00 00 00 00 00 00 00 00 00 00 00 00 00 00 00 00 00 00 00 00 00 00 00 00 00 00 00 00 00 00 00 00 00 00 00 00 00 00 00 00 00 00 00 00 00 00 00 00 00 00 00 00 00 00 00 00 00 00 00 00 00 00 00 00 00 00 00 00 00 00 00 00 00 00 00 00 00 00 00 00 00 00 00 00 00 00 00 00 00 00 00 00 00 00 00 00 00 00 00 00 00 00 00 00 00 00 00 00 00 00 00 00 00 00 00 00 00 00 00 00 00 00 00 00 00 00 00 00 00 00 00 00 00 00 00 00 00 00 00 00 00 00 00 00 00 00 00 00 00 00 00 00 00 00 00 00 00 00 00 00 00 00 00 00 00 00 00 00 00 00 00 00 00 00 00 00 00'}, bytearray(b'\x19x\xeei\x17\xd0\xd3\x06\x02\x00\x13\x02\x00\x00\x00\x00\x00btp_tester\x00\x00\x00\x00\x00\x00\x00\x00\x00\x00\x00\x00\x00\x00\x00\x00\x00\x00\x00\x00\x00\x00\x00\x00\x00\x00\x00\x00\x00\x00\x00\x00\x00\x00\x00\x00\x00\x00\x00\x00\x00\x00\x00\x00\x00\x00\x00\x00\x00\x00\x00\x00\x00\x00\x00\x00\x00\x00\x00\x00\x00\x00\x00\x00\x00\x00\x00\x00\x00\x00\x00\x00\x00\x00\x00\x00\x00\x00\x00\x00\x00\x00\x00\x00\x00\x00\x00\x00\x00\x00\x00\x00\x00\x00\x00\x00\x00\x00\x00\x00\x00\x00\x00\x00\x00\x00\x00\x00\x00\x00\x00\x00\x00\x00\x00\x00\x00\x00\x00\x00\x00\x00\x00\x00\x00\x00\x00\x00\x00\x00\x00\x00\x00\x00\x00\x00\x00\x00\x00\x00\x00\x00\x00\x00\x00\x00\x00\x00\x00\x00\x00\x00\x00\x00\x00\x00\x00\x00\x00\x00\x00\x00\x00\x00\x00\x00\x00\x00\x00\x00\x00\x00\x00\x00\x00\x00\x00\x00\x00\x00\x00\x00\x00\x00\x00\x00\x00\x00\x00\x00\x00\x00\x00\x00\x00\x00\x00\x00\x00\x00\x00\x00\x00\x00\x00\x00\x00\x00\x00\x00\x00\x00\x00\x00\x00\x00\x00\x00\x00\x00\x00\x00\x00\x00\x00\x00\x00\x00\x00\x00\x00\x00\x00\x00\x00\x00\x00\x00\x00\x00\x00\x00\x00\x00\x00\x00\x00\x00\x00\x00')
2026-09-21 16:51:31,465 LT1-thread root DEBUG gap.py                    1168  gap_read_controller_info  : received Header(svc_id=1, op=3, ctrl_index=0, data_len=277) (b'\x19x\xeei\x17\xd0\xd3\x06\x02\x00\x13\x02\x00\x00\x00\x00\x00btp_tester\x00\x00\x00\x00\x00\x00\x00\x00\x00\x00\x00\x00\x00\x00\x00\x00\x00\x00\x00\x00\x00\x00\x00\x00\x00\x00\x00\x00\x00\x00\x00\x00\x00\x00\x00\x00\x00\x00\x00\x00\x00\x00\x00\x00\x00\x00\x00\x00\x00\x00\x00\x00\x00\x00\x00\x00\x00\x00\x00\x00\x00\x00\x00\x00\x00\x00\x00\x00\x00\x00\x00\x00\x00\x00\x00\x00\x00\x00\x00\x00\x00\x00\x00\x00\x00\x00\x00\x00\x00\x00\x00\x00\x00\x00\x00\x00\x00\x00\x00\x00\x00\x00\x00\x00\x00\x00\x00\x00\x00\x00\x00\x00\x00\x00\x00\x00\x00\x00\x00\x00\x00\x00\x00\x00\x00\x00\x00\x00\x00\x00\x00\x00\x00\x00\x00\x00\x00\x00\x00\x00\x00\x00\x00\x00\x00\x00\x00\x00\x00\x00\x00\x00\x00\x00\x00\x00\x00\x00\x00\x00\x00\x00\x00\x00\x00\x00\x00\x00\x00\x00\x00\x00\x00\x00\x00\x00\x00\x00\x00\x00\x00\x00\x00\x00\x00\x00\x00\x00\x00\x00\x00\x00\x00\x00\x00\x00\x00\x00\x00\x00\x00\x00\x00\x00\x00\x00\x00\x00\x00\x00\x00\x00\x00\x00\x00\x00\x00\x00\x00\x00\x00\x00\x00\x00\x00\x00\x00\x00\x00\x00\x00\x00\x00\x00\x00\x00\x00\x00\x00\x00\x00\x00\x00\x00\x00\x00\x00\x00\x00\x00',)
2026-09-21 16:51:31,465 LT1-thread root DEBUG gap.py                    1189  gap_read_controller_info  : IUT address 'd01769ee7819' 'public'
2026-09-21 16:51:31,466 LT1-thread root DEBUG gap.py                    594   __gap_current_settings_update : 531
2026-09-21 16:51:31,466 LT1-thread root DEBUG testcase.py               254   start                     : Starting test function: class=<class 'autopts.ptsprojects.testcase.TestFunc'>, func=<function test_cases.<locals>.<lambda> at 0x000001D20B949C60> start_wid=None stop_wid=None post_wid=None skip_call=None call_count=96 args=() kwds={}
2026-09-21 16:51:31,466 LT1-thread root DEBUG testcase.py               266   start                     : Test function parameters: args=(), kwds={}
2026-09-21 16:51:31,469 LT1-thread root DEBUG testcase.py               254   start                     : Starting test function: class=<class 'autopts.ptsprojects.testcase.TestFunc'>, func=<function set_pts_addr at 0x000001D209183060> start_wid=None stop_wid=None post_wid=None skip_call=None call_count=96 args=('00:1B:DC:08:E4:4E', 0) kwds={}
2026-09-21 16:51:31,469 LT1-thread root DEBUG testcase.py               266   start                     : Test function parameters: args=('00:1B:DC:08:E4:4E', 0), kwds={}
2026-09-21 16:51:31,469 LT1-thread root DEBUG testcase.py               254   start                     : Starting test function: class=<class 'autopts.ptsprojects.testcase.TestFunc'>, func=<function core_reg_svc_gatt at 0x000001D209183600> start_wid=None stop_wid=None post_wid=None skip_call=None call_count=96 args=() kwds={}
2026-09-21 16:51:31,469 LT1-thread root DEBUG testcase.py               266   start                     : Test function parameters: args=(), kwds={}
2026-09-21 16:51:31,470 LT1-thread root DEBUG btp.py                    117   core_reg_svc_univ         : core_reg_svc_univ: gatt_reg (GATT)
2026-09-21 16:51:31,470 LT1-thread root DEBUG iutctl_common.py          161   send                      : 0 3 255 '2'
2026-09-21 16:51:31,470 LT1-thread root DEBUG iutctl_common.py          166   send                      : sending frame '0003ff010002'
2026-09-21 16:51:31,470 LT1-thread root DEBUG btp.py                    622   core_reg_svc_rsp_succ     : 
2026-09-21 16:51:31,470 LT1-thread root DEBUG iutctl_common.py          339   read                      : 
2026-09-21 16:51:31,508 BTPWorkerThread-15122 (_rx_task) root DEBUG iutctl_common.py          123   read                      : Read 5 bytes
2026-09-21 16:51:31,508 BTPWorkerThread-15122 (_rx_task) root DEBUG iutctl_common.py          131   read                      : Received: hdr: Header(svc_id=0x00, op=0x03, ctrl_index=0xff, data_len=0x00) bytearray(b'\x00\x03\xff\x00\x00')
2026-09-21 16:51:31,508 BTPWorkerThread-15122 (_rx_task) root DEBUG iutctl_common.py          154   read                      : Received data: {''}, bytearray(b'')
2026-09-21 16:51:31,509 LT1-thread root DEBUG btp.py                    633   core_reg_svc_rsp_succ     : received Header(svc_id=0, op=3, ctrl_index=255, data_len=0) (b'',)
2026-09-21 16:51:31,509 LT1-thread root DEBUG btp.py                    634   core_reg_svc_rsp_succ     : expected ((0, 3, 255, 0), (b'',))
2026-09-21 16:51:31,509 LT1-thread root DEBUG btp.py                    639   core_reg_svc_rsp_succ     : response is valid
2026-09-21 16:51:31,509 LT1-thread root DEBUG btp.py                    642   core_reg_svc_rsp_succ     : Reading supported commands for service: GATT
2026-09-21 16:51:31,509 LT1-thread root DEBUG iutctl_common.py          161   send                      : 2 1 255 ''
2026-09-21 16:51:31,510 LT1-thread root DEBUG iutctl_common.py          166   send                      : sending frame '0201ff0000'
2026-09-21 16:51:31,510 LT1-thread root DEBUG iutctl_common.py          339   read                      : 
2026-09-21 16:51:31,562 BTPWorkerThread-15122 (_rx_task) root DEBUG iutctl_common.py          123   read                      : Read 5 bytes
2026-09-21 16:51:31,579 BTPWorkerThread-15122 (_rx_task) root DEBUG iutctl_common.py          131   read                      : Received: hdr: Header(svc_id=0x02, op=0x01, ctrl_index=0xff, data_len=0x05) bytearray(b'\x02\x01\xff\x05\x00')
2026-09-21 16:51:31,579 BTPWorkerThread-15122 (_rx_task) root DEBUG iutctl_common.py          139   read                      : Read 5 bytes data
2026-09-21 16:51:31,585 BTPWorkerThread-15122 (_rx_task) root DEBUG iutctl_common.py          154   read                      : Received data: {'fe fe bf fd 0f'}, bytearray(b'\xfe\xfe\xbf\xfd\x0f')
2026-09-21 16:51:31,601 LT1-thread root DEBUG testcase.py               254   start                     : Starting test function: class=<class 'autopts.ptsprojects.testcase.TestFunc'>, func=<bound method Stack.gatt_init of <autopts.ptsprojects.stack.stack.Stack object at 0x000001D20B64E300>> start_wid=None stop_wid=None post_wid=None skip_call=None call_count=96 args=() kwds={}
2026-09-21 16:51:31,601 LT1-thread root DEBUG testcase.py               266   start                     : Test function parameters: args=(), kwds={}
2026-09-21 16:51:31,601 LT1-thread root DEBUG testcase.py               254   start                     : Starting test function: class=<class 'autopts.ptsprojects.testcase.TestFunc'>, func=<function core_reg_svc_ftp at 0x000001D20915CC20> start_wid=None stop_wid=None post_wid=None skip_call=None call_count=96 args=() kwds={}
2026-09-21 16:51:31,601 LT1-thread root DEBUG testcase.py               266   start                     : Test function parameters: args=(), kwds={}
2026-09-21 16:51:31,602 LT1-thread root DEBUG btp.py                    117   core_reg_svc_univ         : core_reg_svc_univ: ftp_reg (FTP)
2026-09-21 16:51:31,602 LT1-thread root DEBUG iutctl_common.py          161   send                      : 0 3 255 '42'
2026-09-21 16:51:31,602 LT1-thread root DEBUG iutctl_common.py          166   send                      : sending frame '0003ff01002a'
2026-09-21 16:51:31,602 LT1-thread root DEBUG btp.py                    622   core_reg_svc_rsp_succ     : 
2026-09-21 16:51:31,602 LT1-thread root DEBUG iutctl_common.py          339   read                      : 
2026-09-21 16:51:31,636 BTPWorkerThread-15122 (_rx_task) root DEBUG iutctl_common.py          123   read                      : Read 5 bytes
2026-09-21 16:51:31,647 BTPWorkerThread-15122 (_rx_task) root DEBUG iutctl_common.py          131   read                      : Received: hdr: Header(svc_id=0x00, op=0x03, ctrl_index=0xff, data_len=0x00) bytearray(b'\x00\x03\xff\x00\x00')
2026-09-21 16:51:31,653 BTPWorkerThread-15122 (_rx_task) root DEBUG iutctl_common.py          154   read                      : Received data: {''}, bytearray(b'')
2026-09-21 16:51:31,668 LT1-thread root DEBUG btp.py                    633   core_reg_svc_rsp_succ     : received Header(svc_id=0, op=3, ctrl_index=255, data_len=0) (b'',)
2026-09-21 16:51:31,668 LT1-thread root DEBUG btp.py                    634   core_reg_svc_rsp_succ     : expected ((0, 3, 255, 0), (b'',))
2026-09-21 16:51:31,668 LT1-thread root DEBUG btp.py                    639   core_reg_svc_rsp_succ     : response is valid
2026-09-21 16:51:31,668 LT1-thread root DEBUG btp.py                    642   core_reg_svc_rsp_succ     : Reading supported commands for service: FTP
2026-09-21 16:51:31,669 LT1-thread root DEBUG iutctl_common.py          161   send                      : 42 1 255 ''
2026-09-21 16:51:31,669 LT1-thread root DEBUG iutctl_common.py          166   send                      : sending frame '2a01ff0000'
2026-09-21 16:51:31,669 LT1-thread root DEBUG iutctl_common.py          339   read                      : 
2026-09-21 16:51:31,701 BTPWorkerThread-15122 (_rx_task) root DEBUG iutctl_common.py          123   read                      : Read 5 bytes
2026-09-21 16:51:31,701 BTPWorkerThread-15122 (_rx_task) root DEBUG iutctl_common.py          131   read                      : Received: hdr: Header(svc_id=0x2a, op=0x01, ctrl_index=0xff, data_len=0x04) bytearray(b'*\x01\xff\x04\x00')
2026-09-21 16:51:31,713 BTPWorkerThread-15122 (_rx_task) root DEBUG iutctl_common.py          139   read                      : Read 4 bytes data
2026-09-21 16:51:31,724 BTPWorkerThread-15122 (_rx_task) root DEBUG iutctl_common.py          154   read                      : Received data: {'fe ff ff 3f'}, bytearray(b'\xfe\xff\xff?')
2026-09-21 16:51:31,725 LT1-thread root DEBUG testcase.py               254   start                     : Starting test function: class=<class 'autopts.ptsprojects.testcase.TestFunc'>, func=<bound method Stack.ftp_init of <autopts.ptsprojects.stack.stack.Stack object at 0x000001D20B64E300>> start_wid=None stop_wid=None post_wid=None skip_call=None call_count=96 args=() kwds={}
2026-09-21 16:51:31,725 LT1-thread root DEBUG testcase.py               266   start                     : Test function parameters: args=(), kwds={}
2026-09-21 16:51:31,725 LT1-thread root DEBUG ftp.py                    668   __init__                  : FTP: storage initialized
2026-09-21 16:51:31,726 LT1-thread root DEBUG ftp.py                    1861  start                     : FTP event handler started
2026-09-21 16:51:31,726 LT1-thread root DEBUG testcase.py               254   start                     : Starting test function: class=<class 'autopts.ptsprojects.testcase.TestFunc'>, func=<function gap_set_connectable at 0x000001D2091B5D00> start_wid=None stop_wid=None post_wid=None skip_call=None call_count=96 args=() kwds={}
2026-09-21 16:51:31,726 LT1-thread root DEBUG testcase.py               266   start                     : Test function parameters: args=(), kwds={}
2026-09-21 16:51:31,726 LT1-thread root DEBUG gap.py                    982   gap_set_connectable       : 
2026-09-21 16:51:31,726 LT1-thread root DEBUG testcase.py               254   start                     : Starting test function: class=<class 'autopts.ptsprojects.testcase.TestFunc'>, func=<function gap_set_general_discoverable at 0x000001D2091B5EE0> start_wid=None stop_wid=None post_wid=None skip_call=None call_count=96 args=() kwds={}
2026-09-21 16:51:31,726 LT1-thread root DEBUG testcase.py               266   start                     : Test function parameters: args=(), kwds={}
2026-09-21 16:51:31,726 LT1-thread root DEBUG gap.py                    1033  gap_set_general_discoverable : 
2026-09-21 16:51:31,727 LT1-thread root DEBUG iutctl_common.py          161   send                      : 1 8 0 '1'
2026-09-21 16:51:31,727 LT1-thread root DEBUG iutctl_common.py          166   send                      : sending frame '010800010001'
2026-09-21 16:51:31,727 LT1-thread root DEBUG gap.py                    1227  gap_command_rsp_succ      : 
2026-09-21 16:51:31,727 LT1-thread root DEBUG iutctl_common.py          339   read                      : 
2026-09-21 16:51:31,805 BTPWorkerThread-15122 (_rx_task) root DEBUG iutctl_common.py          123   read                      : Read 5 bytes
2026-09-21 16:51:31,816 BTPWorkerThread-15122 (_rx_task) root DEBUG iutctl_common.py          131   read                      : Received: hdr: Header(svc_id=0x01, op=0x08, ctrl_index=0x00, data_len=0x04) bytearray(b'\x01\x08\x00\x04\x00')
2026-09-21 16:51:31,850 BTPWorkerThread-15122 (_rx_task) root DEBUG iutctl_common.py          139   read                      : Read 4 bytes data
2026-09-21 16:51:31,865 BTPWorkerThread-15122 (_rx_task) root DEBUG iutctl_common.py          154   read                      : Received data: {'1b 02 00 00'}, bytearray(b'\x1b\x02\x00\x00')
2026-09-21 16:51:31,865 LT1-thread root DEBUG gap.py                    1232  gap_command_rsp_succ      : received Header(svc_id=1, op=8, ctrl_index=0, data_len=4) (b'\x1b\x02\x00\x00',)
2026-09-21 16:51:31,865 LT1-thread root DEBUG gap.py                    594   __gap_current_settings_update : (b'\x1b\x02\x00\x00',)
2026-09-21 16:51:31,867 LT1-thread root DEBUG client.py                 276   get_result                : ClientCallback.get_result run_test_case
2026-09-21 16:51:39,577 BTPWorkerThread-15122 (_rx_task) root DEBUG iutctl_common.py          123   read                      : Read 5 bytes
2026-09-21 16:51:39,577 BTPWorkerThread-15122 (_rx_task) root DEBUG iutctl_common.py          131   read                      : Received: hdr: Header(svc_id=0x01, op=0x82, ctrl_index=0x00, data_len=0x0d) bytearray(b'\x01\x82\x00\r\x00')
2026-09-21 16:51:39,578 BTPWorkerThread-15122 (_rx_task) root DEBUG iutctl_common.py          139   read                      : Read 13 bytes data
2026-09-21 16:51:39,578 BTPWorkerThread-15122 (_rx_task) root DEBUG iutctl_common.py          154   read                      : Received data: {'e0 4e e4 08 dc 1b 00 00 00 00 00 00 00'}, bytearray(b'\xe0N\xe4\x08\xdc\x1b\x00\x00\x00\x00\x00\x00\x00')
2026-09-21 16:51:39,578 BTPWorkerThread-15122 (_rx_task) root DEBUG btp.py                    704   event_handler             : Header(svc_id=1, op=130, ctrl_index=0, data_len=13) (b'\xe0N\xe4\x08\xdc\x1b\x00\x00\x00\x00\x00\x00\x00',)
2026-09-21 16:51:39,578 BTPWorkerThread-15122 (_rx_task) root DEBUG gap.py                    213   gap_connected_ev_         : b'\xe0N\xe4\x08\xdc\x1b\x00\x00\x00\x00\x00\x00\x00'
2026-09-21 16:51:39,578 BTPWorkerThread-15122 (_rx_task) root DEBUG iutctl_common.py          123   read                      : Read 5 bytes
2026-09-21 16:51:39,578 BTPWorkerThread-15122 (_rx_task) root DEBUG iutctl_common.py          131   read                      : Received: hdr: Header(svc_id=0x01, op=0x80, ctrl_index=0x00, data_len=0x04) bytearray(b'\x01\x80\x00\x04\x00')
2026-09-21 16:51:39,578 BTPWorkerThread-15122 (_rx_task) root DEBUG iutctl_common.py          139   read                      : Read 4 bytes data
2026-09-21 16:51:39,579 BTPWorkerThread-15122 (_rx_task) root DEBUG iutctl_common.py          154   read                      : Received data: {'1b 02 00 00'}, bytearray(b'\x1b\x02\x00\x00')
2026-09-21 16:51:39,579 BTPWorkerThread-15122 (_rx_task) root DEBUG btp.py                    704   event_handler             : Header(svc_id=1, op=128, ctrl_index=0, data_len=4) (b'\x1b\x02\x00\x00',)
2026-09-21 16:51:39,579 BTPWorkerThread-15122 (_rx_task) root DEBUG gap.py                    181   gap_new_settings_ev_      : b'\x1b\x02\x00\x00'
2026-09-21 16:51:39,579 BTPWorkerThread-15122 (_rx_task) root DEBUG gap.py                    594   __gap_current_settings_update : 539
2026-09-21 16:51:39,676 LT1-callback ClientCallback.on_implicit_send INFO client.py                 223   on_implicit_send          : 
    ********************
    BEGIN OnImplicitSend:
    project_name: FTP
    wid: 4017
    test_case_name: FTP/SR/OTR/BV-12-C
    description:  Please accept the l2cap channel connection for an OBEX connection.
    style: MMI_Style_Ok_Cancel1 0x11041
2026-09-21 16:51:39,676 LT1-callback ClientCallback.on_implicit_send INFO client.py                 236   on_implicit_send          : Calling test cases on_implicit_send
2026-09-21 16:51:39,676 LT1-callback ClientCallback.on_implicit_send INFO client.py                 249   on_implicit_send          : 
    on_implicit_send returned response: WAIT
    END OnImplicitSend
    ********************
2026-09-21 16:51:39,871 LT1-thread root DEBUG testcase.py               679   run_wid                   : FTP FTP/SR/OTR/BV-12-C on_implicit_send
2026-09-21 16:51:39,871 LT1-thread root DEBUG ftp_wid.py                25    ftp_wid_hdl               : ftp_wid_hdl, 4017,  Please accept the l2cap channel connection for an OBEX connection., FTP/SR/OTR/BV-12-C
2026-09-21 16:51:39,871 LT1-thread root DEBUG testcase.py               722   run_wid                   : Sending response 'OK' to wid 4017 test case FTP/SR/OTR/BV-12-C
2026-09-21 16:51:39,873 LT1-thread root DEBUG client.py                 276   get_result                : ClientCallback.get_result run_test_case
2026-09-21 16:51:41,258 BTPWorkerThread-15122 (_rx_task) root DEBUG iutctl_common.py          123   read                      : Read 5 bytes
2026-09-21 16:51:41,259 BTPWorkerThread-15122 (_rx_task) root DEBUG iutctl_common.py          131   read                      : Received: hdr: Header(svc_id=0x01, op=0x91, ctrl_index=0x00, data_len=0x09) bytearray(b'\x01\x91\x00\t\x00')
2026-09-21 16:51:41,259 BTPWorkerThread-15122 (_rx_task) root DEBUG iutctl_common.py          139   read                      : Read 9 bytes data
2026-09-21 16:51:41,259 BTPWorkerThread-15122 (_rx_task) root DEBUG iutctl_common.py          154   read                      : Received data: {'e0 4e e4 08 dc 1b 00 01 10'}, bytearray(b'\xe0N\xe4\x08\xdc\x1b\x00\x01\x10')
2026-09-21 16:51:41,259 BTPWorkerThread-15122 (_rx_task) root DEBUG btp.py                    704   event_handler             : Header(svc_id=1, op=145, ctrl_index=0, data_len=9) (b'\xe0N\xe4\x08\xdc\x1b\x00\x01\x10',)
2026-09-21 16:51:41,259 BTPWorkerThread-15122 (_rx_task) root DEBUG gap.py                    492   gap_encryption_change_ev_ : 
2026-09-21 16:51:41,259 BTPWorkerThread-15122 (_rx_task) root DEBUG gap.py                    494   gap_encryption_change_ev_ : enc change received b'\xe0N\xe4\x08\xdc\x1b\x00\x01\x10'
2026-09-21 16:51:41,259 BTPWorkerThread-15122 (_rx_task) root DEBUG gap.py                    503   gap_encryption_change_ev_ : received (224, '001bdc08e44e', 1, 16)
2026-09-21 16:51:41,259 BTPWorkerThread-15122 (_rx_task) root DEBUG iutctl_common.py          123   read                      : Read 5 bytes
2026-09-21 16:51:41,259 BTPWorkerThread-15122 (_rx_task) root DEBUG iutctl_common.py          131   read                      : Received: hdr: Header(svc_id=0x01, op=0x89, ctrl_index=0x00, data_len=0x08) bytearray(b'\x01\x89\x00\x08\x00')
2026-09-21 16:51:41,259 BTPWorkerThread-15122 (_rx_task) root DEBUG iutctl_common.py          139   read                      : Read 8 bytes data
2026-09-21 16:51:41,259 BTPWorkerThread-15122 (_rx_task) root DEBUG iutctl_common.py          154   read                      : Received data: {'e0 4e e4 08 dc 1b 00 02'}, bytearray(b'\xe0N\xe4\x08\xdc\x1b\x00\x02')
2026-09-21 16:51:41,260 BTPWorkerThread-15122 (_rx_task) root DEBUG btp.py                    704   event_handler             : Header(svc_id=1, op=137, ctrl_index=0, data_len=8) (b'\xe0N\xe4\x08\xdc\x1b\x00\x02',)
2026-09-21 16:51:41,260 BTPWorkerThread-15122 (_rx_task) root DEBUG gap.py                    298   gap_sec_level_changed_ev_ : 
2026-09-21 16:51:41,260 BTPWorkerThread-15122 (_rx_task) root DEBUG gap.py                    300   gap_sec_level_changed_ev_ : received b'\xe0N\xe4\x08\xdc\x1b\x00\x02'
2026-09-21 16:51:41,260 BTPWorkerThread-15122 (_rx_task) root DEBUG gap.py                    311   gap_sec_level_changed_ev_ : received (224, '001bdc08e44e', 2)
2026-09-21 16:51:41,280 BTPWorkerThread-15122 (_rx_task) root DEBUG iutctl_common.py          123   read                      : Read 5 bytes
2026-09-21 16:51:41,281 BTPWorkerThread-15122 (_rx_task) root DEBUG iutctl_common.py          131   read                      : Received: hdr: Header(svc_id=0x2a, op=0x91, ctrl_index=0x00, data_len=0x07) bytearray(b'*\x91\x00\x07\x00')
2026-09-21 16:51:41,281 BTPWorkerThread-15122 (_rx_task) root DEBUG iutctl_common.py          139   read                      : Read 7 bytes data
2026-09-21 16:51:41,281 BTPWorkerThread-15122 (_rx_task) root DEBUG iutctl_common.py          154   read                      : Received data: {'e0 4e e4 08 dc 1b 00'}, bytearray(b'\xe0N\xe4\x08\xdc\x1b\x00')
2026-09-21 16:51:41,281 BTPWorkerThread-15122 (_rx_task) root DEBUG btp.py                    704   event_handler             : Header(svc_id=42, op=145, ctrl_index=0, data_len=7) (b'\xe0N\xe4\x08\xdc\x1b\x00',)
2026-09-21 16:51:41,281 Thread-15132 (_process_events) root DEBUG ftp.py                    1380  _ftp_server_l2cap_connected_ev : _ftp_server_l2cap_connected_ev b'\xe0N\xe4\x08\xdc\x1b\x00'
2026-09-21 16:51:41,282 Thread-15132 (_process_events) root DEBUG ftp.py                    713   add_connection            : FTP: created new connection addr=001bdc08e44e
2026-09-21 16:51:41,282 Thread-15132 (_process_events) root DEBUG ftp.py                    724   add_connection            : FTP: add_connection addr=001bdc08e44e type=0x91
2026-09-21 16:51:41,377 LT1-callback ClientCallback.on_implicit_send INFO client.py                 223   on_implicit_send          : 
    ********************
    BEGIN OnImplicitSend:
    project_name: FTP
    wid: 4004
    test_case_name: FTP/SR/OTR/BV-12-C
    description:  Please accept the OBEX CONNECT REQ.
    style: MMI_Style_Ok_Cancel1 0x11041
2026-09-21 16:51:41,377 LT1-callback ClientCallback.on_implicit_send INFO client.py                 236   on_implicit_send          : Calling test cases on_implicit_send
2026-09-21 16:51:41,377 LT1-callback ClientCallback.on_implicit_send INFO client.py                 249   on_implicit_send          : 
    on_implicit_send returned response: WAIT
    END OnImplicitSend
    ********************
2026-09-21 16:51:41,387 BTPWorkerThread-15122 (_rx_task) root DEBUG iutctl_common.py          123   read                      : Read 5 bytes
2026-09-21 16:51:41,387 BTPWorkerThread-15122 (_rx_task) root DEBUG iutctl_common.py          131   read                      : Received: hdr: Header(svc_id=0x2a, op=0x93, ctrl_index=0x00, data_len=0x1f) bytearray(b'*\x93\x00\x1f\x00')
2026-09-21 16:51:41,388 BTPWorkerThread-15122 (_rx_task) root DEBUG iutctl_common.py          139   read                      : Read 31 bytes data
2026-09-21 16:51:41,388 BTPWorkerThread-15122 (_rx_task) root DEBUG iutctl_common.py          154   read                      : Received data: {'e0 4e e4 08 dc 1b 00 10 0a 01 13 00 46 00 13 f9 ec 7b c4 95 3c 11 d2 98 4e 52 54 00 dc 9e 09'}, bytearray(b'\xe0N\xe4\x08\xdc\x1b\x00\x10\n\x01\x13\x00F\x00\x13\xf9\xec{\xc4\x95<\x11\xd2\x98NRT\x00\xdc\x9e\t')
2026-09-21 16:51:41,388 BTPWorkerThread-15122 (_rx_task) root DEBUG btp.py                    704   event_handler             : Header(svc_id=42, op=147, ctrl_index=0, data_len=31) (b'\xe0N\xe4\x08\xdc\x1b\x00\x10\n\x01\x13\x00F\x00\x13\xf9\xec{\xc4\x95<\x11\xd2\x98NRT\x00\xdc\x9e\t',)
2026-09-21 16:51:41,388 Thread-15132 (_process_events) root DEBUG ftp.py                    1423  _ftp_server_connect_ev    : _ftp_server_connect_ev b'\xe0N\xe4\x08\xdc\x1b\x00\x10\n\x01\x13\x00F\x00\x13\xf9\xec{\xc4\x95<\x11\xd2\x98NRT\x00\xdc\x9e\t'
2026-09-21 16:51:41,388 Thread-15132 (_process_events) root DEBUG ftp.py                    633   ftp_server_connect        : ftp_server_connect rsp=0xc1 '001bdc08e44e'
2026-09-21 16:51:41,389 Thread-15132 (_process_events) root DEBUG iutctl_common.py          161   send                      : 42 19 0 "bytearray(b'\\xe0N\\xe4\\x08\\xdc\\x1b\\x00\\xc1\\x15\\x00M\\x00\\x15\\x00\\x10+\\x88\\xc9\\x11\\x8eS5\\x0fr3\\xf1\\xc3=\\x1e\\xc8\\x82')"
2026-09-21 16:51:41,389 Thread-15132 (_process_events) root DEBUG iutctl_common.py          166   send                      : sending frame '2a13001f00e04ee408dc1b00c115004d001500102b88c9118e53350f7233f1c33d1ec882'
2026-09-21 16:51:41,389 Thread-15132 (_process_events) root DEBUG ftp.py                    284   ftp_command_rsp_succ      : ftp_command_rsp_succ
2026-09-21 16:51:41,389 Thread-15132 (_process_events) root DEBUG iutctl_common.py          339   read                      : 
2026-09-21 16:51:41,414 BTPWorkerThread-15122 (_rx_task) root DEBUG iutctl_common.py          123   read                      : Read 5 bytes
2026-09-21 16:51:41,419 BTPWorkerThread-15122 (_rx_task) root DEBUG iutctl_common.py          131   read                      : Received: hdr: Header(svc_id=0x2a, op=0x13, ctrl_index=0x00, data_len=0x00) bytearray(b'*\x13\x00\x00\x00')
2026-09-21 16:51:41,425 BTPWorkerThread-15122 (_rx_task) root DEBUG iutctl_common.py          154   read                      : Received data: {''}, bytearray(b'')
2026-09-21 16:51:41,443 BTPWorkerThread-15122 (_rx_task) root DEBUG iutctl_common.py          123   read                      : Read 5 bytes
2026-09-21 16:51:41,443 BTPWorkerThread-15122 (_rx_task) root DEBUG iutctl_common.py          131   read                      : Received: hdr: Header(svc_id=0x2a, op=0x93, ctrl_index=0x00, data_len=0x66) bytearray(b'*\x93\x00f\x00')
2026-09-21 16:51:41,444 BTPWorkerThread-15122 (_rx_task) root DEBUG iutctl_common.py          139   read                      : Read 102 bytes data
2026-09-21 16:51:41,444 Thread-15132 (_process_events) root DEBUG ftp.py                    287   ftp_command_rsp_succ      : received Header(svc_id=42, op=19, ctrl_index=0, data_len=0) (b'',)
2026-09-21 16:51:41,445 BTPWorkerThread-15122 (_rx_task) root DEBUG iutctl_common.py          154   read                      : Received data: {'e0 4e e4 08 dc 1b 00 10 0a 01 5a 00 46 00 13 f9 ec 7b c4 95 3c 11 d2 98 4e 52 54 00 dc 9e 09 4d 00 1b 00 10 51 f4 b4 73 73 6c 63 00 bd 36 29 8b 1c 85 e3 72 01 01 00 02 01 00 4e 00 2c 00 10 e4 b9 15 ad 51 cf 56 88 96 ac dc 9b 3d 8b fe 08 01 03 70 74 73 02 10 2b 88 c9 11 8e 53 35 0f 72 33 f1 c3 3d 1e c8 82'}, bytearray(b'\xe0N\xe4\x08\xdc\x1b\x00\x10\n\x01Z\x00F\x00\x13\xf9\xec{\xc4\x95<\x11\xd2\x98NRT\x00\xdc\x9e\tM\x00\x1b\x00\x10Q\xf4\xb4sslc\x00\xbd6)\x8b\x1c\x85\xe3r\x01\x01\x00\x02\x01\x00N\x00,\x00\x10\xe4\xb9\x15\xadQ\xcfV\x88\x96\xac\xdc\x9b=\x8b\xfe\x08\x01\x03pts\x02\x10+\x88\xc9\x11\x8eS5\x0fr3\xf1\xc3=\x1e\xc8\x82')
2026-09-21 16:51:41,445 BTPWorkerThread-15122 (_rx_task) root DEBUG btp.py                    704   event_handler             : Header(svc_id=42, op=147, ctrl_index=0, data_len=102) (b'\xe0N\xe4\x08\xdc\x1b\x00\x10\n\x01Z\x00F\x00\x13\xf9\xec{\xc4\x95<\x11\xd2\x98NRT\x00\xdc\x9e\tM\x00\x1b\x00\x10Q\xf4\xb4sslc\x00\xbd6)\x8b\x1c\x85\xe3r\x01\x01\x00\x02\x01\x00N\x00,\x00\x10\xe4\xb9\x15\xadQ\xcfV\x88\x96\xac\xdc\x9b=\x8b\xfe\x08\x01\x03pts\x02\x10+\x88\xc9\x11\x8eS5\x0fr3\xf1\xc3=\x1e\xc8\x82',)
2026-09-21 16:51:41,445 Thread-15132 (_process_events) root DEBUG ftp.py                    1423  _ftp_server_connect_ev    : _ftp_server_connect_ev b'\xe0N\xe4\x08\xdc\x1b\x00\x10\n\x01Z\x00F\x00\x13\xf9\xec{\xc4\x95<\x11\xd2\x98NRT\x00\xdc\x9e\tM\x00\x1b\x00\x10Q\xf4\xb4sslc\x00\xbd6)\x8b\x1c\x85\xe3r\x01\x01\x00\x02\x01\x00N\x00,\x00\x10\xe4\xb9\x15\xadQ\xcfV\x88\x96\xac\xdc\x9b=\x8b\xfe\x08\x01\x03pts\x02\x10+\x88\xc9\x11\x8eS5\x0fr3\xf1\xc3=\x1e\xc8\x82'
2026-09-21 16:51:41,445 Thread-15132 (_process_events) root DEBUG ftp.py                    1450  _ftp_server_connect_ev    : _ftp_server_connect_ev: client authentication succeeded
2026-09-21 16:51:41,445 Thread-15132 (_process_events) root DEBUG ftp.py                    1456  _ftp_server_connect_ev    : _ftp_server_connect_ev: client also requires authentication
2026-09-21 16:51:41,445 Thread-15132 (_process_events) root DEBUG ftp.py                    633   ftp_server_connect        : ftp_server_connect rsp=0xa0 '001bdc08e44e'
2026-09-21 16:51:41,445 Thread-15132 (_process_events) root DEBUG iutctl_common.py          161   send                      : 42 19 0 "bytearray(b'\\xe0N\\xe4\\x08\\xdc\\x1b\\x00\\xa0\\x15\\x00N\\x00\\x15\\x00\\x10Y\\xe5\\x90\\xacR\\xe3\\xff\\xe1\\xf6\\xe0\\x11\\x9e\\xaf\\xb3\\xb5;')"
2026-09-21 16:51:41,445 Thread-15132 (_process_events) root DEBUG iutctl_common.py          166   send                      : sending frame '2a13001f00e04ee408dc1b00a015004e0015001059e590ac52e3ffe1f6e0119eafb3b53b'
2026-09-21 16:51:41,446 Thread-15132 (_process_events) root DEBUG ftp.py                    284   ftp_command_rsp_succ      : ftp_command_rsp_succ
2026-09-21 16:51:41,446 Thread-15132 (_process_events) root DEBUG iutctl_common.py          339   read                      : 
2026-09-21 16:51:41,481 BTPWorkerThread-15122 (_rx_task) root DEBUG iutctl_common.py          123   read                      : Read 5 bytes
2026-09-21 16:51:41,492 BTPWorkerThread-15122 (_rx_task) root DEBUG iutctl_common.py          131   read                      : Received: hdr: Header(svc_id=0x2a, op=0x13, ctrl_index=0x00, data_len=0x00) bytearray(b'*\x13\x00\x00\x00')
2026-09-21 16:51:41,492 BTPWorkerThread-15122 (_rx_task) root DEBUG iutctl_common.py          154   read                      : Received data: {''}, bytearray(b'')
2026-09-21 16:51:41,493 Thread-15132 (_process_events) root DEBUG ftp.py                    287   ftp_command_rsp_succ      : received Header(svc_id=42, op=19, ctrl_index=0, data_len=0) (b'',)
2026-09-21 16:51:41,493 Thread-15132 (_process_events) root DEBUG ftp.py                    724   add_connection            : FTP: add_connection addr=001bdc08e44e type=0x93
2026-09-21 16:51:41,493 BTPWorkerThread-15122 (_rx_task) root DEBUG iutctl_common.py          123   read                      : Read 5 bytes
2026-09-21 16:51:41,493 BTPWorkerThread-15122 (_rx_task) root DEBUG iutctl_common.py          131   read                      : Received: hdr: Header(svc_id=0x2a, op=0x96, ctrl_index=0x00, data_len=0x12) bytearray(b'*\x96\x00\x12\x00')
2026-09-21 16:51:41,493 BTPWorkerThread-15122 (_rx_task) root DEBUG iutctl_common.py          139   read                      : Read 18 bytes data
2026-09-21 16:51:41,494 BTPWorkerThread-15122 (_rx_task) root DEBUG iutctl_common.py          154   read                      : Received data: {'e0 4e e4 08 dc 1b 00 02 08 00 01 00 03 cb 00 00 00 01'}, bytearray(b'\xe0N\xe4\x08\xdc\x1b\x00\x02\x08\x00\x01\x00\x03\xcb\x00\x00\x00\x01')
2026-09-21 16:51:41,494 BTPWorkerThread-15122 (_rx_task) root DEBUG btp.py                    704   event_handler             : Header(svc_id=42, op=150, ctrl_index=0, data_len=18) (b'\xe0N\xe4\x08\xdc\x1b\x00\x02\x08\x00\x01\x00\x03\xcb\x00\x00\x00\x01',)
2026-09-21 16:51:41,494 Thread-15132 (_process_events) root DEBUG ftp.py                    1502  _ftp_server_set_folder_ev : _ftp_server_set_folder_ev b'\xe0N\xe4\x08\xdc\x1b\x00\x02\x08\x00\x01\x00\x03\xcb\x00\x00\x00\x01'
2026-09-21 16:51:41,494 Thread-15132 (_process_events) root DEBUG ftp.py                    214   set_folder                : FtpStorage: cwd -> / (root)
2026-09-21 16:51:41,494 Thread-15132 (_process_events) root DEBUG ftp.py                    683   ftp_server_set_folder     : ftp_server_set_folder rsp=0xa0 '001bdc08e44e'
2026-09-21 16:51:41,494 Thread-15132 (_process_events) root DEBUG iutctl_common.py          161   send                      : 42 22 0 "bytearray(b'\\xe0N\\xe4\\x08\\xdc\\x1b\\x00\\xa0')"
2026-09-21 16:51:41,494 Thread-15132 (_process_events) root DEBUG iutctl_common.py          166   send                      : sending frame '2a16000800e04ee408dc1b00a0'
2026-09-21 16:51:41,495 Thread-15132 (_process_events) root DEBUG ftp.py                    284   ftp_command_rsp_succ      : ftp_command_rsp_succ
2026-09-21 16:51:41,495 Thread-15132 (_process_events) root DEBUG iutctl_common.py          339   read                      : 
2026-09-21 16:51:41,527 BTPWorkerThread-15122 (_rx_task) root DEBUG iutctl_common.py          123   read                      : Read 5 bytes
2026-09-21 16:51:41,544 BTPWorkerThread-15122 (_rx_task) root DEBUG iutctl_common.py          131   read                      : Received: hdr: Header(svc_id=0x2a, op=0x16, ctrl_index=0x00, data_len=0x00) bytearray(b'*\x16\x00\x00\x00')
2026-09-21 16:51:41,545 BTPWorkerThread-15122 (_rx_task) root DEBUG iutctl_common.py          154   read                      : Received data: {''}, bytearray(b'')
2026-09-21 16:51:41,545 BTPWorkerThread-15122 (_rx_task) root DEBUG iutctl_common.py          123   read                      : Read 5 bytes
2026-09-21 16:51:41,545 Thread-15132 (_process_events) root DEBUG ftp.py                    287   ftp_command_rsp_succ      : received Header(svc_id=42, op=22, ctrl_index=0, data_len=0) (b'',)
2026-09-21 16:51:41,546 BTPWorkerThread-15122 (_rx_task) root DEBUG iutctl_common.py          131   read                      : Received: hdr: Header(svc_id=0x2a, op=0x96, ctrl_index=0x00, data_len=0x1a) bytearray(b'*\x96\x00\x1a\x00')
2026-09-21 16:51:41,546 BTPWorkerThread-15122 (_rx_task) root DEBUG iutctl_common.py          139   read                      : Read 26 bytes data
2026-09-21 16:51:41,546 BTPWorkerThread-15122 (_rx_task) root DEBUG iutctl_common.py          154   read                      : Received data: {'e0 4e e4 08 dc 1b 00 02 10 00 01 00 0b 00 70 00 74 00 73 00 00 cb 00 00 00 01'}, bytearray(b'\xe0N\xe4\x08\xdc\x1b\x00\x02\x10\x00\x01\x00\x0b\x00p\x00t\x00s\x00\x00\xcb\x00\x00\x00\x01')
2026-09-21 16:51:41,546 BTPWorkerThread-15122 (_rx_task) root DEBUG btp.py                    704   event_handler             : Header(svc_id=42, op=150, ctrl_index=0, data_len=26) (b'\xe0N\xe4\x08\xdc\x1b\x00\x02\x10\x00\x01\x00\x0b\x00p\x00t\x00s\x00\x00\xcb\x00\x00\x00\x01',)
2026-09-21 16:51:41,546 Thread-15132 (_process_events) root DEBUG ftp.py                    1502  _ftp_server_set_folder_ev : _ftp_server_set_folder_ev b'\xe0N\xe4\x08\xdc\x1b\x00\x02\x10\x00\x01\x00\x0b\x00p\x00t\x00s\x00\x00\xcb\x00\x00\x00\x01'
2026-09-21 16:51:41,547 Thread-15132 (_process_events) root DEBUG ftp.py                    228   set_folder                : FtpStorage: cwd -> /pts
2026-09-21 16:51:41,547 Thread-15132 (_process_events) root DEBUG ftp.py                    683   ftp_server_set_folder     : ftp_server_set_folder rsp=0xa0 '001bdc08e44e'
2026-09-21 16:51:41,547 Thread-15132 (_process_events) root DEBUG iutctl_common.py          161   send                      : 42 22 0 "bytearray(b'\\xe0N\\xe4\\x08\\xdc\\x1b\\x00\\xa0')"
2026-09-21 16:51:41,547 Thread-15132 (_process_events) root DEBUG iutctl_common.py          166   send                      : sending frame '2a16000800e04ee408dc1b00a0'
2026-09-21 16:51:41,547 Thread-15132 (_process_events) root DEBUG ftp.py                    284   ftp_command_rsp_succ      : ftp_command_rsp_succ
2026-09-21 16:51:41,547 Thread-15132 (_process_events) root DEBUG iutctl_common.py          339   read                      : 
2026-09-21 16:51:41,585 BTPWorkerThread-15122 (_rx_task) root DEBUG iutctl_common.py          123   read                      : Read 5 bytes
2026-09-21 16:51:41,595 BTPWorkerThread-15122 (_rx_task) root DEBUG iutctl_common.py          131   read                      : Received: hdr: Header(svc_id=0x2a, op=0x16, ctrl_index=0x00, data_len=0x00) bytearray(b'*\x16\x00\x00\x00')
2026-09-21 16:51:41,606 BTPWorkerThread-15122 (_rx_task) root DEBUG iutctl_common.py          154   read                      : Received data: {''}, bytearray(b'')
2026-09-21 16:51:41,606 Thread-15132 (_process_events) root DEBUG ftp.py                    287   ftp_command_rsp_succ      : received Header(svc_id=42, op=22, ctrl_index=0, data_len=0) (b'',)
2026-09-21 16:51:41,875 LT1-thread root DEBUG testcase.py               679   run_wid                   : FTP FTP/SR/OTR/BV-12-C on_implicit_send
2026-09-21 16:51:41,875 LT1-thread root DEBUG ftp_wid.py                25    ftp_wid_hdl               : ftp_wid_hdl, 4004,  Please accept the OBEX CONNECT REQ., FTP/SR/OTR/BV-12-C
2026-09-21 16:51:41,875 LT1-thread root DEBUG testcase.py               722   run_wid                   : Sending response 'OK' to wid 4004 test case FTP/SR/OTR/BV-12-C
2026-09-21 16:51:41,878 LT1-thread root DEBUG client.py                 276   get_result                : ClientCallback.get_result run_test_case
2026-09-21 16:51:41,879 LT1-callback ClientCallback.on_implicit_send INFO client.py                 223   on_implicit_send          : 
    ********************
    BEGIN OnImplicitSend:
    project_name: FTP
    wid: 4004
    test_case_name: FTP/SR/OTR/BV-12-C
    description:  Please accept the OBEX CONNECT REQ.
    style: MMI_Style_Ok_Cancel1 0x11041
2026-09-21 16:51:41,879 LT1-callback ClientCallback.on_implicit_send INFO client.py                 236   on_implicit_send          : Calling test cases on_implicit_send
2026-09-21 16:51:41,879 LT1-callback ClientCallback.on_implicit_send INFO client.py                 249   on_implicit_send          : 
    on_implicit_send returned response: WAIT
    END OnImplicitSend
    ********************
2026-09-21 16:51:42,878 LT1-thread root DEBUG testcase.py               679   run_wid                   : FTP FTP/SR/OTR/BV-12-C on_implicit_send
2026-09-21 16:51:42,878 LT1-thread root DEBUG ftp_wid.py                25    ftp_wid_hdl               : ftp_wid_hdl, 4004,  Please accept the OBEX CONNECT REQ., FTP/SR/OTR/BV-12-C
2026-09-21 16:51:42,878 LT1-thread root DEBUG testcase.py               722   run_wid                   : Sending response 'OK' to wid 4004 test case FTP/SR/OTR/BV-12-C
2026-09-21 16:51:42,880 LT1-thread root DEBUG client.py                 276   get_result                : ClientCallback.get_result run_test_case
2026-09-21 16:51:42,882 LT1-callback ClientCallback.on_implicit_send INFO client.py                 223   on_implicit_send          : 
    ********************
    BEGIN OnImplicitSend:
    project_name: FTP
    wid: 4016
    test_case_name: FTP/SR/OTR/BV-12-C
    description: Please accept the SET_PATH command.
    style: MMI_Style_Ok_Cancel1 0x11041
2026-09-21 16:51:42,882 LT1-callback ClientCallback.on_implicit_send INFO client.py                 236   on_implicit_send          : Calling test cases on_implicit_send
2026-09-21 16:51:42,882 LT1-callback ClientCallback.on_implicit_send INFO client.py                 249   on_implicit_send          : 
    on_implicit_send returned response: WAIT
    END OnImplicitSend
    ********************
2026-09-21 16:51:43,881 LT1-thread root DEBUG testcase.py               679   run_wid                   : FTP FTP/SR/OTR/BV-12-C on_implicit_send
2026-09-21 16:51:43,881 LT1-thread root DEBUG ftp_wid.py                25    ftp_wid_hdl               : ftp_wid_hdl, 4016, Please accept the SET_PATH command., FTP/SR/OTR/BV-12-C
2026-09-21 16:51:43,881 LT1-thread root DEBUG testcase.py               722   run_wid                   : Sending response 'OK' to wid 4016 test case FTP/SR/OTR/BV-12-C
2026-09-21 16:51:43,883 LT1-thread root DEBUG client.py                 276   get_result                : ClientCallback.get_result run_test_case
2026-09-21 16:51:43,885 LT1-callback ClientCallback.on_implicit_send INFO client.py                 223   on_implicit_send          : 
    ********************
    BEGIN OnImplicitSend:
    project_name: FTP
    wid: 4016
    test_case_name: FTP/SR/OTR/BV-12-C
    description: Please accept the SET_PATH command.
    style: MMI_Style_Ok_Cancel1 0x11041
2026-09-21 16:51:43,885 LT1-callback ClientCallback.on_implicit_send INFO client.py                 236   on_implicit_send          : Calling test cases on_implicit_send
2026-09-21 16:51:43,885 LT1-callback ClientCallback.on_implicit_send INFO client.py                 249   on_implicit_send          : 
    on_implicit_send returned response: WAIT
    END OnImplicitSend
    ********************
2026-09-21 16:51:44,883 LT1-thread root DEBUG testcase.py               679   run_wid                   : FTP FTP/SR/OTR/BV-12-C on_implicit_send
2026-09-21 16:51:44,883 LT1-thread root DEBUG ftp_wid.py                25    ftp_wid_hdl               : ftp_wid_hdl, 4016, Please accept the SET_PATH command., FTP/SR/OTR/BV-12-C
2026-09-21 16:51:44,883 LT1-thread root DEBUG testcase.py               722   run_wid                   : Sending response 'OK' to wid 4016 test case FTP/SR/OTR/BV-12-C
2026-09-21 16:51:44,886 LT1-thread root DEBUG client.py                 276   get_result                : ClientCallback.get_result run_test_case
2026-09-21 16:51:44,888 LT1-callback ClientCallback.on_implicit_send INFO client.py                 223   on_implicit_send          : 
    ********************
    BEGIN OnImplicitSend:
    project_name: FTP
    wid: 31
    test_case_name: FTP/SR/OTR/BV-12-C
    description: If necessary take action to create a file named 'pts\get.txt' on the IUT now.  Once the file is in place press 'OK' to continue.
    style: MMI_Style_Ok 0x11040
2026-09-21 16:51:44,888 LT1-callback ClientCallback.on_implicit_send INFO client.py                 236   on_implicit_send          : Calling test cases on_implicit_send
2026-09-21 16:51:44,888 LT1-callback ClientCallback.on_implicit_send INFO client.py                 249   on_implicit_send          : 
    on_implicit_send returned response: WAIT
    END OnImplicitSend
    ********************
2026-09-21 16:51:45,887 LT1-thread root DEBUG testcase.py               679   run_wid                   : FTP FTP/SR/OTR/BV-12-C on_implicit_send
2026-09-21 16:51:45,887 LT1-thread root DEBUG ftp_wid.py                25    ftp_wid_hdl               : ftp_wid_hdl, 31, If necessary take action to create a file named 'pts\get.txt' on the IUT now.  Once the file is in place press 'OK' to continue., FTP/SR/OTR/BV-12-C
2026-09-21 16:51:45,887 LT1-thread root DEBUG testcase.py               722   run_wid                   : Sending response 'Ok' to wid 31 test case FTP/SR/OTR/BV-12-C
2026-09-21 16:51:45,889 LT1-thread root DEBUG client.py                 276   get_result                : ClientCallback.get_result run_test_case
2026-09-21 16:51:45,904 BTPWorkerThread-15122 (_rx_task) root DEBUG iutctl_common.py          123   read                      : Read 5 bytes
2026-09-21 16:51:45,904 BTPWorkerThread-15122 (_rx_task) root DEBUG iutctl_common.py          131   read                      : Received: hdr: Header(svc_id=0x2a, op=0x99, ctrl_index=0x00, data_len=0x22) bytearray(b'*\x99\x00"\x00')
2026-09-21 16:51:45,904 BTPWorkerThread-15122 (_rx_task) root DEBUG iutctl_common.py          139   read                      : Read 34 bytes data
2026-09-21 16:51:45,905 BTPWorkerThread-15122 (_rx_task) root DEBUG iutctl_common.py          154   read                      : Received data: {'e0 4e e4 08 dc 1b 00 01 18 00 01 00 13 00 67 00 65 00 74 00 2e 00 74 00 78 00 74 00 00 cb 00 00 00 01'}, bytearray(b'\xe0N\xe4\x08\xdc\x1b\x00\x01\x18\x00\x01\x00\x13\x00g\x00e\x00t\x00.\x00t\x00x\x00t\x00\x00\xcb\x00\x00\x00\x01')
2026-09-21 16:51:45,905 BTPWorkerThread-15122 (_rx_task) root DEBUG btp.py                    704   event_handler             : Header(svc_id=42, op=153, ctrl_index=0, data_len=34) (b'\xe0N\xe4\x08\xdc\x1b\x00\x01\x18\x00\x01\x00\x13\x00g\x00e\x00t\x00.\x00t\x00x\x00t\x00\x00\xcb\x00\x00\x00\x01',)
2026-09-21 16:51:45,905 Thread-15132 (_process_events) root DEBUG ftp.py                    1653  _ftp_server_pull_file_ev  : _ftp_server_pull_file_ev b'\xe0N\xe4\x08\xdc\x1b\x00\x01\x18\x00\x01\x00\x13\x00g\x00e\x00t\x00.\x00t\x00x\x00t\x00\x00\xcb\x00\x00\x00\x01'
2026-09-21 16:51:45,905 Thread-15132 (_process_events) root DEBUG ftp.py                    369   pull_file                 : FtpStorage: pulling file 'get.txt' (10240 bytes) from /pts
2026-09-21 16:51:45,905 Thread-15132 (_process_events) root DEBUG ftp.py                    735   ftp_server_pull_file      : ftp_server_pull_file rsp=0x90 '001bdc08e44e'
2026-09-21 16:51:45,906 Thread-15132 (_process_events) root DEBUG iutctl_common.py          161   send                      : 42 25 0 "bytearray(b'\\xe0N\\xe4\\x08\\xdc\\x1b\\x00\\x90\\x07\\x01H\\x01\\x07\\x00\\x00\\x00\\x00\\x00\\x00\\x00\\x00\\x00\\x00\\x00\\x00\\x00\\x00\\x00\\x00\\x00\\x00\\x00\\x00\\x00\\x00\\x00\\x00\\x00\\x00\\x00\\x00\\x00\\x00\\x00\\x00\\x00\\x00\\x00\\x00\\x00\\x00\\x00\\x00\\x00\\x00\\x00\\x00\\x00\\x00\\x00\\x00\\x00\\x00\\x00\\x00\\x00\\x00\\x00\\x00\\x00\\x00\\x00\\x00\\x00\\x00\\x00\\x00\\x00\\x00\\x00\\x00\\x00\\x00\\x00\\x00\\x00\\x00\\x00\\x00\\x00\\x00\\x00\\x00\\x00\\x00\\x00\\x00\\x00\\x00\\x00\\x00\\x00\\x00\\x00\\x00\\x00\\x00\\x00\\x00\\x00\\x00\\x00\\x00\\x00\\x00\\x00\\x00\\x00\\x00\\x00\\x00\\x00\\x00\\x00\\x00\\x00\\x00\\x00\\x00\\x00\\x00\\x00\\x00\\x00\\x00\\x00\\x00\\x00\\x00\\x00\\x00\\x00\\x00\\x00\\x00\\x00\\x00\\x00\\x00\\x00\\x00\\x00\\x00\\x00\\x00\\x00\\x00\\x00\\x00\\x00\\x00\\x00\\x00\\x00\\x00\\x00\\x00\\x00\\x00\\x00\\x00\\x00\\x00\\x00\\x00\\x00\\x00\\x00\\x00\\x00\\x00\\x00\\x00\\x00\\x00\\x00\\x00\\x00\\x00\\x00\\x00\\x00\\x00\\x00\\x00\\x00\\x00\\x00\\x00\\x00\\x00\\x00\\x00\\x00\\x00\\x00\\x00\\x00\\x00\\x00\\x00\\x00\\x00\\x00\\x00\\x00\\x00\\x00\\x00\\x00\\x00\\x00\\x00\\x00\\x00\\x00\\x00\\x00\\x00\\x00\\x00\\x00\\x00\\x00\\x00\\x00\\x00\\x00\\x00\\x00\\x00\\x00\\x00\\x00\\x00\\x00\\x00\\x00\\x00\\x00\\x00\\x00\\x00\\x00\\x00\\x00\\x00\\x00\\x00\\x00\\x00\\x00\\x00\\x00\\x00\\x00\\x00\\x00\\x00\\x00\\x00\\x00\\x00')"
2026-09-21 16:51:45,906 Thread-15132 (_process_events) root DEBUG iutctl_common.py          166   send                      : sending frame '2a19001101e04ee408dc1b009007014801070000000000000000000000000000000000000000000000000000000000000000000000000000000000000000000000000000000000000000000000000000000000000000000000000000000000000000000000000000000000000000000000000000000000000000000000000000000000000000000000000000000000000000000000000000000000000000000000000000000000000000000000000000000000000000000000000000000000000000000000000000000000000000000000000000000000000000000000000000000000000000000000000000000000000000000000000000000000000000000000000000000000000000000000000000000000000000'
2026-09-21 16:51:45,906 Thread-15132 (_process_events) root DEBUG ftp.py                    284   ftp_command_rsp_succ      : ftp_command_rsp_succ
2026-09-21 16:51:45,906 Thread-15132 (_process_events) root DEBUG iutctl_common.py          339   read                      : 
2026-09-21 16:51:45,975 BTPWorkerThread-15122 (_rx_task) root DEBUG iutctl_common.py          123   read                      : Read 5 bytes
2026-09-21 16:51:45,986 BTPWorkerThread-15122 (_rx_task) root DEBUG iutctl_common.py          131   read                      : Received: hdr: Header(svc_id=0x2a, op=0x19, ctrl_index=0x00, data_len=0x00) bytearray(b'*\x19\x00\x00\x00')
2026-09-21 16:51:46,009 BTPWorkerThread-15122 (_rx_task) root DEBUG iutctl_common.py          154   read                      : Received data: {''}, bytearray(b'')
2026-09-21 16:51:46,010 Thread-15132 (_process_events) root DEBUG ftp.py                    287   ftp_command_rsp_succ      : received Header(svc_id=42, op=25, ctrl_index=0, data_len=0) (b'',)
2026-09-21 16:51:46,010 BTPWorkerThread-15122 (_rx_task) root DEBUG iutctl_common.py          123   read                      : Read 5 bytes
2026-09-21 16:51:46,010 BTPWorkerThread-15122 (_rx_task) root DEBUG iutctl_common.py          131   read                      : Received: hdr: Header(svc_id=0x2a, op=0x95, ctrl_index=0x00, data_len=0x09) bytearray(b'*\x95\x00\t\x00')
2026-09-21 16:51:46,010 BTPWorkerThread-15122 (_rx_task) root DEBUG iutctl_common.py          139   read                      : Read 9 bytes data
2026-09-21 16:51:46,011 BTPWorkerThread-15122 (_rx_task) root DEBUG iutctl_common.py          154   read                      : Received data: {'e0 4e e4 08 dc 1b 00 00 00'}, bytearray(b'\xe0N\xe4\x08\xdc\x1b\x00\x00\x00')
2026-09-21 16:51:46,011 BTPWorkerThread-15122 (_rx_task) root DEBUG btp.py                    704   event_handler             : Header(svc_id=42, op=149, ctrl_index=0, data_len=9) (b'\xe0N\xe4\x08\xdc\x1b\x00\x00\x00',)
2026-09-21 16:51:46,011 Thread-15132 (_process_events) root DEBUG ftp.py                    1495  _ftp_server_abort_ev      : _ftp_server_abort_ev b'\xe0N\xe4\x08\xdc\x1b\x00\x00\x00'
2026-09-21 16:51:46,011 Thread-15132 (_process_events) root DEBUG ftp.py                    667   ftp_server_abort          : ftp_server_abort rsp=0xa0 '001bdc08e44e'
2026-09-21 16:51:46,011 Thread-15132 (_process_events) root DEBUG iutctl_common.py          161   send                      : 42 21 0 "bytearray(b'\\xe0N\\xe4\\x08\\xdc\\x1b\\x00\\xa0')"
2026-09-21 16:51:46,011 Thread-15132 (_process_events) root DEBUG iutctl_common.py          166   send                      : sending frame '2a15000800e04ee408dc1b00a0'
2026-09-21 16:51:46,012 Thread-15132 (_process_events) root DEBUG ftp.py                    284   ftp_command_rsp_succ      : ftp_command_rsp_succ
2026-09-21 16:51:46,012 Thread-15132 (_process_events) root DEBUG iutctl_common.py          339   read                      : 
2026-09-21 16:51:46,040 BTPWorkerThread-15122 (_rx_task) root DEBUG iutctl_common.py          123   read                      : Read 5 bytes
2026-09-21 16:51:46,045 BTPWorkerThread-15122 (_rx_task) root DEBUG iutctl_common.py          131   read                      : Received: hdr: Header(svc_id=0x2a, op=0x15, ctrl_index=0x00, data_len=0x00) bytearray(b'*\x15\x00\x00\x00')
2026-09-21 16:51:46,050 BTPWorkerThread-15122 (_rx_task) root DEBUG iutctl_common.py          154   read                      : Received data: {''}, bytearray(b'')
2026-09-21 16:51:46,050 Thread-15132 (_process_events) root DEBUG ftp.py                    287   ftp_command_rsp_succ      : received Header(svc_id=42, op=21, ctrl_index=0, data_len=0) (b'',)
2026-09-21 16:51:46,067 LT1-callback ClientCallback.on_implicit_send INFO client.py                 223   on_implicit_send          : 
    ********************
    BEGIN OnImplicitSend:
    project_name: FTP
    wid: 36
    test_case_name: FTP/SR/OTR/BV-12-C
    description: Does the IUT recognize that the Pull operation was aborted?
    style: MMI_Style_Yes_No1 0x11044
2026-09-21 16:51:46,067 LT1-callback ClientCallback.on_implicit_send INFO client.py                 236   on_implicit_send          : Calling test cases on_implicit_send
2026-09-21 16:51:46,067 LT1-callback ClientCallback.on_implicit_send INFO client.py                 249   on_implicit_send          : 
    on_implicit_send returned response: WAIT
    END OnImplicitSend
    ********************
2026-09-21 16:51:46,890 LT1-thread root DEBUG testcase.py               679   run_wid                   : FTP FTP/SR/OTR/BV-12-C on_implicit_send
2026-09-21 16:51:46,890 LT1-thread root DEBUG ftp_wid.py                25    ftp_wid_hdl               : ftp_wid_hdl, 36, Does the IUT recognize that the Pull operation was aborted?, FTP/SR/OTR/BV-12-C
2026-09-21 16:51:46,890 LT1-thread root DEBUG testcase.py               722   run_wid                   : Sending response 'Yes' to wid 36 test case FTP/SR/OTR/BV-12-C
2026-09-21 16:51:46,892 LT1-thread root DEBUG client.py                 276   get_result                : ClientCallback.get_result run_test_case
2026-09-21 16:51:46,905 BTPWorkerThread-15122 (_rx_task) root DEBUG iutctl_common.py          123   read                      : Read 5 bytes
2026-09-21 16:51:46,905 BTPWorkerThread-15122 (_rx_task) root DEBUG iutctl_common.py          131   read                      : Received: hdr: Header(svc_id=0x2a, op=0x94, ctrl_index=0x00, data_len=0x0e) bytearray(b'*\x94\x00\x0e\x00')
2026-09-21 16:51:46,905 BTPWorkerThread-15122 (_rx_task) root DEBUG iutctl_common.py          139   read                      : Read 14 bytes data
2026-09-21 16:51:46,905 BTPWorkerThread-15122 (_rx_task) root DEBUG iutctl_common.py          154   read                      : Received data: {'e0 4e e4 08 dc 1b 00 05 00 cb 00 00 00 01'}, bytearray(b'\xe0N\xe4\x08\xdc\x1b\x00\x05\x00\xcb\x00\x00\x00\x01')
2026-09-21 16:51:46,905 BTPWorkerThread-15122 (_rx_task) root DEBUG btp.py                    704   event_handler             : Header(svc_id=42, op=148, ctrl_index=0, data_len=14) (b'\xe0N\xe4\x08\xdc\x1b\x00\x05\x00\xcb\x00\x00\x00\x01',)
2026-09-21 16:51:46,905 Thread-15132 (_process_events) root DEBUG ftp.py                    1488  _ftp_server_disconnect_ev : _ftp_server_disconnect_ev b'\xe0N\xe4\x08\xdc\x1b\x00\x05\x00\xcb\x00\x00\x00\x01'
2026-09-21 16:51:46,905 Thread-15132 (_process_events) root DEBUG ftp.py                    651   ftp_server_disconnect     : ftp_server_disconnect rsp=0xa0 '001bdc08e44e'
2026-09-21 16:51:46,906 Thread-15132 (_process_events) root DEBUG iutctl_common.py          161   send                      : 42 20 0 "bytearray(b'\\xe0N\\xe4\\x08\\xdc\\x1b\\x00\\xa0')"
2026-09-21 16:51:46,906 Thread-15132 (_process_events) root DEBUG iutctl_common.py          166   send                      : sending frame '2a14000800e04ee408dc1b00a0'
2026-09-21 16:51:46,906 Thread-15132 (_process_events) root DEBUG ftp.py                    284   ftp_command_rsp_succ      : ftp_command_rsp_succ
2026-09-21 16:51:46,906 Thread-15132 (_process_events) root DEBUG iutctl_common.py          339   read                      : 
2026-09-21 16:51:46,927 BTPWorkerThread-15122 (_rx_task) root DEBUG iutctl_common.py          123   read                      : Read 5 bytes
2026-09-21 16:51:46,937 BTPWorkerThread-15122 (_rx_task) root DEBUG iutctl_common.py          131   read                      : Received: hdr: Header(svc_id=0x2a, op=0x14, ctrl_index=0x00, data_len=0x00) bytearray(b'*\x14\x00\x00\x00')
2026-09-21 16:51:46,948 BTPWorkerThread-15122 (_rx_task) root DEBUG iutctl_common.py          154   read                      : Received data: {''}, bytearray(b'')
2026-09-21 16:51:46,965 Thread-15132 (_process_events) root DEBUG ftp.py                    287   ftp_command_rsp_succ      : received Header(svc_id=42, op=20, ctrl_index=0, data_len=0) (b'',)
2026-09-21 16:51:46,965 BTPWorkerThread-15122 (_rx_task) root DEBUG iutctl_common.py          123   read                      : Read 5 bytes
2026-09-21 16:51:46,965 BTPWorkerThread-15122 (_rx_task) root DEBUG iutctl_common.py          131   read                      : Received: hdr: Header(svc_id=0x2a, op=0x92, ctrl_index=0x00, data_len=0x07) bytearray(b'*\x92\x00\x07\x00')
2026-09-21 16:51:46,965 BTPWorkerThread-15122 (_rx_task) root DEBUG iutctl_common.py          139   read                      : Read 7 bytes data
2026-09-21 16:51:46,966 BTPWorkerThread-15122 (_rx_task) root DEBUG iutctl_common.py          154   read                      : Received data: {'e0 4e e4 08 dc 1b 00'}, bytearray(b'\xe0N\xe4\x08\xdc\x1b\x00')
2026-09-21 16:51:46,966 BTPWorkerThread-15122 (_rx_task) root DEBUG btp.py                    704   event_handler             : Header(svc_id=42, op=146, ctrl_index=0, data_len=7) (b'\xe0N\xe4\x08\xdc\x1b\x00',)
2026-09-21 16:51:46,966 Thread-15132 (_process_events) root DEBUG ftp.py                    1386  _ftp_server_l2cap_disconnected_ev : _ftp_server_l2cap_disconnected_ev b'\xe0N\xe4\x08\xdc\x1b\x00'
2026-09-21 16:51:46,966 Thread-15132 (_process_events) root DEBUG ftp.py                    739   remove_connection         : FTP: removed connection addr=001bdc08e44e
2026-09-21 16:51:46,966 BTPWorkerThread-15122 (_rx_task) root DEBUG iutctl_common.py          123   read                      : Read 5 bytes
2026-09-21 16:51:46,966 BTPWorkerThread-15122 (_rx_task) root DEBUG iutctl_common.py          131   read                      : Received: hdr: Header(svc_id=0x01, op=0x83, ctrl_index=0x00, data_len=0x07) bytearray(b'\x01\x83\x00\x07\x00')
2026-09-21 16:51:46,967 BTPWorkerThread-15122 (_rx_task) root DEBUG iutctl_common.py          139   read                      : Read 7 bytes data
2026-09-21 16:51:46,967 BTPWorkerThread-15122 (_rx_task) root DEBUG iutctl_common.py          154   read                      : Received data: {'e0 4e e4 08 dc 1b 00'}, bytearray(b'\xe0N\xe4\x08\xdc\x1b\x00')
2026-09-21 16:51:46,967 BTPWorkerThread-15122 (_rx_task) root DEBUG btp.py                    704   event_handler             : Header(svc_id=1, op=131, ctrl_index=0, data_len=7) (b'\xe0N\xe4\x08\xdc\x1b\x00',)
2026-09-21 16:51:46,967 BTPWorkerThread-15122 (_rx_task) root DEBUG gap.py                    226   gap_disconnected_ev_      : b'\xe0N\xe4\x08\xdc\x1b\x00'
2026-09-21 16:51:49,643 LT1-callback ClientCallback.log INFO client.py                 200   log                       : PTS_LOGTYPE_START_TEST Start Test Case 

+156 ms
 FTP/SR/OTR/BV-12-C FTP/SR/OTR/BV-12-C

2026-09-21 16:51:50,030 LT1-callback ClientCallback.log INFO client.py                 200   log                       : PTS_LOGTYPE_FINAL_VERDICT Final Verdict 

+16172 ms
 FTP/SR/OTR/BV-12-C PASS

2026-09-21 16:51:50,036 LT1-callback ClientCallback.log INFO client.py                 200   log                       : PTS_LOGTYPE_FINAL_VERDICT Encrypted Verdict 

+16172 ms
 FTP/SR/OTR/BV-12-C A1#ZWY4MzQ5MDg3MmQwNTIxOGQzMzQ5YjY2ODA5M2MzNjQ5ZDY4NmY0Yjc2MzIzM2VkNTUyNTFhNGU4Mjg1MjI0NA==#syE3gqkjOG9enIIShpP+SaKQAFhtWOQjsu2BEUZrgijCPAGlxvGfX9Jq3fJVTyop

2026-09-21 16:51:50,104 LT1-callback ClientCallback.log INFO client.py                 200   log                       : PTS_LOGTYPE_END_TEST Test Case Ended 

+16172 ms
 FTP/SR/OTR/BV-12-C FTP/SR/OTR/BV-12-C

2026-09-21 16:51:50,146 LT1-callback root DEBUG client.py                 261   set_result                : ClientCallback, set_result, run_test_case, PASS
2026-09-21 16:51:50,147 LT1-thread root DEBUG client.py                 1186  _run_test_case            : After run_test_case error_code=0 status='PASS'
2026-09-21 16:51:50,147 LT1-thread root DEBUG testcase.py               766   post_run                  : post_run FTP FTP/SR/OTR/BV-12-C 0
2026-09-21 16:51:50,147 LT1-thread root DEBUG testcase.py               254   start                     : Starting test function: class=<class 'autopts.ptsprojects.testcase.TestFuncCleanUp'>, func=<bound method ZTestCase._test_case_cleanup of <autopts.ptsprojects.zephyr.ztestcase.ZTestCase object at 0x000001D20B9F8080>> start_wid=None stop_wid=None post_wid=None skip_call=None call_count=1 args=() kwds={}
2026-09-21 16:51:50,147 LT1-thread root DEBUG testcase.py               266   start                     : Test function parameters: args=(), kwds={}
2026-09-21 16:51:50,147 LT1-thread root DEBUG ftp.py                    668   __init__                  : FTP: storage initialized
2026-09-21 16:51:50,148 LT1-thread root DEBUG ftp.py                    1861  start                     : FTP event handler started
2026-09-21 16:51:50,148 LT1-thread root DEBUG iutctl.py                 415   stop                      : <class 'autopts.ptsprojects.zephyr.iutctl.create_zephyr_ctl_class.<locals>.ZephyrCtl'>.stop
2026-09-21 16:51:50,148 LT1-thread root DEBUG __init__.py               51    reset                     : About to reset DUT: JLink -CommandFile reset.jlink -usb 1063214216 -device MIMXRT1176XXXA_M7
2026-09-21 16:51:50,462 BTPWorkerThread-15122 (_rx_task) root DEBUG iutctl_common.py          123   read                      : Read 5 bytes
2026-09-21 16:51:50,462 BTPWorkerThread-15122 (_rx_task) root DEBUG iutctl_common.py          131   read                      : Received: hdr: Header(svc_id=0x00, op=0x80, ctrl_index=0xff, data_len=0x00) bytearray(b'\x00\x80\xff\x00\x00')
2026-09-21 16:51:50,462 BTPWorkerThread-15122 (_rx_task) root DEBUG iutctl_common.py          154   read                      : Received data: {''}, bytearray(b'')
2026-09-21 16:51:50,462 BTPWorkerThread-15122 (_rx_task) root DEBUG btp.py                    704   event_handler             : Header(svc_id=0, op=128, ctrl_index=255, data_len=0) (b'',)
2026-09-21 16:51:50,463 BTPWorkerThread-15122 (_rx_task) root DEBUG core.py                   23    core_iut_ready_ev         : 
2026-09-21 16:51:50,529 LT1-thread root DEBUG iutctl.py                 436   _stop_tty_mode            : IUT ready event received OK
2026-09-21 16:51:50,529 LT1-thread root DEBUG iutctl_common.py          416   close                     : Waiting for _rx_worker to finish ...
2026-09-21 16:51:51,463 BTPWorkerThread-15122 (_rx_task) root DEBUG iutctl_common.py          332   _rx_task                  : BTPWorkerThread-15122 (_rx_task) finishing...
2026-09-21 16:51:54,470 LT1-thread root DEBUG testcase.py               794   post_run                  : post_run, cleanup running post test case script
2026-09-21 16:51:54,470 LT1-thread root DEBUG testcase.py               802   post_run                  : post_run, run post test case script
2026-09-21 16:51:54,546 LT1-thread root DEBUG client.py                 1220  _run_test_case            : Done TestCase _run_test_case FTP FTP/SR/OTR/BV-12-C
