2026-03-27 15:59:14,087 LT1-thread root DEBUG client.py                 82    logger_log                : Starting TestCase _run_test_case HFP HFP/HF/ENO/BV-01-C
2026-03-27 15:59:14,087 LT1-thread root DEBUG client.py                 82    logger_log                : pre_run HFP HFP/HF/ENO/BV-01-C
2026-03-27 15:59:14,088 LT1-thread root DEBUG client.py                 82    logger_log                : About to run test case HFP HFP/HF/ENO/BV-01-C with commands:
2026-03-27 15:59:14,088 LT1-thread root DEBUG client.py                 82    logger_log                : 0) class=<class 'autopts.ptsprojects.testcase.TestFunc'>, func=<bound method Stack.core_init of <autopts.ptsprojects.stack.stack.Stack object at 0x00000285DC63BA70>> start_wid=None stop_wid=None post_wid=None skip_call=None call_count=0 args=() kwds={}
2026-03-27 15:59:14,088 LT1-thread root DEBUG client.py                 82    logger_log                : 1) class=<class 'autopts.ptsprojects.testcase.TestFunc'>, func=<bound method IutCtl.start of <autopts.ptsprojects.zephyr.iutctl.ZephyrCtl object at 0x00000285DC5B4CB0>> start_wid=None stop_wid=None post_wid=None skip_call=None call_count=0 args=(<autopts.ptsprojects.zephyr.ztestcase.ZTestCase object at 0x00000285DCD5F170>,) kwds={}
2026-03-27 15:59:14,088 LT1-thread root DEBUG client.py                 82    logger_log                : 2) class=<class 'autopts.ptsprojects.testcase.TestFunc'>, func=<bound method IutCtl.wait_iut_ready_event of <autopts.ptsprojects.zephyr.iutctl.ZephyrCtl object at 0x00000285DC5B4CB0>> start_wid=None stop_wid=None post_wid=None skip_call=None call_count=0 args=(False,) kwds={}
2026-03-27 15:59:14,088 LT1-thread root DEBUG client.py                 82    logger_log                : 3) class=<class 'autopts.ptsprojects.testcase.TestFunc'>, func=<function core_reg_svc_gap at 0x00000285DA0E3B00> start_wid=None stop_wid=None post_wid=None skip_call=None call_count=216 args=() kwds={}
2026-03-27 15:59:14,089 LT1-thread root DEBUG client.py                 82    logger_log                : 4) class=<class 'autopts.ptsprojects.testcase.TestFunc'>, func=<bound method Stack.gap_init of <autopts.ptsprojects.stack.stack.Stack object at 0x00000285DC63BA70>> start_wid=None stop_wid=None post_wid=None skip_call=None call_count=212 args=(b'Tester_08E44E',) kwds={}
2026-03-27 15:59:14,089 LT1-thread root DEBUG client.py                 82    logger_log                : 5) class=<class 'autopts.ptsprojects.testcase.TestFunc'>, func=<function gap_read_ctrl_info at 0x00000285DA1428E0> start_wid=None stop_wid=None post_wid=None skip_call=None call_count=212 args=() kwds={}
2026-03-27 15:59:14,089 LT1-thread root DEBUG client.py                 82    logger_log                : 6) class=<class 'autopts.ptsprojects.testcase.TestFunc'>, func=<function test_cases.<locals>.<lambda> at 0x00000285DCCB9620> start_wid=None stop_wid=None post_wid=None skip_call=None call_count=212 args=() kwds={}
2026-03-27 15:59:14,089 LT1-thread root DEBUG client.py                 82    logger_log                : 7) class=<class 'autopts.ptsprojects.testcase.TestFunc'>, func=<function set_pts_addr at 0x00000285DA0E36A0> start_wid=None stop_wid=None post_wid=None skip_call=None call_count=212 args=('00:1B:DC:08:E4:4E', 0) kwds={}
2026-03-27 15:59:14,089 LT1-thread root DEBUG client.py                 82    logger_log                : 8) class=<class 'autopts.ptsprojects.testcase.TestFunc'>, func=<function gap_set_conn at 0x00000285DA142200> start_wid=None stop_wid=None post_wid=None skip_call=None call_count=212 args=() kwds={}
2026-03-27 15:59:14,089 LT1-thread root DEBUG client.py                 82    logger_log                : 9) class=<class 'autopts.ptsprojects.testcase.TestFunc'>, func=<function gap_set_gendiscov at 0x00000285DA1423E0> start_wid=None stop_wid=None post_wid=None skip_call=None call_count=212 args=() kwds={}
2026-03-27 15:59:14,089 LT1-thread root DEBUG client.py                 82    logger_log                : 10) class=<class 'autopts.ptsprojects.testcase.TestFunc'>, func=<function gap_set_io_cap at 0x00000285DA141DA0> start_wid=None stop_wid=None post_wid=None skip_call=None call_count=212 args=(3,) kwds={}
2026-03-27 15:59:14,089 LT1-thread root DEBUG client.py                 82    logger_log                : 11) class=<class 'autopts.ptsprojects.testcase.TestFunc'>, func=<function core_reg_svc_hfp_hf at 0x00000285DA109260> start_wid=None stop_wid=None post_wid=None skip_call=None call_count=62 args=() kwds={}
2026-03-27 15:59:14,089 LT1-thread root DEBUG client.py                 82    logger_log                : 12) class=<class 'autopts.ptsprojects.testcase.TestFunc'>, func=<bound method Stack.hfp_hf_init of <autopts.ptsprojects.stack.stack.Stack object at 0x00000285DC63BA70>> start_wid=None stop_wid=None post_wid=None skip_call=None call_count=62 args=() kwds={}
2026-03-27 15:59:14,089 LT1-thread root DEBUG client.py                 82    logger_log                : 13) class=<class 'autopts.ptsprojects.testcase.TestFuncCleanUp'>, func=<bound method Stack.cleanup of <autopts.ptsprojects.stack.stack.Stack object at 0x00000285DC63BA70>> start_wid=None stop_wid=None post_wid=None skip_call=None call_count=0 args=() kwds={}
2026-03-27 15:59:14,089 LT1-thread root DEBUG client.py                 82    logger_log                : 14) class=<class 'autopts.ptsprojects.testcase.TestFuncCleanUp'>, func=<bound method ZephyrCtl.stop of <autopts.ptsprojects.zephyr.iutctl.ZephyrCtl object at 0x00000285DC5B4CB0>> start_wid=None stop_wid=None post_wid=None skip_call=None call_count=0 args=() kwds={}
2026-03-27 15:59:14,089 LT1-thread root DEBUG client.py                 82    logger_log                : pre_run, run pre test case script
2026-03-27 15:59:14,114 LT1-thread root DEBUG client.py                 82    logger_log                : Starting test function: class=<class 'autopts.ptsprojects.testcase.TestFunc'>, func=<bound method Stack.core_init of <autopts.ptsprojects.stack.stack.Stack object at 0x00000285DC63BA70>> start_wid=None stop_wid=None post_wid=None skip_call=None call_count=1 args=() kwds={}
2026-03-27 15:59:14,114 LT1-thread root DEBUG client.py                 82    logger_log                : Test function parameters: args=(), kwds={}
2026-03-27 15:59:14,114 LT1-thread root DEBUG client.py                 82    logger_log                : Starting test function: class=<class 'autopts.ptsprojects.testcase.TestFunc'>, func=<bound method IutCtl.start of <autopts.ptsprojects.zephyr.iutctl.ZephyrCtl object at 0x00000285DC5B4CB0>> start_wid=None stop_wid=None post_wid=None skip_call=None call_count=1 args=(<autopts.ptsprojects.zephyr.ztestcase.ZTestCase object at 0x00000285DCD5F170>,) kwds={}
2026-03-27 15:59:14,114 LT1-thread root DEBUG client.py                 82    logger_log                : Test function parameters: args=(<autopts.ptsprojects.zephyr.ztestcase.ZTestCase object at 0x00000285DCD5F170>,), kwds={}
2026-03-27 15:59:14,114 LT1-thread root DEBUG client.py                 82    logger_log                : <class 'autopts.ptsprojects.zephyr.iutctl.ZephyrCtl'>.start
2026-03-27 15:59:14,114 LT1-thread root DEBUG client.py                 82    logger_log                : <class 'autopts.ptsprojects.zephyr.iutctl.ZephyrCtl'>.flush_serial
2026-03-27 15:59:15,356 LT1-thread root DEBUG client.py                 82    logger_log                : Starting socat process: socat.exe -x -v tcp:10.17.12.9:59208,retry=100,interval=1 /dev/ttyS2,raw,b115200,
2026-03-27 15:59:15,374 LT1-thread root DEBUG client.py                 82    logger_log                : accept
2026-03-27 15:59:15,939 BTPWorkerThread-3995 (_rx_task) root DEBUG client.py                 82    logger_log                : BTPWorkerThread-3995 (_rx_task) started
2026-03-27 15:59:15,939 LT1-thread root DEBUG client.py                 82    logger_log                : Starting test function: class=<class 'autopts.ptsprojects.testcase.TestFunc'>, func=<bound method IutCtl.wait_iut_ready_event of <autopts.ptsprojects.zephyr.iutctl.ZephyrCtl object at 0x00000285DC5B4CB0>> start_wid=None stop_wid=None post_wid=None skip_call=None call_count=1 args=(False,) kwds={}
2026-03-27 15:59:15,940 LT1-thread root DEBUG client.py                 82    logger_log                : Test function parameters: args=(False,), kwds={}
2026-03-27 15:59:15,940 LT1-thread root DEBUG client.py                 82    logger_log                : IUT ready event received OK
2026-03-27 15:59:15,940 LT1-thread root DEBUG client.py                 82    logger_log                : Starting test function: class=<class 'autopts.ptsprojects.testcase.TestFunc'>, func=<function core_reg_svc_gap at 0x00000285DA0E3B00> start_wid=None stop_wid=None post_wid=None skip_call=None call_count=217 args=() kwds={}
2026-03-27 15:59:15,941 LT1-thread root DEBUG client.py                 82    logger_log                : Test function parameters: args=(), kwds={}
2026-03-27 15:59:15,941 LT1-thread root DEBUG client.py                 82    logger_log                : core_reg_svc_univ: gap_reg (GAP)
2026-03-27 15:59:15,941 LT1-thread root DEBUG client.py                 82    logger_log                : send, 0 3 255 '1'
2026-03-27 15:59:15,941 LT1-thread root DEBUG client.py                 82    logger_log                : sending frame '0003ff010001'
2026-03-27 15:59:15,942 LT1-thread root DEBUG client.py                 82    logger_log                : core_reg_svc_rsp_succ
2026-03-27 15:59:15,942 LT1-thread root DEBUG client.py                 82    logger_log                : read
2026-03-27 15:59:20,015 BTPWorkerThread-3995 (_rx_task) root DEBUG client.py                 82    logger_log                : Read 5 bytes
2026-03-27 15:59:20,026 BTPWorkerThread-3995 (_rx_task) root DEBUG client.py                 82    logger_log                : Received: hdr: Header(svc_id=0x00, op=0x03, ctrl_index=0xff, data_len=0x00) bytearray(b'\x00\x03\xff\x00\x00')
2026-03-27 15:59:20,026 BTPWorkerThread-3995 (_rx_task) root DEBUG client.py                 82    logger_log                : Received data: {''}, bytearray(b'')
2026-03-27 15:59:20,031 LT1-thread root DEBUG client.py                 82    logger_log                : received Header(svc_id=0, op=3, ctrl_index=255, data_len=0) (b'',)
2026-03-27 15:59:20,031 LT1-thread root DEBUG client.py                 82    logger_log                : expected ((0, 3, 255, 0), (b'',))
2026-03-27 15:59:20,031 LT1-thread root DEBUG client.py                 82    logger_log                : response is valid
2026-03-27 15:59:20,031 LT1-thread root DEBUG client.py                 82    logger_log                : Reading supported commands for service: GAP
2026-03-27 15:59:20,031 LT1-thread root DEBUG client.py                 82    logger_log                : send, 1 1 255 ''
2026-03-27 15:59:20,031 LT1-thread root DEBUG client.py                 82    logger_log                : sending frame '0101ff0000'
2026-03-27 15:59:20,032 LT1-thread root DEBUG client.py                 82    logger_log                : read
2026-03-27 15:59:20,074 BTPWorkerThread-3995 (_rx_task) root DEBUG client.py                 82    logger_log                : Read 5 bytes
2026-03-27 15:59:20,085 BTPWorkerThread-3995 (_rx_task) root DEBUG client.py                 82    logger_log                : Received: hdr: Header(svc_id=0x01, op=0x01, ctrl_index=0xff, data_len=0x07) bytearray(b'\x01\x01\xff\x07\x00')
2026-03-27 15:59:20,096 BTPWorkerThread-3995 (_rx_task) root DEBUG client.py                 82    logger_log                : Read 7 bytes data
2026-03-27 15:59:20,101 BTPWorkerThread-3995 (_rx_task) root DEBUG client.py                 82    logger_log                : Received data: {'6e ff 7f 1f fe f7 0e'}, bytearray(b'n\xff\x7f\x1f\xfe\xf7\x0e')
2026-03-27 15:59:20,101 LT1-thread root DEBUG client.py                 82    logger_log                : Starting test function: class=<class 'autopts.ptsprojects.testcase.TestFunc'>, func=<bound method Stack.gap_init of <autopts.ptsprojects.stack.stack.Stack object at 0x00000285DC63BA70>> start_wid=None stop_wid=None post_wid=None skip_call=None call_count=213 args=(b'Tester_08E44E',) kwds={}
2026-03-27 15:59:20,101 LT1-thread root DEBUG client.py                 82    logger_log                : Test function parameters: args=(b'Tester_08E44E',), kwds={}
2026-03-27 15:59:20,101 LT1-thread root DEBUG client.py                 82    logger_log                : Starting test function: class=<class 'autopts.ptsprojects.testcase.TestFunc'>, func=<function gap_read_ctrl_info at 0x00000285DA1428E0> start_wid=None stop_wid=None post_wid=None skip_call=None call_count=213 args=() kwds={}
2026-03-27 15:59:20,101 LT1-thread root DEBUG client.py                 82    logger_log                : Test function parameters: args=(), kwds={}
2026-03-27 15:59:20,102 LT1-thread root DEBUG client.py                 82    logger_log                : gap_read_ctrl_info
2026-03-27 15:59:20,102 LT1-thread root DEBUG client.py                 82    logger_log                : send, 1 3 0 ''
2026-03-27 15:59:20,102 LT1-thread root DEBUG client.py                 82    logger_log                : sending frame '0103000000'
2026-03-27 15:59:20,102 LT1-thread root DEBUG client.py                 82    logger_log                : read
2026-03-27 15:59:20,139 BTPWorkerThread-3995 (_rx_task) root DEBUG client.py                 82    logger_log                : Read 5 bytes
2026-03-27 15:59:20,150 BTPWorkerThread-3995 (_rx_task) root DEBUG client.py                 82    logger_log                : Received: hdr: Header(svc_id=0x01, op=0x03, ctrl_index=0x00, data_len=0x115) bytearray(b'\x01\x03\x00\x15\x01')
2026-03-27 15:59:20,162 BTPWorkerThread-3995 (_rx_task) root DEBUG client.py                 82    logger_log                : Read 277 bytes data
2026-03-27 15:59:20,173 BTPWorkerThread-3995 (_rx_task) root DEBUG client.py                 82    logger_log                : Received data: {'19 78 ee 69 17 d0 d3 06 02 00 13 02 00 00 00 00 00 62 74 70 5f 74 65 73 74 65 72 00 00 00 00 00 00 00 00 00 00 00 00 00 00 00 00 00 00 00 00 00 00 00 00 00 00 00 00 00 00 00 00 00 00 00 00 00 00 00 00 00 00 00 00 00 00 00 00 00 00 00 00 00 00 00 00 00 00 00 00 00 00 00 00 00 00 00 00 00 00 00 00 00 00 00 00 00 00 00 00 00 00 00 00 00 00 00 00 00 00 00 00 00 00 00 00 00 00 00 00 00 00 00 00 00 00 00 00 00 00 00 00 00 00 00 00 00 00 00 00 00 00 00 00 00 00 00 00 00 00 00 00 00 00 00 00 00 00 00 00 00 00 00 00 00 00 00 00 00 00 00 00 00 00 00 00 00 00 00 00 00 00 00 00 00 00 00 00 00 00 00 00 00 00 00 00 00 00 00 00 00 00 00 00 00 00 00 00 00 00 00 00 00 00 00 00 00 00 00 00 00 00 00 00 00 00 00 00 00 00 00 00 00 00 00 00 00 00 00 00 00 00 00 00 00 00 00 00 00 00 00 00 00 00 00 00 00 00 00 00 00 00 00 00 00 00 00 00 00 00'}, bytearray(b'\x19x\xeei\x17\xd0\xd3\x06\x02\x00\x13\x02\x00\x00\x00\x00\x00btp_tester\x00\x00\x00\x00\x00\x00\x00\x00\x00\x00\x00\x00\x00\x00\x00\x00\x00\x00\x00\x00\x00\x00\x00\x00\x00\x00\x00\x00\x00\x00\x00\x00\x00\x00\x00\x00\x00\x00\x00\x00\x00\x00\x00\x00\x00\x00\x00\x00\x00\x00\x00\x00\x00\x00\x00\x00\x00\x00\x00\x00\x00\x00\x00\x00\x00\x00\x00\x00\x00\x00\x00\x00\x00\x00\x00\x00\x00\x00\x00\x00\x00\x00\x00\x00\x00\x00\x00\x00\x00\x00\x00\x00\x00\x00\x00\x00\x00\x00\x00\x00\x00\x00\x00\x00\x00\x00\x00\x00\x00\x00\x00\x00\x00\x00\x00\x00\x00\x00\x00\x00\x00\x00\x00\x00\x00\x00\x00\x00\x00\x00\x00\x00\x00\x00\x00\x00\x00\x00\x00\x00\x00\x00\x00\x00\x00\x00\x00\x00\x00\x00\x00\x00\x00\x00\x00\x00\x00\x00\x00\x00\x00\x00\x00\x00\x00\x00\x00\x00\x00\x00\x00\x00\x00\x00\x00\x00\x00\x00\x00\x00\x00\x00\x00\x00\x00\x00\x00\x00\x00\x00\x00\x00\x00\x00\x00\x00\x00\x00\x00\x00\x00\x00\x00\x00\x00\x00\x00\x00\x00\x00\x00\x00\x00\x00\x00\x00\x00\x00\x00\x00\x00\x00\x00\x00\x00\x00\x00\x00\x00\x00\x00\x00\x00\x00\x00\x00\x00\x00\x00\x00\x00\x00\x00\x00\x00\x00\x00\x00\x00\x00')
2026-03-27 15:59:20,189 LT1-thread root DEBUG client.py                 82    logger_log                : received Header(svc_id=1, op=3, ctrl_index=0, data_len=277) (b'\x19x\xeei\x17\xd0\xd3\x06\x02\x00\x13\x02\x00\x00\x00\x00\x00btp_tester\x00\x00\x00\x00\x00\x00\x00\x00\x00\x00\x00\x00\x00\x00\x00\x00\x00\x00\x00\x00\x00\x00\x00\x00\x00\x00\x00\x00\x00\x00\x00\x00\x00\x00\x00\x00\x00\x00\x00\x00\x00\x00\x00\x00\x00\x00\x00\x00\x00\x00\x00\x00\x00\x00\x00\x00\x00\x00\x00\x00\x00\x00\x00\x00\x00\x00\x00\x00\x00\x00\x00\x00\x00\x00\x00\x00\x00\x00\x00\x00\x00\x00\x00\x00\x00\x00\x00\x00\x00\x00\x00\x00\x00\x00\x00\x00\x00\x00\x00\x00\x00\x00\x00\x00\x00\x00\x00\x00\x00\x00\x00\x00\x00\x00\x00\x00\x00\x00\x00\x00\x00\x00\x00\x00\x00\x00\x00\x00\x00\x00\x00\x00\x00\x00\x00\x00\x00\x00\x00\x00\x00\x00\x00\x00\x00\x00\x00\x00\x00\x00\x00\x00\x00\x00\x00\x00\x00\x00\x00\x00\x00\x00\x00\x00\x00\x00\x00\x00\x00\x00\x00\x00\x00\x00\x00\x00\x00\x00\x00\x00\x00\x00\x00\x00\x00\x00\x00\x00\x00\x00\x00\x00\x00\x00\x00\x00\x00\x00\x00\x00\x00\x00\x00\x00\x00\x00\x00\x00\x00\x00\x00\x00\x00\x00\x00\x00\x00\x00\x00\x00\x00\x00\x00\x00\x00\x00\x00\x00\x00\x00\x00\x00\x00\x00\x00\x00\x00\x00\x00\x00\x00\x00\x00\x00\x00\x00\x00\x00\x00\x00',)
2026-03-27 15:59:20,189 LT1-thread root DEBUG client.py                 82    logger_log                : IUT address 'd01769ee7819' 'public'
2026-03-27 15:59:20,189 LT1-thread root DEBUG client.py                 82    logger_log                : __gap_current_settings_update 531
2026-03-27 15:59:20,189 LT1-thread root DEBUG client.py                 82    logger_log                : Starting test function: class=<class 'autopts.ptsprojects.testcase.TestFunc'>, func=<function test_cases.<locals>.<lambda> at 0x00000285DCCB9620> start_wid=None stop_wid=None post_wid=None skip_call=None call_count=213 args=() kwds={}
2026-03-27 15:59:20,190 LT1-thread root DEBUG client.py                 82    logger_log                : Test function parameters: args=(), kwds={}
2026-03-27 15:59:20,194 LT1-thread root DEBUG client.py                 82    logger_log                : Starting test function: class=<class 'autopts.ptsprojects.testcase.TestFunc'>, func=<function set_pts_addr at 0x00000285DA0E36A0> start_wid=None stop_wid=None post_wid=None skip_call=None call_count=213 args=('00:1B:DC:08:E4:4E', 0) kwds={}
2026-03-27 15:59:20,194 LT1-thread root DEBUG client.py                 82    logger_log                : Test function parameters: args=('00:1B:DC:08:E4:4E', 0), kwds={}
2026-03-27 15:59:20,194 LT1-thread root DEBUG client.py                 82    logger_log                : Starting test function: class=<class 'autopts.ptsprojects.testcase.TestFunc'>, func=<function gap_set_conn at 0x00000285DA142200> start_wid=None stop_wid=None post_wid=None skip_call=None call_count=213 args=() kwds={}
2026-03-27 15:59:20,194 LT1-thread root DEBUG client.py                 82    logger_log                : Test function parameters: args=(), kwds={}
2026-03-27 15:59:20,194 LT1-thread root DEBUG client.py                 82    logger_log                : gap_set_conn
2026-03-27 15:59:20,194 LT1-thread root DEBUG client.py                 82    logger_log                : Starting test function: class=<class 'autopts.ptsprojects.testcase.TestFunc'>, func=<function gap_set_gendiscov at 0x00000285DA1423E0> start_wid=None stop_wid=None post_wid=None skip_call=None call_count=213 args=() kwds={}
2026-03-27 15:59:20,194 LT1-thread root DEBUG client.py                 82    logger_log                : Test function parameters: args=(), kwds={}
2026-03-27 15:59:20,194 LT1-thread root DEBUG client.py                 82    logger_log                : gap_set_gendiscov
2026-03-27 15:59:20,194 LT1-thread root DEBUG client.py                 82    logger_log                : send, 1 8 0 '1'
2026-03-27 15:59:20,194 LT1-thread root DEBUG client.py                 82    logger_log                : sending frame '010800010001'
2026-03-27 15:59:20,195 LT1-thread root DEBUG client.py                 82    logger_log                : gap_command_rsp_succ
2026-03-27 15:59:20,195 LT1-thread root DEBUG client.py                 82    logger_log                : read
2026-03-27 15:59:20,260 BTPWorkerThread-3995 (_rx_task) root DEBUG client.py                 82    logger_log                : Read 5 bytes
2026-03-27 15:59:20,271 BTPWorkerThread-3995 (_rx_task) root DEBUG client.py                 82    logger_log                : Received: hdr: Header(svc_id=0x01, op=0x08, ctrl_index=0x00, data_len=0x04) bytearray(b'\x01\x08\x00\x04\x00')
2026-03-27 15:59:20,282 BTPWorkerThread-3995 (_rx_task) root DEBUG client.py                 82    logger_log                : Read 4 bytes data
2026-03-27 15:59:20,282 BTPWorkerThread-3995 (_rx_task) root DEBUG client.py                 82    logger_log                : Received data: {'1b 02 00 00'}, bytearray(b'\x1b\x02\x00\x00')
2026-03-27 15:59:20,287 LT1-thread root DEBUG client.py                 82    logger_log                : received Header(svc_id=1, op=8, ctrl_index=0, data_len=4) (b'\x1b\x02\x00\x00',)
2026-03-27 15:59:20,287 LT1-thread root DEBUG client.py                 82    logger_log                : __gap_current_settings_update (b'\x1b\x02\x00\x00',)
2026-03-27 15:59:20,287 LT1-thread root DEBUG client.py                 82    logger_log                : Starting test function: class=<class 'autopts.ptsprojects.testcase.TestFunc'>, func=<function gap_set_io_cap at 0x00000285DA141DA0> start_wid=None stop_wid=None post_wid=None skip_call=None call_count=213 args=(3,) kwds={}
2026-03-27 15:59:20,287 LT1-thread root DEBUG client.py                 82    logger_log                : Test function parameters: args=(3,), kwds={}
2026-03-27 15:59:20,287 LT1-thread root DEBUG client.py                 82    logger_log                : gap_set_io_cap 3
2026-03-27 15:59:20,287 LT1-thread root DEBUG client.py                 82    logger_log                : send, 1 16 0 '\x03'
2026-03-27 15:59:20,287 LT1-thread root DEBUG client.py                 82    logger_log                : sending frame '011000010003'
2026-03-27 15:59:20,287 LT1-thread root DEBUG client.py                 82    logger_log                : gap_command_rsp_succ
2026-03-27 15:59:20,288 LT1-thread root DEBUG client.py                 82    logger_log                : read
2026-03-27 15:59:20,326 BTPWorkerThread-3995 (_rx_task) root DEBUG client.py                 82    logger_log                : Read 5 bytes
2026-03-27 15:59:20,338 BTPWorkerThread-3995 (_rx_task) root DEBUG client.py                 82    logger_log                : Received: hdr: Header(svc_id=0x01, op=0x10, ctrl_index=0x00, data_len=0x00) bytearray(b'\x01\x10\x00\x00\x00')
2026-03-27 15:59:20,349 BTPWorkerThread-3995 (_rx_task) root DEBUG client.py                 82    logger_log                : Received data: {''}, bytearray(b'')
2026-03-27 15:59:20,361 LT1-thread root DEBUG client.py                 82    logger_log                : received Header(svc_id=1, op=16, ctrl_index=0, data_len=0) (b'',)
2026-03-27 15:59:20,361 LT1-thread root DEBUG client.py                 82    logger_log                : Starting test function: class=<class 'autopts.ptsprojects.testcase.TestFunc'>, func=<function core_reg_svc_hfp_hf at 0x00000285DA109260> start_wid=None stop_wid=None post_wid=None skip_call=None call_count=63 args=() kwds={}
2026-03-27 15:59:20,361 LT1-thread root DEBUG client.py                 82    logger_log                : Test function parameters: args=(), kwds={}
2026-03-27 15:59:20,361 LT1-thread root DEBUG client.py                 82    logger_log                : core_reg_svc_univ: hfp_hf_reg (HFP_HF)
2026-03-27 15:59:20,361 LT1-thread root DEBUG client.py                 82    logger_log                : send, 0 3 255 '33'
2026-03-27 15:59:20,361 LT1-thread root DEBUG client.py                 82    logger_log                : sending frame '0003ff010021'
2026-03-27 15:59:20,362 LT1-thread root DEBUG client.py                 82    logger_log                : core_reg_svc_rsp_succ
2026-03-27 15:59:20,362 LT1-thread root DEBUG client.py                 82    logger_log                : read
2026-03-27 15:59:20,402 BTPWorkerThread-3995 (_rx_task) root DEBUG client.py                 82    logger_log                : Read 5 bytes
2026-03-27 15:59:20,413 BTPWorkerThread-3995 (_rx_task) root DEBUG client.py                 82    logger_log                : Received: hdr: Header(svc_id=0x00, op=0x03, ctrl_index=0xff, data_len=0x00) bytearray(b'\x00\x03\xff\x00\x00')
2026-03-27 15:59:20,419 BTPWorkerThread-3995 (_rx_task) root DEBUG client.py                 82    logger_log                : Received data: {''}, bytearray(b'')
2026-03-27 15:59:20,435 LT1-thread root DEBUG client.py                 82    logger_log                : received Header(svc_id=0, op=3, ctrl_index=255, data_len=0) (b'',)
2026-03-27 15:59:20,435 LT1-thread root DEBUG client.py                 82    logger_log                : expected ((0, 3, 255, 0), (b'',))
2026-03-27 15:59:20,435 LT1-thread root DEBUG client.py                 82    logger_log                : response is valid
2026-03-27 15:59:20,435 LT1-thread root DEBUG client.py                 82    logger_log                : Reading supported commands for service: HFP_HF
2026-03-27 15:59:20,435 LT1-thread root DEBUG client.py                 82    logger_log                : send, 33 1 255 ''
2026-03-27 15:59:20,435 LT1-thread root DEBUG client.py                 82    logger_log                : sending frame '2101ff0000'
2026-03-27 15:59:20,436 LT1-thread root DEBUG client.py                 82    logger_log                : read
2026-03-27 15:59:20,479 BTPWorkerThread-3995 (_rx_task) root DEBUG client.py                 82    logger_log                : Read 5 bytes
2026-03-27 15:59:20,489 BTPWorkerThread-3995 (_rx_task) root DEBUG client.py                 82    logger_log                : Received: hdr: Header(svc_id=0x21, op=0x01, ctrl_index=0xff, data_len=0x05) bytearray(b'!\x01\xff\x05\x00')
2026-03-27 15:59:20,505 BTPWorkerThread-3995 (_rx_task) root DEBUG client.py                 82    logger_log                : Read 5 bytes data
2026-03-27 15:59:20,517 BTPWorkerThread-3995 (_rx_task) root DEBUG client.py                 82    logger_log                : Received data: {'fe ff ff ff 7f'}, bytearray(b'\xfe\xff\xff\xff\x7f')
2026-03-27 15:59:20,533 LT1-thread root DEBUG client.py                 82    logger_log                : Starting test function: class=<class 'autopts.ptsprojects.testcase.TestFunc'>, func=<bound method Stack.hfp_hf_init of <autopts.ptsprojects.stack.stack.Stack object at 0x00000285DC63BA70>> start_wid=None stop_wid=None post_wid=None skip_call=None call_count=63 args=() kwds={}
2026-03-27 15:59:20,533 LT1-thread root DEBUG client.py                 82    logger_log                : Test function parameters: args=(), kwds={}
2026-03-27 15:59:20,535 LT1-thread root DEBUG client.py                 82    logger_log                : ClientCallback.get_result run_test_case
2026-03-27 15:59:24,293 BTPWorkerThread-3995 (_rx_task) root DEBUG client.py                 82    logger_log                : Read 5 bytes
2026-03-27 15:59:24,294 BTPWorkerThread-3995 (_rx_task) root DEBUG client.py                 82    logger_log                : Received: hdr: Header(svc_id=0x01, op=0x82, ctrl_index=0x00, data_len=0x0d) bytearray(b'\x01\x82\x00\r\x00')
2026-03-27 15:59:24,294 BTPWorkerThread-3995 (_rx_task) root DEBUG client.py                 82    logger_log                : Read 13 bytes data
2026-03-27 15:59:24,295 BTPWorkerThread-3995 (_rx_task) root DEBUG client.py                 82    logger_log                : Received data: {'e0 4e e4 08 dc 1b 00 00 00 00 00 00 00'}, bytearray(b'\xe0N\xe4\x08\xdc\x1b\x00\x00\x00\x00\x00\x00\x00')
2026-03-27 15:59:24,295 BTPWorkerThread-3995 (_rx_task) root DEBUG client.py                 82    logger_log                : event_handler Header(svc_id=1, op=130, ctrl_index=0, data_len=13) (b'\xe0N\xe4\x08\xdc\x1b\x00\x00\x00\x00\x00\x00\x00',)
2026-03-27 15:59:24,295 BTPWorkerThread-3995 (_rx_task) root DEBUG client.py                 82    logger_log                : gap_connected_ev_ b'\xe0N\xe4\x08\xdc\x1b\x00\x00\x00\x00\x00\x00\x00'
2026-03-27 15:59:24,295 BTPWorkerThread-3995 (_rx_task) root DEBUG client.py                 82    logger_log                : Read 5 bytes
2026-03-27 15:59:24,296 BTPWorkerThread-3995 (_rx_task) root DEBUG client.py                 82    logger_log                : Received: hdr: Header(svc_id=0x01, op=0x80, ctrl_index=0x00, data_len=0x04) bytearray(b'\x01\x80\x00\x04\x00')
2026-03-27 15:59:24,296 BTPWorkerThread-3995 (_rx_task) root DEBUG client.py                 82    logger_log                : Read 4 bytes data
2026-03-27 15:59:24,296 BTPWorkerThread-3995 (_rx_task) root DEBUG client.py                 82    logger_log                : Received data: {'1b 02 00 00'}, bytearray(b'\x1b\x02\x00\x00')
2026-03-27 15:59:24,297 BTPWorkerThread-3995 (_rx_task) root DEBUG client.py                 82    logger_log                : event_handler Header(svc_id=1, op=128, ctrl_index=0, data_len=4) (b'\x1b\x02\x00\x00',)
2026-03-27 15:59:24,297 BTPWorkerThread-3995 (_rx_task) root DEBUG client.py                 82    logger_log                : gap_new_settings_ev_ b'\x1b\x02\x00\x00'
2026-03-27 15:59:24,297 BTPWorkerThread-3995 (_rx_task) root DEBUG client.py                 82    logger_log                : __gap_current_settings_update 539
2026-03-27 15:59:25,977 BTPWorkerThread-3995 (_rx_task) root DEBUG client.py                 82    logger_log                : Read 5 bytes
2026-03-27 15:59:25,977 BTPWorkerThread-3995 (_rx_task) root DEBUG client.py                 82    logger_log                : Received: hdr: Header(svc_id=0x01, op=0x91, ctrl_index=0x00, data_len=0x09) bytearray(b'\x01\x91\x00\t\x00')
2026-03-27 15:59:25,978 BTPWorkerThread-3995 (_rx_task) root DEBUG client.py                 82    logger_log                : Read 9 bytes data
2026-03-27 15:59:25,978 BTPWorkerThread-3995 (_rx_task) root DEBUG client.py                 82    logger_log                : Received data: {'e0 4e e4 08 dc 1b 00 01 10'}, bytearray(b'\xe0N\xe4\x08\xdc\x1b\x00\x01\x10')
2026-03-27 15:59:25,978 BTPWorkerThread-3995 (_rx_task) root DEBUG client.py                 82    logger_log                : event_handler Header(svc_id=1, op=145, ctrl_index=0, data_len=9) (b'\xe0N\xe4\x08\xdc\x1b\x00\x01\x10',)
2026-03-27 15:59:25,978 BTPWorkerThread-3995 (_rx_task) root DEBUG client.py                 82    logger_log                : gap_encryption_change_ev_
2026-03-27 15:59:25,978 BTPWorkerThread-3995 (_rx_task) root DEBUG client.py                 82    logger_log                : enc change received b'\xe0N\xe4\x08\xdc\x1b\x00\x01\x10'
2026-03-27 15:59:25,978 BTPWorkerThread-3995 (_rx_task) root DEBUG client.py                 82    logger_log                : received (224, '001bdc08e44e', 1, 16)
2026-03-27 15:59:25,978 BTPWorkerThread-3995 (_rx_task) root DEBUG client.py                 82    logger_log                : Read 5 bytes
2026-03-27 15:59:25,978 BTPWorkerThread-3995 (_rx_task) root DEBUG client.py                 82    logger_log                : Received: hdr: Header(svc_id=0x01, op=0x89, ctrl_index=0x00, data_len=0x08) bytearray(b'\x01\x89\x00\x08\x00')
2026-03-27 15:59:25,979 BTPWorkerThread-3995 (_rx_task) root DEBUG client.py                 82    logger_log                : Read 8 bytes data
2026-03-27 15:59:25,979 BTPWorkerThread-3995 (_rx_task) root DEBUG client.py                 82    logger_log                : Received data: {'e0 4e e4 08 dc 1b 00 02'}, bytearray(b'\xe0N\xe4\x08\xdc\x1b\x00\x02')
2026-03-27 15:59:25,979 BTPWorkerThread-3995 (_rx_task) root DEBUG client.py                 82    logger_log                : event_handler Header(svc_id=1, op=137, ctrl_index=0, data_len=8) (b'\xe0N\xe4\x08\xdc\x1b\x00\x02',)
2026-03-27 15:59:25,979 BTPWorkerThread-3995 (_rx_task) root DEBUG client.py                 82    logger_log                : gap_sec_level_changed_ev_
2026-03-27 15:59:25,979 BTPWorkerThread-3995 (_rx_task) root DEBUG client.py                 82    logger_log                : received b'\xe0N\xe4\x08\xdc\x1b\x00\x02'
2026-03-27 15:59:25,979 BTPWorkerThread-3995 (_rx_task) root DEBUG client.py                 82    logger_log                : received (224, '001bdc08e44e', 2)
2026-03-27 15:59:26,192 LT1-callback ClientCallback.on_implicit_send INFO client.py                 82    logger_log                : 
    ********************
    BEGIN OnImplicitSend:
    project_name: HFP
    wid: 45
    test_case_name: HFP/HF/ENO/BV-01-C
    description: Click Ok, then disable  EC/NR using the Implementation Under Test (IUT).
    style: MMI_Style_Ok_Cancel1 0x11041
2026-03-27 15:59:26,192 LT1-callback ClientCallback.on_implicit_send INFO client.py                 82    logger_log                : Calling test cases on_implicit_send
2026-03-27 15:59:26,192 LT1-callback ClientCallback.on_implicit_send INFO client.py                 82    logger_log                : 
    on_implicit_send returned response: WAIT
    END OnImplicitSend
    ********************
2026-03-27 15:59:26,196 BTPWorkerThread-3995 (_rx_task) root DEBUG client.py                 82    logger_log                : Read 5 bytes
2026-03-27 15:59:26,196 BTPWorkerThread-3995 (_rx_task) root DEBUG client.py                 82    logger_log                : Received: hdr: Header(svc_id=0x21, op=0x80, ctrl_index=0x00, data_len=0x07) bytearray(b'!\x80\x00\x07\x00')
2026-03-27 15:59:26,196 BTPWorkerThread-3995 (_rx_task) root DEBUG client.py                 82    logger_log                : Read 7 bytes data
2026-03-27 15:59:26,197 BTPWorkerThread-3995 (_rx_task) root DEBUG client.py                 82    logger_log                : Received data: {'e0 4e e4 08 dc 1b 00'}, bytearray(b'\xe0N\xe4\x08\xdc\x1b\x00')
2026-03-27 15:59:26,197 BTPWorkerThread-3995 (_rx_task) root DEBUG client.py                 82    logger_log                : event_handler Header(svc_id=33, op=128, ctrl_index=0, data_len=7) (b'\xe0N\xe4\x08\xdc\x1b\x00',)
2026-03-27 15:59:26,197 BTPWorkerThread-3995 (_rx_task) root DEBUG client.py                 82    logger_log                : hfp_hf_connected_ev b'\xe0N\xe4\x08\xdc\x1b\x00' 7
2026-03-27 15:59:26,197 BTPWorkerThread-3995 (_rx_task) root DEBUG client.py                 82    logger_log                : HFP HF connected to addr b'N\xe4\x08\xdc\x1b\x00'
2026-03-27 15:59:26,542 LT1-thread root DEBUG client.py                 82    logger_log                : HFP HFP/HF/ENO/BV-01-C on_implicit_send
2026-03-27 15:59:26,542 LT1-thread root DEBUG client.py                 82    logger_log                : hfp_hf_wid_hdl, 45, Click Ok, then disable  EC/NR using the Implementation Under Test (IUT)., HFP/HF/ENO/BV-01-C
2026-03-27 15:59:26,542 LT1-thread root DEBUG client.py                 82    logger_log                : hfp_hf_turn_off_ecnr None 224
2026-03-27 15:59:26,542 LT1-thread root DEBUG client.py                 82    logger_log                : send, 33 20 0 "bytearray(b'\\xe0N\\xe4\\x08\\xdc\\x1b\\x00')"
2026-03-27 15:59:26,542 LT1-thread root DEBUG client.py                 82    logger_log                : sending frame '2114000700e04ee408dc1b00'
2026-03-27 15:59:26,543 LT1-thread root DEBUG client.py                 82    logger_log                : read
2026-03-27 15:59:26,586 BTPWorkerThread-3995 (_rx_task) root DEBUG client.py                 82    logger_log                : Read 5 bytes
2026-03-27 15:59:26,591 BTPWorkerThread-3995 (_rx_task) root DEBUG client.py                 82    logger_log                : Received: hdr: Header(svc_id=0x21, op=0x14, ctrl_index=0x00, data_len=0x00) bytearray(b'!\x14\x00\x00\x00')
2026-03-27 15:59:26,596 BTPWorkerThread-3995 (_rx_task) root DEBUG client.py                 82    logger_log                : Received data: {''}, bytearray(b'')
2026-03-27 15:59:26,596 LT1-thread root DEBUG client.py                 82    logger_log                : Sending response 'OK' to wid 45 test case HFP/HF/ENO/BV-01-C
2026-03-27 15:59:26,597 BTPWorkerThread-3995 (_rx_task) root DEBUG client.py                 82    logger_log                : Read 5 bytes
2026-03-27 15:59:26,597 BTPWorkerThread-3995 (_rx_task) root DEBUG client.py                 82    logger_log                : Received: hdr: Header(svc_id=0x21, op=0x99, ctrl_index=0x00, data_len=0x08) bytearray(b'!\x99\x00\x08\x00')
2026-03-27 15:59:26,597 BTPWorkerThread-3995 (_rx_task) root DEBUG client.py                 82    logger_log                : Read 8 bytes data
2026-03-27 15:59:26,598 BTPWorkerThread-3995 (_rx_task) root DEBUG client.py                 82    logger_log                : Received data: {'e0 4e e4 08 dc 1b 00 00'}, bytearray(b'\xe0N\xe4\x08\xdc\x1b\x00\x00')
2026-03-27 15:59:26,598 BTPWorkerThread-3995 (_rx_task) root DEBUG client.py                 82    logger_log                : event_handler Header(svc_id=33, op=153, ctrl_index=0, data_len=8) (b'\xe0N\xe4\x08\xdc\x1b\x00\x00',)
2026-03-27 15:59:26,598 BTPWorkerThread-3995 (_rx_task) root DEBUG client.py                 82    logger_log                : hfp_hf_ecnr_turn_off_ev b'\xe0N\xe4\x08\xdc\x1b\x00\x00' 8
2026-03-27 15:59:26,599 BTPWorkerThread-3995 (_rx_task) root DEBUG client.py                 82    logger_log                : HFP HF ECNR turn off from addr b'N\xe4\x08\xdc\x1b\x00', result 0
2026-03-27 15:59:26,599 LT1-thread root DEBUG client.py                 82    logger_log                : ClientCallback.get_result run_test_case
2026-03-27 15:59:26,599 BTPWorkerThread-3995 (_rx_task) root DEBUG client.py                 82    logger_log                : Read 5 bytes
2026-03-27 15:59:26,600 BTPWorkerThread-3995 (_rx_task) root DEBUG client.py                 82    logger_log                : Received: hdr: Header(svc_id=0x21, op=0x87, ctrl_index=0x00, data_len=0x08) bytearray(b'!\x87\x00\x08\x00')
2026-03-27 15:59:26,601 BTPWorkerThread-3995 (_rx_task) root DEBUG client.py                 82    logger_log                : Read 8 bytes data
2026-03-27 15:59:26,602 BTPWorkerThread-3995 (_rx_task) root DEBUG client.py                 82    logger_log                : Received data: {'e0 4e e4 08 dc 1b 00 00'}, bytearray(b'\xe0N\xe4\x08\xdc\x1b\x00\x00')
2026-03-27 15:59:26,602 BTPWorkerThread-3995 (_rx_task) root DEBUG client.py                 82    logger_log                : event_handler Header(svc_id=33, op=135, ctrl_index=0, data_len=8) (b'\xe0N\xe4\x08\xdc\x1b\x00\x00',)
2026-03-27 15:59:26,603 BTPWorkerThread-3995 (_rx_task) root DEBUG client.py                 82    logger_log                : hfp_hf_incoming_ev b'\xe0N\xe4\x08\xdc\x1b\x00\x00' 8
2026-03-27 15:59:26,603 BTPWorkerThread-3995 (_rx_task) root DEBUG client.py                 82    logger_log                : HFP HF incoming call from addr b'N\xe4\x08\xdc\x1b\x00', call_index 0
2026-03-27 15:59:26,603 LT1-callback ClientCallback.on_implicit_send INFO client.py                 82    logger_log                : 
    ********************
    BEGIN OnImplicitSend:
    project_name: HFP
    wid: 9
    test_case_name: HFP/HF/ENO/BV-01-C
    description: Click Ok, then answer the incoming call using the Implementation Under Test (IUT).
    style: MMI_Style_Ok_Cancel1 0x11041
2026-03-27 15:59:26,603 LT1-callback ClientCallback.on_implicit_send INFO client.py                 82    logger_log                : Calling test cases on_implicit_send
2026-03-27 15:59:26,603 BTPWorkerThread-3995 (_rx_task) root DEBUG client.py                 82    logger_log                : Read 5 bytes
2026-03-27 15:59:26,604 LT1-callback ClientCallback.on_implicit_send INFO client.py                 82    logger_log                : 
    on_implicit_send returned response: WAIT
    END OnImplicitSend
    ********************
2026-03-27 15:59:26,604 BTPWorkerThread-3995 (_rx_task) root DEBUG client.py                 82    logger_log                : Received: hdr: Header(svc_id=0x21, op=0x91, ctrl_index=0x00, data_len=0x08) bytearray(b'!\x91\x00\x08\x00')
2026-03-27 15:59:26,604 BTPWorkerThread-3995 (_rx_task) root DEBUG client.py                 82    logger_log                : Read 8 bytes data
2026-03-27 15:59:26,605 BTPWorkerThread-3995 (_rx_task) root DEBUG client.py                 82    logger_log                : Received data: {'e0 4e e4 08 dc 1b 00 00'}, bytearray(b'\xe0N\xe4\x08\xdc\x1b\x00\x00')
2026-03-27 15:59:26,605 BTPWorkerThread-3995 (_rx_task) root DEBUG client.py                 82    logger_log                : event_handler Header(svc_id=33, op=145, ctrl_index=0, data_len=8) (b'\xe0N\xe4\x08\xdc\x1b\x00\x00',)
2026-03-27 15:59:26,605 BTPWorkerThread-3995 (_rx_task) root DEBUG client.py                 82    logger_log                : hfp_hf_ring_indication_ev b'\xe0N\xe4\x08\xdc\x1b\x00\x00' 8
2026-03-27 15:59:26,605 BTPWorkerThread-3995 (_rx_task) root DEBUG client.py                 82    logger_log                : HFP HF ring indication from addr b'N\xe4\x08\xdc\x1b\x00', call_index 0
2026-03-27 15:59:26,605 BTPWorkerThread-3995 (_rx_task) root DEBUG client.py                 82    logger_log                : Read 5 bytes
2026-03-27 15:59:26,606 BTPWorkerThread-3995 (_rx_task) root DEBUG client.py                 82    logger_log                : Received: hdr: Header(svc_id=0x21, op=0x93, ctrl_index=0x00, data_len=0x11) bytearray(b'!\x93\x00\x11\x00')
2026-03-27 15:59:26,606 BTPWorkerThread-3995 (_rx_task) root DEBUG client.py                 82    logger_log                : Read 17 bytes data
2026-03-27 15:59:26,607 BTPWorkerThread-3995 (_rx_task) root DEBUG client.py                 82    logger_log                : Received data: {'e0 4e e4 08 dc 1b 00 00 00 07 31 32 33 34 35 36 37'}, bytearray(b'\xe0N\xe4\x08\xdc\x1b\x00\x00\x00\x071234567')
2026-03-27 15:59:26,607 BTPWorkerThread-3995 (_rx_task) root DEBUG client.py                 82    logger_log                : event_handler Header(svc_id=33, op=147, ctrl_index=0, data_len=17) (b'\xe0N\xe4\x08\xdc\x1b\x00\x00\x00\x071234567',)
2026-03-27 15:59:26,607 BTPWorkerThread-3995 (_rx_task) root DEBUG client.py                 82    logger_log                : hfp_hf_clip_ev b'\xe0N\xe4\x08\xdc\x1b\x00\x00\x00\x071234567' 17
2026-03-27 15:59:26,607 BTPWorkerThread-3995 (_rx_task) root DEBUG client.py                 82    logger_log                : HFP HF CLIP from addr b'N\xe4\x08\xdc\x1b\x00', call_index 0, type 0, number '1234567'
2026-03-27 15:59:27,600 LT1-thread root DEBUG client.py                 82    logger_log                : HFP HFP/HF/ENO/BV-01-C on_implicit_send
2026-03-27 15:59:27,600 LT1-thread root DEBUG client.py                 82    logger_log                : hfp_hf_wid_hdl, 9, Click Ok, then answer the incoming call using the Implementation Under Test (IUT)., HFP/HF/ENO/BV-01-C
2026-03-27 15:59:27,600 LT1-thread root DEBUG client.py                 82    logger_log                : hfp_hf_accept_call None 224 0
2026-03-27 15:59:27,601 LT1-thread root DEBUG client.py                 82    logger_log                : send, 33 8 0 "bytearray(b'\\xe0N\\xe4\\x08\\xdc\\x1b\\x00\\x00')"
2026-03-27 15:59:27,601 LT1-thread root DEBUG client.py                 82    logger_log                : sending frame '2108000800e04ee408dc1b0000'
2026-03-27 15:59:27,601 LT1-thread root DEBUG client.py                 82    logger_log                : read
2026-03-27 15:59:27,642 BTPWorkerThread-3995 (_rx_task) root DEBUG client.py                 82    logger_log                : Read 5 bytes
2026-03-27 15:59:27,653 BTPWorkerThread-3995 (_rx_task) root DEBUG client.py                 82    logger_log                : Received: hdr: Header(svc_id=0x21, op=0x08, ctrl_index=0x00, data_len=0x00) bytearray(b'!\x08\x00\x00\x00')
2026-03-27 15:59:27,658 BTPWorkerThread-3995 (_rx_task) root DEBUG client.py                 82    logger_log                : Received data: {''}, bytearray(b'')
2026-03-27 15:59:27,663 BTPWorkerThread-3995 (_rx_task) root DEBUG client.py                 82    logger_log                : Read 5 bytes
2026-03-27 15:59:27,663 LT1-thread root DEBUG client.py                 82    logger_log                : Sending response 'OK' to wid 9 test case HFP/HF/ENO/BV-01-C
2026-03-27 15:59:27,663 BTPWorkerThread-3995 (_rx_task) root DEBUG client.py                 82    logger_log                : Received: hdr: Header(svc_id=0x21, op=0x89, ctrl_index=0x00, data_len=0x08) bytearray(b'!\x89\x00\x08\x00')
2026-03-27 15:59:27,664 BTPWorkerThread-3995 (_rx_task) root DEBUG client.py                 82    logger_log                : Read 8 bytes data
2026-03-27 15:59:27,664 BTPWorkerThread-3995 (_rx_task) root DEBUG client.py                 82    logger_log                : Received data: {'e0 4e e4 08 dc 1b 00 00'}, bytearray(b'\xe0N\xe4\x08\xdc\x1b\x00\x00')
2026-03-27 15:59:27,664 BTPWorkerThread-3995 (_rx_task) root DEBUG client.py                 82    logger_log                : event_handler Header(svc_id=33, op=137, ctrl_index=0, data_len=8) (b'\xe0N\xe4\x08\xdc\x1b\x00\x00',)
2026-03-27 15:59:27,665 BTPWorkerThread-3995 (_rx_task) root DEBUG client.py                 82    logger_log                : hfp_hf_call_accepted_ev b'\xe0N\xe4\x08\xdc\x1b\x00\x00' 8
2026-03-27 15:59:27,665 BTPWorkerThread-3995 (_rx_task) root DEBUG client.py                 82    logger_log                : HFP HF call accepted from addr b'N\xe4\x08\xdc\x1b\x00', call_index 0
2026-03-27 15:59:27,665 LT1-thread root DEBUG client.py                 82    logger_log                : ClientCallback.get_result run_test_case
2026-03-27 15:59:28,866 LT1-callback ClientCallback.on_implicit_send INFO client.py                 82    logger_log                : 
    ********************
    BEGIN OnImplicitSend:
    project_name: HFP
    wid: 35
    test_case_name: HFP/HF/ENO/BV-01-C
    description: Verify the presence of an audio connection, then click Ok.
    style: MMI_Style_Ok_Cancel1 0x11041
2026-03-27 15:59:28,866 LT1-callback ClientCallback.on_implicit_send INFO client.py                 82    logger_log                : Calling test cases on_implicit_send
2026-03-27 15:59:28,866 LT1-callback ClientCallback.on_implicit_send INFO client.py                 82    logger_log                : 
    on_implicit_send returned response: WAIT
    END OnImplicitSend
    ********************
2026-03-27 15:59:28,895 BTPWorkerThread-3995 (_rx_task) root DEBUG client.py                 82    logger_log                : Read 5 bytes
2026-03-27 15:59:28,896 BTPWorkerThread-3995 (_rx_task) root DEBUG client.py                 82    logger_log                : Received: hdr: Header(svc_id=0x21, op=0x82, ctrl_index=0x00, data_len=0x07) bytearray(b'!\x82\x00\x07\x00')
2026-03-27 15:59:28,896 BTPWorkerThread-3995 (_rx_task) root DEBUG client.py                 82    logger_log                : Read 7 bytes data
2026-03-27 15:59:28,897 BTPWorkerThread-3995 (_rx_task) root DEBUG client.py                 82    logger_log                : Received data: {'e0 4e e4 08 dc 1b 00'}, bytearray(b'\xe0N\xe4\x08\xdc\x1b\x00')
2026-03-27 15:59:28,897 BTPWorkerThread-3995 (_rx_task) root DEBUG client.py                 82    logger_log                : event_handler Header(svc_id=33, op=130, ctrl_index=0, data_len=7) (b'\xe0N\xe4\x08\xdc\x1b\x00',)
2026-03-27 15:59:28,897 BTPWorkerThread-3995 (_rx_task) root DEBUG client.py                 82    logger_log                : hfp_hf_sco_connected_ev b'\xe0N\xe4\x08\xdc\x1b\x00' 7
2026-03-27 15:59:28,897 BTPWorkerThread-3995 (_rx_task) root DEBUG client.py                 82    logger_log                : HFP HF SCO connected to addr b'N\xe4\x08\xdc\x1b\x00'
2026-03-27 15:59:29,665 LT1-thread root DEBUG client.py                 82    logger_log                : HFP HFP/HF/ENO/BV-01-C on_implicit_send
2026-03-27 15:59:29,666 LT1-thread root DEBUG client.py                 82    logger_log                : hfp_hf_wid_hdl, 35, Verify the presence of an audio connection, then click Ok., HFP/HF/ENO/BV-01-C
2026-03-27 15:59:29,666 LT1-thread root DEBUG client.py                 82    logger_log                : Sending response 'OK' to wid 35 test case HFP/HF/ENO/BV-01-C
2026-03-27 15:59:29,668 LT1-thread root DEBUG client.py                 82    logger_log                : ClientCallback.get_result run_test_case
2026-03-27 15:59:30,712 BTPWorkerThread-3995 (_rx_task) root DEBUG client.py                 82    logger_log                : Read 5 bytes
2026-03-27 15:59:30,712 BTPWorkerThread-3995 (_rx_task) root DEBUG client.py                 82    logger_log                : Received: hdr: Header(svc_id=0x21, op=0x83, ctrl_index=0x00, data_len=0x08) bytearray(b'!\x83\x00\x08\x00')
2026-03-27 15:59:30,713 BTPWorkerThread-3995 (_rx_task) root DEBUG client.py                 82    logger_log                : Read 8 bytes data
2026-03-27 15:59:30,713 BTPWorkerThread-3995 (_rx_task) root DEBUG client.py                 82    logger_log                : Received data: {'e0 4e e4 08 dc 1b 00 13'}, bytearray(b'\xe0N\xe4\x08\xdc\x1b\x00\x13')
2026-03-27 15:59:30,713 BTPWorkerThread-3995 (_rx_task) root DEBUG client.py                 82    logger_log                : event_handler Header(svc_id=33, op=131, ctrl_index=0, data_len=8) (b'\xe0N\xe4\x08\xdc\x1b\x00\x13',)
2026-03-27 15:59:30,713 BTPWorkerThread-3995 (_rx_task) root DEBUG client.py                 82    logger_log                : hfp_hf_sco_disconnected_ev b'\xe0N\xe4\x08\xdc\x1b\x00\x13' 8
2026-03-27 15:59:30,713 BTPWorkerThread-3995 (_rx_task) root DEBUG client.py                 82    logger_log                : HFP HF SCO disconnected from addr b'N\xe4\x08\xdc\x1b\x00', reason 19
2026-03-27 15:59:31,207 BTPWorkerThread-3995 (_rx_task) root DEBUG client.py                 82    logger_log                : Read 5 bytes
2026-03-27 15:59:31,207 BTPWorkerThread-3995 (_rx_task) root DEBUG client.py                 82    logger_log                : Received: hdr: Header(svc_id=0x21, op=0x81, ctrl_index=0x00, data_len=0x07) bytearray(b'!\x81\x00\x07\x00')
2026-03-27 15:59:31,207 BTPWorkerThread-3995 (_rx_task) root DEBUG client.py                 82    logger_log                : Read 7 bytes data
2026-03-27 15:59:31,208 BTPWorkerThread-3995 (_rx_task) root DEBUG client.py                 82    logger_log                : Received data: {'e0 4e e4 08 dc 1b 00'}, bytearray(b'\xe0N\xe4\x08\xdc\x1b\x00')
2026-03-27 15:59:31,208 BTPWorkerThread-3995 (_rx_task) root DEBUG client.py                 82    logger_log                : event_handler Header(svc_id=33, op=129, ctrl_index=0, data_len=7) (b'\xe0N\xe4\x08\xdc\x1b\x00',)
2026-03-27 15:59:31,208 BTPWorkerThread-3995 (_rx_task) root DEBUG client.py                 82    logger_log                : hfp_hf_disconnected_ev b'\xe0N\xe4\x08\xdc\x1b\x00' 7
2026-03-27 15:59:31,208 BTPWorkerThread-3995 (_rx_task) root DEBUG client.py                 82    logger_log                : HFP HF disconnected from addr b'N\xe4\x08\xdc\x1b\x00'
2026-03-27 15:59:32,250 BTPWorkerThread-3995 (_rx_task) root DEBUG client.py                 82    logger_log                : Read 5 bytes
2026-03-27 15:59:32,250 BTPWorkerThread-3995 (_rx_task) root DEBUG client.py                 82    logger_log                : Received: hdr: Header(svc_id=0x01, op=0x83, ctrl_index=0x00, data_len=0x07) bytearray(b'\x01\x83\x00\x07\x00')
2026-03-27 15:59:32,251 BTPWorkerThread-3995 (_rx_task) root DEBUG client.py                 82    logger_log                : Read 7 bytes data
2026-03-27 15:59:32,251 BTPWorkerThread-3995 (_rx_task) root DEBUG client.py                 82    logger_log                : Received data: {'e0 4e e4 08 dc 1b 00'}, bytearray(b'\xe0N\xe4\x08\xdc\x1b\x00')
2026-03-27 15:59:32,251 BTPWorkerThread-3995 (_rx_task) root DEBUG client.py                 82    logger_log                : event_handler Header(svc_id=1, op=131, ctrl_index=0, data_len=7) (b'\xe0N\xe4\x08\xdc\x1b\x00',)
2026-03-27 15:59:32,251 BTPWorkerThread-3995 (_rx_task) root DEBUG client.py                 82    logger_log                : gap_disconnected_ev_ b'\xe0N\xe4\x08\xdc\x1b\x00'
2026-03-27 15:59:34,966 LT1-callback ClientCallback.log INFO client.py                 82    logger_log                : PTS_LOGTYPE_START_TEST Start Test Case 

+156 ms
 HFP/HF/ENO/BV-01-C HFP/HF/ENO/BV-01-C

2026-03-27 15:59:35,731 LT1-callback ClientCallback.log INFO client.py                 82    logger_log                : PTS_LOGTYPE_FINAL_VERDICT Final Verdict 

+13594 ms
 HFP/HF/ENO/BV-01-C PASS

2026-03-27 15:59:35,742 LT1-callback ClientCallback.log INFO client.py                 82    logger_log                : PTS_LOGTYPE_FINAL_VERDICT Encrypted Verdict 

+13594 ms
 HFP/HF/ENO/BV-01-C A1#ZWY4MzQ5MDg3MmQwNTIxOGQzMzQ5YjY2ODA5M2MzNjQ5ZDY4NmY0Yjc2MzIzM2VkNTUyNTFhNGU4Mjg1MjI0NA==#anuBtxXY/fT7RSpY37THQbegOFv51nitYXj5M7S2XTlPRDfmIvcGLNJq3fJVTyop

2026-03-27 15:59:35,750 LT1-callback ClientCallback.log INFO client.py                 82    logger_log                : PTS_LOGTYPE_END_TEST Test Case Ended 

+13594 ms
 HFP/HF/ENO/BV-01-C HFP/HF/ENO/BV-01-C

2026-03-27 15:59:35,805 LT1-callback root DEBUG client.py                 82    logger_log                : ClientCallback, set_result, run_test_case, PASS
2026-03-27 15:59:35,806 LT1-thread root DEBUG client.py                 82    logger_log                : After run_test_case error_code=0 status='PASS'
2026-03-27 15:59:35,806 LT1-thread root DEBUG client.py                 82    logger_log                : post_run HFP HFP/HF/ENO/BV-01-C 0
2026-03-27 15:59:35,806 LT1-thread root DEBUG client.py                 82    logger_log                : Starting test function: class=<class 'autopts.ptsprojects.testcase.TestFuncCleanUp'>, func=<bound method Stack.cleanup of <autopts.ptsprojects.stack.stack.Stack object at 0x00000285DC63BA70>> start_wid=None stop_wid=None post_wid=None skip_call=None call_count=1 args=() kwds={}
2026-03-27 15:59:35,807 LT1-thread root DEBUG client.py                 82    logger_log                : Test function parameters: args=(), kwds={}
2026-03-27 15:59:35,807 LT1-thread root DEBUG client.py                 82    logger_log                : Starting test function: class=<class 'autopts.ptsprojects.testcase.TestFuncCleanUp'>, func=<bound method ZephyrCtl.stop of <autopts.ptsprojects.zephyr.iutctl.ZephyrCtl object at 0x00000285DC5B4CB0>> start_wid=None stop_wid=None post_wid=None skip_call=None call_count=1 args=() kwds={}
2026-03-27 15:59:35,807 LT1-thread root DEBUG client.py                 82    logger_log                : Test function parameters: args=(), kwds={}
2026-03-27 15:59:35,807 LT1-thread root DEBUG client.py                 82    logger_log                : <class 'autopts.ptsprojects.zephyr.iutctl.ZephyrCtl'>.stop
2026-03-27 15:59:35,807 LT1-thread root DEBUG client.py                 82    logger_log                : About to reset DUT: JLink -CommandFile reset.jlink -usb 1063214216 -device MIMXRT1176XXXA_M7
2026-03-27 15:59:36,392 BTPWorkerThread-3995 (_rx_task) root DEBUG client.py                 82    logger_log                : Read 5 bytes
2026-03-27 15:59:36,393 BTPWorkerThread-3995 (_rx_task) root DEBUG client.py                 82    logger_log                : Received: hdr: Header(svc_id=0x00, op=0x80, ctrl_index=0xff, data_len=0x00) bytearray(b'\x00\x80\xff\x00\x00')
2026-03-27 15:59:36,393 BTPWorkerThread-3995 (_rx_task) root DEBUG client.py                 82    logger_log                : Received data: {''}, bytearray(b'')
2026-03-27 15:59:36,393 BTPWorkerThread-3995 (_rx_task) root DEBUG client.py                 82    logger_log                : event_handler Header(svc_id=0, op=128, ctrl_index=255, data_len=0) (b'',)
2026-03-27 15:59:36,393 BTPWorkerThread-3995 (_rx_task) root DEBUG client.py                 82    logger_log                : core_iut_ready_ev
2026-03-27 15:59:36,878 LT1-thread root DEBUG client.py                 82    logger_log                : IUT ready event received OK
2026-03-27 15:59:36,879 LT1-thread root DEBUG client.py                 82    logger_log                : Waiting for _rx_worker to finish ...
2026-03-27 15:59:37,393 BTPWorkerThread-3995 (_rx_task) root DEBUG client.py                 82    logger_log                : BTPWorkerThread-3995 (_rx_task) finishing...
2026-03-27 15:59:40,404 LT1-thread root DEBUG client.py                 82    logger_log                : post_run, cleanup running post test case script
2026-03-27 15:59:40,404 LT1-thread root DEBUG client.py                 82    logger_log                : post_run, run post test case script
2026-03-27 15:59:40,519 LT1-thread root DEBUG client.py                 82    logger_log                : Done TestCase _run_test_case HFP HFP/HF/ENO/BV-01-C
