2026-09-15 18:32:28,641 LT1-thread root DEBUG client.py                 1099  _run_test_case            : Starting TestCase _run_test_case GAP GAP/DISC/NONM/BV-01-C
2026-09-15 18:32:28,641 LT1-thread root DEBUG testcase.py               727   pre_run                   : pre_run GAP GAP/DISC/NONM/BV-01-C
2026-09-15 18:32:28,643 LT1-thread root DEBUG testcase.py               729   pre_run                   : About to run test case GAP GAP/DISC/NONM/BV-01-C with commands:
2026-09-15 18:32:28,643 LT1-thread root DEBUG testcase.py               731   pre_run                   : 0) class=<class 'autopts.ptsprojects.testcase.TestFunc'>, func=<bound method ZTestCase._test_case_start of <autopts.ptsprojects.zephyr.ztestcase.ZTestCase object at 0x0000023DDC04DA30>> start_wid=None stop_wid=None post_wid=None skip_call=None call_count=0 args=() kwds={}
2026-09-15 18:32:28,643 LT1-thread root DEBUG testcase.py               731   pre_run                   : 1) class=<class 'autopts.ptsprojects.testcase.TestFunc'>, func=<function core_reg_svc_gap at 0x0000023DD8BEC860> start_wid=None stop_wid=None post_wid=None skip_call=None call_count=5 args=() kwds={}
2026-09-15 18:32:28,643 LT1-thread root DEBUG testcase.py               731   pre_run                   : 2) class=<class 'autopts.ptsprojects.testcase.TestFunc'>, func=<bound method Stack.gap_init of <autopts.ptsprojects.stack.stack.Stack object at 0x0000023DD689F830>> start_wid=None stop_wid=None post_wid=None skip_call=None call_count=5 args=(b'Tester_08E44E', 'ABCD', '1111', '1111', '11', '1111', b'\x17github.com/auto-pts', (8, 'PADV_Tester'), 'FF') kwds={}
2026-09-15 18:32:28,643 LT1-thread root DEBUG testcase.py               731   pre_run                   : 3) class=<class 'autopts.ptsprojects.testcase.TestFunc'>, func=<function gap_read_controller_info at 0x0000023DD8C076A0> start_wid=None stop_wid=None post_wid=None skip_call=None call_count=5 args=() kwds={}
2026-09-15 18:32:28,643 LT1-thread root DEBUG testcase.py               731   pre_run                   : 4) class=<class 'autopts.ptsprojects.testcase.TestFunc'>, func=<function test_cases.<locals>.<lambda> at 0x0000023DDC020C20> start_wid=None stop_wid=None post_wid=None skip_call=None call_count=5 args=() kwds={}
2026-09-15 18:32:28,643 LT1-thread root DEBUG testcase.py               731   pre_run                   : 5) class=<class 'autopts.ptsprojects.testcase.TestFunc'>, func=<function test_cases.<locals>.<lambda> at 0x0000023DDC020B80> start_wid=None stop_wid=None post_wid=None skip_call=None call_count=5 args=() kwds={}
2026-09-15 18:32:28,644 LT1-thread root DEBUG testcase.py               731   pre_run                   : 6) class=<class 'autopts.ptsprojects.testcase.TestFunc'>, func=<function test_cases.<locals>.<lambda> at 0x0000023DDC020CC0> start_wid=None stop_wid=None post_wid=None skip_call=None call_count=5 args=() kwds={}
2026-09-15 18:32:28,644 LT1-thread root DEBUG testcase.py               731   pre_run                   : 7) class=<class 'autopts.ptsprojects.testcase.TestFunc'>, func=<function test_cases.<locals>.<lambda> at 0x0000023DDC020D60> start_wid=None stop_wid=None post_wid=None skip_call=None call_count=5 args=() kwds={}
2026-09-15 18:32:28,644 LT1-thread root DEBUG testcase.py               731   pre_run                   : 8) class=<class 'autopts.ptsprojects.testcase.TestFunc'>, func=<function test_cases.<locals>.<lambda> at 0x0000023DDC020E00> start_wid=None stop_wid=None post_wid=None skip_call=None call_count=5 args=() kwds={}
2026-09-15 18:32:28,644 LT1-thread root DEBUG testcase.py               731   pre_run                   : 9) class=<class 'autopts.ptsprojects.testcase.TestFunc'>, func=<function test_cases.<locals>.<lambda> at 0x0000023DDC020EA0> start_wid=None stop_wid=None post_wid=None skip_call=None call_count=5 args=() kwds={}
2026-09-15 18:32:28,644 LT1-thread root DEBUG testcase.py               731   pre_run                   : 10) class=<class 'autopts.ptsprojects.testcase.TestFunc'>, func=<function test_cases.<locals>.<lambda> at 0x0000023DDC020F40> start_wid=None stop_wid=None post_wid=None skip_call=None call_count=5 args=() kwds={}
2026-09-15 18:32:28,644 LT1-thread root DEBUG testcase.py               731   pre_run                   : 11) class=<class 'autopts.ptsprojects.testcase.TestFunc'>, func=<function test_cases.<locals>.<lambda> at 0x0000023DDC020FE0> start_wid=None stop_wid=None post_wid=None skip_call=None call_count=5 args=() kwds={}
2026-09-15 18:32:28,644 LT1-thread root DEBUG testcase.py               731   pre_run                   : 12) class=<class 'autopts.ptsprojects.testcase.TestFunc'>, func=<function test_cases.<locals>.<lambda> at 0x0000023DDC021080> start_wid=None stop_wid=None post_wid=None skip_call=None call_count=5 args=() kwds={}
2026-09-15 18:32:28,644 LT1-thread root DEBUG testcase.py               731   pre_run                   : 13) class=<class 'autopts.ptsprojects.testcase.TestFunc'>, func=<function test_cases.<locals>.<lambda> at 0x0000023DDC021120> start_wid=None stop_wid=None post_wid=None skip_call=None call_count=5 args=() kwds={}
2026-09-15 18:32:28,644 LT1-thread root DEBUG testcase.py               731   pre_run                   : 14) class=<class 'autopts.ptsprojects.testcase.TestFunc'>, func=<function core_reg_svc_gatt at 0x0000023DD8BEC9A0> start_wid=None stop_wid=None post_wid=None skip_call=None call_count=5 args=() kwds={}
2026-09-15 18:32:28,644 LT1-thread root DEBUG testcase.py               731   pre_run                   : 15) class=<class 'autopts.ptsprojects.testcase.TestFunc'>, func=<bound method Stack.gatt_init of <autopts.ptsprojects.stack.stack.Stack object at 0x0000023DD689F830>> start_wid=None stop_wid=None post_wid=None skip_call=None call_count=5 args=() kwds={}
2026-09-15 18:32:28,644 LT1-thread root DEBUG testcase.py               731   pre_run                   : 16) class=<class 'autopts.ptsprojects.testcase.TestFunc'>, func=<function gap_set_io_capability at 0x0000023DD8C06B60> start_wid=None stop_wid=None post_wid=None skip_call=None call_count=5 args=(4,) kwds={}
2026-09-15 18:32:28,644 LT1-thread root DEBUG testcase.py               731   pre_run                   : 17) class=<class 'autopts.ptsprojects.testcase.TestFunc'>, func=<function gap_set_broadcast_code at 0x0000023DD8C2CD60> start_wid=None stop_wid=None post_wid=None skip_call=None call_count=5 args=('0102680553F1415AA265BBAFC6EA03B8',) kwds={}
2026-09-15 18:32:28,644 LT1-thread root DEBUG testcase.py               731   pre_run                   : 18) class=<class 'autopts.ptsprojects.testcase.TestFunc'>, func=<function set_pts_addr at 0x0000023DD8BEC400> start_wid=None stop_wid=None post_wid=None skip_call=None call_count=5 args=('00:1B:DC:08:E4:4E', 0) kwds={}
2026-09-15 18:32:28,644 LT1-thread root DEBUG testcase.py               731   pre_run                   : 19) class=<class 'autopts.ptsprojects.testcase.TestFunc'>, func=<function gatts_add_svc at 0x0000023DD8C3A3E0> start_wid=None stop_wid=None post_wid=None skip_call=None call_count=5 args=(0, 'AA51') kwds={}
2026-09-15 18:32:28,644 LT1-thread root DEBUG testcase.py               731   pre_run                   : 20) class=<class 'autopts.ptsprojects.testcase.TestFunc'>, func=<function gatts_add_char at 0x0000023DD8C3A520> start_wid=None stop_wid=None post_wid=None skip_call=None call_count=5 args=(0, 2, 17, 'AA52') kwds={}
2026-09-15 18:32:28,644 LT1-thread root DEBUG testcase.py               731   pre_run                   : 21) class=<class 'autopts.ptsprojects.testcase.TestFunc'>, func=<function gatts_set_val at 0x0000023DD8C3A5C0> start_wid=None stop_wid=None post_wid=None skip_call=None call_count=5 args=(0, '01') kwds={}
2026-09-15 18:32:28,644 LT1-thread root DEBUG testcase.py               731   pre_run                   : 22) class=<class 'autopts.ptsprojects.testcase.TestFunc'>, func=<function gatts_add_char at 0x0000023DD8C3A520> start_wid=None stop_wid=None post_wid=None skip_call=None call_count=5 args=(0, 2, 5, 'AA53') kwds={}
2026-09-15 18:32:28,644 LT1-thread root DEBUG testcase.py               731   pre_run                   : 23) class=<class 'autopts.ptsprojects.testcase.TestFunc'>, func=<function gatts_set_val at 0x0000023DD8C3A5C0> start_wid=None stop_wid=None post_wid=None skip_call=None call_count=5 args=(0, '02') kwds={}
2026-09-15 18:32:28,644 LT1-thread root DEBUG testcase.py               731   pre_run                   : 24) class=<class 'autopts.ptsprojects.testcase.TestFunc'>, func=<function gatts_add_char at 0x0000023DD8C3A520> start_wid=None stop_wid=None post_wid=None skip_call=None call_count=5 args=(0, 10, 48, 'AA55') kwds={}
2026-09-15 18:32:28,644 LT1-thread root DEBUG testcase.py               731   pre_run                   : 25) class=<class 'autopts.ptsprojects.testcase.TestFunc'>, func=<function gatts_set_val at 0x0000023DD8C3A5C0> start_wid=None stop_wid=None post_wid=None skip_call=None call_count=5 args=(0, '04') kwds={}
2026-09-15 18:32:28,644 LT1-thread root DEBUG testcase.py               731   pre_run                   : 26) class=<class 'autopts.ptsprojects.testcase.TestFunc'>, func=<function gatts_start_server at 0x0000023DD8C3A840> start_wid=None stop_wid=None post_wid=None skip_call=None call_count=5 args=() kwds={}
2026-09-15 18:32:28,644 LT1-thread root DEBUG testcase.py               731   pre_run                   : 27) class=<class 'autopts.ptsprojects.testcase.TestFuncCleanUp'>, func=<bound method ZTestCase._test_case_cleanup of <autopts.ptsprojects.zephyr.ztestcase.ZTestCase object at 0x0000023DDC04DA30>> start_wid=None stop_wid=None post_wid=None skip_call=None call_count=0 args=() kwds={}
2026-09-15 18:32:28,644 LT1-thread root DEBUG testcase.py               738   pre_run                   : pre_run, run pre test case script
2026-09-15 18:32:28,657 LT1-thread root DEBUG testcase.py               254   start                     : Starting test function: class=<class 'autopts.ptsprojects.testcase.TestFunc'>, func=<bound method ZTestCase._test_case_start of <autopts.ptsprojects.zephyr.ztestcase.ZTestCase object at 0x0000023DDC04DA30>> start_wid=None stop_wid=None post_wid=None skip_call=None call_count=1 args=() kwds={}
2026-09-15 18:32:28,658 LT1-thread root DEBUG testcase.py               266   start                     : Test function parameters: args=(), kwds={}
2026-09-15 18:32:28,658 LT1-thread root DEBUG iutctl.py                 172   start                     : <class 'autopts.ptsprojects.zephyr.iutctl.create_zephyr_ctl_class.<locals>.ZephyrCtl'>.start
2026-09-15 18:32:28,658 LT1-thread root DEBUG iutctl.py                 325   flush_serial              : <class 'autopts.ptsprojects.zephyr.iutctl.create_zephyr_ctl_class.<locals>.ZephyrCtl'>.flush_serial
2026-09-15 18:32:29,872 LT1-thread root DEBUG iutctl.py                 249   _start_tty_mode           : Starting socat process: socat.exe -x -v tcp:10.17.12.9:56307,retry=100,interval=1 /dev/ttyS2,raw,b115200,
2026-09-15 18:32:29,882 LT1-thread root DEBUG iutctl_common.py          402   accept                    : 
2026-09-15 18:32:29,972 BTPWorkerThread-130 (_rx_task) root DEBUG iutctl_common.py          299   _rx_task                  : BTPWorkerThread-130 (_rx_task) started
2026-09-15 18:32:29,973 LT1-thread root DEBUG iutctl.py                 395   wait_iut_ready_event      : IUT ready event received OK
2026-09-15 18:32:29,973 LT1-thread root DEBUG btp.py                    51    read_supp_svcs            : 
2026-09-15 18:32:29,973 LT1-thread root DEBUG iutctl_common.py          161   send                      : 0 2 255 ''
2026-09-15 18:32:29,974 LT1-thread root DEBUG iutctl_common.py          166   send                      : sending frame '0002ff0000'
2026-09-15 18:32:29,974 LT1-thread root DEBUG iutctl_common.py          339   read                      : 
2026-09-15 18:32:29,989 BTPWorkerThread-130 (_rx_task) root DEBUG iutctl_common.py          123   read                      : Read 5 bytes
2026-09-15 18:32:30,000 BTPWorkerThread-130 (_rx_task) root DEBUG iutctl_common.py          131   read                      : Received: hdr: Header(svc_id=0x00, op=0x02, ctrl_index=0xff, data_len=0x05) bytearray(b'\x00\x02\xff\x05\x00')
2026-09-15 18:32:30,021 BTPWorkerThread-130 (_rx_task) root DEBUG iutctl_common.py          139   read                      : Read 5 bytes data
2026-09-15 18:32:30,031 BTPWorkerThread-130 (_rx_task) root DEBUG iutctl_common.py          154   read                      : Received data: {'0f 00 00 a0 01'}, bytearray(b'\x0f\x00\x00\xa0\x01')
2026-09-15 18:32:30,043 LT1-thread root DEBUG btp.py                    62    read_supp_svcs            : received Header(svc_id=0, op=2, ctrl_index=255, data_len=5) (b'\x0f\x00\x00\xa0\x01',)
2026-09-15 18:32:30,043 LT1-thread root DEBUG testcase.py               254   start                     : Starting test function: class=<class 'autopts.ptsprojects.testcase.TestFunc'>, func=<function core_reg_svc_gap at 0x0000023DD8BEC860> start_wid=None stop_wid=None post_wid=None skip_call=None call_count=6 args=() kwds={}
2026-09-15 18:32:30,043 LT1-thread root DEBUG testcase.py               266   start                     : Test function parameters: args=(), kwds={}
2026-09-15 18:32:30,043 LT1-thread root DEBUG btp.py                    117   core_reg_svc_univ         : core_reg_svc_univ: gap_reg (GAP)
2026-09-15 18:32:30,043 LT1-thread root DEBUG iutctl_common.py          161   send                      : 0 3 255 '1'
2026-09-15 18:32:30,043 LT1-thread root DEBUG iutctl_common.py          166   send                      : sending frame '0003ff010001'
2026-09-15 18:32:30,044 LT1-thread root DEBUG btp.py                    618   core_reg_svc_rsp_succ     : 
2026-09-15 18:32:30,044 LT1-thread root DEBUG iutctl_common.py          339   read                      : 
2026-09-15 18:32:34,172 BTPWorkerThread-130 (_rx_task) root DEBUG iutctl_common.py          123   read                      : Read 5 bytes
2026-09-15 18:32:34,177 BTPWorkerThread-130 (_rx_task) root DEBUG iutctl_common.py          131   read                      : Received: hdr: Header(svc_id=0x00, op=0x03, ctrl_index=0xff, data_len=0x00) bytearray(b'\x00\x03\xff\x00\x00')
2026-09-15 18:32:34,182 BTPWorkerThread-130 (_rx_task) root DEBUG iutctl_common.py          154   read                      : Received data: {''}, bytearray(b'')
2026-09-15 18:32:34,182 LT1-thread root DEBUG btp.py                    629   core_reg_svc_rsp_succ     : received Header(svc_id=0, op=3, ctrl_index=255, data_len=0) (b'',)
2026-09-15 18:32:34,182 LT1-thread root DEBUG btp.py                    630   core_reg_svc_rsp_succ     : expected ((0, 3, 255, 0), (b'',))
2026-09-15 18:32:34,183 LT1-thread root DEBUG btp.py                    635   core_reg_svc_rsp_succ     : response is valid
2026-09-15 18:32:34,183 LT1-thread root DEBUG btp.py                    638   core_reg_svc_rsp_succ     : Reading supported commands for service: GAP
2026-09-15 18:32:34,183 LT1-thread root DEBUG iutctl_common.py          161   send                      : 1 1 255 ''
2026-09-15 18:32:34,183 LT1-thread root DEBUG iutctl_common.py          166   send                      : sending frame '0101ff0000'
2026-09-15 18:32:34,183 LT1-thread root DEBUG iutctl_common.py          339   read                      : 
2026-09-15 18:32:34,216 BTPWorkerThread-130 (_rx_task) root DEBUG iutctl_common.py          123   read                      : Read 5 bytes
2026-09-15 18:32:34,226 BTPWorkerThread-130 (_rx_task) root DEBUG iutctl_common.py          131   read                      : Received: hdr: Header(svc_id=0x01, op=0x01, ctrl_index=0xff, data_len=0x07) bytearray(b'\x01\x01\xff\x07\x00')
2026-09-15 18:32:34,237 BTPWorkerThread-130 (_rx_task) root DEBUG iutctl_common.py          139   read                      : Read 7 bytes data
2026-09-15 18:32:34,248 BTPWorkerThread-130 (_rx_task) root DEBUG iutctl_common.py          154   read                      : Received data: {'6e ff 7f 1f fe ff 0e'}, bytearray(b'n\xff\x7f\x1f\xfe\xff\x0e')
2026-09-15 18:32:34,265 LT1-thread root DEBUG testcase.py               254   start                     : Starting test function: class=<class 'autopts.ptsprojects.testcase.TestFunc'>, func=<bound method Stack.gap_init of <autopts.ptsprojects.stack.stack.Stack object at 0x0000023DD689F830>> start_wid=None stop_wid=None post_wid=None skip_call=None call_count=6 args=(b'Tester_08E44E', 'ABCD', '1111', '1111', '11', '1111', b'\x17github.com/auto-pts', (8, 'PADV_Tester'), 'FF') kwds={}
2026-09-15 18:32:34,265 LT1-thread root DEBUG testcase.py               266   start                     : Test function parameters: args=(b'Tester_08E44E', 'ABCD', '1111', '1111', '11', '1111', b'\x17github.com/auto-pts', (8, 'PADV_Tester'), 'FF'), kwds={}
2026-09-15 18:32:34,265 LT1-thread root DEBUG testcase.py               254   start                     : Starting test function: class=<class 'autopts.ptsprojects.testcase.TestFunc'>, func=<function gap_read_controller_info at 0x0000023DD8C076A0> start_wid=None stop_wid=None post_wid=None skip_call=None call_count=6 args=() kwds={}
2026-09-15 18:32:34,266 LT1-thread root DEBUG testcase.py               266   start                     : Test function parameters: args=(), kwds={}
2026-09-15 18:32:34,266 LT1-thread root DEBUG gap.py                    1161  gap_read_controller_info  : 
2026-09-15 18:32:34,266 LT1-thread root DEBUG iutctl_common.py          161   send                      : 1 3 0 ''
2026-09-15 18:32:34,266 LT1-thread root DEBUG iutctl_common.py          166   send                      : sending frame '0103000000'
2026-09-15 18:32:34,266 LT1-thread root DEBUG iutctl_common.py          339   read                      : 
2026-09-15 18:32:34,308 BTPWorkerThread-130 (_rx_task) root DEBUG iutctl_common.py          123   read                      : Read 5 bytes
2026-09-15 18:32:34,318 BTPWorkerThread-130 (_rx_task) root DEBUG iutctl_common.py          131   read                      : Received: hdr: Header(svc_id=0x01, op=0x03, ctrl_index=0x00, data_len=0x115) bytearray(b'\x01\x03\x00\x15\x01')
2026-09-15 18:32:34,330 BTPWorkerThread-130 (_rx_task) root DEBUG iutctl_common.py          139   read                      : Read 277 bytes data
2026-09-15 18:32:34,341 BTPWorkerThread-130 (_rx_task) root DEBUG iutctl_common.py          154   read                      : Received data: {'19 78 ee 69 17 d0 d3 06 02 00 13 02 00 00 00 00 00 62 74 70 5f 74 65 73 74 65 72 00 00 00 00 00 00 00 00 00 00 00 00 00 00 00 00 00 00 00 00 00 00 00 00 00 00 00 00 00 00 00 00 00 00 00 00 00 00 00 00 00 00 00 00 00 00 00 00 00 00 00 00 00 00 00 00 00 00 00 00 00 00 00 00 00 00 00 00 00 00 00 00 00 00 00 00 00 00 00 00 00 00 00 00 00 00 00 00 00 00 00 00 00 00 00 00 00 00 00 00 00 00 00 00 00 00 00 00 00 00 00 00 00 00 00 00 00 00 00 00 00 00 00 00 00 00 00 00 00 00 00 00 00 00 00 00 00 00 00 00 00 00 00 00 00 00 00 00 00 00 00 00 00 00 00 00 00 00 00 00 00 00 00 00 00 00 00 00 00 00 00 00 00 00 00 00 00 00 00 00 00 00 00 00 00 00 00 00 00 00 00 00 00 00 00 00 00 00 00 00 00 00 00 00 00 00 00 00 00 00 00 00 00 00 00 00 00 00 00 00 00 00 00 00 00 00 00 00 00 00 00 00 00 00 00 00 00 00 00 00 00 00 00 00 00 00 00 00 00 00'}, bytearray(b'\x19x\xeei\x17\xd0\xd3\x06\x02\x00\x13\x02\x00\x00\x00\x00\x00btp_tester\x00\x00\x00\x00\x00\x00\x00\x00\x00\x00\x00\x00\x00\x00\x00\x00\x00\x00\x00\x00\x00\x00\x00\x00\x00\x00\x00\x00\x00\x00\x00\x00\x00\x00\x00\x00\x00\x00\x00\x00\x00\x00\x00\x00\x00\x00\x00\x00\x00\x00\x00\x00\x00\x00\x00\x00\x00\x00\x00\x00\x00\x00\x00\x00\x00\x00\x00\x00\x00\x00\x00\x00\x00\x00\x00\x00\x00\x00\x00\x00\x00\x00\x00\x00\x00\x00\x00\x00\x00\x00\x00\x00\x00\x00\x00\x00\x00\x00\x00\x00\x00\x00\x00\x00\x00\x00\x00\x00\x00\x00\x00\x00\x00\x00\x00\x00\x00\x00\x00\x00\x00\x00\x00\x00\x00\x00\x00\x00\x00\x00\x00\x00\x00\x00\x00\x00\x00\x00\x00\x00\x00\x00\x00\x00\x00\x00\x00\x00\x00\x00\x00\x00\x00\x00\x00\x00\x00\x00\x00\x00\x00\x00\x00\x00\x00\x00\x00\x00\x00\x00\x00\x00\x00\x00\x00\x00\x00\x00\x00\x00\x00\x00\x00\x00\x00\x00\x00\x00\x00\x00\x00\x00\x00\x00\x00\x00\x00\x00\x00\x00\x00\x00\x00\x00\x00\x00\x00\x00\x00\x00\x00\x00\x00\x00\x00\x00\x00\x00\x00\x00\x00\x00\x00\x00\x00\x00\x00\x00\x00\x00\x00\x00\x00\x00\x00\x00\x00\x00\x00\x00\x00\x00\x00\x00\x00\x00\x00\x00\x00\x00')
2026-09-15 18:32:34,352 LT1-thread root DEBUG gap.py                    1168  gap_read_controller_info  : received Header(svc_id=1, op=3, ctrl_index=0, data_len=277) (b'\x19x\xeei\x17\xd0\xd3\x06\x02\x00\x13\x02\x00\x00\x00\x00\x00btp_tester\x00\x00\x00\x00\x00\x00\x00\x00\x00\x00\x00\x00\x00\x00\x00\x00\x00\x00\x00\x00\x00\x00\x00\x00\x00\x00\x00\x00\x00\x00\x00\x00\x00\x00\x00\x00\x00\x00\x00\x00\x00\x00\x00\x00\x00\x00\x00\x00\x00\x00\x00\x00\x00\x00\x00\x00\x00\x00\x00\x00\x00\x00\x00\x00\x00\x00\x00\x00\x00\x00\x00\x00\x00\x00\x00\x00\x00\x00\x00\x00\x00\x00\x00\x00\x00\x00\x00\x00\x00\x00\x00\x00\x00\x00\x00\x00\x00\x00\x00\x00\x00\x00\x00\x00\x00\x00\x00\x00\x00\x00\x00\x00\x00\x00\x00\x00\x00\x00\x00\x00\x00\x00\x00\x00\x00\x00\x00\x00\x00\x00\x00\x00\x00\x00\x00\x00\x00\x00\x00\x00\x00\x00\x00\x00\x00\x00\x00\x00\x00\x00\x00\x00\x00\x00\x00\x00\x00\x00\x00\x00\x00\x00\x00\x00\x00\x00\x00\x00\x00\x00\x00\x00\x00\x00\x00\x00\x00\x00\x00\x00\x00\x00\x00\x00\x00\x00\x00\x00\x00\x00\x00\x00\x00\x00\x00\x00\x00\x00\x00\x00\x00\x00\x00\x00\x00\x00\x00\x00\x00\x00\x00\x00\x00\x00\x00\x00\x00\x00\x00\x00\x00\x00\x00\x00\x00\x00\x00\x00\x00\x00\x00\x00\x00\x00\x00\x00\x00\x00\x00\x00\x00\x00\x00\x00\x00\x00\x00\x00\x00\x00',)
2026-09-15 18:32:34,352 LT1-thread root DEBUG gap.py                    1189  gap_read_controller_info  : IUT address 'd01769ee7819' 'public'
2026-09-15 18:32:34,352 LT1-thread root DEBUG gap.py                    594   __gap_current_settings_update : 531
2026-09-15 18:32:34,353 LT1-thread root DEBUG testcase.py               254   start                     : Starting test function: class=<class 'autopts.ptsprojects.testcase.TestFunc'>, func=<function test_cases.<locals>.<lambda> at 0x0000023DDC020C20> start_wid=None stop_wid=None post_wid=None skip_call=None call_count=6 args=() kwds={}
2026-09-15 18:32:34,353 LT1-thread root DEBUG testcase.py               266   start                     : Test function parameters: args=(), kwds={}
2026-09-15 18:32:34,363 LT1-thread root DEBUG testcase.py               254   start                     : Starting test function: class=<class 'autopts.ptsprojects.testcase.TestFunc'>, func=<function test_cases.<locals>.<lambda> at 0x0000023DDC020B80> start_wid=None stop_wid=None post_wid=None skip_call=None call_count=6 args=() kwds={}
2026-09-15 18:32:34,364 LT1-thread root DEBUG testcase.py               266   start                     : Test function parameters: args=(), kwds={}
2026-09-15 18:32:34,378 LT1-thread root DEBUG testcase.py               254   start                     : Starting test function: class=<class 'autopts.ptsprojects.testcase.TestFunc'>, func=<function test_cases.<locals>.<lambda> at 0x0000023DDC020CC0> start_wid=None stop_wid=None post_wid=None skip_call=None call_count=6 args=() kwds={}
2026-09-15 18:32:34,378 LT1-thread root DEBUG testcase.py               266   start                     : Test function parameters: args=(), kwds={}
2026-09-15 18:32:34,391 LT1-thread root DEBUG testcase.py               254   start                     : Starting test function: class=<class 'autopts.ptsprojects.testcase.TestFunc'>, func=<function test_cases.<locals>.<lambda> at 0x0000023DDC020D60> start_wid=None stop_wid=None post_wid=None skip_call=None call_count=6 args=() kwds={}
2026-09-15 18:32:34,392 LT1-thread root DEBUG testcase.py               266   start                     : Test function parameters: args=(), kwds={}
2026-09-15 18:32:34,405 LT1-thread root DEBUG testcase.py               254   start                     : Starting test function: class=<class 'autopts.ptsprojects.testcase.TestFunc'>, func=<function test_cases.<locals>.<lambda> at 0x0000023DDC020E00> start_wid=None stop_wid=None post_wid=None skip_call=None call_count=6 args=() kwds={}
2026-09-15 18:32:34,405 LT1-thread root DEBUG testcase.py               266   start                     : Test function parameters: args=(), kwds={}
2026-09-15 18:32:34,421 LT1-thread root DEBUG testcase.py               254   start                     : Starting test function: class=<class 'autopts.ptsprojects.testcase.TestFunc'>, func=<function test_cases.<locals>.<lambda> at 0x0000023DDC020EA0> start_wid=None stop_wid=None post_wid=None skip_call=None call_count=6 args=() kwds={}
2026-09-15 18:32:34,421 LT1-thread root DEBUG testcase.py               266   start                     : Test function parameters: args=(), kwds={}
2026-09-15 18:32:34,432 LT1-thread root DEBUG testcase.py               254   start                     : Starting test function: class=<class 'autopts.ptsprojects.testcase.TestFunc'>, func=<function test_cases.<locals>.<lambda> at 0x0000023DDC020F40> start_wid=None stop_wid=None post_wid=None skip_call=None call_count=6 args=() kwds={}
2026-09-15 18:32:34,432 LT1-thread root DEBUG testcase.py               266   start                     : Test function parameters: args=(), kwds={}
2026-09-15 18:32:34,444 LT1-thread root DEBUG testcase.py               254   start                     : Starting test function: class=<class 'autopts.ptsprojects.testcase.TestFunc'>, func=<function test_cases.<locals>.<lambda> at 0x0000023DDC020FE0> start_wid=None stop_wid=None post_wid=None skip_call=None call_count=6 args=() kwds={}
2026-09-15 18:32:34,445 LT1-thread root DEBUG testcase.py               266   start                     : Test function parameters: args=(), kwds={}
2026-09-15 18:32:34,456 LT1-thread root DEBUG testcase.py               254   start                     : Starting test function: class=<class 'autopts.ptsprojects.testcase.TestFunc'>, func=<function test_cases.<locals>.<lambda> at 0x0000023DDC021080> start_wid=None stop_wid=None post_wid=None skip_call=None call_count=6 args=() kwds={}
2026-09-15 18:32:34,456 LT1-thread root DEBUG testcase.py               266   start                     : Test function parameters: args=(), kwds={}
2026-09-15 18:32:34,466 LT1-thread root DEBUG testcase.py               254   start                     : Starting test function: class=<class 'autopts.ptsprojects.testcase.TestFunc'>, func=<function test_cases.<locals>.<lambda> at 0x0000023DDC021120> start_wid=None stop_wid=None post_wid=None skip_call=None call_count=6 args=() kwds={}
2026-09-15 18:32:34,467 LT1-thread root DEBUG testcase.py               266   start                     : Test function parameters: args=(), kwds={}
2026-09-15 18:32:34,481 LT1-thread root DEBUG testcase.py               254   start                     : Starting test function: class=<class 'autopts.ptsprojects.testcase.TestFunc'>, func=<function core_reg_svc_gatt at 0x0000023DD8BEC9A0> start_wid=None stop_wid=None post_wid=None skip_call=None call_count=6 args=() kwds={}
2026-09-15 18:32:34,481 LT1-thread root DEBUG testcase.py               266   start                     : Test function parameters: args=(), kwds={}
2026-09-15 18:32:34,481 LT1-thread root DEBUG btp.py                    117   core_reg_svc_univ         : core_reg_svc_univ: gatt_reg (GATT)
2026-09-15 18:32:34,481 LT1-thread root DEBUG iutctl_common.py          161   send                      : 0 3 255 '2'
2026-09-15 18:32:34,481 LT1-thread root DEBUG iutctl_common.py          166   send                      : sending frame '0003ff010002'
2026-09-15 18:32:34,481 LT1-thread root DEBUG btp.py                    618   core_reg_svc_rsp_succ     : 
2026-09-15 18:32:34,482 LT1-thread root DEBUG iutctl_common.py          339   read                      : 
2026-09-15 18:32:34,517 BTPWorkerThread-130 (_rx_task) root DEBUG iutctl_common.py          123   read                      : Read 5 bytes
2026-09-15 18:32:34,529 BTPWorkerThread-130 (_rx_task) root DEBUG iutctl_common.py          131   read                      : Received: hdr: Header(svc_id=0x00, op=0x03, ctrl_index=0xff, data_len=0x00) bytearray(b'\x00\x03\xff\x00\x00')
2026-09-15 18:32:34,540 BTPWorkerThread-130 (_rx_task) root DEBUG iutctl_common.py          154   read                      : Received data: {''}, bytearray(b'')
2026-09-15 18:32:34,557 LT1-thread root DEBUG btp.py                    629   core_reg_svc_rsp_succ     : received Header(svc_id=0, op=3, ctrl_index=255, data_len=0) (b'',)
2026-09-15 18:32:34,557 LT1-thread root DEBUG btp.py                    630   core_reg_svc_rsp_succ     : expected ((0, 3, 255, 0), (b'',))
2026-09-15 18:32:34,557 LT1-thread root DEBUG btp.py                    635   core_reg_svc_rsp_succ     : response is valid
2026-09-15 18:32:34,557 LT1-thread root DEBUG btp.py                    638   core_reg_svc_rsp_succ     : Reading supported commands for service: GATT
2026-09-15 18:32:34,558 LT1-thread root DEBUG iutctl_common.py          161   send                      : 2 1 255 ''
2026-09-15 18:32:34,558 LT1-thread root DEBUG iutctl_common.py          166   send                      : sending frame '0201ff0000'
2026-09-15 18:32:34,558 LT1-thread root DEBUG iutctl_common.py          339   read                      : 
2026-09-15 18:32:34,588 BTPWorkerThread-130 (_rx_task) root DEBUG iutctl_common.py          123   read                      : Read 5 bytes
2026-09-15 18:32:34,600 BTPWorkerThread-130 (_rx_task) root DEBUG iutctl_common.py          131   read                      : Received: hdr: Header(svc_id=0x02, op=0x01, ctrl_index=0xff, data_len=0x05) bytearray(b'\x02\x01\xff\x05\x00')
2026-09-15 18:32:34,605 BTPWorkerThread-130 (_rx_task) root DEBUG iutctl_common.py          139   read                      : Read 5 bytes data
2026-09-15 18:32:34,615 BTPWorkerThread-130 (_rx_task) root DEBUG iutctl_common.py          154   read                      : Received data: {'fe fe bf fd 0f'}, bytearray(b'\xfe\xfe\xbf\xfd\x0f')
2026-09-15 18:32:34,632 LT1-thread root DEBUG testcase.py               254   start                     : Starting test function: class=<class 'autopts.ptsprojects.testcase.TestFunc'>, func=<bound method Stack.gatt_init of <autopts.ptsprojects.stack.stack.Stack object at 0x0000023DD689F830>> start_wid=None stop_wid=None post_wid=None skip_call=None call_count=6 args=() kwds={}
2026-09-15 18:32:34,632 LT1-thread root DEBUG testcase.py               266   start                     : Test function parameters: args=(), kwds={}
2026-09-15 18:32:34,632 LT1-thread root DEBUG testcase.py               254   start                     : Starting test function: class=<class 'autopts.ptsprojects.testcase.TestFunc'>, func=<function gap_set_io_capability at 0x0000023DD8C06B60> start_wid=None stop_wid=None post_wid=None skip_call=None call_count=6 args=(4,) kwds={}
2026-09-15 18:32:34,632 LT1-thread root DEBUG testcase.py               266   start                     : Test function parameters: args=(4,), kwds={}
2026-09-15 18:32:34,633 LT1-thread root DEBUG gap.py                    859   gap_set_io_capability     : 4
2026-09-15 18:32:34,633 LT1-thread root DEBUG iutctl_common.py          161   send                      : 1 16 0 '\x04'
2026-09-15 18:32:34,633 LT1-thread root DEBUG iutctl_common.py          166   send                      : sending frame '011000010004'
2026-09-15 18:32:34,633 LT1-thread root DEBUG gap.py                    1227  gap_command_rsp_succ      : 
2026-09-15 18:32:34,633 LT1-thread root DEBUG iutctl_common.py          339   read                      : 
2026-09-15 18:32:34,665 BTPWorkerThread-130 (_rx_task) root DEBUG iutctl_common.py          123   read                      : Read 5 bytes
2026-09-15 18:32:34,681 BTPWorkerThread-130 (_rx_task) root DEBUG iutctl_common.py          131   read                      : Received: hdr: Header(svc_id=0x01, op=0x10, ctrl_index=0x00, data_len=0x00) bytearray(b'\x01\x10\x00\x00\x00')
2026-09-15 18:32:34,681 BTPWorkerThread-130 (_rx_task) root DEBUG iutctl_common.py          154   read                      : Received data: {''}, bytearray(b'')
2026-09-15 18:32:34,686 LT1-thread root DEBUG gap.py                    1232  gap_command_rsp_succ      : received Header(svc_id=1, op=16, ctrl_index=0, data_len=0) (b'',)
2026-09-15 18:32:34,686 LT1-thread root DEBUG testcase.py               254   start                     : Starting test function: class=<class 'autopts.ptsprojects.testcase.TestFunc'>, func=<function gap_set_broadcast_code at 0x0000023DD8C2CD60> start_wid=None stop_wid=None post_wid=None skip_call=None call_count=6 args=('0102680553F1415AA265BBAFC6EA03B8',) kwds={}
2026-09-15 18:32:34,687 LT1-thread root DEBUG testcase.py               266   start                     : Test function parameters: args=('0102680553F1415AA265BBAFC6EA03B8',), kwds={}
2026-09-15 18:32:34,687 LT1-thread root DEBUG gap.py                    1889  gap_set_broadcast_code    : '0102680553F1415AA265BBAFC6EA03B8'
2026-09-15 18:32:34,687 LT1-thread root DEBUG testcase.py               254   start                     : Starting test function: class=<class 'autopts.ptsprojects.testcase.TestFunc'>, func=<function set_pts_addr at 0x0000023DD8BEC400> start_wid=None stop_wid=None post_wid=None skip_call=None call_count=6 args=('00:1B:DC:08:E4:4E', 0) kwds={}
2026-09-15 18:32:34,688 LT1-thread root DEBUG testcase.py               266   start                     : Test function parameters: args=('00:1B:DC:08:E4:4E', 0), kwds={}
2026-09-15 18:32:34,688 LT1-thread root DEBUG testcase.py               254   start                     : Starting test function: class=<class 'autopts.ptsprojects.testcase.TestFunc'>, func=<function gatts_add_svc at 0x0000023DD8C3A3E0> start_wid=None stop_wid=None post_wid=None skip_call=None call_count=6 args=(0, 'AA51') kwds={}
2026-09-15 18:32:34,688 LT1-thread root DEBUG testcase.py               266   start                     : Test function parameters: args=(0, 'AA51'), kwds={}
2026-09-15 18:32:34,688 LT1-thread root DEBUG gatt.py                   143   gatts_add_svc             : 0 'AA51'
2026-09-15 18:32:34,689 LT1-thread root DEBUG iutctl_common.py          161   send                      : 2 2 0 "bytearray(b'\\x00\\x02Q\\xaa')"
2026-09-15 18:32:34,689 LT1-thread root DEBUG iutctl_common.py          166   send                      : sending frame '0202000400000251aa'
2026-09-15 18:32:34,689 LT1-thread root DEBUG gatt.py                   1190  gatt_command_rsp_succ     : 
2026-09-15 18:32:34,689 LT1-thread root DEBUG iutctl_common.py          339   read                      : 
2026-09-15 18:32:34,720 BTPWorkerThread-130 (_rx_task) root DEBUG iutctl_common.py          123   read                      : Read 5 bytes
2026-09-15 18:32:34,731 BTPWorkerThread-130 (_rx_task) root DEBUG iutctl_common.py          131   read                      : Received: hdr: Header(svc_id=0x02, op=0x02, ctrl_index=0x00, data_len=0x02) bytearray(b'\x02\x02\x00\x02\x00')
2026-09-15 18:32:34,742 BTPWorkerThread-130 (_rx_task) root DEBUG iutctl_common.py          139   read                      : Read 2 bytes data
2026-09-15 18:32:34,752 BTPWorkerThread-130 (_rx_task) root DEBUG iutctl_common.py          154   read                      : Received data: {'00 00'}, bytearray(b'\x00\x00')
2026-09-15 18:32:34,768 LT1-thread root DEBUG gatt.py                   1195  gatt_command_rsp_succ     : received Header(svc_id=2, op=2, ctrl_index=0, data_len=2) (b'\x00\x00',)
2026-09-15 18:32:34,768 LT1-thread root DEBUG testcase.py               254   start                     : Starting test function: class=<class 'autopts.ptsprojects.testcase.TestFunc'>, func=<function gatts_add_char at 0x0000023DD8C3A520> start_wid=None stop_wid=None post_wid=None skip_call=None call_count=6 args=(0, 2, 17, 'AA52') kwds={}
2026-09-15 18:32:34,768 LT1-thread root DEBUG testcase.py               266   start                     : Test function parameters: args=(0, 2, 17, 'AA52'), kwds={}
2026-09-15 18:32:34,768 LT1-thread root DEBUG gatt.py                   177   gatts_add_char            : 0 2 17 'AA52'
2026-09-15 18:32:34,768 LT1-thread root DEBUG iutctl_common.py          161   send                      : 2 3 0 "bytearray(b'\\x00\\x00\\x02\\x11\\x02R\\xaa')"
2026-09-15 18:32:34,769 LT1-thread root DEBUG iutctl_common.py          166   send                      : sending frame '0203000700000002110252aa'
2026-09-15 18:32:34,769 LT1-thread root DEBUG gatt.py                   1190  gatt_command_rsp_succ     : 
2026-09-15 18:32:34,769 LT1-thread root DEBUG iutctl_common.py          339   read                      : 
2026-09-15 18:32:34,812 BTPWorkerThread-130 (_rx_task) root DEBUG iutctl_common.py          123   read                      : Read 5 bytes
2026-09-15 18:32:34,824 BTPWorkerThread-130 (_rx_task) root DEBUG iutctl_common.py          131   read                      : Received: hdr: Header(svc_id=0x02, op=0x03, ctrl_index=0x00, data_len=0x02) bytearray(b'\x02\x03\x00\x02\x00')
2026-09-15 18:32:34,829 BTPWorkerThread-130 (_rx_task) root DEBUG iutctl_common.py          139   read                      : Read 2 bytes data
2026-09-15 18:32:34,829 BTPWorkerThread-130 (_rx_task) root DEBUG iutctl_common.py          154   read                      : Received data: {'00 00'}, bytearray(b'\x00\x00')
2026-09-15 18:32:34,835 LT1-thread root DEBUG gatt.py                   1195  gatt_command_rsp_succ     : received Header(svc_id=2, op=3, ctrl_index=0, data_len=2) (b'\x00\x00',)
2026-09-15 18:32:34,835 LT1-thread root DEBUG testcase.py               254   start                     : Starting test function: class=<class 'autopts.ptsprojects.testcase.TestFunc'>, func=<function gatts_set_val at 0x0000023DD8C3A5C0> start_wid=None stop_wid=None post_wid=None skip_call=None call_count=6 args=(0, '01') kwds={}
2026-09-15 18:32:34,835 LT1-thread root DEBUG testcase.py               266   start                     : Test function parameters: args=(0, '01'), kwds={}
2026-09-15 18:32:34,835 LT1-thread root DEBUG gatt.py                   209   gatts_set_val             : 0 '01' 
2026-09-15 18:32:34,836 LT1-thread root DEBUG iutctl_common.py          161   send                      : 2 6 0 "bytearray(b'\\x00\\x00\\x01\\x00\\x01')"
2026-09-15 18:32:34,836 LT1-thread root DEBUG iutctl_common.py          166   send                      : sending frame '02060005000000010001'
2026-09-15 18:32:34,836 LT1-thread root DEBUG gatt.py                   1190  gatt_command_rsp_succ     : 
2026-09-15 18:32:34,836 LT1-thread root DEBUG iutctl_common.py          339   read                      : 
2026-09-15 18:32:34,878 BTPWorkerThread-130 (_rx_task) root DEBUG iutctl_common.py          123   read                      : Read 5 bytes
2026-09-15 18:32:34,890 BTPWorkerThread-130 (_rx_task) root DEBUG iutctl_common.py          131   read                      : Received: hdr: Header(svc_id=0x02, op=0x06, ctrl_index=0x00, data_len=0x00) bytearray(b'\x02\x06\x00\x00\x00')
2026-09-15 18:32:34,895 BTPWorkerThread-130 (_rx_task) root DEBUG iutctl_common.py          154   read                      : Received data: {''}, bytearray(b'')
2026-09-15 18:32:34,906 LT1-thread root DEBUG gatt.py                   1195  gatt_command_rsp_succ     : received Header(svc_id=2, op=6, ctrl_index=0, data_len=0) (b'',)
2026-09-15 18:32:34,906 LT1-thread root DEBUG testcase.py               254   start                     : Starting test function: class=<class 'autopts.ptsprojects.testcase.TestFunc'>, func=<function gatts_add_char at 0x0000023DD8C3A520> start_wid=None stop_wid=None post_wid=None skip_call=None call_count=6 args=(0, 2, 5, 'AA53') kwds={}
2026-09-15 18:32:34,907 LT1-thread root DEBUG testcase.py               266   start                     : Test function parameters: args=(0, 2, 5, 'AA53'), kwds={}
2026-09-15 18:32:34,907 LT1-thread root DEBUG gatt.py                   177   gatts_add_char            : 0 2 5 'AA53'
2026-09-15 18:32:34,907 LT1-thread root DEBUG iutctl_common.py          161   send                      : 2 3 0 "bytearray(b'\\x00\\x00\\x02\\x05\\x02S\\xaa')"
2026-09-15 18:32:34,907 LT1-thread root DEBUG iutctl_common.py          166   send                      : sending frame '0203000700000002050253aa'
2026-09-15 18:32:34,908 LT1-thread root DEBUG gatt.py                   1190  gatt_command_rsp_succ     : 
2026-09-15 18:32:34,908 LT1-thread root DEBUG iutctl_common.py          339   read                      : 
2026-09-15 18:32:34,936 BTPWorkerThread-130 (_rx_task) root DEBUG iutctl_common.py          123   read                      : Read 5 bytes
2026-09-15 18:32:34,947 BTPWorkerThread-130 (_rx_task) root DEBUG iutctl_common.py          131   read                      : Received: hdr: Header(svc_id=0x02, op=0x03, ctrl_index=0x00, data_len=0x02) bytearray(b'\x02\x03\x00\x02\x00')
2026-09-15 18:32:34,959 BTPWorkerThread-130 (_rx_task) root DEBUG iutctl_common.py          139   read                      : Read 2 bytes data
2026-09-15 18:32:34,965 BTPWorkerThread-130 (_rx_task) root DEBUG iutctl_common.py          154   read                      : Received data: {'00 00'}, bytearray(b'\x00\x00')
2026-09-15 18:32:34,965 LT1-thread root DEBUG gatt.py                   1195  gatt_command_rsp_succ     : received Header(svc_id=2, op=3, ctrl_index=0, data_len=2) (b'\x00\x00',)
2026-09-15 18:32:34,965 LT1-thread root DEBUG testcase.py               254   start                     : Starting test function: class=<class 'autopts.ptsprojects.testcase.TestFunc'>, func=<function gatts_set_val at 0x0000023DD8C3A5C0> start_wid=None stop_wid=None post_wid=None skip_call=None call_count=6 args=(0, '02') kwds={}
2026-09-15 18:32:34,965 LT1-thread root DEBUG testcase.py               266   start                     : Test function parameters: args=(0, '02'), kwds={}
2026-09-15 18:32:34,965 LT1-thread root DEBUG gatt.py                   209   gatts_set_val             : 0 '02' 
2026-09-15 18:32:34,965 LT1-thread root DEBUG iutctl_common.py          161   send                      : 2 6 0 "bytearray(b'\\x00\\x00\\x01\\x00\\x02')"
2026-09-15 18:32:34,965 LT1-thread root DEBUG iutctl_common.py          166   send                      : sending frame '02060005000000010002'
2026-09-15 18:32:34,965 LT1-thread root DEBUG gatt.py                   1190  gatt_command_rsp_succ     : 
2026-09-15 18:32:34,965 LT1-thread root DEBUG iutctl_common.py          339   read                      : 
2026-09-15 18:32:35,003 BTPWorkerThread-130 (_rx_task) root DEBUG iutctl_common.py          123   read                      : Read 5 bytes
2026-09-15 18:32:35,015 BTPWorkerThread-130 (_rx_task) root DEBUG iutctl_common.py          131   read                      : Received: hdr: Header(svc_id=0x02, op=0x06, ctrl_index=0x00, data_len=0x00) bytearray(b'\x02\x06\x00\x00\x00')
2026-09-15 18:32:35,021 BTPWorkerThread-130 (_rx_task) root DEBUG iutctl_common.py          154   read                      : Received data: {''}, bytearray(b'')
2026-09-15 18:32:35,033 LT1-thread root DEBUG gatt.py                   1195  gatt_command_rsp_succ     : received Header(svc_id=2, op=6, ctrl_index=0, data_len=0) (b'',)
2026-09-15 18:32:35,033 LT1-thread root DEBUG testcase.py               254   start                     : Starting test function: class=<class 'autopts.ptsprojects.testcase.TestFunc'>, func=<function gatts_add_char at 0x0000023DD8C3A520> start_wid=None stop_wid=None post_wid=None skip_call=None call_count=6 args=(0, 10, 48, 'AA55') kwds={}
2026-09-15 18:32:35,034 LT1-thread root DEBUG testcase.py               266   start                     : Test function parameters: args=(0, 10, 48, 'AA55'), kwds={}
2026-09-15 18:32:35,034 LT1-thread root DEBUG gatt.py                   177   gatts_add_char            : 0 10 48 'AA55'
2026-09-15 18:32:35,034 LT1-thread root DEBUG iutctl_common.py          161   send                      : 2 3 0 "bytearray(b'\\x00\\x00\\n0\\x02U\\xaa')"
2026-09-15 18:32:35,034 LT1-thread root DEBUG iutctl_common.py          166   send                      : sending frame '020300070000000a300255aa'
2026-09-15 18:32:35,034 LT1-thread root DEBUG gatt.py                   1190  gatt_command_rsp_succ     : 
2026-09-15 18:32:35,034 LT1-thread root DEBUG iutctl_common.py          339   read                      : 
2026-09-15 18:32:35,069 BTPWorkerThread-130 (_rx_task) root DEBUG iutctl_common.py          123   read                      : Read 5 bytes
2026-09-15 18:32:35,074 BTPWorkerThread-130 (_rx_task) root DEBUG iutctl_common.py          131   read                      : Received: hdr: Header(svc_id=0x02, op=0x03, ctrl_index=0x00, data_len=0x02) bytearray(b'\x02\x03\x00\x02\x00')
2026-09-15 18:32:35,091 BTPWorkerThread-130 (_rx_task) root DEBUG iutctl_common.py          139   read                      : Read 2 bytes data
2026-09-15 18:32:35,102 BTPWorkerThread-130 (_rx_task) root DEBUG iutctl_common.py          154   read                      : Received data: {'00 00'}, bytearray(b'\x00\x00')
2026-09-15 18:32:35,118 LT1-thread root DEBUG gatt.py                   1195  gatt_command_rsp_succ     : received Header(svc_id=2, op=3, ctrl_index=0, data_len=2) (b'\x00\x00',)
2026-09-15 18:32:35,118 LT1-thread root DEBUG testcase.py               254   start                     : Starting test function: class=<class 'autopts.ptsprojects.testcase.TestFunc'>, func=<function gatts_set_val at 0x0000023DD8C3A5C0> start_wid=None stop_wid=None post_wid=None skip_call=None call_count=6 args=(0, '04') kwds={}
2026-09-15 18:32:35,118 LT1-thread root DEBUG testcase.py               266   start                     : Test function parameters: args=(0, '04'), kwds={}
2026-09-15 18:32:35,119 LT1-thread root DEBUG gatt.py                   209   gatts_set_val             : 0 '04' 
2026-09-15 18:32:35,119 LT1-thread root DEBUG iutctl_common.py          161   send                      : 2 6 0 "bytearray(b'\\x00\\x00\\x01\\x00\\x04')"
2026-09-15 18:32:35,119 LT1-thread root DEBUG iutctl_common.py          166   send                      : sending frame '02060005000000010004'
2026-09-15 18:32:35,119 LT1-thread root DEBUG gatt.py                   1190  gatt_command_rsp_succ     : 
2026-09-15 18:32:35,119 LT1-thread root DEBUG iutctl_common.py          339   read                      : 
2026-09-15 18:32:35,162 BTPWorkerThread-130 (_rx_task) root DEBUG iutctl_common.py          123   read                      : Read 5 bytes
2026-09-15 18:32:35,172 BTPWorkerThread-130 (_rx_task) root DEBUG iutctl_common.py          131   read                      : Received: hdr: Header(svc_id=0x02, op=0x06, ctrl_index=0x00, data_len=0x00) bytearray(b'\x02\x06\x00\x00\x00')
2026-09-15 18:32:35,178 BTPWorkerThread-130 (_rx_task) root DEBUG iutctl_common.py          154   read                      : Received data: {''}, bytearray(b'')
2026-09-15 18:32:35,189 LT1-thread root DEBUG gatt.py                   1195  gatt_command_rsp_succ     : received Header(svc_id=2, op=6, ctrl_index=0, data_len=0) (b'',)
2026-09-15 18:32:35,189 LT1-thread root DEBUG testcase.py               254   start                     : Starting test function: class=<class 'autopts.ptsprojects.testcase.TestFunc'>, func=<function gatts_start_server at 0x0000023DD8C3A840> start_wid=None stop_wid=None post_wid=None skip_call=None call_count=6 args=() kwds={}
2026-09-15 18:32:35,189 LT1-thread root DEBUG testcase.py               266   start                     : Test function parameters: args=(), kwds={}
2026-09-15 18:32:35,189 LT1-thread root DEBUG gatt.py                   306   gatts_start_server        : 
2026-09-15 18:32:35,190 LT1-thread root DEBUG iutctl_common.py          161   send                      : 2 7 0 ''
2026-09-15 18:32:35,190 LT1-thread root DEBUG iutctl_common.py          166   send                      : sending frame '0207000000'
2026-09-15 18:32:35,190 LT1-thread root DEBUG gatt.py                   1190  gatt_command_rsp_succ     : 
2026-09-15 18:32:35,190 LT1-thread root DEBUG iutctl_common.py          339   read                      : 
2026-09-15 18:32:35,225 BTPWorkerThread-130 (_rx_task) root DEBUG iutctl_common.py          123   read                      : Read 5 bytes
2026-09-15 18:32:35,237 BTPWorkerThread-130 (_rx_task) root DEBUG iutctl_common.py          131   read                      : Received: hdr: Header(svc_id=0x02, op=0x07, ctrl_index=0x00, data_len=0x03) bytearray(b'\x02\x07\x00\x03\x00')
2026-09-15 18:32:35,247 BTPWorkerThread-130 (_rx_task) root DEBUG iutctl_common.py          139   read                      : Read 3 bytes data
2026-09-15 18:32:35,258 BTPWorkerThread-130 (_rx_task) root DEBUG iutctl_common.py          154   read                      : Received data: {'00 00 00'}, bytearray(b'\x00\x00\x00')
2026-09-15 18:32:35,263 LT1-thread root DEBUG gatt.py                   1195  gatt_command_rsp_succ     : received Header(svc_id=2, op=7, ctrl_index=0, data_len=3) (b'\x00\x00\x00',)
2026-09-15 18:32:35,264 LT1-thread root DEBUG client.py                 276   get_result                : ClientCallback.get_result run_test_case
2026-09-15 18:32:42,879 LT1-callback ClientCallback.on_implicit_send INFO client.py                 223   on_implicit_send          : 
    ********************
    BEGIN OnImplicitSend:
    project_name: GAP
    wid: 5
    test_case_name: GAP/DISC/NONM/BV-01-C
    description: Please prepare IUT into non-discoverable and non-connectable mode and send an advertising report.
    style: MMI_Style_Ok_Cancel2 0x11141
2026-09-15 18:32:42,879 LT1-callback ClientCallback.on_implicit_send INFO client.py                 236   on_implicit_send          : Calling test cases on_implicit_send
2026-09-15 18:32:42,879 LT1-callback ClientCallback.on_implicit_send INFO client.py                 249   on_implicit_send          : 
    on_implicit_send returned response: WAIT
    END OnImplicitSend
    ********************
2026-09-15 18:32:43,270 LT1-thread root DEBUG testcase.py               679   run_wid                   : GAP GAP/DISC/NONM/BV-01-C on_implicit_send
2026-09-15 18:32:43,270 LT1-thread root DEBUG gap_wid.py                26    gap_wid_hdl               : gap_wid_hdl, 5, Please prepare IUT into non-discoverable and non-connectable mode and send an advertising report., GAP/DISC/NONM/BV-01-C
2026-09-15 18:32:43,270 LT1-thread root DEBUG gap.py                    999   gap_set_non_connectable   : 
2026-09-15 18:32:43,270 LT1-thread root DEBUG iutctl_common.py          161   send                      : 1 6 0 '0'
2026-09-15 18:32:43,270 LT1-thread root DEBUG iutctl_common.py          166   send                      : sending frame '010600010000'
2026-09-15 18:32:43,271 LT1-thread root DEBUG gap.py                    1227  gap_command_rsp_succ      : 
2026-09-15 18:32:43,271 LT1-thread root DEBUG iutctl_common.py          339   read                      : 
2026-09-15 18:32:43,308 BTPWorkerThread-130 (_rx_task) root DEBUG iutctl_common.py          123   read                      : Read 5 bytes
2026-09-15 18:32:43,319 BTPWorkerThread-130 (_rx_task) root DEBUG iutctl_common.py          131   read                      : Received: hdr: Header(svc_id=0x01, op=0x06, ctrl_index=0x00, data_len=0x04) bytearray(b'\x01\x06\x00\x04\x00')
2026-09-15 18:32:43,330 BTPWorkerThread-130 (_rx_task) root DEBUG iutctl_common.py          139   read                      : Read 4 bytes data
2026-09-15 18:32:43,341 BTPWorkerThread-130 (_rx_task) root DEBUG iutctl_common.py          154   read                      : Received data: {'11 02 00 00'}, bytearray(b'\x11\x02\x00\x00')
2026-09-15 18:32:43,351 LT1-thread root DEBUG gap.py                    1232  gap_command_rsp_succ      : received Header(svc_id=1, op=6, ctrl_index=0, data_len=4) (b'\x11\x02\x00\x00',)
2026-09-15 18:32:43,351 LT1-thread root DEBUG gap.py                    594   __gap_current_settings_update : (b'\x11\x02\x00\x00',)
2026-09-15 18:32:43,351 LT1-thread root DEBUG gap.py                    1016  gap_set_non_discoverable  : 
2026-09-15 18:32:43,351 LT1-thread root DEBUG gap.py                    648   gap_start_advertising     : {9: b'Tester_08E44E'} {255: 'ABCD'}
2026-09-15 18:32:43,352 LT1-thread root DEBUG iutctl_common.py          161   send                      : 1 10 0 "bytearray(b'\\x0f\\x04\\t\\rTester_08E44E\\xff\\x02\\xab\\xcd\\xff\\xff\\xff\\xff\\x00')"
2026-09-15 18:32:43,352 LT1-thread root DEBUG iutctl_common.py          166   send                      : sending frame '010a001a000f04090d5465737465725f303845343445ff02abcdffffffff00'
2026-09-15 18:32:43,352 LT1-thread root DEBUG gap.py                    1227  gap_command_rsp_succ      : 
2026-09-15 18:32:43,352 LT1-thread root DEBUG iutctl_common.py          339   read                      : 
2026-09-15 18:32:43,384 BTPWorkerThread-130 (_rx_task) root DEBUG iutctl_common.py          123   read                      : Read 5 bytes
2026-09-15 18:32:43,395 BTPWorkerThread-130 (_rx_task) root DEBUG iutctl_common.py          131   read                      : Received: hdr: Header(svc_id=0x01, op=0x0a, ctrl_index=0x00, data_len=0x04) bytearray(b'\x01\n\x00\x04\x00')
2026-09-15 18:32:43,401 BTPWorkerThread-130 (_rx_task) root DEBUG iutctl_common.py          139   read                      : Read 4 bytes data
2026-09-15 18:32:43,412 BTPWorkerThread-130 (_rx_task) root DEBUG iutctl_common.py          154   read                      : Received data: {'11 06 00 00'}, bytearray(b'\x11\x06\x00\x00')
2026-09-15 18:32:43,423 LT1-thread root DEBUG gap.py                    1232  gap_command_rsp_succ      : received Header(svc_id=1, op=10, ctrl_index=0, data_len=4) (b'\x11\x06\x00\x00',)
2026-09-15 18:32:43,423 LT1-thread root DEBUG gap.py                    594   __gap_current_settings_update : (b'\x11\x06\x00\x00',)
2026-09-15 18:32:43,423 LT1-thread root DEBUG testcase.py               722   run_wid                   : Sending response 'OK' to wid 5 test case GAP/DISC/NONM/BV-01-C
2026-09-15 18:32:43,425 LT1-thread root DEBUG client.py                 276   get_result                : ClientCallback.get_result run_test_case
2026-09-15 18:32:46,306 LT1-callback ClientCallback.log INFO client.py                 200   log                       : PTS_LOGTYPE_START_TEST Start Test Case 

+156 ms
 GAP/DISC/NONM/BV-01-C GAP/DISC/NONM/BV-01-C

2026-09-15 18:32:46,528 LT1-callback ClientCallback.log INFO client.py                 200   log                       : PTS_LOGTYPE_FINAL_VERDICT Final Verdict 

+7765 ms
 GAP/DISC/NONM/BV-01-C PASS

2026-09-15 18:32:46,535 LT1-callback ClientCallback.log INFO client.py                 200   log                       : PTS_LOGTYPE_FINAL_VERDICT Encrypted Verdict 

+7765 ms
 GAP/DISC/NONM/BV-01-C A1#ZWY4MzQ5MDg3MmQwNTIxOGQzMzQ5YjY2ODA5M2MzNjQ5ZDY4NmY0Yjc2MzIzM2VkNTUyNTFhNGU4Mjg1MjI0NA==#mc40YmE11kOkFHTMTsa8VarI2u+xMyebrIMT0M3i2DuaOr1pXy/eSF1M8l2OpmQs

2026-09-15 18:32:46,610 LT1-callback ClientCallback.log INFO client.py                 200   log                       : PTS_LOGTYPE_END_TEST Test Case Ended 

+7765 ms
 GAP/DISC/NONM/BV-01-C GAP/DISC/NONM/BV-01-C

2026-09-15 18:32:46,780 LT1-callback root DEBUG client.py                 261   set_result                : ClientCallback, set_result, run_test_case, PASS
2026-09-15 18:32:46,781 LT1-thread root DEBUG client.py                 1186  _run_test_case            : After run_test_case error_code=0 status='PASS'
2026-09-15 18:32:46,781 LT1-thread root DEBUG testcase.py               766   post_run                  : post_run GAP GAP/DISC/NONM/BV-01-C 0
2026-09-15 18:32:46,781 LT1-thread root DEBUG testcase.py               254   start                     : Starting test function: class=<class 'autopts.ptsprojects.testcase.TestFuncCleanUp'>, func=<bound method ZTestCase._test_case_cleanup of <autopts.ptsprojects.zephyr.ztestcase.ZTestCase object at 0x0000023DDC04DA30>> start_wid=None stop_wid=None post_wid=None skip_call=None call_count=1 args=() kwds={}
2026-09-15 18:32:46,782 LT1-thread root DEBUG testcase.py               266   start                     : Test function parameters: args=(), kwds={}
2026-09-15 18:32:46,782 LT1-thread root DEBUG iutctl.py                 415   stop                      : <class 'autopts.ptsprojects.zephyr.iutctl.create_zephyr_ctl_class.<locals>.ZephyrCtl'>.stop
2026-09-15 18:32:46,782 LT1-thread root DEBUG __init__.py               51    reset                     : About to reset DUT: JLink -CommandFile reset.jlink -usb 1063214216 -device MIMXRT1176XXXA_M7
2026-09-15 18:32:47,163 BTPWorkerThread-130 (_rx_task) root DEBUG iutctl_common.py          123   read                      : Read 5 bytes
2026-09-15 18:32:47,164 BTPWorkerThread-130 (_rx_task) root DEBUG iutctl_common.py          131   read                      : Received: hdr: Header(svc_id=0x00, op=0x80, ctrl_index=0xff, data_len=0x00) bytearray(b'\x00\x80\xff\x00\x00')
2026-09-15 18:32:47,164 BTPWorkerThread-130 (_rx_task) root DEBUG iutctl_common.py          154   read                      : Received data: {''}, bytearray(b'')
2026-09-15 18:32:47,164 BTPWorkerThread-130 (_rx_task) root DEBUG btp.py                    700   event_handler             : Header(svc_id=0, op=128, ctrl_index=255, data_len=0) (b'',)
2026-09-15 18:32:47,165 BTPWorkerThread-130 (_rx_task) root DEBUG core.py                   23    core_iut_ready_ev         : 
2026-09-15 18:32:47,239 LT1-thread root DEBUG iutctl.py                 436   _stop_tty_mode            : IUT ready event received OK
2026-09-15 18:32:47,240 LT1-thread root DEBUG iutctl_common.py          416   close                     : Waiting for _rx_worker to finish ...
2026-09-15 18:32:48,165 BTPWorkerThread-130 (_rx_task) root DEBUG iutctl_common.py          332   _rx_task                  : BTPWorkerThread-130 (_rx_task) finishing...
2026-09-15 18:32:51,172 LT1-thread root DEBUG testcase.py               794   post_run                  : post_run, cleanup running post test case script
2026-09-15 18:32:51,172 LT1-thread root DEBUG testcase.py               802   post_run                  : post_run, run post test case script
2026-09-15 18:32:51,268 LT1-thread root DEBUG client.py                 1220  _run_test_case            : Done TestCase _run_test_case GAP GAP/DISC/NONM/BV-01-C
