18:13:22:427    > BTP_CORE_CMD_READ_SUPPORTED_SERVICES (0x00|0x02|0xff)
                  raw data (0): 00 02 ff 00 00|
18:13:22:463    < BTP_CORE_CMD_READ_SUPPORTED_SERVICES (0x00|0x02|0xff)
                  raw data (5): 00 02 ff 05 00|0f 00 00 a0 01
18:13:22:470    > BTP_CORE_CMD_REGISTER_SERVICE (0x00|0x03|0xff)
                  raw data (1): 00 03 ff 01 00|01
18:13:26:595    < BTP_CORE_CMD_REGISTER_SERVICE (0x00|0x03|0xff)
                  raw data (0): 00 03 ff 00 00|
18:13:26:602    > BTP_GAP_CMD_READ_SUPPORTED_COMMANDS (0x01|0x01|0xff)
                  raw data (0): 01 01 ff 00 00|
18:13:26:649    < BTP_GAP_CMD_READ_SUPPORTED_COMMANDS (0x01|0x01|0xff)
                  raw data (7): 01 01 ff 07 00|6e ff 7f 1f fe ff 0e
18:13:26:655    > BTP_CORE_CMD_REGISTER_SERVICE (0x00|0x03|0xff)
                  raw data (2): 00 03 ff 01 00|02
18:13:26:699    < BTP_CORE_CMD_REGISTER_SERVICE (0x00|0x03|0xff)
                  raw data (0): 00 03 ff 00 00|
18:13:26:705    > BTP_GATT_CMD_READ_SUPPORTED_COMMANDS (0x02|0x01|0xff)
                  raw data (0): 02 01 ff 00 00|
18:13:26:764    < BTP_GATT_CMD_READ_SUPPORTED_COMMANDS (0x02|0x01|0xff)
                  raw data (5): 02 01 ff 05 00|fe fe bf fd 0f
18:13:26:769    > BTP_GAP_CMD_READ_CONTROLLER_INFO (0x01|0x03|0x00)
                  raw data (0): 01 03 00 00 00|
18:13:26:837    < BTP_GAP_CMD_READ_CONTROLLER_INFO (0x01|0x03|0x00)
                  raw data (277): 
                  01 03 00 15 01|19 78 ee 69 17 d0 d3 06 02 00 13 
                  02 00 00 00 00 00 62 74 70 5f 74 65 73 74 65 72 
                  00 00 00 00 00 00 00 00 00 00 00 00 00 00 00 00 
                  00 00 00 00 00 00 00 00 00 00 00 00 00 00 00 00 
                  00 00 00 00 00 00 00 00 00 00 00 00 00 00 00 00 
                  00 00 00 00 00 00 00 00 00 00 00 00 00 00 00 00 
                  00 00 00 00 00 00 00 00 00 00 00 00 00 00 00 00 
                  00 00 00 00 00 00 00 00 00 00 00 00 00 00 00 00 
                  00 00 00 00 00 00 00 00 00 00 00 00 00 00 00 00 
                  00 00 00 00 00 00 00 00 00 00 00 00 00 00 00 00 
                  00 00 00 00 00 00 00 00 00 00 00 00 00 00 00 00 
                  00 00 00 00 00 00 00 00 00 00 00 00 00 00 00 00 
                  00 00 00 00 00 00 00 00 00 00 00 00 00 00 00 00 
                  00 00 00 00 00 00 00 00 00 00 00 00 00 00 00 00 
                  00 00 00 00 00 00 00 00 00 00 00 00 00 00 00 00 
                  00 00 00 00 00 00 00 00 00 00 00 00 00 00 00 00 
                  00 00 00 00 00 00 00 00 00 00 00 00 00 00 00 00 
                  00 00 00 00 00 00 00 00 00 00
18:13:26:846    > BTP_GAP_CMD_SET_IO_CAP (0x01|0x10|0x00)
                  raw data (1): 01 10 00 01 00|00
18:13:26:891    < BTP_GAP_CMD_SET_IO_CAP (0x01|0x10|0x00)
                  raw data (0): 01 10 00 00 00|
18:13:26:898    > BTP_GATT_CMD_ADD_SERVICE (0x02|0x02|0x00)
                  raw data (4): 02 02 00 04 00|01 02 40 aa
18:13:26:958    < BTP_GATT_CMD_ADD_SERVICE (0x02|0x02|0x00)
                  raw data (2): 02 02 00 02 00|00 00
18:13:26:969    > BTP_GATT_CMD_ADD_CHARACTERISTIC (0x02|0x03|0x00)
                  raw data (7): 02 03 00 07 00|00 00 0a 03 02 50 aa
18:13:27:030    < BTP_GATT_CMD_ADD_CHARACTERISTIC (0x02|0x03|0x00)
                  raw data (2): 02 03 00 02 00|00 00
18:13:27:037    > BTP_GATT_CMD_SET_VALUE (0x02|0x06|0x00)
                  raw data (12): 
                  02 06 00 0c 00|00 00 08 00 01 23 45 67 89 ab cd 
                  ef
18:13:27:090    < BTP_GATT_CMD_SET_VALUE (0x02|0x06|0x00)
                  raw data (0): 02 06 00 00 00|
18:13:27:091    > BTP_GATT_CMD_ADD_CHARACTERISTIC (0x02|0x03|0x00)
                  raw data (7): 02 03 00 07 00|00 00 0a 0c 02 51 aa
18:13:27:163    < BTP_GATT_CMD_ADD_CHARACTERISTIC (0x02|0x03|0x00)
                  raw data (2): 02 03 00 02 00|00 00
18:13:27:179    > BTP_GATT_CMD_SET_VALUE (0x02|0x06|0x00)
                  raw data (12): 
                  02 06 00 0c 00|00 00 08 00 01 23 45 67 89 ab cd 
                  ef
18:13:27:245    < BTP_GATT_CMD_SET_VALUE (0x02|0x06|0x00)
                  raw data (0): 02 06 00 00 00|
18:13:27:262    > BTP_GATT_CMD_ADD_CHARACTERISTIC (0x02|0x03|0x00)
                  raw data (7): 02 03 00 07 00|00 00 0a 30 02 52 aa
18:13:27:340    < BTP_GATT_CMD_ADD_CHARACTERISTIC (0x02|0x03|0x00)
                  raw data (2): 02 03 00 02 00|00 00
18:13:27:357    > BTP_GATT_CMD_SET_VALUE (0x02|0x06|0x00)
                  raw data (12): 
                  02 06 00 0c 00|00 00 08 00 01 23 45 67 89 ab cd 
                  ef
18:13:27:420    < BTP_GATT_CMD_SET_VALUE (0x02|0x06|0x00)
                  raw data (0): 02 06 00 00 00|
18:13:27:437    > BTP_GATT_CMD_ADD_CHARACTERISTIC (0x02|0x03|0x00)
                  raw data (7): 02 03 00 07 00|00 00 0a c0 02 53 aa
18:13:27:493    < BTP_GATT_CMD_ADD_CHARACTERISTIC (0x02|0x03|0x00)
                  raw data (2): 02 03 00 02 00|00 00
18:13:27:500    > BTP_GATT_CMD_SET_VALUE (0x02|0x06|0x00)
                  raw data (12): 
                  02 06 00 0c 00|00 00 08 00 01 23 45 67 89 ab cd 
                  ef
18:13:27:558    < BTP_GATT_CMD_SET_VALUE (0x02|0x06|0x00)
                  raw data (0): 02 06 00 00 00|
18:13:27:574    > BTP_GATT_CMD_ADD_CHARACTERISTIC (0x02|0x03|0x00)
                  raw data (7): 02 03 00 07 00|00 00 3a 03 02 54 aa
18:13:27:645    < BTP_GATT_CMD_ADD_CHARACTERISTIC (0x02|0x03|0x00)
                  raw data (2): 02 03 00 02 00|00 00
18:13:27:656    > BTP_GATT_CMD_SET_VALUE (0x02|0x06|0x00)
                  raw data (12): 
                  02 06 00 0c 00|00 00 08 00 01 23 45 67 89 ab cd 
                  ef
18:13:27:716    < BTP_GATT_CMD_SET_VALUE (0x02|0x06|0x00)
                  raw data (0): 02 06 00 00 00|
18:13:27:732    > BTP_GATT_CMD_ADD_DESCRIPTOR (0x02|0x04|0x00)
                  raw data (6): 02 04 00 06 00|00 00 03 02 02 29
18:13:27:796    < BTP_GATT_CMD_ADD_DESCRIPTOR (0x02|0x04|0x00)
                  raw data (2): 02 04 00 02 00|00 00
18:13:27:813    > BTP_GATT_CMD_ADD_CHARACTERISTIC (0x02|0x03|0x00)
                  raw data (7): 02 03 00 07 00|00 00 3a 03 02 55 aa
18:13:27:893    < BTP_GATT_CMD_ADD_CHARACTERISTIC (0x02|0x03|0x00)
                  raw data (2): 02 03 00 02 00|00 00
18:13:27:904    > BTP_GATT_CMD_SET_VALUE (0x02|0x06|0x00)
                  raw data (12): 
                  02 06 00 0c 00|00 00 08 00 01 23 45 67 89 ab cd 
                  ef
18:13:27:961    < BTP_GATT_CMD_SET_VALUE (0x02|0x06|0x00)
                  raw data (0): 02 06 00 00 00|
18:13:27:974    > BTP_GATT_CMD_ADD_DESCRIPTOR (0x02|0x04|0x00)
                  raw data (6): 02 04 00 06 00|00 00 03 02 02 29
18:13:28:023    < BTP_GATT_CMD_ADD_DESCRIPTOR (0x02|0x04|0x00)
                  raw data (2): 02 04 00 02 00|00 00
18:13:28:024    > BTP_GATT_CMD_ADD_CHARACTERISTIC (0x02|0x03|0x00)
                  raw data (7): 02 03 00 07 00|00 00 06 03 02 56 aa
18:13:28:080    < BTP_GATT_CMD_ADD_CHARACTERISTIC (0x02|0x03|0x00)
                  raw data (2): 02 03 00 02 00|00 00
18:13:28:085    > BTP_GATT_CMD_SET_VALUE (0x02|0x06|0x00)
                  raw data (12): 
                  02 06 00 0c 00|00 00 08 00 01 23 45 67 89 ab cd 
                  ef
18:13:28:138    < BTP_GATT_CMD_SET_VALUE (0x02|0x06|0x00)
                  raw data (0): 02 06 00 00 00|
18:13:28:145    > BTP_GATT_CMD_ADD_CHARACTERISTIC (0x02|0x03|0x00)
                  raw data (7): 02 03 00 07 00|00 00 06 30 02 57 aa
18:13:28:194    < BTP_GATT_CMD_ADD_CHARACTERISTIC (0x02|0x03|0x00)
                  raw data (2): 02 03 00 02 00|00 00
18:13:28:195    > BTP_GATT_CMD_SET_VALUE (0x02|0x06|0x00)
                  raw data (12): 
                  02 06 00 0c 00|00 00 08 00 01 23 45 67 89 ab cd 
                  ef
18:13:28:260    < BTP_GATT_CMD_SET_VALUE (0x02|0x06|0x00)
                  raw data (0): 02 06 00 00 00|
18:13:28:272    > BTP_GATT_CMD_ADD_CHARACTERISTIC (0x02|0x03|0x00)
                  raw data (7): 02 03 00 07 00|00 00 8a 03 02 58 aa
18:13:28:321    < BTP_GATT_CMD_ADD_CHARACTERISTIC (0x02|0x03|0x00)
                  raw data (2): 02 03 00 02 00|00 00
18:13:28:326    > BTP_GATT_CMD_SET_VALUE (0x02|0x06|0x00)
                  raw data (12): 
                  02 06 00 0c 00|00 00 08 00 01 23 45 67 89 ab cd 
                  ef
18:13:28:376    < BTP_GATT_CMD_SET_VALUE (0x02|0x06|0x00)
                  raw data (0): 02 06 00 00 00|
18:13:28:388    > BTP_GATT_CMD_ADD_DESCRIPTOR (0x02|0x04|0x00)
                  raw data (6): 02 04 00 06 00|00 00 01 02 00 29
18:13:28:441    < BTP_GATT_CMD_ADD_DESCRIPTOR (0x02|0x04|0x00)
                  raw data (2): 02 04 00 02 00|00 00
18:13:28:442    > BTP_GATT_CMD_SET_VALUE (0x02|0x06|0x00)
                  raw data (6): 02 06 00 06 00|00 00 02 00 01 00
18:13:28:506    < BTP_GATT_CMD_SET_VALUE (0x02|0x06|0x00)
                  raw data (0): 02 06 00 00 00|
18:13:28:523    > BTP_GATT_CMD_ADD_CHARACTERISTIC (0x02|0x03|0x00)
                  raw data (7): 02 03 00 07 00|00 00 0a 0c 02 59 aa
18:13:28:578    < BTP_GATT_CMD_ADD_CHARACTERISTIC (0x02|0x03|0x00)
                  raw data (2): 02 03 00 02 00|00 00
18:13:28:594    > BTP_GATT_CMD_SET_VALUE (0x02|0x06|0x00)
                  raw data (12): 
                  02 06 00 0c 00|00 00 08 00 01 23 45 67 89 ab cd 
                  ef
18:13:28:650    < BTP_GATT_CMD_SET_VALUE (0x02|0x06|0x00)
                  raw data (0): 02 06 00 00 00|
18:13:28:667    > BTP_GATT_CMD_SET_ENC_KEY_SIZE (0x02|0x09|0x00)
                  raw data (3): 02 09 00 03 00|00 00 0f
18:13:28:727    < BTP_GATT_CMD_SET_ENC_KEY_SIZE (0x02|0x09|0x00)
                  raw data (0): 02 09 00 00 00|
18:13:28:743    > BTP_GATT_CMD_ADD_CHARACTERISTIC (0x02|0x03|0x00)
                  raw data (7): 02 03 00 07 00|00 00 0a 0c 02 5a aa
18:13:28:797    < BTP_GATT_CMD_ADD_CHARACTERISTIC (0x02|0x03|0x00)
                  raw data (2): 02 03 00 02 00|00 00
18:13:28:798    > BTP_GATT_CMD_SET_VALUE (0x02|0x06|0x00)
                  raw data (12): 
                  02 06 00 0c 00|00 00 08 00 01 23 45 67 89 ab cd 
                  ef
18:13:28:853    < BTP_GATT_CMD_SET_VALUE (0x02|0x06|0x00)
                  raw data (0): 02 06 00 00 00|
18:13:28:871    > BTP_GATT_CMD_SET_ENC_KEY_SIZE (0x02|0x09|0x00)
                  raw data (3): 02 09 00 03 00|00 00 0f
18:13:28:936    < BTP_GATT_CMD_SET_ENC_KEY_SIZE (0x02|0x09|0x00)
                  raw data (0): 02 09 00 00 00|
18:13:28:953    > BTP_GATT_CMD_ADD_CHARACTERISTIC (0x02|0x03|0x00)
                  raw data (21): 
                  02 03 00 15 00|00 00 0a 03 10 ef cd ab 89 67 45 
                  23 b1 00 40 51 04 50 bb 00 f0
18:13:29:029    < BTP_GATT_CMD_ADD_CHARACTERISTIC (0x02|0x03|0x00)
                  raw data (2): 02 03 00 02 00|00 00
18:13:29:040    > BTP_GATT_CMD_SET_VALUE (0x02|0x06|0x00)
                  raw data (12): 
                  02 06 00 0c 00|00 00 08 00 01 23 45 67 89 ab cd 
                  ef
18:13:29:101    < BTP_GATT_CMD_SET_VALUE (0x02|0x06|0x00)
                  raw data (0): 02 06 00 00 00|
18:13:29:120    > BTP_GATT_CMD_ADD_SERVICE (0x02|0x02|0x00)
                  raw data (4): 02 02 00 04 00|00 02 41 aa
18:13:29:196    < BTP_GATT_CMD_ADD_SERVICE (0x02|0x02|0x00)
                  raw data (2): 02 02 00 02 00|00 00
18:13:29:213    > BTP_GATT_CMD_ADD_INCLUDED_SERVICE (0x02|0x05|0x00)
                  raw data (2): 02 05 00 02 00|01 00
18:13:29:287    < BTP_GATT_CMD_ADD_INCLUDED_SERVICE (0x02|0x05|0x00)
                  raw data (2): 02 05 00 02 00|00 00
18:13:29:303    > BTP_GATT_CMD_ADD_CHARACTERISTIC (0x02|0x03|0x00)
                  raw data (7): 02 03 00 07 00|00 00 0a 03 02 50 aa
18:13:29:370    < BTP_GATT_CMD_ADD_CHARACTERISTIC (0x02|0x03|0x00)
                  raw data (2): 02 03 00 02 00|00 00
18:13:29:375    > BTP_GATT_CMD_SET_VALUE (0x02|0x06|0x00)
                  raw data (36): 
                  02 06 00 24 00|00 00 20 00 01 23 45 67 89 ab cd 
                  ef 01 23 45 67 89 ab cd ef 01 23 45 67 89 ab cd 
                  ef 01 23 45 67 89 ab cd ef
18:13:29:440    < BTP_GATT_CMD_SET_VALUE (0x02|0x06|0x00)
                  raw data (0): 02 06 00 00 00|
18:13:29:452    > BTP_GATT_CMD_ADD_CHARACTERISTIC (0x02|0x03|0x00)
                  raw data (7): 02 03 00 07 00|00 00 0a 03 02 51 aa
18:13:29:522    < BTP_GATT_CMD_ADD_CHARACTERISTIC (0x02|0x03|0x00)
                  raw data (2): 02 03 00 02 00|00 00
18:13:29:522    > BTP_GATT_CMD_SET_VALUE (0x02|0x06|0x00)
                  raw data (36): 
                  02 06 00 24 00|00 00 20 00 fe dc ba 98 76 54 32 
                  10 fe dc ba 98 76 54 32 10 fe dc ba 98 76 54 32 
                  10 fe dc ba 98 76 54 32 10
18:13:29:584    < BTP_GATT_CMD_SET_VALUE (0x02|0x06|0x00)
                  raw data (0): 02 06 00 00 00|
18:13:29:595    > BTP_GATT_CMD_ADD_CHARACTERISTIC (0x02|0x03|0x00)
                  raw data (7): 02 03 00 07 00|00 00 0a 0c 02 52 aa
18:13:29:643    < BTP_GATT_CMD_ADD_CHARACTERISTIC (0x02|0x03|0x00)
                  raw data (2): 02 03 00 02 00|00 00
18:13:29:644    > BTP_GATT_CMD_SET_VALUE (0x02|0x06|0x00)
                  raw data (60): 
                  02 06 00 3c 00|00 00 38 00 fe dc ba 98 76 54 32 
                  10 fe dc ba 98 76 54 32 10 fe dc ba 98 76 54 32 
                  10 fe dc ba 98 76 54 32 10 fe dc ba 98 76 54 32 
                  10 fe dc ba 98 76 54 32 10 fe dc ba 98 76 54 32 
                  10
18:13:29:716    < BTP_GATT_CMD_SET_VALUE (0x02|0x06|0x00)
                  raw data (0): 02 06 00 00 00|
18:13:29:733    > BTP_GATT_CMD_SET_ENC_KEY_SIZE (0x02|0x09|0x00)
                  raw data (3): 02 09 00 03 00|00 00 0f
18:13:29:790    < BTP_GATT_CMD_SET_ENC_KEY_SIZE (0x02|0x09|0x00)
                  raw data (0): 02 09 00 00 00|
18:13:29:806    > BTP_GATT_CMD_ADD_CHARACTERISTIC (0x02|0x03|0x00)
                  raw data (7): 02 03 00 07 00|00 00 02 01 02 53 aa
18:13:29:870    < BTP_GATT_CMD_ADD_CHARACTERISTIC (0x02|0x03|0x00)
                  raw data (2): 02 03 00 02 00|00 00
18:13:29:887    > BTP_GATT_CMD_SET_VALUE (0x02|0x06|0x00)
                  raw data (84): 
                  02 06 00 54 00|00 00 50 00 01 23 45 67 89 ab cd 
                  ef 01 23 45 67 89 ab cd ef 01 23 45 67 89 ab cd 
                  ef 01 23 45 67 89 ab cd ef 01 23 45 67 89 ab cd 
                  ef 01 23 45 67 89 ab cd ef 01 23 45 67 89 ab cd 
                  ef 01 23 45 67 89 ab cd ef 01 23 45 67 89 ab cd 
                  ef 01 23 45 67 89 ab cd ef
18:13:29:929    < BTP_GATT_CMD_SET_VALUE (0x02|0x06|0x00)
                  raw data (0): 02 06 00 00 00|
18:13:29:935    > BTP_GATT_CMD_ADD_DESCRIPTOR (0x02|0x04|0x00)
                  raw data (6): 02 04 00 06 00|00 00 03 02 54 aa
18:13:30:013    < BTP_GATT_CMD_ADD_DESCRIPTOR (0x02|0x04|0x00)
                  raw data (2): 02 04 00 02 00|00 00
18:13:30:029    > BTP_GATT_CMD_SET_VALUE (0x02|0x06|0x00)
                  raw data (68): 
                  02 06 00 44 00|00 00 40 00 01 01 01 01 01 01 01 
                  01 01 01 01 01 01 01 01 01 01 01 01 01 01 01 01 
                  01 01 01 01 01 01 01 01 01 01 01 01 01 01 01 01 
                  01 01 01 01 01 01 01 01 01 01 01 01 01 01 01 01 
                  01 01 01 01 01 01 01 01 01
18:13:30:089    < BTP_GATT_CMD_SET_VALUE (0x02|0x06|0x00)
                  raw data (0): 02 06 00 00 00|
18:13:30:106    > BTP_GATT_CMD_ADD_CHARACTERISTIC (0x02|0x03|0x00)
                  raw data (7): 02 03 00 07 00|00 00 0a 03 02 55 aa
18:13:30:187    < BTP_GATT_CMD_ADD_CHARACTERISTIC (0x02|0x03|0x00)
                  raw data (2): 02 03 00 02 00|00 00
18:13:30:203    > BTP_GATT_CMD_SET_VALUE (0x02|0x06|0x00)
                  raw data (84): 
                  02 06 00 54 00|00 00 50 00 01 23 45 67 89 ab cd 
                  ef 01 23 45 67 89 ab cd ef 01 23 45 67 89 ab cd 
                  ef 01 23 45 67 89 ab cd ef 01 23 45 67 89 ab cd 
                  ef 01 23 45 67 89 ab cd ef 01 23 45 67 89 ab cd 
                  ef 01 23 45 67 89 ab cd ef 01 23 45 67 89 ab cd 
                  ef 01 23 45 67 89 ab cd ef
18:13:30:259    < BTP_GATT_CMD_SET_VALUE (0x02|0x06|0x00)
                  raw data (0): 02 06 00 00 00|
18:13:30:277    > BTP_GATT_CMD_ADD_CHARACTERISTIC (0x02|0x03|0x00)
                  raw data (7): 02 03 00 07 00|00 00 0a 03 02 56 aa
18:13:30:359    < BTP_GATT_CMD_ADD_CHARACTERISTIC (0x02|0x03|0x00)
                  raw data (2): 02 03 00 02 00|00 00
18:13:30:372    > BTP_GATT_CMD_SET_VALUE (0x02|0x06|0x00)
                  raw data (516): 
                  02 06 00 04 02|00 00 00 02 02 02 02 02 02 02 02 
                  02 02 02 02 02 02 02 02 02 02 02 02 02 02 02 02 
                  02 02 02 02 02 02 02 02 02 02 02 02 02 02 02 02 
                  02 02 02 02 02 02 02 02 02 02 02 02 02 02 02 02 
                  02 02 02 02 02 02 02 02 02 02 02 02 02 02 02 02 
                  02 02 02 02 02 02 02 02 02 02 02 02 02 02 02 02 
                  02 02 02 02 02 02 02 02 02 02 02 02 02 02 02 02 
                  02 02 02 02 02 02 02 02 02 02 02 02 02 02 02 02 
                  02 02 02 02 02 02 02 02 02 02 02 02 02 02 02 02 
                  02 02 02 02 02 02 02 02 02 02 02 02 02 02 02 02 
                  02 02 02 02 02 02 02 02 02 02 02 02 02 02 02 02 
                  02 02 02 02 02 02 02 02 02 02 02 02 02 02 02 02 
                  02 02 02 02 02 02 02 02 02 02 02 02 02 02 02 02 
                  02 02 02 02 02 02 02 02 02 02 02 02 02 02 02 02 
                  02 02 02 02 02 02 02 02 02 02 02 02 02 02 02 02 
                  02 02 02 02 02 02 02 02 02 02 02 02 02 02 02 02 
                  02 02 02 02 02 02 02 02 02 02 02 02 02 02 02 02 
                  02 02 02 02 02 02 02 02 02 02 02 02 02 02 02 02 
                  02 02 02 02 02 02 02 02 02 02 02 02 02 02 02 02 
                  02 02 02 02 02 02 02 02 02 02 02 02 02 02 02 02 
                  02 02 02 02 02 02 02 02 02 02 02 02 02 02 02 02 
                  02 02 02 02 02 02 02 02 02 02 02 02 02 02 02 02 
                  02 02 02 02 02 02 02 02 02 02 02 02 02 02 02 02 
                  02 02 02 02 02 02 02 02 02 02 02 02 02 02 02 02 
                  02 02 02 02 02 02 02 02 02 02 02 02 02 02 02 02 
                  02 02 02 02 02 02 02 02 02 02 02 02 02 02 02 02 
                  02 02 02 02 02 02 02 02 02 02 02 02 02 02 02 02 
                  02 02 02 02 02 02 02 02 02 02 02 02 02 02 02 02 
                  02 02 02 02 02 02 02 02 02 02 02 02 02 02 02 02 
                  02 02 02 02 02 02 02 02 02 02 02 02 02 02 02 02 
                  02 02 02 02 02 02 02 02 02 02 02 02 02 02 02 02 
                  02 02 02 02 02 02 02 02 02 02 02 02 02 02 02 02 
                  02 02 02 02 02 02 02 02 02
18:13:30:468    < BTP_GATT_CMD_SET_VALUE (0x02|0x06|0x00)
                  raw data (0): 02 06 00 00 00|
18:13:30:485    > BTP_GATT_CMD_START_SERVER (0x02|0x07|0x00)
                  raw data (0): 02 07 00 00 00|
18:13:30:545    < BTP_GATT_CMD_START_SERVER (0x02|0x07|0x00)
                  raw data (3): 02 07 00 03 00|00 00 00
18:13:34:576    > BTP_GAP_CMD_SET_DISCOVERABLE (0x01|0x08|0x00)
                  raw data (1): 01 08 00 01 00|01
18:13:34:659    < BTP_GAP_CMD_SET_DISCOVERABLE (0x01|0x08|0x00)
                  raw data (4): 01 08 00 04 00|1b 02 00 00
18:13:34:666    > BTP_GAP_CMD_START_ADVERTISING (0x01|0x0a|0x00)
                  raw data (22): 
                  01 0a 00 16 00|0f 00 09 0d 54 65 73 74 65 72 5f 
                  30 38 45 34 34 45 ff ff ff ff 00
18:13:34:707    < BTP_GAP_CMD_START_ADVERTISING (0x01|0x0a|0x00)
                  raw data (4): 01 0a 00 04 00|1b 06 00 00
18:13:35:620    < BTP_GAP_EV_DEVICE_CONNECTED (0x01|0x82|0x00)
                  raw data (13): 
                  01 82 00 0d 00|00 4e e4 08 dc 1b 00 3c 00 00 00 
                  d0 07
18:13:35:620    < BTP_GAP_EV_NEW_SETTINGS (0x01|0x80|0x00)
                  raw data (4): 01 80 00 04 00|1b 02 00 00
18:13:46:361    < BTP_GAP_EV_ENCRYPTION_CHANGE (0x01|0x91|0x00)
                  raw data (9): 01 91 00 09 00|00 4e e4 08 dc 1b 00 01 10
18:13:46:361    < BTP_GAP_EV_SEC_LEVEL_CHANGED (0x01|0x89|0x00)
                  raw data (8): 01 89 00 08 00|00 4e e4 08 dc 1b 00 02
18:13:46:482    < BTP_GAP_EV_PEER_CAR_RECEIVED (0x01|0x98|0x00)
                  raw data (8): 01 98 00 08 00|00 4e e4 08 dc 1b 00 00
18:13:48:722    > BTP_GATT_CMD_GET_ATTRIBUTES (0x02|0x1c|0x00)
                  raw data (7): 02 1c 00 07 00|01 00 ff ff 02 03 28
18:13:48:798    < BTP_GATT_CMD_GET_ATTRIBUTES (0x02|0x1c|0x00)
                  raw data (211): 
                  02 1c 00 d3 00|23 02 00 01 02 03 28 05 00 01 02 
                  03 28 07 00 01 02 03 28 09 00 01 02 03 28 0c 00 
                  01 02 03 28 0e 00 01 02 03 28 10 00 01 02 03 28 
                  13 00 01 02 03 28 15 00 01 02 03 28 17 00 01 02 
                  03 28 19 00 01 02 03 28 1b 00 01 02 03 28 1d 00 
                  01 02 03 28 1f 00 01 02 03 28 21 00 01 02 03 28 
                  23 00 01 02 03 28 25 00 01 02 03 28 28 00 01 02 
                  03 28 2a 00 01 02 03 28 2c 00 01 02 03 28 2e 00 
                  01 02 03 28 30 00 01 02 03 28 33 00 01 02 03 28 
                  36 00 01 02 03 28 38 00 01 02 03 28 3a 00 01 02 
                  03 28 3d 00 01 02 03 28 3f 00 01 02 03 28 41 00 
                  01 02 03 28 45 00 01 02 03 28 47 00 01 02 03 28 
                  49 00 01 02 03 28 4b 00 01 02 03 28 4e 00 01 02 
                  03 28 50 00 01 02 03 28
18:13:48:817    > BTP_GATT_CMD_GET_ATTRIBUTE_VALUE (0x02|0x1d|0x00)
                  raw data (9): 02 1d 00 09 00|00 4e e4 08 dc 1b 00 02 00
18:13:48:864    < BTP_GATT_CMD_GET_ATTRIBUTE_VALUE (0x02|0x1d|0x00)
                  raw data (8): 02 1d 00 08 00|00 05 00 20 03 00 05 2a
18:13:48:869    > BTP_GATT_CMD_GET_ATTRIBUTES (0x02|0x1c|0x00)
                  raw data (5): 02 1c 00 05 00|03 00 03 00 00
18:13:48:929    < BTP_GATT_CMD_GET_ATTRIBUTES (0x02|0x1c|0x00)
                  raw data (7): 02 1c 00 07 00|01 03 00 00 02 05 2a
18:13:50:388    < BTP_GAP_EV_DEVICE_DISCONNECTED (0x01|0x83|0x00)
                  raw data (7): 01 83 00 07 00|00 4e e4 08 dc 1b 00
18:13:55:124    < BTP_CORE_EV_IUT_READY (0x00|0x80|0xff)
                  raw data (0): 00 80 ff 00 00|
