2026-09-23 23:20:34,376 LT1-thread root DEBUG client.py                 1099  _run_test_case            : Starting TestCase _run_test_case GAP GAP/SEC/SEM/BV-35-C
2026-09-23 23:20:34,377 LT1-thread root DEBUG testcase.py               727   pre_run                   : pre_run GAP GAP/SEC/SEM/BV-35-C
2026-09-23 23:20:34,377 LT1-thread root DEBUG testcase.py               729   pre_run                   : About to run test case GAP GAP/SEC/SEM/BV-35-C with commands:
2026-09-23 23:20:34,377 LT1-thread root DEBUG testcase.py               731   pre_run                   : 0) class=<class 'autopts.ptsprojects.testcase.TestFunc'>, func=<bound method ZTestCase._test_case_start of <autopts.ptsprojects.zephyr.ztestcase.ZTestCase object at 0x000001E0BD849D90>> start_wid=None stop_wid=None post_wid=None skip_call=None call_count=1 args=() kwds={}
2026-09-23 23:20:34,378 LT1-thread root DEBUG testcase.py               731   pre_run                   : 1) class=<class 'autopts.ptsprojects.testcase.TestFunc'>, func=<function core_reg_svc_gap at 0x000001E0BA25E160> start_wid=None stop_wid=None post_wid=None skip_call=None call_count=123 args=() kwds={}
2026-09-23 23:20:34,378 LT1-thread root DEBUG testcase.py               731   pre_run                   : 2) class=<class 'autopts.ptsprojects.testcase.TestFunc'>, func=<bound method Stack.gap_init of <autopts.ptsprojects.stack.stack.Stack object at 0x000001E0B9424A70>> start_wid=None stop_wid=None post_wid=None skip_call=None call_count=123 args=(b'Tester_08E44E', 'ABCD', '1111', '1111', '11', '1111', b'\x17github.com/auto-pts', (8, 'PADV_Tester'), 'FF') kwds={}
2026-09-23 23:20:34,378 LT1-thread root DEBUG testcase.py               731   pre_run                   : 3) class=<class 'autopts.ptsprojects.testcase.TestFunc'>, func=<function gap_read_controller_info at 0x000001E0BA29EB60> start_wid=None stop_wid=None post_wid=None skip_call=None call_count=123 args=() kwds={}
2026-09-23 23:20:34,378 LT1-thread root DEBUG testcase.py               731   pre_run                   : 4) class=<class 'autopts.ptsprojects.testcase.TestFunc'>, func=<function test_cases.<locals>.<lambda> at 0x000001E0BD7C6DE0> start_wid=None stop_wid=None post_wid=None skip_call=None call_count=123 args=() kwds={}
2026-09-23 23:20:34,378 LT1-thread root DEBUG testcase.py               731   pre_run                   : 5) class=<class 'autopts.ptsprojects.testcase.TestFunc'>, func=<function test_cases.<locals>.<lambda> at 0x000001E0BD7C5120> start_wid=None stop_wid=None post_wid=None skip_call=None call_count=123 args=() kwds={}
2026-09-23 23:20:34,378 LT1-thread root DEBUG testcase.py               731   pre_run                   : 6) class=<class 'autopts.ptsprojects.testcase.TestFunc'>, func=<function test_cases.<locals>.<lambda> at 0x000001E0BD7C6E80> start_wid=None stop_wid=None post_wid=None skip_call=None call_count=123 args=() kwds={}
2026-09-23 23:20:34,378 LT1-thread root DEBUG testcase.py               731   pre_run                   : 7) class=<class 'autopts.ptsprojects.testcase.TestFunc'>, func=<function test_cases.<locals>.<lambda> at 0x000001E0BD7C6F20> start_wid=None stop_wid=None post_wid=None skip_call=None call_count=123 args=() kwds={}
2026-09-23 23:20:34,378 LT1-thread root DEBUG testcase.py               731   pre_run                   : 8) class=<class 'autopts.ptsprojects.testcase.TestFunc'>, func=<function test_cases.<locals>.<lambda> at 0x000001E0BD7C6FC0> start_wid=None stop_wid=None post_wid=None skip_call=None call_count=123 args=() kwds={}
2026-09-23 23:20:34,379 LT1-thread root DEBUG testcase.py               731   pre_run                   : 9) class=<class 'autopts.ptsprojects.testcase.TestFunc'>, func=<function test_cases.<locals>.<lambda> at 0x000001E0BD7C7060> start_wid=None stop_wid=None post_wid=None skip_call=None call_count=123 args=() kwds={}
2026-09-23 23:20:34,379 LT1-thread root DEBUG testcase.py               731   pre_run                   : 10) class=<class 'autopts.ptsprojects.testcase.TestFunc'>, func=<function test_cases.<locals>.<lambda> at 0x000001E0BD7C7100> start_wid=None stop_wid=None post_wid=None skip_call=None call_count=123 args=() kwds={}
2026-09-23 23:20:34,379 LT1-thread root DEBUG testcase.py               731   pre_run                   : 11) class=<class 'autopts.ptsprojects.testcase.TestFunc'>, func=<function test_cases.<locals>.<lambda> at 0x000001E0BD7C71A0> start_wid=None stop_wid=None post_wid=None skip_call=None call_count=123 args=() kwds={}
2026-09-23 23:20:34,379 LT1-thread root DEBUG testcase.py               731   pre_run                   : 12) class=<class 'autopts.ptsprojects.testcase.TestFunc'>, func=<function test_cases.<locals>.<lambda> at 0x000001E0BD7C7240> start_wid=None stop_wid=None post_wid=None skip_call=None call_count=123 args=() kwds={}
2026-09-23 23:20:34,379 LT1-thread root DEBUG testcase.py               731   pre_run                   : 13) class=<class 'autopts.ptsprojects.testcase.TestFunc'>, func=<function test_cases.<locals>.<lambda> at 0x000001E0BD7C72E0> start_wid=None stop_wid=None post_wid=None skip_call=None call_count=123 args=() kwds={}
2026-09-23 23:20:34,379 LT1-thread root DEBUG testcase.py               731   pre_run                   : 14) class=<class 'autopts.ptsprojects.testcase.TestFunc'>, func=<function core_reg_svc_gatt at 0x000001E0BA25E2A0> start_wid=None stop_wid=None post_wid=None skip_call=None call_count=123 args=() kwds={}
2026-09-23 23:20:34,379 LT1-thread root DEBUG testcase.py               731   pre_run                   : 15) class=<class 'autopts.ptsprojects.testcase.TestFunc'>, func=<bound method Stack.gatt_init of <autopts.ptsprojects.stack.stack.Stack object at 0x000001E0B9424A70>> start_wid=None stop_wid=None post_wid=None skip_call=None call_count=123 args=() kwds={}
2026-09-23 23:20:34,379 LT1-thread root DEBUG testcase.py               731   pre_run                   : 16) class=<class 'autopts.ptsprojects.testcase.TestFunc'>, func=<function gap_set_io_capability at 0x000001E0BA29E020> start_wid=None stop_wid=None post_wid=None skip_call=None call_count=123 args=(4,) kwds={}
2026-09-23 23:20:34,379 LT1-thread root DEBUG testcase.py               731   pre_run                   : 17) class=<class 'autopts.ptsprojects.testcase.TestFunc'>, func=<function gap_set_broadcast_code at 0x000001E0BA2A4220> start_wid=None stop_wid=None post_wid=None skip_call=None call_count=123 args=('0102680553F1415AA265BBAFC6EA03B8',) kwds={}
2026-09-23 23:20:34,379 LT1-thread root DEBUG testcase.py               731   pre_run                   : 18) class=<class 'autopts.ptsprojects.testcase.TestFunc'>, func=<function set_pts_addr at 0x000001E0BA25DD00> start_wid=None stop_wid=None post_wid=None skip_call=None call_count=123 args=('00:1B:DC:08:E4:4E', 0) kwds={}
2026-09-23 23:20:34,380 LT1-thread root DEBUG testcase.py               731   pre_run                   : 19) class=<class 'autopts.ptsprojects.testcase.TestFunc'>, func=<function gatts_add_svc at 0x000001E0BA2B5940> start_wid=None stop_wid=None post_wid=None skip_call=None call_count=95 args=(0, 'AA51') kwds={}
2026-09-23 23:20:34,380 LT1-thread root DEBUG testcase.py               731   pre_run                   : 20) class=<class 'autopts.ptsprojects.testcase.TestFunc'>, func=<function gatts_add_char at 0x000001E0BA2B5A80> start_wid=None stop_wid=None post_wid=None skip_call=None call_count=95 args=(0, 2, 17, 'AA52') kwds={}
2026-09-23 23:20:34,380 LT1-thread root DEBUG testcase.py               731   pre_run                   : 21) class=<class 'autopts.ptsprojects.testcase.TestFunc'>, func=<function gatts_set_val at 0x000001E0BA2B5B20> start_wid=None stop_wid=None post_wid=None skip_call=None call_count=95 args=(0, '01') kwds={}
2026-09-23 23:20:34,380 LT1-thread root DEBUG testcase.py               731   pre_run                   : 22) class=<class 'autopts.ptsprojects.testcase.TestFunc'>, func=<function gatts_add_char at 0x000001E0BA2B5A80> start_wid=None stop_wid=None post_wid=None skip_call=None call_count=95 args=(0, 2, 5, 'AA53') kwds={}
2026-09-23 23:20:34,380 LT1-thread root DEBUG testcase.py               731   pre_run                   : 23) class=<class 'autopts.ptsprojects.testcase.TestFunc'>, func=<function gatts_set_val at 0x000001E0BA2B5B20> start_wid=None stop_wid=None post_wid=None skip_call=None call_count=95 args=(0, '02') kwds={}
2026-09-23 23:20:34,380 LT1-thread root DEBUG testcase.py               731   pre_run                   : 24) class=<class 'autopts.ptsprojects.testcase.TestFunc'>, func=<function gatts_add_char at 0x000001E0BA2B5A80> start_wid=None stop_wid=None post_wid=None skip_call=None call_count=95 args=(0, 10, 48, 'AA55') kwds={}
2026-09-23 23:20:34,380 LT1-thread root DEBUG testcase.py               731   pre_run                   : 25) class=<class 'autopts.ptsprojects.testcase.TestFunc'>, func=<function gatts_set_val at 0x000001E0BA2B5B20> start_wid=None stop_wid=None post_wid=None skip_call=None call_count=95 args=(0, '04') kwds={}
2026-09-23 23:20:34,380 LT1-thread root DEBUG testcase.py               731   pre_run                   : 26) class=<class 'autopts.ptsprojects.testcase.TestFunc'>, func=<function gatts_start_server at 0x000001E0BA2B5DA0> start_wid=None stop_wid=None post_wid=None skip_call=None call_count=95 args=() kwds={}
2026-09-23 23:20:34,380 LT1-thread root DEBUG testcase.py               731   pre_run                   : 27) class=<class 'autopts.ptsprojects.testcase.TestFuncCleanUp'>, func=<bound method ZTestCase._test_case_cleanup of <autopts.ptsprojects.zephyr.ztestcase.ZTestCase object at 0x000001E0BD849D90>> start_wid=None stop_wid=None post_wid=None skip_call=None call_count=1 args=() kwds={}
2026-09-23 23:20:34,381 LT1-thread root DEBUG testcase.py               738   pre_run                   : pre_run, run pre test case script
2026-09-23 23:20:34,392 LT1-thread root DEBUG testcase.py               254   start                     : Starting test function: class=<class 'autopts.ptsprojects.testcase.TestFunc'>, func=<bound method ZTestCase._test_case_start of <autopts.ptsprojects.zephyr.ztestcase.ZTestCase object at 0x000001E0BD849D90>> start_wid=None stop_wid=None post_wid=None skip_call=None call_count=2 args=() kwds={}
2026-09-23 23:20:34,392 LT1-thread root DEBUG testcase.py               266   start                     : Test function parameters: args=(), kwds={}
2026-09-23 23:20:34,392 LT1-thread root DEBUG iutctl.py                 172   start                     : <class 'autopts.ptsprojects.zephyr.iutctl.create_zephyr_ctl_class.<locals>.ZephyrCtl'>.start
2026-09-23 23:20:34,392 LT1-thread root DEBUG iutctl.py                 325   flush_serial              : <class 'autopts.ptsprojects.zephyr.iutctl.create_zephyr_ctl_class.<locals>.ZephyrCtl'>.flush_serial
2026-09-23 23:20:35,601 LT1-thread root DEBUG iutctl.py                 249   _start_tty_mode           : Starting socat process: socat.exe -x -v tcp:10.17.12.9:65115,retry=100,interval=1 /dev/ttyS2,raw,b115200,
2026-09-23 23:20:35,611 LT1-thread root DEBUG iutctl_common.py          402   accept                    : 
2026-09-23 23:20:35,704 BTPWorkerThread-10884 (_rx_task) root DEBUG iutctl_common.py          299   _rx_task                  : BTPWorkerThread-10884 (_rx_task) started
2026-09-23 23:20:35,704 LT1-thread root DEBUG iutctl.py                 395   wait_iut_ready_event      : IUT ready event received OK
2026-09-23 23:20:35,704 LT1-thread root DEBUG btp.py                    51    read_supp_svcs            : 
2026-09-23 23:20:35,704 LT1-thread root DEBUG iutctl_common.py          161   send                      : 0 2 255 ''
2026-09-23 23:20:35,705 LT1-thread root DEBUG iutctl_common.py          166   send                      : sending frame '0002ff0000'
2026-09-23 23:20:35,705 LT1-thread root DEBUG iutctl_common.py          339   read                      : 
2026-09-23 23:20:35,716 BTPWorkerThread-10884 (_rx_task) root DEBUG iutctl_common.py          123   read                      : Read 5 bytes
2026-09-23 23:20:35,727 BTPWorkerThread-10884 (_rx_task) root DEBUG iutctl_common.py          131   read                      : Received: hdr: Header(svc_id=0x00, op=0x02, ctrl_index=0xff, data_len=0x06) bytearray(b'\x00\x02\xff\x06\x00')
2026-09-23 23:20:35,732 BTPWorkerThread-10884 (_rx_task) root DEBUG iutctl_common.py          139   read                      : Read 6 bytes data
2026-09-23 23:20:35,744 BTPWorkerThread-10884 (_rx_task) root DEBUG iutctl_common.py          154   read                      : Received data: {'0f 00 00 a0 ff 03'}, bytearray(b'\x0f\x00\x00\xa0\xff\x03')
2026-09-23 23:20:35,755 LT1-thread root DEBUG btp.py                    62    read_supp_svcs            : received Header(svc_id=0, op=2, ctrl_index=255, data_len=6) (b'\x0f\x00\x00\xa0\xff\x03',)
2026-09-23 23:20:35,755 LT1-thread root DEBUG testcase.py               254   start                     : Starting test function: class=<class 'autopts.ptsprojects.testcase.TestFunc'>, func=<function core_reg_svc_gap at 0x000001E0BA25E160> start_wid=None stop_wid=None post_wid=None skip_call=None call_count=124 args=() kwds={}
2026-09-23 23:20:35,755 LT1-thread root DEBUG testcase.py               266   start                     : Test function parameters: args=(), kwds={}
2026-09-23 23:20:35,755 LT1-thread root DEBUG btp.py                    117   core_reg_svc_univ         : core_reg_svc_univ: gap_reg (GAP)
2026-09-23 23:20:35,756 LT1-thread root DEBUG iutctl_common.py          161   send                      : 0 3 255 '1'
2026-09-23 23:20:35,756 LT1-thread root DEBUG iutctl_common.py          166   send                      : sending frame '0003ff010001'
2026-09-23 23:20:35,756 LT1-thread root DEBUG btp.py                    654   core_reg_svc_rsp_succ     : 
2026-09-23 23:20:35,756 LT1-thread root DEBUG iutctl_common.py          339   read                      : 
2026-09-23 23:20:39,871 BTPWorkerThread-10884 (_rx_task) root DEBUG iutctl_common.py          123   read                      : Read 5 bytes
2026-09-23 23:20:39,882 BTPWorkerThread-10884 (_rx_task) root DEBUG iutctl_common.py          131   read                      : Received: hdr: Header(svc_id=0x00, op=0x03, ctrl_index=0xff, data_len=0x00) bytearray(b'\x00\x03\xff\x00\x00')
2026-09-23 23:20:39,893 BTPWorkerThread-10884 (_rx_task) root DEBUG iutctl_common.py          154   read                      : Received data: {''}, bytearray(b'')
2026-09-23 23:20:39,910 LT1-thread root DEBUG btp.py                    665   core_reg_svc_rsp_succ     : received Header(svc_id=0, op=3, ctrl_index=255, data_len=0) (b'',)
2026-09-23 23:20:39,910 LT1-thread root DEBUG btp.py                    666   core_reg_svc_rsp_succ     : expected ((0, 3, 255, 0), (b'',))
2026-09-23 23:20:39,910 LT1-thread root DEBUG btp.py                    671   core_reg_svc_rsp_succ     : response is valid
2026-09-23 23:20:39,911 LT1-thread root DEBUG btp.py                    674   core_reg_svc_rsp_succ     : Reading supported commands for service: GAP
2026-09-23 23:20:39,911 LT1-thread root DEBUG iutctl_common.py          161   send                      : 1 1 255 ''
2026-09-23 23:20:39,911 LT1-thread root DEBUG iutctl_common.py          166   send                      : sending frame '0101ff0000'
2026-09-23 23:20:39,911 LT1-thread root DEBUG iutctl_common.py          339   read                      : 
2026-09-23 23:20:39,949 BTPWorkerThread-10884 (_rx_task) root DEBUG iutctl_common.py          123   read                      : Read 5 bytes
2026-09-23 23:20:39,959 BTPWorkerThread-10884 (_rx_task) root DEBUG iutctl_common.py          131   read                      : Received: hdr: Header(svc_id=0x01, op=0x01, ctrl_index=0xff, data_len=0x07) bytearray(b'\x01\x01\xff\x07\x00')
2026-09-23 23:20:39,981 BTPWorkerThread-10884 (_rx_task) root DEBUG iutctl_common.py          139   read                      : Read 7 bytes data
2026-09-23 23:20:39,992 BTPWorkerThread-10884 (_rx_task) root DEBUG iutctl_common.py          154   read                      : Received data: {'6e ff 7f 1f fe ff 2e'}, bytearray(b'n\xff\x7f\x1f\xfe\xff.')
2026-09-23 23:20:40,009 LT1-thread root DEBUG testcase.py               254   start                     : Starting test function: class=<class 'autopts.ptsprojects.testcase.TestFunc'>, func=<bound method Stack.gap_init of <autopts.ptsprojects.stack.stack.Stack object at 0x000001E0B9424A70>> start_wid=None stop_wid=None post_wid=None skip_call=None call_count=124 args=(b'Tester_08E44E', 'ABCD', '1111', '1111', '11', '1111', b'\x17github.com/auto-pts', (8, 'PADV_Tester'), 'FF') kwds={}
2026-09-23 23:20:40,009 LT1-thread root DEBUG testcase.py               266   start                     : Test function parameters: args=(b'Tester_08E44E', 'ABCD', '1111', '1111', '11', '1111', b'\x17github.com/auto-pts', (8, 'PADV_Tester'), 'FF'), kwds={}
2026-09-23 23:20:40,010 LT1-thread root DEBUG testcase.py               254   start                     : Starting test function: class=<class 'autopts.ptsprojects.testcase.TestFunc'>, func=<function gap_read_controller_info at 0x000001E0BA29EB60> start_wid=None stop_wid=None post_wid=None skip_call=None call_count=124 args=() kwds={}
2026-09-23 23:20:40,010 LT1-thread root DEBUG testcase.py               266   start                     : Test function parameters: args=(), kwds={}
2026-09-23 23:20:40,010 LT1-thread root DEBUG gap.py                    1163  gap_read_controller_info  : 
2026-09-23 23:20:40,010 LT1-thread root DEBUG iutctl_common.py          161   send                      : 1 3 0 ''
2026-09-23 23:20:40,010 LT1-thread root DEBUG iutctl_common.py          166   send                      : sending frame '0103000000'
2026-09-23 23:20:40,010 LT1-thread root DEBUG iutctl_common.py          339   read                      : 
2026-09-23 23:20:40,046 BTPWorkerThread-10884 (_rx_task) root DEBUG iutctl_common.py          123   read                      : Read 5 bytes
2026-09-23 23:20:40,057 BTPWorkerThread-10884 (_rx_task) root DEBUG iutctl_common.py          131   read                      : Received: hdr: Header(svc_id=0x01, op=0x03, ctrl_index=0x00, data_len=0x115) bytearray(b'\x01\x03\x00\x15\x01')
2026-09-23 23:20:40,074 BTPWorkerThread-10884 (_rx_task) root DEBUG iutctl_common.py          139   read                      : Read 277 bytes data
2026-09-23 23:20:40,085 BTPWorkerThread-10884 (_rx_task) root DEBUG iutctl_common.py          154   read                      : Received data: {'19 78 ee 69 17 d0 d3 06 02 00 13 02 00 00 00 00 00 62 74 70 5f 74 65 73 74 65 72 00 00 00 00 00 00 00 00 00 00 00 00 00 00 00 00 00 00 00 00 00 00 00 00 00 00 00 00 00 00 00 00 00 00 00 00 00 00 00 00 00 00 00 00 00 00 00 00 00 00 00 00 00 00 00 00 00 00 00 00 00 00 00 00 00 00 00 00 00 00 00 00 00 00 00 00 00 00 00 00 00 00 00 00 00 00 00 00 00 00 00 00 00 00 00 00 00 00 00 00 00 00 00 00 00 00 00 00 00 00 00 00 00 00 00 00 00 00 00 00 00 00 00 00 00 00 00 00 00 00 00 00 00 00 00 00 00 00 00 00 00 00 00 00 00 00 00 00 00 00 00 00 00 00 00 00 00 00 00 00 00 00 00 00 00 00 00 00 00 00 00 00 00 00 00 00 00 00 00 00 00 00 00 00 00 00 00 00 00 00 00 00 00 00 00 00 00 00 00 00 00 00 00 00 00 00 00 00 00 00 00 00 00 00 00 00 00 00 00 00 00 00 00 00 00 00 00 00 00 00 00 00 00 00 00 00 00 00 00 00 00 00 00 00 00 00 00 00 00 00'}, bytearray(b'\x19x\xeei\x17\xd0\xd3\x06\x02\x00\x13\x02\x00\x00\x00\x00\x00btp_tester\x00\x00\x00\x00\x00\x00\x00\x00\x00\x00\x00\x00\x00\x00\x00\x00\x00\x00\x00\x00\x00\x00\x00\x00\x00\x00\x00\x00\x00\x00\x00\x00\x00\x00\x00\x00\x00\x00\x00\x00\x00\x00\x00\x00\x00\x00\x00\x00\x00\x00\x00\x00\x00\x00\x00\x00\x00\x00\x00\x00\x00\x00\x00\x00\x00\x00\x00\x00\x00\x00\x00\x00\x00\x00\x00\x00\x00\x00\x00\x00\x00\x00\x00\x00\x00\x00\x00\x00\x00\x00\x00\x00\x00\x00\x00\x00\x00\x00\x00\x00\x00\x00\x00\x00\x00\x00\x00\x00\x00\x00\x00\x00\x00\x00\x00\x00\x00\x00\x00\x00\x00\x00\x00\x00\x00\x00\x00\x00\x00\x00\x00\x00\x00\x00\x00\x00\x00\x00\x00\x00\x00\x00\x00\x00\x00\x00\x00\x00\x00\x00\x00\x00\x00\x00\x00\x00\x00\x00\x00\x00\x00\x00\x00\x00\x00\x00\x00\x00\x00\x00\x00\x00\x00\x00\x00\x00\x00\x00\x00\x00\x00\x00\x00\x00\x00\x00\x00\x00\x00\x00\x00\x00\x00\x00\x00\x00\x00\x00\x00\x00\x00\x00\x00\x00\x00\x00\x00\x00\x00\x00\x00\x00\x00\x00\x00\x00\x00\x00\x00\x00\x00\x00\x00\x00\x00\x00\x00\x00\x00\x00\x00\x00\x00\x00\x00\x00\x00\x00\x00\x00\x00\x00\x00\x00\x00\x00\x00\x00\x00\x00')
2026-09-23 23:20:40,102 LT1-thread root DEBUG gap.py                    1170  gap_read_controller_info  : received Header(svc_id=1, op=3, ctrl_index=0, data_len=277) (b'\x19x\xeei\x17\xd0\xd3\x06\x02\x00\x13\x02\x00\x00\x00\x00\x00btp_tester\x00\x00\x00\x00\x00\x00\x00\x00\x00\x00\x00\x00\x00\x00\x00\x00\x00\x00\x00\x00\x00\x00\x00\x00\x00\x00\x00\x00\x00\x00\x00\x00\x00\x00\x00\x00\x00\x00\x00\x00\x00\x00\x00\x00\x00\x00\x00\x00\x00\x00\x00\x00\x00\x00\x00\x00\x00\x00\x00\x00\x00\x00\x00\x00\x00\x00\x00\x00\x00\x00\x00\x00\x00\x00\x00\x00\x00\x00\x00\x00\x00\x00\x00\x00\x00\x00\x00\x00\x00\x00\x00\x00\x00\x00\x00\x00\x00\x00\x00\x00\x00\x00\x00\x00\x00\x00\x00\x00\x00\x00\x00\x00\x00\x00\x00\x00\x00\x00\x00\x00\x00\x00\x00\x00\x00\x00\x00\x00\x00\x00\x00\x00\x00\x00\x00\x00\x00\x00\x00\x00\x00\x00\x00\x00\x00\x00\x00\x00\x00\x00\x00\x00\x00\x00\x00\x00\x00\x00\x00\x00\x00\x00\x00\x00\x00\x00\x00\x00\x00\x00\x00\x00\x00\x00\x00\x00\x00\x00\x00\x00\x00\x00\x00\x00\x00\x00\x00\x00\x00\x00\x00\x00\x00\x00\x00\x00\x00\x00\x00\x00\x00\x00\x00\x00\x00\x00\x00\x00\x00\x00\x00\x00\x00\x00\x00\x00\x00\x00\x00\x00\x00\x00\x00\x00\x00\x00\x00\x00\x00\x00\x00\x00\x00\x00\x00\x00\x00\x00\x00\x00\x00\x00\x00\x00\x00\x00\x00\x00\x00\x00',)
2026-09-23 23:20:40,102 LT1-thread root DEBUG gap.py                    1191  gap_read_controller_info  : IUT address 'd01769ee7819' 'public'
2026-09-23 23:20:40,103 LT1-thread root DEBUG gap.py                    596   __gap_current_settings_update : 531
2026-09-23 23:20:40,103 LT1-thread root DEBUG testcase.py               254   start                     : Starting test function: class=<class 'autopts.ptsprojects.testcase.TestFunc'>, func=<function test_cases.<locals>.<lambda> at 0x000001E0BD7C6DE0> start_wid=None stop_wid=None post_wid=None skip_call=None call_count=124 args=() kwds={}
2026-09-23 23:20:40,103 LT1-thread root DEBUG testcase.py               266   start                     : Test function parameters: args=(), kwds={}
2026-09-23 23:20:40,107 LT1-thread root DEBUG testcase.py               254   start                     : Starting test function: class=<class 'autopts.ptsprojects.testcase.TestFunc'>, func=<function test_cases.<locals>.<lambda> at 0x000001E0BD7C5120> start_wid=None stop_wid=None post_wid=None skip_call=None call_count=124 args=() kwds={}
2026-09-23 23:20:40,107 LT1-thread root DEBUG testcase.py               266   start                     : Test function parameters: args=(), kwds={}
2026-09-23 23:20:40,112 LT1-thread root DEBUG testcase.py               254   start                     : Starting test function: class=<class 'autopts.ptsprojects.testcase.TestFunc'>, func=<function test_cases.<locals>.<lambda> at 0x000001E0BD7C6E80> start_wid=None stop_wid=None post_wid=None skip_call=None call_count=124 args=() kwds={}
2026-09-23 23:20:40,112 LT1-thread root DEBUG testcase.py               266   start                     : Test function parameters: args=(), kwds={}
2026-09-23 23:20:40,117 LT1-thread root DEBUG testcase.py               254   start                     : Starting test function: class=<class 'autopts.ptsprojects.testcase.TestFunc'>, func=<function test_cases.<locals>.<lambda> at 0x000001E0BD7C6F20> start_wid=None stop_wid=None post_wid=None skip_call=None call_count=124 args=() kwds={}
2026-09-23 23:20:40,117 LT1-thread root DEBUG testcase.py               266   start                     : Test function parameters: args=(), kwds={}
2026-09-23 23:20:40,121 LT1-thread root DEBUG testcase.py               254   start                     : Starting test function: class=<class 'autopts.ptsprojects.testcase.TestFunc'>, func=<function test_cases.<locals>.<lambda> at 0x000001E0BD7C6FC0> start_wid=None stop_wid=None post_wid=None skip_call=None call_count=124 args=() kwds={}
2026-09-23 23:20:40,121 LT1-thread root DEBUG testcase.py               266   start                     : Test function parameters: args=(), kwds={}
2026-09-23 23:20:40,124 LT1-thread root DEBUG testcase.py               254   start                     : Starting test function: class=<class 'autopts.ptsprojects.testcase.TestFunc'>, func=<function test_cases.<locals>.<lambda> at 0x000001E0BD7C7060> start_wid=None stop_wid=None post_wid=None skip_call=None call_count=124 args=() kwds={}
2026-09-23 23:20:40,125 LT1-thread root DEBUG testcase.py               266   start                     : Test function parameters: args=(), kwds={}
2026-09-23 23:20:40,128 LT1-thread root DEBUG testcase.py               254   start                     : Starting test function: class=<class 'autopts.ptsprojects.testcase.TestFunc'>, func=<function test_cases.<locals>.<lambda> at 0x000001E0BD7C7100> start_wid=None stop_wid=None post_wid=None skip_call=None call_count=124 args=() kwds={}
2026-09-23 23:20:40,129 LT1-thread root DEBUG testcase.py               266   start                     : Test function parameters: args=(), kwds={}
2026-09-23 23:20:40,132 LT1-thread root DEBUG testcase.py               254   start                     : Starting test function: class=<class 'autopts.ptsprojects.testcase.TestFunc'>, func=<function test_cases.<locals>.<lambda> at 0x000001E0BD7C71A0> start_wid=None stop_wid=None post_wid=None skip_call=None call_count=124 args=() kwds={}
2026-09-23 23:20:40,132 LT1-thread root DEBUG testcase.py               266   start                     : Test function parameters: args=(), kwds={}
2026-09-23 23:20:40,136 LT1-thread root DEBUG testcase.py               254   start                     : Starting test function: class=<class 'autopts.ptsprojects.testcase.TestFunc'>, func=<function test_cases.<locals>.<lambda> at 0x000001E0BD7C7240> start_wid=None stop_wid=None post_wid=None skip_call=None call_count=124 args=() kwds={}
2026-09-23 23:20:40,137 LT1-thread root DEBUG testcase.py               266   start                     : Test function parameters: args=(), kwds={}
2026-09-23 23:20:40,141 LT1-thread root DEBUG testcase.py               254   start                     : Starting test function: class=<class 'autopts.ptsprojects.testcase.TestFunc'>, func=<function test_cases.<locals>.<lambda> at 0x000001E0BD7C72E0> start_wid=None stop_wid=None post_wid=None skip_call=None call_count=124 args=() kwds={}
2026-09-23 23:20:40,141 LT1-thread root DEBUG testcase.py               266   start                     : Test function parameters: args=(), kwds={}
2026-09-23 23:20:40,145 LT1-thread root DEBUG testcase.py               254   start                     : Starting test function: class=<class 'autopts.ptsprojects.testcase.TestFunc'>, func=<function core_reg_svc_gatt at 0x000001E0BA25E2A0> start_wid=None stop_wid=None post_wid=None skip_call=None call_count=124 args=() kwds={}
2026-09-23 23:20:40,145 LT1-thread root DEBUG testcase.py               266   start                     : Test function parameters: args=(), kwds={}
2026-09-23 23:20:40,145 LT1-thread root DEBUG btp.py                    117   core_reg_svc_univ         : core_reg_svc_univ: gatt_reg (GATT)
2026-09-23 23:20:40,145 LT1-thread root DEBUG iutctl_common.py          161   send                      : 0 3 255 '2'
2026-09-23 23:20:40,145 LT1-thread root DEBUG iutctl_common.py          166   send                      : sending frame '0003ff010002'
2026-09-23 23:20:40,146 LT1-thread root DEBUG btp.py                    654   core_reg_svc_rsp_succ     : 
2026-09-23 23:20:40,146 LT1-thread root DEBUG iutctl_common.py          339   read                      : 
2026-09-23 23:20:40,181 BTPWorkerThread-10884 (_rx_task) root DEBUG iutctl_common.py          123   read                      : Read 5 bytes
2026-09-23 23:20:40,191 BTPWorkerThread-10884 (_rx_task) root DEBUG iutctl_common.py          131   read                      : Received: hdr: Header(svc_id=0x00, op=0x03, ctrl_index=0xff, data_len=0x00) bytearray(b'\x00\x03\xff\x00\x00')
2026-09-23 23:20:40,203 BTPWorkerThread-10884 (_rx_task) root DEBUG iutctl_common.py          154   read                      : Received data: {''}, bytearray(b'')
2026-09-23 23:20:40,218 LT1-thread root DEBUG btp.py                    665   core_reg_svc_rsp_succ     : received Header(svc_id=0, op=3, ctrl_index=255, data_len=0) (b'',)
2026-09-23 23:20:40,218 LT1-thread root DEBUG btp.py                    666   core_reg_svc_rsp_succ     : expected ((0, 3, 255, 0), (b'',))
2026-09-23 23:20:40,218 LT1-thread root DEBUG btp.py                    671   core_reg_svc_rsp_succ     : response is valid
2026-09-23 23:20:40,218 LT1-thread root DEBUG btp.py                    674   core_reg_svc_rsp_succ     : Reading supported commands for service: GATT
2026-09-23 23:20:40,219 LT1-thread root DEBUG iutctl_common.py          161   send                      : 2 1 255 ''
2026-09-23 23:20:40,219 LT1-thread root DEBUG iutctl_common.py          166   send                      : sending frame '0201ff0000'
2026-09-23 23:20:40,219 LT1-thread root DEBUG iutctl_common.py          339   read                      : 
2026-09-23 23:20:40,257 BTPWorkerThread-10884 (_rx_task) root DEBUG iutctl_common.py          123   read                      : Read 5 bytes
2026-09-23 23:20:40,269 BTPWorkerThread-10884 (_rx_task) root DEBUG iutctl_common.py          131   read                      : Received: hdr: Header(svc_id=0x02, op=0x01, ctrl_index=0xff, data_len=0x05) bytearray(b'\x02\x01\xff\x05\x00')
2026-09-23 23:20:40,291 BTPWorkerThread-10884 (_rx_task) root DEBUG iutctl_common.py          139   read                      : Read 5 bytes data
2026-09-23 23:20:40,302 BTPWorkerThread-10884 (_rx_task) root DEBUG iutctl_common.py          154   read                      : Received data: {'fe fe bf fd 0f'}, bytearray(b'\xfe\xfe\xbf\xfd\x0f')
2026-09-23 23:20:40,319 LT1-thread root DEBUG testcase.py               254   start                     : Starting test function: class=<class 'autopts.ptsprojects.testcase.TestFunc'>, func=<bound method Stack.gatt_init of <autopts.ptsprojects.stack.stack.Stack object at 0x000001E0B9424A70>> start_wid=None stop_wid=None post_wid=None skip_call=None call_count=124 args=() kwds={}
2026-09-23 23:20:40,319 LT1-thread root DEBUG testcase.py               266   start                     : Test function parameters: args=(), kwds={}
2026-09-23 23:20:40,320 LT1-thread root DEBUG testcase.py               254   start                     : Starting test function: class=<class 'autopts.ptsprojects.testcase.TestFunc'>, func=<function gap_set_io_capability at 0x000001E0BA29E020> start_wid=None stop_wid=None post_wid=None skip_call=None call_count=124 args=(4,) kwds={}
2026-09-23 23:20:40,320 LT1-thread root DEBUG testcase.py               266   start                     : Test function parameters: args=(4,), kwds={}
2026-09-23 23:20:40,320 LT1-thread root DEBUG gap.py                    861   gap_set_io_capability     : 4
2026-09-23 23:20:40,320 LT1-thread root DEBUG iutctl_common.py          161   send                      : 1 16 0 '\x04'
2026-09-23 23:20:40,320 LT1-thread root DEBUG iutctl_common.py          166   send                      : sending frame '011000010004'
2026-09-23 23:20:40,320 LT1-thread root DEBUG gap.py                    1229  gap_command_rsp_succ      : 
2026-09-23 23:20:40,321 LT1-thread root DEBUG iutctl_common.py          339   read                      : 
2026-09-23 23:20:40,356 BTPWorkerThread-10884 (_rx_task) root DEBUG iutctl_common.py          123   read                      : Read 5 bytes
2026-09-23 23:20:40,367 BTPWorkerThread-10884 (_rx_task) root DEBUG iutctl_common.py          131   read                      : Received: hdr: Header(svc_id=0x01, op=0x10, ctrl_index=0x00, data_len=0x00) bytearray(b'\x01\x10\x00\x00\x00')
2026-09-23 23:20:40,379 BTPWorkerThread-10884 (_rx_task) root DEBUG iutctl_common.py          154   read                      : Received data: {''}, bytearray(b'')
2026-09-23 23:20:40,396 LT1-thread root DEBUG gap.py                    1234  gap_command_rsp_succ      : received Header(svc_id=1, op=16, ctrl_index=0, data_len=0) (b'',)
2026-09-23 23:20:40,396 LT1-thread root DEBUG testcase.py               254   start                     : Starting test function: class=<class 'autopts.ptsprojects.testcase.TestFunc'>, func=<function gap_set_broadcast_code at 0x000001E0BA2A4220> start_wid=None stop_wid=None post_wid=None skip_call=None call_count=124 args=('0102680553F1415AA265BBAFC6EA03B8',) kwds={}
2026-09-23 23:20:40,397 LT1-thread root DEBUG testcase.py               266   start                     : Test function parameters: args=('0102680553F1415AA265BBAFC6EA03B8',), kwds={}
2026-09-23 23:20:40,397 LT1-thread root DEBUG gap.py                    1891  gap_set_broadcast_code    : '0102680553F1415AA265BBAFC6EA03B8'
2026-09-23 23:20:40,397 LT1-thread root DEBUG testcase.py               254   start                     : Starting test function: class=<class 'autopts.ptsprojects.testcase.TestFunc'>, func=<function set_pts_addr at 0x000001E0BA25DD00> start_wid=None stop_wid=None post_wid=None skip_call=None call_count=124 args=('00:1B:DC:08:E4:4E', 0) kwds={}
2026-09-23 23:20:40,397 LT1-thread root DEBUG testcase.py               266   start                     : Test function parameters: args=('00:1B:DC:08:E4:4E', 0), kwds={}
2026-09-23 23:20:40,397 LT1-thread root DEBUG testcase.py               254   start                     : Starting test function: class=<class 'autopts.ptsprojects.testcase.TestFunc'>, func=<function gatts_add_svc at 0x000001E0BA2B5940> start_wid=None stop_wid=None post_wid=None skip_call=None call_count=96 args=(0, 'AA51') kwds={}
2026-09-23 23:20:40,397 LT1-thread root DEBUG testcase.py               266   start                     : Test function parameters: args=(0, 'AA51'), kwds={}
2026-09-23 23:20:40,397 LT1-thread root DEBUG gatt.py                   143   gatts_add_svc             : 0 'AA51'
2026-09-23 23:20:40,397 LT1-thread root DEBUG iutctl_common.py          161   send                      : 2 2 0 "bytearray(b'\\x00\\x02Q\\xaa')"
2026-09-23 23:20:40,398 LT1-thread root DEBUG iutctl_common.py          166   send                      : sending frame '0202000400000251aa'
2026-09-23 23:20:40,398 LT1-thread root DEBUG gatt.py                   1190  gatt_command_rsp_succ     : 
2026-09-23 23:20:40,398 LT1-thread root DEBUG iutctl_common.py          339   read                      : 
2026-09-23 23:20:40,434 BTPWorkerThread-10884 (_rx_task) root DEBUG iutctl_common.py          123   read                      : Read 5 bytes
2026-09-23 23:20:40,445 BTPWorkerThread-10884 (_rx_task) root DEBUG iutctl_common.py          131   read                      : Received: hdr: Header(svc_id=0x02, op=0x02, ctrl_index=0x00, data_len=0x02) bytearray(b'\x02\x02\x00\x02\x00')
2026-09-23 23:20:40,467 BTPWorkerThread-10884 (_rx_task) root DEBUG iutctl_common.py          139   read                      : Read 2 bytes data
2026-09-23 23:20:40,478 BTPWorkerThread-10884 (_rx_task) root DEBUG iutctl_common.py          154   read                      : Received data: {'00 00'}, bytearray(b'\x00\x00')
2026-09-23 23:20:40,496 LT1-thread root DEBUG gatt.py                   1195  gatt_command_rsp_succ     : received Header(svc_id=2, op=2, ctrl_index=0, data_len=2) (b'\x00\x00',)
2026-09-23 23:20:40,496 LT1-thread root DEBUG testcase.py               254   start                     : Starting test function: class=<class 'autopts.ptsprojects.testcase.TestFunc'>, func=<function gatts_add_char at 0x000001E0BA2B5A80> start_wid=None stop_wid=None post_wid=None skip_call=None call_count=96 args=(0, 2, 17, 'AA52') kwds={}
2026-09-23 23:20:40,496 LT1-thread root DEBUG testcase.py               266   start                     : Test function parameters: args=(0, 2, 17, 'AA52'), kwds={}
2026-09-23 23:20:40,496 LT1-thread root DEBUG gatt.py                   177   gatts_add_char            : 0 2 17 'AA52'
2026-09-23 23:20:40,497 LT1-thread root DEBUG iutctl_common.py          161   send                      : 2 3 0 "bytearray(b'\\x00\\x00\\x02\\x11\\x02R\\xaa')"
2026-09-23 23:20:40,497 LT1-thread root DEBUG iutctl_common.py          166   send                      : sending frame '0203000700000002110252aa'
2026-09-23 23:20:40,497 LT1-thread root DEBUG gatt.py                   1190  gatt_command_rsp_succ     : 
2026-09-23 23:20:40,497 LT1-thread root DEBUG iutctl_common.py          339   read                      : 
2026-09-23 23:20:40,532 BTPWorkerThread-10884 (_rx_task) root DEBUG iutctl_common.py          123   read                      : Read 5 bytes
2026-09-23 23:20:40,544 BTPWorkerThread-10884 (_rx_task) root DEBUG iutctl_common.py          131   read                      : Received: hdr: Header(svc_id=0x02, op=0x03, ctrl_index=0x00, data_len=0x02) bytearray(b'\x02\x03\x00\x02\x00')
2026-09-23 23:20:40,566 BTPWorkerThread-10884 (_rx_task) root DEBUG iutctl_common.py          139   read                      : Read 2 bytes data
2026-09-23 23:20:40,577 BTPWorkerThread-10884 (_rx_task) root DEBUG iutctl_common.py          154   read                      : Received data: {'00 00'}, bytearray(b'\x00\x00')
2026-09-23 23:20:40,593 LT1-thread root DEBUG gatt.py                   1195  gatt_command_rsp_succ     : received Header(svc_id=2, op=3, ctrl_index=0, data_len=2) (b'\x00\x00',)
2026-09-23 23:20:40,593 LT1-thread root DEBUG testcase.py               254   start                     : Starting test function: class=<class 'autopts.ptsprojects.testcase.TestFunc'>, func=<function gatts_set_val at 0x000001E0BA2B5B20> start_wid=None stop_wid=None post_wid=None skip_call=None call_count=96 args=(0, '01') kwds={}
2026-09-23 23:20:40,593 LT1-thread root DEBUG testcase.py               266   start                     : Test function parameters: args=(0, '01'), kwds={}
2026-09-23 23:20:40,593 LT1-thread root DEBUG gatt.py                   209   gatts_set_val             : 0 '01' 
2026-09-23 23:20:40,594 LT1-thread root DEBUG iutctl_common.py          161   send                      : 2 6 0 "bytearray(b'\\x00\\x00\\x01\\x00\\x01')"
2026-09-23 23:20:40,594 LT1-thread root DEBUG iutctl_common.py          166   send                      : sending frame '02060005000000010001'
2026-09-23 23:20:40,594 LT1-thread root DEBUG gatt.py                   1190  gatt_command_rsp_succ     : 
2026-09-23 23:20:40,594 LT1-thread root DEBUG iutctl_common.py          339   read                      : 
2026-09-23 23:20:40,631 BTPWorkerThread-10884 (_rx_task) root DEBUG iutctl_common.py          123   read                      : Read 5 bytes
2026-09-23 23:20:40,642 BTPWorkerThread-10884 (_rx_task) root DEBUG iutctl_common.py          131   read                      : Received: hdr: Header(svc_id=0x02, op=0x06, ctrl_index=0x00, data_len=0x00) bytearray(b'\x02\x06\x00\x00\x00')
2026-09-23 23:20:40,653 BTPWorkerThread-10884 (_rx_task) root DEBUG iutctl_common.py          154   read                      : Received data: {''}, bytearray(b'')
2026-09-23 23:20:40,669 LT1-thread root DEBUG gatt.py                   1195  gatt_command_rsp_succ     : received Header(svc_id=2, op=6, ctrl_index=0, data_len=0) (b'',)
2026-09-23 23:20:40,669 LT1-thread root DEBUG testcase.py               254   start                     : Starting test function: class=<class 'autopts.ptsprojects.testcase.TestFunc'>, func=<function gatts_add_char at 0x000001E0BA2B5A80> start_wid=None stop_wid=None post_wid=None skip_call=None call_count=96 args=(0, 2, 5, 'AA53') kwds={}
2026-09-23 23:20:40,669 LT1-thread root DEBUG testcase.py               266   start                     : Test function parameters: args=(0, 2, 5, 'AA53'), kwds={}
2026-09-23 23:20:40,670 LT1-thread root DEBUG gatt.py                   177   gatts_add_char            : 0 2 5 'AA53'
2026-09-23 23:20:40,670 LT1-thread root DEBUG iutctl_common.py          161   send                      : 2 3 0 "bytearray(b'\\x00\\x00\\x02\\x05\\x02S\\xaa')"
2026-09-23 23:20:40,670 LT1-thread root DEBUG iutctl_common.py          166   send                      : sending frame '0203000700000002050253aa'
2026-09-23 23:20:40,670 LT1-thread root DEBUG gatt.py                   1190  gatt_command_rsp_succ     : 
2026-09-23 23:20:40,671 LT1-thread root DEBUG iutctl_common.py          339   read                      : 
2026-09-23 23:20:40,708 BTPWorkerThread-10884 (_rx_task) root DEBUG iutctl_common.py          123   read                      : Read 5 bytes
2026-09-23 23:20:40,718 BTPWorkerThread-10884 (_rx_task) root DEBUG iutctl_common.py          131   read                      : Received: hdr: Header(svc_id=0x02, op=0x03, ctrl_index=0x00, data_len=0x02) bytearray(b'\x02\x03\x00\x02\x00')
2026-09-23 23:20:40,740 BTPWorkerThread-10884 (_rx_task) root DEBUG iutctl_common.py          139   read                      : Read 2 bytes data
2026-09-23 23:20:40,751 BTPWorkerThread-10884 (_rx_task) root DEBUG iutctl_common.py          154   read                      : Received data: {'00 00'}, bytearray(b'\x00\x00')
2026-09-23 23:20:40,767 LT1-thread root DEBUG gatt.py                   1195  gatt_command_rsp_succ     : received Header(svc_id=2, op=3, ctrl_index=0, data_len=2) (b'\x00\x00',)
2026-09-23 23:20:40,767 LT1-thread root DEBUG testcase.py               254   start                     : Starting test function: class=<class 'autopts.ptsprojects.testcase.TestFunc'>, func=<function gatts_set_val at 0x000001E0BA2B5B20> start_wid=None stop_wid=None post_wid=None skip_call=None call_count=96 args=(0, '02') kwds={}
2026-09-23 23:20:40,767 LT1-thread root DEBUG testcase.py               266   start                     : Test function parameters: args=(0, '02'), kwds={}
2026-09-23 23:20:40,767 LT1-thread root DEBUG gatt.py                   209   gatts_set_val             : 0 '02' 
2026-09-23 23:20:40,768 LT1-thread root DEBUG iutctl_common.py          161   send                      : 2 6 0 "bytearray(b'\\x00\\x00\\x01\\x00\\x02')"
2026-09-23 23:20:40,768 LT1-thread root DEBUG iutctl_common.py          166   send                      : sending frame '02060005000000010002'
2026-09-23 23:20:40,768 LT1-thread root DEBUG gatt.py                   1190  gatt_command_rsp_succ     : 
2026-09-23 23:20:40,768 LT1-thread root DEBUG iutctl_common.py          339   read                      : 
2026-09-23 23:20:40,806 BTPWorkerThread-10884 (_rx_task) root DEBUG iutctl_common.py          123   read                      : Read 5 bytes
2026-09-23 23:20:40,818 BTPWorkerThread-10884 (_rx_task) root DEBUG iutctl_common.py          131   read                      : Received: hdr: Header(svc_id=0x02, op=0x06, ctrl_index=0x00, data_len=0x00) bytearray(b'\x02\x06\x00\x00\x00')
2026-09-23 23:20:40,830 BTPWorkerThread-10884 (_rx_task) root DEBUG iutctl_common.py          154   read                      : Received data: {''}, bytearray(b'')
2026-09-23 23:20:40,847 LT1-thread root DEBUG gatt.py                   1195  gatt_command_rsp_succ     : received Header(svc_id=2, op=6, ctrl_index=0, data_len=0) (b'',)
2026-09-23 23:20:40,847 LT1-thread root DEBUG testcase.py               254   start                     : Starting test function: class=<class 'autopts.ptsprojects.testcase.TestFunc'>, func=<function gatts_add_char at 0x000001E0BA2B5A80> start_wid=None stop_wid=None post_wid=None skip_call=None call_count=96 args=(0, 10, 48, 'AA55') kwds={}
2026-09-23 23:20:40,848 LT1-thread root DEBUG testcase.py               266   start                     : Test function parameters: args=(0, 10, 48, 'AA55'), kwds={}
2026-09-23 23:20:40,848 LT1-thread root DEBUG gatt.py                   177   gatts_add_char            : 0 10 48 'AA55'
2026-09-23 23:20:40,848 LT1-thread root DEBUG iutctl_common.py          161   send                      : 2 3 0 "bytearray(b'\\x00\\x00\\n0\\x02U\\xaa')"
2026-09-23 23:20:40,848 LT1-thread root DEBUG iutctl_common.py          166   send                      : sending frame '020300070000000a300255aa'
2026-09-23 23:20:40,849 LT1-thread root DEBUG gatt.py                   1190  gatt_command_rsp_succ     : 
2026-09-23 23:20:40,849 LT1-thread root DEBUG iutctl_common.py          339   read                      : 
2026-09-23 23:20:40,884 BTPWorkerThread-10884 (_rx_task) root DEBUG iutctl_common.py          123   read                      : Read 5 bytes
2026-09-23 23:20:40,895 BTPWorkerThread-10884 (_rx_task) root DEBUG iutctl_common.py          131   read                      : Received: hdr: Header(svc_id=0x02, op=0x03, ctrl_index=0x00, data_len=0x02) bytearray(b'\x02\x03\x00\x02\x00')
2026-09-23 23:20:40,917 BTPWorkerThread-10884 (_rx_task) root DEBUG iutctl_common.py          139   read                      : Read 2 bytes data
2026-09-23 23:20:40,928 BTPWorkerThread-10884 (_rx_task) root DEBUG iutctl_common.py          154   read                      : Received data: {'00 00'}, bytearray(b'\x00\x00')
2026-09-23 23:20:40,945 LT1-thread root DEBUG gatt.py                   1195  gatt_command_rsp_succ     : received Header(svc_id=2, op=3, ctrl_index=0, data_len=2) (b'\x00\x00',)
2026-09-23 23:20:40,945 LT1-thread root DEBUG testcase.py               254   start                     : Starting test function: class=<class 'autopts.ptsprojects.testcase.TestFunc'>, func=<function gatts_set_val at 0x000001E0BA2B5B20> start_wid=None stop_wid=None post_wid=None skip_call=None call_count=96 args=(0, '04') kwds={}
2026-09-23 23:20:40,945 LT1-thread root DEBUG testcase.py               266   start                     : Test function parameters: args=(0, '04'), kwds={}
2026-09-23 23:20:40,945 LT1-thread root DEBUG gatt.py                   209   gatts_set_val             : 0 '04' 
2026-09-23 23:20:40,946 LT1-thread root DEBUG iutctl_common.py          161   send                      : 2 6 0 "bytearray(b'\\x00\\x00\\x01\\x00\\x04')"
2026-09-23 23:20:40,946 LT1-thread root DEBUG iutctl_common.py          166   send                      : sending frame '02060005000000010004'
2026-09-23 23:20:40,946 LT1-thread root DEBUG gatt.py                   1190  gatt_command_rsp_succ     : 
2026-09-23 23:20:40,946 LT1-thread root DEBUG iutctl_common.py          339   read                      : 
2026-09-23 23:20:40,983 BTPWorkerThread-10884 (_rx_task) root DEBUG iutctl_common.py          123   read                      : Read 5 bytes
2026-09-23 23:20:40,994 BTPWorkerThread-10884 (_rx_task) root DEBUG iutctl_common.py          131   read                      : Received: hdr: Header(svc_id=0x02, op=0x06, ctrl_index=0x00, data_len=0x00) bytearray(b'\x02\x06\x00\x00\x00')
2026-09-23 23:20:41,004 BTPWorkerThread-10884 (_rx_task) root DEBUG iutctl_common.py          154   read                      : Received data: {''}, bytearray(b'')
2026-09-23 23:20:41,020 LT1-thread root DEBUG gatt.py                   1195  gatt_command_rsp_succ     : received Header(svc_id=2, op=6, ctrl_index=0, data_len=0) (b'',)
2026-09-23 23:20:41,020 LT1-thread root DEBUG testcase.py               254   start                     : Starting test function: class=<class 'autopts.ptsprojects.testcase.TestFunc'>, func=<function gatts_start_server at 0x000001E0BA2B5DA0> start_wid=None stop_wid=None post_wid=None skip_call=None call_count=96 args=() kwds={}
2026-09-23 23:20:41,021 LT1-thread root DEBUG testcase.py               266   start                     : Test function parameters: args=(), kwds={}
2026-09-23 23:20:41,021 LT1-thread root DEBUG gatt.py                   306   gatts_start_server        : 
2026-09-23 23:20:41,021 LT1-thread root DEBUG iutctl_common.py          161   send                      : 2 7 0 ''
2026-09-23 23:20:41,021 LT1-thread root DEBUG iutctl_common.py          166   send                      : sending frame '0207000000'
2026-09-23 23:20:41,022 LT1-thread root DEBUG gatt.py                   1190  gatt_command_rsp_succ     : 
2026-09-23 23:20:41,022 LT1-thread root DEBUG iutctl_common.py          339   read                      : 
2026-09-23 23:20:41,062 BTPWorkerThread-10884 (_rx_task) root DEBUG iutctl_common.py          123   read                      : Read 5 bytes
2026-09-23 23:20:41,073 BTPWorkerThread-10884 (_rx_task) root DEBUG iutctl_common.py          131   read                      : Received: hdr: Header(svc_id=0x02, op=0x07, ctrl_index=0x00, data_len=0x03) bytearray(b'\x02\x07\x00\x03\x00')
2026-09-23 23:20:41,095 BTPWorkerThread-10884 (_rx_task) root DEBUG iutctl_common.py          139   read                      : Read 3 bytes data
2026-09-23 23:20:41,106 BTPWorkerThread-10884 (_rx_task) root DEBUG iutctl_common.py          154   read                      : Received data: {'00 00 00'}, bytearray(b'\x00\x00\x00')
2026-09-23 23:20:41,122 LT1-thread root DEBUG gatt.py                   1195  gatt_command_rsp_succ     : received Header(svc_id=2, op=7, ctrl_index=0, data_len=3) (b'\x00\x00\x00',)
2026-09-23 23:20:41,125 LT1-thread root DEBUG client.py                 276   get_result                : ClientCallback.get_result run_test_case
2026-09-23 23:20:47,919 LT1-callback ClientCallback.log INFO client.py                 200   log                       : PTS_LOGTYPE_START_TEST Start Test Case 

+1656 ms
 GAP/SEC/SEM/BV-35-C GAP/SEC/SEM/BV-35-C

2026-09-23 23:20:48,076 LT1-callback ClientCallback.log INFO client.py                 200   log                       : PTS_LOGTYPE_FINAL_VERDICT Final Verdict 

+5453 ms
 GAP/SEC/SEM/BV-35-C INDCSV

2026-09-23 23:20:48,080 LT1-callback ClientCallback.log INFO client.py                 200   log                       : PTS_LOGTYPE_FINAL_VERDICT Encrypted Verdict 

+5453 ms
 GAP/SEC/SEM/BV-35-C A1#NDY3OTJlOWI0YWM5MjFhYTE1NjFhOTU3NWM1YjM2ZjQxNWJiNzIyMmEzYmQyNzEyMjBhNWI0NGI3MTc2NmRiMQ==#/OMgsed/jMBHSsL0OORaYW9y8apfJP8YTZbzuuaBaQkDeddOqY0KcvCZ8MaVzTMY

2026-09-23 23:20:48,085 LT1-callback ClientCallback.log INFO client.py                 200   log                       : PTS_LOGTYPE_END_TEST Test Case Ended 

+5453 ms
 GAP/SEC/SEM/BV-35-C GAP/SEC/SEM/BV-35-C

2026-09-23 23:20:48,248 LT1-callback root DEBUG client.py                 261   set_result                : ClientCallback, set_result, run_test_case, INDCSV
2026-09-23 23:20:48,249 LT1-thread root DEBUG client.py                 1186  _run_test_case            : After run_test_case error_code=0 status='INDCSV'
2026-09-23 23:20:48,249 LT1-thread root DEBUG testcase.py               766   post_run                  : post_run GAP GAP/SEC/SEM/BV-35-C 0
2026-09-23 23:20:48,249 LT1-thread root DEBUG testcase.py               254   start                     : Starting test function: class=<class 'autopts.ptsprojects.testcase.TestFuncCleanUp'>, func=<bound method ZTestCase._test_case_cleanup of <autopts.ptsprojects.zephyr.ztestcase.ZTestCase object at 0x000001E0BD849D90>> start_wid=None stop_wid=None post_wid=None skip_call=None call_count=2 args=() kwds={}
2026-09-23 23:20:48,250 LT1-thread root DEBUG testcase.py               266   start                     : Test function parameters: args=(), kwds={}
2026-09-23 23:20:48,250 MainThread root DEBUG client.py                 1313  run_test_case             : Interrupting GAP GAP/SEC/SEM/BV-35-C test case of thread LT1-thread
2026-09-23 23:20:48,250 LT1-thread root DEBUG iutctl.py                 415   stop                      : <class 'autopts.ptsprojects.zephyr.iutctl.create_zephyr_ctl_class.<locals>.ZephyrCtl'>.stop
2026-09-23 23:20:48,250 LT1-thread root DEBUG __init__.py               51    reset                     : About to reset DUT: JLink -CommandFile reset.jlink -usb 1063214216 -device MIMXRT1176XXXA_M7
2026-09-23 23:20:48,557 BTPWorkerThread-10884 (_rx_task) root DEBUG iutctl_common.py          123   read                      : Read 5 bytes
2026-09-23 23:20:48,557 BTPWorkerThread-10884 (_rx_task) root DEBUG iutctl_common.py          131   read                      : Received: hdr: Header(svc_id=0x00, op=0x80, ctrl_index=0xff, data_len=0x00) bytearray(b'\x00\x80\xff\x00\x00')
2026-09-23 23:20:48,557 BTPWorkerThread-10884 (_rx_task) root DEBUG iutctl_common.py          154   read                      : Received data: {''}, bytearray(b'')
2026-09-23 23:20:48,557 BTPWorkerThread-10884 (_rx_task) root DEBUG btp.py                    736   event_handler             : Header(svc_id=0, op=128, ctrl_index=255, data_len=0) (b'',)
2026-09-23 23:20:48,558 BTPWorkerThread-10884 (_rx_task) root DEBUG core.py                   23    core_iut_ready_ev         : 
2026-09-23 23:20:48,632 LT1-thread root DEBUG iutctl.py                 436   _stop_tty_mode            : IUT ready event received OK
2026-09-23 23:20:48,632 LT1-thread root DEBUG iutctl_common.py          416   close                     : Waiting for _rx_worker to finish ...
2026-09-23 23:20:49,559 BTPWorkerThread-10884 (_rx_task) root DEBUG iutctl_common.py          332   _rx_task                  : BTPWorkerThread-10884 (_rx_task) finishing...
2026-09-23 23:20:52,565 LT1-thread root DEBUG testcase.py               794   post_run                  : post_run, cleanup running post test case script
2026-09-23 23:20:52,565 LT1-thread root DEBUG testcase.py               802   post_run                  : post_run, run post test case script
2026-09-23 23:20:52,642 LT1-thread root DEBUG client.py                 1220  _run_test_case            : Done TestCase _run_test_case GAP GAP/SEC/SEM/BV-35-C
