11:56:43:472    > BTP_CORE_CMD_READ_SUPPORTED_SERVICES (0x00|0x02|0xff)
                  raw data (0): 00 02 ff 00 00|
11:56:43:524    < BTP_CORE_CMD_READ_SUPPORTED_SERVICES (0x00|0x02|0xff)
                  raw data (5): 00 02 ff 05 00|0f 00 00 a0 03
11:56:43:530    > BTP_CORE_CMD_REGISTER_SERVICE (0x00|0x03|0xff)
                  raw data (1): 00 03 ff 01 00|01
11:56:47:640    < BTP_CORE_CMD_REGISTER_SERVICE (0x00|0x03|0xff)
                  raw data (0): 00 03 ff 00 00|
11:56:47:641    > BTP_GAP_CMD_READ_SUPPORTED_COMMANDS (0x01|0x01|0xff)
                  raw data (0): 01 01 ff 00 00|
11:56:47:711    < BTP_GAP_CMD_READ_SUPPORTED_COMMANDS (0x01|0x01|0xff)
                  raw data (7): 01 01 ff 07 00|6e ff 7f 1f fe ff 0e
11:56:47:712    > BTP_GAP_CMD_READ_CONTROLLER_INFO (0x01|0x03|0x00)
                  raw data (0): 01 03 00 00 00|
11:56:47:794    < BTP_GAP_CMD_READ_CONTROLLER_INFO (0x01|0x03|0x00)
                  raw data (277): 
                  01 03 00 15 01|19 78 ee 69 17 d0 d3 06 02 00 13 
                  02 00 00 00 00 00 62 74 70 5f 74 65 73 74 65 72 
                  00 00 00 00 00 00 00 00 00 00 00 00 00 00 00 00 
                  00 00 00 00 00 00 00 00 00 00 00 00 00 00 00 00 
                  00 00 00 00 00 00 00 00 00 00 00 00 00 00 00 00 
                  00 00 00 00 00 00 00 00 00 00 00 00 00 00 00 00 
                  00 00 00 00 00 00 00 00 00 00 00 00 00 00 00 00 
                  00 00 00 00 00 00 00 00 00 00 00 00 00 00 00 00 
                  00 00 00 00 00 00 00 00 00 00 00 00 00 00 00 00 
                  00 00 00 00 00 00 00 00 00 00 00 00 00 00 00 00 
                  00 00 00 00 00 00 00 00 00 00 00 00 00 00 00 00 
                  00 00 00 00 00 00 00 00 00 00 00 00 00 00 00 00 
                  00 00 00 00 00 00 00 00 00 00 00 00 00 00 00 00 
                  00 00 00 00 00 00 00 00 00 00 00 00 00 00 00 00 
                  00 00 00 00 00 00 00 00 00 00 00 00 00 00 00 00 
                  00 00 00 00 00 00 00 00 00 00 00 00 00 00 00 00 
                  00 00 00 00 00 00 00 00 00 00 00 00 00 00 00 00 
                  00 00 00 00 00 00 00 00 00 00
11:56:47:813    > BTP_CORE_CMD_REGISTER_SERVICE (0x00|0x03|0xff)
                  raw data (31): 00 03 ff 01 00|1f
11:56:47:866    < BTP_CORE_CMD_REGISTER_SERVICE (0x00|0x03|0xff)
                  raw data (0): 00 03 ff 00 00|
11:56:47:876    > BTP_SDP_CMD_READ_SUPPORTED_COMMANDS (0x1f|0x01|0xff)
                  raw data (0): 1f 01 ff 00 00|
11:56:47:947    < BTP_SDP_CMD_READ_SUPPORTED_COMMANDS (0x1f|0x01|0xff)
                  raw data (1): 1f 01 ff 01 00|1e
11:56:47:964    > BTP_CORE_CMD_REGISTER_SERVICE (0x00|0x03|0xff)
                  raw data (32): 00 03 ff 01 00|20
11:56:48:026    < BTP_CORE_CMD_REGISTER_SERVICE (0x00|0x03|0xff)
                  raw data (0): 00 03 ff 00 00|
11:56:48:042    > BTP_RFCOMM_CMD_READ_SUPPORTED_COMMANDS (0x20|0x01|0xff)
                  raw data (0): 20 01 ff 00 00|
11:56:48:105    < BTP_RFCOMM_CMD_READ_SUPPORTED_COMMANDS (0x20|0x01|0xff)
                  raw data (1): 20 01 ff 01 00|fe
11:56:48:106    > BTP_CORE_CMD_REGISTER_SERVICE (0x00|0x03|0xff)
                  raw data (33): 00 03 ff 01 00|21
11:56:48:172    < BTP_CORE_CMD_REGISTER_SERVICE (0x00|0x03|0xff)
                  raw data (0): 00 03 ff 00 00|
11:56:48:177    > BTP_OPP_CMD_READ_SUPPORTED_COMMANDS (0x21|0x01|0xff)
                  raw data (0): 21 01 ff 00 00|
11:56:48:226    < BTP_OPP_CMD_READ_SUPPORTED_COMMANDS (0x21|0x01|0xff)
                  raw data (5): 21 01 ff 05 00|02 00 ff 01 7f
11:56:48:238    > BTP_GAP_CMD_UNPAIR (0x01|0x12|0x00)
                  raw data (7): 01 12 00 07 00|e0 4e e4 08 dc 1b 00
11:56:48:287    < BTP_GAP_CMD_UNPAIR (0x01|0x12|0x00)
                  raw data (0): 01 12 00 00 00|
11:56:55:303    > BTP_GAP_CMD_CONNECT (0x01|0x0e|0x00)
                  raw data (8): 01 0e 00 08 00|e0 4e e4 08 dc 1b 00 00
11:56:55:356    < BTP_GAP_CMD_CONNECT (0x01|0x0e|0x00)
                  raw data (0): 01 0e 00 00 00|
11:56:58:274    < BTP_GAP_EV_DEVICE_CONNECTED (0x01|0x82|0x00)
                  raw data (13): 
                  01 82 00 0d 00|e0 4e e4 08 dc 1b 00 00 00 00 00 
                  00 00
11:56:58:276    > BTP_OPP_CMD_DISCOVER (0x21|0x10|0x00)
                  raw data (0): 21 10 00 00 00|
11:56:58:340    < BTP_OPP_CMD_DISCOVER (0x21|0x10|0x00)
                  raw data (0): 21 10 00 00 00|
11:56:58:393    < BTP_OPP_EV_DISCOVERED (0x21|0x80|0x00)
                  raw data (5): 21 80 00 05 00|08 03 04 01 03
11:56:58:454    > BTP_OPP_CMD_CLIENT_TRANSPORT_CONNECT (0x21|0x11|0x00)
                  raw data (1): 21 11 00 01 00|08
11:56:58:510    < BTP_OPP_CMD_CLIENT_TRANSPORT_CONNECT (0x21|0x11|0x00)
                  raw data (0): 21 11 00 00 00|
11:57:00:252    < BTP_GAP_EV_ENCRYPTION_CHANGE (0x01|0x91|0x00)
                  raw data (9): 01 91 00 09 00|e0 4e e4 08 dc 1b 00 01 10
11:57:00:253    < BTP_GAP_EV_SEC_LEVEL_CHANGED (0x01|0x89|0x00)
                  raw data (8): 01 89 00 08 00|e0 4e e4 08 dc 1b 00 02
11:57:00:305    < BTP_OPP_EV_CLIENT_TRANSPORT_CONNECTED (0x21|0x81|0x00)
                  raw data (0): 21 81 00 00 00|
11:57:01:334    > BTP_OPP_CMD_CLIENT_CONNECT (0x21|0x13|0x00)
                  raw data (2): 21 13 00 02 00|ff ff
11:57:01:387    < BTP_OPP_CMD_CLIENT_CONNECT (0x21|0x13|0x00)
                  raw data (0): 21 13 00 00 00|
11:57:01:388    < BTP_OPP_EV_CLIENT_CONNECTED (0x21|0x83|0x00)
                  raw data (4): 21 83 00 04 00|a0 10 05 01
11:57:02:492    > BTP_OPP_CMD_CLIENT_PUSH (0x21|0x15|0x00)
                  raw data (126): 
                  21 15 00 7e 00|57 00 00 00 01 12 0c 57 00 00 74 
                  00 65 00 73 00 74 00 2e 00 76 00 63 00 66 00 00 
                  74 65 78 74 2f 78 2d 76 63 61 72 64 42 45 47 49 
                  4e 3a 56 43 41 52 44 0d 0a 56 45 52 53 49 4f 4e 
                  3a 32 2e 31 0d 0a 46 4e 3a 50 54 53 20 54 65 73 
                  74 0d 0a 4e 3a 54 65 73 74 3b 50 54 53 3b 3b 3b 
                  0d 0a 54 45 4c 3b 43 45 4c 4c 3a 2b 31 32 33 34 
                  35 36 37 38 39 30 0d 0a 45 4e 44 3a 56 43 41 52 
                  44 0d 0a
11:57:02:547    < BTP_OPP_CMD_CLIENT_PUSH (0x21|0x15|0x00)
                  raw data (0): 21 15 00 00 00|
11:57:02:559    < BTP_OPP_EV_CLIENT_PUSH (0x21|0x85|0x00)
                  raw data (1): 21 85 00 01 00|c3
11:57:07:577    < BTP_GAP_EV_DEVICE_DISCONNECTED (0x01|0x83|0x00)
                  raw data (7): 01 83 00 07 00|e0 4e e4 08 dc 1b 00
11:57:07:578    < BTP_OPP_EV_CLIENT_TRANSPORT_DISCONNECTED (0x21|0x82|0x00)
                  raw data (0): 21 82 00 00 00|
11:57:11:007    < BTP_CORE_EV_IUT_READY (0x00|0x80|0xff)
                  raw data (0): 00 80 ff 00 00|
