15:05:46:532    > BTP_CORE_CMD_READ_SUPPORTED_SERVICES (0x00|0x02|0xff)
                  raw data (0): 00 02 ff 00 00|
15:05:46:566    < BTP_CORE_CMD_READ_SUPPORTED_SERVICES (0x00|0x02|0xff)
                  raw data (6): 00 02 ff 06 00|0f 00 00 a0 ff 03
15:05:46:582    > BTP_CORE_CMD_REGISTER_SERVICE (0x00|0x03|0xff)
                  raw data (1): 00 03 ff 01 00|01
15:05:50:721    < BTP_CORE_CMD_REGISTER_SERVICE (0x00|0x03|0xff)
                  raw data (0): 00 03 ff 00 00|
15:05:50:722    > BTP_GAP_CMD_READ_SUPPORTED_COMMANDS (0x01|0x01|0xff)
                  raw data (0): 01 01 ff 00 00|
15:05:50:794    < BTP_GAP_CMD_READ_SUPPORTED_COMMANDS (0x01|0x01|0xff)
                  raw data (7): 01 01 ff 07 00|6e ff 7f 1f fe ff 2e
15:05:50:800    > BTP_GAP_CMD_READ_CONTROLLER_INFO (0x01|0x03|0x00)
                  raw data (0): 01 03 00 00 00|
15:05:50:874    < BTP_GAP_CMD_READ_CONTROLLER_INFO (0x01|0x03|0x00)
                  raw data (277): 
                  01 03 00 15 01|19 78 ee 69 17 d0 d3 06 02 00 13 
                  02 00 00 00 00 00 62 74 70 5f 74 65 73 74 65 72 
                  00 00 00 00 00 00 00 00 00 00 00 00 00 00 00 00 
                  00 00 00 00 00 00 00 00 00 00 00 00 00 00 00 00 
                  00 00 00 00 00 00 00 00 00 00 00 00 00 00 00 00 
                  00 00 00 00 00 00 00 00 00 00 00 00 00 00 00 00 
                  00 00 00 00 00 00 00 00 00 00 00 00 00 00 00 00 
                  00 00 00 00 00 00 00 00 00 00 00 00 00 00 00 00 
                  00 00 00 00 00 00 00 00 00 00 00 00 00 00 00 00 
                  00 00 00 00 00 00 00 00 00 00 00 00 00 00 00 00 
                  00 00 00 00 00 00 00 00 00 00 00 00 00 00 00 00 
                  00 00 00 00 00 00 00 00 00 00 00 00 00 00 00 00 
                  00 00 00 00 00 00 00 00 00 00 00 00 00 00 00 00 
                  00 00 00 00 00 00 00 00 00 00 00 00 00 00 00 00 
                  00 00 00 00 00 00 00 00 00 00 00 00 00 00 00 00 
                  00 00 00 00 00 00 00 00 00 00 00 00 00 00 00 00 
                  00 00 00 00 00 00 00 00 00 00 00 00 00 00 00 00 
                  00 00 00 00 00 00 00 00 00 00
15:05:50:980    > BTP_CORE_CMD_REGISTER_SERVICE (0x00|0x03|0xff)
                  raw data (2): 00 03 ff 01 00|02
15:05:51:016    < BTP_CORE_CMD_REGISTER_SERVICE (0x00|0x03|0xff)
                  raw data (0): 00 03 ff 00 00|
15:05:51:033    > BTP_GATT_CMD_READ_SUPPORTED_COMMANDS (0x02|0x01|0xff)
                  raw data (0): 02 01 ff 00 00|
15:05:51:115    < BTP_GATT_CMD_READ_SUPPORTED_COMMANDS (0x02|0x01|0xff)
                  raw data (5): 02 01 ff 05 00|fe fe bf fd 0f
15:05:51:134    > BTP_GAP_CMD_SET_IO_CAP (0x01|0x10|0x00)
                  raw data (1): 01 10 00 01 00|04
15:05:51:187    < BTP_GAP_CMD_SET_IO_CAP (0x01|0x10|0x00)
                  raw data (0): 01 10 00 00 00|
15:05:51:199    > BTP_GATT_CMD_ADD_SERVICE (0x02|0x02|0x00)
                  raw data (4): 02 02 00 04 00|00 02 51 aa
15:05:51:259    < BTP_GATT_CMD_ADD_SERVICE (0x02|0x02|0x00)
                  raw data (2): 02 02 00 02 00|00 00
15:05:51:276    > BTP_GATT_CMD_ADD_CHARACTERISTIC (0x02|0x03|0x00)
                  raw data (7): 02 03 00 07 00|00 00 02 11 02 52 aa
15:05:51:352    < BTP_GATT_CMD_ADD_CHARACTERISTIC (0x02|0x03|0x00)
                  raw data (2): 02 03 00 02 00|00 00
15:05:51:369    > BTP_GATT_CMD_SET_VALUE (0x02|0x06|0x00)
                  raw data (5): 02 06 00 05 00|00 00 01 00 01
15:05:51:429    < BTP_GATT_CMD_SET_VALUE (0x02|0x06|0x00)
                  raw data (0): 02 06 00 00 00|
15:05:51:440    > BTP_GATT_CMD_ADD_CHARACTERISTIC (0x02|0x03|0x00)
                  raw data (7): 02 03 00 07 00|00 00 02 05 02 53 aa
15:05:51:513    < BTP_GATT_CMD_ADD_CHARACTERISTIC (0x02|0x03|0x00)
                  raw data (2): 02 03 00 02 00|00 00
15:05:51:524    > BTP_GATT_CMD_SET_VALUE (0x02|0x06|0x00)
                  raw data (5): 02 06 00 05 00|00 00 01 00 02
15:05:51:570    < BTP_GATT_CMD_SET_VALUE (0x02|0x06|0x00)
                  raw data (0): 02 06 00 00 00|
15:05:51:582    > BTP_GATT_CMD_ADD_CHARACTERISTIC (0x02|0x03|0x00)
                  raw data (7): 02 03 00 07 00|00 00 0a 30 02 55 aa
15:05:51:652    < BTP_GATT_CMD_ADD_CHARACTERISTIC (0x02|0x03|0x00)
                  raw data (2): 02 03 00 02 00|00 00
15:05:51:658    > BTP_GATT_CMD_SET_VALUE (0x02|0x06|0x00)
                  raw data (5): 02 06 00 05 00|00 00 01 00 04
15:05:51:714    < BTP_GATT_CMD_SET_VALUE (0x02|0x06|0x00)
                  raw data (0): 02 06 00 00 00|
15:05:51:732    > BTP_GATT_CMD_START_SERVER (0x02|0x07|0x00)
                  raw data (0): 02 07 00 00 00|
15:05:51:791    < BTP_GATT_CMD_START_SERVER (0x02|0x07|0x00)
                  raw data (3): 02 07 00 03 00|00 00 00
15:05:53:810    > BTP_GAP_CMD_START_DISCOVERY (0x01|0x0c|0x00)
                  raw data (1): 01 0c 00 01 00|09
15:05:53:860    < BTP_GAP_CMD_START_DISCOVERY (0x01|0x0c|0x00)
                  raw data (0): 01 0c 00 00 00|
15:05:53:867    < BTP_GAP_EV_DEVICE_FOUND (0x01|0x81|0x00)
                  raw data (64): 
                  01 81 00 40 00|01 5f 90 d5 b2 96 ff ad 07 35 00 
                  02 01 06 11 07 02 00 00 7a 17 00 00 80 00 10 00 
                  00 00 98 00 00 02 0a 00 07 08 44 31 35 4f 55 54 
                  14 ff 2e 01 15 49 d3 b6 00 b6 2a 46 4c 30 4d 30 
                  4a 30 30 36 47
15:05:53:869    < BTP_GAP_EV_DEVICE_FOUND (0x01|0x81|0x00)
                  raw data (30): 
                  01 81 00 1e 00|01 bd 22 46 13 e2 57 a0 03 13 00 
                  02 01 1a 02 0a 0c 0c ff 4c 00 10 07 2e 1f 7f 3c 
                  ca 43 38
15:05:53:870    < BTP_GAP_EV_DEVICE_FOUND (0x01|0x81|0x00)
                  raw data (67): 
                  01 81 00 43 00|01 a5 66 69 18 96 d0 a7 07 38 00 
                  02 01 06 1a ff 4c 00 02 15 00 00 99 99 00 00 10 
                  00 80 00 00 17 7a 00 00 02 aa aa bb bb ce 04 08 
                  44 32 33 14 ff 2e 01 15 49 d3 b6 00 b6 2a 46 4c 
                  30 4d 30 4a 30 30 37 37
15:05:53:871    < BTP_GAP_EV_DEVICE_FOUND (0x01|0x81|0x00)
                  raw data (51): 
                  01 81 00 33 00|01 cc 3e aa d5 bb 62 ac 07 28 00 
                  02 01 1a 02 0a 0c 0c ff 4c 00 10 07 33 1f c7 93 
                  7f 73 88 14 ff 4c 00 01 00 00 00 00 00 00 00 00 
                  00 00 00 00 00 10 00 00
15:05:53:899    < BTP_GAP_EV_DEVICE_FOUND (0x01|0x81|0x00)
                  raw data (42): 
                  01 81 00 2a 00|01 a2 eb d5 b3 ab 5c a7 03 1f 00 
                  02 01 02 17 ff 8f 03 2a 11 34 61 6a 4a 10 30 41 
                  a2 01 15 26 29 d9 f0 57 01 03 02 03 03 aa fd
15:05:53:900    < BTP_GAP_EV_DEVICE_FOUND (0x01|0x81|0x00)
                  raw data (61): 
                  01 81 00 3d 00|01 11 d3 ab 9c 0a ff ad 07 32 00 
                  02 01 06 11 07 02 00 00 7a 17 00 00 80 00 10 00 
                  00 00 98 00 00 02 0a 00 04 08 44 32 31 14 ff 2e 
                  01 15 49 d3 b6 00 b6 2a 46 4c 30 4d 30 4a 30 30 
                  37 30
15:05:53:901    < BTP_GAP_EV_DEVICE_FOUND (0x01|0x81|0x00)
                  raw data (28): 
                  01 81 00 1c 00|01 c3 7a 71 2c ec 68 a2 07 11 00 
                  02 01 1a 02 0a 0c 0a ff 4c 00 10 05 0c 18 f3 6b 
                  f3
15:05:53:911    < BTP_GAP_EV_DEVICE_FOUND (0x01|0x81|0x00)
                  raw data (61): 
                  01 81 00 3d 00|01 88 48 0f 5c 42 d6 a5 07 32 00 
                  02 01 06 11 07 02 00 00 7a 17 00 00 80 00 10 00 
                  00 00 98 00 00 02 0a 00 04 08 44 31 32 14 ff 2e 
                  01 15 49 d3 b6 00 b6 2a 46 4c 30 4d 30 4a 30 30 
                  36 4d
15:05:53:922    < BTP_GAP_EV_DEVICE_FOUND (0x01|0x81|0x00)
                  raw data (67): 
                  01 81 00 43 00|01 11 45 b1 8a 55 d7 aa 07 38 00 
                  02 01 06 1a ff 4c 00 02 15 00 00 99 99 00 00 10 
                  00 80 00 00 17 7a 00 00 02 aa aa bb bb ce 04 08 
                  44 32 32 14 ff 2e 01 15 49 d3 b6 00 b6 2a 46 4c 
                  30 4d 30 4a 30 30 56 4e
15:05:53:922    < BTP_GAP_EV_DEVICE_FOUND (0x01|0x81|0x00)
                  raw data (61): 
                  01 81 00 3d 00|01 1d 1e 8b 0a 2e d2 a7 07 32 00 
                  02 01 06 11 07 02 00 00 7a 17 00 00 80 00 10 00 
                  00 00 98 00 00 02 0a 00 04 08 44 32 30 14 ff 2e 
                  01 15 49 d3 b6 00 b6 2a 46 4c 30 4d 30 4a 30 30 
                  4d 56
15:05:53:944    < BTP_GAP_EV_DEVICE_FOUND (0x01|0x81|0x00)
                  raw data (64): 
                  01 81 00 40 00|01 5f 90 d5 b2 96 ff a9 07 35 00 
                  02 01 06 11 07 02 00 00 7a 17 00 00 80 00 10 00 
                  00 00 98 00 00 02 0a 00 07 08 44 31 35 4f 55 54 
                  14 ff 2e 01 15 49 d3 b6 00 b6 2a 46 4c 30 4d 30 
                  4a 30 30 36 47
15:05:53:944    < BTP_GAP_EV_DEVICE_FOUND (0x01|0x81|0x00)
                  raw data (35): 
                  01 81 00 23 00|01 11 45 b1 8a 55 d7 a6 03 18 00 
                  02 01 06 11 07 02 00 00 7a 17 00 00 80 00 10 00 
                  00 00 98 00 00 02 0a 00
15:05:53:955    < BTP_GAP_EV_DEVICE_FOUND (0x01|0x81|0x00)
                  raw data (28): 
                  01 81 00 1c 00|01 e0 37 20 76 7c 69 b9 03 11 00 
                  02 01 1a 0a ff 4c 00 10 05 0b 18 4f 38 1f 02 0a 
                  00
15:05:53:955    < BTP_GAP_EV_DEVICE_FOUND (0x01|0x81|0x00)
                  raw data (29): 
                  01 81 00 1d 00|01 ff fd 80 56 d3 72 b6 07 12 00 
                  02 01 1a 02 0a 07 0b ff 4c 00 10 06 23 1a 6a 9d 
                  cb c9
15:05:53:988    < BTP_GAP_EV_DEVICE_FOUND (0x01|0x81|0x00)
                  raw data (29): 
                  01 81 00 1d 00|01 e5 b5 59 e6 2e 5d a7 03 12 00 
                  02 01 1a 02 0a 0c 0b ff 4c 00 10 06 16 19 5a f0 
                  8f 08
15:05:53:989    < BTP_GAP_EV_DEVICE_FOUND (0x01|0x81|0x00)
                  raw data (67): 
                  01 81 00 43 00|01 1d 1e 8b 0a 2e d2 a7 07 38 00 
                  02 01 06 1a ff 4c 00 02 15 00 00 99 99 00 00 10 
                  00 80 00 00 17 7a 00 00 02 aa aa bb bb ce 04 08 
                  44 32 30 14 ff 2e 01 15 49 d3 b6 00 b6 2a 46 4c 
                  30 4d 30 4a 30 30 4d 56
15:05:53:990    < BTP_GAP_EV_DEVICE_FOUND (0x01|0x81|0x00)
                  raw data (29): 
                  01 81 00 1d 00|01 ab aa c3 73 73 53 a0 03 12 00 
                  02 01 1a 02 0a 0b 0b ff 4c 00 10 06 33 1e 60 b9 
                  82 43
15:05:54:000    < BTP_GAP_EV_DEVICE_FOUND (0x01|0x81|0x00)
                  raw data (61): 
                  01 81 00 3d 00|01 76 b0 8b 6e 92 e0 a7 07 32 00 
                  02 01 06 11 07 02 00 00 7a 17 00 00 80 00 10 00 
                  00 00 98 00 00 02 0a 00 04 08 44 32 34 14 ff 2e 
                  01 15 49 d3 b6 00 b6 2a 46 4c 30 4d 30 4a 30 33 
                  37 37
15:05:54:032    < BTP_GAP_EV_DEVICE_FOUND (0x01|0x81|0x00)
                  raw data (28): 
                  01 81 00 1c 00|01 4f 4f c2 ba e4 57 b3 07 11 00 
                  02 01 1a 0a ff 4c 00 10 05 2f 18 c7 dc fe 02 0a 
                  00
15:05:54:033    < BTP_GAP_EV_DEVICE_FOUND (0x01|0x81|0x00)
                  raw data (32): 
                  01 81 00 20 00|01 fc d5 e7 55 a5 64 b9 07 15 00 
                  02 01 02 11 07 fc 9d d0 b3 cb 84 e0 84 06 42 f3 
                  f7 e1 e0 bf cb
15:05:54:042    < BTP_GAP_EV_DEVICE_FOUND (0x01|0x81|0x00)
                  raw data (56): 
                  01 81 00 38 00|01 be 10 da 6a 11 41 ae 07 2d 00 
                  02 01 1a 02 0a 0c 0b ff 4c 00 10 06 3f 1d 8b 90 
                  e3 58 1a 09 4e 5a 34 59 2f 78 50 61 2b 35 37 36 
                  75 72 77 50 6f 59 42 47 5a 59 64 39 59
15:05:54:043    < BTP_GAP_EV_DEVICE_FOUND (0x01|0x81|0x00)
                  raw data (67): 
                  01 81 00 43 00|01 76 b0 8b 6e 92 e0 a1 07 38 00 
                  02 01 06 1a ff 4c 00 02 15 00 00 99 99 00 00 10 
                  00 80 00 00 17 7a 00 00 02 aa aa bb bb ce 04 08 
                  44 32 34 14 ff 2e 01 15 49 d3 b6 00 b6 2a 46 4c 
                  30 4d 30 4a 30 33 37 37
15:05:54:053    < BTP_GAP_EV_DEVICE_FOUND (0x01|0x81|0x00)
                  raw data (29): 
                  01 81 00 1d 00|01 c6 57 2a 1a a3 5d a5 07 12 00 
                  02 01 1a 0b ff 4c 00 10 06 35 1e 97 e3 90 4e 02 
                  0a 00
15:05:54:087    < BTP_GAP_EV_DEVICE_FOUND (0x01|0x81|0x00)
                  raw data (51): 
                  01 81 00 33 00|01 18 a2 f2 12 5c 72 ab 07 28 00 
                  02 01 1a 02 0a 0c 0c ff 4c 00 10 07 25 1f bf e6 
                  5d 1d a8 14 ff 4c 00 01 00 00 00 00 00 00 00 00 
                  00 00 00 00 00 10 00 00
15:05:54:087    < BTP_GAP_EV_DEVICE_FOUND (0x01|0x81|0x00)
                  raw data (42): 
                  01 81 00 2a 00|00 6a a3 eb d3 44 f0 ab 03 1f 00 
                  02 01 06 09 16 12 18 6a a3 eb d3 44 f0 11 07 9e 
                  ca dc 24 0e e5 a9 e0 93 f3 a3 b5 01 00 40 6e
15:05:54:098    < BTP_GAP_EV_DEVICE_FOUND (0x01|0x81|0x00)
                  raw data (62): 
                  01 81 00 3e 00|00 7f a4 eb d3 44 f0 a7 07 33 00 
                  02 01 06 09 16 12 18 7f a4 eb d3 44 f0 11 07 9e 
                  ca dc 24 0e e5 a9 e0 93 f3 a3 b5 01 00 40 6e 06 
                  ff 52 46 0c f6 07 0c 09 52 46 73 74 61 72 5f 41 
                  34 37 46
15:05:54:121    < BTP_GAP_EV_DEVICE_FOUND (0x01|0x81|0x00)
                  raw data (28): 
                  01 81 00 1c 00|01 e3 51 44 a5 4d 43 b4 07 11 00 
                  02 01 1a 02 0a 0c 0a ff 4c 00 10 05 08 18 7d 81 
                  51
15:05:54:142    < BTP_GAP_EV_DEVICE_FOUND (0x01|0x81|0x00)
                  raw data (40): 
                  01 81 00 28 00|00 f6 a9 35 75 95 68 a2 03 1d 00 
                  02 01 06 09 ff 20 00 68 95 75 35 a9 f6 0f 09 54 
                  4c 5f 42 45 55 4f 5a 42 5f 41 39 46 36
15:05:54:142    < BTP_GAP_EV_DEVICE_FOUND (0x01|0x81|0x00)
                  raw data (30): 
                  01 81 00 1e 00|01 bd 22 46 13 e2 57 9f 07 13 00 
                  02 01 1a 02 0a 0c 0c ff 4c 00 10 07 2e 1f 7f 3c 
                  ca 43 38
15:05:54:164    < BTP_GAP_EV_DEVICE_FOUND (0x01|0x81|0x00)
                  raw data (30): 
                  01 81 00 1e 00|01 cc 3e aa d5 bb 62 af 03 13 00 
                  02 01 1a 02 0a 0c 0c ff 4c 00 10 07 33 1f c7 93 
                  7f 73 88
15:05:54:174    < BTP_GAP_EV_DEVICE_FOUND (0x01|0x81|0x00)
                  raw data (35): 
                  01 81 00 23 00|01 11 d3 ab 9c 0a ff ad 03 18 00 
                  02 01 06 11 07 02 00 00 7a 17 00 00 80 00 10 00 
                  00 00 98 00 00 02 0a 00
15:05:54:208    < BTP_GAP_EV_DEVICE_FOUND (0x01|0x81|0x00)
                  raw data (41): 
                  01 81 00 29 00|01 a5 66 69 18 96 d0 b1 03 1e 00 
                  02 01 06 1a ff 4c 00 02 15 00 00 99 99 00 00 10 
                  00 80 00 00 17 7a 00 00 02 aa aa bb bb ce
15:05:54:219    < BTP_GAP_EV_DEVICE_FOUND (0x01|0x81|0x00)
                  raw data (32): 
                  01 81 00 20 00|01 fc d5 e7 55 a5 64 ae 07 15 00 
                  02 01 02 11 07 fc 9d d0 b3 cb 84 e0 84 06 42 f3 
                  f7 e1 e0 bf cb
15:05:54:252    < BTP_GAP_EV_DEVICE_FOUND (0x01|0x81|0x00)
                  raw data (64): 
                  01 81 00 40 00|01 5f 90 d5 b2 96 ff ab 07 35 00 
                  02 01 06 11 07 02 00 00 7a 17 00 00 80 00 10 00 
                  00 00 98 00 00 02 0a 00 07 08 44 31 35 4f 55 54 
                  14 ff 2e 01 15 49 d3 b6 00 b6 2a 46 4c 30 4d 30 
                  4a 30 30 36 47
15:05:54:262    < BTP_GAP_EV_DEVICE_FOUND (0x01|0x81|0x00)
                  raw data (39): 
                  01 81 00 27 00|01 cc 1b 73 6e 93 e6 b1 07 1c 00 
                  02 01 06 03 03 03 18 05 ff 59 00 00 46 09 16 0a 
                  18 e6 93 6e 73 1b cc 04 09 6e 75 74
15:05:54:273    < BTP_GAP_EV_DEVICE_FOUND (0x01|0x81|0x00)
                  raw data (40): 
                  01 81 00 28 00|00 f6 a9 35 75 95 68 a2 03 1d 00 
                  02 01 06 09 ff 20 00 68 95 75 35 a9 f6 0f 09 54 
                  4c 5f 42 45 55 4f 5a 42 5f 41 39 46 36
15:05:54:295    < BTP_GAP_EV_DEVICE_FOUND (0x01|0x81|0x00)
                  raw data (29): 
                  01 81 00 1d 00|01 00 77 02 8d 31 5d a1 03 12 00 
                  02 01 1a 02 0a 0c 0b ff 4c 00 10 06 3b 1e 2c 6c 
                  c9 72
15:05:54:307    < BTP_GAP_EV_DEVICE_FOUND (0x01|0x81|0x00)
                  raw data (41): 
                  01 81 00 29 00|01 11 45 b1 8a 55 d7 a9 03 1e 00 
                  02 01 06 1a ff 4c 00 02 15 00 00 99 99 00 00 10 
                  00 80 00 00 17 7a 00 00 02 aa aa bb bb ce
15:05:54:317    < BTP_GAP_EV_DEVICE_FOUND (0x01|0x81|0x00)
                  raw data (56): 
                  01 81 00 38 00|01 be 10 da 6a 11 41 ae 07 2d 00 
                  02 01 1a 02 0a 0c 0b ff 4c 00 10 06 3f 1d 8b 90 
                  e3 58 1a 09 4e 5a 34 59 2f 78 50 61 2b 35 37 36 
                  75 72 77 50 6f 59 42 47 5a 59 64 39 59
15:05:54:349    < BTP_GAP_EV_DEVICE_FOUND (0x01|0x81|0x00)
                  raw data (61): 
                  01 81 00 3d 00|01 88 48 0f 5c 42 d6 a0 07 32 00 
                  02 01 06 11 07 02 00 00 7a 17 00 00 80 00 10 00 
                  00 00 98 00 00 02 0a 00 04 08 44 31 32 14 ff 2e 
                  01 15 49 d3 b6 00 b6 2a 46 4c 30 4d 30 4a 30 30 
                  36 4d
15:05:54:350    < BTP_GAP_EV_DEVICE_FOUND (0x01|0x81|0x00)
                  raw data (67): 
                  01 81 00 43 00|01 1d 1e 8b 0a 2e d2 a6 07 38 00 
                  02 01 06 1a ff 4c 00 02 15 00 00 99 99 00 00 10 
                  00 80 00 00 17 7a 00 00 02 aa aa bb bb ce 04 08 
                  44 32 30 14 ff 2e 01 15 49 d3 b6 00 b6 2a 46 4c 
                  30 4d 30 4a 30 30 4d 56
15:05:54:360    < BTP_GAP_EV_DEVICE_FOUND (0x01|0x81|0x00)
                  raw data (28): 
                  01 81 00 1c 00|01 5c ab d0 2f f8 4a af 03 11 00 
                  02 01 1a 0d ff 4c 00 16 08 00 45 86 55 ef 37 f4 
                  29
15:05:54:394    < BTP_GAP_EV_DEVICE_FOUND (0x01|0x81|0x00)
                  raw data (30): 
                  01 81 00 1e 00|01 4f a0 a3 cb 50 67 9f 03 13 00 
                  02 01 1a 02 0a 0c 0c ff 4c 00 10 07 25 1f 55 8f 
                  d2 83 68
15:05:54:404    < BTP_GAP_EV_DEVICE_FOUND (0x01|0x81|0x00)
                  raw data (67): 
                  01 81 00 43 00|01 ec 1b 0b 68 4e f3 a6 07 38 00 
                  02 01 06 1a ff 4c 00 02 15 00 00 99 99 00 00 10 
                  00 80 00 00 17 7a 00 00 02 aa aa bb bb ce 04 08 
                  44 32 35 14 ff 2e 01 15 49 d3 b6 00 b6 2a 46 4c 
                  30 4d 30 4a 30 30 4e 36
15:05:54:405    < BTP_GAP_EV_DEVICE_FOUND (0x01|0x81|0x00)
                  raw data (61): 
                  01 81 00 3d 00|01 76 b0 8b 6e 92 e0 a7 07 32 00 
                  02 01 06 11 07 02 00 00 7a 17 00 00 80 00 10 00 
                  00 00 98 00 00 02 0a 00 04 08 44 32 34 14 ff 2e 
                  01 15 49 d3 b6 00 b6 2a 46 4c 30 4d 30 4a 30 33 
                  37 37
15:05:54:415    < BTP_GAP_EV_DEVICE_FOUND (0x01|0x81|0x00)
                  raw data (40): 
                  01 81 00 28 00|00 f6 a9 35 75 95 68 a3 03 1d 00 
                  02 01 06 09 ff 20 00 68 95 75 35 a9 f6 0f 09 54 
                  4c 5f 42 45 55 4f 5a 42 5f 41 39 46 36
15:05:54:438    < BTP_GAP_EV_DEVICE_FOUND (0x01|0x81|0x00)
                  raw data (41): 
                  01 81 00 29 00|01 f3 90 e2 fb b3 dc ab 03 1e 00 
                  02 01 06 1a ff 4c 00 02 15 00 00 99 99 00 00 10 
                  00 80 00 00 17 7a 00 00 02 aa aa bb bb ce
15:05:54:438    < BTP_GAP_EV_DEVICE_FOUND (0x01|0x81|0x00)
                  raw data (29): 
                  01 81 00 1d 00|01 50 a7 13 f1 bc 79 ae 03 12 00 
                  02 01 1a 02 0a 08 0b ff 4c 00 10 06 3b 1e e2 bd 
                  45 6c
15:05:54:448    < BTP_GAP_EV_DEVICE_FOUND (0x01|0x81|0x00)
                  raw data (30): 
                  01 81 00 1e 00|01 90 1f 4e d0 dc 7e b4 03 13 00 
                  02 01 1a 02 0a 0c 0c ff 4c 00 10 07 33 1f 92 af 
                  0a 5c 68
15:05:54:449    < BTP_GAP_EV_DEVICE_FOUND (0x01|0x81|0x00)
                  raw data (61): 
                  01 81 00 3d 00|01 11 d3 ab 9c 0a ff ad 07 32 00 
                  02 01 06 11 07 02 00 00 7a 17 00 00 80 00 10 00 
                  00 00 98 00 00 02 0a 00 04 08 44 32 31 14 ff 2e 
                  01 15 49 d3 b6 00 b6 2a 46 4c 30 4d 30 4a 30 30 
                  37 30
15:05:54:459    < BTP_GAP_EV_DEVICE_FOUND (0x01|0x81|0x00)
                  raw data (41): 
                  01 81 00 29 00|01 5f 90 d5 b2 96 ff aa 03 1e 00 
                  02 01 06 1a ff 4c 00 02 15 00 00 99 99 00 00 10 
                  00 80 00 00 17 7a 00 00 02 aa aa bb bb ce
15:05:54:460    < BTP_GAP_EV_DEVICE_FOUND (0x01|0x81|0x00)
                  raw data (28): 
                  01 81 00 1c 00|01 c3 7a 71 2c ec 68 a3 07 11 00 
                  02 01 1a 02 0a 0c 0a ff 4c 00 10 05 0c 18 f3 6b 
                  f3
15:05:54:461    < BTP_GAP_EV_DEVICE_FOUND (0x01|0x81|0x00)
                  raw data (61): 
                  01 81 00 3d 00|01 f3 90 e2 fb b3 dc a7 07 32 00 
                  02 01 06 11 07 02 00 00 7a 17 00 00 80 00 10 00 
                  00 00 98 00 00 02 0a 00 04 08 44 31 36 14 ff 2e 
                  01 15 49 d3 b6 00 b6 2a 46 4c 30 4d 30 4a 30 30 
                  56 59
15:05:54:481    < BTP_GAP_EV_DEVICE_FOUND (0x01|0x81|0x00)
                  raw data (42): 
                  01 81 00 2a 00|01 1a 7f 29 d4 db 7f af 03 1f 00 
                  02 01 1a 1b ff 4c 00 0c 0e 00 08 17 2c 65 c9 90 
                  98 59 2c 68 2c dc 7d 10 06 2e 19 be df 2c 38
15:05:54:492    < BTP_GAP_EV_DEVICE_FOUND (0x01|0x81|0x00)
                  raw data (41): 
                  01 81 00 29 00|01 11 d3 ab 9c 0a ff ad 03 1e 00 
                  02 01 06 1a ff 4c 00 02 15 00 00 99 99 00 00 10 
                  00 80 00 00 17 7a 00 00 02 aa aa bb bb ce
15:05:54:524    < BTP_GAP_EV_DEVICE_FOUND (0x01|0x81|0x00)
                  raw data (40): 
                  01 81 00 28 00|00 f6 a9 35 75 95 68 a4 03 1d 00 
                  02 01 06 09 ff 20 00 68 95 75 35 a9 f6 0f 09 54 
                  4c 5f 42 45 55 4f 5a 42 5f 41 39 46 36
15:05:54:525    < BTP_GAP_EV_DEVICE_FOUND (0x01|0x81|0x00)
                  raw data (62): 
                  01 81 00 3e 00|00 dc fc 3a 02 38 40 a7 07 33 00 
                  02 01 06 09 16 12 18 dc fc 3a 02 38 40 11 07 9e 
                  ca dc 24 0e e5 a9 e0 93 f3 a3 b5 01 00 40 6e 06 
                  ff 52 46 0c e1 07 0c 09 52 46 73 74 61 72 5f 46 
                  43 44 43
15:05:54:535    < BTP_GAP_EV_DEVICE_FOUND (0x01|0x81|0x00)
                  raw data (70): 
                  01 81 00 46 00|01 5f 90 d5 b2 96 ff ab 07 3b 00 
                  02 01 06 1a ff 4c 00 02 15 00 00 99 99 00 00 10 
                  00 80 00 00 17 7a 00 00 02 aa aa bb bb ce 07 08 
                  44 31 35 4f 55 54 14 ff 2e 01 15 49 d3 b6 00 b6 
                  2a 46 4c 30 4d 30 4a 30 30 36 47
15:05:54:536    < BTP_GAP_EV_DEVICE_FOUND (0x01|0x81|0x00)
                  raw data (28): 
                  01 81 00 1c 00|01 15 48 e4 e4 71 4e a7 03 11 00 
                  02 01 1a 0d ff 4c 00 16 08 00 f4 f7 e6 06 32 4f 
                  4c
15:05:54:546    < BTP_GAP_EV_DEVICE_FOUND (0x01|0x81|0x00)
                  raw data (41): 
                  01 81 00 29 00|01 88 48 0f 5c 42 d6 a3 03 1e 00 
                  02 01 06 1a ff 4c 00 02 15 00 00 99 99 00 00 10 
                  00 80 00 00 17 7a 00 00 02 aa aa bb bb ce
15:05:54:589    < BTP_GAP_EV_DEVICE_FOUND (0x01|0x81|0x00)
                  raw data (42): 
                  01 81 00 2a 00|00 75 21 25 02 38 40 a7 03 1f 00 
                  02 01 06 09 16 12 18 75 21 25 02 38 40 11 07 9e 
                  ca dc 24 0e e5 a9 e0 93 f3 a3 b5 01 00 40 6e
15:05:54:590    < BTP_GAP_EV_DEVICE_FOUND (0x01|0x81|0x00)
                  raw data (61): 
                  01 81 00 3d 00|01 88 48 0f 5c 42 d6 a5 07 32 00 
                  02 01 06 11 07 02 00 00 7a 17 00 00 80 00 10 00 
                  00 00 98 00 00 02 0a 00 04 08 44 31 32 14 ff 2e 
                  01 15 49 d3 b6 00 b6 2a 46 4c 30 4d 30 4a 30 30 
                  36 4d
15:05:54:591    < BTP_GAP_EV_DEVICE_FOUND (0x01|0x81|0x00)
                  raw data (28): 
                  01 81 00 1c 00|01 4f 4f c2 ba e4 57 b2 07 11 00 
                  02 01 1a 0a ff 4c 00 10 05 2f 18 c7 dc fe 02 0a 
                  00
15:05:54:611    < BTP_GAP_EV_DEVICE_FOUND (0x01|0x81|0x00)
                  raw data (28): 
                  01 81 00 1c 00|01 6d da aa 0f 4b 65 b0 07 11 00 
                  02 01 1a 0a ff 4c 00 10 05 2a 18 f8 c1 39 02 0a 
                  00
15:05:54:633    < BTP_GAP_EV_DEVICE_FOUND (0x01|0x81|0x00)
                  raw data (41): 
                  01 81 00 29 00|00 4e 51 1d 68 16 c1 9f 03 1e 00 
                  02 01 06 1a ff ff ff ff ff c1 16 68 1d 51 4e 01 
                  09 01 00 1a 01 ff ff ff 16 ff ff ff 00 ff
15:05:54:633    < BTP_GAP_EV_DEVICE_FOUND (0x01|0x81|0x00)
                  raw data (41): 
                  01 81 00 29 00|01 a5 66 69 18 96 d0 a1 03 1e 00 
                  02 01 06 1a ff 4c 00 02 15 00 00 99 99 00 00 10 
                  00 80 00 00 17 7a 00 00 02 aa aa bb bb ce
15:05:54:643    < BTP_GAP_EV_DEVICE_FOUND (0x01|0x81|0x00)
                  raw data (67): 
                  01 81 00 43 00|01 ec 1b 0b 68 4e f3 a6 07 38 00 
                  02 01 06 1a ff 4c 00 02 15 00 00 99 99 00 00 10 
                  00 80 00 00 17 7a 00 00 02 aa aa bb bb ce 04 08 
                  44 32 35 14 ff 2e 01 15 49 d3 b6 00 b6 2a 46 4c 
                  30 4d 30 4a 30 30 4e 36
15:05:54:666    < BTP_GAP_EV_DEVICE_FOUND (0x01|0x81|0x00)
                  raw data (35): 
                  01 81 00 23 00|01 a5 66 69 18 96 d0 a7 03 18 00 
                  02 01 06 11 07 02 00 00 7a 17 00 00 80 00 10 00 
                  00 00 98 00 00 02 0a 00
15:05:54:666    < BTP_GAP_EV_DEVICE_FOUND (0x01|0x81|0x00)
                  raw data (28): 
                  01 81 00 1c 00|01 c6 8f ca 8a e2 43 b6 03 11 00 
                  02 01 1a 0d ff 4c 00 16 08 00 ab b3 2c 03 96 f2 
                  1a
15:05:54:667    < BTP_GAP_EV_DEVICE_FOUND (0x01|0x81|0x00)
                  raw data (28): 
                  01 81 00 1c 00|01 e3 51 44 a5 4d 43 b5 07 11 00 
                  02 01 1a 02 0a 0c 0a ff 4c 00 10 05 08 18 7d 81 
                  51
15:05:54:676    < BTP_GAP_EV_DEVICE_FOUND (0x01|0x81|0x00)
                  raw data (63): 
                  01 81 00 3f 00|01 1a 7f 29 d4 db 7f a9 07 34 00 
                  02 01 1a 1b ff 4c 00 0c 0e 00 08 17 2c 65 c9 90 
                  98 59 2c 68 2c dc 7d 10 06 2e 19 be df 2c 38 14 
                  ff 4c 00 01 00 00 00 00 00 00 00 00 00 00 00 00 
                  00 10 00 00
15:05:54:708    < BTP_GAP_EV_DEVICE_FOUND (0x01|0x81|0x00)
                  raw data (42): 
                  01 81 00 2a 00|00 6a a3 eb d3 44 f0 ab 03 1f 00 
                  02 01 06 09 16 12 18 6a a3 eb d3 44 f0 11 07 9e 
                  ca dc 24 0e e5 a9 e0 93 f3 a3 b5 01 00 40 6e
15:05:54:709    < BTP_GAP_EV_DEVICE_FOUND (0x01|0x81|0x00)
                  raw data (50): 
                  01 81 00 32 00|01 50 a7 13 f1 bc 79 ae 07 27 00 
                  02 01 1a 02 0a 08 0b ff 4c 00 10 06 3b 1e e2 bd 
                  45 6c 14 ff 4c 00 01 00 00 00 00 00 00 00 00 00 
                  00 00 00 00 10 00 00
15:05:54:720    < BTP_GAP_EV_DEVICE_FOUND (0x01|0x81|0x00)
                  raw data (30): 
                  01 81 00 1e 00|01 90 1f 4e d0 dc 7e b3 03 13 00 
                  02 01 1a 02 0a 0c 0c ff 4c 00 10 07 33 1f 92 af 
                  0a 5c 68
15:05:54:730    < BTP_GAP_EV_DEVICE_FOUND (0x01|0x81|0x00)
                  raw data (67): 
                  01 81 00 43 00|01 1d 1e 8b 0a 2e d2 a7 07 38 00 
                  02 01 06 1a ff 4c 00 02 15 00 00 99 99 00 00 10 
                  00 80 00 00 17 7a 00 00 02 aa aa bb bb ce 04 08 
                  44 32 30 14 ff 2e 01 15 49 d3 b6 00 b6 2a 46 4c 
                  30 4d 30 4a 30 30 4d 56
15:05:54:764    < BTP_GAP_EV_DEVICE_FOUND (0x01|0x81|0x00)
                  raw data (35): 
                  01 81 00 23 00|01 11 45 b1 8a 55 d7 a5 03 18 00 
                  02 01 06 11 07 02 00 00 7a 17 00 00 80 00 10 00 
                  00 00 98 00 00 02 0a 00
15:05:54:764    < BTP_GAP_EV_DEVICE_FOUND (0x01|0x81|0x00)
                  raw data (39): 
                  01 81 00 27 00|00 52 e7 5b 5a 5a 3f ab 07 1c 00 
                  02 01 06 03 03 03 18 05 ff d2 00 00 33 09 16 0a 
                  18 3f 5a 5a 5b e7 52 04 09 6e 75 74
15:05:54:806    < BTP_GAP_EV_DEVICE_FOUND (0x01|0x81|0x00)
                  raw data (42): 
                  01 81 00 2a 00|00 1b f6 2a 02 38 40 a5 03 1f 00 
                  02 01 06 09 16 12 18 1b f6 2a 02 38 40 11 07 9e 
                  ca dc 24 0e e5 a9 e0 93 f3 a3 b5 01 00 40 6e
15:05:54:807    < BTP_GAP_EV_DEVICE_FOUND (0x01|0x81|0x00)
                  raw data (61): 
                  01 81 00 3d 00|01 f3 90 e2 fb b3 dc a9 07 32 00 
                  02 01 06 11 07 02 00 00 7a 17 00 00 80 00 10 00 
                  00 00 98 00 00 02 0a 00 04 08 44 31 36 14 ff 2e 
                  01 15 49 d3 b6 00 b6 2a 46 4c 30 4d 30 4a 30 30 
                  56 59
15:05:54:817    < BTP_GAP_EV_DEVICE_FOUND (0x01|0x81|0x00)
                  raw data (67): 
                  01 81 00 43 00|01 76 b0 8b 6e 92 e0 a7 07 38 00 
                  02 01 06 1a ff 4c 00 02 15 00 00 99 99 00 00 10 
                  00 80 00 00 17 7a 00 00 02 aa aa bb bb ce 04 08 
                  44 32 34 14 ff 2e 01 15 49 d3 b6 00 b6 2a 46 4c 
                  30 4d 30 4a 30 33 37 37
15:05:54:840    < BTP_GAP_EV_DEVICE_FOUND (0x01|0x81|0x00)
                  raw data (61): 
                  01 81 00 3d 00|01 11 45 b1 8a 55 d7 aa 07 32 00 
                  02 01 06 11 07 02 00 00 7a 17 00 00 80 00 10 00 
                  00 00 98 00 00 02 0a 00 04 08 44 32 32 14 ff 2e 
                  01 15 49 d3 b6 00 b6 2a 46 4c 30 4d 30 4a 30 30 
                  56 4e
15:05:54:851    < BTP_GAP_EV_DEVICE_FOUND (0x01|0x81|0x00)
                  raw data (61): 
                  01 81 00 3d 00|01 1d 1e 8b 0a 2e d2 a7 07 32 00 
                  02 01 06 11 07 02 00 00 7a 17 00 00 80 00 10 00 
                  00 00 98 00 00 02 0a 00 04 08 44 32 30 14 ff 2e 
                  01 15 49 d3 b6 00 b6 2a 46 4c 30 4d 30 4a 30 30 
                  4d 56
15:05:54:862    < BTP_GAP_EV_DEVICE_FOUND (0x01|0x81|0x00)
                  raw data (28): 
                  01 81 00 1c 00|01 4f 4f c2 ba e4 57 b3 07 11 00 
                  02 01 1a 0a ff 4c 00 10 05 2f 18 c7 dc fe 02 0a 
                  00
15:05:54:884    < BTP_GAP_EV_DEVICE_FOUND (0x01|0x81|0x00)
                  raw data (28): 
                  01 81 00 1c 00|01 6d da aa 0f 4b 65 ab 07 11 00 
                  02 01 1a 0a ff 4c 00 10 05 2a 18 f8 c1 39 02 0a 
                  00
15:05:54:895    < BTP_GAP_EV_DEVICE_FOUND (0x01|0x81|0x00)
                  raw data (29): 
                  01 81 00 1d 00|01 24 48 c8 6e a5 65 9d 03 12 00 
                  02 01 1a 0b ff 4c 00 10 06 23 1a c4 8c 9a f2 02 
                  0a 00
15:05:54:907    < BTP_GAP_EV_DEVICE_FOUND (0x01|0x81|0x00)
                  raw data (28): 
                  01 81 00 1c 00|01 92 2c aa d0 96 40 a6 03 11 00 
                  02 01 1a 0d ff 4c 00 16 08 00 18 32 39 27 b8 24 
                  57
15:05:54:939    < BTP_GAP_EV_DEVICE_FOUND (0x01|0x81|0x00)
                  raw data (62): 
                  01 81 00 3e 00|00 dc fc 3a 02 38 40 a7 07 33 00 
                  02 01 06 09 16 12 18 dc fc 3a 02 38 40 11 07 9e 
                  ca dc 24 0e e5 a9 e0 93 f3 a3 b5 01 00 40 6e 06 
                  ff 52 46 0c e1 07 0c 09 52 46 73 74 61 72 5f 46 
                  43 44 43
15:05:54:940    < BTP_GAP_EV_DEVICE_FOUND (0x01|0x81|0x00)
                  raw data (70): 
                  01 81 00 46 00|01 5f 90 d5 b2 96 ff ab 07 3b 00 
                  02 01 06 1a ff 4c 00 02 15 00 00 99 99 00 00 10 
                  00 80 00 00 17 7a 00 00 02 aa aa bb bb ce 07 08 
                  44 31 35 4f 55 54 14 ff 2e 01 15 49 d3 b6 00 b6 
                  2a 46 4c 30 4d 30 4a 30 30 36 47
15:05:54:950    < BTP_GAP_EV_DEVICE_FOUND (0x01|0x81|0x00)
                  raw data (28): 
                  01 81 00 1c 00|01 e3 51 44 a5 4d 43 b4 07 11 00 
                  02 01 1a 02 0a 0c 0a ff 4c 00 10 05 08 18 7d 81 
                  51
15:05:54:951    < BTP_GAP_EV_DEVICE_FOUND (0x01|0x81|0x00)
                  raw data (67): 
                  01 81 00 43 00|01 ec 1b 0b 68 4e f3 a6 07 38 00 
                  02 01 06 1a ff 4c 00 02 15 00 00 99 99 00 00 10 
                  00 80 00 00 17 7a 00 00 02 aa aa bb bb ce 04 08 
                  44 32 35 14 ff 2e 01 15 49 d3 b6 00 b6 2a 46 4c 
                  30 4d 30 4a 30 30 4e 36
15:05:54:972    < BTP_GAP_EV_DEVICE_FOUND (0x01|0x81|0x00)
                  raw data (61): 
                  01 81 00 3d 00|01 11 d3 ab 9c 0a ff ad 07 32 00 
                  02 01 06 11 07 02 00 00 7a 17 00 00 80 00 10 00 
                  00 00 98 00 00 02 0a 00 04 08 44 32 31 14 ff 2e 
                  01 15 49 d3 b6 00 b6 2a 46 4c 30 4d 30 4a 30 30 
                  37 30
15:05:54:983    < BTP_GAP_EV_DEVICE_FOUND (0x01|0x81|0x00)
                  raw data (35): 
                  01 81 00 23 00|01 2a 5a 53 4c cf e7 a0 03 18 00 
                  02 01 06 11 07 02 00 00 7a 17 00 00 80 00 10 00 
                  00 00 98 00 00 02 0a 00
15:05:55:017    < BTP_GAP_EV_DEVICE_FOUND (0x01|0x81|0x00)
                  raw data (35): 
                  01 81 00 23 00|01 88 48 0f 5c 42 d6 a5 03 18 00 
                  02 01 06 11 07 02 00 00 7a 17 00 00 80 00 10 00 
                  00 00 98 00 00 02 0a 00
15:05:55:017    < BTP_GAP_EV_DEVICE_FOUND (0x01|0x81|0x00)
                  raw data (39): 
                  01 81 00 27 00|01 01 e8 06 92 87 d6 aa 03 1c 00 
                  02 01 06 03 03 03 18 05 ff 59 00 00 46 09 16 0a 
                  18 d6 87 92 06 e8 01 04 09 6e 75 74
15:05:55:029    < BTP_GAP_EV_DEVICE_FOUND (0x01|0x81|0x00)
                  raw data (56): 
                  01 81 00 38 00|01 71 af 87 95 11 67 b1 07 2d 00 
                  02 01 1a 02 0a 07 0b ff 4c 00 10 06 29 1e 0e ae 
                  03 c1 1a 09 4e 47 4f 4e 43 69 49 2b 43 47 34 69 
                  48 75 48 79 39 58 68 77 73 41 36 41 63
15:05:55:030    < BTP_GAP_EV_DEVICE_FOUND (0x01|0x81|0x00)
                  raw data (42): 
                  01 81 00 2a 00|00 6f 21 25 02 38 40 a4 03 1f 00 
                  02 01 06 09 16 12 18 6f 21 25 02 38 40 11 07 9e 
                  ca dc 24 0e e5 a9 e0 93 f3 a3 b5 01 00 40 6e
15:05:55:040    < BTP_GAP_EV_DEVICE_FOUND (0x01|0x81|0x00)
                  raw data (70): 
                  01 81 00 46 00|01 5f 90 d5 b2 96 ff aa 07 3b 00 
                  02 01 06 1a ff 4c 00 02 15 00 00 99 99 00 00 10 
                  00 80 00 00 17 7a 00 00 02 aa aa bb bb ce 07 08 
                  44 31 35 4f 55 54 14 ff 2e 01 15 49 d3 b6 00 b6 
                  2a 46 4c 30 4d 30 4a 30 30 36 47
15:05:55:041    < BTP_GAP_EV_DEVICE_FOUND (0x01|0x81|0x00)
                  raw data (67): 
                  01 81 00 43 00|01 88 48 0f 5c 42 d6 9f 07 38 00 
                  02 01 06 1a ff 4c 00 02 15 00 00 99 99 00 00 10 
                  00 80 00 00 17 7a 00 00 02 aa aa bb bb ce 04 08 
                  44 31 32 14 ff 2e 01 15 49 d3 b6 00 b6 2a 46 4c 
                  30 4d 30 4a 30 30 36 4d
15:05:55:062    < BTP_GAP_EV_DEVICE_FOUND (0x01|0x81|0x00)
                  raw data (40): 
                  01 81 00 28 00|00 f6 a9 35 75 95 68 a2 03 1d 00 
                  02 01 06 09 ff 20 00 68 95 75 35 a9 f6 0f 09 54 
                  4c 5f 42 45 55 4f 5a 42 5f 41 39 46 36
15:05:55:063    < BTP_GAP_EV_DEVICE_FOUND (0x01|0x81|0x00)
                  raw data (29): 
                  01 81 00 1d 00|01 ff fd 80 56 d3 72 b9 03 12 00 
                  02 01 1a 02 0a 07 0b ff 4c 00 10 06 23 1a 6a 9d 
                  cb c9
15:05:55:073    < BTP_GAP_EV_DEVICE_FOUND (0x01|0x81|0x00)
                  raw data (32): 
                  01 81 00 20 00|01 fc d5 e7 55 a5 64 ba 03 15 00 
                  02 01 02 11 07 fc 9d d0 b3 cb 84 e0 84 06 42 f3 
                  f7 e1 e0 bf cb
15:05:55:085    < BTP_GAP_EV_DEVICE_FOUND (0x01|0x81|0x00)
                  raw data (70): 
                  01 81 00 46 00|01 58 cf f5 ce 01 dc a5 07 3b 00 
                  02 01 06 1a ff 4c 00 02 15 00 00 99 99 00 00 10 
                  00 80 00 00 17 7a 00 00 02 aa aa bb bb ce 07 08 
                  44 31 31 4f 55 54 14 ff 2e 01 15 49 d3 b6 00 b6 
                  2a 46 4c 30 4d 30 4a 30 30 4e 47
15:05:55:107    < BTP_GAP_EV_DEVICE_FOUND (0x01|0x81|0x00)
                  raw data (35): 
                  01 81 00 23 00|01 1d 1e 8b 0a 2e d2 a7 03 18 00 
                  02 01 06 11 07 02 00 00 7a 17 00 00 80 00 10 00 
                  00 00 98 00 00 02 0a 00
15:05:55:118    < BTP_GAP_EV_DEVICE_FOUND (0x01|0x81|0x00)
                  raw data (62): 
                  01 81 00 3e 00|00 6a a3 eb d3 44 f0 ab 07 33 00 
                  02 01 06 09 16 12 18 6a a3 eb d3 44 f0 11 07 9e 
                  ca dc 24 0e e5 a9 e0 93 f3 a3 b5 01 00 40 6e 06 
                  ff 52 46 0d 0e 07 0c 09 52 46 73 74 61 72 5f 41 
                  33 36 41
15:05:55:119    < BTP_GAP_EV_DEVICE_FOUND (0x01|0x81|0x00)
                  raw data (67): 
                  01 81 00 43 00|01 ec 1b 0b 68 4e f3 a5 07 38 00 
                  02 01 06 1a ff 4c 00 02 15 00 00 99 99 00 00 10 
                  00 80 00 00 17 7a 00 00 02 aa aa bb bb ce 04 08 
                  44 32 35 14 ff 2e 01 15 49 d3 b6 00 b6 2a 46 4c 
                  30 4d 30 4a 30 30 4e 36
15:05:55:129    < BTP_GAP_EV_DEVICE_FOUND (0x01|0x81|0x00)
                  raw data (67): 
                  01 81 00 43 00|01 1d 1e 8b 0a 2e d2 a7 07 38 00 
                  02 01 06 1a ff 4c 00 02 15 00 00 99 99 00 00 10 
                  00 80 00 00 17 7a 00 00 02 aa aa bb bb ce 04 08 
                  44 32 30 14 ff 2e 01 15 49 d3 b6 00 b6 2a 46 4c 
                  30 4d 30 4a 30 30 4d 56
15:05:55:140    < BTP_GAP_EV_DEVICE_FOUND (0x01|0x81|0x00)
                  raw data (67): 
                  01 81 00 43 00|01 11 45 b1 8a 55 d7 a9 07 38 00 
                  02 01 06 1a ff 4c 00 02 15 00 00 99 99 00 00 10 
                  00 80 00 00 17 7a 00 00 02 aa aa bb bb ce 04 08 
                  44 32 32 14 ff 2e 01 15 49 d3 b6 00 b6 2a 46 4c 
                  30 4d 30 4a 30 30 56 4e
15:05:55:205    < BTP_GAP_EV_DEVICE_FOUND (0x01|0x81|0x00)
                  raw data (29): 
                  01 81 00 1d 00|01 6a c6 b6 4a 4d 5b bb 03 12 00 
                  02 01 1a 02 0a 0c 0b ff 4c 00 10 06 31 1a f8 86 
                  ac 54
15:05:55:216    < BTP_GAP_EV_DEVICE_FOUND (0x01|0x81|0x00)
                  raw data (41): 
                  01 81 00 29 00|01 76 b0 8b 6e 92 e0 a8 03 1e 00 
                  02 01 06 1a ff 4c 00 02 15 00 00 99 99 00 00 10 
                  00 80 00 00 17 7a 00 00 02 aa aa bb bb ce
15:05:55:217    < BTP_GAP_EV_DEVICE_FOUND (0x01|0x81|0x00)
                  raw data (28): 
                  01 81 00 1c 00|01 e3 51 44 a5 4d 43 b4 07 11 00 
                  02 01 1a 02 0a 0c 0a ff 4c 00 10 05 08 18 7d 81 
                  51
15:05:55:238    < BTP_GAP_EV_DEVICE_FOUND (0x01|0x81|0x00)
                  raw data (40): 
                  01 81 00 28 00|00 f6 a9 35 75 95 68 a2 03 1d 00 
                  02 01 06 09 ff 20 00 68 95 75 35 a9 f6 0f 09 54 
                  4c 5f 42 45 55 4f 5a 42 5f 41 39 46 36
15:05:55:249    < BTP_GAP_EV_DEVICE_FOUND (0x01|0x81|0x00)
                  raw data (38): 
                  01 81 00 26 00|01 58 a4 f4 4d 51 d5 a1 07 1b 00 
                  02 01 06 0c ff ff ff 00 bc d2 d4 dc fc 23 09 ff 
                  0a 09 68 65 6c 6c 6f 62 69 6b 65
15:05:55:250    < BTP_GAP_EV_DEVICE_FOUND (0x01|0x81|0x00)
                  raw data (41): 
                  01 81 00 29 00|01 a5 66 69 18 96 d0 ad 03 1e 00 
                  02 01 06 1a ff 4c 00 02 15 00 00 99 99 00 00 10 
                  00 80 00 00 17 7a 00 00 02 aa aa bb bb ce
15:05:55:260    < BTP_GAP_EV_DEVICE_FOUND (0x01|0x81|0x00)
                  raw data (30): 
                  01 81 00 1e 00|01 6d 6d 05 58 40 75 ac 03 13 00 
                  02 01 1a 0c ff 4c 00 10 07 34 1f 58 3a 52 60 78 
                  02 0a 00
15:05:55:261    < BTP_GAP_EV_DEVICE_FOUND (0x01|0x81|0x00)
                  raw data (30): 
                  01 81 00 1e 00|01 bd 22 46 13 e2 57 aa 07 13 00 
                  02 01 1a 02 0a 0c 0c ff 4c 00 10 07 2e 1f 7f 3c 
                  ca 43 38
15:05:55:262    < BTP_GAP_EV_DEVICE_FOUND (0x01|0x81|0x00)
                  raw data (50): 
                  01 81 00 32 00|01 50 a7 13 f1 bc 79 ae 07 27 00 
                  02 01 1a 02 0a 08 0b ff 4c 00 10 06 3b 1e e2 bd 
                  45 6c 14 ff 4c 00 01 00 00 00 00 00 00 00 00 00 
                  00 00 00 00 10 00 00
15:05:55:336    < BTP_GAP_EV_DEVICE_FOUND (0x01|0x81|0x00)
                  raw data (29): 
                  01 81 00 1d 00|01 ff fd 80 56 d3 72 b9 07 12 00 
                  02 01 1a 02 0a 07 0b ff 4c 00 10 06 23 1a 6a 9d 
                  cb c9
15:05:55:347    < BTP_GAP_EV_DEVICE_FOUND (0x01|0x81|0x00)
                  raw data (40): 
                  01 81 00 28 00|00 f6 a9 35 75 95 68 a1 03 1d 00 
                  02 01 06 09 ff 20 00 68 95 75 35 a9 f6 0f 09 54 
                  4c 5f 42 45 55 4f 5a 42 5f 41 39 46 36
15:05:55:348    < BTP_GAP_EV_DEVICE_FOUND (0x01|0x81|0x00)
                  raw data (64): 
                  01 81 00 40 00|01 58 cf f5 ce 01 dc a5 07 35 00 
                  02 01 06 11 07 02 00 00 7a 17 00 00 80 00 10 00 
                  00 00 98 00 00 02 0a 00 07 08 44 31 31 4f 55 54 
                  14 ff 2e 01 15 49 d3 b6 00 b6 2a 46 4c 30 4d 30 
                  4a 30 30 4e 47
15:05:55:358    < BTP_GAP_EV_DEVICE_FOUND (0x01|0x81|0x00)
                  raw data (50): 
                  01 81 00 32 00|01 ab aa c3 73 73 53 a2 07 27 00 
                  02 01 1a 02 0a 0b 0b ff 4c 00 10 06 33 1e 60 b9 
                  82 43 14 ff 4c 00 01 00 00 00 00 00 00 00 00 00 
                  00 00 00 01 00 20 00
15:05:55:359    < BTP_GAP_EV_DEVICE_FOUND (0x01|0x81|0x00)
                  raw data (67): 
                  01 81 00 43 00|01 1d 1e 8b 0a 2e d2 a7 07 38 00 
                  02 01 06 1a ff 4c 00 02 15 00 00 99 99 00 00 10 
                  00 80 00 00 17 7a 00 00 02 aa aa bb bb ce 04 08 
                  44 32 30 14 ff 2e 01 15 49 d3 b6 00 b6 2a 46 4c 
                  30 4d 30 4a 30 30 4d 56
15:05:55:390    < BTP_GAP_EV_DEVICE_FOUND (0x01|0x81|0x00)
                  raw data (67): 
                  01 81 00 43 00|01 ec 1b 0b 68 4e f3 a4 07 38 00 
                  02 01 06 1a ff 4c 00 02 15 00 00 99 99 00 00 10 
                  00 80 00 00 17 7a 00 00 02 aa aa bb bb ce 04 08 
                  44 32 35 14 ff 2e 01 15 49 d3 b6 00 b6 2a 46 4c 
                  30 4d 30 4a 30 30 4e 36
15:05:55:423    < BTP_GAP_EV_DEVICE_FOUND (0x01|0x81|0x00)
                  raw data (56): 
                  01 81 00 38 00|01 6a c6 b6 4a 4d 5b bb 07 2d 00 
                  02 01 1a 02 0a 0c 0b ff 4c 00 10 06 31 1a f8 86 
                  ac 54 1a 09 4e 47 4d 4a 48 76 41 38 44 48 73 59 
                  45 58 75 32 35 6a 32 46 36 71 41 34 77
15:05:55:445    < BTP_GAP_EV_DEVICE_FOUND (0x01|0x81|0x00)
                  raw data (67): 
                  01 81 00 43 00|01 11 d3 ab 9c 0a ff aa 07 38 00 
                  02 01 06 1a ff 4c 00 02 15 00 00 99 99 00 00 10 
                  00 80 00 00 17 7a 00 00 02 aa aa bb bb ce 04 08 
                  44 32 31 14 ff 2e 01 15 49 d3 b6 00 b6 2a 46 4c 
                  30 4d 30 4a 30 30 37 30
15:05:55:479    < BTP_GAP_EV_DEVICE_FOUND (0x01|0x81|0x00)
                  raw data (40): 
                  01 81 00 28 00|00 f6 a9 35 75 95 68 a1 03 1d 00 
                  02 01 06 09 ff 20 00 68 95 75 35 a9 f6 0f 09 54 
                  4c 5f 42 45 55 4f 5a 42 5f 41 39 46 36
15:05:55:490    < BTP_GAP_EV_DEVICE_FOUND (0x01|0x81|0x00)
                  raw data (67): 
                  01 81 00 43 00|01 76 b0 8b 6e 92 e0 a7 07 38 00 
                  02 01 06 1a ff 4c 00 02 15 00 00 99 99 00 00 10 
                  00 80 00 00 17 7a 00 00 02 aa aa bb bb ce 04 08 
                  44 32 34 14 ff 2e 01 15 49 d3 b6 00 b6 2a 46 4c 
                  30 4d 30 4a 30 33 37 37
15:05:55:523    < BTP_GAP_EV_DEVICE_FOUND (0x01|0x81|0x00)
                  raw data (42): 
                  01 81 00 2a 00|00 71 21 25 02 38 40 a7 03 1f 00 
                  02 01 06 09 16 12 18 71 21 25 02 38 40 11 07 9e 
                  ca dc 24 0e e5 a9 e0 93 f3 a3 b5 01 00 40 6e
15:05:55:524    < BTP_GAP_EV_DEVICE_FOUND (0x01|0x81|0x00)
                  raw data (39): 
                  01 81 00 27 00|01 92 65 3a 4c ee f7 b7 07 1c 00 
                  02 01 06 03 03 03 18 05 ff 59 00 00 46 09 16 0a 
                  18 f7 ee 4c 3a 65 92 04 09 6e 75 74
15:05:55:557    < BTP_GAP_EV_DEVICE_FOUND (0x01|0x81|0x00)
                  raw data (35): 
                  01 81 00 23 00|01 58 cf f5 ce 01 dc a3 03 18 00 
                  02 01 06 11 07 02 00 00 7a 17 00 00 80 00 10 00 
                  00 00 98 00 00 02 0a 00
15:05:55:568    < BTP_GAP_EV_DEVICE_FOUND (0x01|0x81|0x00)
                  raw data (61): 
                  01 81 00 3d 00|01 11 45 b1 8a 55 d7 a7 07 32 00 
                  02 01 06 11 07 02 00 00 7a 17 00 00 80 00 10 00 
                  00 00 98 00 00 02 0a 00 04 08 44 32 32 14 ff 2e 
                  01 15 49 d3 b6 00 b6 2a 46 4c 30 4d 30 4a 30 30 
                  56 4e
15:05:55:579    < BTP_GAP_EV_DEVICE_FOUND (0x01|0x81|0x00)
                  raw data (41): 
                  01 81 00 29 00|01 76 b0 8b 6e 92 e0 a7 03 1e 00 
                  02 01 06 1a ff 4c 00 02 15 00 00 99 99 00 00 10 
                  00 80 00 00 17 7a 00 00 02 aa aa bb bb ce
15:05:55:612    < BTP_GAP_EV_DEVICE_FOUND (0x01|0x81|0x00)
                  raw data (32): 
                  01 81 00 20 00|01 fc d5 e7 55 a5 64 ae 03 15 00 
                  02 01 02 11 07 fc 9d d0 b3 cb 84 e0 84 06 42 f3 
                  f7 e1 e0 bf cb
15:05:55:613    < BTP_GAP_EV_DEVICE_FOUND (0x01|0x81|0x00)
                  raw data (29): 
                  01 81 00 1d 00|01 ff fd 80 56 d3 72 b9 03 12 00 
                  02 01 1a 02 0a 07 0b ff 4c 00 10 06 23 1a 6a 9d 
                  cb c9
15:05:55:614    < BTP_GAP_EV_DEVICE_FOUND (0x01|0x81|0x00)
                  raw data (35): 
                  01 81 00 23 00|01 a5 66 69 18 96 d0 a7 03 18 00 
                  02 01 06 11 07 02 00 00 7a 17 00 00 80 00 10 00 
                  00 00 98 00 00 02 0a 00
15:05:55:623    < BTP_GAP_EV_DEVICE_FOUND (0x01|0x81|0x00)
                  raw data (70): 
                  01 81 00 46 00|01 58 cf f5 ce 01 dc a5 07 3b 00 
                  02 01 06 1a ff 4c 00 02 15 00 00 99 99 00 00 10 
                  00 80 00 00 17 7a 00 00 02 aa aa bb bb ce 07 08 
                  44 31 31 4f 55 54 14 ff 2e 01 15 49 d3 b6 00 b6 
                  2a 46 4c 30 4d 30 4a 30 30 4e 47
15:05:55:645    < BTP_GAP_EV_DEVICE_FOUND (0x01|0x81|0x00)
                  raw data (42): 
                  01 81 00 2a 00|01 a2 eb d5 b3 ab 5c a1 03 1f 00 
                  02 01 02 17 ff 8f 03 2a 11 34 61 6a 4a 10 30 41 
                  a2 01 15 26 29 d9 f0 57 01 03 02 03 03 aa fd
15:05:55:656    < BTP_GAP_EV_DEVICE_FOUND (0x01|0x81|0x00)
                  raw data (61): 
                  01 81 00 3d 00|01 11 d3 ab 9c 0a ff ae 07 32 00 
                  02 01 06 11 07 02 00 00 7a 17 00 00 80 00 10 00 
                  00 00 98 00 00 02 0a 00 04 08 44 32 31 14 ff 2e 
                  01 15 49 d3 b6 00 b6 2a 46 4c 30 4d 30 4a 30 30 
                  37 30
15:05:55:700    < BTP_GAP_EV_DEVICE_FOUND (0x01|0x81|0x00)
                  raw data (41): 
                  01 81 00 29 00|01 1d 1e 8b 0a 2e d2 a8 03 1e 00 
                  02 01 06 1a ff 4c 00 02 15 00 00 99 99 00 00 10 
                  00 80 00 00 17 7a 00 00 02 aa aa bb bb ce
15:05:55:701    < BTP_GAP_EV_DEVICE_FOUND (0x01|0x81|0x00)
                  raw data (56): 
                  01 81 00 38 00|01 6a c6 b6 4a 4d 5b bb 07 2d 00 
                  02 01 1a 02 0a 0c 0b ff 4c 00 10 06 31 1a f8 86 
                  ac 54 1a 09 4e 47 4d 4a 48 76 41 38 44 48 73 59 
                  45 58 75 32 35 6a 32 46 36 71 41 34 77
15:05:55:711    < BTP_GAP_EV_DEVICE_FOUND (0x01|0x81|0x00)
                  raw data (39): 
                  01 81 00 27 00|01 0d 7a 9f fd 59 e9 a5 03 1c 00 
                  02 01 06 03 03 03 18 05 ff 59 00 00 46 09 16 0a 
                  18 e9 59 fd 9f 7a 0d 04 09 6e 75 74
15:05:55:712    < BTP_GAP_EV_DEVICE_FOUND (0x01|0x81|0x00)
                  raw data (41): 
                  01 81 00 29 00|00 ad d1 19 37 60 00 cf 03 1e 00 
                  02 01 06 11 07 e0 1c 4b 5e 1e eb a1 5c ee f4 5e 
                  ba 00 01 ff 01 08 08 4e 58 50 5f 5a 49 52
15:05:55:746    < BTP_GAP_EV_DEVICE_FOUND (0x01|0x81|0x00)
                  raw data (35): 
                  01 81 00 23 00|01 1d 1e 8b 0a 2e d2 a7 03 18 00 
                  02 01 06 11 07 02 00 00 7a 17 00 00 80 00 10 00 
                  00 00 98 00 00 02 0a 00
15:05:55:756    < BTP_GAP_EV_DEVICE_FOUND (0x01|0x81|0x00)
                  raw data (39): 
                  01 81 00 27 00|01 1b f3 7f bb 3d ea a7 03 1c 00 
                  02 01 06 03 03 03 18 05 ff 59 00 00 46 09 16 0a 
                  18 ea 3d bb 7f f3 1b 04 09 6e 75 74
15:05:55:779    < BTP_GAP_EV_DEVICE_FOUND (0x01|0x81|0x00)
                  raw data (42): 
                  01 81 00 2a 00|00 dc fc 3a 02 38 40 a7 03 1f 00 
                  02 01 06 09 16 12 18 dc fc 3a 02 38 40 11 07 9e 
                  ca dc 24 0e e5 a9 e0 93 f3 a3 b5 01 00 40 6e
15:05:55:790    < BTP_GAP_EV_DEVICE_FOUND (0x01|0x81|0x00)
                  raw data (61): 
                  01 81 00 3d 00|01 1d 1e 8b 0a 2e d2 a7 07 32 00 
                  02 01 06 11 07 02 00 00 7a 17 00 00 80 00 10 00 
                  00 00 98 00 00 02 0a 00 04 08 44 32 30 14 ff 2e 
                  01 15 49 d3 b6 00 b6 2a 46 4c 30 4d 30 4a 30 30 
                  4d 56
15:05:55:801    < BTP_GAP_EV_DEVICE_FOUND (0x01|0x81|0x00)
                  raw data (30): 
                  01 81 00 1e 00|01 f8 f9 9f c8 44 41 a1 03 13 00 
                  02 01 1a 02 0a 08 0c ff 4c 00 10 07 3f 1f 98 a5 
                  9a 34 78
15:05:55:834    < BTP_GAP_EV_DEVICE_FOUND (0x01|0x81|0x00)
                  raw data (41): 
                  01 81 00 29 00|01 11 45 b1 8a 55 d7 ae 03 1e 00 
                  02 01 06 1a ff 4c 00 02 15 00 00 99 99 00 00 10 
                  00 80 00 00 17 7a 00 00 02 aa aa bb bb ce
15:05:55:834    < BTP_GAP_EV_DEVICE_FOUND (0x01|0x81|0x00)
                  raw data (29): 
                  01 81 00 1d 00|01 4f 77 fc c8 ab 70 a1 07 12 00 
                  02 01 1a 02 0a 0c 0b ff 4c 00 10 06 04 1d 2d dd 
                  b2 78
15:05:55:877    < BTP_GAP_EV_DEVICE_FOUND (0x01|0x81|0x00)
                  raw data (29): 
                  01 81 00 1d 00|01 71 af 87 95 11 67 b0 03 12 00 
                  02 01 1a 02 0a 07 0b ff 4c 00 10 06 29 1e 0e ae 
                  03 c1
15:05:55:879    < BTP_GAP_EV_DEVICE_FOUND (0x01|0x81|0x00)
                  raw data (28): 
                  01 81 00 1c 00|01 14 ed 86 b2 5d 47 ac 07 11 00 
                  02 01 1a 02 0a 04 0a ff 4c 00 10 05 0f 1c be 47 
                  b3
15:05:55:880    < BTP_GAP_EV_DEVICE_FOUND (0x01|0x81|0x00)
                  raw data (39): 
                  01 81 00 27 00|01 14 2e 10 ab 8a de a7 07 1c 00 
                  02 01 06 03 03 03 18 05 ff 59 00 00 46 09 16 0a 
                  18 de 8a ab 10 2e 14 04 09 6e 75 74
15:05:55:888    < BTP_GAP_EV_DEVICE_FOUND (0x01|0x81|0x00)
                  raw data (28): 
                  01 81 00 1c 00|01 e0 37 20 76 7c 69 b2 03 11 00 
                  02 01 1a 0a ff 4c 00 10 05 0b 18 4f 38 1f 02 0a 
                  00
15:05:55:889    < BTP_GAP_EV_DEVICE_FOUND (0x01|0x81|0x00)
                  raw data (41): 
                  01 81 00 29 00|01 11 45 b1 8a 55 d7 a1 03 1e 00 
                  02 01 06 1a ff 4c 00 02 15 00 00 99 99 00 00 10 
                  00 80 00 00 17 7a 00 00 02 aa aa bb bb ce
15:05:55:922    < BTP_GAP_EV_DEVICE_FOUND (0x01|0x81|0x00)
                  raw data (35): 
                  01 81 00 23 00|01 11 d3 ab 9c 0a ff ad 03 18 00 
                  02 01 06 11 07 02 00 00 7a 17 00 00 80 00 10 00 
                  00 00 98 00 00 02 0a 00
15:05:55:932    < BTP_GAP_EV_DEVICE_FOUND (0x01|0x81|0x00)
                  raw data (61): 
                  01 81 00 3d 00|01 11 45 b1 8a 55 d7 a8 07 32 00 
                  02 01 06 11 07 02 00 00 7a 17 00 00 80 00 10 00 
                  00 00 98 00 00 02 0a 00 04 08 44 32 32 14 ff 2e 
                  01 15 49 d3 b6 00 b6 2a 46 4c 30 4d 30 4a 30 30 
                  56 4e
15:05:55:933    < BTP_GAP_EV_DEVICE_FOUND (0x01|0x81|0x00)
                  raw data (42): 
                  01 81 00 2a 00|00 71 21 25 02 38 40 a7 03 1f 00 
                  02 01 06 09 16 12 18 71 21 25 02 38 40 11 07 9e 
                  ca dc 24 0e e5 a9 e0 93 f3 a3 b5 01 00 40 6e
15:05:55:943    < BTP_GAP_EV_DEVICE_FOUND (0x01|0x81|0x00)
                  raw data (67): 
                  01 81 00 43 00|01 ec 1b 0b 68 4e f3 a4 07 38 00 
                  02 01 06 1a ff 4c 00 02 15 00 00 99 99 00 00 10 
                  00 80 00 00 17 7a 00 00 02 aa aa bb bb ce 04 08 
                  44 32 35 14 ff 2e 01 15 49 d3 b6 00 b6 2a 46 4c 
                  30 4d 30 4a 30 30 4e 36
15:05:55:966    < BTP_GAP_EV_DEVICE_FOUND (0x01|0x81|0x00)
                  raw data (30): 
                  01 81 00 1e 00|01 cc 3e aa d5 bb 62 ab 03 13 00 
                  02 01 1a 02 0a 0c 0c ff 4c 00 10 07 33 1f c7 93 
                  7f 73 88
15:05:55:976    < BTP_GAP_EV_DEVICE_FOUND (0x01|0x81|0x00)
                  raw data (29): 
                  01 81 00 1d 00|01 6a c6 b6 4a 4d 5b bb 03 12 00 
                  02 01 1a 02 0a 0c 0b ff 4c 00 10 06 31 1a f8 86 
                  ac 54
15:05:56:009    < BTP_GAP_EV_DEVICE_FOUND (0x01|0x81|0x00)
                  raw data (42): 
                  01 81 00 2a 00|01 1a 7f 29 d4 db 7f af 03 1f 00 
                  02 01 1a 1b ff 4c 00 0c 0e 00 08 17 2c 65 c9 90 
                  98 59 2c 68 2c dc 7d 10 06 2e 19 be df 2c 38
15:05:56:020    < BTP_GAP_EV_DEVICE_FOUND (0x01|0x81|0x00)
                  raw data (67): 
                  01 81 00 43 00|01 a5 66 69 18 96 d0 a8 07 38 00 
                  02 01 06 1a ff 4c 00 02 15 00 00 99 99 00 00 10 
                  00 80 00 00 17 7a 00 00 02 aa aa bb bb ce 04 08 
                  44 32 33 14 ff 2e 01 15 49 d3 b6 00 b6 2a 46 4c 
                  30 4d 30 4a 30 30 37 37
15:05:56:031    < BTP_GAP_EV_DEVICE_FOUND (0x01|0x81|0x00)
                  raw data (41): 
                  01 81 00 29 00|01 58 cf f5 ce 01 dc a5 03 1e 00 
                  02 01 06 1a ff 4c 00 02 15 00 00 99 99 00 00 10 
                  00 80 00 00 17 7a 00 00 02 aa aa bb bb ce
15:05:56:032    < BTP_GAP_EV_DEVICE_FOUND (0x01|0x81|0x00)
                  raw data (28): 
                  01 81 00 1c 00|01 e3 51 44 a5 4d 43 b4 07 11 00 
                  02 01 1a 02 0a 0c 0a ff 4c 00 10 05 08 18 7d 81 
                  51
15:05:56:054    < BTP_GAP_EV_DEVICE_FOUND (0x01|0x81|0x00)
                  raw data (35): 
                  01 81 00 23 00|01 a5 66 69 18 96 d0 ad 03 18 00 
                  02 01 06 11 07 02 00 00 7a 17 00 00 80 00 10 00 
                  00 00 98 00 00 02 0a 00
15:05:56:064    < BTP_GAP_EV_DEVICE_FOUND (0x01|0x81|0x00)
                  raw data (67): 
                  01 81 00 43 00|01 88 48 0f 5c 42 d6 a5 07 38 00 
                  02 01 06 1a ff 4c 00 02 15 00 00 99 99 00 00 10 
                  00 80 00 00 17 7a 00 00 02 aa aa bb bb ce 04 08 
                  44 31 32 14 ff 2e 01 15 49 d3 b6 00 b6 2a 46 4c 
                  30 4d 30 4a 30 30 36 4d
15:05:56:075    < BTP_GAP_EV_DEVICE_FOUND (0x01|0x81|0x00)
                  raw data (41): 
                  01 81 00 29 00|01 5f 90 d5 b2 96 ff aa 03 1e 00 
                  02 01 06 1a ff 4c 00 02 15 00 00 99 99 00 00 10 
                  00 80 00 00 17 7a 00 00 02 aa aa bb bb ce
15:05:56:076    < BTP_GAP_EV_DEVICE_FOUND (0x01|0x81|0x00)
                  raw data (30): 
                  01 81 00 1e 00|01 bd 22 46 13 e2 57 ab 07 13 00 
                  02 01 1a 02 0a 0c 0c ff 4c 00 10 07 2e 1f 7f 3c 
                  ca 43 38
15:05:56:097    < BTP_GAP_EV_DEVICE_FOUND (0x01|0x81|0x00)
                  raw data (51): 
                  01 81 00 33 00|01 90 1f 4e d0 dc 7e b2 07 28 00 
                  02 01 1a 02 0a 0c 0c ff 4c 00 10 07 33 1f 92 af 
                  0a 5c 68 14 ff 4c 00 01 00 00 00 00 00 00 00 00 
                  00 00 00 00 00 10 00 00
15:05:56:107    < BTP_GAP_EV_DEVICE_FOUND (0x01|0x81|0x00)
                  raw data (35): 
                  01 81 00 23 00|01 88 48 0f 5c 42 d6 a1 03 18 00 
                  02 01 06 11 07 02 00 00 7a 17 00 00 80 00 10 00 
                  00 00 98 00 00 02 0a 00
15:05:56:108    < BTP_GAP_EV_DEVICE_FOUND (0x01|0x81|0x00)
                  raw data (29): 
                  01 81 00 1d 00|01 4f 77 fc c8 ab 70 a1 07 12 00 
                  02 01 1a 02 0a 0c 0b ff 4c 00 10 06 04 1d 2d dd 
                  b2 78
15:05:56:119    < BTP_GAP_EV_DEVICE_FOUND (0x01|0x81|0x00)
                  raw data (30): 
                  01 81 00 1e 00|01 43 2c fd 26 5d 42 a7 07 13 00 
                  02 01 1a 02 0a 0c 0c ff 4c 00 10 07 2b 1f b8 78 
                  5f a8 38
15:05:56:142    < BTP_GAP_EV_DEVICE_FOUND (0x01|0x81|0x00)
                  raw data (29): 
                  01 81 00 1d 00|01 71 af 87 95 11 67 b1 03 12 00 
                  02 01 1a 02 0a 07 0b ff 4c 00 10 06 29 1e 0e ae 
                  03 c1
15:05:56:153    < BTP_GAP_EV_DEVICE_FOUND (0x01|0x81|0x00)
                  raw data (42): 
                  01 81 00 2a 00|00 7f a4 eb d3 44 f0 a7 03 1f 00 
                  02 01 06 09 16 12 18 7f a4 eb d3 44 f0 11 07 9e 
                  ca dc 24 0e e5 a9 e0 93 f3 a3 b5 01 00 40 6e
15:05:56:153    < BTP_GAP_EV_DEVICE_FOUND (0x01|0x81|0x00)
                  raw data (28): 
                  01 81 00 1c 00|01 14 ed 86 b2 5d 47 b2 07 11 00 
                  02 01 1a 02 0a 04 0a ff 4c 00 10 05 0f 1c be 47 
                  b3
15:05:56:162    < BTP_GAP_EV_DEVICE_FOUND (0x01|0x81|0x00)
                  raw data (28): 
                  01 81 00 1c 00|01 e0 37 20 76 7c 69 b0 07 11 00 
                  02 01 1a 0a ff 4c 00 10 05 0b 18 4f 38 1f 02 0a 
                  00
15:05:56:195    < BTP_GAP_EV_DEVICE_FOUND (0x01|0x81|0x00)
                  raw data (42): 
                  01 81 00 2a 00|00 dc fc 3a 02 38 40 a7 03 1f 00 
                  02 01 06 09 16 12 18 dc fc 3a 02 38 40 11 07 9e 
                  ca dc 24 0e e5 a9 e0 93 f3 a3 b5 01 00 40 6e
15:05:56:206    < BTP_GAP_EV_DEVICE_FOUND (0x01|0x81|0x00)
                  raw data (41): 
                  01 81 00 29 00|01 11 d3 ab 9c 0a ff ad 03 1e 00 
                  02 01 06 1a ff 4c 00 02 15 00 00 99 99 00 00 10 
                  00 80 00 00 17 7a 00 00 02 aa aa bb bb ce
15:05:56:207    < BTP_GAP_EV_DEVICE_FOUND (0x01|0x81|0x00)
                  raw data (25): 
                  01 81 00 19 00|01 2a da 3c 65 01 78 a2 07 0e 00 
                  02 01 1a 02 0a 0c 07 ff 4c 00 10 02 03 00
15:05:56:240    < BTP_GAP_EV_DEVICE_FOUND (0x01|0x81|0x00)
                  raw data (35): 
                  01 81 00 23 00|01 1d 1e 8b 0a 2e d2 a7 03 18 00 
                  02 01 06 11 07 02 00 00 7a 17 00 00 80 00 10 00 
                  00 00 98 00 00 02 0a 00
15:05:56:251    < BTP_GAP_EV_DEVICE_FOUND (0x01|0x81|0x00)
                  raw data (41): 
                  01 81 00 29 00|01 76 b0 8b 6e 92 e0 a7 03 1e 00 
                  02 01 06 1a ff 4c 00 02 15 00 00 99 99 00 00 10 
                  00 80 00 00 17 7a 00 00 02 aa aa bb bb ce
15:05:56:284    < BTP_GAP_EV_DEVICE_FOUND (0x01|0x81|0x00)
                  raw data (29): 
                  01 81 00 1d 00|01 6a c6 b6 4a 4d 5b bb 03 12 00 
                  02 01 1a 02 0a 0c 0b ff 4c 00 10 06 31 1a f8 86 
                  ac 54
15:05:56:285    < BTP_GAP_EV_DEVICE_FOUND (0x01|0x81|0x00)
                  raw data (39): 
                  01 81 00 27 00|01 1b 2d 57 ba c4 ee ab 07 1c 00 
                  02 01 06 03 03 03 18 05 ff 59 00 00 46 09 16 0a 
                  18 ee c4 ba 57 2d 1b 04 09 6e 75 74
15:05:56:295    < BTP_GAP_EV_DEVICE_FOUND (0x01|0x81|0x00)
                  raw data (35): 
                  01 81 00 23 00|01 2a 5a 53 4c cf e7 a0 03 18 00 
                  02 01 06 11 07 02 00 00 7a 17 00 00 80 00 10 00 
                  00 00 98 00 00 02 0a 00
15:05:56:296    < BTP_GAP_EV_DEVICE_FOUND (0x01|0x81|0x00)
                  raw data (70): 
                  01 81 00 46 00|01 5f 90 d5 b2 96 ff ac 07 3b 00 
                  02 01 06 1a ff 4c 00 02 15 00 00 99 99 00 00 10 
                  00 80 00 00 17 7a 00 00 02 aa aa bb bb ce 07 08 
                  44 31 35 4f 55 54 14 ff 2e 01 15 49 d3 b6 00 b6 
                  2a 46 4c 30 4d 30 4a 30 30 36 47
15:05:56:297    < BTP_GAP_EV_DEVICE_FOUND (0x01|0x81|0x00)
                  raw data (35): 
                  01 81 00 23 00|01 a5 66 69 18 96 d0 a7 03 18 00 
                  02 01 06 11 07 02 00 00 7a 17 00 00 80 00 10 00 
                  00 00 98 00 00 02 0a 00
15:05:56:306    < BTP_GAP_EV_DEVICE_FOUND (0x01|0x81|0x00)
                  raw data (28): 
                  01 81 00 1c 00|01 e3 51 44 a5 4d 43 b4 07 11 00 
                  02 01 1a 02 0a 0c 0a ff 4c 00 10 05 08 18 7d 81 
                  51
15:05:56:340    < BTP_GAP_EV_DEVICE_FOUND (0x01|0x81|0x00)
                  raw data (35): 
                  01 81 00 23 00|01 5f 90 d5 b2 96 ff a9 03 18 00 
                  02 01 06 11 07 02 00 00 7a 17 00 00 80 00 10 00 
                  00 00 98 00 00 02 0a 00
15:05:56:351    < BTP_GAP_EV_DEVICE_FOUND (0x01|0x81|0x00)
                  raw data (62): 
                  01 81 00 3e 00|00 71 21 25 02 38 40 a7 07 33 00 
                  02 01 06 09 16 12 18 71 21 25 02 38 40 11 07 9e 
                  ca dc 24 0e e5 a9 e0 93 f3 a3 b5 01 00 40 6e 06 
                  ff 52 46 0c e0 07 0c 09 52 46 73 74 61 72 5f 32 
                  31 37 31
15:05:56:384    < BTP_GAP_EV_DEVICE_FOUND (0x01|0x81|0x00)
                  raw data (41): 
                  01 81 00 29 00|01 11 45 b1 8a 55 d7 a7 03 1e 00 
                  02 01 06 1a ff 4c 00 02 15 00 00 99 99 00 00 10 
                  00 80 00 00 17 7a 00 00 02 aa aa bb bb ce
15:05:56:417    < BTP_GAP_EV_DEVICE_FOUND (0x01|0x81|0x00)
                  raw data (41): 
                  01 81 00 29 00|01 88 48 0f 5c 42 d6 a0 03 1e 00 
                  02 01 06 1a ff 4c 00 02 15 00 00 99 99 00 00 10 
                  00 80 00 00 17 7a 00 00 02 aa aa bb bb ce
15:05:56:418    < BTP_GAP_EV_DEVICE_FOUND (0x01|0x81|0x00)
                  raw data (40): 
                  01 81 00 28 00|00 f6 a9 35 75 95 68 a1 03 1d 00 
                  02 01 06 09 ff 20 00 68 95 75 35 a9 f6 0f 09 54 
                  4c 5f 42 45 55 4f 5a 42 5f 41 39 46 36
15:05:56:427    < BTP_GAP_EV_DEVICE_FOUND (0x01|0x81|0x00)
                  raw data (29): 
                  01 81 00 1d 00|01 e5 b5 59 e6 2e 5d a7 03 12 00 
                  02 01 1a 02 0a 0c 0b ff 4c 00 10 06 16 19 5a f0 
                  8f 08
15:05:56:428    < BTP_GAP_EV_DEVICE_FOUND (0x01|0x81|0x00)
                  raw data (28): 
                  01 81 00 1c 00|01 e0 37 20 76 7c 69 b0 03 11 00 
                  02 01 1a 0a ff 4c 00 10 05 0b 18 4f 38 1f 02 0a 
                  00
15:05:56:439    < BTP_GAP_EV_DEVICE_FOUND (0x01|0x81|0x00)
                  raw data (29): 
                  01 81 00 1d 00|01 ff fd 80 56 d3 72 ba 07 12 00 
                  02 01 1a 02 0a 07 0b ff 4c 00 10 06 23 1a 6a 9d 
                  cb c9
15:05:56:461    < BTP_GAP_EV_DEVICE_FOUND (0x01|0x81|0x00)
                  raw data (35): 
                  01 81 00 23 00|01 a5 66 69 18 96 d0 ad 03 18 00 
                  02 01 06 11 07 02 00 00 7a 17 00 00 80 00 10 00 
                  00 00 98 00 00 02 0a 00
15:05:56:472    < BTP_GAP_EV_DEVICE_FOUND (0x01|0x81|0x00)
                  raw data (62): 
                  01 81 00 3e 00|00 59 a3 eb d3 44 f0 b8 07 33 00 
                  02 01 06 09 16 12 18 59 a3 eb d3 44 f0 11 07 9e 
                  ca dc 24 0e e5 a9 e0 93 f3 a3 b5 01 00 40 6e 06 
                  ff 52 46 0d 0d 07 0c 09 52 46 73 74 61 72 5f 41 
                  33 35 39
15:05:56:505    < BTP_GAP_EV_DEVICE_FOUND (0x01|0x81|0x00)
                  raw data (41): 
                  01 81 00 29 00|00 4e 51 1d 68 16 c1 a3 03 1e 00 
                  02 01 06 1a ff ff ff ff ff c1 16 68 1d 51 4e 01 
                  09 01 00 1a 01 ff ff ff 16 ff ff ff 00 ff
15:05:56:516    < BTP_GAP_EV_DEVICE_FOUND (0x01|0x81|0x00)
                  raw data (41): 
                  01 81 00 29 00|01 a5 66 69 18 96 d0 a2 03 1e 00 
                  02 01 06 1a ff 4c 00 02 15 00 00 99 99 00 00 10 
                  00 80 00 00 17 7a 00 00 02 aa aa bb bb ce
15:05:56:517    < BTP_GAP_EV_DEVICE_FOUND (0x01|0x81|0x00)
                  raw data (30): 
                  01 81 00 1e 00|01 cc 3e aa d5 bb 62 ac 03 13 00 
                  02 01 1a 02 0a 0c 0c ff 4c 00 10 07 33 1f c7 93 
                  7f 73 88
15:05:56:518    < BTP_GAP_EV_DEVICE_FOUND (0x01|0x81|0x00)
                  raw data (67): 
                  01 81 00 43 00|01 1d 1e 8b 0a 2e d2 a7 07 38 00 
                  02 01 06 1a ff 4c 00 02 15 00 00 99 99 00 00 10 
                  00 80 00 00 17 7a 00 00 02 aa aa bb bb ce 04 08 
                  44 32 30 14 ff 2e 01 15 49 d3 b6 00 b6 2a 46 4c 
                  30 4d 30 4a 30 30 4d 56
15:05:56:549    < BTP_GAP_EV_DEVICE_FOUND (0x01|0x81|0x00)
                  raw data (30): 
                  01 81 00 1e 00|01 e1 11 d0 1f 15 48 a2 03 13 00 
                  02 01 1a 02 0a 08 0c ff 4c 00 10 07 3d 1f da 7d 
                  7f c4 78
15:05:56:561    < BTP_GAP_EV_DEVICE_FOUND (0x01|0x81|0x00)
                  raw data (42): 
                  01 81 00 2a 00|00 6a a3 eb d3 44 f0 a7 03 1f 00 
                  02 01 06 09 16 12 18 6a a3 eb d3 44 f0 11 07 9e 
                  ca dc 24 0e e5 a9 e0 93 f3 a3 b5 01 00 40 6e
15:05:56:594    < BTP_GAP_EV_DEVICE_FOUND (0x01|0x81|0x00)
                  raw data (35): 
                  01 81 00 23 00|01 11 45 b1 8a 55 d7 a0 03 18 00 
                  02 01 06 11 07 02 00 00 7a 17 00 00 80 00 10 00 
                  00 00 98 00 00 02 0a 00
15:05:56:605    < BTP_GAP_EV_DEVICE_FOUND (0x01|0x81|0x00)
                  raw data (67): 
                  01 81 00 43 00|01 1d 1e 8b 0a 2e d2 a7 07 38 00 
                  02 01 06 1a ff 4c 00 02 15 00 00 99 99 00 00 10 
                  00 80 00 00 17 7a 00 00 02 aa aa bb bb ce 04 08 
                  44 32 30 14 ff 2e 01 15 49 d3 b6 00 b6 2a 46 4c 
                  30 4d 30 4a 30 30 4d 56
15:05:56:606    < BTP_GAP_EV_DEVICE_FOUND (0x01|0x81|0x00)
                  raw data (35): 
                  01 81 00 23 00|01 11 d3 ab 9c 0a ff ad 03 18 00 
                  02 01 06 11 07 02 00 00 7a 17 00 00 80 00 10 00 
                  00 00 98 00 00 02 0a 00
15:05:56:607    < BTP_GAP_EV_DEVICE_FOUND (0x01|0x81|0x00)
                  raw data (41): 
                  01 81 00 29 00|01 f3 90 e2 fb b3 dc a5 03 1e 00 
                  02 01 06 1a ff 4c 00 02 15 00 00 99 99 00 00 10 
                  00 80 00 00 17 7a 00 00 02 aa aa bb bb ce
15:05:56:616    < BTP_GAP_EV_DEVICE_FOUND (0x01|0x81|0x00)
                  raw data (67): 
                  01 81 00 43 00|01 11 45 b1 8a 55 d7 a7 07 38 00 
                  02 01 06 1a ff 4c 00 02 15 00 00 99 99 00 00 10 
                  00 80 00 00 17 7a 00 00 02 aa aa bb bb ce 04 08 
                  44 32 32 14 ff 2e 01 15 49 d3 b6 00 b6 2a 46 4c 
                  30 4d 30 4a 30 30 56 4e
15:05:56:617    < BTP_GAP_EV_DEVICE_FOUND (0x01|0x81|0x00)
                  raw data (30): 
                  01 81 00 1e 00|01 f8 f9 9f c8 44 41 a1 03 13 00 
                  02 01 1a 02 0a 08 0c ff 4c 00 10 07 3f 1f 98 a5 
                  9a 34 78
15:05:56:627    < BTP_GAP_EV_DEVICE_FOUND (0x01|0x81|0x00)
                  raw data (61): 
                  01 81 00 3d 00|01 ec 1b 0b 68 4e f3 a3 07 32 00 
                  02 01 06 11 07 02 00 00 7a 17 00 00 80 00 10 00 
                  00 00 98 00 00 02 0a 00 04 08 44 32 35 14 ff 2e 
                  01 15 49 d3 b6 00 b6 2a 46 4c 30 4d 30 4a 30 30 
                  4e 36
15:05:56:639    < BTP_GAP_EV_DEVICE_FOUND (0x01|0x81|0x00)
                  raw data (41): 
                  01 81 00 29 00|01 5f 90 d5 b2 96 ff ad 03 1e 00 
                  02 01 06 1a ff 4c 00 02 15 00 00 99 99 00 00 10 
                  00 80 00 00 17 7a 00 00 02 aa aa bb bb ce
15:05:56:649    < BTP_GAP_EV_DEVICE_FOUND (0x01|0x81|0x00)
                  raw data (35): 
                  01 81 00 23 00|01 11 45 b1 8a 55 d7 a6 03 18 00 
                  02 01 06 11 07 02 00 00 7a 17 00 00 80 00 10 00 
                  00 00 98 00 00 02 0a 00
15:05:56:650    < BTP_GAP_EV_DEVICE_FOUND (0x01|0x81|0x00)
                  raw data (41): 
                  01 81 00 29 00|01 11 d3 ab 9c 0a ff aa 03 1e 00 
                  02 01 06 1a ff 4c 00 02 15 00 00 99 99 00 00 10 
                  00 80 00 00 17 7a 00 00 02 aa aa bb bb ce
15:05:56:651    < BTP_GAP_EV_DEVICE_FOUND (0x01|0x81|0x00)
                  raw data (30): 
                  01 81 00 1e 00|01 90 1f 4e d0 dc 7e b2 03 13 00 
                  02 01 1a 02 0a 0c 0c ff 4c 00 10 07 33 1f 92 af 
                  0a 5c 68
15:05:56:660    < BTP_GAP_EV_DEVICE_FOUND (0x01|0x81|0x00)
                  raw data (64): 
                  01 81 00 40 00|01 5f 90 d5 b2 96 ff aa 07 35 00 
                  02 01 06 11 07 02 00 00 7a 17 00 00 80 00 10 00 
                  00 00 98 00 00 02 0a 00 07 08 44 31 35 4f 55 54 
                  14 ff 2e 01 15 49 d3 b6 00 b6 2a 46 4c 30 4d 30 
                  4a 30 30 36 47
15:05:56:692    < BTP_GAP_EV_DEVICE_FOUND (0x01|0x81|0x00)
                  raw data (41): 
                  01 81 00 29 00|01 88 48 0f 5c 42 d6 a4 03 1e 00 
                  02 01 06 1a ff 4c 00 02 15 00 00 99 99 00 00 10 
                  00 80 00 00 17 7a 00 00 02 aa aa bb bb ce
15:05:56:724    < BTP_GAP_EV_DEVICE_FOUND (0x01|0x81|0x00)
                  raw data (29): 
                  01 81 00 1d 00|01 e5 b5 59 e6 2e 5d a8 03 12 00 
                  02 01 1a 02 0a 0c 0b ff 4c 00 10 06 16 19 5a f0 
                  8f 08
15:05:56:735    < BTP_GAP_EV_DEVICE_FOUND (0x01|0x81|0x00)
                  raw data (63): 
                  01 81 00 3f 00|01 1a 7f 29 d4 db 7f b0 07 34 00 
                  02 01 1a 1b ff 4c 00 0c 0e 00 08 17 2c 65 c9 90 
                  98 59 2c 68 2c dc 7d 10 06 2e 19 be df 2c 38 14 
                  ff 4c 00 01 00 00 00 00 00 00 00 00 00 00 00 00 
                  00 10 00 00
15:05:56:747    < BTP_GAP_EV_DEVICE_FOUND (0x01|0x81|0x00)
                  raw data (32): 
                  01 81 00 20 00|01 fc d5 e7 55 a5 64 b7 07 15 00 
                  02 01 02 11 07 fc 9d d0 b3 cb 84 e0 84 06 42 f3 
                  f7 e1 e0 bf cb
15:05:56:748    < BTP_GAP_EV_DEVICE_FOUND (0x01|0x81|0x00)
                  raw data (61): 
                  01 81 00 3d 00|01 a5 66 69 18 96 d0 ad 07 32 00 
                  02 01 06 11 07 02 00 00 7a 17 00 00 80 00 10 00 
                  00 00 98 00 00 02 0a 00 04 08 44 32 33 14 ff 2e 
                  01 15 49 d3 b6 00 b6 2a 46 4c 30 4d 30 4a 30 30 
                  37 37
15:05:56:769    < BTP_GAP_EV_DEVICE_FOUND (0x01|0x81|0x00)
                  raw data (25): 
                  01 81 00 19 00|01 2a da 3c 65 01 78 a9 03 0e 00 
                  02 01 1a 02 0a 0c 07 ff 4c 00 10 02 03 00
15:05:56:781    < BTP_GAP_EV_DEVICE_FOUND (0x01|0x81|0x00)
                  raw data (42): 
                  01 81 00 2a 00|00 dc fc 3a 02 38 40 a6 03 1f 00 
                  02 01 06 09 16 12 18 dc fc 3a 02 38 40 11 07 9e 
                  ca dc 24 0e e5 a9 e0 93 f3 a3 b5 01 00 40 6e
15:05:56:813    < BTP_GAP_EV_DEVICE_FOUND (0x01|0x81|0x00)
                  raw data (35): 
                  01 81 00 23 00|01 2a 5a 53 4c cf e7 9d 03 18 00 
                  02 01 06 11 07 02 00 00 7a 17 00 00 80 00 10 00 
                  00 00 98 00 00 02 0a 00
15:05:56:866    < BTP_GAP_EV_DEVICE_FOUND (0x01|0x81|0x00)
                  raw data (29): 
                  01 81 00 1d 00|01 24 48 c8 6e a5 65 9f 03 12 00 
                  02 01 1a 0b ff 4c 00 10 06 23 1a c4 8c 9a f2 02 
                  0a 00
15:05:56:867    < BTP_GAP_EV_DEVICE_FOUND (0x01|0x81|0x00)
                  raw data (63): 
                  01 81 00 3f 00|01 2a 5a 53 4c cf e7 a1 07 34 00 
                  02 01 06 11 07 02 00 00 7a 17 00 00 80 00 10 00 
                  00 00 98 00 00 02 0a 00 06 08 44 31 35 49 4e 14 
                  ff 2e 01 15 49 d3 b6 00 b6 2a 46 4c 30 4d 30 4a 
                  30 32 54 50
15:05:56:871    > BTP_GAP_CMD_STOP_DISCOVERY (0x01|0x0d|0x00)
                  raw data (0): 01 0d 00 00 00|
15:05:56:892    < BTP_GAP_EV_DEVICE_FOUND (0x01|0x81|0x00)
                  raw data (42): 
                  01 81 00 2a 00|00 6f 21 25 02 38 40 a2 03 1f 00 
                  02 01 06 09 16 12 18 6f 21 25 02 38 40 11 07 9e 
                  ca dc 24 0e e5 a9 e0 93 f3 a3 b5 01 00 40 6e
15:05:56:937    < BTP_GAP_EV_DEVICE_FOUND (0x01|0x81|0x00)
                  raw data (42): 
                  01 81 00 2a 00|00 5d a3 eb d3 44 f0 a6 03 1f 00 
                  02 01 06 09 16 12 18 5d a3 eb d3 44 f0 11 07 9e 
                  ca dc 24 0e e5 a9 e0 93 f3 a3 b5 01 00 40 6e
15:05:56:992    < BTP_GAP_EV_DEVICE_FOUND (0x01|0x81|0x00)
                  raw data (35): 
                  01 81 00 23 00|01 1d 1e 8b 0a 2e d2 a7 03 18 00 
                  02 01 06 11 07 02 00 00 7a 17 00 00 80 00 10 00 
                  00 00 98 00 00 02 0a 00
15:05:57:079    < BTP_GAP_EV_DEVICE_FOUND (0x01|0x81|0x00)
                  raw data (66): 
                  01 81 00 42 00|01 91 87 f8 1c fc 77 a7 07 37 00 
                  02 01 02 16 ff 9a 07 af 30 2b 14 88 00 4c 26 40 
                  00 00 00 00 ce 02 33 bd 04 09 1c 16 6b 68 4a f9 
                  e9 32 bc 80 08 4f 50 50 4f 20 46 69 6e 64 20 58 
                  37 20 55 6c e2 80 a6
15:05:57:167    < BTP_GAP_CMD_STOP_DISCOVERY (0x01|0x0d|0x00)
                  raw data (0): 01 0d 00 00 00|
15:06:00:547    < BTP_CORE_EV_IUT_READY (0x00|0x80|0xff)
                  raw data (0): 00 80 ff 00 00|
