02:47:51:457    > BTP_CORE_CMD_READ_SUPPORTED_SERVICES (0x00|0x02|0xff)
                  raw data (0): 00 02 ff 00 00|
02:47:51:485    < BTP_CORE_CMD_READ_SUPPORTED_SERVICES (0x00|0x02|0xff)
                  raw data (6): 00 02 ff 06 00|0f 00 00 a0 ff 03
02:47:51:490    > BTP_CORE_CMD_REGISTER_SERVICE (0x00|0x03|0xff)
                  raw data (1): 00 03 ff 01 00|01
02:47:55:601    < BTP_CORE_CMD_REGISTER_SERVICE (0x00|0x03|0xff)
                  raw data (0): 00 03 ff 00 00|
02:47:55:606    > BTP_GAP_CMD_READ_SUPPORTED_COMMANDS (0x01|0x01|0xff)
                  raw data (0): 01 01 ff 00 00|
02:47:55:654    < BTP_GAP_CMD_READ_SUPPORTED_COMMANDS (0x01|0x01|0xff)
                  raw data (7): 01 01 ff 07 00|6e ff 7f 1f fe ff 2e
02:47:55:660    > BTP_CORE_CMD_REGISTER_SERVICE (0x00|0x03|0xff)
                  raw data (2): 00 03 ff 01 00|02
02:47:55:702    < BTP_CORE_CMD_REGISTER_SERVICE (0x00|0x03|0xff)
                  raw data (0): 00 03 ff 00 00|
02:47:55:703    > BTP_GATT_CMD_READ_SUPPORTED_COMMANDS (0x02|0x01|0xff)
                  raw data (0): 02 01 ff 00 00|
02:47:55:756    < BTP_GATT_CMD_READ_SUPPORTED_COMMANDS (0x02|0x01|0xff)
                  raw data (5): 02 01 ff 05 00|fe fe bf fd 0f
02:47:55:761    > BTP_GAP_CMD_READ_CONTROLLER_INFO (0x01|0x03|0x00)
                  raw data (0): 01 03 00 00 00|
02:47:55:831    < BTP_GAP_CMD_READ_CONTROLLER_INFO (0x01|0x03|0x00)
                  raw data (277): 
                  01 03 00 15 01|19 78 ee 69 17 d0 d3 06 02 00 13 
                  02 00 00 00 00 00 62 74 70 5f 74 65 73 74 65 72 
                  00 00 00 00 00 00 00 00 00 00 00 00 00 00 00 00 
                  00 00 00 00 00 00 00 00 00 00 00 00 00 00 00 00 
                  00 00 00 00 00 00 00 00 00 00 00 00 00 00 00 00 
                  00 00 00 00 00 00 00 00 00 00 00 00 00 00 00 00 
                  00 00 00 00 00 00 00 00 00 00 00 00 00 00 00 00 
                  00 00 00 00 00 00 00 00 00 00 00 00 00 00 00 00 
                  00 00 00 00 00 00 00 00 00 00 00 00 00 00 00 00 
                  00 00 00 00 00 00 00 00 00 00 00 00 00 00 00 00 
                  00 00 00 00 00 00 00 00 00 00 00 00 00 00 00 00 
                  00 00 00 00 00 00 00 00 00 00 00 00 00 00 00 00 
                  00 00 00 00 00 00 00 00 00 00 00 00 00 00 00 00 
                  00 00 00 00 00 00 00 00 00 00 00 00 00 00 00 00 
                  00 00 00 00 00 00 00 00 00 00 00 00 00 00 00 00 
                  00 00 00 00 00 00 00 00 00 00 00 00 00 00 00 00 
                  00 00 00 00 00 00 00 00 00 00 00 00 00 00 00 00 
                  00 00 00 00 00 00 00 00 00 00
02:47:55:845    > BTP_GAP_CMD_SET_IO_CAP (0x01|0x10|0x00)
                  raw data (1): 01 10 00 01 00|00
02:47:55:893    < BTP_GAP_CMD_SET_IO_CAP (0x01|0x10|0x00)
                  raw data (0): 01 10 00 00 00|
02:47:55:905    > BTP_GATT_CMD_ADD_SERVICE (0x02|0x02|0x00)
                  raw data (4): 02 02 00 04 00|01 02 40 aa
02:47:55:969    < BTP_GATT_CMD_ADD_SERVICE (0x02|0x02|0x00)
                  raw data (2): 02 02 00 02 00|00 00
02:47:55:986    > BTP_GATT_CMD_ADD_CHARACTERISTIC (0x02|0x03|0x00)
                  raw data (7): 02 03 00 07 00|00 00 0a 03 02 50 aa
02:47:56:053    < BTP_GATT_CMD_ADD_CHARACTERISTIC (0x02|0x03|0x00)
                  raw data (2): 02 03 00 02 00|00 00
02:47:56:059    > BTP_GATT_CMD_SET_VALUE (0x02|0x06|0x00)
                  raw data (12): 
                  02 06 00 0c 00|00 00 08 00 01 23 45 67 89 ab cd 
                  ef
02:47:56:096    < BTP_GATT_CMD_SET_VALUE (0x02|0x06|0x00)
                  raw data (0): 02 06 00 00 00|
02:47:56:102    > BTP_GATT_CMD_ADD_CHARACTERISTIC (0x02|0x03|0x00)
                  raw data (7): 02 03 00 07 00|00 00 0a 0c 02 51 aa
02:47:56:173    < BTP_GATT_CMD_ADD_CHARACTERISTIC (0x02|0x03|0x00)
                  raw data (2): 02 03 00 02 00|00 00
02:47:56:190    > BTP_GATT_CMD_SET_VALUE (0x02|0x06|0x00)
                  raw data (12): 
                  02 06 00 0c 00|00 00 08 00 01 23 45 67 89 ab cd 
                  ef
02:47:56:242    < BTP_GATT_CMD_SET_VALUE (0x02|0x06|0x00)
                  raw data (0): 02 06 00 00 00|
02:47:56:254    > BTP_GATT_CMD_ADD_CHARACTERISTIC (0x02|0x03|0x00)
                  raw data (7): 02 03 00 07 00|00 00 0a 30 02 52 aa
02:47:56:289    < BTP_GATT_CMD_ADD_CHARACTERISTIC (0x02|0x03|0x00)
                  raw data (2): 02 03 00 02 00|00 00
02:47:56:290    > BTP_GATT_CMD_SET_VALUE (0x02|0x06|0x00)
                  raw data (12): 
                  02 06 00 0c 00|00 00 08 00 01 23 45 67 89 ab cd 
                  ef
02:47:56:359    < BTP_GATT_CMD_SET_VALUE (0x02|0x06|0x00)
                  raw data (0): 02 06 00 00 00|
02:47:56:377    > BTP_GATT_CMD_ADD_CHARACTERISTIC (0x02|0x03|0x00)
                  raw data (7): 02 03 00 07 00|00 00 0a c0 02 53 aa
02:47:56:458    < BTP_GATT_CMD_ADD_CHARACTERISTIC (0x02|0x03|0x00)
                  raw data (2): 02 03 00 02 00|00 00
02:47:56:470    > BTP_GATT_CMD_SET_VALUE (0x02|0x06|0x00)
                  raw data (12): 
                  02 06 00 0c 00|00 00 08 00 01 23 45 67 89 ab cd 
                  ef
02:47:56:517    < BTP_GATT_CMD_SET_VALUE (0x02|0x06|0x00)
                  raw data (0): 02 06 00 00 00|
02:47:56:522    > BTP_GATT_CMD_ADD_CHARACTERISTIC (0x02|0x03|0x00)
                  raw data (7): 02 03 00 07 00|00 00 3a 03 02 54 aa
02:47:56:579    < BTP_GATT_CMD_ADD_CHARACTERISTIC (0x02|0x03|0x00)
                  raw data (2): 02 03 00 02 00|00 00
02:47:56:584    > BTP_GATT_CMD_SET_VALUE (0x02|0x06|0x00)
                  raw data (12): 
                  02 06 00 0c 00|00 00 08 00 01 23 45 67 89 ab cd 
                  ef
02:47:56:631    < BTP_GATT_CMD_SET_VALUE (0x02|0x06|0x00)
                  raw data (0): 02 06 00 00 00|
02:47:56:647    > BTP_GATT_CMD_ADD_DESCRIPTOR (0x02|0x04|0x00)
                  raw data (6): 02 04 00 06 00|00 00 03 02 02 29
02:47:56:720    < BTP_GATT_CMD_ADD_DESCRIPTOR (0x02|0x04|0x00)
                  raw data (2): 02 04 00 02 00|00 00
02:47:56:730    > BTP_GATT_CMD_ADD_CHARACTERISTIC (0x02|0x03|0x00)
                  raw data (7): 02 03 00 07 00|00 00 3a 03 02 55 aa
02:47:56:806    < BTP_GATT_CMD_ADD_CHARACTERISTIC (0x02|0x03|0x00)
                  raw data (2): 02 03 00 02 00|00 00
02:47:56:822    > BTP_GATT_CMD_SET_VALUE (0x02|0x06|0x00)
                  raw data (12): 
                  02 06 00 0c 00|00 00 08 00 01 23 45 67 89 ab cd 
                  ef
02:47:56:869    < BTP_GATT_CMD_SET_VALUE (0x02|0x06|0x00)
                  raw data (0): 02 06 00 00 00|
02:47:56:884    > BTP_GATT_CMD_ADD_DESCRIPTOR (0x02|0x04|0x00)
                  raw data (6): 02 04 00 06 00|00 00 03 02 02 29
02:47:56:954    < BTP_GATT_CMD_ADD_DESCRIPTOR (0x02|0x04|0x00)
                  raw data (2): 02 04 00 02 00|00 00
02:47:56:959    > BTP_GATT_CMD_ADD_CHARACTERISTIC (0x02|0x03|0x00)
                  raw data (7): 02 03 00 07 00|00 00 06 03 02 56 aa
02:47:57:034    < BTP_GATT_CMD_ADD_CHARACTERISTIC (0x02|0x03|0x00)
                  raw data (2): 02 03 00 02 00|00 00
02:47:57:045    > BTP_GATT_CMD_SET_VALUE (0x02|0x06|0x00)
                  raw data (12): 
                  02 06 00 0c 00|00 00 08 00 01 23 45 67 89 ab cd 
                  ef
02:47:57:086    < BTP_GATT_CMD_SET_VALUE (0x02|0x06|0x00)
                  raw data (0): 02 06 00 00 00|
02:47:57:091    > BTP_GATT_CMD_ADD_CHARACTERISTIC (0x02|0x03|0x00)
                  raw data (7): 02 03 00 07 00|00 00 06 30 02 57 aa
02:47:57:162    < BTP_GATT_CMD_ADD_CHARACTERISTIC (0x02|0x03|0x00)
                  raw data (2): 02 03 00 02 00|00 00
02:47:57:163    > BTP_GATT_CMD_SET_VALUE (0x02|0x06|0x00)
                  raw data (12): 
                  02 06 00 0c 00|00 00 08 00 01 23 45 67 89 ab cd 
                  ef
02:47:57:210    < BTP_GATT_CMD_SET_VALUE (0x02|0x06|0x00)
                  raw data (0): 02 06 00 00 00|
02:47:57:221    > BTP_GATT_CMD_ADD_CHARACTERISTIC (0x02|0x03|0x00)
                  raw data (7): 02 03 00 07 00|00 00 8a 03 02 58 aa
02:47:57:304    < BTP_GATT_CMD_ADD_CHARACTERISTIC (0x02|0x03|0x00)
                  raw data (2): 02 03 00 02 00|00 00
02:47:57:309    > BTP_GATT_CMD_SET_VALUE (0x02|0x06|0x00)
                  raw data (12): 
                  02 06 00 0c 00|00 00 08 00 01 23 45 67 89 ab cd 
                  ef
02:47:57:362    < BTP_GATT_CMD_SET_VALUE (0x02|0x06|0x00)
                  raw data (0): 02 06 00 00 00|
02:47:57:373    > BTP_GATT_CMD_ADD_DESCRIPTOR (0x02|0x04|0x00)
                  raw data (6): 02 04 00 06 00|00 00 01 02 00 29
02:47:57:441    < BTP_GATT_CMD_ADD_DESCRIPTOR (0x02|0x04|0x00)
                  raw data (2): 02 04 00 02 00|00 00
02:47:57:446    > BTP_GATT_CMD_SET_VALUE (0x02|0x06|0x00)
                  raw data (6): 02 06 00 06 00|00 00 02 00 01 00
02:47:57:497    < BTP_GATT_CMD_SET_VALUE (0x02|0x06|0x00)
                  raw data (0): 02 06 00 00 00|
02:47:57:508    > BTP_GATT_CMD_ADD_CHARACTERISTIC (0x02|0x03|0x00)
                  raw data (7): 02 03 00 07 00|00 00 0a 0c 02 59 aa
02:47:57:566    < BTP_GATT_CMD_ADD_CHARACTERISTIC (0x02|0x03|0x00)
                  raw data (2): 02 03 00 02 00|00 00
02:47:57:577    > BTP_GATT_CMD_SET_VALUE (0x02|0x06|0x00)
                  raw data (12): 
                  02 06 00 0c 00|00 00 08 00 01 23 45 67 89 ab cd 
                  ef
02:47:57:622    < BTP_GATT_CMD_SET_VALUE (0x02|0x06|0x00)
                  raw data (0): 02 06 00 00 00|
02:47:57:634    > BTP_GATT_CMD_SET_ENC_KEY_SIZE (0x02|0x09|0x00)
                  raw data (3): 02 09 00 03 00|00 00 0f
02:47:57:683    < BTP_GATT_CMD_SET_ENC_KEY_SIZE (0x02|0x09|0x00)
                  raw data (0): 02 09 00 00 00|
02:47:57:700    > BTP_GATT_CMD_ADD_CHARACTERISTIC (0x02|0x03|0x00)
                  raw data (7): 02 03 00 07 00|00 00 0a 0c 02 5a aa
02:47:57:763    < BTP_GATT_CMD_ADD_CHARACTERISTIC (0x02|0x03|0x00)
                  raw data (2): 02 03 00 02 00|00 00
02:47:57:774    > BTP_GATT_CMD_SET_VALUE (0x02|0x06|0x00)
                  raw data (12): 
                  02 06 00 0c 00|00 00 08 00 01 23 45 67 89 ab cd 
                  ef
02:47:57:819    < BTP_GATT_CMD_SET_VALUE (0x02|0x06|0x00)
                  raw data (0): 02 06 00 00 00|
02:47:57:830    > BTP_GATT_CMD_SET_ENC_KEY_SIZE (0x02|0x09|0x00)
                  raw data (3): 02 09 00 03 00|00 00 0f
02:47:57:890    < BTP_GATT_CMD_SET_ENC_KEY_SIZE (0x02|0x09|0x00)
                  raw data (0): 02 09 00 00 00|
02:47:57:900    > BTP_GATT_CMD_ADD_CHARACTERISTIC (0x02|0x03|0x00)
                  raw data (21): 
                  02 03 00 15 00|00 00 0a 03 10 ef cd ab 89 67 45 
                  23 b1 00 40 51 04 50 bb 00 f0
02:47:57:989    < BTP_GATT_CMD_ADD_CHARACTERISTIC (0x02|0x03|0x00)
                  raw data (2): 02 03 00 02 00|00 00
02:47:57:999    > BTP_GATT_CMD_SET_VALUE (0x02|0x06|0x00)
                  raw data (12): 
                  02 06 00 0c 00|00 00 08 00 01 23 45 67 89 ab cd 
                  ef
02:47:58:046    < BTP_GATT_CMD_SET_VALUE (0x02|0x06|0x00)
                  raw data (0): 02 06 00 00 00|
02:47:58:051    > BTP_GATT_CMD_ADD_SERVICE (0x02|0x02|0x00)
                  raw data (4): 02 02 00 04 00|00 02 41 aa
02:47:58:134    < BTP_GATT_CMD_ADD_SERVICE (0x02|0x02|0x00)
                  raw data (2): 02 02 00 02 00|00 00
02:47:58:152    > BTP_GATT_CMD_ADD_INCLUDED_SERVICE (0x02|0x05|0x00)
                  raw data (2): 02 05 00 02 00|01 00
02:47:58:212    < BTP_GATT_CMD_ADD_INCLUDED_SERVICE (0x02|0x05|0x00)
                  raw data (2): 02 05 00 02 00|00 00
02:47:58:218    > BTP_GATT_CMD_ADD_CHARACTERISTIC (0x02|0x03|0x00)
                  raw data (7): 02 03 00 07 00|00 00 0a 03 02 50 aa
02:47:58:295    < BTP_GATT_CMD_ADD_CHARACTERISTIC (0x02|0x03|0x00)
                  raw data (2): 02 03 00 02 00|00 00
02:47:58:312    > BTP_GATT_CMD_SET_VALUE (0x02|0x06|0x00)
                  raw data (36): 
                  02 06 00 24 00|00 00 20 00 01 23 45 67 89 ab cd 
                  ef 01 23 45 67 89 ab cd ef 01 23 45 67 89 ab cd 
                  ef 01 23 45 67 89 ab cd ef
02:47:58:370    < BTP_GATT_CMD_SET_VALUE (0x02|0x06|0x00)
                  raw data (0): 02 06 00 00 00|
02:47:58:383    > BTP_GATT_CMD_ADD_CHARACTERISTIC (0x02|0x03|0x00)
                  raw data (7): 02 03 00 07 00|00 00 0a 03 02 51 aa
02:47:58:443    < BTP_GATT_CMD_ADD_CHARACTERISTIC (0x02|0x03|0x00)
                  raw data (2): 02 03 00 02 00|00 00
02:47:58:454    > BTP_GATT_CMD_SET_VALUE (0x02|0x06|0x00)
                  raw data (36): 
                  02 06 00 24 00|00 00 20 00 fe dc ba 98 76 54 32 
                  10 fe dc ba 98 76 54 32 10 fe dc ba 98 76 54 32 
                  10 fe dc ba 98 76 54 32 10
02:47:58:501    < BTP_GATT_CMD_SET_VALUE (0x02|0x06|0x00)
                  raw data (0): 02 06 00 00 00|
02:47:58:507    > BTP_GATT_CMD_ADD_CHARACTERISTIC (0x02|0x03|0x00)
                  raw data (7): 02 03 00 07 00|00 00 0a 0c 02 52 aa
02:47:58:552    < BTP_GATT_CMD_ADD_CHARACTERISTIC (0x02|0x03|0x00)
                  raw data (2): 02 03 00 02 00|00 00
02:47:58:557    > BTP_GATT_CMD_SET_VALUE (0x02|0x06|0x00)
                  raw data (60): 
                  02 06 00 3c 00|00 00 38 00 fe dc ba 98 76 54 32 
                  10 fe dc ba 98 76 54 32 10 fe dc ba 98 76 54 32 
                  10 fe dc ba 98 76 54 32 10 fe dc ba 98 76 54 32 
                  10 fe dc ba 98 76 54 32 10 fe dc ba 98 76 54 32 
                  10
02:47:58:614    < BTP_GATT_CMD_SET_VALUE (0x02|0x06|0x00)
                  raw data (0): 02 06 00 00 00|
02:47:58:619    > BTP_GATT_CMD_SET_ENC_KEY_SIZE (0x02|0x09|0x00)
                  raw data (3): 02 09 00 03 00|00 00 0f
02:47:58:656    < BTP_GATT_CMD_SET_ENC_KEY_SIZE (0x02|0x09|0x00)
                  raw data (0): 02 09 00 00 00|
02:47:58:657    > BTP_GATT_CMD_ADD_CHARACTERISTIC (0x02|0x03|0x00)
                  raw data (7): 02 03 00 07 00|00 00 02 01 02 53 aa
02:47:58:726    < BTP_GATT_CMD_ADD_CHARACTERISTIC (0x02|0x03|0x00)
                  raw data (2): 02 03 00 02 00|00 00
02:47:58:731    > BTP_GATT_CMD_SET_VALUE (0x02|0x06|0x00)
                  raw data (84): 
                  02 06 00 54 00|00 00 50 00 01 23 45 67 89 ab cd 
                  ef 01 23 45 67 89 ab cd ef 01 23 45 67 89 ab cd 
                  ef 01 23 45 67 89 ab cd ef 01 23 45 67 89 ab cd 
                  ef 01 23 45 67 89 ab cd ef 01 23 45 67 89 ab cd 
                  ef 01 23 45 67 89 ab cd ef 01 23 45 67 89 ab cd 
                  ef 01 23 45 67 89 ab cd ef
02:47:58:777    < BTP_GATT_CMD_SET_VALUE (0x02|0x06|0x00)
                  raw data (0): 02 06 00 00 00|
02:47:58:782    > BTP_GATT_CMD_ADD_DESCRIPTOR (0x02|0x04|0x00)
                  raw data (6): 02 04 00 06 00|00 00 03 02 54 aa
02:47:58:848    < BTP_GATT_CMD_ADD_DESCRIPTOR (0x02|0x04|0x00)
                  raw data (2): 02 04 00 02 00|00 00
02:47:58:853    > BTP_GATT_CMD_SET_VALUE (0x02|0x06|0x00)
                  raw data (68): 
                  02 06 00 44 00|00 00 40 00 01 01 01 01 01 01 01 
                  01 01 01 01 01 01 01 01 01 01 01 01 01 01 01 01 
                  01 01 01 01 01 01 01 01 01 01 01 01 01 01 01 01 
                  01 01 01 01 01 01 01 01 01 01 01 01 01 01 01 01 
                  01 01 01 01 01 01 01 01 01
02:47:58:901    < BTP_GATT_CMD_SET_VALUE (0x02|0x06|0x00)
                  raw data (0): 02 06 00 00 00|
02:47:58:912    > BTP_GATT_CMD_ADD_CHARACTERISTIC (0x02|0x03|0x00)
                  raw data (7): 02 03 00 07 00|00 00 0a 03 02 55 aa
02:47:58:981    < BTP_GATT_CMD_ADD_CHARACTERISTIC (0x02|0x03|0x00)
                  raw data (2): 02 03 00 02 00|00 00
02:47:58:998    > BTP_GATT_CMD_SET_VALUE (0x02|0x06|0x00)
                  raw data (84): 
                  02 06 00 54 00|00 00 50 00 01 23 45 67 89 ab cd 
                  ef 01 23 45 67 89 ab cd ef 01 23 45 67 89 ab cd 
                  ef 01 23 45 67 89 ab cd ef 01 23 45 67 89 ab cd 
                  ef 01 23 45 67 89 ab cd ef 01 23 45 67 89 ab cd 
                  ef 01 23 45 67 89 ab cd ef 01 23 45 67 89 ab cd 
                  ef 01 23 45 67 89 ab cd ef
02:47:59:057    < BTP_GATT_CMD_SET_VALUE (0x02|0x06|0x00)
                  raw data (0): 02 06 00 00 00|
02:47:59:063    > BTP_GATT_CMD_ADD_CHARACTERISTIC (0x02|0x03|0x00)
                  raw data (7): 02 03 00 07 00|00 00 0a 03 02 56 aa
02:47:59:123    < BTP_GATT_CMD_ADD_CHARACTERISTIC (0x02|0x03|0x00)
                  raw data (2): 02 03 00 02 00|00 00
02:47:59:135    > BTP_GATT_CMD_SET_VALUE (0x02|0x06|0x00)
                  raw data (516): 
                  02 06 00 04 02|00 00 00 02 02 02 02 02 02 02 02 
                  02 02 02 02 02 02 02 02 02 02 02 02 02 02 02 02 
                  02 02 02 02 02 02 02 02 02 02 02 02 02 02 02 02 
                  02 02 02 02 02 02 02 02 02 02 02 02 02 02 02 02 
                  02 02 02 02 02 02 02 02 02 02 02 02 02 02 02 02 
                  02 02 02 02 02 02 02 02 02 02 02 02 02 02 02 02 
                  02 02 02 02 02 02 02 02 02 02 02 02 02 02 02 02 
                  02 02 02 02 02 02 02 02 02 02 02 02 02 02 02 02 
                  02 02 02 02 02 02 02 02 02 02 02 02 02 02 02 02 
                  02 02 02 02 02 02 02 02 02 02 02 02 02 02 02 02 
                  02 02 02 02 02 02 02 02 02 02 02 02 02 02 02 02 
                  02 02 02 02 02 02 02 02 02 02 02 02 02 02 02 02 
                  02 02 02 02 02 02 02 02 02 02 02 02 02 02 02 02 
                  02 02 02 02 02 02 02 02 02 02 02 02 02 02 02 02 
                  02 02 02 02 02 02 02 02 02 02 02 02 02 02 02 02 
                  02 02 02 02 02 02 02 02 02 02 02 02 02 02 02 02 
                  02 02 02 02 02 02 02 02 02 02 02 02 02 02 02 02 
                  02 02 02 02 02 02 02 02 02 02 02 02 02 02 02 02 
                  02 02 02 02 02 02 02 02 02 02 02 02 02 02 02 02 
                  02 02 02 02 02 02 02 02 02 02 02 02 02 02 02 02 
                  02 02 02 02 02 02 02 02 02 02 02 02 02 02 02 02 
                  02 02 02 02 02 02 02 02 02 02 02 02 02 02 02 02 
                  02 02 02 02 02 02 02 02 02 02 02 02 02 02 02 02 
                  02 02 02 02 02 02 02 02 02 02 02 02 02 02 02 02 
                  02 02 02 02 02 02 02 02 02 02 02 02 02 02 02 02 
                  02 02 02 02 02 02 02 02 02 02 02 02 02 02 02 02 
                  02 02 02 02 02 02 02 02 02 02 02 02 02 02 02 02 
                  02 02 02 02 02 02 02 02 02 02 02 02 02 02 02 02 
                  02 02 02 02 02 02 02 02 02 02 02 02 02 02 02 02 
                  02 02 02 02 02 02 02 02 02 02 02 02 02 02 02 02 
                  02 02 02 02 02 02 02 02 02 02 02 02 02 02 02 02 
                  02 02 02 02 02 02 02 02 02 02 02 02 02 02 02 02 
                  02 02 02 02 02 02 02 02 02
02:47:59:230    < BTP_GATT_CMD_SET_VALUE (0x02|0x06|0x00)
                  raw data (0): 02 06 00 00 00|
02:47:59:235    > BTP_GATT_CMD_START_SERVER (0x02|0x07|0x00)
                  raw data (0): 02 07 00 00 00|
02:47:59:290    < BTP_GATT_CMD_START_SERVER (0x02|0x07|0x00)
                  raw data (3): 02 07 00 03 00|00 00 00
02:48:03:299    > BTP_GAP_CMD_SET_DISCOVERABLE (0x01|0x08|0x00)
                  raw data (1): 01 08 00 01 00|01
02:48:03:380    < BTP_GAP_CMD_SET_DISCOVERABLE (0x01|0x08|0x00)
                  raw data (4): 01 08 00 04 00|1b 02 00 00
02:48:03:385    > BTP_GAP_CMD_START_ADVERTISING (0x01|0x0a|0x00)
                  raw data (22): 
                  01 0a 00 16 00|0f 00 09 0d 54 65 73 74 65 72 5f 
                  30 38 45 34 34 45 ff ff ff ff 00
02:48:03:436    < BTP_GAP_CMD_START_ADVERTISING (0x01|0x0a|0x00)
                  raw data (4): 01 0a 00 04 00|1b 06 00 00
02:48:03:798    < BTP_GAP_EV_DEVICE_CONNECTED (0x01|0x82|0x00)
                  raw data (13): 
                  01 82 00 0d 00|00 4e e4 08 dc 1b 00 3c 00 00 00 
                  d0 07
02:48:03:798    < BTP_GAP_EV_NEW_SETTINGS (0x01|0x80|0x00)
                  raw data (4): 01 80 00 04 00|1b 02 00 00
02:48:14:688    < BTP_GAP_EV_ENCRYPTION_CHANGE (0x01|0x91|0x00)
                  raw data (9): 01 91 00 09 00|00 4e e4 08 dc 1b 00 01 10
02:48:14:689    < BTP_GAP_EV_SEC_LEVEL_CHANGED (0x01|0x89|0x00)
                  raw data (8): 01 89 00 08 00|00 4e e4 08 dc 1b 00 02
02:48:14:815    < BTP_GAP_EV_PEER_CAR_RECEIVED (0x01|0x98|0x00)
                  raw data (8): 01 98 00 08 00|00 4e e4 08 dc 1b 00 00
02:48:30:041    < BTP_GAP_EV_DEVICE_DISCONNECTED (0x01|0x83|0x00)
                  raw data (7): 01 83 00 07 00|00 4e e4 08 dc 1b 00
02:48:34:508    < BTP_CORE_EV_IUT_READY (0x00|0x80|0xff)
                  raw data (0): 00 80 ff 00 00|
