12:11:44:294    > BTP_CORE_CMD_READ_SUPPORTED_SERVICES (0x00|0x02|0xff)
                  raw data (0): 00 02 ff 00 00|
12:11:44:325    < BTP_CORE_CMD_READ_SUPPORTED_SERVICES (0x00|0x02|0xff)
                  raw data (6): 00 02 ff 06 00|0f 00 00 a0 ff 03
12:11:44:339    > BTP_CORE_CMD_REGISTER_SERVICE (0x00|0x03|0xff)
                  raw data (1): 00 03 ff 01 00|01
12:11:48:461    < BTP_CORE_CMD_REGISTER_SERVICE (0x00|0x03|0xff)
                  raw data (0): 00 03 ff 00 00|
12:11:48:472    > BTP_GAP_CMD_READ_SUPPORTED_COMMANDS (0x01|0x01|0xff)
                  raw data (0): 01 01 ff 00 00|
12:11:48:558    < BTP_GAP_CMD_READ_SUPPORTED_COMMANDS (0x01|0x01|0xff)
                  raw data (7): 01 01 ff 07 00|6e ff 7f 1f fe ff 2e
12:11:48:576    > BTP_GAP_CMD_READ_CONTROLLER_INFO (0x01|0x03|0x00)
                  raw data (0): 01 03 00 00 00|
12:11:48:658    < BTP_GAP_CMD_READ_CONTROLLER_INFO (0x01|0x03|0x00)
                  raw data (277): 
                  01 03 00 15 01|19 78 ee 69 17 d0 d3 06 02 00 13 
                  02 00 00 00 00 00 62 74 70 5f 74 65 73 74 65 72 
                  00 00 00 00 00 00 00 00 00 00 00 00 00 00 00 00 
                  00 00 00 00 00 00 00 00 00 00 00 00 00 00 00 00 
                  00 00 00 00 00 00 00 00 00 00 00 00 00 00 00 00 
                  00 00 00 00 00 00 00 00 00 00 00 00 00 00 00 00 
                  00 00 00 00 00 00 00 00 00 00 00 00 00 00 00 00 
                  00 00 00 00 00 00 00 00 00 00 00 00 00 00 00 00 
                  00 00 00 00 00 00 00 00 00 00 00 00 00 00 00 00 
                  00 00 00 00 00 00 00 00 00 00 00 00 00 00 00 00 
                  00 00 00 00 00 00 00 00 00 00 00 00 00 00 00 00 
                  00 00 00 00 00 00 00 00 00 00 00 00 00 00 00 00 
                  00 00 00 00 00 00 00 00 00 00 00 00 00 00 00 00 
                  00 00 00 00 00 00 00 00 00 00 00 00 00 00 00 00 
                  00 00 00 00 00 00 00 00 00 00 00 00 00 00 00 00 
                  00 00 00 00 00 00 00 00 00 00 00 00 00 00 00 00 
                  00 00 00 00 00 00 00 00 00 00 00 00 00 00 00 00 
                  00 00 00 00 00 00 00 00 00 00
12:11:48:663    > BTP_CORE_CMD_REGISTER_SERVICE (0x00|0x03|0xff)
                  raw data (2): 00 03 ff 01 00|02
12:11:48:720    < BTP_CORE_CMD_REGISTER_SERVICE (0x00|0x03|0xff)
                  raw data (0): 00 03 ff 00 00|
12:11:48:736    > BTP_GATT_CMD_READ_SUPPORTED_COMMANDS (0x02|0x01|0xff)
                  raw data (0): 02 01 ff 00 00|
12:11:48:821    < BTP_GATT_CMD_READ_SUPPORTED_COMMANDS (0x02|0x01|0xff)
                  raw data (5): 02 01 ff 05 00|fe fe bf fd 0f
12:11:48:838    > BTP_CORE_CMD_REGISTER_SERVICE (0x00|0x03|0xff)
                  raw data (36): 00 03 ff 01 00|24
12:11:48:891    < BTP_CORE_CMD_REGISTER_SERVICE (0x00|0x03|0xff)
                  raw data (0): 00 03 ff 00 00|
12:11:48:897    > BTP_AVDTP_CMD_READ_SUPPORTED_COMMANDS (0x24|0x01|0xff)
                  raw data (0): 24 01 ff 00 00|
12:11:48:961    < BTP_AVDTP_CMD_READ_SUPPORTED_COMMANDS (0x24|0x01|0xff)
                  raw data (1): 24 01 ff 01 00|02
12:11:48:962    > BTP_CORE_CMD_REGISTER_SERVICE (0x00|0x03|0xff)
                  raw data (35): 00 03 ff 01 00|23
12:11:49:012    < BTP_CORE_CMD_REGISTER_SERVICE (0x00|0x03|0xff)
                  raw data (0): 00 03 ff 00 00|
12:11:49:024    > BTP_A2DP_CMD_READ_SUPPORTED_COMMANDS (0x23|0x01|0xff)
                  raw data (0): 23 01 ff 00 00|
12:11:49:078    < BTP_A2DP_CMD_READ_SUPPORTED_COMMANDS (0x23|0x01|0xff)
                  raw data (3): 23 01 ff 03 00|fe ff 01
12:11:49:089    > BTP_A2DP_CMD_REGISTER_ENDPOINT (0x23|0x04|0x00)
                  raw data (6): 23 04 00 06 00|00 00 00 00 00 00
12:11:49:148    < BTP_A2DP_CMD_REGISTER_ENDPOINT (0x23|0x04|0x00)
                  raw data (0): 23 04 00 00 00|
12:11:51:154    > BTP_GAP_CMD_SET_DISCOVERABLE (0x01|0x08|0x00)
                  raw data (1): 01 08 00 01 00|01
12:11:51:233    < BTP_GAP_CMD_SET_DISCOVERABLE (0x01|0x08|0x00)
                  raw data (4): 01 08 00 04 00|1b 02 00 00
12:11:53:882    < BTP_GAP_EV_DEVICE_CONNECTED (0x01|0x82|0x00)
                  raw data (13): 
                  01 82 00 0d 00|e0 4e e4 08 dc 1b 00 00 00 00 00 
                  00 00
12:11:53:883    < BTP_GAP_EV_NEW_SETTINGS (0x01|0x80|0x00)
                  raw data (4): 01 80 00 04 00|1b 02 00 00
12:11:55:467    < BTP_GAP_EV_ENCRYPTION_CHANGE (0x01|0x91|0x00)
                  raw data (9): 01 91 00 09 00|e0 4e e4 08 dc 1b 00 01 10
12:11:55:467    < BTP_GAP_EV_SEC_LEVEL_CHANGED (0x01|0x89|0x00)
                  raw data (8): 01 89 00 08 00|e0 4e e4 08 dc 1b 00 02
12:11:55:489    < BTP_A2DP_EV_CONNECTED (0x23|0x80|0x00)
                  raw data (8): 23 80 00 08 00|e0 4e e4 08 dc 1b 00 00
12:11:56:246    > BTP_A2DP_CMD_DISCOVER (0x23|0x05|0x00)
                  raw data (7): 23 05 00 07 00|e0 4e e4 08 dc 1b 00
12:11:56:300    < BTP_A2DP_CMD_DISCOVER (0x23|0x05|0x00)
                  raw data (0): 23 05 00 00 00|
12:11:57:387    < BTP_A2DP_EV_DISCOVERED (0x23|0x82|0x00)
                  raw data (9): 23 82 00 09 00|e0 4e e4 08 dc 1b 00 00 00
12:11:57:397    < BTP_A2DP_EV_DISCONNECTED (0x23|0x81|0x00)
                  raw data (7): 23 81 00 07 00|e0 4e e4 08 dc 1b 00
12:11:57:398    < BTP_GAP_EV_DEVICE_DISCONNECTED (0x01|0x83|0x00)
                  raw data (7): 01 83 00 07 00|e0 4e e4 08 dc 1b 00
12:12:07:120    < BTP_CORE_EV_IUT_READY (0x00|0x80|0xff)
                  raw data (0): 00 80 ff 00 00|
