16:40:50:520    > BTP_CORE_CMD_READ_SUPPORTED_SERVICES (0x00|0x02|0xff)
                  raw data (0): 00 02 ff 00 00|
16:40:50:564    < BTP_CORE_CMD_READ_SUPPORTED_SERVICES (0x00|0x02|0xff)
                  raw data (6): 00 02 ff 06 00|0f 00 00 a0 01 04
16:40:50:576    > BTP_CORE_CMD_REGISTER_SERVICE (0x00|0x03|0xff)
                  raw data (1): 00 03 ff 01 00|01
16:40:54:717    < BTP_CORE_CMD_REGISTER_SERVICE (0x00|0x03|0xff)
                  raw data (0): 00 03 ff 00 00|
16:40:54:735    > BTP_GAP_CMD_READ_SUPPORTED_COMMANDS (0x01|0x01|0xff)
                  raw data (0): 01 01 ff 00 00|
16:40:54:801    < BTP_GAP_CMD_READ_SUPPORTED_COMMANDS (0x01|0x01|0xff)
                  raw data (7): 01 01 ff 07 00|6e ff 7f 1f fe ff 0e
16:40:54:819    > BTP_GAP_CMD_READ_CONTROLLER_INFO (0x01|0x03|0x00)
                  raw data (0): 01 03 00 00 00|
16:40:54:898    < BTP_GAP_CMD_READ_CONTROLLER_INFO (0x01|0x03|0x00)
                  raw data (277): 
                  01 03 00 15 01|19 78 ee 69 17 d0 d3 06 02 00 13 
                  02 00 00 00 00 00 62 74 70 5f 74 65 73 74 65 72 
                  00 00 00 00 00 00 00 00 00 00 00 00 00 00 00 00 
                  00 00 00 00 00 00 00 00 00 00 00 00 00 00 00 00 
                  00 00 00 00 00 00 00 00 00 00 00 00 00 00 00 00 
                  00 00 00 00 00 00 00 00 00 00 00 00 00 00 00 00 
                  00 00 00 00 00 00 00 00 00 00 00 00 00 00 00 00 
                  00 00 00 00 00 00 00 00 00 00 00 00 00 00 00 00 
                  00 00 00 00 00 00 00 00 00 00 00 00 00 00 00 00 
                  00 00 00 00 00 00 00 00 00 00 00 00 00 00 00 00 
                  00 00 00 00 00 00 00 00 00 00 00 00 00 00 00 00 
                  00 00 00 00 00 00 00 00 00 00 00 00 00 00 00 00 
                  00 00 00 00 00 00 00 00 00 00 00 00 00 00 00 00 
                  00 00 00 00 00 00 00 00 00 00 00 00 00 00 00 00 
                  00 00 00 00 00 00 00 00 00 00 00 00 00 00 00 00 
                  00 00 00 00 00 00 00 00 00 00 00 00 00 00 00 00 
                  00 00 00 00 00 00 00 00 00 00 00 00 00 00 00 00 
                  00 00 00 00 00 00 00 00 00 00
16:40:54:919    > BTP_CORE_CMD_REGISTER_SERVICE (0x00|0x03|0xff)
                  raw data (2): 00 03 ff 01 00|02
16:40:54:981    < BTP_CORE_CMD_REGISTER_SERVICE (0x00|0x03|0xff)
                  raw data (0): 00 03 ff 00 00|
16:40:54:988    > BTP_GATT_CMD_READ_SUPPORTED_COMMANDS (0x02|0x01|0xff)
                  raw data (0): 02 01 ff 00 00|
16:40:55:076    < BTP_GATT_CMD_READ_SUPPORTED_COMMANDS (0x02|0x01|0xff)
                  raw data (5): 02 01 ff 05 00|fe fe bf fd 0f
16:40:55:088    > BTP_CORE_CMD_REGISTER_SERVICE (0x00|0x03|0xff)
                  raw data (42): 00 03 ff 01 00|2a
16:40:55:135    < BTP_CORE_CMD_REGISTER_SERVICE (0x00|0x03|0xff)
                  raw data (0): 00 03 ff 00 00|
16:40:55:153    > BTP_FTP_CMD_READ_SUPPORTED_COMMANDS (0x2a|0x01|0xff)
                  raw data (0): 2a 01 ff 00 00|
16:40:55:253    < BTP_FTP_CMD_READ_SUPPORTED_COMMANDS (0x2a|0x01|0xff)
                  raw data (4): 2a 01 ff 04 00|fe ff ff 3f
16:40:55:271    > BTP_GAP_CMD_SET_DISCOVERABLE (0x01|0x08|0x00)
                  raw data (1): 01 08 00 01 00|01
16:40:55:370    < BTP_GAP_CMD_SET_DISCOVERABLE (0x01|0x08|0x00)
                  raw data (4): 01 08 00 04 00|1b 02 00 00
16:41:08:235    < BTP_GAP_EV_DEVICE_CONNECTED (0x01|0x82|0x00)
                  raw data (13): 
                  01 82 00 0d 00|e0 4e e4 08 dc 1b 00 00 00 00 00 
                  00 00
16:41:08:235    < BTP_GAP_EV_NEW_SETTINGS (0x01|0x80|0x00)
                  raw data (4): 01 80 00 04 00|1b 02 00 00
16:41:09:928    < BTP_GAP_EV_ENCRYPTION_CHANGE (0x01|0x91|0x00)
                  raw data (9): 01 91 00 09 00|e0 4e e4 08 dc 1b 00 01 10
16:41:09:930    < BTP_GAP_EV_SEC_LEVEL_CHANGED (0x01|0x89|0x00)
                  raw data (8): 01 89 00 08 00|e0 4e e4 08 dc 1b 00 02
16:41:09:950    < BTP_FTP_EV_SERVER_L2CAP_CONNECTED (0x2a|0x91|0x00)
                  raw data (7): 2a 91 00 07 00|e0 4e e4 08 dc 1b 00
16:41:10:058    < BTP_FTP_EV_SERVER_CONNECT (0x2a|0x93|0x00)
                  raw data (31): 
                  2a 93 00 1f 00|e0 4e e4 08 dc 1b 00 10 0a 01 13 
                  00 46 00 13 f9 ec 7b c4 95 3c 11 d2 98 4e 52 54 
                  00 dc 9e 09
16:41:10:059    > BTP_FTP_CMD_SERVER_CONNECT (0x2a|0x13|0x00)
                  raw data (31): 
                  2a 13 00 1f 00|e0 4e e4 08 dc 1b 00 c1 15 00 4d 
                  00 15 00 10 00 23 55 42 44 09 e0 9d 54 b2 d0 50 
                  7b 1b 2d f9
16:41:10:117    < BTP_FTP_CMD_SERVER_CONNECT (0x2a|0x13|0x00)
                  raw data (0): 2a 13 00 00 00|
16:41:10:118    < BTP_FTP_EV_SERVER_CONNECT (0x2a|0x93|0x00)
                  raw data (102): 
                  2a 93 00 66 00|e0 4e e4 08 dc 1b 00 10 0a 01 5a 
                  00 46 00 13 f9 ec 7b c4 95 3c 11 d2 98 4e 52 54 
                  00 dc 9e 09 4d 00 1b 00 10 05 07 3c f9 7f 7b 7b 
                  95 98 53 2d e6 e6 26 43 22 01 01 00 02 01 00 4e 
                  00 2c 00 10 48 37 ce 75 5c 6f e9 05 74 f6 52 f4 
                  29 ab 3f 6e 01 03 70 74 73 02 10 00 23 55 42 44 
                  09 e0 9d 54 b2 d0 50 7b 1b 2d f9
16:41:10:119    > BTP_FTP_CMD_SERVER_CONNECT (0x2a|0x13|0x00)
                  raw data (31): 
                  2a 13 00 1f 00|e0 4e e4 08 dc 1b 00 a0 15 00 4e 
                  00 15 00 10 12 20 b1 83 bf 74 5c 11 47 ca 12 83 
                  47 9d e5 9f
16:41:10:164    < BTP_FTP_CMD_SERVER_CONNECT (0x2a|0x13|0x00)
                  raw data (0): 2a 13 00 00 00|
16:41:10:165    < BTP_FTP_EV_SERVER_SET_FOLDER (0x2a|0x96|0x00)
                  raw data (44): 
                  2a 96 00 2c 00|e0 4e e4 08 dc 1b 00 02 22 00 01 
                  00 1d 00 6e 00 6f 00 6e 00 62 00 72 00 6f 00 77 
                  00 73 00 61 00 62 00 6c 00 65 00 00 cb 00 00 00 
                  01
16:41:10:166    > BTP_FTP_CMD_SERVER_SET_FOLDER (0x2a|0x16|0x00)
                  raw data (8): 2a 16 00 08 00|e0 4e e4 08 dc 1b 00 c1
16:41:10:217    < BTP_FTP_CMD_SERVER_SET_FOLDER (0x2a|0x16|0x00)
                  raw data (0): 2a 16 00 00 00|
16:41:10:240    < BTP_FTP_EV_SERVER_DISCONNECT (0x2a|0x94|0x00)
                  raw data (14): 
                  2a 94 00 0e 00|e0 4e e4 08 dc 1b 00 05 00 cb 00 
                  00 00 01
16:41:10:241    > BTP_FTP_CMD_SERVER_DISCONNECT (0x2a|0x14|0x00)
                  raw data (8): 2a 14 00 08 00|e0 4e e4 08 dc 1b 00 a0
16:41:10:292    < BTP_FTP_CMD_SERVER_DISCONNECT (0x2a|0x14|0x00)
                  raw data (0): 2a 14 00 00 00|
16:41:10:293    < BTP_FTP_EV_SERVER_L2CAP_DISCONNECTED (0x2a|0x92|0x00)
                  raw data (7): 2a 92 00 07 00|e0 4e e4 08 dc 1b 00
16:41:10:294    < BTP_GAP_EV_DEVICE_DISCONNECTED (0x01|0x83|0x00)
                  raw data (7): 01 83 00 07 00|e0 4e e4 08 dc 1b 00
16:41:13:801    < BTP_CORE_EV_IUT_READY (0x00|0x80|0xff)
                  raw data (0): 00 80 ff 00 00|
