04:10:19:134    > BTP_CORE_CMD_READ_SUPPORTED_SERVICES (0x00|0x02|0xff)
                  raw data (0): 00 02 ff 00 00|
04:10:19:177    < BTP_CORE_CMD_READ_SUPPORTED_SERVICES (0x00|0x02|0xff)
                  raw data (6): 00 02 ff 06 00|0f 00 00 a0 ff 03
04:10:19:189    > BTP_CORE_CMD_REGISTER_SERVICE (0x00|0x03|0xff)
                  raw data (1): 00 03 ff 01 00|01
04:10:23:305    < BTP_CORE_CMD_REGISTER_SERVICE (0x00|0x03|0xff)
                  raw data (0): 00 03 ff 00 00|
04:10:23:311    > BTP_GAP_CMD_READ_SUPPORTED_COMMANDS (0x01|0x01|0xff)
                  raw data (0): 01 01 ff 00 00|
04:10:23:382    < BTP_GAP_CMD_READ_SUPPORTED_COMMANDS (0x01|0x01|0xff)
                  raw data (7): 01 01 ff 07 00|6e ff 7f 1f fe ff 2e
04:10:23:392    > BTP_GAP_CMD_READ_CONTROLLER_INFO (0x01|0x03|0x00)
                  raw data (0): 01 03 00 00 00|
04:10:23:446    < BTP_GAP_CMD_READ_CONTROLLER_INFO (0x01|0x03|0x00)
                  raw data (277): 
                  01 03 00 15 01|19 78 ee 69 17 d0 d3 06 02 00 13 
                  02 00 00 00 00 00 62 74 70 5f 74 65 73 74 65 72 
                  00 00 00 00 00 00 00 00 00 00 00 00 00 00 00 00 
                  00 00 00 00 00 00 00 00 00 00 00 00 00 00 00 00 
                  00 00 00 00 00 00 00 00 00 00 00 00 00 00 00 00 
                  00 00 00 00 00 00 00 00 00 00 00 00 00 00 00 00 
                  00 00 00 00 00 00 00 00 00 00 00 00 00 00 00 00 
                  00 00 00 00 00 00 00 00 00 00 00 00 00 00 00 00 
                  00 00 00 00 00 00 00 00 00 00 00 00 00 00 00 00 
                  00 00 00 00 00 00 00 00 00 00 00 00 00 00 00 00 
                  00 00 00 00 00 00 00 00 00 00 00 00 00 00 00 00 
                  00 00 00 00 00 00 00 00 00 00 00 00 00 00 00 00 
                  00 00 00 00 00 00 00 00 00 00 00 00 00 00 00 00 
                  00 00 00 00 00 00 00 00 00 00 00 00 00 00 00 00 
                  00 00 00 00 00 00 00 00 00 00 00 00 00 00 00 00 
                  00 00 00 00 00 00 00 00 00 00 00 00 00 00 00 00 
                  00 00 00 00 00 00 00 00 00 00 00 00 00 00 00 00 
                  00 00 00 00 00 00 00 00 00 00
04:10:23:456    > BTP_GAP_CMD_SET_DISCOVERABLE (0x01|0x08|0x00)
                  raw data (1): 01 08 00 01 00|01
04:10:23:538    < BTP_GAP_CMD_SET_DISCOVERABLE (0x01|0x08|0x00)
                  raw data (4): 01 08 00 04 00|1b 02 00 00
04:10:23:549    > BTP_GAP_CMD_SET_IO_CAP (0x01|0x10|0x00)
                  raw data (1): 01 10 00 01 00|03
04:10:23:588    < BTP_GAP_CMD_SET_IO_CAP (0x01|0x10|0x00)
                  raw data (0): 01 10 00 00 00|
04:10:23:601    > BTP_CORE_CMD_REGISTER_SERVICE (0x00|0x03|0xff)
                  raw data (34): 00 03 ff 01 00|22
04:10:23:660    < BTP_CORE_CMD_REGISTER_SERVICE (0x00|0x03|0xff)
                  raw data (0): 00 03 ff 00 00|
04:10:23:676    > BTP_HFP_AG_CMD_READ_SUPPORTED_COMMANDS (0x22|0x01|0xff)
                  raw data (0): 22 01 ff 00 00|
04:10:23:751    < BTP_HFP_AG_CMD_READ_SUPPORTED_COMMANDS (0x22|0x01|0xff)
                  raw data (5): 22 01 ff 05 00|fe ff ff ff 1f
04:10:23:752    > BTP_HFP_AG_CMD_SET_DEFAULT_INDICATOR_VALUE (0x22|0x21|0x00)
                  raw data (4): 22 21 00 04 00|01 05 00 05
04:10:23:807    < BTP_HFP_AG_CMD_SET_DEFAULT_INDICATOR_VALUE (0x22|0x21|0x00)
                  raw data (0): 22 21 00 00 00|
04:10:23:808    > BTP_HFP_AG_CMD_SET_MEMORY_DIAL_MAPPING (0x22|0x22|0x00)
                  raw data (10): 22 22 00 0a 00|01 07 31 31 32 33 34 35 36 37
04:10:23:850    < BTP_HFP_AG_CMD_SET_MEMORY_DIAL_MAPPING (0x22|0x22|0x00)
                  raw data (0): 22 22 00 00 00|
04:10:23:851    > BTP_HFP_AG_CMD_SET_VOICE_TAG_NUMBER (0x22|0x24|0x00)
                  raw data (8): 22 24 00 08 00|07 31 32 33 34 35 36 37
04:10:23:916    < BTP_HFP_AG_CMD_SET_VOICE_TAG_NUMBER (0x22|0x24|0x00)
                  raw data (0): 22 24 00 00 00|
04:10:23:917    > BTP_HFP_AG_CMD_SET_SUBSCRIBER_NUMBER (0x22|0x23|0x00)
                  raw data (15): 
                  22 23 00 0f 00|02 80 04 04 31 32 33 34 80 04 04 
                  34 33 32 31
04:10:23:970    < BTP_HFP_AG_CMD_SET_SUBSCRIBER_NUMBER (0x22|0x23|0x00)
                  raw data (0): 22 23 00 00 00|
04:10:25:974    > BTP_GAP_CMD_CONNECT (0x01|0x0e|0x00)
                  raw data (8): 01 0e 00 08 00|e0 4e e4 08 dc 1b 00 00
04:10:26:022    < BTP_GAP_CMD_CONNECT (0x01|0x0e|0x00)
                  raw data (0): 01 0e 00 00 00|
04:10:29:499    < BTP_GAP_EV_DEVICE_CONNECTED (0x01|0x82|0x00)
                  raw data (13): 
                  01 82 00 0d 00|e0 4e e4 08 dc 1b 00 00 00 00 00 
                  00 00
04:10:29:544    > BTP_GAP_CMD_PAIR (0x01|0x11|0x00)
                  raw data (7): 01 11 00 07 00|e0 4e e4 08 dc 1b 00
04:10:29:594    < BTP_GAP_CMD_PAIR (0x01|0x11|0x00)
                  raw data (0): 01 11 00 00 00|
04:10:29:605    > BTP_HFP_AG_CMD_CONNECT (0x22|0x02|0x00)
                  raw data (8): 22 02 00 08 00|e0 4e e4 08 dc 1b 00 01
04:10:29:645    < BTP_HFP_AG_CMD_CONNECT (0x22|0x02|0x00)
                  raw data (0): 22 02 00 00 00|
04:10:30:604    < BTP_GAP_EV_ENCRYPTION_CHANGE (0x01|0x91|0x00)
                  raw data (9): 01 91 00 09 00|e0 4e e4 08 dc 1b 00 01 10
04:10:30:604    < BTP_GAP_EV_SEC_LEVEL_CHANGED (0x01|0x89|0x00)
                  raw data (8): 01 89 00 08 00|e0 4e e4 08 dc 1b 00 02
04:10:30:699    < BTP_HFP_AG_EV_CONNECTED (0x22|0x80|0x00)
                  raw data (7): 22 80 00 07 00|e0 4e e4 08 dc 1b 00
04:10:35:655    > BTP_HFP_AG_CMD_DISCONNECT (0x22|0x03|0x00)
                  raw data (7): 22 03 00 07 00|e0 4e e4 08 dc 1b 00
04:10:35:689    < BTP_HFP_AG_CMD_DISCONNECT (0x22|0x03|0x00)
                  raw data (0): 22 03 00 00 00|
04:10:35:699    < BTP_HFP_AG_EV_DISCONNECTED (0x22|0x81|0x00)
                  raw data (7): 22 81 00 07 00|e0 4e e4 08 dc 1b 00
04:10:36:708    < BTP_GAP_EV_DEVICE_DISCONNECTED (0x01|0x83|0x00)
                  raw data (7): 01 83 00 07 00|e0 4e e4 08 dc 1b 00
04:10:40:438    < BTP_CORE_EV_IUT_READY (0x00|0x80|0xff)
                  raw data (0): 00 80 ff 00 00|
