08:32:41:606    > BTP_CORE_CMD_READ_SUPPORTED_SERVICES (0x00|0x02|0xff)
                  raw data (0): 00 02 ff 00 00|
08:32:41:668    < BTP_CORE_CMD_READ_SUPPORTED_SERVICES (0x00|0x02|0xff)
                  raw data (6): 00 02 ff 06 00|0f 00 00 a0 ff 03
08:32:41:685    > BTP_CORE_CMD_REGISTER_SERVICE (0x00|0x03|0xff)
                  raw data (1): 00 03 ff 01 00|01
08:32:45:802    < BTP_CORE_CMD_REGISTER_SERVICE (0x00|0x03|0xff)
                  raw data (0): 00 03 ff 00 00|
08:32:45:808    > BTP_GAP_CMD_READ_SUPPORTED_COMMANDS (0x01|0x01|0xff)
                  raw data (0): 01 01 ff 00 00|
08:32:45:902    < BTP_GAP_CMD_READ_SUPPORTED_COMMANDS (0x01|0x01|0xff)
                  raw data (7): 01 01 ff 07 00|6e ff 7f 1f fe ff 2e
08:32:45:920    > BTP_GAP_CMD_READ_CONTROLLER_INFO (0x01|0x03|0x00)
                  raw data (0): 01 03 00 00 00|
08:32:45:973    < BTP_GAP_CMD_READ_CONTROLLER_INFO (0x01|0x03|0x00)
                  raw data (277): 
                  01 03 00 15 01|19 78 ee 69 17 d0 d3 06 02 00 13 
                  02 00 00 00 00 00 62 74 70 5f 74 65 73 74 65 72 
                  00 00 00 00 00 00 00 00 00 00 00 00 00 00 00 00 
                  00 00 00 00 00 00 00 00 00 00 00 00 00 00 00 00 
                  00 00 00 00 00 00 00 00 00 00 00 00 00 00 00 00 
                  00 00 00 00 00 00 00 00 00 00 00 00 00 00 00 00 
                  00 00 00 00 00 00 00 00 00 00 00 00 00 00 00 00 
                  00 00 00 00 00 00 00 00 00 00 00 00 00 00 00 00 
                  00 00 00 00 00 00 00 00 00 00 00 00 00 00 00 00 
                  00 00 00 00 00 00 00 00 00 00 00 00 00 00 00 00 
                  00 00 00 00 00 00 00 00 00 00 00 00 00 00 00 00 
                  00 00 00 00 00 00 00 00 00 00 00 00 00 00 00 00 
                  00 00 00 00 00 00 00 00 00 00 00 00 00 00 00 00 
                  00 00 00 00 00 00 00 00 00 00 00 00 00 00 00 00 
                  00 00 00 00 00 00 00 00 00 00 00 00 00 00 00 00 
                  00 00 00 00 00 00 00 00 00 00 00 00 00 00 00 00 
                  00 00 00 00 00 00 00 00 00 00 00 00 00 00 00 00 
                  00 00 00 00 00 00 00 00 00 00
08:32:45:994    > BTP_CORE_CMD_REGISTER_SERVICE (0x00|0x03|0xff)
                  raw data (41): 00 03 ff 01 00|29
08:32:46:049    < BTP_CORE_CMD_REGISTER_SERVICE (0x00|0x03|0xff)
                  raw data (0): 00 03 ff 00 00|
08:32:46:059    > BTP_MAP_CMD_READ_SUPPORTED_COMMANDS (0x29|0x01|0xff)
                  raw data (0): 29 01 ff 00 00|
08:32:46:129    < BTP_MAP_CMD_READ_SUPPORTED_COMMANDS (0x29|0x01|0xff)
                  raw data (7): 29 01 ff 07 00|fe ff ff ff ff ff 7f
08:32:49:149    > BTP_GAP_CMD_SET_DISCOVERABLE (0x01|0x08|0x00)
                  raw data (1): 01 08 00 01 00|01
08:32:49:210    < BTP_GAP_CMD_SET_DISCOVERABLE (0x01|0x08|0x00)
                  raw data (4): 01 08 00 04 00|1b 02 00 00
08:32:50:584    < BTP_GAP_EV_DEVICE_CONNECTED (0x01|0x82|0x00)
                  raw data (13): 
                  01 82 00 0d 00|e0 4e e4 08 dc 1b 00 00 00 00 00 
                  00 00
08:32:50:585    < BTP_GAP_EV_NEW_SETTINGS (0x01|0x80|0x00)
                  raw data (4): 01 80 00 04 00|1b 02 00 00
08:32:52:292    < BTP_GAP_EV_ENCRYPTION_CHANGE (0x01|0x91|0x00)
                  raw data (9): 01 91 00 09 00|e0 4e e4 08 dc 1b 00 01 10
08:32:52:293    < BTP_GAP_EV_SEC_LEVEL_CHANGED (0x01|0x89|0x00)
                  raw data (8): 01 89 00 08 00|e0 4e e4 08 dc 1b 00 02
08:32:52:315    < BTP_MAP_EV_MSE_MAS_L2CAP_CONNECTED (0x29|0x9e|0x00)
                  raw data (8): 29 9e 00 08 00|e0 4e e4 08 dc 1b 00 00
08:32:52:418    < BTP_MAP_EV_MSE_MAS_CONNECT (0x29|0xa0|0x00)
                  raw data (41): 
                  29 a0 00 29 00|e0 4e e4 08 dc 1b 00 00 10 ff 00 
                  1c 00 46 00 13 bb 58 2b 40 42 0c 11 db b0 de 08 
                  00 20 0c 9a 66 4c 00 09 29 04 00 7f ff ff
08:32:52:419    > BTP_MAP_CMD_MSE_MAS_CONNECT (0x29|0x1e|0x00)
                  raw data (9): 29 1e 00 09 00|e0 4e e4 08 dc 1b 00 00 a0
08:32:52:456    < BTP_MAP_CMD_MSE_MAS_CONNECT (0x29|0x1e|0x00)
                  raw data (0): 29 1e 00 00 00|
08:32:52:462    < BTP_MAP_EV_MSE_MAS_SET_FOLDER (0x29|0xa4|0x00)
                  raw data (19): 
                  29 a4 00 13 00|e0 4e e4 08 dc 1b 00 00 02 08 00 
                  01 00 03 cb 00 00 00 04
08:32:52:463    > BTP_MAP_CMD_MSE_MAS_SET_FOLDER (0x29|0x21|0x00)
                  raw data (11): 29 21 00 0b 00|e0 4e e4 08 dc 1b 00 00 a0 00 00
08:32:52:525    < BTP_MAP_CMD_MSE_MAS_SET_FOLDER (0x29|0x21|0x00)
                  raw data (0): 29 21 00 00 00|
08:32:52:537    < BTP_MAP_EV_MSE_MAS_SET_FOLDER (0x29|0xa4|0x00)
                  raw data (35): 
                  29 a4 00 23 00|e0 4e e4 08 dc 1b 00 00 02 18 00 
                  01 00 13 00 74 00 65 00 6c 00 65 00 63 00 6f 00 
                  6d 00 00 cb 00 00 00 04
08:32:52:538    > BTP_MAP_CMD_MSE_MAS_SET_FOLDER (0x29|0x21|0x00)
                  raw data (11): 29 21 00 0b 00|e0 4e e4 08 dc 1b 00 00 a0 00 00
08:32:52:629    < BTP_MAP_CMD_MSE_MAS_SET_FOLDER (0x29|0x21|0x00)
                  raw data (0): 29 21 00 00 00|
08:32:52:630    < BTP_MAP_EV_MSE_MAS_SET_FOLDER (0x29|0xa4|0x00)
                  raw data (27): 
                  29 a4 00 1b 00|e0 4e e4 08 dc 1b 00 00 02 10 00 
                  01 00 0b 00 6d 00 73 00 67 00 00 cb 00 00 00 04
08:32:52:631    > BTP_MAP_CMD_MSE_MAS_SET_FOLDER (0x29|0x21|0x00)
                  raw data (11): 29 21 00 0b 00|e0 4e e4 08 dc 1b 00 00 a0 00 00
08:32:52:687    < BTP_MAP_CMD_MSE_MAS_SET_FOLDER (0x29|0x21|0x00)
                  raw data (0): 29 21 00 00 00|
08:32:52:688    < BTP_MAP_EV_MSE_MAS_SET_FOLDER (0x29|0xa4|0x00)
                  raw data (31): 
                  29 a4 00 1f 00|e0 4e e4 08 dc 1b 00 00 02 14 00 
                  01 00 0f 00 69 00 6e 00 62 00 6f 00 78 00 00 cb 
                  00 00 00 04
08:32:52:689    > BTP_MAP_CMD_MSE_MAS_SET_FOLDER (0x29|0x21|0x00)
                  raw data (11): 29 21 00 0b 00|e0 4e e4 08 dc 1b 00 00 a0 00 00
08:32:52:740    < BTP_MAP_CMD_MSE_MAS_SET_FOLDER (0x29|0x21|0x00)
                  raw data (0): 29 21 00 00 00|
08:32:52:743    < BTP_MAP_EV_MSE_MAS_GET_CONVO_LISTING (0x29|0xae|0x00)
                  raw data (44): 
                  29 ae 00 2c 00|e0 4e e4 08 dc 1b 00 00 01 21 00 
                  42 00 1a 78 2d 62 74 2f 4d 41 50 2d 63 6f 6e 76 
                  6f 2d 6c 69 73 74 69 6e 67 00 97 01 cb 00 00 00 
                  04
08:32:52:744    > BTP_MAP_CMD_MSE_MAS_GET_CONVO_LISTING (0x29|0x2c|0x00)
                  raw data (263): 
                  29 2c 00 07 01|e0 4e e4 08 dc 1b 00 00 90 fc 00 
                  97 01 4c 00 3f 1a 20 36 31 46 35 33 33 44 44 33 
                  45 39 43 34 45 43 41 39 44 34 33 39 31 39 44 46 
                  46 30 38 41 36 31 43 12 02 00 02 19 14 32 30 32 
                  36 31 30 30 39 54 30 38 33 32 35 32 2b 30 38 30 
                  30 48 00 bb 3c 3f 78 6d 6c 20 76 65 72 73 69 6f 
                  6e 3d 22 31 2e 30 22 20 65 6e 63 6f 64 69 6e 67 
                  3d 22 55 54 46 2d 38 22 20 73 74 61 6e 64 61 6c 
                  6f 6e 65 3d 22 79 65 73 22 20 3f 3e 0d 0a 3c 4d 
                  41 50 2d 63 6f 6e 76 6f 2d 6c 69 73 74 69 6e 67 
                  20 76 65 72 73 69 6f 6e 3d 22 31 2e 30 22 3e 0d 
                  0a 20 20 3c 63 6f 6e 76 65 72 73 61 74 69 6f 6e 
                  20 69 64 3d 22 30 30 30 30 30 30 30 30 30 30 30 
                  30 30 30 30 32 22 20 6e 61 6d 65 3d 22 43 68 61 
                  74 20 77 69 74 68 20 50 54 53 22 20 6c 61 73 74 
                  5f 61 63 74 69 76 69 74 79 3d 22 32 30 31 33 30 
                  31 30 31 54 30 30 30 30 30 30 2b 30
08:32:52:818    < BTP_MAP_CMD_MSE_MAS_GET_CONVO_LISTING (0x29|0x2c|0x00)
                  raw data (0): 29 2c 00 00 00|
08:32:52:819    > BTP_MAP_CMD_MSE_MAS_GET_CONVO_LISTING (0x29|0x2c|0x00)
                  raw data (263): 
                  29 2c 00 07 01|e0 4e e4 08 dc 1b 00 00 90 fc 00 
                  48 00 fc 30 30 30 22 20 72 65 61 64 5f 73 74 61 
                  74 75 73 3d 22 72 65 61 64 22 20 76 65 72 73 69 
                  6f 6e 5f 63 6f 75 6e 74 65 72 3d 22 30 30 30 30 
                  30 30 30 30 30 30 30 30 30 30 30 30 30 30 30 30 
                  30 30 30 30 30 30 30 30 30 30 30 31 22 20 73 75 
                  6d 6d 61 72 79 3d 22 54 65 73 74 20 49 4d 20 6d 
                  65 73 73 61 67 65 20 31 30 22 3e 0d 0a 20 20 20 
                  20 3c 70 61 72 74 69 63 69 70 61 6e 74 20 75 63 
                  69 3d 22 69 6d 3a 70 74 73 40 65 78 61 6d 70 6c 
                  65 2e 63 6f 6d 22 20 64 69 73 70 6c 61 79 5f 6e 
                  61 6d 65 3d 22 50 54 53 22 20 63 68 61 74 5f 73 
                  74 61 74 65 3d 22 32 22 20 6c 61 73 74 5f 61 63 
                  74 69 76 69 74 79 3d 22 32 30 31 33 30 31 30 31 
                  54 30 30 30 30 30 30 2b 30 30 30 30 22 20 6e 61 
                  6d 65 3d 22 50 54 53 22 20 70 72 65 73 65 6e 63 
                  65 5f 61 76 61 69 6c 61 62 69 6c 69
08:32:52:889    < BTP_MAP_CMD_MSE_MAS_GET_CONVO_LISTING (0x29|0x2c|0x00)
                  raw data (0): 29 2c 00 00 00|
08:32:52:890    > BTP_MAP_CMD_MSE_MAS_GET_CONVO_LISTING (0x29|0x2c|0x00)
                  raw data (263): 
                  29 2c 00 07 01|e0 4e e4 08 dc 1b 00 00 90 fc 00 
                  48 00 fc 74 79 3d 22 32 22 20 70 72 65 73 65 6e 
                  63 65 5f 74 65 78 74 3d 22 41 76 61 69 6c 61 62 
                  6c 65 22 2f 3e 0d 0a 20 20 20 20 3c 70 61 72 74 
                  69 63 69 70 61 6e 74 20 75 63 69 3d 22 69 6d 3a 
                  69 75 74 40 65 78 61 6d 70 6c 65 2e 63 6f 6d 22 
                  20 64 69 73 70 6c 61 79 5f 6e 61 6d 65 3d 22 49 
                  55 54 22 20 63 68 61 74 5f 73 74 61 74 65 3d 22 
                  32 22 20 6c 61 73 74 5f 61 63 74 69 76 69 74 79 
                  3d 22 32 30 31 33 30 31 30 31 54 30 30 30 30 30 
                  30 2b 30 30 30 30 22 20 6e 61 6d 65 3d 22 49 55 
                  54 22 20 70 72 65 73 65 6e 63 65 5f 61 76 61 69 
                  6c 61 62 69 6c 69 74 79 3d 22 32 22 20 70 72 65 
                  73 65 6e 63 65 5f 74 65 78 74 3d 22 41 76 61 69 
                  6c 61 62 6c 65 22 2f 3e 0d 0a 20 20 3c 2f 63 6f 
                  6e 76 65 72 73 61 74 69 6f 6e 3e 0d 0a 20 20 3c 
                  63 6f 6e 76 65 72 73 61 74 69 6f 6e
08:32:52:954    < BTP_MAP_CMD_MSE_MAS_GET_CONVO_LISTING (0x29|0x2c|0x00)
                  raw data (0): 29 2c 00 00 00|
08:32:52:955    > BTP_MAP_CMD_MSE_MAS_GET_CONVO_LISTING (0x29|0x2c|0x00)
                  raw data (263): 
                  29 2c 00 07 01|e0 4e e4 08 dc 1b 00 00 90 fc 00 
                  48 00 fc 20 69 64 3d 22 30 30 30 30 30 30 30 30 
                  30 30 30 30 30 30 30 31 22 20 6e 61 6d 65 3d 22 
                  43 68 61 74 20 77 69 74 68 20 50 54 53 22 20 6c 
                  61 73 74 5f 61 63 74 69 76 69 74 79 3d 22 32 30 
                  31 31 30 35 30 31 54 30 30 30 30 30 30 2b 30 30 
                  30 30 22 20 72 65 61 64 5f 73 74 61 74 75 73 3d 
                  22 75 6e 72 65 61 64 22 20 76 65 72 73 69 6f 6e 
                  5f 63 6f 75 6e 74 65 72 3d 22 30 30 30 30 30 30 
                  30 30 30 30 30 30 30 30 30 30 30 30 30 30 30 30 
                  30 30 30 30 30 30 30 30 30 31 22 20 73 75 6d 6d 
                  61 72 79 3d 22 54 65 73 74 20 49 4d 20 6d 65 73 
                  73 61 67 65 20 35 22 3e 0d 0a 20 20 20 20 3c 70 
                  61 72 74 69 63 69 70 61 6e 74 20 75 63 69 3d 22 
                  69 6d 3a 70 74 73 40 65 78 61 6d 70 6c 65 2e 63 
                  6f 6d 22 20 64 69 73 70 6c 61 79 5f 6e 61 6d 65 
                  3d 22 50 54 53 22 20 63 68 61 74 5f
08:32:53:032    < BTP_MAP_CMD_MSE_MAS_GET_CONVO_LISTING (0x29|0x2c|0x00)
                  raw data (0): 29 2c 00 00 00|
08:32:53:033    > BTP_MAP_CMD_MSE_MAS_GET_CONVO_LISTING (0x29|0x2c|0x00)
                  raw data (263): 
                  29 2c 00 07 01|e0 4e e4 08 dc 1b 00 00 90 fc 00 
                  48 00 fc 73 74 61 74 65 3d 22 32 22 20 6c 61 73 
                  74 5f 61 63 74 69 76 69 74 79 3d 22 32 30 31 31 
                  30 35 30 31 54 30 30 30 30 30 30 2b 30 30 30 30 
                  22 20 6e 61 6d 65 3d 22 50 54 53 22 20 70 72 65 
                  73 65 6e 63 65 5f 61 76 61 69 6c 61 62 69 6c 69 
                  74 79 3d 22 32 22 20 70 72 65 73 65 6e 63 65 5f 
                  74 65 78 74 3d 22 41 76 61 69 6c 61 62 6c 65 22 
                  2f 3e 0d 0a 20 20 20 20 3c 70 61 72 74 69 63 69 
                  70 61 6e 74 20 75 63 69 3d 22 69 6d 3a 69 75 74 
                  40 65 78 61 6d 70 6c 65 2e 63 6f 6d 22 20 64 69 
                  73 70 6c 61 79 5f 6e 61 6d 65 3d 22 49 55 54 22 
                  20 63 68 61 74 5f 73 74 61 74 65 3d 22 32 22 20 
                  6c 61 73 74 5f 61 63 74 69 76 69 74 79 3d 22 32 
                  30 31 31 30 35 30 31 54 30 30 30 30 30 30 2b 30 
                  30 30 30 22 20 6e 61 6d 65 3d 22 49 55 54 22 20 
                  70 72 65 73 65 6e 63 65 5f 61 76 61
08:32:53:096    < BTP_MAP_CMD_MSE_MAS_GET_CONVO_LISTING (0x29|0x2c|0x00)
                  raw data (0): 29 2c 00 00 00|
08:32:53:109    > BTP_MAP_CMD_MSE_MAS_GET_CONVO_LISTING (0x29|0x2c|0x00)
                  raw data (98): 
                  29 2c 00 62 00|e0 4e e4 08 dc 1b 00 00 a0 57 00 
                  49 00 57 69 6c 61 62 69 6c 69 74 79 3d 22 32 22 
                  20 70 72 65 73 65 6e 63 65 5f 74 65 78 74 3d 22 
                  41 76 61 69 6c 61 62 6c 65 22 2f 3e 0d 0a 20 20 
                  3c 2f 63 6f 6e 76 65 72 73 61 74 69 6f 6e 3e 0d 
                  0a 3c 2f 4d 41 50 2d 63 6f 6e 76 6f 2d 6c 69 73 
                  74 69 6e 67 3e 0d 0a
08:32:53:162    < BTP_MAP_CMD_MSE_MAS_GET_CONVO_LISTING (0x29|0x2c|0x00)
                  raw data (0): 29 2c 00 00 00|
08:32:53:167    < BTP_MAP_EV_MSE_MAS_DISCONNECT (0x29|0xa1|0x00)
                  raw data (15): 
                  29 a1 00 0f 00|e0 4e e4 08 dc 1b 00 00 05 00 cb 
                  00 00 00 04
08:32:53:167    > BTP_MAP_CMD_MSE_MAS_DISCONNECT (0x29|0x1f|0x00)
                  raw data (9): 29 1f 00 09 00|e0 4e e4 08 dc 1b 00 00 a0
08:32:53:205    < BTP_MAP_CMD_MSE_MAS_DISCONNECT (0x29|0x1f|0x00)
                  raw data (0): 29 1f 00 00 00|
08:32:53:209    < BTP_MAP_EV_MSE_MAS_L2CAP_DISCONNECTED (0x29|0x9f|0x00)
                  raw data (8): 29 9f 00 08 00|e0 4e e4 08 dc 1b 00 00
08:32:53:210    < BTP_GAP_EV_DEVICE_DISCONNECTED (0x01|0x83|0x00)
                  raw data (7): 01 83 00 07 00|e0 4e e4 08 dc 1b 00
08:32:57:656    < BTP_CORE_EV_IUT_READY (0x00|0x80|0xff)
                  raw data (0): 00 80 ff 00 00|
