19:40:09:851    > BTP_CORE_CMD_READ_SUPPORTED_SERVICES (0x00|0x02|0xff)
                  raw data (0): 00 02 ff 00 00|
19:40:09:889    < BTP_CORE_CMD_READ_SUPPORTED_SERVICES (0x00|0x02|0xff)
                  raw data (6): 00 02 ff 06 00|0f 00 00 a0 ff 03
19:40:09:903    > BTP_CORE_CMD_REGISTER_SERVICE (0x00|0x03|0xff)
                  raw data (1): 00 03 ff 01 00|01
19:40:14:033    < BTP_CORE_CMD_REGISTER_SERVICE (0x00|0x03|0xff)
                  raw data (0): 00 03 ff 00 00|
19:40:14:039    > BTP_GAP_CMD_READ_SUPPORTED_COMMANDS (0x01|0x01|0xff)
                  raw data (0): 01 01 ff 00 00|
19:40:14:100    < BTP_GAP_CMD_READ_SUPPORTED_COMMANDS (0x01|0x01|0xff)
                  raw data (7): 01 01 ff 07 00|6e ff 7f 1f fe ff 2e
19:40:14:101    > BTP_GAP_CMD_READ_CONTROLLER_INFO (0x01|0x03|0x00)
                  raw data (0): 01 03 00 00 00|
19:40:14:165    < BTP_GAP_CMD_READ_CONTROLLER_INFO (0x01|0x03|0x00)
                  raw data (277): 
                  01 03 00 15 01|19 78 ee 69 17 d0 d3 06 02 00 13 
                  02 00 00 00 00 00 62 74 70 5f 74 65 73 74 65 72 
                  00 00 00 00 00 00 00 00 00 00 00 00 00 00 00 00 
                  00 00 00 00 00 00 00 00 00 00 00 00 00 00 00 00 
                  00 00 00 00 00 00 00 00 00 00 00 00 00 00 00 00 
                  00 00 00 00 00 00 00 00 00 00 00 00 00 00 00 00 
                  00 00 00 00 00 00 00 00 00 00 00 00 00 00 00 00 
                  00 00 00 00 00 00 00 00 00 00 00 00 00 00 00 00 
                  00 00 00 00 00 00 00 00 00 00 00 00 00 00 00 00 
                  00 00 00 00 00 00 00 00 00 00 00 00 00 00 00 00 
                  00 00 00 00 00 00 00 00 00 00 00 00 00 00 00 00 
                  00 00 00 00 00 00 00 00 00 00 00 00 00 00 00 00 
                  00 00 00 00 00 00 00 00 00 00 00 00 00 00 00 00 
                  00 00 00 00 00 00 00 00 00 00 00 00 00 00 00 00 
                  00 00 00 00 00 00 00 00 00 00 00 00 00 00 00 00 
                  00 00 00 00 00 00 00 00 00 00 00 00 00 00 00 00 
                  00 00 00 00 00 00 00 00 00 00 00 00 00 00 00 00 
                  00 00 00 00 00 00 00 00 00 00
19:40:14:174    > BTP_CORE_CMD_REGISTER_SERVICE (0x00|0x03|0xff)
                  raw data (2): 00 03 ff 01 00|02
19:40:14:228    < BTP_CORE_CMD_REGISTER_SERVICE (0x00|0x03|0xff)
                  raw data (0): 00 03 ff 00 00|
19:40:14:234    > BTP_GATT_CMD_READ_SUPPORTED_COMMANDS (0x02|0x01|0xff)
                  raw data (0): 02 01 ff 00 00|
19:40:14:288    < BTP_GATT_CMD_READ_SUPPORTED_COMMANDS (0x02|0x01|0xff)
                  raw data (5): 02 01 ff 05 00|fe fe bf fd 0f
19:40:14:298    > BTP_CORE_CMD_REGISTER_SERVICE (0x00|0x03|0xff)
                  raw data (35): 00 03 ff 01 00|23
19:40:14:348    < BTP_CORE_CMD_REGISTER_SERVICE (0x00|0x03|0xff)
                  raw data (0): 00 03 ff 00 00|
19:40:14:353    > BTP_A2DP_CMD_READ_SUPPORTED_COMMANDS (0x23|0x01|0xff)
                  raw data (0): 23 01 ff 00 00|
19:40:14:403    < BTP_A2DP_CMD_READ_SUPPORTED_COMMANDS (0x23|0x01|0xff)
                  raw data (3): 23 01 ff 03 00|fe ff 01
19:40:14:404    > BTP_A2DP_CMD_REGISTER_ENDPOINT (0x23|0x04|0x00)
                  raw data (6): 23 04 00 06 00|00 00 00 00 00 00
19:40:14:452    < BTP_A2DP_CMD_REGISTER_ENDPOINT (0x23|0x04|0x00)
                  raw data (0): 23 04 00 00 00|
19:40:59:474    > BTP_GAP_CMD_SET_DISCOVERABLE (0x01|0x08|0x00)
                  raw data (1): 01 08 00 01 00|01
19:40:59:551    < BTP_GAP_CMD_SET_DISCOVERABLE (0x01|0x08|0x00)
                  raw data (4): 01 08 00 04 00|1b 02 00 00
19:41:03:485    < BTP_GAP_EV_DEVICE_CONNECTED (0x01|0x82|0x00)
                  raw data (13): 
                  01 82 00 0d 00|e0 4e e4 08 dc 1b 00 00 00 00 00 
                  00 00
19:41:03:486    < BTP_GAP_EV_NEW_SETTINGS (0x01|0x80|0x00)
                  raw data (4): 01 80 00 04 00|1b 02 00 00
19:41:04:115    < BTP_GAP_EV_ENCRYPTION_CHANGE (0x01|0x91|0x00)
                  raw data (9): 01 91 00 09 00|e0 4e e4 08 dc 1b 00 01 10
19:41:04:116    < BTP_GAP_EV_SEC_LEVEL_CHANGED (0x01|0x89|0x00)
                  raw data (8): 01 89 00 08 00|e0 4e e4 08 dc 1b 00 02
19:41:04:126    < BTP_A2DP_EV_CONNECTED (0x23|0x80|0x00)
                  raw data (8): 23 80 00 08 00|e0 4e e4 08 dc 1b 00 00
19:41:04:235    < BTP_A2DP_EV_CONFIG_REQ (0x23|0x85|0x00)
                  raw data (15): 
                  23 85 00 0f 00|e0 4e e4 08 dc 1b 00 00 00 00 04 
                  11 15 0e 64
19:41:04:289    < BTP_A2DP_EV_ESTABLISH_REQ (0x23|0x88|0x00)
                  raw data (9): 23 88 00 09 00|e0 4e e4 08 dc 1b 00 00 00
19:41:04:408    < BTP_A2DP_EV_START_REQ (0x23|0x8c|0x00)
                  raw data (9): 23 8c 00 09 00|e0 4e e4 08 dc 1b 00 00 00
19:41:11:582    > BTP_A2DP_CMD_RELEASE (0x23|0x0a|0x00)
                  raw data (8): 23 0a 00 08 00|e0 4e e4 08 dc 1b 00 00
19:41:11:628    < BTP_A2DP_CMD_RELEASE (0x23|0x0a|0x00)
                  raw data (0): 23 0a 00 00 00|
19:41:11:651    < BTP_A2DP_EV_RELEASE_RSP (0x23|0x8b|0x00)
                  raw data (9): 23 8b 00 09 00|e0 4e e4 08 dc 1b 00 00 00
19:41:12:031    < BTP_CORE_EV_IUT_READY (0x00|0x80|0xff)
                  raw data (0): 00 80 ff 00 00|
