14:34:31:349    > BTP_CORE_CMD_REGISTER_SERVICE (0x00|0x03|0xff)
                  raw data (1): 00 03 ff 01 00|01
14:34:35:422    < BTP_CORE_CMD_REGISTER_SERVICE (0x00|0x03|0xff)
                  raw data (0): 00 03 ff 00 00|
14:34:35:428    > BTP_GAP_CMD_READ_SUPPORTED_COMMANDS (0x01|0x01|0xff)
                  raw data (0): 01 01 ff 00 00|
14:34:35:498    < BTP_GAP_CMD_READ_SUPPORTED_COMMANDS (0x01|0x01|0xff)
                  raw data (7): 01 01 ff 07 00|6e ff 7f 1f fe f7 0e
14:34:35:504    > BTP_GAP_CMD_READ_CONTROLLER_INFO (0x01|0x03|0x00)
                  raw data (0): 01 03 00 00 00|
14:34:35:586    < BTP_GAP_CMD_READ_CONTROLLER_INFO (0x01|0x03|0x00)
                  raw data (277): 
                  01 03 00 15 01|19 78 ee 69 17 d0 d3 06 02 00 13 
                  02 00 00 00 00 00 62 74 70 5f 74 65 73 74 65 72 
                  00 00 00 00 00 00 00 00 00 00 00 00 00 00 00 00 
                  00 00 00 00 00 00 00 00 00 00 00 00 00 00 00 00 
                  00 00 00 00 00 00 00 00 00 00 00 00 00 00 00 00 
                  00 00 00 00 00 00 00 00 00 00 00 00 00 00 00 00 
                  00 00 00 00 00 00 00 00 00 00 00 00 00 00 00 00 
                  00 00 00 00 00 00 00 00 00 00 00 00 00 00 00 00 
                  00 00 00 00 00 00 00 00 00 00 00 00 00 00 00 00 
                  00 00 00 00 00 00 00 00 00 00 00 00 00 00 00 00 
                  00 00 00 00 00 00 00 00 00 00 00 00 00 00 00 00 
                  00 00 00 00 00 00 00 00 00 00 00 00 00 00 00 00 
                  00 00 00 00 00 00 00 00 00 00 00 00 00 00 00 00 
                  00 00 00 00 00 00 00 00 00 00 00 00 00 00 00 00 
                  00 00 00 00 00 00 00 00 00 00 00 00 00 00 00 00 
                  00 00 00 00 00 00 00 00 00 00 00 00 00 00 00 00 
                  00 00 00 00 00 00 00 00 00 00 00 00 00 00 00 00 
                  00 00 00 00 00 00 00 00 00 00
14:34:35:592    > BTP_GAP_CMD_SET_DISCOVERABLE (0x01|0x08|0x00)
                  raw data (1): 01 08 00 01 00|01
14:34:35:674    < BTP_GAP_CMD_SET_DISCOVERABLE (0x01|0x08|0x00)
                  raw data (4): 01 08 00 04 00|1b 02 00 00
14:34:35:675    > BTP_GAP_CMD_SET_IO_CAP (0x01|0x10|0x00)
                  raw data (1): 01 10 00 01 00|03
14:34:35:730    < BTP_GAP_CMD_SET_IO_CAP (0x01|0x10|0x00)
                  raw data (0): 01 10 00 00 00|
14:34:35:741    > BTP_CORE_CMD_REGISTER_SERVICE (0x00|0x03|0xff)
                  raw data (34): 00 03 ff 01 00|22
14:34:35:796    < BTP_CORE_CMD_REGISTER_SERVICE (0x00|0x03|0xff)
                  raw data (0): 00 03 ff 00 00|
14:34:35:808    > BTP_HFP_AG_CMD_READ_SUPPORTED_COMMANDS (0x22|0x01|0xff)
                  raw data (0): 22 01 ff 00 00|
14:34:35:854    < BTP_HFP_AG_CMD_READ_SUPPORTED_COMMANDS (0x22|0x01|0xff)
                  raw data (5): 22 01 ff 05 00|fe ff ff ff 1f
14:34:35:855    > BTP_HFP_AG_CMD_SET_DEFAULT_INDICATOR_VALUE (0x22|0x21|0x00)
                  raw data (4): 22 21 00 04 00|01 05 00 05
14:34:35:915    < BTP_HFP_AG_CMD_SET_DEFAULT_INDICATOR_VALUE (0x22|0x21|0x00)
                  raw data (0): 22 21 00 00 00|
14:34:35:916    > BTP_HFP_AG_CMD_SET_MEMORY_DIAL_MAPPING (0x22|0x22|0x00)
                  raw data (10): 22 22 00 0a 00|01 07 31 31 32 33 34 35 36 37
14:34:35:957    < BTP_HFP_AG_CMD_SET_MEMORY_DIAL_MAPPING (0x22|0x22|0x00)
                  raw data (0): 22 22 00 00 00|
14:34:35:958    > BTP_HFP_AG_CMD_SET_VOICE_TAG_NUMBER (0x22|0x24|0x00)
                  raw data (8): 22 24 00 08 00|07 31 32 33 34 35 36 37
14:34:36:028    < BTP_HFP_AG_CMD_SET_VOICE_TAG_NUMBER (0x22|0x24|0x00)
                  raw data (0): 22 24 00 00 00|
14:34:39:046    > BTP_GAP_CMD_CONNECT (0x01|0x0e|0x00)
                  raw data (8): 01 0e 00 08 00|e0 4e e4 08 dc 1b 00 00
14:34:39:092    < BTP_GAP_CMD_CONNECT (0x01|0x0e|0x00)
                  raw data (0): 01 0e 00 00 00|
14:34:42:716    < BTP_GAP_EV_DEVICE_CONNECTED (0x01|0x82|0x00)
                  raw data (13): 
                  01 82 00 0d 00|e0 4e e4 08 dc 1b 00 00 00 00 00 
                  00 00
14:34:42:738    > BTP_GAP_CMD_PAIR (0x01|0x11|0x00)
                  raw data (7): 01 11 00 07 00|e0 4e e4 08 dc 1b 00
14:34:42:804    < BTP_GAP_CMD_PAIR (0x01|0x11|0x00)
                  raw data (0): 01 11 00 00 00|
14:34:42:821    > BTP_HFP_AG_CMD_CONNECT (0x22|0x02|0x00)
                  raw data (8): 22 02 00 08 00|e0 4e e4 08 dc 1b 00 01
14:34:42:879    < BTP_HFP_AG_CMD_CONNECT (0x22|0x02|0x00)
                  raw data (0): 22 02 00 00 00|
14:34:43:797    < BTP_GAP_EV_ENCRYPTION_CHANGE (0x01|0x91|0x00)
                  raw data (9): 01 91 00 09 00|e0 4e e4 08 dc 1b 00 01 10
14:34:43:798    < BTP_GAP_EV_SEC_LEVEL_CHANGED (0x01|0x89|0x00)
                  raw data (8): 01 89 00 08 00|e0 4e e4 08 dc 1b 00 02
14:34:43:885    < BTP_HFP_AG_EV_CONNECTED (0x22|0x80|0x00)
                  raw data (7): 22 80 00 07 00|e0 4e e4 08 dc 1b 00
14:34:43:897    < BTP_HFP_AG_EV_VOICE_RECOGNITION (0x22|0x94|0x00)
                  raw data (8): 22 94 00 08 00|e0 4e e4 08 dc 1b 00 01
14:34:43:897    < BTP_HFP_AG_EV_READY_ACCEPT_AUDIO (0x22|0x95|0x00)
                  raw data (7): 22 95 00 07 00|e0 4e e4 08 dc 1b 00
14:34:52:908    > BTP_HFP_AG_CMD_AUDIO_CONNECT (0x22|0x11|0x00)
                  raw data (8): 22 11 00 08 00|e0 4e e4 08 dc 1b 00 01
14:34:52:960    < BTP_HFP_AG_CMD_AUDIO_CONNECT (0x22|0x11|0x00)
                  raw data (0): 22 11 00 00 00|
14:34:53:016    < BTP_HFP_AG_EV_SCO_CONNECTED (0x22|0x82|0x00)
                  raw data (7): 22 82 00 07 00|e0 4e e4 08 dc 1b 00
14:34:53:988    < BTP_HFP_AG_EV_VOICE_RECOGNITION (0x22|0x94|0x00)
                  raw data (8): 22 94 00 08 00|e0 4e e4 08 dc 1b 00 00
14:34:54:968    > BTP_HFP_AG_CMD_AUDIO_DISCONNECT (0x22|0x12|0x00)
                  raw data (7): 22 12 00 07 00|e0 4e e4 08 dc 1b 00
14:34:55:029    < BTP_HFP_AG_CMD_AUDIO_DISCONNECT (0x22|0x12|0x00)
                  raw data (0): 22 12 00 00 00|
14:34:55:044    < BTP_HFP_AG_EV_SCO_DISCONNECTED (0x22|0x83|0x00)
                  raw data (8): 22 83 00 08 00|e0 4e e4 08 dc 1b 00 16
14:34:56:032    > BTP_HFP_AG_CMD_DISCONNECT (0x22|0x03|0x00)
                  raw data (7): 22 03 00 07 00|e0 4e e4 08 dc 1b 00
14:34:56:084    < BTP_HFP_AG_CMD_DISCONNECT (0x22|0x03|0x00)
                  raw data (0): 22 03 00 00 00|
14:34:56:086    < BTP_HFP_AG_EV_DISCONNECTED (0x22|0x81|0x00)
                  raw data (7): 22 81 00 07 00|e0 4e e4 08 dc 1b 00
14:34:57:104    < BTP_GAP_EV_DEVICE_DISCONNECTED (0x01|0x83|0x00)
                  raw data (7): 01 83 00 07 00|e0 4e e4 08 dc 1b 00
14:35:00:975    < BTP_CORE_EV_IUT_READY (0x00|0x80|0xff)
                  raw data (0): 00 80 ff 00 00|
