20:48:24:723    > BTP_CORE_CMD_READ_SUPPORTED_SERVICES (0x00|0x02|0xff)
                  raw data (0): 00 02 ff 00 00|
20:48:24:745    < BTP_CORE_CMD_READ_SUPPORTED_SERVICES (0x00|0x02|0xff)
                  raw data (6): 00 02 ff 06 00|0f 00 00 a0 ff 03
20:48:24:746    > BTP_CORE_CMD_REGISTER_SERVICE (0x00|0x03|0xff)
                  raw data (1): 00 03 ff 01 00|01
20:48:28:858    < BTP_CORE_CMD_REGISTER_SERVICE (0x00|0x03|0xff)
                  raw data (0): 00 03 ff 00 00|
20:48:28:864    > BTP_GAP_CMD_READ_SUPPORTED_COMMANDS (0x01|0x01|0xff)
                  raw data (0): 01 01 ff 00 00|
20:48:28:913    < BTP_GAP_CMD_READ_SUPPORTED_COMMANDS (0x01|0x01|0xff)
                  raw data (7): 01 01 ff 07 00|6e ff 7f 1f fe ff 2e
20:48:28:919    > BTP_GAP_CMD_READ_CONTROLLER_INFO (0x01|0x03|0x00)
                  raw data (0): 01 03 00 00 00|
20:48:28:989    < BTP_GAP_CMD_READ_CONTROLLER_INFO (0x01|0x03|0x00)
                  raw data (277): 
                  01 03 00 15 01|19 78 ee 69 17 d0 d3 06 02 00 13 
                  02 00 00 00 00 00 62 74 70 5f 74 65 73 74 65 72 
                  00 00 00 00 00 00 00 00 00 00 00 00 00 00 00 00 
                  00 00 00 00 00 00 00 00 00 00 00 00 00 00 00 00 
                  00 00 00 00 00 00 00 00 00 00 00 00 00 00 00 00 
                  00 00 00 00 00 00 00 00 00 00 00 00 00 00 00 00 
                  00 00 00 00 00 00 00 00 00 00 00 00 00 00 00 00 
                  00 00 00 00 00 00 00 00 00 00 00 00 00 00 00 00 
                  00 00 00 00 00 00 00 00 00 00 00 00 00 00 00 00 
                  00 00 00 00 00 00 00 00 00 00 00 00 00 00 00 00 
                  00 00 00 00 00 00 00 00 00 00 00 00 00 00 00 00 
                  00 00 00 00 00 00 00 00 00 00 00 00 00 00 00 00 
                  00 00 00 00 00 00 00 00 00 00 00 00 00 00 00 00 
                  00 00 00 00 00 00 00 00 00 00 00 00 00 00 00 00 
                  00 00 00 00 00 00 00 00 00 00 00 00 00 00 00 00 
                  00 00 00 00 00 00 00 00 00 00 00 00 00 00 00 00 
                  00 00 00 00 00 00 00 00 00 00 00 00 00 00 00 00 
                  00 00 00 00 00 00 00 00 00 00
20:48:29:005    > BTP_CORE_CMD_REGISTER_SERVICE (0x00|0x03|0xff)
                  raw data (37): 00 03 ff 01 00|25
20:48:29:054    < BTP_CORE_CMD_REGISTER_SERVICE (0x00|0x03|0xff)
                  raw data (0): 00 03 ff 00 00|
20:48:29:059    > BTP_AVRCP_CMD_READ_SUPPORTED_COMMANDS (0x25|0x01|0xff)
                  raw data (0): 25 01 ff 00 00|
20:48:29:121    < BTP_AVRCP_CMD_READ_SUPPORTED_COMMANDS (0x25|0x01|0xff)
                  raw data (5): 25 01 ff 05 00|fe ff ff ff 1f
20:48:31:124    > BTP_GAP_CMD_SET_DISCOVERABLE (0x01|0x08|0x00)
                  raw data (1): 01 08 00 01 00|01
20:48:31:186    < BTP_GAP_CMD_SET_DISCOVERABLE (0x01|0x08|0x00)
                  raw data (4): 01 08 00 04 00|1b 02 00 00
20:48:31:192    > BTP_GAP_CMD_START_ADVERTISING (0x01|0x0a|0x00)
                  raw data (22): 
                  01 0a 00 16 00|0f 00 09 0d 54 65 73 74 65 72 5f 
                  30 38 45 34 34 45 ff ff ff ff 00
20:48:31:249    < BTP_GAP_CMD_START_ADVERTISING (0x01|0x0a|0x00)
                  raw data (4): 01 0a 00 04 00|1b 06 00 00
20:48:33:846    < BTP_GAP_EV_DEVICE_CONNECTED (0x01|0x82|0x00)
                  raw data (13): 
                  01 82 00 0d 00|e0 4e e4 08 dc 1b 00 00 00 00 00 
                  00 00
20:48:33:847    < BTP_GAP_EV_NEW_SETTINGS (0x01|0x80|0x00)
                  raw data (4): 01 80 00 04 00|1b 02 00 00
20:48:35:606    < BTP_GAP_EV_ENCRYPTION_CHANGE (0x01|0x91|0x00)
                  raw data (9): 01 91 00 09 00|e0 4e e4 08 dc 1b 00 01 10
20:48:35:607    < BTP_GAP_EV_SEC_LEVEL_CHANGED (0x01|0x89|0x00)
                  raw data (8): 01 89 00 08 00|e0 4e e4 08 dc 1b 00 02
20:48:35:618    < BTP_AVRCP_EV_CONTROL_CONNECTED (0x25|0x80|0x00)
                  raw data (7): 25 80 00 07 00|e0 4e e4 08 dc 1b 00
20:48:35:619    < BTP_AVRCP_EV_CONTROL_CONNECTED (0x25|0x80|0x00)
                  raw data (7): 25 80 00 07 00|e0 4e e4 08 dc 1b 00
20:48:35:638    < BTP_AVRCP_EV_BROWSING_CONNECTED (0x25|0x82|0x00)
                  raw data (7): 25 82 00 07 00|e0 4e e4 08 dc 1b 00
20:48:35:639    < BTP_AVRCP_EV_BROWSING_CONNECTED (0x25|0x82|0x00)
                  raw data (7): 25 82 00 07 00|e0 4e e4 08 dc 1b 00
20:48:37:677    > BTP_AVRCP_CMD_GET_FOLDER_ITEMS (0x25|0x15|0x00)
                  raw data (17): 
                  25 15 00 11 00|e0 4e e4 08 dc 1b 00 00 00 00 00 
                  00 0a 00 00 00 00
20:48:37:716    < BTP_AVRCP_CMD_GET_FOLDER_ITEMS (0x25|0x15|0x00)
                  raw data (0): 25 15 00 00 00|
20:48:37:840    < BTP_AVRCP_EV_GET_FOLDER_ITEMS_RSP (0x25|0x93|0x00)
                  raw data (104): 
                  25 93 00 68 00|e0 4e e4 08 dc 1b 00 04 56 10 02 
                  00 01 2a 00 01 00 03 01 00 00 00 00 ff ff ff ff 
                  ff ff ff 7f 1f 00 00 00 00 00 00 00 6a 00 0e 00 
                  42 72 6f 77 73 65 64 20 50 6c 61 79 65 72 01 2c 
                  00 02 00 03 01 00 00 00 00 ff ff ff ff ff ff ff 
                  77 1f 00 00 00 00 00 00 00 6a 00 10 00 41 64 64 
                  72 65 73 73 65 64 20 50 6c 61 79 65 72
20:48:37:923    > BTP_AVRCP_CMD_SET_BROWSED_PLAYER (0x25|0x17|0x00)
                  raw data (9): 25 17 00 09 00|e0 4e e4 08 dc 1b 00 01 00
20:48:37:975    < BTP_AVRCP_CMD_SET_BROWSED_PLAYER (0x25|0x17|0x00)
                  raw data (0): 25 17 00 00 00|
20:48:38:076    < BTP_AVRCP_EV_SET_BROWSED_PLAYER_RSP (0x25|0x95|0x00)
                  raw data (17): 
                  25 95 00 11 00|e0 4e e4 08 dc 1b 00 04 56 10 07 
                  00 00 00 6a 00 00
20:48:39:179    > BTP_AVRCP_CMD_GET_FOLDER_ITEMS (0x25|0x15|0x00)
                  raw data (17): 
                  25 15 00 11 00|e0 4e e4 08 dc 1b 00 01 00 00 00 
                  00 0a 00 00 00 00
20:48:39:228    < BTP_AVRCP_CMD_GET_FOLDER_ITEMS (0x25|0x15|0x00)
                  raw data (0): 25 15 00 00 00|
20:48:39:342    < BTP_AVRCP_EV_GET_FOLDER_ITEMS_RSP (0x25|0x93|0x00)
                  raw data (173): 
                  25 93 00 ad 00|e0 4e e4 08 dc 1b 00 04 56 10 07 
                  00 02 14 00 01 00 00 00 01 00 00 00 02 01 6a 00 
                  06 00 41 6c 62 75 6d 73 02 15 00 02 00 00 00 02 
                  00 00 00 03 00 6a 00 07 00 41 72 74 69 73 74 73 
                  02 14 00 03 00 00 00 03 00 00 00 04 00 6a 00 06 
                  00 47 65 6e 72 65 73 02 16 00 04 00 00 00 04 00 
                  00 00 05 00 6a 00 08 00 50 6c 61 79 6c 69 73 74 
                  02 13 00 05 00 00 00 05 00 00 00 01 01 6a 00 05 
                  00 53 6f 6e 67 73 02 13 00 06 00 00 00 06 00 00 
                  00 06 00 6a 00 05 00 59 65 61 72 73 02 13 00 07 
                  00 00 00 07 00 00 00 00 00 6a 00 05 00 4d 69 78 
                  65 64
20:48:40:434    > BTP_AVRCP_CMD_GET_FOLDER_ITEMS (0x25|0x15|0x00)
                  raw data (17): 
                  25 15 00 11 00|e0 4e e4 08 dc 1b 00 01 00 00 00 
                  00 0a 00 00 00 00
20:48:40:493    < BTP_AVRCP_CMD_GET_FOLDER_ITEMS (0x25|0x15|0x00)
                  raw data (0): 25 15 00 00 00|
20:48:40:601    < BTP_AVRCP_EV_GET_FOLDER_ITEMS_RSP (0x25|0x93|0x00)
                  raw data (173): 
                  25 93 00 ad 00|e0 4e e4 08 dc 1b 00 04 56 10 07 
                  00 02 14 00 01 00 00 00 01 00 00 00 02 01 6a 00 
                  06 00 41 6c 62 75 6d 73 02 15 00 02 00 00 00 02 
                  00 00 00 03 00 6a 00 07 00 41 72 74 69 73 74 73 
                  02 14 00 03 00 00 00 03 00 00 00 04 00 6a 00 06 
                  00 47 65 6e 72 65 73 02 16 00 04 00 00 00 04 00 
                  00 00 05 00 6a 00 08 00 50 6c 61 79 6c 69 73 74 
                  02 13 00 05 00 00 00 05 00 00 00 01 01 6a 00 05 
                  00 53 6f 6e 67 73 02 13 00 06 00 00 00 06 00 00 
                  00 06 00 6a 00 05 00 59 65 61 72 73 02 13 00 07 
                  00 00 00 07 00 00 00 00 00 6a 00 05 00 4d 69 78 
                  65 64
20:48:40:700    > BTP_AVRCP_CMD_PLAY_ITEM (0x25|0x1a|0x00)
                  raw data (18): 
                  25 1a 00 12 00|e0 4e e4 08 dc 1b 00 01 01 00 00 
                  00 01 00 00 00 56 10
20:48:40:755    < BTP_AVRCP_CMD_PLAY_ITEM (0x25|0x1a|0x00)
                  raw data (0): 25 1a 00 00 00|
20:48:40:854    < BTP_AVRCP_EV_PLAY_ITEM_RSP (0x25|0x98|0x00)
                  raw data (8): 25 98 00 08 00|e0 4e e4 08 dc 1b 00 09
20:48:41:871    > BTP_AVRCP_CMD_GET_ITEM_ATTRS (0x25|0x19|0x00)
                  raw data (19): 
                  25 19 00 13 00|e0 4e e4 08 dc 1b 00 01 01 00 00 
                  00 01 00 00 00 56 10 00
20:48:41:921    < BTP_AVRCP_CMD_GET_ITEM_ATTRS (0x25|0x19|0x00)
                  raw data (0): 25 19 00 00 00|
20:48:42:026    < BTP_AVRCP_EV_GET_ITEM_ATTRS_RSP (0x25|0x97|0x00)
                  raw data (23): 
                  25 97 00 17 00|e0 4e e4 08 dc 1b 00 04 01 01 00 
                  00 00 6a 00 06 00 41 6c 62 75 6d 73
20:48:43:023    < BTP_AVRCP_EV_CONTROL_DISCONNECTED (0x25|0x81|0x00)
                  raw data (7): 25 81 00 07 00|e0 4e e4 08 dc 1b 00
20:48:43:024    < BTP_AVRCP_EV_CONTROL_DISCONNECTED (0x25|0x81|0x00)
                  raw data (7): 25 81 00 07 00|e0 12 d8 1b 60 a1 76
20:48:46:676    < BTP_CORE_EV_IUT_READY (0x00|0x80|0xff)
                  raw data (0): 00 80 ff 00 00|
