2026-10-09 06:46:22,877 LT1-thread root DEBUG client.py                 1099  _run_test_case            : Starting TestCase _run_test_case L2CAP L2CAP/ERM/BV-03-C
2026-10-09 06:46:22,878 LT1-thread root DEBUG testcase.py               727   pre_run                   : pre_run L2CAP L2CAP/ERM/BV-03-C
2026-10-09 06:46:22,878 LT1-thread root DEBUG testcase.py               729   pre_run                   : About to run test case L2CAP L2CAP/ERM/BV-03-C with commands:
2026-10-09 06:46:22,878 LT1-thread root DEBUG testcase.py               731   pre_run                   : 0) class=<class 'autopts.ptsprojects.testcase.TestFunc'>, func=<bound method ZTestCase._test_case_start of <autopts.ptsprojects.zephyr.ztestcase.ZTestCase object at 0x000002C687C8A690>> start_wid=None stop_wid=None post_wid=None skip_call=None call_count=0 args=() kwds={}
2026-10-09 06:46:22,878 LT1-thread root DEBUG testcase.py               731   pre_run                   : 1) class=<class 'autopts.ptsprojects.testcase.TestFunc'>, func=<function core_reg_svc_gap at 0x000002C684E2E160> start_wid=None stop_wid=None post_wid=None skip_call=None call_count=87 args=() kwds={}
2026-10-09 06:46:22,878 LT1-thread root DEBUG testcase.py               731   pre_run                   : 2) class=<class 'autopts.ptsprojects.testcase.TestFunc'>, func=<function core_reg_svc_l2cap at 0x000002C684E2E3E0> start_wid=None stop_wid=None post_wid=None skip_call=None call_count=87 args=() kwds={}
2026-10-09 06:46:22,879 LT1-thread root DEBUG testcase.py               731   pre_run                   : 3) class=<class 'autopts.ptsprojects.testcase.TestFunc'>, func=<function gap_read_controller_info at 0x000002C684E6EB60> start_wid=None stop_wid=None post_wid=None skip_call=None call_count=87 args=() kwds={}
2026-10-09 06:46:22,879 LT1-thread root DEBUG testcase.py               731   pre_run                   : 4) class=<class 'autopts.ptsprojects.testcase.TestFunc'>, func=<function test_cases.<locals>.<lambda> at 0x000002C687BC3380> start_wid=None stop_wid=None post_wid=None skip_call=None call_count=87 args=() kwds={}
2026-10-09 06:46:22,879 LT1-thread root DEBUG testcase.py               731   pre_run                   : 5) class=<class 'autopts.ptsprojects.testcase.TestFunc'>, func=<function test_cases.<locals>.<lambda> at 0x000002C687C134C0> start_wid=None stop_wid=None post_wid=None skip_call=None call_count=87 args=() kwds={}
2026-10-09 06:46:22,879 LT1-thread root DEBUG testcase.py               731   pre_run                   : 6) class=<class 'autopts.ptsprojects.testcase.TestFunc'>, func=<function test_cases.<locals>.<lambda> at 0x000002C687C13A60> start_wid=None stop_wid=None post_wid=None skip_call=None call_count=87 args=() kwds={}
2026-10-09 06:46:22,879 LT1-thread root DEBUG testcase.py               731   pre_run                   : 7) class=<class 'autopts.ptsprojects.testcase.TestFunc'>, func=<function test_cases.<locals>.<lambda> at 0x000002C687C13D80> start_wid=None stop_wid=None post_wid=None skip_call=None call_count=87 args=() kwds={}
2026-10-09 06:46:22,879 LT1-thread root DEBUG testcase.py               731   pre_run                   : 8) class=<class 'autopts.ptsprojects.testcase.TestFunc'>, func=<function test_cases.<locals>.<lambda> at 0x000002C687C322A0> start_wid=None stop_wid=None post_wid=None skip_call=None call_count=87 args=() kwds={}
2026-10-09 06:46:22,879 LT1-thread root DEBUG testcase.py               731   pre_run                   : 9) class=<class 'autopts.ptsprojects.testcase.TestFunc'>, func=<function test_cases.<locals>.<lambda> at 0x000002C687C31440> start_wid=None stop_wid=None post_wid=None skip_call=None call_count=87 args=() kwds={}
2026-10-09 06:46:22,879 LT1-thread root DEBUG testcase.py               731   pre_run                   : 10) class=<class 'autopts.ptsprojects.testcase.TestFunc'>, func=<function test_cases.<locals>.<lambda> at 0x000002C687C313A0> start_wid=None stop_wid=None post_wid=None skip_call=None call_count=87 args=() kwds={}
2026-10-09 06:46:22,879 LT1-thread root DEBUG testcase.py               731   pre_run                   : 11) class=<class 'autopts.ptsprojects.testcase.TestFunc'>, func=<function test_cases.<locals>.<lambda> at 0x000002C687C32F20> start_wid=None stop_wid=None post_wid=None skip_call=None call_count=87 args=() kwds={}
2026-10-09 06:46:22,879 LT1-thread root DEBUG testcase.py               731   pre_run                   : 12) class=<class 'autopts.ptsprojects.testcase.TestFunc'>, func=<function test_cases.<locals>.<lambda> at 0x000002C687C32FC0> start_wid=None stop_wid=None post_wid=None skip_call=None call_count=87 args=() kwds={}
2026-10-09 06:46:22,879 LT1-thread root DEBUG testcase.py               731   pre_run                   : 13) class=<class 'autopts.ptsprojects.testcase.TestFunc'>, func=<function test_cases.<locals>.<lambda> at 0x000002C687C33060> start_wid=None stop_wid=None post_wid=None skip_call=None call_count=87 args=() kwds={}
2026-10-09 06:46:22,879 LT1-thread root DEBUG testcase.py               731   pre_run                   : 14) class=<class 'autopts.ptsprojects.testcase.TestFunc'>, func=<function test_cases.<locals>.<lambda> at 0x000002C687C33100> start_wid=None stop_wid=None post_wid=None skip_call=None call_count=87 args=() kwds={}
2026-10-09 06:46:22,879 LT1-thread root DEBUG testcase.py               731   pre_run                   : 15) class=<class 'autopts.ptsprojects.testcase.TestFunc'>, func=<function set_pts_addr at 0x000002C684E2DD00> start_wid=None stop_wid=None post_wid=None skip_call=None call_count=87 args=('00:1B:DC:08:E4:4E', 0) kwds={}
2026-10-09 06:46:22,879 LT1-thread root DEBUG testcase.py               731   pre_run                   : 16) class=<class 'autopts.ptsprojects.testcase.TestFunc'>, func=<function test_cases.<locals>.<lambda> at 0x000002C687C331A0> start_wid=None stop_wid=None post_wid=None skip_call=None call_count=68 args=() kwds={}
2026-10-09 06:46:22,879 LT1-thread root DEBUG testcase.py               731   pre_run                   : 17) class=<class 'autopts.ptsprojects.testcase.TestFunc'>, func=<function test_cases.<locals>.<lambda> at 0x000002C687C33240> start_wid=None stop_wid=None post_wid=None skip_call=None call_count=68 args=() kwds={}
2026-10-09 06:46:22,880 LT1-thread root DEBUG testcase.py               731   pre_run                   : 18) class=<class 'autopts.ptsprojects.testcase.TestFunc'>, func=<function test_cases.<locals>.<lambda> at 0x000002C687C332E0> start_wid=None stop_wid=None post_wid=None skip_call=None call_count=68 args=() kwds={}
2026-10-09 06:46:22,880 LT1-thread root DEBUG testcase.py               731   pre_run                   : 19) class=<class 'autopts.ptsprojects.testcase.TestFunc'>, func=<function test_cases.<locals>.<lambda> at 0x000002C687C33380> start_wid=None stop_wid=None post_wid=None skip_call=None call_count=68 args=() kwds={}
2026-10-09 06:46:22,880 LT1-thread root DEBUG testcase.py               731   pre_run                   : 20) class=<class 'autopts.ptsprojects.testcase.TestFunc'>, func=<function gap_set_io_capability at 0x000002C684E6E020> start_wid=None stop_wid=None post_wid=None skip_call=None call_count=68 args=(3,) kwds={}
2026-10-09 06:46:22,880 LT1-thread root DEBUG testcase.py               731   pre_run                   : 21) class=<class 'autopts.ptsprojects.testcase.TestFunc'>, func=<bound method Stack.l2cap_init of <autopts.ptsprojects.stack.stack.Stack object at 0x000002C6862F6F00>> start_wid=None stop_wid=None post_wid=None skip_call=None call_count=68 args=(4097, 120) kwds={}
2026-10-09 06:46:22,880 LT1-thread root DEBUG testcase.py               731   pre_run                   : 22) class=<class 'autopts.ptsprojects.testcase.TestFunc'>, func=<function l2cap_br_listen_v2 at 0x000002C684ED4AE0> start_wid=None stop_wid=None post_wid=None skip_call=None call_count=11 args=(4097, 120, 4, 3) kwds={}
2026-10-09 06:46:22,880 LT1-thread root DEBUG testcase.py               731   pre_run                   : 23) class=<class 'autopts.ptsprojects.testcase.TestFuncCleanUp'>, func=<bound method ZTestCase._test_case_cleanup of <autopts.ptsprojects.zephyr.ztestcase.ZTestCase object at 0x000002C687C8A690>> start_wid=None stop_wid=None post_wid=None skip_call=None call_count=0 args=() kwds={}
2026-10-09 06:46:22,880 LT1-thread root DEBUG testcase.py               738   pre_run                   : pre_run, run pre test case script
2026-10-09 06:46:22,888 LT1-thread root DEBUG testcase.py               254   start                     : Starting test function: class=<class 'autopts.ptsprojects.testcase.TestFunc'>, func=<bound method ZTestCase._test_case_start of <autopts.ptsprojects.zephyr.ztestcase.ZTestCase object at 0x000002C687C8A690>> start_wid=None stop_wid=None post_wid=None skip_call=None call_count=1 args=() kwds={}
2026-10-09 06:46:22,888 LT1-thread root DEBUG testcase.py               266   start                     : Test function parameters: args=(), kwds={}
2026-10-09 06:46:22,888 LT1-thread root DEBUG iutctl.py                 172   start                     : <class 'autopts.ptsprojects.zephyr.iutctl.create_zephyr_ctl_class.<locals>.ZephyrCtl'>.start
2026-10-09 06:46:22,888 LT1-thread root DEBUG iutctl.py                 325   flush_serial              : <class 'autopts.ptsprojects.zephyr.iutctl.create_zephyr_ctl_class.<locals>.ZephyrCtl'>.flush_serial
2026-10-09 06:46:24,074 LT1-thread root DEBUG iutctl.py                 249   _start_tty_mode           : Starting socat process: socat.exe -x -v tcp:10.17.12.9:53969,retry=100,interval=1 /dev/ttyS2,raw,b115200,
2026-10-09 06:46:24,082 LT1-thread root DEBUG iutctl_common.py          402   accept                    : 
2026-10-09 06:46:24,156 BTPWorkerThread-28319 (_rx_task) root DEBUG iutctl_common.py          299   _rx_task                  : BTPWorkerThread-28319 (_rx_task) started
2026-10-09 06:46:24,157 LT1-thread root DEBUG iutctl.py                 395   wait_iut_ready_event      : IUT ready event received OK
2026-10-09 06:46:24,157 LT1-thread root DEBUG btp.py                    51    read_supp_svcs            : 
2026-10-09 06:46:24,157 LT1-thread root DEBUG iutctl_common.py          161   send                      : 0 2 255 ''
2026-10-09 06:46:24,157 LT1-thread root DEBUG iutctl_common.py          166   send                      : sending frame '0002ff0000'
2026-10-09 06:46:24,158 LT1-thread root DEBUG iutctl_common.py          339   read                      : 
2026-10-09 06:46:24,173 BTPWorkerThread-28319 (_rx_task) root DEBUG iutctl_common.py          123   read                      : Read 5 bytes
2026-10-09 06:46:24,185 BTPWorkerThread-28319 (_rx_task) root DEBUG iutctl_common.py          131   read                      : Received: hdr: Header(svc_id=0x00, op=0x02, ctrl_index=0xff, data_len=0x06) bytearray(b'\x00\x02\xff\x06\x00')
2026-10-09 06:46:24,196 BTPWorkerThread-28319 (_rx_task) root DEBUG iutctl_common.py          139   read                      : Read 6 bytes data
2026-10-09 06:46:24,202 BTPWorkerThread-28319 (_rx_task) root DEBUG iutctl_common.py          154   read                      : Received data: {'0f 00 00 a0 ff 03'}, bytearray(b'\x0f\x00\x00\xa0\xff\x03')
2026-10-09 06:46:24,208 LT1-thread root DEBUG btp.py                    62    read_supp_svcs            : received Header(svc_id=0, op=2, ctrl_index=255, data_len=6) (b'\x0f\x00\x00\xa0\xff\x03',)
2026-10-09 06:46:24,208 LT1-thread root DEBUG testcase.py               254   start                     : Starting test function: class=<class 'autopts.ptsprojects.testcase.TestFunc'>, func=<function core_reg_svc_gap at 0x000002C684E2E160> start_wid=None stop_wid=None post_wid=None skip_call=None call_count=88 args=() kwds={}
2026-10-09 06:46:24,208 LT1-thread root DEBUG testcase.py               266   start                     : Test function parameters: args=(), kwds={}
2026-10-09 06:46:24,208 LT1-thread root DEBUG btp.py                    117   core_reg_svc_univ         : core_reg_svc_univ: gap_reg (GAP)
2026-10-09 06:46:24,208 LT1-thread root DEBUG iutctl_common.py          161   send                      : 0 3 255 '1'
2026-10-09 06:46:24,208 LT1-thread root DEBUG iutctl_common.py          166   send                      : sending frame '0003ff010001'
2026-10-09 06:46:24,208 LT1-thread root DEBUG btp.py                    654   core_reg_svc_rsp_succ     : 
2026-10-09 06:46:24,209 LT1-thread root DEBUG iutctl_common.py          339   read                      : 
2026-10-09 06:46:28,330 BTPWorkerThread-28319 (_rx_task) root DEBUG iutctl_common.py          123   read                      : Read 5 bytes
2026-10-09 06:46:28,335 BTPWorkerThread-28319 (_rx_task) root DEBUG iutctl_common.py          131   read                      : Received: hdr: Header(svc_id=0x00, op=0x03, ctrl_index=0xff, data_len=0x00) bytearray(b'\x00\x03\xff\x00\x00')
2026-10-09 06:46:28,341 BTPWorkerThread-28319 (_rx_task) root DEBUG iutctl_common.py          154   read                      : Received data: {''}, bytearray(b'')
2026-10-09 06:46:28,347 LT1-thread root DEBUG btp.py                    665   core_reg_svc_rsp_succ     : received Header(svc_id=0, op=3, ctrl_index=255, data_len=0) (b'',)
2026-10-09 06:46:28,347 LT1-thread root DEBUG btp.py                    666   core_reg_svc_rsp_succ     : expected ((0, 3, 255, 0), (b'',))
2026-10-09 06:46:28,347 LT1-thread root DEBUG btp.py                    671   core_reg_svc_rsp_succ     : response is valid
2026-10-09 06:46:28,347 LT1-thread root DEBUG btp.py                    674   core_reg_svc_rsp_succ     : Reading supported commands for service: GAP
2026-10-09 06:46:28,347 LT1-thread root DEBUG iutctl_common.py          161   send                      : 1 1 255 ''
2026-10-09 06:46:28,347 LT1-thread root DEBUG iutctl_common.py          166   send                      : sending frame '0101ff0000'
2026-10-09 06:46:28,347 LT1-thread root DEBUG iutctl_common.py          339   read                      : 
2026-10-09 06:46:28,386 BTPWorkerThread-28319 (_rx_task) root DEBUG iutctl_common.py          123   read                      : Read 5 bytes
2026-10-09 06:46:28,397 BTPWorkerThread-28319 (_rx_task) root DEBUG iutctl_common.py          131   read                      : Received: hdr: Header(svc_id=0x01, op=0x01, ctrl_index=0xff, data_len=0x07) bytearray(b'\x01\x01\xff\x07\x00')
2026-10-09 06:46:28,402 BTPWorkerThread-28319 (_rx_task) root DEBUG iutctl_common.py          139   read                      : Read 7 bytes data
2026-10-09 06:46:28,413 BTPWorkerThread-28319 (_rx_task) root DEBUG iutctl_common.py          154   read                      : Received data: {'6e ff 7f 1f fe ff 2e'}, bytearray(b'n\xff\x7f\x1f\xfe\xff.')
2026-10-09 06:46:28,419 LT1-thread root DEBUG testcase.py               254   start                     : Starting test function: class=<class 'autopts.ptsprojects.testcase.TestFunc'>, func=<function core_reg_svc_l2cap at 0x000002C684E2E3E0> start_wid=None stop_wid=None post_wid=None skip_call=None call_count=88 args=() kwds={}
2026-10-09 06:46:28,419 LT1-thread root DEBUG testcase.py               266   start                     : Test function parameters: args=(), kwds={}
2026-10-09 06:46:28,419 LT1-thread root DEBUG btp.py                    117   core_reg_svc_univ         : core_reg_svc_univ: l2cap_reg (L2CAP)
2026-10-09 06:46:28,419 LT1-thread root DEBUG iutctl_common.py          161   send                      : 0 3 255 '3'
2026-10-09 06:46:28,419 LT1-thread root DEBUG iutctl_common.py          166   send                      : sending frame '0003ff010003'
2026-10-09 06:46:28,419 LT1-thread root DEBUG btp.py                    654   core_reg_svc_rsp_succ     : 
2026-10-09 06:46:28,419 LT1-thread root DEBUG iutctl_common.py          339   read                      : 
2026-10-09 06:46:28,459 BTPWorkerThread-28319 (_rx_task) root DEBUG iutctl_common.py          123   read                      : Read 5 bytes
2026-10-09 06:46:28,470 BTPWorkerThread-28319 (_rx_task) root DEBUG iutctl_common.py          131   read                      : Received: hdr: Header(svc_id=0x00, op=0x03, ctrl_index=0xff, data_len=0x00) bytearray(b'\x00\x03\xff\x00\x00')
2026-10-09 06:46:28,475 BTPWorkerThread-28319 (_rx_task) root DEBUG iutctl_common.py          154   read                      : Received data: {''}, bytearray(b'')
2026-10-09 06:46:28,485 LT1-thread root DEBUG btp.py                    665   core_reg_svc_rsp_succ     : received Header(svc_id=0, op=3, ctrl_index=255, data_len=0) (b'',)
2026-10-09 06:46:28,485 LT1-thread root DEBUG btp.py                    666   core_reg_svc_rsp_succ     : expected ((0, 3, 255, 0), (b'',))
2026-10-09 06:46:28,485 LT1-thread root DEBUG btp.py                    671   core_reg_svc_rsp_succ     : response is valid
2026-10-09 06:46:28,485 LT1-thread root DEBUG btp.py                    674   core_reg_svc_rsp_succ     : Reading supported commands for service: L2CAP
2026-10-09 06:46:28,485 LT1-thread root DEBUG iutctl_common.py          161   send                      : 3 1 255 ''
2026-10-09 06:46:28,485 LT1-thread root DEBUG iutctl_common.py          166   send                      : sending frame '0301ff0000'
2026-10-09 06:46:28,485 LT1-thread root DEBUG iutctl_common.py          339   read                      : 
2026-10-09 06:46:28,520 BTPWorkerThread-28319 (_rx_task) root DEBUG iutctl_common.py          123   read                      : Read 5 bytes
2026-10-09 06:46:28,526 BTPWorkerThread-28319 (_rx_task) root DEBUG iutctl_common.py          131   read                      : Received: hdr: Header(svc_id=0x03, op=0x01, ctrl_index=0xff, data_len=0x02) bytearray(b'\x03\x01\xff\x02\x00')
2026-10-09 06:46:28,536 BTPWorkerThread-28319 (_rx_task) root DEBUG iutctl_common.py          139   read                      : Read 2 bytes data
2026-10-09 06:46:28,541 BTPWorkerThread-28319 (_rx_task) root DEBUG iutctl_common.py          154   read                      : Received data: {'be 1f'}, bytearray(b'\xbe\x1f')
2026-10-09 06:46:28,546 LT1-thread root DEBUG testcase.py               254   start                     : Starting test function: class=<class 'autopts.ptsprojects.testcase.TestFunc'>, func=<function gap_read_controller_info at 0x000002C684E6EB60> start_wid=None stop_wid=None post_wid=None skip_call=None call_count=88 args=() kwds={}
2026-10-09 06:46:28,546 LT1-thread root DEBUG testcase.py               266   start                     : Test function parameters: args=(), kwds={}
2026-10-09 06:46:28,546 LT1-thread root DEBUG gap.py                    1163  gap_read_controller_info  : 
2026-10-09 06:46:28,546 LT1-thread root DEBUG iutctl_common.py          161   send                      : 1 3 0 ''
2026-10-09 06:46:28,546 LT1-thread root DEBUG iutctl_common.py          166   send                      : sending frame '0103000000'
2026-10-09 06:46:28,546 LT1-thread root DEBUG iutctl_common.py          339   read                      : 
2026-10-09 06:46:28,583 BTPWorkerThread-28319 (_rx_task) root DEBUG iutctl_common.py          123   read                      : Read 5 bytes
2026-10-09 06:46:28,594 BTPWorkerThread-28319 (_rx_task) root DEBUG iutctl_common.py          131   read                      : Received: hdr: Header(svc_id=0x01, op=0x03, ctrl_index=0x00, data_len=0x115) bytearray(b'\x01\x03\x00\x15\x01')
2026-10-09 06:46:28,610 BTPWorkerThread-28319 (_rx_task) root DEBUG iutctl_common.py          139   read                      : Read 277 bytes data
2026-10-09 06:46:28,621 BTPWorkerThread-28319 (_rx_task) root DEBUG iutctl_common.py          154   read                      : Received data: {'19 78 ee 69 17 d0 d3 06 02 00 13 02 00 00 00 00 00 62 74 70 5f 74 65 73 74 65 72 00 00 00 00 00 00 00 00 00 00 00 00 00 00 00 00 00 00 00 00 00 00 00 00 00 00 00 00 00 00 00 00 00 00 00 00 00 00 00 00 00 00 00 00 00 00 00 00 00 00 00 00 00 00 00 00 00 00 00 00 00 00 00 00 00 00 00 00 00 00 00 00 00 00 00 00 00 00 00 00 00 00 00 00 00 00 00 00 00 00 00 00 00 00 00 00 00 00 00 00 00 00 00 00 00 00 00 00 00 00 00 00 00 00 00 00 00 00 00 00 00 00 00 00 00 00 00 00 00 00 00 00 00 00 00 00 00 00 00 00 00 00 00 00 00 00 00 00 00 00 00 00 00 00 00 00 00 00 00 00 00 00 00 00 00 00 00 00 00 00 00 00 00 00 00 00 00 00 00 00 00 00 00 00 00 00 00 00 00 00 00 00 00 00 00 00 00 00 00 00 00 00 00 00 00 00 00 00 00 00 00 00 00 00 00 00 00 00 00 00 00 00 00 00 00 00 00 00 00 00 00 00 00 00 00 00 00 00 00 00 00 00 00 00 00 00 00 00 00 00'}, bytearray(b'\x19x\xeei\x17\xd0\xd3\x06\x02\x00\x13\x02\x00\x00\x00\x00\x00btp_tester\x00\x00\x00\x00\x00\x00\x00\x00\x00\x00\x00\x00\x00\x00\x00\x00\x00\x00\x00\x00\x00\x00\x00\x00\x00\x00\x00\x00\x00\x00\x00\x00\x00\x00\x00\x00\x00\x00\x00\x00\x00\x00\x00\x00\x00\x00\x00\x00\x00\x00\x00\x00\x00\x00\x00\x00\x00\x00\x00\x00\x00\x00\x00\x00\x00\x00\x00\x00\x00\x00\x00\x00\x00\x00\x00\x00\x00\x00\x00\x00\x00\x00\x00\x00\x00\x00\x00\x00\x00\x00\x00\x00\x00\x00\x00\x00\x00\x00\x00\x00\x00\x00\x00\x00\x00\x00\x00\x00\x00\x00\x00\x00\x00\x00\x00\x00\x00\x00\x00\x00\x00\x00\x00\x00\x00\x00\x00\x00\x00\x00\x00\x00\x00\x00\x00\x00\x00\x00\x00\x00\x00\x00\x00\x00\x00\x00\x00\x00\x00\x00\x00\x00\x00\x00\x00\x00\x00\x00\x00\x00\x00\x00\x00\x00\x00\x00\x00\x00\x00\x00\x00\x00\x00\x00\x00\x00\x00\x00\x00\x00\x00\x00\x00\x00\x00\x00\x00\x00\x00\x00\x00\x00\x00\x00\x00\x00\x00\x00\x00\x00\x00\x00\x00\x00\x00\x00\x00\x00\x00\x00\x00\x00\x00\x00\x00\x00\x00\x00\x00\x00\x00\x00\x00\x00\x00\x00\x00\x00\x00\x00\x00\x00\x00\x00\x00\x00\x00\x00\x00\x00\x00\x00\x00\x00\x00\x00\x00\x00\x00\x00')
2026-10-09 06:46:28,632 LT1-thread root DEBUG gap.py                    1170  gap_read_controller_info  : received Header(svc_id=1, op=3, ctrl_index=0, data_len=277) (b'\x19x\xeei\x17\xd0\xd3\x06\x02\x00\x13\x02\x00\x00\x00\x00\x00btp_tester\x00\x00\x00\x00\x00\x00\x00\x00\x00\x00\x00\x00\x00\x00\x00\x00\x00\x00\x00\x00\x00\x00\x00\x00\x00\x00\x00\x00\x00\x00\x00\x00\x00\x00\x00\x00\x00\x00\x00\x00\x00\x00\x00\x00\x00\x00\x00\x00\x00\x00\x00\x00\x00\x00\x00\x00\x00\x00\x00\x00\x00\x00\x00\x00\x00\x00\x00\x00\x00\x00\x00\x00\x00\x00\x00\x00\x00\x00\x00\x00\x00\x00\x00\x00\x00\x00\x00\x00\x00\x00\x00\x00\x00\x00\x00\x00\x00\x00\x00\x00\x00\x00\x00\x00\x00\x00\x00\x00\x00\x00\x00\x00\x00\x00\x00\x00\x00\x00\x00\x00\x00\x00\x00\x00\x00\x00\x00\x00\x00\x00\x00\x00\x00\x00\x00\x00\x00\x00\x00\x00\x00\x00\x00\x00\x00\x00\x00\x00\x00\x00\x00\x00\x00\x00\x00\x00\x00\x00\x00\x00\x00\x00\x00\x00\x00\x00\x00\x00\x00\x00\x00\x00\x00\x00\x00\x00\x00\x00\x00\x00\x00\x00\x00\x00\x00\x00\x00\x00\x00\x00\x00\x00\x00\x00\x00\x00\x00\x00\x00\x00\x00\x00\x00\x00\x00\x00\x00\x00\x00\x00\x00\x00\x00\x00\x00\x00\x00\x00\x00\x00\x00\x00\x00\x00\x00\x00\x00\x00\x00\x00\x00\x00\x00\x00\x00\x00\x00\x00\x00\x00\x00\x00\x00\x00\x00\x00\x00\x00\x00\x00',)
2026-10-09 06:46:28,632 LT1-thread root DEBUG gap.py                    1191  gap_read_controller_info  : IUT address 'd01769ee7819' 'public'
2026-10-09 06:46:28,632 LT1-thread root DEBUG gap.py                    596   __gap_current_settings_update : 531
2026-10-09 06:46:28,632 LT1-thread root DEBUG testcase.py               254   start                     : Starting test function: class=<class 'autopts.ptsprojects.testcase.TestFunc'>, func=<function test_cases.<locals>.<lambda> at 0x000002C687BC3380> start_wid=None stop_wid=None post_wid=None skip_call=None call_count=88 args=() kwds={}
2026-10-09 06:46:28,632 LT1-thread root DEBUG testcase.py               266   start                     : Test function parameters: args=(), kwds={}
2026-10-09 06:46:28,636 LT1-thread root DEBUG testcase.py               254   start                     : Starting test function: class=<class 'autopts.ptsprojects.testcase.TestFunc'>, func=<function test_cases.<locals>.<lambda> at 0x000002C687C134C0> start_wid=None stop_wid=None post_wid=None skip_call=None call_count=88 args=() kwds={}
2026-10-09 06:46:28,636 LT1-thread root DEBUG testcase.py               266   start                     : Test function parameters: args=(), kwds={}
2026-10-09 06:46:28,641 LT1-thread root DEBUG testcase.py               254   start                     : Starting test function: class=<class 'autopts.ptsprojects.testcase.TestFunc'>, func=<function test_cases.<locals>.<lambda> at 0x000002C687C13A60> start_wid=None stop_wid=None post_wid=None skip_call=None call_count=88 args=() kwds={}
2026-10-09 06:46:28,641 LT1-thread root DEBUG testcase.py               266   start                     : Test function parameters: args=(), kwds={}
2026-10-09 06:46:28,645 LT1-thread root DEBUG testcase.py               254   start                     : Starting test function: class=<class 'autopts.ptsprojects.testcase.TestFunc'>, func=<function test_cases.<locals>.<lambda> at 0x000002C687C13D80> start_wid=None stop_wid=None post_wid=None skip_call=None call_count=88 args=() kwds={}
2026-10-09 06:46:28,645 LT1-thread root DEBUG testcase.py               266   start                     : Test function parameters: args=(), kwds={}
2026-10-09 06:46:28,648 LT1-thread root DEBUG testcase.py               254   start                     : Starting test function: class=<class 'autopts.ptsprojects.testcase.TestFunc'>, func=<function test_cases.<locals>.<lambda> at 0x000002C687C322A0> start_wid=None stop_wid=None post_wid=None skip_call=None call_count=88 args=() kwds={}
2026-10-09 06:46:28,648 LT1-thread root DEBUG testcase.py               266   start                     : Test function parameters: args=(), kwds={}
2026-10-09 06:46:28,651 LT1-thread root DEBUG testcase.py               254   start                     : Starting test function: class=<class 'autopts.ptsprojects.testcase.TestFunc'>, func=<function test_cases.<locals>.<lambda> at 0x000002C687C31440> start_wid=None stop_wid=None post_wid=None skip_call=None call_count=88 args=() kwds={}
2026-10-09 06:46:28,651 LT1-thread root DEBUG testcase.py               266   start                     : Test function parameters: args=(), kwds={}
2026-10-09 06:46:28,655 LT1-thread root DEBUG testcase.py               254   start                     : Starting test function: class=<class 'autopts.ptsprojects.testcase.TestFunc'>, func=<function test_cases.<locals>.<lambda> at 0x000002C687C313A0> start_wid=None stop_wid=None post_wid=None skip_call=None call_count=88 args=() kwds={}
2026-10-09 06:46:28,655 LT1-thread root DEBUG testcase.py               266   start                     : Test function parameters: args=(), kwds={}
2026-10-09 06:46:28,658 LT1-thread root DEBUG testcase.py               254   start                     : Starting test function: class=<class 'autopts.ptsprojects.testcase.TestFunc'>, func=<function test_cases.<locals>.<lambda> at 0x000002C687C32F20> start_wid=None stop_wid=None post_wid=None skip_call=None call_count=88 args=() kwds={}
2026-10-09 06:46:28,658 LT1-thread root DEBUG testcase.py               266   start                     : Test function parameters: args=(), kwds={}
2026-10-09 06:46:28,661 LT1-thread root DEBUG testcase.py               254   start                     : Starting test function: class=<class 'autopts.ptsprojects.testcase.TestFunc'>, func=<function test_cases.<locals>.<lambda> at 0x000002C687C32FC0> start_wid=None stop_wid=None post_wid=None skip_call=None call_count=88 args=() kwds={}
2026-10-09 06:46:28,661 LT1-thread root DEBUG testcase.py               266   start                     : Test function parameters: args=(), kwds={}
2026-10-09 06:46:28,664 LT1-thread root DEBUG testcase.py               254   start                     : Starting test function: class=<class 'autopts.ptsprojects.testcase.TestFunc'>, func=<function test_cases.<locals>.<lambda> at 0x000002C687C33060> start_wid=None stop_wid=None post_wid=None skip_call=None call_count=88 args=() kwds={}
2026-10-09 06:46:28,665 LT1-thread root DEBUG testcase.py               266   start                     : Test function parameters: args=(), kwds={}
2026-10-09 06:46:28,668 LT1-thread root DEBUG testcase.py               254   start                     : Starting test function: class=<class 'autopts.ptsprojects.testcase.TestFunc'>, func=<function test_cases.<locals>.<lambda> at 0x000002C687C33100> start_wid=None stop_wid=None post_wid=None skip_call=None call_count=88 args=() kwds={}
2026-10-09 06:46:28,668 LT1-thread root DEBUG testcase.py               266   start                     : Test function parameters: args=(), kwds={}
2026-10-09 06:46:28,671 LT1-thread root DEBUG testcase.py               254   start                     : Starting test function: class=<class 'autopts.ptsprojects.testcase.TestFunc'>, func=<function set_pts_addr at 0x000002C684E2DD00> start_wid=None stop_wid=None post_wid=None skip_call=None call_count=88 args=('00:1B:DC:08:E4:4E', 0) kwds={}
2026-10-09 06:46:28,671 LT1-thread root DEBUG testcase.py               266   start                     : Test function parameters: args=('00:1B:DC:08:E4:4E', 0), kwds={}
2026-10-09 06:46:28,672 LT1-thread root DEBUG testcase.py               254   start                     : Starting test function: class=<class 'autopts.ptsprojects.testcase.TestFunc'>, func=<function test_cases.<locals>.<lambda> at 0x000002C687C331A0> start_wid=None stop_wid=None post_wid=None skip_call=None call_count=69 args=() kwds={}
2026-10-09 06:46:28,672 LT1-thread root DEBUG testcase.py               266   start                     : Test function parameters: args=(), kwds={}
2026-10-09 06:46:28,675 LT1-thread root DEBUG testcase.py               254   start                     : Starting test function: class=<class 'autopts.ptsprojects.testcase.TestFunc'>, func=<function test_cases.<locals>.<lambda> at 0x000002C687C33240> start_wid=None stop_wid=None post_wid=None skip_call=None call_count=69 args=() kwds={}
2026-10-09 06:46:28,675 LT1-thread root DEBUG testcase.py               266   start                     : Test function parameters: args=(), kwds={}
2026-10-09 06:46:28,678 LT1-thread root DEBUG testcase.py               254   start                     : Starting test function: class=<class 'autopts.ptsprojects.testcase.TestFunc'>, func=<function test_cases.<locals>.<lambda> at 0x000002C687C332E0> start_wid=None stop_wid=None post_wid=None skip_call=None call_count=69 args=() kwds={}
2026-10-09 06:46:28,678 LT1-thread root DEBUG testcase.py               266   start                     : Test function parameters: args=(), kwds={}
2026-10-09 06:46:28,682 LT1-thread root DEBUG testcase.py               254   start                     : Starting test function: class=<class 'autopts.ptsprojects.testcase.TestFunc'>, func=<function test_cases.<locals>.<lambda> at 0x000002C687C33380> start_wid=None stop_wid=None post_wid=None skip_call=None call_count=69 args=() kwds={}
2026-10-09 06:46:28,682 LT1-thread root DEBUG testcase.py               266   start                     : Test function parameters: args=(), kwds={}
2026-10-09 06:46:28,685 LT1-thread root DEBUG testcase.py               254   start                     : Starting test function: class=<class 'autopts.ptsprojects.testcase.TestFunc'>, func=<function gap_set_io_capability at 0x000002C684E6E020> start_wid=None stop_wid=None post_wid=None skip_call=None call_count=69 args=(3,) kwds={}
2026-10-09 06:46:28,685 LT1-thread root DEBUG testcase.py               266   start                     : Test function parameters: args=(3,), kwds={}
2026-10-09 06:46:28,685 LT1-thread root DEBUG gap.py                    861   gap_set_io_capability     : 3
2026-10-09 06:46:28,685 LT1-thread root DEBUG iutctl_common.py          161   send                      : 1 16 0 '\x03'
2026-10-09 06:46:28,685 LT1-thread root DEBUG iutctl_common.py          166   send                      : sending frame '011000010003'
2026-10-09 06:46:28,685 LT1-thread root DEBUG gap.py                    1229  gap_command_rsp_succ      : 
2026-10-09 06:46:28,685 LT1-thread root DEBUG iutctl_common.py          339   read                      : 
2026-10-09 06:46:28,713 BTPWorkerThread-28319 (_rx_task) root DEBUG iutctl_common.py          123   read                      : Read 5 bytes
2026-10-09 06:46:28,724 BTPWorkerThread-28319 (_rx_task) root DEBUG iutctl_common.py          131   read                      : Received: hdr: Header(svc_id=0x01, op=0x10, ctrl_index=0x00, data_len=0x00) bytearray(b'\x01\x10\x00\x00\x00')
2026-10-09 06:46:28,724 BTPWorkerThread-28319 (_rx_task) root DEBUG iutctl_common.py          154   read                      : Received data: {''}, bytearray(b'')
2026-10-09 06:46:28,735 LT1-thread root DEBUG gap.py                    1234  gap_command_rsp_succ      : received Header(svc_id=1, op=16, ctrl_index=0, data_len=0) (b'',)
2026-10-09 06:46:28,735 LT1-thread root DEBUG testcase.py               254   start                     : Starting test function: class=<class 'autopts.ptsprojects.testcase.TestFunc'>, func=<bound method Stack.l2cap_init of <autopts.ptsprojects.stack.stack.Stack object at 0x000002C6862F6F00>> start_wid=None stop_wid=None post_wid=None skip_call=None call_count=69 args=(4097, 120) kwds={}
2026-10-09 06:46:28,735 LT1-thread root DEBUG testcase.py               266   start                     : Test function parameters: args=(4097, 120), kwds={}
2026-10-09 06:46:28,735 LT1-thread root DEBUG testcase.py               254   start                     : Starting test function: class=<class 'autopts.ptsprojects.testcase.TestFunc'>, func=<function l2cap_br_listen_v2 at 0x000002C684ED4AE0> start_wid=None stop_wid=None post_wid=None skip_call=None call_count=12 args=(4097, 120, 4, 3) kwds={}
2026-10-09 06:46:28,735 LT1-thread root DEBUG testcase.py               266   start                     : Test function parameters: args=(4097, 120, 4, 3), kwds={}
2026-10-09 06:46:28,736 LT1-thread root DEBUG l2cap.py                  237   l2cap_listen_v2           : 4097 0 120 4 3 0
2026-10-09 06:46:28,736 LT1-thread root DEBUG iutctl_common.py          161   send                      : 3 12 0 "bytearray(b'\\x01\\x10\\x00x\\x00\\x04\\x00\\x03\\x00\\x00\\x00\\x00')"
2026-10-09 06:46:28,736 LT1-thread root DEBUG iutctl_common.py          166   send                      : sending frame '030c000c00011000780004000300000000'
2026-10-09 06:46:28,736 LT1-thread root DEBUG l2cap.py                  56    l2cap_command_rsp_succ    : 
2026-10-09 06:46:28,736 LT1-thread root DEBUG iutctl_common.py          339   read                      : 
2026-10-09 06:46:28,771 BTPWorkerThread-28319 (_rx_task) root DEBUG iutctl_common.py          123   read                      : Read 5 bytes
2026-10-09 06:46:28,776 BTPWorkerThread-28319 (_rx_task) root DEBUG iutctl_common.py          131   read                      : Received: hdr: Header(svc_id=0x03, op=0x0c, ctrl_index=0x00, data_len=0x00) bytearray(b'\x03\x0c\x00\x00\x00')
2026-10-09 06:46:28,781 BTPWorkerThread-28319 (_rx_task) root DEBUG iutctl_common.py          154   read                      : Received data: {''}, bytearray(b'')
2026-10-09 06:46:28,781 LT1-thread root DEBUG l2cap.py                  61    l2cap_command_rsp_succ    : received Header(svc_id=3, op=12, ctrl_index=0, data_len=0) (b'',)
2026-10-09 06:46:28,783 LT1-thread root DEBUG client.py                 276   get_result                : ClientCallback.get_result run_test_case
2026-10-09 06:46:30,359 LT1-callback ClientCallback.on_implicit_send INFO client.py                 223   on_implicit_send          : 
    ********************
    BEGIN OnImplicitSend:
    project_name: L2CAP
    wid: 15
    test_case_name: L2CAP/ERM/BV-03-C
    description: Action: Place the IUT in connectable mode.

Description : PTS requires that the IUT be in connectable mode.The PTS will attempt to establish an ACL connection.
    style: MMI_Style_Ok_Cancel1 0x11041
2026-10-09 06:46:30,359 LT1-callback ClientCallback.on_implicit_send INFO client.py                 236   on_implicit_send          : Calling test cases on_implicit_send
2026-10-09 06:46:30,359 LT1-callback ClientCallback.on_implicit_send INFO client.py                 249   on_implicit_send          : 
    on_implicit_send returned response: WAIT
    END OnImplicitSend
    ********************
2026-10-09 06:46:30,783 LT1-thread root DEBUG testcase.py               679   run_wid                   : L2CAP L2CAP/ERM/BV-03-C on_implicit_send
2026-10-09 06:46:30,783 LT1-thread root DEBUG l2cap.py                  30    l2cap_wid_hdl             : l2cap_wid_hdl, 15, Action: Place the IUT in connectable mode.

Description : PTS requires that the IUT be in connectable mode.The PTS will attempt to establish an ACL connection., L2CAP/ERM/BV-03-C
2026-10-09 06:46:30,783 LT1-thread root DEBUG gap.py                    984   gap_set_connectable       : 
2026-10-09 06:46:30,784 LT1-thread root DEBUG gap.py                    1035  gap_set_general_discoverable : 
2026-10-09 06:46:30,784 LT1-thread root DEBUG iutctl_common.py          161   send                      : 1 8 0 '1'
2026-10-09 06:46:30,784 LT1-thread root DEBUG iutctl_common.py          166   send                      : sending frame '010800010001'
2026-10-09 06:46:30,784 LT1-thread root DEBUG gap.py                    1229  gap_command_rsp_succ      : 
2026-10-09 06:46:30,784 LT1-thread root DEBUG iutctl_common.py          339   read                      : 
2026-10-09 06:46:30,838 BTPWorkerThread-28319 (_rx_task) root DEBUG iutctl_common.py          123   read                      : Read 5 bytes
2026-10-09 06:46:30,843 BTPWorkerThread-28319 (_rx_task) root DEBUG iutctl_common.py          131   read                      : Received: hdr: Header(svc_id=0x01, op=0x08, ctrl_index=0x00, data_len=0x04) bytearray(b'\x01\x08\x00\x04\x00')
2026-10-09 06:46:30,855 BTPWorkerThread-28319 (_rx_task) root DEBUG iutctl_common.py          139   read                      : Read 4 bytes data
2026-10-09 06:46:30,861 BTPWorkerThread-28319 (_rx_task) root DEBUG iutctl_common.py          154   read                      : Received data: {'1b 02 00 00'}, bytearray(b'\x1b\x02\x00\x00')
2026-10-09 06:46:30,867 LT1-thread root DEBUG gap.py                    1234  gap_command_rsp_succ      : received Header(svc_id=1, op=8, ctrl_index=0, data_len=4) (b'\x1b\x02\x00\x00',)
2026-10-09 06:46:30,867 LT1-thread root DEBUG gap.py                    596   __gap_current_settings_update : (b'\x1b\x02\x00\x00',)
2026-10-09 06:46:30,867 LT1-thread root DEBUG gap.py                    650   gap_start_advertising     : {9: b'Tester_08E44E'} None
2026-10-09 06:46:30,867 LT1-thread root DEBUG iutctl_common.py          161   send                      : 1 10 0 "bytearray(b'\\x0f\\x00\\t\\rTester_08E44E\\xff\\xff\\xff\\xff\\x00')"
2026-10-09 06:46:30,867 LT1-thread root DEBUG iutctl_common.py          166   send                      : sending frame '010a0016000f00090d5465737465725f303845343445ffffffff00'
2026-10-09 06:46:30,868 LT1-thread root DEBUG gap.py                    1229  gap_command_rsp_succ      : 
2026-10-09 06:46:30,868 LT1-thread root DEBUG iutctl_common.py          339   read                      : 
2026-10-09 06:46:30,897 BTPWorkerThread-28319 (_rx_task) root DEBUG iutctl_common.py          123   read                      : Read 5 bytes
2026-10-09 06:46:30,908 BTPWorkerThread-28319 (_rx_task) root DEBUG iutctl_common.py          131   read                      : Received: hdr: Header(svc_id=0x01, op=0x0a, ctrl_index=0x00, data_len=0x04) bytearray(b'\x01\n\x00\x04\x00')
2026-10-09 06:46:30,913 BTPWorkerThread-28319 (_rx_task) root DEBUG iutctl_common.py          139   read                      : Read 4 bytes data
2026-10-09 06:46:30,913 BTPWorkerThread-28319 (_rx_task) root DEBUG iutctl_common.py          154   read                      : Received data: {'1b 06 00 00'}, bytearray(b'\x1b\x06\x00\x00')
2026-10-09 06:46:30,919 LT1-thread root DEBUG gap.py                    1234  gap_command_rsp_succ      : received Header(svc_id=1, op=10, ctrl_index=0, data_len=4) (b'\x1b\x06\x00\x00',)
2026-10-09 06:46:30,919 LT1-thread root DEBUG gap.py                    596   __gap_current_settings_update : (b'\x1b\x06\x00\x00',)
2026-10-09 06:46:30,919 LT1-thread root DEBUG testcase.py               722   run_wid                   : Sending response 'OK' to wid 15 test case L2CAP/ERM/BV-03-C
2026-10-09 06:46:30,921 LT1-thread root DEBUG client.py                 276   get_result                : ClientCallback.get_result run_test_case
2026-10-09 06:46:30,943 BTPWorkerThread-28319 (_rx_task) root DEBUG iutctl_common.py          123   read                      : Read 5 bytes
2026-10-09 06:46:30,943 BTPWorkerThread-28319 (_rx_task) root DEBUG iutctl_common.py          131   read                      : Received: hdr: Header(svc_id=0x01, op=0x82, ctrl_index=0x00, data_len=0x0d) bytearray(b'\x01\x82\x00\r\x00')
2026-10-09 06:46:30,943 BTPWorkerThread-28319 (_rx_task) root DEBUG iutctl_common.py          139   read                      : Read 13 bytes data
2026-10-09 06:46:30,944 BTPWorkerThread-28319 (_rx_task) root DEBUG iutctl_common.py          154   read                      : Received data: {'e0 4e e4 08 dc 1b 00 00 00 00 00 00 00'}, bytearray(b'\xe0N\xe4\x08\xdc\x1b\x00\x00\x00\x00\x00\x00\x00')
2026-10-09 06:46:30,944 BTPWorkerThread-28319 (_rx_task) root DEBUG btp.py                    736   event_handler             : Header(svc_id=1, op=130, ctrl_index=0, data_len=13) (b'\xe0N\xe4\x08\xdc\x1b\x00\x00\x00\x00\x00\x00\x00',)
2026-10-09 06:46:30,944 BTPWorkerThread-28319 (_rx_task) root DEBUG gap.py                    215   gap_connected_ev_         : b'\xe0N\xe4\x08\xdc\x1b\x00\x00\x00\x00\x00\x00\x00'
2026-10-09 06:46:30,944 BTPWorkerThread-28319 (_rx_task) root DEBUG iutctl_common.py          123   read                      : Read 5 bytes
2026-10-09 06:46:30,944 BTPWorkerThread-28319 (_rx_task) root DEBUG iutctl_common.py          131   read                      : Received: hdr: Header(svc_id=0x01, op=0x80, ctrl_index=0x00, data_len=0x04) bytearray(b'\x01\x80\x00\x04\x00')
2026-10-09 06:46:30,944 BTPWorkerThread-28319 (_rx_task) root DEBUG iutctl_common.py          139   read                      : Read 4 bytes data
2026-10-09 06:46:30,944 BTPWorkerThread-28319 (_rx_task) root DEBUG iutctl_common.py          154   read                      : Received data: {'1b 02 00 00'}, bytearray(b'\x1b\x02\x00\x00')
2026-10-09 06:46:30,944 BTPWorkerThread-28319 (_rx_task) root DEBUG btp.py                    736   event_handler             : Header(svc_id=1, op=128, ctrl_index=0, data_len=4) (b'\x1b\x02\x00\x00',)
2026-10-09 06:46:30,944 BTPWorkerThread-28319 (_rx_task) root DEBUG gap.py                    183   gap_new_settings_ev_      : b'\x1b\x02\x00\x00'
2026-10-09 06:46:30,944 BTPWorkerThread-28319 (_rx_task) root DEBUG gap.py                    596   __gap_current_settings_update : 539
2026-10-09 06:46:33,600 BTPWorkerThread-28319 (_rx_task) root DEBUG iutctl_common.py          123   read                      : Read 5 bytes
2026-10-09 06:46:33,600 BTPWorkerThread-28319 (_rx_task) root DEBUG iutctl_common.py          131   read                      : Received: hdr: Header(svc_id=0x01, op=0x91, ctrl_index=0x00, data_len=0x09) bytearray(b'\x01\x91\x00\t\x00')
2026-10-09 06:46:33,600 BTPWorkerThread-28319 (_rx_task) root DEBUG iutctl_common.py          139   read                      : Read 9 bytes data
2026-10-09 06:46:33,601 BTPWorkerThread-28319 (_rx_task) root DEBUG iutctl_common.py          154   read                      : Received data: {'e0 4e e4 08 dc 1b 00 01 10'}, bytearray(b'\xe0N\xe4\x08\xdc\x1b\x00\x01\x10')
2026-10-09 06:46:33,601 BTPWorkerThread-28319 (_rx_task) root DEBUG btp.py                    736   event_handler             : Header(svc_id=1, op=145, ctrl_index=0, data_len=9) (b'\xe0N\xe4\x08\xdc\x1b\x00\x01\x10',)
2026-10-09 06:46:33,601 BTPWorkerThread-28319 (_rx_task) root DEBUG gap.py                    494   gap_encryption_change_ev_ : 
2026-10-09 06:46:33,601 BTPWorkerThread-28319 (_rx_task) root DEBUG gap.py                    496   gap_encryption_change_ev_ : enc change received b'\xe0N\xe4\x08\xdc\x1b\x00\x01\x10'
2026-10-09 06:46:33,601 BTPWorkerThread-28319 (_rx_task) root DEBUG gap.py                    505   gap_encryption_change_ev_ : received (224, '001bdc08e44e', 1, 16)
2026-10-09 06:46:33,601 BTPWorkerThread-28319 (_rx_task) root DEBUG iutctl_common.py          123   read                      : Read 3 bytes
2026-10-09 06:46:33,612 BTPWorkerThread-28319 (_rx_task) root DEBUG iutctl_common.py          123   read                      : Read 2 bytes
2026-10-09 06:46:33,612 BTPWorkerThread-28319 (_rx_task) root DEBUG iutctl_common.py          131   read                      : Received: hdr: Header(svc_id=0x01, op=0x89, ctrl_index=0x00, data_len=0x08) bytearray(b'\x01\x89\x00\x08\x00')
2026-10-09 06:46:33,612 BTPWorkerThread-28319 (_rx_task) root DEBUG iutctl_common.py          139   read                      : Read 8 bytes data
2026-10-09 06:46:33,613 BTPWorkerThread-28319 (_rx_task) root DEBUG iutctl_common.py          154   read                      : Received data: {'e0 4e e4 08 dc 1b 00 02'}, bytearray(b'\xe0N\xe4\x08\xdc\x1b\x00\x02')
2026-10-09 06:46:33,613 BTPWorkerThread-28319 (_rx_task) root DEBUG btp.py                    736   event_handler             : Header(svc_id=1, op=137, ctrl_index=0, data_len=8) (b'\xe0N\xe4\x08\xdc\x1b\x00\x02',)
2026-10-09 06:46:33,613 BTPWorkerThread-28319 (_rx_task) root DEBUG gap.py                    300   gap_sec_level_changed_ev_ : 
2026-10-09 06:46:33,613 BTPWorkerThread-28319 (_rx_task) root DEBUG gap.py                    302   gap_sec_level_changed_ev_ : received b'\xe0N\xe4\x08\xdc\x1b\x00\x02'
2026-10-09 06:46:33,613 BTPWorkerThread-28319 (_rx_task) root DEBUG gap.py                    313   gap_sec_level_changed_ev_ : received (224, '001bdc08e44e', 2)
2026-10-09 06:46:33,742 LT1-callback ClientCallback.on_implicit_send INFO client.py                 223   on_implicit_send          : 
    ********************
    BEGIN OnImplicitSend:
    project_name: L2CAP
    wid: 116
    test_case_name: L2CAP/ERM/BV-03-C
    description: Please send Configure Response.
    style: MMI_Style_Ok_Cancel2 0x11141
2026-10-09 06:46:33,742 LT1-callback ClientCallback.on_implicit_send INFO client.py                 236   on_implicit_send          : Calling test cases on_implicit_send
2026-10-09 06:46:33,742 LT1-callback ClientCallback.on_implicit_send INFO client.py                 249   on_implicit_send          : 
    on_implicit_send returned response: WAIT
    END OnImplicitSend
    ********************
2026-10-09 06:46:33,773 BTPWorkerThread-28319 (_rx_task) root DEBUG iutctl_common.py          123   read                      : Read 5 bytes
2026-10-09 06:46:33,773 BTPWorkerThread-28319 (_rx_task) root DEBUG iutctl_common.py          131   read                      : Received: hdr: Header(svc_id=0x03, op=0x81, ctrl_index=0x00, data_len=0x12) bytearray(b'\x03\x81\x00\x12\x00')
2026-10-09 06:46:33,773 BTPWorkerThread-28319 (_rx_task) root DEBUG iutctl_common.py          139   read                      : Read 18 bytes data
2026-10-09 06:46:33,774 BTPWorkerThread-28319 (_rx_task) root DEBUG iutctl_common.py          154   read                      : Received data: {'02 15 01 30 00 30 00 c0 00 c0 00 e0 4e e4 08 dc 1b 00'}, bytearray(b'\x02\x15\x010\x000\x00\xc0\x00\xc0\x00\xe0N\xe4\x08\xdc\x1b\x00')
2026-10-09 06:46:33,774 BTPWorkerThread-28319 (_rx_task) root DEBUG btp.py                    736   event_handler             : Header(svc_id=3, op=129, ctrl_index=0, data_len=18) (b'\x02\x15\x010\x000\x00\xc0\x00\xc0\x00\xe0N\xe4\x08\xdc\x1b\x00',)
2026-10-09 06:46:33,774 BTPWorkerThread-28319 (_rx_task) root DEBUG l2cap.py                  384   l2cap_connected_ev        : b'\x02\x15\x010\x000\x00\xc0\x00\xc0\x00\xe0N\xe4\x08\xdc\x1b\x00' 18
2026-10-09 06:46:33,774 BTPWorkerThread-28319 (_rx_task) root DEBUG l2cap.py                  392   l2cap_connected_ev        : id:2 on psm:277, peer_mtu:48, peer_mps:48, our_mtu:192, our_mps:192, addr b'N\xe4\x08\xdc\x1b\x00' type 224
2026-10-09 06:46:33,784 BTPWorkerThread-28319 (_rx_task) root DEBUG iutctl_common.py          123   read                      : Read 5 bytes
2026-10-09 06:46:33,784 BTPWorkerThread-28319 (_rx_task) root DEBUG iutctl_common.py          131   read                      : Received: hdr: Header(svc_id=0x03, op=0x83, ctrl_index=0x00, data_len=0x10) bytearray(b'\x03\x83\x00\x10\x00')
2026-10-09 06:46:33,784 BTPWorkerThread-28319 (_rx_task) root DEBUG iutctl_common.py          139   read                      : Read 16 bytes data
2026-10-09 06:46:33,785 BTPWorkerThread-28319 (_rx_task) root DEBUG iutctl_common.py          154   read                      : Received data: {'02 0d 00 ad ad ad ad ad ad ad ad ad ad ad ad ad'}, bytearray(b'\x02\r\x00\xad\xad\xad\xad\xad\xad\xad\xad\xad\xad\xad\xad\xad')
2026-10-09 06:46:33,785 BTPWorkerThread-28319 (_rx_task) root DEBUG btp.py                    736   event_handler             : Header(svc_id=3, op=131, ctrl_index=0, data_len=16) (b'\x02\r\x00\xad\xad\xad\xad\xad\xad\xad\xad\xad\xad\xad\xad\xad',)
2026-10-09 06:46:33,785 BTPWorkerThread-28319 (_rx_task) root DEBUG l2cap.py                  411   l2cap_data_rcv_ev         : b'\x02\r\x00\xad\xad\xad\xad\xad\xad\xad\xad\xad\xad\xad\xad\xad' 16
2026-10-09 06:46:33,785 BTPWorkerThread-28319 (_rx_task) root DEBUG l2cap.py                  420   l2cap_data_rcv_ev         : id:2, data:b'adadadadadadadadadadadadad'
2026-10-09 06:46:33,817 BTPWorkerThread-28319 (_rx_task) root DEBUG iutctl_common.py          123   read                      : Read 5 bytes
2026-10-09 06:46:33,817 BTPWorkerThread-28319 (_rx_task) root DEBUG iutctl_common.py          131   read                      : Received: hdr: Header(svc_id=0x03, op=0x83, ctrl_index=0x00, data_len=0x0e) bytearray(b'\x03\x83\x00\x0e\x00')
2026-10-09 06:46:33,817 BTPWorkerThread-28319 (_rx_task) root DEBUG iutctl_common.py          139   read                      : Read 14 bytes data
2026-10-09 06:46:33,818 BTPWorkerThread-28319 (_rx_task) root DEBUG iutctl_common.py          154   read                      : Received data: {'02 0b 00 0f 0f 0f 0f 0f 0f 0f 0f 0f 0f 0f'}, bytearray(b'\x02\x0b\x00\x0f\x0f\x0f\x0f\x0f\x0f\x0f\x0f\x0f\x0f\x0f')
2026-10-09 06:46:33,818 BTPWorkerThread-28319 (_rx_task) root DEBUG btp.py                    736   event_handler             : Header(svc_id=3, op=131, ctrl_index=0, data_len=14) (b'\x02\x0b\x00\x0f\x0f\x0f\x0f\x0f\x0f\x0f\x0f\x0f\x0f\x0f',)
2026-10-09 06:46:33,818 BTPWorkerThread-28319 (_rx_task) root DEBUG l2cap.py                  411   l2cap_data_rcv_ev         : b'\x02\x0b\x00\x0f\x0f\x0f\x0f\x0f\x0f\x0f\x0f\x0f\x0f\x0f' 14
2026-10-09 06:46:33,818 BTPWorkerThread-28319 (_rx_task) root DEBUG l2cap.py                  420   l2cap_data_rcv_ev         : id:2, data:b'0f0f0f0f0f0f0f0f0f0f0f'
2026-10-09 06:46:33,827 BTPWorkerThread-28319 (_rx_task) root DEBUG iutctl_common.py          123   read                      : Read 5 bytes
2026-10-09 06:46:33,827 BTPWorkerThread-28319 (_rx_task) root DEBUG iutctl_common.py          131   read                      : Received: hdr: Header(svc_id=0x03, op=0x83, ctrl_index=0x00, data_len=0x12) bytearray(b'\x03\x83\x00\x12\x00')
2026-10-09 06:46:33,827 BTPWorkerThread-28319 (_rx_task) root DEBUG iutctl_common.py          139   read                      : Read 18 bytes data
2026-10-09 06:46:33,828 BTPWorkerThread-28319 (_rx_task) root DEBUG iutctl_common.py          154   read                      : Received data: {'02 0f 00 6a 6a 6a 6a 6a 6a 6a 6a 6a 6a 6a 6a 6a 6a 6a'}, bytearray(b'\x02\x0f\x00jjjjjjjjjjjjjjj')
2026-10-09 06:46:33,828 BTPWorkerThread-28319 (_rx_task) root DEBUG btp.py                    736   event_handler             : Header(svc_id=3, op=131, ctrl_index=0, data_len=18) (b'\x02\x0f\x00jjjjjjjjjjjjjjj',)
2026-10-09 06:46:33,828 BTPWorkerThread-28319 (_rx_task) root DEBUG l2cap.py                  411   l2cap_data_rcv_ev         : b'\x02\x0f\x00jjjjjjjjjjjjjjj' 18
2026-10-09 06:46:33,828 BTPWorkerThread-28319 (_rx_task) root DEBUG l2cap.py                  420   l2cap_data_rcv_ev         : id:2, data:b'6a6a6a6a6a6a6a6a6a6a6a6a6a6a6a'
2026-10-09 06:46:33,923 LT1-thread root DEBUG testcase.py               679   run_wid                   : L2CAP L2CAP/ERM/BV-03-C on_implicit_send
2026-10-09 06:46:33,923 LT1-thread root DEBUG l2cap.py                  30    l2cap_wid_hdl             : l2cap_wid_hdl, 116, Please send Configure Response., L2CAP/ERM/BV-03-C
2026-10-09 06:46:33,923 LT1-thread root DEBUG testcase.py               722   run_wid                   : Sending response 'OK' to wid 116 test case L2CAP/ERM/BV-03-C
2026-10-09 06:46:33,925 LT1-thread root DEBUG client.py                 276   get_result                : ClientCallback.get_result run_test_case
2026-10-09 06:46:33,927 LT1-callback ClientCallback.on_implicit_send INFO client.py                 223   on_implicit_send          : 
    ********************
    BEGIN OnImplicitSend:
    project_name: L2CAP
    wid: 128
    test_case_name: L2CAP/ERM/BV-03-C
    description: Please send a Poll BIT(P=1) using S-Frame.
    style: MMI_Style_Ok_Cancel2 0x11141
2026-10-09 06:46:33,927 LT1-callback ClientCallback.on_implicit_send INFO client.py                 236   on_implicit_send          : Calling test cases on_implicit_send
2026-10-09 06:46:33,927 LT1-callback ClientCallback.on_implicit_send INFO client.py                 249   on_implicit_send          : 
    on_implicit_send returned response: WAIT
    END OnImplicitSend
    ********************
2026-10-09 06:46:34,925 LT1-thread root DEBUG testcase.py               679   run_wid                   : L2CAP L2CAP/ERM/BV-03-C on_implicit_send
2026-10-09 06:46:34,925 LT1-thread root DEBUG l2cap.py                  30    l2cap_wid_hdl             : l2cap_wid_hdl, 128, Please send a Poll BIT(P=1) using S-Frame., L2CAP/ERM/BV-03-C
2026-10-09 06:46:34,925 LT1-thread root DEBUG testcase.py               722   run_wid                   : Sending response 'OK' to wid 128 test case L2CAP/ERM/BV-03-C
2026-10-09 06:46:34,927 LT1-thread root DEBUG client.py                 276   get_result                : ClientCallback.get_result run_test_case
2026-10-09 06:46:34,929 LT1-callback ClientCallback.on_implicit_send INFO client.py                 223   on_implicit_send          : 
    ********************
    BEGIN OnImplicitSend:
    project_name: L2CAP
    wid: 128
    test_case_name: L2CAP/ERM/BV-03-C
    description: Please send a Poll BIT(P=1) using S-Frame.
    style: MMI_Style_Ok_Cancel2 0x11141
2026-10-09 06:46:34,930 LT1-callback ClientCallback.on_implicit_send INFO client.py                 236   on_implicit_send          : Calling test cases on_implicit_send
2026-10-09 06:46:34,930 LT1-callback ClientCallback.on_implicit_send INFO client.py                 249   on_implicit_send          : 
    on_implicit_send returned response: WAIT
    END OnImplicitSend
    ********************
2026-10-09 06:46:35,927 LT1-thread root DEBUG testcase.py               679   run_wid                   : L2CAP L2CAP/ERM/BV-03-C on_implicit_send
2026-10-09 06:46:35,927 LT1-thread root DEBUG l2cap.py                  30    l2cap_wid_hdl             : l2cap_wid_hdl, 128, Please send a Poll BIT(P=1) using S-Frame., L2CAP/ERM/BV-03-C
2026-10-09 06:46:35,927 LT1-thread root DEBUG testcase.py               722   run_wid                   : Sending response 'OK' to wid 128 test case L2CAP/ERM/BV-03-C
2026-10-09 06:46:35,929 LT1-thread root DEBUG client.py                 276   get_result                : ClientCallback.get_result run_test_case
2026-10-09 06:46:35,931 LT1-callback ClientCallback.on_implicit_send INFO client.py                 223   on_implicit_send          : 
    ********************
    BEGIN OnImplicitSend:
    project_name: L2CAP
    wid: 128
    test_case_name: L2CAP/ERM/BV-03-C
    description: Please send a Poll BIT(P=1) using S-Frame.
    style: MMI_Style_Ok_Cancel2 0x11141
2026-10-09 06:46:35,932 LT1-callback ClientCallback.on_implicit_send INFO client.py                 236   on_implicit_send          : Calling test cases on_implicit_send
2026-10-09 06:46:35,932 LT1-callback ClientCallback.on_implicit_send INFO client.py                 249   on_implicit_send          : 
    on_implicit_send returned response: WAIT
    END OnImplicitSend
    ********************
2026-10-09 06:46:36,930 LT1-thread root DEBUG testcase.py               679   run_wid                   : L2CAP L2CAP/ERM/BV-03-C on_implicit_send
2026-10-09 06:46:36,930 LT1-thread root DEBUG l2cap.py                  30    l2cap_wid_hdl             : l2cap_wid_hdl, 128, Please send a Poll BIT(P=1) using S-Frame., L2CAP/ERM/BV-03-C
2026-10-09 06:46:36,930 LT1-thread root DEBUG testcase.py               722   run_wid                   : Sending response 'OK' to wid 128 test case L2CAP/ERM/BV-03-C
2026-10-09 06:46:36,932 LT1-thread root DEBUG client.py                 276   get_result                : ClientCallback.get_result run_test_case
2026-10-09 06:46:38,331 LT1-callback ClientCallback.on_implicit_send INFO client.py                 223   on_implicit_send          : 
    ********************
    BEGIN OnImplicitSend:
    project_name: L2CAP
    wid: 118
    test_case_name: L2CAP/ERM/BV-03-C
    description: Please send L2CAP Disconnection Response to PTS.
    style: MMI_Style_Ok_Cancel2 0x11141
2026-10-09 06:46:38,331 LT1-callback ClientCallback.on_implicit_send INFO client.py                 236   on_implicit_send          : Calling test cases on_implicit_send
2026-10-09 06:46:38,331 LT1-callback ClientCallback.on_implicit_send INFO client.py                 249   on_implicit_send          : 
    on_implicit_send returned response: WAIT
    END OnImplicitSend
    ********************
2026-10-09 06:46:38,336 BTPWorkerThread-28319 (_rx_task) root DEBUG iutctl_common.py          123   read                      : Read 5 bytes
2026-10-09 06:46:38,336 BTPWorkerThread-28319 (_rx_task) root DEBUG iutctl_common.py          131   read                      : Received: hdr: Header(svc_id=0x03, op=0x82, ctrl_index=0x00, data_len=0x0c) bytearray(b'\x03\x82\x00\x0c\x00')
2026-10-09 06:46:38,336 BTPWorkerThread-28319 (_rx_task) root DEBUG iutctl_common.py          139   read                      : Read 12 bytes data
2026-10-09 06:46:38,337 BTPWorkerThread-28319 (_rx_task) root DEBUG iutctl_common.py          154   read                      : Received data: {'00 00 02 00 00 e0 4e e4 08 dc 1b 00'}, bytearray(b'\x00\x00\x02\x00\x00\xe0N\xe4\x08\xdc\x1b\x00')
2026-10-09 06:46:38,337 BTPWorkerThread-28319 (_rx_task) root DEBUG btp.py                    736   event_handler             : Header(svc_id=3, op=130, ctrl_index=0, data_len=12) (b'\x00\x00\x02\x00\x00\xe0N\xe4\x08\xdc\x1b\x00',)
2026-10-09 06:46:38,337 BTPWorkerThread-28319 (_rx_task) root DEBUG l2cap.py                  399   l2cap_disconnected_ev     : b'\x00\x00\x02\x00\x00\xe0N\xe4\x08\xdc\x1b\x00' 12
2026-10-09 06:46:38,337 BTPWorkerThread-28319 (_rx_task) root DEBUG l2cap.py                  406   l2cap_disconnected_ev     : id:2 on psm:0, addr b'N\xe4\x08\xdc\x1b\x00' type 224, res 'Success'
2026-10-09 06:46:38,569 BTPWorkerThread-28319 (_rx_task) root DEBUG iutctl_common.py          123   read                      : Read 5 bytes
2026-10-09 06:46:38,570 BTPWorkerThread-28319 (_rx_task) root DEBUG iutctl_common.py          131   read                      : Received: hdr: Header(svc_id=0x01, op=0x83, ctrl_index=0x00, data_len=0x07) bytearray(b'\x01\x83\x00\x07\x00')
2026-10-09 06:46:38,570 BTPWorkerThread-28319 (_rx_task) root DEBUG iutctl_common.py          139   read                      : Read 7 bytes data
2026-10-09 06:46:38,570 BTPWorkerThread-28319 (_rx_task) root DEBUG iutctl_common.py          154   read                      : Received data: {'e0 4e e4 08 dc 1b 00'}, bytearray(b'\xe0N\xe4\x08\xdc\x1b\x00')
2026-10-09 06:46:38,570 BTPWorkerThread-28319 (_rx_task) root DEBUG btp.py                    736   event_handler             : Header(svc_id=1, op=131, ctrl_index=0, data_len=7) (b'\xe0N\xe4\x08\xdc\x1b\x00',)
2026-10-09 06:46:38,570 BTPWorkerThread-28319 (_rx_task) root DEBUG gap.py                    228   gap_disconnected_ev_      : b'\xe0N\xe4\x08\xdc\x1b\x00'
2026-10-09 06:46:38,933 LT1-thread root DEBUG testcase.py               679   run_wid                   : L2CAP L2CAP/ERM/BV-03-C on_implicit_send
2026-10-09 06:46:38,933 LT1-thread root DEBUG l2cap.py                  30    l2cap_wid_hdl             : l2cap_wid_hdl, 118, Please send L2CAP Disconnection Response to PTS., L2CAP/ERM/BV-03-C
2026-10-09 06:46:38,933 LT1-thread root DEBUG testcase.py               722   run_wid                   : Sending response 'OK' to wid 118 test case L2CAP/ERM/BV-03-C
2026-10-09 06:46:38,934 LT1-thread root DEBUG client.py                 276   get_result                : ClientCallback.get_result run_test_case
2026-10-09 06:46:41,452 LT1-callback ClientCallback.log INFO client.py                 200   log                       : PTS_LOGTYPE_START_TEST Start Test Case 

+141 ms
 L2CAP/ERM/BV-03-C L2CAP/ERM/BV-03-C

2026-10-09 06:46:41,821 LT1-callback ClientCallback.log INFO client.py                 200   log                       : PTS_LOGTYPE_FINAL_VERDICT Final Verdict 

+12438 ms
 L2CAP/ERM/BV-03-C PASS

2026-10-09 06:46:41,828 LT1-callback ClientCallback.log INFO client.py                 200   log                       : PTS_LOGTYPE_FINAL_VERDICT Encrypted Verdict 

+12438 ms
 L2CAP/ERM/BV-03-C A1#ZWY4MzQ5MDg3MmQwNTIxOGQzMzQ5YjY2ODA5M2MzNjQ5ZDY4NmY0Yjc2MzIzM2VkNTUyNTFhNGU4Mjg1MjI0NA==#PhTZdfeT3Xgb2hrEHsuhFeqzA6FFcv7BLeMCJqjJMSNpfy0xTzujM4JZSlhAGrew

2026-10-09 06:46:41,915 LT1-callback ClientCallback.log INFO client.py                 200   log                       : PTS_LOGTYPE_END_TEST Test Case Ended 

+12438 ms
 L2CAP/ERM/BV-03-C L2CAP/ERM/BV-03-C

2026-10-09 06:46:42,024 LT1-callback root DEBUG client.py                 261   set_result                : ClientCallback, set_result, run_test_case, PASS
2026-10-09 06:46:42,024 LT1-thread root DEBUG client.py                 1186  _run_test_case            : After run_test_case error_code=0 status='PASS'
2026-10-09 06:46:42,024 LT1-thread root DEBUG testcase.py               766   post_run                  : post_run L2CAP L2CAP/ERM/BV-03-C 0
2026-10-09 06:46:42,024 LT1-thread root DEBUG testcase.py               254   start                     : Starting test function: class=<class 'autopts.ptsprojects.testcase.TestFuncCleanUp'>, func=<bound method ZTestCase._test_case_cleanup of <autopts.ptsprojects.zephyr.ztestcase.ZTestCase object at 0x000002C687C8A690>> start_wid=None stop_wid=None post_wid=None skip_call=None call_count=1 args=() kwds={}
2026-10-09 06:46:42,024 LT1-thread root DEBUG testcase.py               266   start                     : Test function parameters: args=(), kwds={}
2026-10-09 06:46:42,025 LT1-thread root DEBUG iutctl.py                 415   stop                      : <class 'autopts.ptsprojects.zephyr.iutctl.create_zephyr_ctl_class.<locals>.ZephyrCtl'>.stop
2026-10-09 06:46:42,025 LT1-thread root DEBUG __init__.py               51    reset                     : About to reset DUT: JLink -CommandFile reset.jlink -usb 1063214216 -device MIMXRT1176XXXA_M7
2026-10-09 06:46:42,332 BTPWorkerThread-28319 (_rx_task) root DEBUG iutctl_common.py          123   read                      : Read 5 bytes
2026-10-09 06:46:42,332 BTPWorkerThread-28319 (_rx_task) root DEBUG iutctl_common.py          131   read                      : Received: hdr: Header(svc_id=0x00, op=0x80, ctrl_index=0xff, data_len=0x00) bytearray(b'\x00\x80\xff\x00\x00')
2026-10-09 06:46:42,332 BTPWorkerThread-28319 (_rx_task) root DEBUG iutctl_common.py          154   read                      : Received data: {''}, bytearray(b'')
2026-10-09 06:46:42,332 BTPWorkerThread-28319 (_rx_task) root DEBUG btp.py                    736   event_handler             : Header(svc_id=0, op=128, ctrl_index=255, data_len=0) (b'',)
2026-10-09 06:46:42,333 BTPWorkerThread-28319 (_rx_task) root DEBUG core.py                   23    core_iut_ready_ev         : 
2026-10-09 06:46:42,394 LT1-thread root DEBUG iutctl.py                 436   _stop_tty_mode            : IUT ready event received OK
2026-10-09 06:46:42,394 LT1-thread root DEBUG iutctl_common.py          416   close                     : Waiting for _rx_worker to finish ...
2026-10-09 06:46:43,333 BTPWorkerThread-28319 (_rx_task) root DEBUG iutctl_common.py          332   _rx_task                  : BTPWorkerThread-28319 (_rx_task) finishing...
2026-10-09 06:46:46,340 LT1-thread root DEBUG testcase.py               794   post_run                  : post_run, cleanup running post test case script
2026-10-09 06:46:46,340 LT1-thread root DEBUG testcase.py               802   post_run                  : post_run, run post test case script
2026-10-09 06:46:46,412 LT1-thread root DEBUG client.py                 1220  _run_test_case            : Done TestCase _run_test_case L2CAP L2CAP/ERM/BV-03-C
