2026-09-21 12:25:43,740 LT1-thread root DEBUG client.py                 1099  _run_test_case            : Starting TestCase _run_test_case OPP OPP/SR/OPH/BV-12-C
2026-09-21 12:25:43,740 LT1-thread root DEBUG testcase.py               727   pre_run                   : pre_run OPP OPP/SR/OPH/BV-12-C
2026-09-21 12:25:43,740 LT1-thread root DEBUG testcase.py               729   pre_run                   : About to run test case OPP OPP/SR/OPH/BV-12-C with commands:
2026-09-21 12:25:43,740 LT1-thread root DEBUG testcase.py               731   pre_run                   : 0) class=<class 'autopts.ptsprojects.testcase.TestFunc'>, func=<bound method ZTestCase._test_case_start of <autopts.ptsprojects.zephyr.ztestcase.ZTestCase object at 0x000001B5B54FD370>> start_wid=None stop_wid=None post_wid=None skip_call=None call_count=0 args=() kwds={}
2026-09-21 12:25:43,741 LT1-thread root DEBUG testcase.py               731   pre_run                   : 1) class=<class 'autopts.ptsprojects.testcase.TestFunc'>, func=<function core_reg_svc_gap at 0x000001B5B2B02D40> start_wid=None stop_wid=None post_wid=None skip_call=None call_count=46 args=() kwds={}
2026-09-21 12:25:43,741 LT1-thread root DEBUG testcase.py               731   pre_run                   : 2) class=<class 'autopts.ptsprojects.testcase.TestFunc'>, func=<bound method Stack.gap_init of <autopts.ptsprojects.stack.stack.Stack object at 0x000001B5B41B2AB0>> start_wid=None stop_wid=None post_wid=None skip_call=None call_count=46 args=(b'Tester_08E44E',) kwds={}
2026-09-21 12:25:43,741 LT1-thread root DEBUG testcase.py               731   pre_run                   : 3) class=<class 'autopts.ptsprojects.testcase.TestFunc'>, func=<function gap_read_controller_info at 0x000001B5B2B49C60> start_wid=None stop_wid=None post_wid=None skip_call=None call_count=46 args=() kwds={}
2026-09-21 12:25:43,741 LT1-thread root DEBUG testcase.py               731   pre_run                   : 4) class=<class 'autopts.ptsprojects.testcase.TestFunc'>, func=<function test_cases.<locals>.<lambda> at 0x000001B5B5475A80> start_wid=None stop_wid=None post_wid=None skip_call=None call_count=46 args=() kwds={}
2026-09-21 12:25:43,741 LT1-thread root DEBUG testcase.py               731   pre_run                   : 5) class=<class 'autopts.ptsprojects.testcase.TestFunc'>, func=<function set_pts_addr at 0x000001B5B2B028E0> start_wid=None stop_wid=None post_wid=None skip_call=None call_count=46 args=('00:1B:DC:08:E4:4E', 0) kwds={}
2026-09-21 12:25:43,741 LT1-thread root DEBUG testcase.py               731   pre_run                   : 6) class=<class 'autopts.ptsprojects.testcase.TestFunc'>, func=<function core_reg_svc_sdp at 0x000001B5B2B0C360> start_wid=None stop_wid=None post_wid=None skip_call=None call_count=46 args=() kwds={}
2026-09-21 12:25:43,741 LT1-thread root DEBUG testcase.py               731   pre_run                   : 7) class=<class 'autopts.ptsprojects.testcase.TestFunc'>, func=<bound method Stack.sdp_init of <autopts.ptsprojects.stack.stack.Stack object at 0x000001B5B41B2AB0>> start_wid=None stop_wid=None post_wid=None skip_call=None call_count=46 args=() kwds={}
2026-09-21 12:25:43,741 LT1-thread root DEBUG testcase.py               731   pre_run                   : 8) class=<class 'autopts.ptsprojects.testcase.TestFunc'>, func=<function core_reg_svc_rfcomm at 0x000001B5B2B0C400> start_wid=None stop_wid=None post_wid=None skip_call=None call_count=46 args=() kwds={}
2026-09-21 12:25:43,741 LT1-thread root DEBUG testcase.py               731   pre_run                   : 9) class=<class 'autopts.ptsprojects.testcase.TestFunc'>, func=<bound method Stack.rfcomm_init of <autopts.ptsprojects.stack.stack.Stack object at 0x000001B5B41B2AB0>> start_wid=None stop_wid=None post_wid=None skip_call=None call_count=46 args=() kwds={}
2026-09-21 12:25:43,741 LT1-thread root DEBUG testcase.py               731   pre_run                   : 10) class=<class 'autopts.ptsprojects.testcase.TestFunc'>, func=<function core_reg_svc_opp at 0x000001B5B2B0C4A0> start_wid=None stop_wid=None post_wid=None skip_call=None call_count=46 args=() kwds={}
2026-09-21 12:25:43,742 LT1-thread root DEBUG testcase.py               731   pre_run                   : 11) class=<class 'autopts.ptsprojects.testcase.TestFunc'>, func=<bound method Stack.opp_init of <autopts.ptsprojects.stack.stack.Stack object at 0x000001B5B41B2AB0>> start_wid=None stop_wid=None post_wid=None skip_call=None call_count=46 args=() kwds={}
2026-09-21 12:25:43,742 LT1-thread root DEBUG testcase.py               731   pre_run                   : 12) class=<class 'autopts.ptsprojects.testcase.TestFunc'>, func=<function gap_unpair at 0x000001B5B2B49300> start_wid=None stop_wid=None post_wid=None skip_call=None call_count=8 args=('00:1B:DC:08:E4:4E', 224) kwds={}
2026-09-21 12:25:43,742 LT1-thread root DEBUG testcase.py               731   pre_run                   : 13) class=<class 'autopts.ptsprojects.testcase.TestFunc'>, func=<function opp_server_register at 0x000001B5B2BE2DE0> start_wid=None stop_wid=None post_wid=None skip_call=None call_count=8 args=() kwds={}
2026-09-21 12:25:43,742 LT1-thread root DEBUG testcase.py               731   pre_run                   : 14) class=<class 'autopts.ptsprojects.testcase.TestFunc'>, func=<function gap_set_general_discoverable at 0x000001B5B2B49760> start_wid=None stop_wid=None post_wid=None skip_call=None call_count=8 args=() kwds={}
2026-09-21 12:25:43,742 LT1-thread root DEBUG testcase.py               731   pre_run                   : 15) class=<class 'autopts.ptsprojects.testcase.TestFuncCleanUp'>, func=<bound method ZTestCase._test_case_cleanup of <autopts.ptsprojects.zephyr.ztestcase.ZTestCase object at 0x000001B5B54FD370>> start_wid=None stop_wid=None post_wid=None skip_call=None call_count=0 args=() kwds={}
2026-09-21 12:25:43,742 LT1-thread root DEBUG testcase.py               738   pre_run                   : pre_run, run pre test case script
2026-09-21 12:25:43,749 LT1-thread root DEBUG testcase.py               254   start                     : Starting test function: class=<class 'autopts.ptsprojects.testcase.TestFunc'>, func=<bound method ZTestCase._test_case_start of <autopts.ptsprojects.zephyr.ztestcase.ZTestCase object at 0x000001B5B54FD370>> start_wid=None stop_wid=None post_wid=None skip_call=None call_count=1 args=() kwds={}
2026-09-21 12:25:43,749 LT1-thread root DEBUG testcase.py               266   start                     : Test function parameters: args=(), kwds={}
2026-09-21 12:25:43,749 LT1-thread root DEBUG iutctl.py                 172   start                     : <class 'autopts.ptsprojects.zephyr.iutctl.create_zephyr_ctl_class.<locals>.ZephyrCtl'>.start
2026-09-21 12:25:43,749 LT1-thread root DEBUG iutctl.py                 325   flush_serial              : <class 'autopts.ptsprojects.zephyr.iutctl.create_zephyr_ctl_class.<locals>.ZephyrCtl'>.flush_serial
2026-09-21 12:25:44,926 LT1-thread root DEBUG iutctl.py                 249   _start_tty_mode           : Starting socat process: socat.exe -x -v tcp:10.17.12.9:53724,retry=100,interval=1 /dev/ttyS2,raw,b115200,
2026-09-21 12:25:44,933 LT1-thread root DEBUG iutctl_common.py          402   accept                    : 
2026-09-21 12:25:45,005 BTPWorkerThread-1061 (_rx_task) root DEBUG iutctl_common.py          299   _rx_task                  : BTPWorkerThread-1061 (_rx_task) started
2026-09-21 12:25:45,006 LT1-thread root DEBUG iutctl.py                 395   wait_iut_ready_event      : IUT ready event received OK
2026-09-21 12:25:45,006 LT1-thread root DEBUG btp.py                    51    read_supp_svcs            : 
2026-09-21 12:25:45,006 LT1-thread root DEBUG iutctl_common.py          161   send                      : 0 2 255 ''
2026-09-21 12:25:45,006 LT1-thread root DEBUG iutctl_common.py          166   send                      : sending frame '0002ff0000'
2026-09-21 12:25:45,007 LT1-thread root DEBUG iutctl_common.py          339   read                      : 
2026-09-21 12:25:45,017 BTPWorkerThread-1061 (_rx_task) root DEBUG iutctl_common.py          123   read                      : Read 5 bytes
2026-09-21 12:25:45,027 BTPWorkerThread-1061 (_rx_task) root DEBUG iutctl_common.py          131   read                      : Received: hdr: Header(svc_id=0x00, op=0x02, ctrl_index=0xff, data_len=0x05) bytearray(b'\x00\x02\xff\x05\x00')
2026-09-21 12:25:45,038 BTPWorkerThread-1061 (_rx_task) root DEBUG iutctl_common.py          139   read                      : Read 5 bytes data
2026-09-21 12:25:45,048 BTPWorkerThread-1061 (_rx_task) root DEBUG iutctl_common.py          154   read                      : Received data: {'0f 00 00 a0 03'}, bytearray(b'\x0f\x00\x00\xa0\x03')
2026-09-21 12:25:45,048 LT1-thread root DEBUG btp.py                    62    read_supp_svcs            : received Header(svc_id=0, op=2, ctrl_index=255, data_len=5) (b'\x0f\x00\x00\xa0\x03',)
2026-09-21 12:25:45,048 LT1-thread root DEBUG testcase.py               254   start                     : Starting test function: class=<class 'autopts.ptsprojects.testcase.TestFunc'>, func=<function core_reg_svc_gap at 0x000001B5B2B02D40> start_wid=None stop_wid=None post_wid=None skip_call=None call_count=47 args=() kwds={}
2026-09-21 12:25:45,048 LT1-thread root DEBUG testcase.py               266   start                     : Test function parameters: args=(), kwds={}
2026-09-21 12:25:45,048 LT1-thread root DEBUG btp.py                    117   core_reg_svc_univ         : core_reg_svc_univ: gap_reg (GAP)
2026-09-21 12:25:45,049 LT1-thread root DEBUG iutctl_common.py          161   send                      : 0 3 255 '1'
2026-09-21 12:25:45,049 LT1-thread root DEBUG iutctl_common.py          166   send                      : sending frame '0003ff010001'
2026-09-21 12:25:45,049 LT1-thread root DEBUG btp.py                    622   core_reg_svc_rsp_succ     : 
2026-09-21 12:25:45,049 LT1-thread root DEBUG iutctl_common.py          339   read                      : 
2026-09-21 12:25:49,168 BTPWorkerThread-1061 (_rx_task) root DEBUG iutctl_common.py          123   read                      : Read 5 bytes
2026-09-21 12:25:49,178 BTPWorkerThread-1061 (_rx_task) root DEBUG iutctl_common.py          131   read                      : Received: hdr: Header(svc_id=0x00, op=0x03, ctrl_index=0xff, data_len=0x00) bytearray(b'\x00\x03\xff\x00\x00')
2026-09-21 12:25:49,189 BTPWorkerThread-1061 (_rx_task) root DEBUG iutctl_common.py          154   read                      : Received data: {''}, bytearray(b'')
2026-09-21 12:25:49,199 LT1-thread root DEBUG btp.py                    633   core_reg_svc_rsp_succ     : received Header(svc_id=0, op=3, ctrl_index=255, data_len=0) (b'',)
2026-09-21 12:25:49,199 LT1-thread root DEBUG btp.py                    634   core_reg_svc_rsp_succ     : expected ((0, 3, 255, 0), (b'',))
2026-09-21 12:25:49,199 LT1-thread root DEBUG btp.py                    639   core_reg_svc_rsp_succ     : response is valid
2026-09-21 12:25:49,199 LT1-thread root DEBUG btp.py                    642   core_reg_svc_rsp_succ     : Reading supported commands for service: GAP
2026-09-21 12:25:49,199 LT1-thread root DEBUG iutctl_common.py          161   send                      : 1 1 255 ''
2026-09-21 12:25:49,199 LT1-thread root DEBUG iutctl_common.py          166   send                      : sending frame '0101ff0000'
2026-09-21 12:25:49,200 LT1-thread root DEBUG iutctl_common.py          339   read                      : 
2026-09-21 12:25:49,245 BTPWorkerThread-1061 (_rx_task) root DEBUG iutctl_common.py          123   read                      : Read 5 bytes
2026-09-21 12:25:49,256 BTPWorkerThread-1061 (_rx_task) root DEBUG iutctl_common.py          131   read                      : Received: hdr: Header(svc_id=0x01, op=0x01, ctrl_index=0xff, data_len=0x07) bytearray(b'\x01\x01\xff\x07\x00')
2026-09-21 12:25:49,266 BTPWorkerThread-1061 (_rx_task) root DEBUG iutctl_common.py          139   read                      : Read 7 bytes data
2026-09-21 12:25:49,266 BTPWorkerThread-1061 (_rx_task) root DEBUG iutctl_common.py          154   read                      : Received data: {'6e ff 7f 1f fe ff 0e'}, bytearray(b'n\xff\x7f\x1f\xfe\xff\x0e')
2026-09-21 12:25:49,271 LT1-thread root DEBUG testcase.py               254   start                     : Starting test function: class=<class 'autopts.ptsprojects.testcase.TestFunc'>, func=<bound method Stack.gap_init of <autopts.ptsprojects.stack.stack.Stack object at 0x000001B5B41B2AB0>> start_wid=None stop_wid=None post_wid=None skip_call=None call_count=47 args=(b'Tester_08E44E',) kwds={}
2026-09-21 12:25:49,271 LT1-thread root DEBUG testcase.py               266   start                     : Test function parameters: args=(b'Tester_08E44E',), kwds={}
2026-09-21 12:25:49,271 LT1-thread root DEBUG testcase.py               254   start                     : Starting test function: class=<class 'autopts.ptsprojects.testcase.TestFunc'>, func=<function gap_read_controller_info at 0x000001B5B2B49C60> start_wid=None stop_wid=None post_wid=None skip_call=None call_count=47 args=() kwds={}
2026-09-21 12:25:49,271 LT1-thread root DEBUG testcase.py               266   start                     : Test function parameters: args=(), kwds={}
2026-09-21 12:25:49,271 LT1-thread root DEBUG gap.py                    1161  gap_read_controller_info  : 
2026-09-21 12:25:49,271 LT1-thread root DEBUG iutctl_common.py          161   send                      : 1 3 0 ''
2026-09-21 12:25:49,271 LT1-thread root DEBUG iutctl_common.py          166   send                      : sending frame '0103000000'
2026-09-21 12:25:49,273 LT1-thread root DEBUG iutctl_common.py          339   read                      : 
2026-09-21 12:25:49,305 BTPWorkerThread-1061 (_rx_task) root DEBUG iutctl_common.py          123   read                      : Read 5 bytes
2026-09-21 12:25:49,316 BTPWorkerThread-1061 (_rx_task) root DEBUG iutctl_common.py          131   read                      : Received: hdr: Header(svc_id=0x01, op=0x03, ctrl_index=0x00, data_len=0x115) bytearray(b'\x01\x03\x00\x15\x01')
2026-09-21 12:25:49,339 BTPWorkerThread-1061 (_rx_task) root DEBUG iutctl_common.py          139   read                      : Read 277 bytes data
2026-09-21 12:25:49,339 BTPWorkerThread-1061 (_rx_task) root DEBUG iutctl_common.py          154   read                      : Received data: {'19 78 ee 69 17 d0 d3 06 02 00 13 02 00 00 00 00 00 62 74 70 5f 74 65 73 74 65 72 00 00 00 00 00 00 00 00 00 00 00 00 00 00 00 00 00 00 00 00 00 00 00 00 00 00 00 00 00 00 00 00 00 00 00 00 00 00 00 00 00 00 00 00 00 00 00 00 00 00 00 00 00 00 00 00 00 00 00 00 00 00 00 00 00 00 00 00 00 00 00 00 00 00 00 00 00 00 00 00 00 00 00 00 00 00 00 00 00 00 00 00 00 00 00 00 00 00 00 00 00 00 00 00 00 00 00 00 00 00 00 00 00 00 00 00 00 00 00 00 00 00 00 00 00 00 00 00 00 00 00 00 00 00 00 00 00 00 00 00 00 00 00 00 00 00 00 00 00 00 00 00 00 00 00 00 00 00 00 00 00 00 00 00 00 00 00 00 00 00 00 00 00 00 00 00 00 00 00 00 00 00 00 00 00 00 00 00 00 00 00 00 00 00 00 00 00 00 00 00 00 00 00 00 00 00 00 00 00 00 00 00 00 00 00 00 00 00 00 00 00 00 00 00 00 00 00 00 00 00 00 00 00 00 00 00 00 00 00 00 00 00 00 00 00 00 00 00 00 00'}, bytearray(b'\x19x\xeei\x17\xd0\xd3\x06\x02\x00\x13\x02\x00\x00\x00\x00\x00btp_tester\x00\x00\x00\x00\x00\x00\x00\x00\x00\x00\x00\x00\x00\x00\x00\x00\x00\x00\x00\x00\x00\x00\x00\x00\x00\x00\x00\x00\x00\x00\x00\x00\x00\x00\x00\x00\x00\x00\x00\x00\x00\x00\x00\x00\x00\x00\x00\x00\x00\x00\x00\x00\x00\x00\x00\x00\x00\x00\x00\x00\x00\x00\x00\x00\x00\x00\x00\x00\x00\x00\x00\x00\x00\x00\x00\x00\x00\x00\x00\x00\x00\x00\x00\x00\x00\x00\x00\x00\x00\x00\x00\x00\x00\x00\x00\x00\x00\x00\x00\x00\x00\x00\x00\x00\x00\x00\x00\x00\x00\x00\x00\x00\x00\x00\x00\x00\x00\x00\x00\x00\x00\x00\x00\x00\x00\x00\x00\x00\x00\x00\x00\x00\x00\x00\x00\x00\x00\x00\x00\x00\x00\x00\x00\x00\x00\x00\x00\x00\x00\x00\x00\x00\x00\x00\x00\x00\x00\x00\x00\x00\x00\x00\x00\x00\x00\x00\x00\x00\x00\x00\x00\x00\x00\x00\x00\x00\x00\x00\x00\x00\x00\x00\x00\x00\x00\x00\x00\x00\x00\x00\x00\x00\x00\x00\x00\x00\x00\x00\x00\x00\x00\x00\x00\x00\x00\x00\x00\x00\x00\x00\x00\x00\x00\x00\x00\x00\x00\x00\x00\x00\x00\x00\x00\x00\x00\x00\x00\x00\x00\x00\x00\x00\x00\x00\x00\x00\x00\x00\x00\x00\x00\x00\x00\x00\x00\x00\x00\x00\x00\x00')
2026-09-21 12:25:49,344 LT1-thread root DEBUG gap.py                    1168  gap_read_controller_info  : received Header(svc_id=1, op=3, ctrl_index=0, data_len=277) (b'\x19x\xeei\x17\xd0\xd3\x06\x02\x00\x13\x02\x00\x00\x00\x00\x00btp_tester\x00\x00\x00\x00\x00\x00\x00\x00\x00\x00\x00\x00\x00\x00\x00\x00\x00\x00\x00\x00\x00\x00\x00\x00\x00\x00\x00\x00\x00\x00\x00\x00\x00\x00\x00\x00\x00\x00\x00\x00\x00\x00\x00\x00\x00\x00\x00\x00\x00\x00\x00\x00\x00\x00\x00\x00\x00\x00\x00\x00\x00\x00\x00\x00\x00\x00\x00\x00\x00\x00\x00\x00\x00\x00\x00\x00\x00\x00\x00\x00\x00\x00\x00\x00\x00\x00\x00\x00\x00\x00\x00\x00\x00\x00\x00\x00\x00\x00\x00\x00\x00\x00\x00\x00\x00\x00\x00\x00\x00\x00\x00\x00\x00\x00\x00\x00\x00\x00\x00\x00\x00\x00\x00\x00\x00\x00\x00\x00\x00\x00\x00\x00\x00\x00\x00\x00\x00\x00\x00\x00\x00\x00\x00\x00\x00\x00\x00\x00\x00\x00\x00\x00\x00\x00\x00\x00\x00\x00\x00\x00\x00\x00\x00\x00\x00\x00\x00\x00\x00\x00\x00\x00\x00\x00\x00\x00\x00\x00\x00\x00\x00\x00\x00\x00\x00\x00\x00\x00\x00\x00\x00\x00\x00\x00\x00\x00\x00\x00\x00\x00\x00\x00\x00\x00\x00\x00\x00\x00\x00\x00\x00\x00\x00\x00\x00\x00\x00\x00\x00\x00\x00\x00\x00\x00\x00\x00\x00\x00\x00\x00\x00\x00\x00\x00\x00\x00\x00\x00\x00\x00\x00\x00\x00\x00\x00\x00\x00\x00\x00\x00',)
2026-09-21 12:25:49,344 LT1-thread root DEBUG gap.py                    1189  gap_read_controller_info  : IUT address 'd01769ee7819' 'public'
2026-09-21 12:25:49,344 LT1-thread root DEBUG gap.py                    594   __gap_current_settings_update : 531
2026-09-21 12:25:49,344 LT1-thread root DEBUG testcase.py               254   start                     : Starting test function: class=<class 'autopts.ptsprojects.testcase.TestFunc'>, func=<function test_cases.<locals>.<lambda> at 0x000001B5B5475A80> start_wid=None stop_wid=None post_wid=None skip_call=None call_count=47 args=() kwds={}
2026-09-21 12:25:49,344 LT1-thread root DEBUG testcase.py               266   start                     : Test function parameters: args=(), kwds={}
2026-09-21 12:25:49,347 LT1-thread root DEBUG testcase.py               254   start                     : Starting test function: class=<class 'autopts.ptsprojects.testcase.TestFunc'>, func=<function set_pts_addr at 0x000001B5B2B028E0> start_wid=None stop_wid=None post_wid=None skip_call=None call_count=47 args=('00:1B:DC:08:E4:4E', 0) kwds={}
2026-09-21 12:25:49,348 LT1-thread root DEBUG testcase.py               266   start                     : Test function parameters: args=('00:1B:DC:08:E4:4E', 0), kwds={}
2026-09-21 12:25:49,348 LT1-thread root DEBUG testcase.py               254   start                     : Starting test function: class=<class 'autopts.ptsprojects.testcase.TestFunc'>, func=<function core_reg_svc_sdp at 0x000001B5B2B0C360> start_wid=None stop_wid=None post_wid=None skip_call=None call_count=47 args=() kwds={}
2026-09-21 12:25:49,348 LT1-thread root DEBUG testcase.py               266   start                     : Test function parameters: args=(), kwds={}
2026-09-21 12:25:49,348 LT1-thread root DEBUG btp.py                    117   core_reg_svc_univ         : core_reg_svc_univ: sdp_reg (SDP)
2026-09-21 12:25:49,348 LT1-thread root DEBUG iutctl_common.py          161   send                      : 0 3 255 '31'
2026-09-21 12:25:49,348 LT1-thread root DEBUG iutctl_common.py          166   send                      : sending frame '0003ff01001f'
2026-09-21 12:25:49,348 LT1-thread root DEBUG btp.py                    622   core_reg_svc_rsp_succ     : 
2026-09-21 12:25:49,348 LT1-thread root DEBUG iutctl_common.py          339   read                      : 
2026-09-21 12:25:49,389 BTPWorkerThread-1061 (_rx_task) root DEBUG iutctl_common.py          123   read                      : Read 5 bytes
2026-09-21 12:25:49,400 BTPWorkerThread-1061 (_rx_task) root DEBUG iutctl_common.py          131   read                      : Received: hdr: Header(svc_id=0x00, op=0x03, ctrl_index=0xff, data_len=0x00) bytearray(b'\x00\x03\xff\x00\x00')
2026-09-21 12:25:49,411 BTPWorkerThread-1061 (_rx_task) root DEBUG iutctl_common.py          154   read                      : Received data: {''}, bytearray(b'')
2026-09-21 12:25:49,417 LT1-thread root DEBUG btp.py                    633   core_reg_svc_rsp_succ     : received Header(svc_id=0, op=3, ctrl_index=255, data_len=0) (b'',)
2026-09-21 12:25:49,417 LT1-thread root DEBUG btp.py                    634   core_reg_svc_rsp_succ     : expected ((0, 3, 255, 0), (b'',))
2026-09-21 12:25:49,417 LT1-thread root DEBUG btp.py                    639   core_reg_svc_rsp_succ     : response is valid
2026-09-21 12:25:49,417 LT1-thread root DEBUG btp.py                    642   core_reg_svc_rsp_succ     : Reading supported commands for service: SDP
2026-09-21 12:25:49,417 LT1-thread root DEBUG iutctl_common.py          161   send                      : 31 1 255 ''
2026-09-21 12:25:49,417 LT1-thread root DEBUG iutctl_common.py          166   send                      : sending frame '1f01ff0000'
2026-09-21 12:25:49,417 LT1-thread root DEBUG iutctl_common.py          339   read                      : 
2026-09-21 12:25:49,449 BTPWorkerThread-1061 (_rx_task) root DEBUG iutctl_common.py          123   read                      : Read 5 bytes
2026-09-21 12:25:49,454 BTPWorkerThread-1061 (_rx_task) root DEBUG iutctl_common.py          131   read                      : Received: hdr: Header(svc_id=0x1f, op=0x01, ctrl_index=0xff, data_len=0x01) bytearray(b'\x1f\x01\xff\x01\x00')
2026-09-21 12:25:49,471 BTPWorkerThread-1061 (_rx_task) root DEBUG iutctl_common.py          139   read                      : Read 1 bytes data
2026-09-21 12:25:49,482 BTPWorkerThread-1061 (_rx_task) root DEBUG iutctl_common.py          154   read                      : Received data: {'1e'}, bytearray(b'\x1e')
2026-09-21 12:25:49,499 LT1-thread root DEBUG testcase.py               254   start                     : Starting test function: class=<class 'autopts.ptsprojects.testcase.TestFunc'>, func=<bound method Stack.sdp_init of <autopts.ptsprojects.stack.stack.Stack object at 0x000001B5B41B2AB0>> start_wid=None stop_wid=None post_wid=None skip_call=None call_count=47 args=() kwds={}
2026-09-21 12:25:49,499 LT1-thread root DEBUG testcase.py               266   start                     : Test function parameters: args=(), kwds={}
2026-09-21 12:25:49,499 LT1-thread root DEBUG testcase.py               254   start                     : Starting test function: class=<class 'autopts.ptsprojects.testcase.TestFunc'>, func=<function core_reg_svc_rfcomm at 0x000001B5B2B0C400> start_wid=None stop_wid=None post_wid=None skip_call=None call_count=47 args=() kwds={}
2026-09-21 12:25:49,499 LT1-thread root DEBUG testcase.py               266   start                     : Test function parameters: args=(), kwds={}
2026-09-21 12:25:49,499 LT1-thread root DEBUG btp.py                    117   core_reg_svc_univ         : core_reg_svc_univ: rfcomm_reg (RFCOMM)
2026-09-21 12:25:49,499 LT1-thread root DEBUG iutctl_common.py          161   send                      : 0 3 255 '32'
2026-09-21 12:25:49,499 LT1-thread root DEBUG iutctl_common.py          166   send                      : sending frame '0003ff010020'
2026-09-21 12:25:49,499 LT1-thread root DEBUG btp.py                    622   core_reg_svc_rsp_succ     : 
2026-09-21 12:25:49,499 LT1-thread root DEBUG iutctl_common.py          339   read                      : 
2026-09-21 12:25:49,542 BTPWorkerThread-1061 (_rx_task) root DEBUG iutctl_common.py          123   read                      : Read 5 bytes
2026-09-21 12:25:49,553 BTPWorkerThread-1061 (_rx_task) root DEBUG iutctl_common.py          131   read                      : Received: hdr: Header(svc_id=0x00, op=0x03, ctrl_index=0xff, data_len=0x00) bytearray(b'\x00\x03\xff\x00\x00')
2026-09-21 12:25:49,564 BTPWorkerThread-1061 (_rx_task) root DEBUG iutctl_common.py          154   read                      : Received data: {''}, bytearray(b'')
2026-09-21 12:25:49,564 LT1-thread root DEBUG btp.py                    633   core_reg_svc_rsp_succ     : received Header(svc_id=0, op=3, ctrl_index=255, data_len=0) (b'',)
2026-09-21 12:25:49,564 LT1-thread root DEBUG btp.py                    634   core_reg_svc_rsp_succ     : expected ((0, 3, 255, 0), (b'',))
2026-09-21 12:25:49,564 LT1-thread root DEBUG btp.py                    639   core_reg_svc_rsp_succ     : response is valid
2026-09-21 12:25:49,564 LT1-thread root DEBUG btp.py                    642   core_reg_svc_rsp_succ     : Reading supported commands for service: RFCOMM
2026-09-21 12:25:49,564 LT1-thread root DEBUG iutctl_common.py          161   send                      : 32 1 255 ''
2026-09-21 12:25:49,564 LT1-thread root DEBUG iutctl_common.py          166   send                      : sending frame '2001ff0000'
2026-09-21 12:25:49,564 LT1-thread root DEBUG iutctl_common.py          339   read                      : 
2026-09-21 12:25:49,607 BTPWorkerThread-1061 (_rx_task) root DEBUG iutctl_common.py          123   read                      : Read 5 bytes
2026-09-21 12:25:49,618 BTPWorkerThread-1061 (_rx_task) root DEBUG iutctl_common.py          131   read                      : Received: hdr: Header(svc_id=0x20, op=0x01, ctrl_index=0xff, data_len=0x01) bytearray(b' \x01\xff\x01\x00')
2026-09-21 12:25:49,628 BTPWorkerThread-1061 (_rx_task) root DEBUG iutctl_common.py          139   read                      : Read 1 bytes data
2026-09-21 12:25:49,628 BTPWorkerThread-1061 (_rx_task) root DEBUG iutctl_common.py          154   read                      : Received data: {'fe'}, bytearray(b'\xfe')
2026-09-21 12:25:49,628 LT1-thread root DEBUG testcase.py               254   start                     : Starting test function: class=<class 'autopts.ptsprojects.testcase.TestFunc'>, func=<bound method Stack.rfcomm_init of <autopts.ptsprojects.stack.stack.Stack object at 0x000001B5B41B2AB0>> start_wid=None stop_wid=None post_wid=None skip_call=None call_count=47 args=() kwds={}
2026-09-21 12:25:49,628 LT1-thread root DEBUG testcase.py               266   start                     : Test function parameters: args=(), kwds={}
2026-09-21 12:25:49,628 LT1-thread root DEBUG testcase.py               254   start                     : Starting test function: class=<class 'autopts.ptsprojects.testcase.TestFunc'>, func=<function core_reg_svc_opp at 0x000001B5B2B0C4A0> start_wid=None stop_wid=None post_wid=None skip_call=None call_count=47 args=() kwds={}
2026-09-21 12:25:49,629 LT1-thread root DEBUG testcase.py               266   start                     : Test function parameters: args=(), kwds={}
2026-09-21 12:25:49,629 LT1-thread root DEBUG btp.py                    117   core_reg_svc_univ         : core_reg_svc_univ: opp_reg (OPP)
2026-09-21 12:25:49,629 LT1-thread root DEBUG iutctl_common.py          161   send                      : 0 3 255 '33'
2026-09-21 12:25:49,629 LT1-thread root DEBUG iutctl_common.py          166   send                      : sending frame '0003ff010021'
2026-09-21 12:25:49,629 LT1-thread root DEBUG btp.py                    622   core_reg_svc_rsp_succ     : 
2026-09-21 12:25:49,629 LT1-thread root DEBUG iutctl_common.py          339   read                      : 
2026-09-21 12:25:49,668 BTPWorkerThread-1061 (_rx_task) root DEBUG iutctl_common.py          123   read                      : Read 5 bytes
2026-09-21 12:25:49,678 BTPWorkerThread-1061 (_rx_task) root DEBUG iutctl_common.py          131   read                      : Received: hdr: Header(svc_id=0x00, op=0x03, ctrl_index=0xff, data_len=0x00) bytearray(b'\x00\x03\xff\x00\x00')
2026-09-21 12:25:49,678 BTPWorkerThread-1061 (_rx_task) root DEBUG iutctl_common.py          154   read                      : Received data: {''}, bytearray(b'')
2026-09-21 12:25:49,678 LT1-thread root DEBUG btp.py                    633   core_reg_svc_rsp_succ     : received Header(svc_id=0, op=3, ctrl_index=255, data_len=0) (b'',)
2026-09-21 12:25:49,678 LT1-thread root DEBUG btp.py                    634   core_reg_svc_rsp_succ     : expected ((0, 3, 255, 0), (b'',))
2026-09-21 12:25:49,678 LT1-thread root DEBUG btp.py                    639   core_reg_svc_rsp_succ     : response is valid
2026-09-21 12:25:49,680 LT1-thread root DEBUG btp.py                    642   core_reg_svc_rsp_succ     : Reading supported commands for service: OPP
2026-09-21 12:25:49,680 LT1-thread root DEBUG iutctl_common.py          161   send                      : 33 1 255 ''
2026-09-21 12:25:49,680 LT1-thread root DEBUG iutctl_common.py          166   send                      : sending frame '2101ff0000'
2026-09-21 12:25:49,680 LT1-thread root DEBUG iutctl_common.py          339   read                      : 
2026-09-21 12:25:49,716 BTPWorkerThread-1061 (_rx_task) root DEBUG iutctl_common.py          123   read                      : Read 5 bytes
2026-09-21 12:25:49,727 BTPWorkerThread-1061 (_rx_task) root DEBUG iutctl_common.py          131   read                      : Received: hdr: Header(svc_id=0x21, op=0x01, ctrl_index=0xff, data_len=0x05) bytearray(b'!\x01\xff\x05\x00')
2026-09-21 12:25:49,749 BTPWorkerThread-1061 (_rx_task) root DEBUG iutctl_common.py          139   read                      : Read 5 bytes data
2026-09-21 12:25:49,760 BTPWorkerThread-1061 (_rx_task) root DEBUG iutctl_common.py          154   read                      : Received data: {'02 00 ff 01 7f'}, bytearray(b'\x02\x00\xff\x01\x7f')
2026-09-21 12:25:49,777 LT1-thread root DEBUG testcase.py               254   start                     : Starting test function: class=<class 'autopts.ptsprojects.testcase.TestFunc'>, func=<bound method Stack.opp_init of <autopts.ptsprojects.stack.stack.Stack object at 0x000001B5B41B2AB0>> start_wid=None stop_wid=None post_wid=None skip_call=None call_count=47 args=() kwds={}
2026-09-21 12:25:49,777 LT1-thread root DEBUG testcase.py               266   start                     : Test function parameters: args=(), kwds={}
2026-09-21 12:25:49,777 LT1-thread root DEBUG testcase.py               254   start                     : Starting test function: class=<class 'autopts.ptsprojects.testcase.TestFunc'>, func=<function gap_unpair at 0x000001B5B2B49300> start_wid=None stop_wid=None post_wid=None skip_call=None call_count=9 args=('00:1B:DC:08:E4:4E', 224) kwds={}
2026-09-21 12:25:49,777 LT1-thread root DEBUG testcase.py               266   start                     : Test function parameters: args=('00:1B:DC:08:E4:4E', 224), kwds={}
2026-09-21 12:25:49,777 LT1-thread root DEBUG gap.py                    912   gap_unpair                : '00:1B:DC:08:E4:4E' 224
2026-09-21 12:25:49,777 LT1-thread root DEBUG iutctl_common.py          161   send                      : 1 18 0 "bytearray(b'\\xe0N\\xe4\\x08\\xdc\\x1b\\x00')"
2026-09-21 12:25:49,777 LT1-thread root DEBUG iutctl_common.py          166   send                      : sending frame '0112000700e04ee408dc1b00'
2026-09-21 12:25:49,777 LT1-thread root DEBUG gap.py                    1227  gap_command_rsp_succ      : 
2026-09-21 12:25:49,778 LT1-thread root DEBUG iutctl_common.py          339   read                      : 
2026-09-21 12:25:49,815 BTPWorkerThread-1061 (_rx_task) root DEBUG iutctl_common.py          123   read                      : Read 5 bytes
2026-09-21 12:25:49,826 BTPWorkerThread-1061 (_rx_task) root DEBUG iutctl_common.py          131   read                      : Received: hdr: Header(svc_id=0x01, op=0x12, ctrl_index=0x00, data_len=0x00) bytearray(b'\x01\x12\x00\x00\x00')
2026-09-21 12:25:49,838 BTPWorkerThread-1061 (_rx_task) root DEBUG iutctl_common.py          154   read                      : Received data: {''}, bytearray(b'')
2026-09-21 12:25:49,850 LT1-thread root DEBUG gap.py                    1232  gap_command_rsp_succ      : received Header(svc_id=1, op=18, ctrl_index=0, data_len=0) (b'',)
2026-09-21 12:25:49,850 LT1-thread root DEBUG testcase.py               254   start                     : Starting test function: class=<class 'autopts.ptsprojects.testcase.TestFunc'>, func=<function opp_server_register at 0x000001B5B2BE2DE0> start_wid=None stop_wid=None post_wid=None skip_call=None call_count=9 args=() kwds={}
2026-09-21 12:25:49,850 LT1-thread root DEBUG testcase.py               266   start                     : Test function parameters: args=(), kwds={}
2026-09-21 12:25:49,850 LT1-thread root DEBUG opp.py                    192   opp_server_register       : opp_server_register
2026-09-21 12:25:49,850 LT1-thread root DEBUG iutctl_common.py          161   send                      : 33 32 0 ''
2026-09-21 12:25:49,850 LT1-thread root DEBUG iutctl_common.py          166   send                      : sending frame '2120000000'
2026-09-21 12:25:49,850 LT1-thread root DEBUG iutctl_common.py          339   read                      : 
2026-09-21 12:25:49,888 BTPWorkerThread-1061 (_rx_task) root DEBUG iutctl_common.py          123   read                      : Read 5 bytes
2026-09-21 12:25:49,900 BTPWorkerThread-1061 (_rx_task) root DEBUG iutctl_common.py          131   read                      : Received: hdr: Header(svc_id=0x21, op=0x20, ctrl_index=0x00, data_len=0x00) bytearray(b'! \x00\x00\x00')
2026-09-21 12:25:49,911 BTPWorkerThread-1061 (_rx_task) root DEBUG iutctl_common.py          154   read                      : Received data: {''}, bytearray(b'')
2026-09-21 12:25:49,911 LT1-thread root DEBUG testcase.py               254   start                     : Starting test function: class=<class 'autopts.ptsprojects.testcase.TestFunc'>, func=<function gap_set_general_discoverable at 0x000001B5B2B49760> start_wid=None stop_wid=None post_wid=None skip_call=None call_count=9 args=() kwds={}
2026-09-21 12:25:49,911 LT1-thread root DEBUG testcase.py               266   start                     : Test function parameters: args=(), kwds={}
2026-09-21 12:25:49,911 LT1-thread root DEBUG gap.py                    1033  gap_set_general_discoverable : 
2026-09-21 12:25:49,911 LT1-thread root DEBUG iutctl_common.py          161   send                      : 1 8 0 '1'
2026-09-21 12:25:49,911 LT1-thread root DEBUG iutctl_common.py          166   send                      : sending frame '010800010001'
2026-09-21 12:25:49,911 LT1-thread root DEBUG gap.py                    1227  gap_command_rsp_succ      : 
2026-09-21 12:25:49,911 LT1-thread root DEBUG iutctl_common.py          339   read                      : 
2026-09-21 12:25:49,970 BTPWorkerThread-1061 (_rx_task) root DEBUG iutctl_common.py          123   read                      : Read 5 bytes
2026-09-21 12:25:49,975 BTPWorkerThread-1061 (_rx_task) root DEBUG iutctl_common.py          131   read                      : Received: hdr: Header(svc_id=0x01, op=0x08, ctrl_index=0x00, data_len=0x04) bytearray(b'\x01\x08\x00\x04\x00')
2026-09-21 12:25:49,981 BTPWorkerThread-1061 (_rx_task) root DEBUG iutctl_common.py          139   read                      : Read 4 bytes data
2026-09-21 12:25:49,981 BTPWorkerThread-1061 (_rx_task) root DEBUG iutctl_common.py          154   read                      : Received data: {'1b 02 00 00'}, bytearray(b'\x1b\x02\x00\x00')
2026-09-21 12:25:49,986 LT1-thread root DEBUG gap.py                    1232  gap_command_rsp_succ      : received Header(svc_id=1, op=8, ctrl_index=0, data_len=4) (b'\x1b\x02\x00\x00',)
2026-09-21 12:25:49,986 LT1-thread root DEBUG gap.py                    594   __gap_current_settings_update : (b'\x1b\x02\x00\x00',)
2026-09-21 12:25:49,987 LT1-thread root DEBUG client.py                 276   get_result                : ClientCallback.get_result run_test_case
2026-09-21 12:25:56,474 BTPWorkerThread-1061 (_rx_task) root DEBUG iutctl_common.py          123   read                      : Read 5 bytes
2026-09-21 12:25:56,475 BTPWorkerThread-1061 (_rx_task) root DEBUG iutctl_common.py          131   read                      : Received: hdr: Header(svc_id=0x01, op=0x82, ctrl_index=0x00, data_len=0x0d) bytearray(b'\x01\x82\x00\r\x00')
2026-09-21 12:25:56,475 BTPWorkerThread-1061 (_rx_task) root DEBUG iutctl_common.py          139   read                      : Read 13 bytes data
2026-09-21 12:25:56,475 BTPWorkerThread-1061 (_rx_task) root DEBUG iutctl_common.py          154   read                      : Received data: {'e0 4e e4 08 dc 1b 00 00 00 00 00 00 00'}, bytearray(b'\xe0N\xe4\x08\xdc\x1b\x00\x00\x00\x00\x00\x00\x00')
2026-09-21 12:25:56,475 BTPWorkerThread-1061 (_rx_task) root DEBUG btp.py                    704   event_handler             : Header(svc_id=1, op=130, ctrl_index=0, data_len=13) (b'\xe0N\xe4\x08\xdc\x1b\x00\x00\x00\x00\x00\x00\x00',)
2026-09-21 12:25:56,475 BTPWorkerThread-1061 (_rx_task) root DEBUG gap.py                    213   gap_connected_ev_         : b'\xe0N\xe4\x08\xdc\x1b\x00\x00\x00\x00\x00\x00\x00'
2026-09-21 12:25:56,475 BTPWorkerThread-1061 (_rx_task) root DEBUG iutctl_common.py          123   read                      : Read 5 bytes
2026-09-21 12:25:56,475 BTPWorkerThread-1061 (_rx_task) root DEBUG iutctl_common.py          131   read                      : Received: hdr: Header(svc_id=0x01, op=0x80, ctrl_index=0x00, data_len=0x04) bytearray(b'\x01\x80\x00\x04\x00')
2026-09-21 12:25:56,476 BTPWorkerThread-1061 (_rx_task) root DEBUG iutctl_common.py          139   read                      : Read 4 bytes data
2026-09-21 12:25:56,476 BTPWorkerThread-1061 (_rx_task) root DEBUG iutctl_common.py          154   read                      : Received data: {'1b 02 00 00'}, bytearray(b'\x1b\x02\x00\x00')
2026-09-21 12:25:56,476 BTPWorkerThread-1061 (_rx_task) root DEBUG btp.py                    704   event_handler             : Header(svc_id=1, op=128, ctrl_index=0, data_len=4) (b'\x1b\x02\x00\x00',)
2026-09-21 12:25:56,476 BTPWorkerThread-1061 (_rx_task) root DEBUG gap.py                    181   gap_new_settings_ev_      : b'\x1b\x02\x00\x00'
2026-09-21 12:25:56,476 BTPWorkerThread-1061 (_rx_task) root DEBUG gap.py                    594   __gap_current_settings_update : 539
2026-09-21 12:25:56,584 LT1-callback ClientCallback.on_implicit_send INFO client.py                 223   on_implicit_send          : 
    ********************
    BEGIN OnImplicitSend:
    project_name: OPP
    wid: 4018
    test_case_name: OPP/SR/OPH/BV-12-C
    description:  Please accept the rfcomm channel connection for an OBEX connection.
    style: MMI_Style_Ok_Cancel1 0x11041
2026-09-21 12:25:56,584 LT1-callback ClientCallback.on_implicit_send INFO client.py                 236   on_implicit_send          : Calling test cases on_implicit_send
2026-09-21 12:25:56,585 LT1-callback ClientCallback.on_implicit_send INFO client.py                 249   on_implicit_send          : 
    on_implicit_send returned response: WAIT
    END OnImplicitSend
    ********************
2026-09-21 12:25:56,990 LT1-thread root DEBUG testcase.py               679   run_wid                   : OPP OPP/SR/OPH/BV-12-C on_implicit_send
2026-09-21 12:25:56,991 LT1-thread root DEBUG opp_wid.py                34    opp_wid_hdl               : opp_wid_hdl, 4018,  Please accept the rfcomm channel connection for an OBEX connection., OPP/SR/OPH/BV-12-C
2026-09-21 12:25:56,991 LT1-thread root DEBUG testcase.py               722   run_wid                   : Sending response 'OK' to wid 4018 test case OPP/SR/OPH/BV-12-C
2026-09-21 12:25:56,994 LT1-thread root DEBUG client.py                 276   get_result                : ClientCallback.get_result run_test_case
2026-09-21 12:25:58,205 BTPWorkerThread-1061 (_rx_task) root DEBUG iutctl_common.py          123   read                      : Read 5 bytes
2026-09-21 12:25:58,205 BTPWorkerThread-1061 (_rx_task) root DEBUG iutctl_common.py          131   read                      : Received: hdr: Header(svc_id=0x01, op=0x91, ctrl_index=0x00, data_len=0x09) bytearray(b'\x01\x91\x00\t\x00')
2026-09-21 12:25:58,205 BTPWorkerThread-1061 (_rx_task) root DEBUG iutctl_common.py          139   read                      : Read 9 bytes data
2026-09-21 12:25:58,206 BTPWorkerThread-1061 (_rx_task) root DEBUG iutctl_common.py          154   read                      : Received data: {'e0 4e e4 08 dc 1b 00 01 10'}, bytearray(b'\xe0N\xe4\x08\xdc\x1b\x00\x01\x10')
2026-09-21 12:25:58,206 BTPWorkerThread-1061 (_rx_task) root DEBUG btp.py                    704   event_handler             : Header(svc_id=1, op=145, ctrl_index=0, data_len=9) (b'\xe0N\xe4\x08\xdc\x1b\x00\x01\x10',)
2026-09-21 12:25:58,206 BTPWorkerThread-1061 (_rx_task) root DEBUG gap.py                    492   gap_encryption_change_ev_ : 
2026-09-21 12:25:58,206 BTPWorkerThread-1061 (_rx_task) root DEBUG gap.py                    494   gap_encryption_change_ev_ : enc change received b'\xe0N\xe4\x08\xdc\x1b\x00\x01\x10'
2026-09-21 12:25:58,206 BTPWorkerThread-1061 (_rx_task) root DEBUG gap.py                    503   gap_encryption_change_ev_ : received (224, '001bdc08e44e', 1, 16)
2026-09-21 12:25:58,206 BTPWorkerThread-1061 (_rx_task) root DEBUG iutctl_common.py          123   read                      : Read 5 bytes
2026-09-21 12:25:58,206 BTPWorkerThread-1061 (_rx_task) root DEBUG iutctl_common.py          131   read                      : Received: hdr: Header(svc_id=0x01, op=0x89, ctrl_index=0x00, data_len=0x08) bytearray(b'\x01\x89\x00\x08\x00')
2026-09-21 12:25:58,206 BTPWorkerThread-1061 (_rx_task) root DEBUG iutctl_common.py          139   read                      : Read 7 bytes data
2026-09-21 12:25:58,216 BTPWorkerThread-1061 (_rx_task) root DEBUG iutctl_common.py          139   read                      : Read 1 bytes data
2026-09-21 12:25:58,217 BTPWorkerThread-1061 (_rx_task) root DEBUG iutctl_common.py          154   read                      : Received data: {'e0 4e e4 08 dc 1b 00 02'}, bytearray(b'\xe0N\xe4\x08\xdc\x1b\x00\x02')
2026-09-21 12:25:58,217 BTPWorkerThread-1061 (_rx_task) root DEBUG btp.py                    704   event_handler             : Header(svc_id=1, op=137, ctrl_index=0, data_len=8) (b'\xe0N\xe4\x08\xdc\x1b\x00\x02',)
2026-09-21 12:25:58,217 BTPWorkerThread-1061 (_rx_task) root DEBUG gap.py                    298   gap_sec_level_changed_ev_ : 
2026-09-21 12:25:58,217 BTPWorkerThread-1061 (_rx_task) root DEBUG gap.py                    300   gap_sec_level_changed_ev_ : received b'\xe0N\xe4\x08\xdc\x1b\x00\x02'
2026-09-21 12:25:58,217 BTPWorkerThread-1061 (_rx_task) root DEBUG gap.py                    311   gap_sec_level_changed_ev_ : received (224, '001bdc08e44e', 2)
2026-09-21 12:25:58,249 BTPWorkerThread-1061 (_rx_task) root DEBUG iutctl_common.py          123   read                      : Read 5 bytes
2026-09-21 12:25:58,249 BTPWorkerThread-1061 (_rx_task) root DEBUG iutctl_common.py          131   read                      : Received: hdr: Header(svc_id=0x21, op=0x90, ctrl_index=0x00, data_len=0x00) bytearray(b'!\x90\x00\x00\x00')
2026-09-21 12:25:58,250 BTPWorkerThread-1061 (_rx_task) root DEBUG iutctl_common.py          154   read                      : Received data: {''}, bytearray(b'')
2026-09-21 12:25:58,250 BTPWorkerThread-1061 (_rx_task) root DEBUG btp.py                    704   event_handler             : Header(svc_id=33, op=144, ctrl_index=0, data_len=0) (b'',)
2026-09-21 12:25:58,250 BTPWorkerThread-1061 (_rx_task) root DEBUG opp.py                    577   opp_server_transport_connected_ev : b'' 0
2026-09-21 12:25:58,359 LT1-callback ClientCallback.on_implicit_send INFO client.py                 223   on_implicit_send          : 
    ********************
    BEGIN OnImplicitSend:
    project_name: OPP
    wid: 4004
    test_case_name: OPP/SR/OPH/BV-12-C
    description:  Please accept the OBEX CONNECT REQ.
    style: MMI_Style_Ok_Cancel1 0x11041
2026-09-21 12:25:58,359 LT1-callback ClientCallback.on_implicit_send INFO client.py                 236   on_implicit_send          : Calling test cases on_implicit_send
2026-09-21 12:25:58,359 LT1-callback ClientCallback.on_implicit_send INFO client.py                 249   on_implicit_send          : 
    on_implicit_send returned response: WAIT
    END OnImplicitSend
    ********************
2026-09-21 12:25:58,369 BTPWorkerThread-1061 (_rx_task) root DEBUG iutctl_common.py          123   read                      : Read 5 bytes
2026-09-21 12:25:58,369 BTPWorkerThread-1061 (_rx_task) root DEBUG iutctl_common.py          131   read                      : Received: hdr: Header(svc_id=0x21, op=0x92, ctrl_index=0x00, data_len=0x03) bytearray(b'!\x92\x00\x03\x00')
2026-09-21 12:25:58,370 BTPWorkerThread-1061 (_rx_task) root DEBUG iutctl_common.py          139   read                      : Read 3 bytes data
2026-09-21 12:25:58,370 BTPWorkerThread-1061 (_rx_task) root DEBUG iutctl_common.py          154   read                      : Received data: {'10 05 01'}, bytearray(b'\x10\x05\x01')
2026-09-21 12:25:58,370 BTPWorkerThread-1061 (_rx_task) root DEBUG btp.py                    704   event_handler             : Header(svc_id=33, op=146, ctrl_index=0, data_len=3) (b'\x10\x05\x01',)
2026-09-21 12:25:58,370 BTPWorkerThread-1061 (_rx_task) root DEBUG opp.py                    592   opp_server_connected_ev   : b'\x10\x05\x01' 3
2026-09-21 12:25:58,370 BTPWorkerThread-1061 (_rx_task) root DEBUG opp.py                    595   opp_server_connected_ev   : version:16 mopl:261
2026-09-21 12:25:58,997 LT1-thread root DEBUG testcase.py               679   run_wid                   : OPP OPP/SR/OPH/BV-12-C on_implicit_send
2026-09-21 12:25:58,997 LT1-thread root DEBUG opp_wid.py                34    opp_wid_hdl               : opp_wid_hdl, 4004,  Please accept the OBEX CONNECT REQ., OPP/SR/OPH/BV-12-C
2026-09-21 12:25:58,997 LT1-thread root DEBUG opp.py                    205   opp_server_connect_rsp    : opp_server_connect_rsp mopl=65535 rsp=160
2026-09-21 12:25:58,997 LT1-thread root DEBUG iutctl_common.py          161   send                      : 33 33 0 "bytearray(b'\\xff\\xff\\xa0')"
2026-09-21 12:25:58,997 LT1-thread root DEBUG iutctl_common.py          166   send                      : sending frame '2121000300ffffa0'
2026-09-21 12:25:58,998 LT1-thread root DEBUG iutctl_common.py          339   read                      : 
2026-09-21 12:25:59,031 BTPWorkerThread-1061 (_rx_task) root DEBUG iutctl_common.py          123   read                      : Read 5 bytes
2026-09-21 12:25:59,042 BTPWorkerThread-1061 (_rx_task) root DEBUG iutctl_common.py          131   read                      : Received: hdr: Header(svc_id=0x21, op=0x21, ctrl_index=0x00, data_len=0x00) bytearray(b'!!\x00\x00\x00')
2026-09-21 12:25:59,048 BTPWorkerThread-1061 (_rx_task) root DEBUG iutctl_common.py          154   read                      : Received data: {''}, bytearray(b'')
2026-09-21 12:25:59,048 LT1-thread root DEBUG testcase.py               722   run_wid                   : Sending response 'OK' to wid 4004 test case OPP/SR/OPH/BV-12-C
2026-09-21 12:25:59,050 LT1-thread root DEBUG client.py                 276   get_result                : ClientCallback.get_result run_test_case
2026-09-21 12:25:59,053 LT1-callback ClientCallback.on_implicit_send INFO client.py                 223   on_implicit_send          : 
    ********************
    BEGIN OnImplicitSend:
    project_name: OPP
    wid: 30
    test_case_name: OPP/SR/OPH/BV-12-C
    description: If necessary, remove any message(s) named 'OPHBV12-1.vmg,OPHBV12-2.vmg' from the IUT. 
Press 'OK' to confirm that the message is not present on the IUT.
    style: MMI_Style_Ok 0x11040
2026-09-21 12:25:59,053 LT1-callback ClientCallback.on_implicit_send INFO client.py                 236   on_implicit_send          : Calling test cases on_implicit_send
2026-09-21 12:25:59,053 LT1-callback ClientCallback.on_implicit_send INFO client.py                 249   on_implicit_send          : 
    on_implicit_send returned response: WAIT
    END OnImplicitSend
    ********************
2026-09-21 12:26:00,051 LT1-thread root DEBUG testcase.py               679   run_wid                   : OPP OPP/SR/OPH/BV-12-C on_implicit_send
2026-09-21 12:26:00,051 LT1-thread root DEBUG opp_wid.py                34    opp_wid_hdl               : opp_wid_hdl, 30, If necessary, remove any message(s) named 'OPHBV12-1.vmg,OPHBV12-2.vmg' from the IUT. 
Press 'OK' to confirm that the message is not present on the IUT., OPP/SR/OPH/BV-12-C
2026-09-21 12:26:00,051 LT1-thread root DEBUG testcase.py               722   run_wid                   : Sending response 'Ok' to wid 30 test case OPP/SR/OPH/BV-12-C
2026-09-21 12:26:00,053 LT1-thread root DEBUG client.py                 276   get_result                : ClientCallback.get_result run_test_case
2026-09-21 12:26:00,066 BTPWorkerThread-1061 (_rx_task) root DEBUG iutctl_common.py          123   read                      : Read 5 bytes
2026-09-21 12:26:00,066 BTPWorkerThread-1061 (_rx_task) root DEBUG iutctl_common.py          131   read                      : Received: hdr: Header(svc_id=0x21, op=0x94, ctrl_index=0x00, data_len=0x95) bytearray(b'!\x94\x00\x95\x00')
2026-09-21 12:26:00,066 BTPWorkerThread-1061 (_rx_task) root DEBUG iutctl_common.py          139   read                      : Read 40 bytes data
2026-09-21 12:26:00,077 BTPWorkerThread-1061 (_rx_task) root DEBUG iutctl_common.py          139   read                      : Read 109 bytes data
2026-09-21 12:26:00,077 BTPWorkerThread-1061 (_rx_task) root DEBUG iutctl_common.py          154   read                      : Received data: {'70 00 00 00 01 1c 00 70 00 00 4f 00 50 00 48 00 42 00 56 00 31 00 32 00 2d 00 31 00 2e 00 76 00 6d 00 67 00 00 42 45 47 49 4e 3a 56 4d 53 47 0d 0a 56 45 52 53 49 4f 4e 3a 31 2e 30 0d 0a 42 45 47 49 4e 3a 56 45 4e 56 0d 0a 42 45 47 49 4e 3a 56 42 4f 44 59 0d 0a 53 75 62 6a 65 63 74 3a 20 4f 50 48 42 56 31 32 2d 31 0d 0a 4f 50 48 42 56 31 32 2d 31 0d 0a 45 4e 44 3a 56 42 4f 44 59 0d 0a 45 4e 44 3a 56 45 4e 56 0d 0a 45 4e 44 3a 56 4d 53 47 0d 0a'}, bytearray(b'p\x00\x00\x00\x01\x1c\x00p\x00\x00O\x00P\x00H\x00B\x00V\x001\x002\x00-\x001\x00.\x00v\x00m\x00g\x00\x00BEGIN:VMSG\r\nVERSION:1.0\r\nBEGIN:VENV\r\nBEGIN:VBODY\r\nSubject: OPHBV12-1\r\nOPHBV12-1\r\nEND:VBODY\r\nEND:VENV\r\nEND:VMSG\r\n')
2026-09-21 12:26:00,078 BTPWorkerThread-1061 (_rx_task) root DEBUG btp.py                    704   event_handler             : Header(svc_id=33, op=148, ctrl_index=0, data_len=149) (b'p\x00\x00\x00\x01\x1c\x00p\x00\x00O\x00P\x00H\x00B\x00V\x001\x002\x00-\x001\x00.\x00v\x00m\x00g\x00\x00BEGIN:VMSG\r\nVERSION:1.0\r\nBEGIN:VENV\r\nBEGIN:VBODY\r\nSubject: OPHBV12-1\r\nOPHBV12-1\r\nEND:VBODY\r\nEND:VENV\r\nEND:VMSG\r\n',)
2026-09-21 12:26:00,078 BTPWorkerThread-1061 (_rx_task) root DEBUG opp.py                    611   opp_server_push_ev        : b'p\x00\x00\x00\x01\x1c\x00p\x00\x00O\x00P\x00H\x00B\x00V\x001\x002\x00-\x001\x00.\x00v\x00m\x00g\x00\x00BEGIN:VMSG\r\nVERSION:1.0\r\nBEGIN:VENV\r\nBEGIN:VBODY\r\nSubject: OPHBV12-1\r\nOPHBV12-1\r\nEND:VBODY\r\nEND:VENV\r\nEND:VMSG\r\n' 149
2026-09-21 12:26:00,078 BTPWorkerThread-1061 (_rx_task) root DEBUG opp.py                    623   opp_server_push_ev        : total_length:112 is_final:1 name:b'\x00O\x00P\x00H\x00B\x00V\x001\x002\x00-\x001\x00.\x00v\x00m\x00g\x00\x00' type:b'' body_len:112
2026-09-21 12:26:00,099 BTPWorkerThread-1061 (_rx_task) root DEBUG iutctl_common.py          123   read                      : Read 5 bytes
2026-09-21 12:26:00,099 BTPWorkerThread-1061 (_rx_task) root DEBUG iutctl_common.py          131   read                      : Received: hdr: Header(svc_id=0x21, op=0x94, ctrl_index=0x00, data_len=0x95) bytearray(b'!\x94\x00\x95\x00')
2026-09-21 12:26:00,100 BTPWorkerThread-1061 (_rx_task) root DEBUG iutctl_common.py          139   read                      : Read 56 bytes data
2026-09-21 12:26:00,110 BTPWorkerThread-1061 (_rx_task) root DEBUG iutctl_common.py          139   read                      : Read 93 bytes data
2026-09-21 12:26:00,110 BTPWorkerThread-1061 (_rx_task) root DEBUG iutctl_common.py          154   read                      : Received data: {'70 00 00 00 01 1c 00 70 00 00 4f 00 50 00 48 00 42 00 56 00 31 00 32 00 2d 00 32 00 2e 00 76 00 6d 00 67 00 00 42 45 47 49 4e 3a 56 4d 53 47 0d 0a 56 45 52 53 49 4f 4e 3a 31 2e 30 0d 0a 42 45 47 49 4e 3a 56 45 4e 56 0d 0a 42 45 47 49 4e 3a 56 42 4f 44 59 0d 0a 53 75 62 6a 65 63 74 3a 20 4f 50 48 42 56 31 32 2d 32 0d 0a 4f 50 48 42 56 31 32 2d 32 0d 0a 45 4e 44 3a 56 42 4f 44 59 0d 0a 45 4e 44 3a 56 45 4e 56 0d 0a 45 4e 44 3a 56 4d 53 47 0d 0a'}, bytearray(b'p\x00\x00\x00\x01\x1c\x00p\x00\x00O\x00P\x00H\x00B\x00V\x001\x002\x00-\x002\x00.\x00v\x00m\x00g\x00\x00BEGIN:VMSG\r\nVERSION:1.0\r\nBEGIN:VENV\r\nBEGIN:VBODY\r\nSubject: OPHBV12-2\r\nOPHBV12-2\r\nEND:VBODY\r\nEND:VENV\r\nEND:VMSG\r\n')
2026-09-21 12:26:00,111 BTPWorkerThread-1061 (_rx_task) root DEBUG btp.py                    704   event_handler             : Header(svc_id=33, op=148, ctrl_index=0, data_len=149) (b'p\x00\x00\x00\x01\x1c\x00p\x00\x00O\x00P\x00H\x00B\x00V\x001\x002\x00-\x002\x00.\x00v\x00m\x00g\x00\x00BEGIN:VMSG\r\nVERSION:1.0\r\nBEGIN:VENV\r\nBEGIN:VBODY\r\nSubject: OPHBV12-2\r\nOPHBV12-2\r\nEND:VBODY\r\nEND:VENV\r\nEND:VMSG\r\n',)
2026-09-21 12:26:00,111 BTPWorkerThread-1061 (_rx_task) root DEBUG opp.py                    611   opp_server_push_ev        : b'p\x00\x00\x00\x01\x1c\x00p\x00\x00O\x00P\x00H\x00B\x00V\x001\x002\x00-\x002\x00.\x00v\x00m\x00g\x00\x00BEGIN:VMSG\r\nVERSION:1.0\r\nBEGIN:VENV\r\nBEGIN:VBODY\r\nSubject: OPHBV12-2\r\nOPHBV12-2\r\nEND:VBODY\r\nEND:VENV\r\nEND:VMSG\r\n' 149
2026-09-21 12:26:00,111 BTPWorkerThread-1061 (_rx_task) root DEBUG opp.py                    623   opp_server_push_ev        : total_length:112 is_final:1 name:b'\x00O\x00P\x00H\x00B\x00V\x001\x002\x00-\x002\x00.\x00v\x00m\x00g\x00\x00' type:b'' body_len:112
2026-09-21 12:26:00,122 LT1-callback ClientCallback.on_implicit_send INFO client.py                 223   on_implicit_send          : 
    ********************
    BEGIN OnImplicitSend:
    project_name: OPP
    wid: 41
    test_case_name: OPP/SR/OPH/BV-12-C
    description: Does the IUT now contain the following messages in the messaging application?
OPHBV12-1.vmg,OPHBV12-2.vmg
    style: MMI_Style_Yes_No1 0x11044
2026-09-21 12:26:00,123 LT1-callback ClientCallback.on_implicit_send INFO client.py                 236   on_implicit_send          : Calling test cases on_implicit_send
2026-09-21 12:26:00,123 LT1-callback ClientCallback.on_implicit_send INFO client.py                 249   on_implicit_send          : 
    on_implicit_send returned response: WAIT
    END OnImplicitSend
    ********************
2026-09-21 12:26:01,053 LT1-thread root DEBUG testcase.py               679   run_wid                   : OPP OPP/SR/OPH/BV-12-C on_implicit_send
2026-09-21 12:26:01,054 LT1-thread root DEBUG opp_wid.py                34    opp_wid_hdl               : opp_wid_hdl, 41, Does the IUT now contain the following messages in the messaging application?
OPHBV12-1.vmg,OPHBV12-2.vmg, OPP/SR/OPH/BV-12-C
2026-09-21 12:26:01,054 LT1-thread root DEBUG testcase.py               722   run_wid                   : Sending response 'Yes' to wid 41 test case OPP/SR/OPH/BV-12-C
2026-09-21 12:26:01,056 LT1-thread root DEBUG client.py                 276   get_result                : ClientCallback.get_result run_test_case
2026-09-21 12:26:01,070 BTPWorkerThread-1061 (_rx_task) root DEBUG iutctl_common.py          123   read                      : Read 5 bytes
2026-09-21 12:26:01,070 BTPWorkerThread-1061 (_rx_task) root DEBUG iutctl_common.py          131   read                      : Received: hdr: Header(svc_id=0x21, op=0x93, ctrl_index=0x00, data_len=0x00) bytearray(b'!\x93\x00\x00\x00')
2026-09-21 12:26:01,071 BTPWorkerThread-1061 (_rx_task) root DEBUG iutctl_common.py          154   read                      : Received data: {''}, bytearray(b'')
2026-09-21 12:26:01,071 BTPWorkerThread-1061 (_rx_task) root DEBUG btp.py                    704   event_handler             : Header(svc_id=33, op=147, ctrl_index=0, data_len=0) (b'',)
2026-09-21 12:26:01,071 BTPWorkerThread-1061 (_rx_task) root DEBUG opp.py                    601   opp_server_disconnected_ev : b'' 0
2026-09-21 12:26:31,062 BTPWorkerThread-1061 (_rx_task) root DEBUG iutctl_common.py          123   read                      : Read 5 bytes
2026-09-21 12:26:31,063 BTPWorkerThread-1061 (_rx_task) root DEBUG iutctl_common.py          131   read                      : Received: hdr: Header(svc_id=0x01, op=0x83, ctrl_index=0x00, data_len=0x07) bytearray(b'\x01\x83\x00\x07\x00')
2026-09-21 12:26:31,063 BTPWorkerThread-1061 (_rx_task) root DEBUG iutctl_common.py          139   read                      : Read 5 bytes data
2026-09-21 12:26:31,074 BTPWorkerThread-1061 (_rx_task) root DEBUG iutctl_common.py          139   read                      : Read 2 bytes data
2026-09-21 12:26:31,074 BTPWorkerThread-1061 (_rx_task) root DEBUG iutctl_common.py          154   read                      : Received data: {'e0 4e e4 08 dc 1b 00'}, bytearray(b'\xe0N\xe4\x08\xdc\x1b\x00')
2026-09-21 12:26:31,074 BTPWorkerThread-1061 (_rx_task) root DEBUG btp.py                    704   event_handler             : Header(svc_id=1, op=131, ctrl_index=0, data_len=7) (b'\xe0N\xe4\x08\xdc\x1b\x00',)
2026-09-21 12:26:31,074 BTPWorkerThread-1061 (_rx_task) root DEBUG gap.py                    226   gap_disconnected_ev_      : b'\xe0N\xe4\x08\xdc\x1b\x00'
2026-09-21 12:26:31,074 BTPWorkerThread-1061 (_rx_task) root DEBUG iutctl_common.py          123   read                      : Read 5 bytes
2026-09-21 12:26:31,074 BTPWorkerThread-1061 (_rx_task) root DEBUG iutctl_common.py          131   read                      : Received: hdr: Header(svc_id=0x21, op=0x91, ctrl_index=0x00, data_len=0x00) bytearray(b'!\x91\x00\x00\x00')
2026-09-21 12:26:31,074 BTPWorkerThread-1061 (_rx_task) root DEBUG iutctl_common.py          154   read                      : Received data: {''}, bytearray(b'')
2026-09-21 12:26:31,075 BTPWorkerThread-1061 (_rx_task) root DEBUG btp.py                    704   event_handler             : Header(svc_id=33, op=145, ctrl_index=0, data_len=0) (b'',)
2026-09-21 12:26:31,075 BTPWorkerThread-1061 (_rx_task) root DEBUG opp.py                    583   opp_server_transport_disconnected_ev : b'' 0
2026-09-21 12:26:33,774 LT1-callback ClientCallback.log INFO client.py                 200   log                       : PTS_LOGTYPE_START_TEST Start Test Case 

+141 ms
 OPP/SR/OPH/BV-12-C OPP/SR/OPH/BV-12-C

2026-09-21 12:26:34,114 LT1-callback ClientCallback.log INFO client.py                 200   log                       : PTS_LOGTYPE_FINAL_VERDICT Final Verdict 

+42344 ms
 OPP/SR/OPH/BV-12-C PASS

2026-09-21 12:26:34,119 LT1-callback ClientCallback.log INFO client.py                 200   log                       : PTS_LOGTYPE_FINAL_VERDICT Encrypted Verdict 

+42344 ms
 OPP/SR/OPH/BV-12-C A1#ZWY4MzQ5MDg3MmQwNTIxOGQzMzQ5YjY2ODA5M2MzNjQ5ZDY4NmY0Yjc2MzIzM2VkNTUyNTFhNGU4Mjg1MjI0NA==#syE3gqkjOG/uj3RyuLTpJk1fndHHXMglYVjFmWVX3RHCPAGlxvGfX9Jq3fJVTyop

2026-09-21 12:26:34,123 LT1-callback ClientCallback.log INFO client.py                 200   log                       : PTS_LOGTYPE_END_TEST Test Case Ended 

+42344 ms
 OPP/SR/OPH/BV-12-C OPP/SR/OPH/BV-12-C

2026-09-21 12:26:34,206 LT1-callback root DEBUG client.py                 261   set_result                : ClientCallback, set_result, run_test_case, PASS
2026-09-21 12:26:34,206 LT1-thread root DEBUG client.py                 1186  _run_test_case            : After run_test_case error_code=0 status='PASS'
2026-09-21 12:26:34,206 LT1-thread root DEBUG testcase.py               766   post_run                  : post_run OPP OPP/SR/OPH/BV-12-C 0
2026-09-21 12:26:34,207 LT1-thread root DEBUG testcase.py               254   start                     : Starting test function: class=<class 'autopts.ptsprojects.testcase.TestFuncCleanUp'>, func=<bound method ZTestCase._test_case_cleanup of <autopts.ptsprojects.zephyr.ztestcase.ZTestCase object at 0x000001B5B54FD370>> start_wid=None stop_wid=None post_wid=None skip_call=None call_count=1 args=() kwds={}
2026-09-21 12:26:34,207 LT1-thread root DEBUG testcase.py               266   start                     : Test function parameters: args=(), kwds={}
2026-09-21 12:26:34,207 LT1-thread root DEBUG iutctl.py                 415   stop                      : <class 'autopts.ptsprojects.zephyr.iutctl.create_zephyr_ctl_class.<locals>.ZephyrCtl'>.stop
2026-09-21 12:26:34,207 LT1-thread root DEBUG __init__.py               51    reset                     : About to reset DUT: JLink -CommandFile reset.jlink -usb 1063214216 -device MIMXRT1176XXXA_M7
2026-09-21 12:26:34,511 BTPWorkerThread-1061 (_rx_task) root DEBUG iutctl_common.py          123   read                      : Read 5 bytes
2026-09-21 12:26:34,512 BTPWorkerThread-1061 (_rx_task) root DEBUG iutctl_common.py          131   read                      : Received: hdr: Header(svc_id=0x00, op=0x80, ctrl_index=0xff, data_len=0x00) bytearray(b'\x00\x80\xff\x00\x00')
2026-09-21 12:26:34,512 BTPWorkerThread-1061 (_rx_task) root DEBUG iutctl_common.py          154   read                      : Received data: {''}, bytearray(b'')
2026-09-21 12:26:34,512 BTPWorkerThread-1061 (_rx_task) root DEBUG btp.py                    704   event_handler             : Header(svc_id=0, op=128, ctrl_index=255, data_len=0) (b'',)
2026-09-21 12:26:34,512 BTPWorkerThread-1061 (_rx_task) root DEBUG core.py                   23    core_iut_ready_ev         : 
2026-09-21 12:26:34,589 LT1-thread root DEBUG iutctl.py                 436   _stop_tty_mode            : IUT ready event received OK
2026-09-21 12:26:34,589 LT1-thread root DEBUG iutctl_common.py          416   close                     : Waiting for _rx_worker to finish ...
2026-09-21 12:26:35,513 BTPWorkerThread-1061 (_rx_task) root DEBUG iutctl_common.py          332   _rx_task                  : BTPWorkerThread-1061 (_rx_task) finishing...
2026-09-21 12:26:38,520 LT1-thread root DEBUG testcase.py               794   post_run                  : post_run, cleanup running post test case script
2026-09-21 12:26:38,521 LT1-thread root DEBUG testcase.py               802   post_run                  : post_run, run post test case script
2026-09-21 12:26:38,601 LT1-thread root DEBUG client.py                 1220  _run_test_case            : Done TestCase _run_test_case OPP OPP/SR/OPH/BV-12-C
