07:37:48:603    > BTP_CORE_CMD_READ_SUPPORTED_SERVICES (0x00|0x02|0xff)
                  raw data (0): 00 02 ff 00 00|
07:37:48:640    < BTP_CORE_CMD_READ_SUPPORTED_SERVICES (0x00|0x02|0xff)
                  raw data (6): 00 02 ff 06 00|0f 00 00 a0 ff 03
07:37:48:652    > BTP_CORE_CMD_REGISTER_SERVICE (0x00|0x03|0xff)
                  raw data (1): 00 03 ff 01 00|01
07:37:52:778    < BTP_CORE_CMD_REGISTER_SERVICE (0x00|0x03|0xff)
                  raw data (0): 00 03 ff 00 00|
07:37:52:784    > BTP_GAP_CMD_READ_SUPPORTED_COMMANDS (0x01|0x01|0xff)
                  raw data (0): 01 01 ff 00 00|
07:37:52:843    < BTP_GAP_CMD_READ_SUPPORTED_COMMANDS (0x01|0x01|0xff)
                  raw data (7): 01 01 ff 07 00|6e ff 7f 1f fe ff 2e
07:37:52:855    > BTP_CORE_CMD_REGISTER_SERVICE (0x00|0x03|0xff)
                  raw data (3): 00 03 ff 01 00|03
07:37:52:882    < BTP_CORE_CMD_REGISTER_SERVICE (0x00|0x03|0xff)
                  raw data (0): 00 03 ff 00 00|
07:37:52:883    > BTP_L2CAP_CMD_READ_SUPPORTED_COMMANDS (0x03|0x01|0xff)
                  raw data (0): 03 01 ff 00 00|
07:37:52:956    < BTP_L2CAP_CMD_READ_SUPPORTED_COMMANDS (0x03|0x01|0xff)
                  raw data (2): 03 01 ff 02 00|be 1f
07:37:52:966    > BTP_GAP_CMD_READ_CONTROLLER_INFO (0x01|0x03|0x00)
                  raw data (0): 01 03 00 00 00|
07:37:53:030    < BTP_GAP_CMD_READ_CONTROLLER_INFO (0x01|0x03|0x00)
                  raw data (277): 
                  01 03 00 15 01|19 78 ee 69 17 d0 d3 06 02 00 13 
                  02 00 00 00 00 00 62 74 70 5f 74 65 73 74 65 72 
                  00 00 00 00 00 00 00 00 00 00 00 00 00 00 00 00 
                  00 00 00 00 00 00 00 00 00 00 00 00 00 00 00 00 
                  00 00 00 00 00 00 00 00 00 00 00 00 00 00 00 00 
                  00 00 00 00 00 00 00 00 00 00 00 00 00 00 00 00 
                  00 00 00 00 00 00 00 00 00 00 00 00 00 00 00 00 
                  00 00 00 00 00 00 00 00 00 00 00 00 00 00 00 00 
                  00 00 00 00 00 00 00 00 00 00 00 00 00 00 00 00 
                  00 00 00 00 00 00 00 00 00 00 00 00 00 00 00 00 
                  00 00 00 00 00 00 00 00 00 00 00 00 00 00 00 00 
                  00 00 00 00 00 00 00 00 00 00 00 00 00 00 00 00 
                  00 00 00 00 00 00 00 00 00 00 00 00 00 00 00 00 
                  00 00 00 00 00 00 00 00 00 00 00 00 00 00 00 00 
                  00 00 00 00 00 00 00 00 00 00 00 00 00 00 00 00 
                  00 00 00 00 00 00 00 00 00 00 00 00 00 00 00 00 
                  00 00 00 00 00 00 00 00 00 00 00 00 00 00 00 00 
                  00 00 00 00 00 00 00 00 00 00
07:37:53:080    > BTP_L2CAP_CMD_LISTEN (0x03|0x05|0x00)
                  raw data (7): 03 05 00 07 00|80 00 01 78 00 00 00
07:37:53:133    < BTP_L2CAP_CMD_LISTEN (0x03|0x05|0x00)
                  raw data (0): 03 05 00 00 00|
07:37:55:152    > BTP_GAP_CMD_CONNECT (0x01|0x0e|0x00)
                  raw data (8): 01 0e 00 08 00|00 4e e4 08 dc 1b 00 00
07:37:55:204    < BTP_GAP_CMD_CONNECT (0x01|0x0e|0x00)
                  raw data (0): 01 0e 00 00 00|
07:37:55:223    < BTP_GAP_EV_DEVICE_CONNECTED (0x01|0x82|0x00)
                  raw data (13): 
                  01 82 00 0d 00|00 4e e4 08 dc 1b 00 24 00 00 00 
                  90 01
07:37:56:265    < BTP_L2CAP_EV_CONNECTED (0x03|0x81|0x00)
                  raw data (18): 
                  03 81 00 12 00|00 bf 04 40 00 40 00 c0 00 60 00 
                  00 4e e4 08 dc 1b 00
07:37:58:215    > BTP_L2CAP_CMD_SEND_DATA (0x03|0x04|0x00)
                  raw data (4): 03 04 00 04 00|00 01 00 00
07:37:58:264    < BTP_L2CAP_CMD_SEND_DATA (0x03|0x04|0x00)
                  raw data (0): 03 04 00 00 00|
07:37:58:275    > BTP_L2CAP_CMD_SEND_DATA (0x03|0x04|0x00)
                  raw data (4): 03 04 00 04 00|00 01 00 00
07:37:58:317    < BTP_L2CAP_CMD_SEND_DATA (0x03|0x04|0x00)
                  raw data (0): 03 04 00 00 00|
07:37:58:322    > BTP_L2CAP_CMD_SEND_DATA (0x03|0x04|0x00)
                  raw data (4): 03 04 00 04 00|00 01 00 00
07:37:58:368    < BTP_L2CAP_CMD_SEND_DATA (0x03|0x04|0x00)
                  raw data (0): 03 04 00 00 00|
07:37:58:379    > BTP_L2CAP_CMD_SEND_DATA (0x03|0x04|0x00)
                  raw data (4): 03 04 00 04 00|00 01 00 00
07:37:58:433    < BTP_L2CAP_CMD_SEND_DATA (0x03|0x04|0x00)
                  raw data (0): 03 04 00 00 00|
07:37:58:439    > BTP_L2CAP_CMD_SEND_DATA (0x03|0x04|0x00)
                  raw data (4): 03 04 00 04 00|00 01 00 00
07:37:58:488    < BTP_L2CAP_CMD_SEND_DATA (0x03|0x04|0x00)
                  raw data (0): 03 04 00 00 00|
07:37:58:498    > BTP_L2CAP_CMD_SEND_DATA (0x03|0x04|0x00)
                  raw data (4): 03 04 00 04 00|00 01 00 00
07:37:58:546    < BTP_L2CAP_CMD_SEND_DATA (0x03|0x04|0x00)
                  raw data (0): 03 04 00 00 00|
07:37:58:552    > BTP_L2CAP_CMD_SEND_DATA (0x03|0x04|0x00)
                  raw data (4): 03 04 00 04 00|00 01 00 00
07:37:58:585    < BTP_L2CAP_EV_DISCONNECTED (0x03|0x82|0x00)
                  raw data (12): 
                  03 82 00 0c 00|00 00 00 00 00 00 4e e4 08 dc 1b 
                  00
07:37:58:601    < BTP_GAP_EV_DEVICE_DISCONNECTED (0x01|0x83|0x00)
                  raw data (7): 01 83 00 07 00|00 4e e4 08 dc 1b 00
07:37:58:617    < BTP_ERROR (0x03|0x00|0x00) Fail
                  raw data (1): 03 00 00 01 00 01
07:38:01:740    < BTP_CORE_EV_IUT_READY (0x00|0x80|0xff)
                  raw data (0): 00 80 ff 00 00|
